make[4]: Entering directory '/mnt/git-volume/linux-mainline'
make[5]: Entering directory '/mnt/git-volume/kernel-test-mainline/build/randdefconfig-x86_64'
*** Default configuration is based on 'x86_64_defconfig'
#
# configuration written to .config
#
make[5]: Leaving directory '/mnt/git-volume/kernel-test-mainline/build/randdefconfig-x86_64'
make[4]: Leaving directory '/mnt/git-volume/linux-mainline'
make[4]: Entering directory '/mnt/git-volume/linux-mainline'
make[5]: Entering directory '/mnt/git-volume/kernel-test-mainline/build/randdefconfig-x86_64'
.config:5466:warning: override: reassigning to symbol CLZ_TAB
.config:5467:warning: override: reassigning to symbol NET_VENDOR_MICROSOFT
.config:5468:warning: override: reassigning to symbol CRYPTO_MANAGER2
.config:5469:warning: override: reassigning to symbol RTC_INTF_PROC
.config:5470:warning: override: reassigning to symbol PCMCIA
.config:5471:warning: override: reassigning to symbol PREEMPT_LAZY
.config:5472:warning: override: reassigning to symbol NF_REJECT_IPV6
.config:5473:warning: override: reassigning to symbol TASK_DELAY_ACCT
.config:5474:warning: override: reassigning to symbol ARCH_SUPPORTS_KEXEC
.config:5475:warning: override: reassigning to symbol JOLIET
.config:5476:warning: override: reassigning to symbol INTEL_GTT
.config:5477:warning: override: reassigning to symbol HDMI
.config:5478:warning: override: reassigning to symbol SCHED_CACHE
.config:5479:warning: override: reassigning to symbol EVENTFD
.config:5480:warning: override: reassigning to symbol X86_REQUIRED_FEATURE_PSE
.config:5481:warning: override: reassigning to symbol ETHERNET
.config:5482:warning: override: reassigning to symbol HID_SUNPLUS
.config:5483:warning: override: reassigning to symbol PTDUMP
.config:5484:warning: override: reassigning to symbol GENERIC_SMP_IDLE_THREAD
.config:5485:warning: override: reassigning to symbol ARCH_WANTS_THP_SWAP
.config:5486:warning: override: reassigning to symbol GCC_ASM_GOTO_OUTPUT_BROKEN
.config:5487:warning: override: reassigning to symbol NET_VENDOR_HUAWEI
.config:5488:warning: override: reassigning to symbol INPUT_KEYBOARD
.config:5489:warning: override: reassigning to symbol GENERIC_CPU_VULNERABILITIES
.config:5490:warning: override: reassigning to symbol PROC_VMCORE
.config:5491:warning: override: reassigning to symbol MQ_IOSCHED_KYBER
.config:5492:warning: override: reassigning to symbol VT
.config:5493:warning: override: reassigning to symbol FAIR_GROUP_SCHED
.config:5494:warning: override: reassigning to symbol SMP
.config:5495:warning: override: reassigning to symbol HAVE_ARCH_TRACEHOOK
.config:5496:warning: override: reassigning to symbol NET_PTP_CLASSIFY
.config:5497:warning: override: reassigning to symbol SND_PCMCIA
.config:5498:warning: override: reassigning to symbol LOCKD
.config:5499:warning: override: reassigning to symbol CRYPTO_RSA
.config:5500:warning: override: reassigning to symbol ARCH_HAS_ELFCORE_COMPAT
.config:5501:warning: override: reassigning to symbol ARCH_CLOCKSOURCE_INIT
.config:5502:warning: override: reassigning to symbol ARCH_USES_HIGH_VMA_FLAGS
.config:5503:warning: override: reassigning to symbol DRM_DISPLAY_HELPER
.config:5504:warning: override: reassigning to symbol CRYPTO_LIB_GF128HASH_ARCH
.config:5505:warning: override: reassigning to symbol GENERIC_CLOCKEVENTS_MIN_ADJUST
.config:5506:warning: override: reassigning to symbol FIB_RULES
.config:5507:warning: override: reassigning to symbol INPUT_VIVALDIFMAP
.config:5508:warning: override: reassigning to symbol UNIX98_PTYS
.config:5509:warning: override: reassigning to symbol NET_VENDOR_AGERE
.config:5510:warning: override: reassigning to symbol INIT_STACK_ALL_ZERO
.config:5511:warning: override: reassigning to symbol HAVE_ARCH_KMSAN
.config:5512:warning: override: reassigning to symbol X86_64
.config:5513:warning: override: reassigning to symbol NET_IP_TUNNEL
.config:5514:warning: override: reassigning to symbol HAVE_UID16
.config:5515:warning: override: reassigning to symbol SURFACE_PLATFORMS
.config:5516:warning: override: reassigning to symbol PCIE_PME
.config:5517:warning: override: reassigning to symbol X86_PM_TIMER
.config:5518:warning: override: reassigning to symbol CGROUP_FREEZER
.config:5519:warning: override: reassigning to symbol CARDBUS
.config:5520:warning: override: reassigning to symbol COMPACTION
.config:5521:warning: override: reassigning to symbol HAVE_NMI
.config:5522:warning: override: reassigning to symbol X86_MCE_AMD
.config:5523:warning: override: reassigning to symbol INSTRUCTION_DECODER
.config:5524:warning: override: reassigning to symbol NF_REJECT_IPV4
.config:5525:warning: override: reassigning to symbol X86_DISABLED_FEATURE_LAM
.config:5526:warning: override: reassigning to symbol HAVE_DYNAMIC_FTRACE_WITH_REGS
.config:5527:warning: override: reassigning to symbol ARCH_HAS_KCOV
.config:5528:warning: override: reassigning to symbol X86_UMIP
.config:5529:warning: override: reassigning to symbol HAVE_HW_BREAKPOINT
.config:5530:warning: override: reassigning to symbol WLAN_VENDOR_ATH
.config:5531:warning: override: reassigning to symbol NET_VENDOR_ALACRITECH
.config:5532:warning: override: reassigning to symbol GENERIC_STRNCPY_FROM_USER
.config:5533:warning: override: reassigning to symbol PM_SLEEP_DEBUG
.config:5534:warning: override: reassigning to symbol HAVE_ARCH_MMAP_RND_BITS
.config:5535:warning: override: reassigning to symbol SERIAL_EARLYCON
.config:5536:warning: override: reassigning to symbol SND_TIMER
.config:5537:warning: override: reassigning to symbol X86_CX8
.config:5538:warning: override: reassigning to symbol PROC_KCORE
.config:5539:warning: override: reassigning to symbol ACPI_VIDEO
.config:5540:warning: override: reassigning to symbol NETFILTER_SKIP_EGRESS
.config:5541:warning: override: reassigning to symbol NET_VENDOR_AQUANTIA
.config:5542:warning: override: reassigning to symbol KPROBE_EVENTS
.config:5543:warning: override: reassigning to symbol INITRAMFS_PRESERVE_MTIME
.config:5544:warning: override: reassigning to symbol BLK_DEV_INITRD
.config:5545:warning: override: reassigning to symbol CGROUP_DEVICE
.config:5546:warning: override: reassigning to symbol CC_HAS_ZERO_CALL_USED_REGS
.config:5547:warning: override: reassigning to symbol SCREEN_INFO
.config:5548:warning: override: reassigning to symbol DECOMPRESS_LZO
.config:5549:warning: override: reassigning to symbol GLOB
.config:5550:warning: override: reassigning to symbol MODULES
.config:5551:warning: override: reassigning to symbol AS_HAS_NON_CONST_ULEB128
.config:5552:warning: override: reassigning to symbol DMA_ENGINE
.config:5553:warning: override: reassigning to symbol NF_LOG_ARP
.config:5554:warning: override: reassigning to symbol PCCARD
.config:5555:warning: override: reassigning to symbol MITIGATION_TSA
.config:5556:warning: override: reassigning to symbol SERIAL_8250_SHARE_IRQ
.config:5557:warning: override: reassigning to symbol ARCH_DMA_ADDR_T_64BIT
.config:5558:warning: override: reassigning to symbol IP_ROUTE_VERBOSE
.config:5559:warning: override: reassigning to symbol SERIO_LIBPS2
.config:5560:warning: override: reassigning to symbol ARCH_HAS_ELF_RANDOMIZE
.config:5561:warning: override: reassigning to symbol ACPI
.config:5562:warning: override: reassigning to symbol MD_BITMAP
.config:5563:warning: override: reassigning to symbol ARCH_HAS_PTDUMP
.config:5564:warning: override: reassigning to symbol RELOCATABLE
.config:5565:warning: override: reassigning to symbol EFI_RUNTIME_WRAPPERS
.config:5566:warning: override: reassigning to symbol LOCK_DEBUGGING_SUPPORT
.config:5567:warning: override: reassigning to symbol NETFILTER_XT_MARK
.config:5568:warning: override: reassigning to symbol BCMA_POSSIBLE
.config:5569:warning: override: reassigning to symbol BLK_RQ_ALLOC_TIME
.config:5570:warning: override: reassigning to symbol CC_HAS_AUTO_VAR_INIT_ZERO_BARE
.config:5571:warning: override: reassigning to symbol STACKPROTECTOR
.config:5572:warning: override: reassigning to symbol LZ4_COMPRESS
.config:5573:warning: override: reassigning to symbol NFS_V3
.config:5574:warning: override: reassigning to symbol BLK_DEV_DM_BUILTIN
.config:5575:warning: override: reassigning to symbol TICK_ONESHOT
.config:5576:warning: override: reassigning to symbol GENERIC_CLOCKEVENTS_COUPLED
.config:5577:warning: override: reassigning to symbol ARCH_WANT_HUGE_PMD_SHARE
.config:5578:warning: override: reassigning to symbol NETFILTER_XT_MATCH_STATE
.config:5579:warning: override: reassigning to symbol CRYPTO_KRB5ENC
.config:5580:warning: override: reassigning to symbol HYPERVISOR_GUEST
.config:5581:warning: override: reassigning to symbol PADATA
.config:5582:warning: override: reassigning to symbol X86_BUS_LOCK_DETECT
.config:5583:warning: override: reassigning to symbol POSIX_MQUEUE
.config:5584:warning: override: reassigning to symbol LZ4_DECOMPRESS
.config:5585:warning: override: reassigning to symbol NET_INGRESS
.config:5586:warning: override: reassigning to symbol CALL_PADDING
.config:5587:warning: override: reassigning to symbol NEED_SG_DMA_FLAGS
.config:5588:warning: override: reassigning to symbol X86_TSC
.config:5589:warning: override: reassigning to symbol DRM_TTM
.config:5590:warning: override: reassigning to symbol ARCH_VMLINUX_NEEDS_RELOCS
.config:5591:warning: override: reassigning to symbol HAVE_ARCH_SECCOMP_FILTER
.config:5592:warning: override: reassigning to symbol WLAN_VENDOR_TI
.config:5593:warning: override: reassigning to symbol PCPU_DEV_REFCNT
.config:5594:warning: override: reassigning to symbol PARAVIRT
.config:5595:warning: override: reassigning to symbol ARCH_HAS_NON_OVERLAPPING_ADDRESS_SPACE
.config:5596:warning: override: reassigning to symbol HAVE_UNWIND_USER_FP
.config:5597:warning: override: reassigning to symbol PTP_1588_CLOCK_OPTIONAL
.config:5598:warning: override: reassigning to symbol VIRTIO_ANCHOR
.config:5599:warning: override: reassigning to symbol NET_VENDOR_LITEX
.config:5600:warning: override: reassigning to symbol VIRTUALIZATION
.config:5601:warning: override: reassigning to symbol NET_VENDOR_MICROSEMI
.config:5602:warning: override: reassigning to symbol HAVE_FTRACE_REGS_HAVING_PT_REGS
.config:5603:warning: override: reassigning to symbol ARCH_HAVE_NMI_SAFE_CMPXCHG
.config:5604:warning: override: reassigning to symbol EFI_STUB
.config:5605:warning: override: reassigning to symbol INPUT
.config:5606:warning: override: reassigning to symbol NET_VENDOR_REALTEK
.config:5607:warning: override: reassigning to symbol ATA_BMDMA
.config:5608:warning: override: reassigning to symbol CPU_RMAP
.config:5609:warning: override: reassigning to symbol PROC_EVENTS
.config:5610:warning: override: reassigning to symbol HAVE_PERF_EVENTS_NMI
.config:5611:warning: override: reassigning to symbol NET_SCH_FIFO
.config:5612:warning: override: reassigning to symbol CRYPTO_ALGAPI
.config:5613:warning: override: reassigning to symbol NET_VENDOR_RDC
.config:5614:warning: override: reassigning to symbol APERTURE_HELPERS
.config:5615:warning: override: reassigning to symbol KEYS
.config:5616:warning: override: reassigning to symbol ARCH_SUSPEND_POSSIBLE
.config:5617:warning: override: reassigning to symbol IOMMU_IOPF
.config:5618:warning: override: reassigning to symbol GENERIC_ISA_DMA
.config:5619:warning: override: reassigning to symbol PM
.config:5620:warning: override: reassigning to symbol PAGE_COUNTER
.config:5621:warning: override: reassigning to symbol GENERIC_NET_UTILS
.config:5622:warning: override: reassigning to symbol HSU_DMA
.config:5623:warning: override: reassigning to symbol INTEL_MEI_ME
.config:5624:warning: override: reassigning to symbol PCI_ATS
.config:5625:warning: override: reassigning to symbol UNIX
.config:5626:warning: override: reassigning to symbol NET_EMATCH
.config:5627:warning: override: reassigning to symbol EFI_EARLYCON
.config:5628:warning: override: reassigning to symbol HAVE_FUNCTION_ARG_ACCESS_API
.config:5629:warning: override: reassigning to symbol HAVE_NOINSTR_HACK
.config:5630:warning: override: reassigning to symbol VFAT_FS
.config:5631:warning: override: reassigning to symbol ATA_PIIX
.config:5632:warning: override: reassigning to symbol ARCH_HAS_CPU_FINALIZE_INIT
.config:5633:warning: override: reassigning to symbol SECCOMP_FILTER
.config:5634:warning: override: reassigning to symbol PAGE_POOL
.config:5635:warning: override: reassigning to symbol X86_DISABLED_FEATURE_XENPV
.config:5636:warning: override: reassigning to symbol SYSCTL_EXCEPTION_TRACE
.config:5637:warning: override: reassigning to symbol NET_VENDOR_HISILICON
.config:5638:warning: override: reassigning to symbol X86_REQUIRED_FEATURE_PAE
.config:5639:warning: override: reassigning to symbol DRM_PANEL
.config:5640:warning: override: reassigning to symbol HOTPLUG_SPLIT_STARTUP
.config:5641:warning: override: reassigning to symbol RTC_NVMEM
.config:5642:warning: override: reassigning to symbol HAVE_GENERIC_TIF_BITS
.config:5643:warning: override: reassigning to symbol TMPFS
.config:5644:warning: override: reassigning to symbol DRM_DISPLAY_HDCP_HELPER
.config:5645:warning: override: reassigning to symbol MSDOS_FS
.config:5646:warning: override: reassigning to symbol RCU_STALL_COMMON
.config:5647:warning: override: reassigning to symbol COMPAT_BINFMT_ELF
.config:5648:warning: override: reassigning to symbol RTC_INTF_SYSFS
.config:5649:warning: override: reassigning to symbol CPU_FREQ_GOV_COMMON
.config:5650:warning: override: reassigning to symbol NEED_SG_DMA_LENGTH
.config:5651:warning: override: reassigning to symbol 8139TOO_PIO
.config:5652:warning: override: reassigning to symbol ACPI_DEBUG
.config:5653:warning: override: reassigning to symbol HWMON
.config:5654:warning: override: reassigning to symbol GENERIC_BUG_RELATIVE_POINTERS
.config:5655:warning: override: reassigning to symbol CFG80211_USE_KERNEL_REGDB_KEYS
.config:5656:warning: override: reassigning to symbol EFI_HANDOVER_PROTOCOL
.config:5657:warning: override: reassigning to symbol DQL
.config:5658:warning: override: reassigning to symbol PAGE_SIZE_LESS_THAN_64KB
.config:5659:warning: override: reassigning to symbol PGTABLE_HAS_HUGE_LEAVES
.config:5660:warning: override: reassigning to symbol NET_VENDOR_MUCSE
.config:5661:warning: override: reassigning to symbol X86_DISABLED_FEATURE_VME
.config:5662:warning: override: reassigning to symbol EPROBE_EVENTS
.config:5663:warning: override: reassigning to symbol AMD_NB
.config:5664:warning: override: reassigning to symbol BLOCK_LEGACY_AUTOLOAD
.config:5665:warning: override: reassigning to symbol RANDOMIZE_MEMORY
.config:5666:warning: override: reassigning to symbol ASYNC_KERNEL_PGTABLE_FREE
.config:5667:warning: override: reassigning to symbol USB_NET_DRIVERS
.config:5668:warning: override: reassigning to symbol 9P_FS
.config:5669:warning: override: reassigning to symbol UNINLINE_SPIN_UNLOCK
.config:5670:warning: override: reassigning to symbol HAVE_KPROBES_ON_FTRACE
.config:5671:warning: override: reassigning to symbol SATA_AHCI
.config:5672:warning: override: reassigning to symbol RD_LZ4
.config:5673:warning: override: reassigning to symbol ARCH_HAS_KERNEL_FPU_SUPPORT
.config:5674:warning: override: reassigning to symbol SLUB_DEBUG
.config:5675:warning: override: reassigning to symbol XFRM_AH
.config:5676:warning: override: reassigning to symbol CRYPTO_LIB_SHA256
.config:5677:warning: override: reassigning to symbol SECURITY_NETWORK
.config:5678:warning: override: reassigning to symbol INPUT_JOYSTICK
.config:5679:warning: override: reassigning to symbol NF_CT_NETLINK
.config:5680:warning: override: reassigning to symbol PHYLIB
.config:5681:warning: override: reassigning to symbol X86_VSYSCALL_EMULATION
.config:5682:warning: override: reassigning to symbol BLK_CGROUP
.config:5683:warning: override: reassigning to symbol CPU_SUP_INTEL
.config:5684:warning: override: reassigning to symbol HAVE_IRQ_EXIT_ON_IRQ_STACK
.config:5685:warning: override: reassigning to symbol SND_INTEL_SOUNDWIRE_ACPI
.config:5686:warning: override: reassigning to symbol HID_PID
.config:5687:warning: override: reassigning to symbol FILE_LOCKING
.config:5688:warning: override: reassigning to symbol CRYPTO_GENIV
.config:5689:warning: override: reassigning to symbol HVC_DRIVER
.config:5690:warning: override: reassigning to symbol MITIGATION_ITS
.config:5691:warning: override: reassigning to symbol SCHED_MC_PRIO
.config:5692:warning: override: reassigning to symbol HAVE_CMPXCHG_DOUBLE
.config:5693:warning: override: reassigning to symbol SCHED_MM_CID
.config:5694:warning: override: reassigning to symbol CFG80211_REQUIRE_SIGNED_REGDB
.config:5695:warning: override: reassigning to symbol MOUSE_PS2_SMBUS
.config:5696:warning: override: reassigning to symbol ARCH_HAS_GENERIC_CRASHKERNEL_RESERVATION
.config:5697:warning: override: reassigning to symbol SERIAL_8250_MID
.config:5698:warning: override: reassigning to symbol CRASH_RESERVE
.config:5699:warning: override: reassigning to symbol HAVE_LIVEPATCH
.config:5700:warning: override: reassigning to symbol X86_CMOV
.config:5701:warning: override: reassigning to symbol BRANCH_PROFILE_NONE
.config:5702:warning: override: reassigning to symbol DRM_KMS_HELPER
.config:5703:warning: override: reassigning to symbol XFRM_ESP
.config:5704:warning: override: reassigning to symbol PANTHERLORD_FF
.config:5705:warning: override: reassigning to symbol NET_CORE
.config:5706:warning: override: reassigning to symbol HAVE_ARCH_HUGE_VMALLOC
.config:5707:warning: override: reassigning to symbol HIBERNATE_CALLBACKS
.config:5708:warning: override: reassigning to symbol MULTIUSER
.config:5709:warning: override: reassigning to symbol CRYPTO_ACOMP2
.config:5710:warning: override: reassigning to symbol HAVE_ACPI_APEI
.config:5711:warning: override: reassigning to symbol WLAN_VENDOR_SILABS
.config:5712:warning: override: reassigning to symbol CFG80211_CRDA_SUPPORT
.config:5713:warning: override: reassigning to symbol ACPI_HOTPLUG_CPU
.config:5714:warning: override: reassigning to symbol CALL_THUNKS
.config:5715:warning: override: reassigning to symbol HID_PANTHERLORD
.config:5716:warning: override: reassigning to symbol HOTPLUG_CORE_SYNC_DEAD
.config:5717:warning: override: reassigning to symbol THERMAL
.config:5718:warning: override: reassigning to symbol CRYPTO_CAMELLIA
.config:5719:warning: override: reassigning to symbol HAVE_ARCH_MMAP_RND_COMPAT_BITS
.config:5720:warning: override: reassigning to symbol CRYPTO_HASH_INFO
.config:5721:warning: override: reassigning to symbol MOUSE_PS2_LIFEBOOK
.config:5722:warning: override: reassigning to symbol MITIGATION_SSB
.config:5723:warning: override: reassigning to symbol RD_LZMA
.config:5724:warning: override: reassigning to symbol TCP_MD5SIG
.config:5725:warning: override: reassigning to symbol PARAVIRT_CLOCK
.config:5726:warning: override: reassigning to symbol NETFILTER_XT_TARGET_CONNSECMARK
.config:5727:warning: override: reassigning to symbol ARCH_CORRECT_STACKTRACE_ON_KRETPROBE
.config:5728:warning: override: reassigning to symbol SCSI_CONSTANTS
.config:5729:warning: override: reassigning to symbol PCSPKR_PLATFORM
.config:5730:warning: override: reassigning to symbol NET_VENDOR_QLOGIC
.config:5731:warning: override: reassigning to symbol ARCH_HAS_MEMBARRIER_SYNC_CORE
.config:5732:warning: override: reassigning to symbol CRYPTO_SKCIPHER2
.config:5733:warning: override: reassigning to symbol HAVE_FUNCTION_TRACER
.config:5734:warning: override: reassigning to symbol BLK_MQ_STACKING
.config:5735:warning: override: reassigning to symbol BINFMT_ELF
.config:5736:warning: override: reassigning to symbol NUMA_MIGRATION
.config:5737:warning: override: reassigning to symbol SBITMAP
.config:5738:warning: override: reassigning to symbol SERIAL_8250_EXAR
.config:5739:warning: override: reassigning to symbol USB_PCI
.config:5740:warning: override: reassigning to symbol NET_VENDOR_VERTEXCOM
.config:5741:warning: override: reassigning to symbol PNP
.config:5742:warning: override: reassigning to symbol BINARY_PRINTF
.config:5743:warning: override: reassigning to symbol INTEL_TCC
.config:5744:warning: override: reassigning to symbol HAVE_CONTEXT_TRACKING_USER_OFFSTACK
.config:5745:warning: override: reassigning to symbol PCCARD_NONSTATIC
.config:5746:warning: override: reassigning to symbol SGL_ALLOC
.config:5747:warning: override: reassigning to symbol FONT_AUTOSELECT
.config:5748:warning: override: reassigning to symbol BLK_CGROUP_IOLATENCY
.config:5749:warning: override: reassigning to symbol NF_NAT_FTP
.config:5750:warning: override: reassigning to symbol CRC32_ARCH
.config:5751:warning: override: reassigning to symbol ARCH_USE_MEMREMAP_PROT
.config:5752:warning: override: reassigning to symbol WLAN_VENDOR_MARVELL
.config:5753:warning: override: reassigning to symbol AMD_IOMMU
.config:5754:warning: override: reassigning to symbol NETWORK_FILESYSTEMS
.config:5755:warning: override: reassigning to symbol JUMP_LABEL
.config:5756:warning: override: reassigning to symbol WLAN
.config:5757:warning: override: reassigning to symbol TCP_CONG_CUBIC
.config:5758:warning: override: reassigning to symbol X86_DEBUG_FPU
.config:5759:warning: override: reassigning to symbol ARCH_STACKWALK
.config:5760:warning: override: reassigning to symbol ARCH_SUPPORTS_KEXEC_SIG
.config:5761:warning: override: reassigning to symbol ADVISE_SYSCALLS
.config:5762:warning: override: reassigning to symbol MAC80211_LEDS
.config:5763:warning: override: reassigning to symbol GCC_NO_STRINGOP_OVERFLOW
.config:5764:warning: override: reassigning to symbol HAVE_ARCH_HUGE_VMAP
.config:5765:warning: override: reassigning to symbol ARCH_SUPPORTS_CRASH_HOTPLUG
.config:5779:warning: override: reassigning to symbol PRINTK
.config:5783:warning: override: reassigning to symbol TTY
.config:5786:warning: override: reassigning to symbol BLK_DEV_INITRD
.config:5787:warning: override: reassigning to symbol RD_GZIP
.config:5790:warning: override: reassigning to symbol BINFMT_ELF
.config:5791:warning: override: reassigning to symbol BINFMT_SCRIPT
.config:5794:warning: override: reassigning to symbol TMPFS
.config:5797:warning: override: reassigning to symbol KERNEL_GZIP
.config:5800:warning: override: reassigning to symbol DRM
.config:5801:warning: override: reassigning to symbol SOUND
.config:5802:warning: override: reassigning to symbol STAGING
.config:5803:warning: override: reassigning to symbol INFINIBAND
.config:5804:warning: override: reassigning to symbol MEDIA_SUPPORT
.config:5806:warning: override: reassigning to symbol SERIAL_8250
.config:5807:warning: override: reassigning to symbol SERIAL_8250_CONSOLE
#
# configuration written to .config
#
make[5]: Leaving directory '/mnt/git-volume/kernel-test-mainline/build/randdefconfig-x86_64'
make[4]: Leaving directory '/mnt/git-volume/linux-mainline'
make[4]: Entering directory '/mnt/git-volume/linux-mainline'
make[5]: Entering directory '/mnt/git-volume/kernel-test-mainline/build/randdefconfig-x86_64'
  SYNC    include/config/auto.conf.cmd
  UPD     arch/x86/include/generated/asm/cpufeaturemasks.h
  DESCEND objtool
  HOSTCC  scripts/sorttable.o
  HOSTLD  scripts/sorttable
  CC      scripts/mod/empty.o
  CC      scripts/mod/devicetable-offsets.s
  MKELF   scripts/mod/elfconfig.h
  HOSTCC  scripts/mod/modpost.o
  HOSTCC  scripts/mod/sumversion.o
  HOSTCC  scripts/mod/symsearch.o
  HOSTCC  scripts/mod/file2alias.o
  HOSTLD  scripts/mod/modpost
  CC      kernel/bounds.s
  UPD     include/generated/bounds.h
  CC      arch/x86/kernel/asm-offsets.s
  UPD     include/generated/asm-offsets.h
  CC      kernel/sched/rq-offsets.s
  UPD     include/generated/rq-offsets.h
  CALL    /mnt/git-volume/linux-mainline/scripts/checksyscalls.sh 
  GEN     usr/initramfs_data.cpio
  AS      arch/x86/boot/startup/la57toggle.o
  COPY    usr/initramfs_inc_data
  AS      usr/initramfs_data.o
  CC      init/main.o
  CC      arch/x86/boot/startup/gdt_idt.o
  AR      usr/built-in.a
  CC      arch/x86/boot/startup/map_kernel.o
  CC      kernel/fork.o
  CC      kernel/exec_domain.o
  AR      arch/x86/boot/startup/lib.a
  OBJCOPY arch/x86/boot/startup/gdt_idt.pi.o
  OBJCOPY arch/x86/boot/startup/map_kernel.pi.o
  AR      arch/x86/boot/startup/built-in.a
  AS      arch/x86/entry/entry.o
  AS      arch/x86/entry/entry_64.o
  CC      arch/x86/entry/syscall_64.o
  CC      kernel/exec_state.o
  UPD     init/utsversion-tmp.h
  CC      init/do_mounts.o
  CC      kernel/panic.o
  CC      arch/x86/entry/common.o
  CC      kernel/cpu.o
  CC      kernel/exit.o
  CC      arch/x86/entry/vdso/vma.o
  CC      init/do_mounts_initrd.o
  CC      kernel/softirq.o
  CC      arch/x86/entry/vdso/extable.o
  CC      init/initramfs.o
  CC      arch/x86/entry/vdso/vdso32-setup.o
  LDS     arch/x86/entry/vdso/vdso64/vdso64.lds
  CC      arch/x86/entry/vdso/vdso64/vclock_gettime.o
  CC      kernel/resource.o
  LDS     arch/x86/entry/vdso/vdso32/vdso32.lds
  AS      arch/x86/entry/vdso/vdso32/note.o
  CC      arch/x86/entry/vdso/vdso64/vgetcpu.o
  CC      arch/x86/entry/vdso/vdso32/vclock_gettime.o
  CC      init/calibrate.o
  CC      arch/x86/entry/vdso/vdso64/vgetrandom.o
  AS      arch/x86/entry/vdso/vdso64/vgetrandom-chacha.o
  CC      arch/x86/entry/vdso/vdso64/vfutex.o
  VDSO    arch/x86/entry/vdso/vdso64/vdso64.so.dbg
  OBJCOPY arch/x86/entry/vdso/vdso64/vdso64.so
  VDSO2C  arch/x86/entry/vdso/vdso64/vdso64-image.c
  CC      arch/x86/entry/vdso/vdso64/vdso64-image.o
  CC      init/init_task.o
  CC      arch/x86/entry/vdso/vdso32/vgetcpu.o
  AR      arch/x86/entry/vdso/vdso64/built-in.a
  AS      arch/x86/entry/vdso/vdso32/system_call.o
  AS      arch/x86/entry/vdso/vdso32/sigreturn.o
  CC      arch/x86/entry/vdso/vdso32/vfutex.o
  CC      kernel/sysctl.o
  VDSO    arch/x86/entry/vdso/vdso32/vdso32.so.dbg
  OBJCOPY arch/x86/entry/vdso/vdso32/vdso32.so
  VDSO2C  arch/x86/entry/vdso/vdso32/vdso32-image.c
  CC      arch/x86/entry/vdso/vdso32/vdso32-image.o
  CC      kernel/capability.o
  AR      arch/x86/entry/vdso/vdso32/built-in.a
  AR      arch/x86/entry/vdso/built-in.a
  CC      arch/x86/entry/vsyscall/vsyscall_64.o
  CC      init/version.o
  CC      kernel/ptrace.o
  AR      init/built-in.a
  CC      certs/system_keyring.o
  CC      kernel/user.o
  AS      arch/x86/entry/vsyscall/vsyscall_emu_64.o
  AR      arch/x86/entry/vsyscall/built-in.a
  AS      arch/x86/entry/thunk.o
  AS      arch/x86/entry/entry_64_compat.o
  CC      arch/x86/entry/syscall_32.o
  AS      certs/system_certificates.o
  AR      certs/built-in.a
  CC      kernel/signal.o
  CC      mm/filemap.o
  CC      fs/open.o
  AR      arch/x86/entry/built-in.a
  CC      arch/x86/events/core.o
  CC      fs/read_write.o
  CC      kernel/sys.o
  CC      mm/mempool.o
  CC      arch/x86/events/probe.o
  CC      arch/x86/events/utils.o
  CC      mm/oom_kill.o
  CC      arch/x86/events/rapl.o
  CC      fs/file_table.o
  CC      kernel/umh.o
  CC      arch/x86/events/amd/core.o
  CC      mm/fadvise.o
  CC      fs/super.o
  CC      kernel/workqueue.o
  CC      mm/maccess.o
  CC      arch/x86/events/amd/lbr.o
  CC      fs/char_dev.o
  CC      mm/page-writeback.o
  CC      arch/x86/events/amd/ibs.o
  CC      fs/stat.o
  CC      kernel/pid.o
  CC      arch/x86/events/amd/uncore.o
  CC      fs/exec.o
  CC      mm/folio-compat.o
  CC      kernel/task_work.o
  AR      arch/x86/events/amd/built-in.a
  CC      arch/x86/events/msr.o
  CC      mm/readahead.o
  CC      kernel/extable.o
  CC      fs/pipe.o
  CC      arch/x86/events/intel/core.o
  CC      mm/swap.o
  CC      kernel/params.o
  CC      fs/namei.o
  CC      kernel/kthread.o
  CC      mm/truncate.o
  CC      mm/vmscan.o
  CC      kernel/sys_ni.o
  CC      arch/x86/events/intel/bts.o
  CC      kernel/nsproxy.o
  CC      fs/fcntl.o
  CC      arch/x86/events/intel/ds.o
  CC      kernel/nstree.o
  CC      fs/ioctl.o
  CC      mm/shrinker.o
  CC      kernel/nscommon.o
  CC      fs/readdir.o
  CC      mm/shmem.o
  CC      kernel/notifier.o
  CC      arch/x86/events/intel/knc.o
  CC      arch/x86/events/intel/lbr.o
  CC      fs/select.o
  CC      kernel/ksysfs.o
  CC      kernel/cred.o
  CC      arch/x86/events/intel/p4.o
  CC      mm/util.o
  CC      fs/dcache.o
  CC      kernel/reboot.o
  CC      arch/x86/events/intel/p6.o
  CC      mm/mmzone.o
  CC      kernel/async.o
  CC      arch/x86/events/intel/pt.o
  CC      mm/vmstat.o
  CC      fs/inode.o
  CC      kernel/range.o
  CC      kernel/smpboot.o
  CC      mm/backing-dev.o
  CC      arch/x86/events/intel/uncore.o
  CC      kernel/ucount.o
  CC      kernel/regset.o
  CC      mm/mm_init.o
  CC      kernel/ksyms_common.o
  CC      fs/attr.o
  CC      arch/x86/events/intel/uncore_nhmex.o
  CC      kernel/groups.o
  CC      fs/bad_inode.o
  CC      mm/percpu.o
  CC      fs/file.o
  CC      arch/x86/events/intel/uncore_snb.o
  CC      kernel/sched/core.o
  CC      arch/x86/events/intel/uncore_snbep.o
  CC      mm/slab_common.o
  CC      fs/filesystems.o
  CC      fs/namespace.o
  CC      arch/x86/events/intel/uncore_discovery.o
  CC      mm/compaction.o
  CC      kernel/sched/fair.o
  CC      mm/show_mem.o
  CC      arch/x86/events/intel/cstate.o
  AR      arch/x86/events/intel/built-in.a
  CC      fs/seq_file.o
  CC      arch/x86/events/zhaoxin/core.o
  CC      mm/interval_tree.o
  CC      mm/list_lru.o
  CC      fs/xattr.o
  AR      arch/x86/events/zhaoxin/built-in.a
  AR      arch/x86/events/built-in.a
  CC      arch/x86/realmode/init.o
  CC      kernel/sched/build_policy.o
  AS      arch/x86/realmode/rm/header.o
  CC      mm/workingset.o
  AS      arch/x86/realmode/rm/trampoline_64.o
  AS      arch/x86/realmode/rm/stack.o
  AS      arch/x86/realmode/rm/reboot.o
  PASYMS  arch/x86/realmode/rm/pasyms.h
  LDS     arch/x86/realmode/rm/realmode.lds
  LD      arch/x86/realmode/rm/realmode.elf
  RELOCS  arch/x86/realmode/rm/realmode.relocs
  OBJCOPY arch/x86/realmode/rm/realmode.bin
  AS      arch/x86/realmode/rmpiggy.o
  AR      arch/x86/realmode/built-in.a
  AS      arch/x86/kernel/head_64.o
  CC      arch/x86/kernel/head64.o
  CC      fs/libfs.o
  CC      mm/debug.o
  CC      arch/x86/kernel/ebda.o
  CC      arch/x86/kernel/platform-quirks.o
  CC      mm/gup.o
  CC      fs/fs-writeback.o
  CC      arch/x86/kernel/process_64.o
  CC      kernel/sched/build_utility.o
  CC      arch/x86/kernel/signal.o
  CC      mm/mmap_lock.o
  CC      fs/pnode.o
  CC      arch/x86/kernel/signal_64.o
  CC      mm/vma_init.o
  CC      fs/splice.o
  CC      arch/x86/kernel/traps.o
  AR      kernel/sched/built-in.a
  CC      kernel/locking/mutex.o
  CC      mm/highmem.o
  CC      fs/sync.o
  CC      arch/x86/kernel/idt.o
  CC      mm/memory.o
  CC      kernel/locking/semaphore.o
  CC      fs/utimes.o
  CC      arch/x86/kernel/irq.o
  CC      kernel/locking/rwsem.o
  CC      fs/d_path.o
  CC      kernel/locking/percpu-rwsem.o
  CC      arch/x86/kernel/irq_64.o
  CC      fs/stack.o
  CC      kernel/locking/rtmutex_api.o
  CC      arch/x86/kernel/dumpstack_64.o
  CC      mm/mincore.o
  CC      fs/fs_struct.o
  CC      arch/x86/kernel/time.o
  AR      kernel/locking/built-in.a
  CC      kernel/power/qos.o
  CC      arch/x86/kernel/ioport.o
  CC      fs/statfs.o
  CC      mm/mlock.o
  CC      kernel/power/main.o
  CC      arch/x86/kernel/dumpstack.o
  CC      fs/fs_pin.o
  CC      mm/mmap.o
  CC      arch/x86/kernel/nmi.o
  CC      fs/nsfs.o
  CC      kernel/power/console.o
  CC      kernel/power/process.o
  CC      arch/x86/kernel/ldt.o
  CC      fs/fs_dirent.o
  CC      mm/mmu_gather.o
  CC      fs/fs_context.o
  CC      kernel/power/suspend.o
  AS      arch/x86/kernel/ibt_selftest.o
  CC      arch/x86/kernel/setup.o
  CC      mm/mprotect.o
  CC      fs/fs_parser.o
  CC      kernel/power/hibernate.o
  CC      arch/x86/kernel/x86_init.o
  CC      fs/fsopen.o
  CC      mm/mremap.o
  CC      arch/x86/kernel/i8259.o
  CC      kernel/power/snapshot.o
  CC      fs/init.o
  CC      arch/x86/kernel/irqinit.o
  CC      fs/kernel_read_file.o
  CC      mm/msync.o
  CC      arch/x86/kernel/irq_work.o
  CC      kernel/power/swap.o
  CC      fs/mnt_idmapping.o
  CC      mm/page_vma_mapped.o
  CC      arch/x86/kernel/probe_roms.o
  CC      kernel/power/user.o
  CC      fs/remap_range.o
  CC      mm/pagewalk.o
  CC      arch/x86/kernel/sys_ia32.o
  CC      kernel/power/poweroff.o
  CC      fs/pidfs.o
  AR      kernel/power/built-in.a
  CC      kernel/printk/printk.o
  CC      mm/pgtable-generic.o
  CC      arch/x86/kernel/signal_32.o
  CC      mm/rmap.o
  CC      fs/file_attr.o
  CC      arch/x86/kernel/sys_x86_64.o
  CC      kernel/printk/printk_safe.o
  CC      fs/fserror.o
  CC      arch/x86/kernel/espfix_64.o
  CC      kernel/printk/nbcon.o
  CC      mm/vmalloc.o
  CC      fs/nullfs.o
  CC      arch/x86/kernel/ksysfs.o
  CC      kernel/printk/printk_ringbuffer.o
  CC      fs/buffer.o
  CC      arch/x86/kernel/bootflag.o
  CC      kernel/printk/sysctl.o
  CC      arch/x86/kernel/e820.o
  AR      kernel/printk/built-in.a
  CC      kernel/irq/irqdesc.o
  CC      mm/vma.o
  CC      arch/x86/kernel/pci-dma.o
  CC      fs/mpage.o
  CC      kernel/irq/handle.o
  CC      arch/x86/kernel/quirks.o
  CC      fs/proc_namespace.o
  CC      kernel/irq/manage.o
  CC      mm/vma_exec.o
  CC      arch/x86/kernel/kdebugfs.o
  CC      fs/notify/fsnotify.o
  CC      arch/x86/kernel/alternative.o
  CC      mm/process_vm_access.o
  CC      kernel/irq/spurious.o
  CC      kernel/irq/resend.o
  CC      fs/notify/notification.o
  CC      mm/mseal.o
  CC      arch/x86/kernel/i8253.o
  CC      kernel/irq/chip.o
  CC      fs/notify/group.o
  CC      arch/x86/kernel/hw_breakpoint.o
  CC      mm/page_alloc.o
  CC      kernel/irq/dummychip.o
  CC      fs/notify/mark.o
  CC      arch/x86/kernel/tsc.o
  CC      kernel/irq/devres.o
  CC      arch/x86/kernel/tsc_msr.o
  CC      fs/notify/fdinfo.o
  CC      kernel/irq/kexec.o
  CC      arch/x86/kernel/io_delay.o
  CC      fs/notify/dnotify/dnotify.o
  CC      mm/page_frag_cache.o
  CC      kernel/irq/autoprobe.o
  CC      arch/x86/kernel/rtc.o
  CC      mm/init-mm.o
  AR      fs/notify/dnotify/built-in.a
  CC      fs/notify/inotify/inotify_fsnotify.o
  CC      kernel/irq/irqdomain.o
  CC      arch/x86/kernel/resource.o
  AS      arch/x86/kernel/irqflags.o
  CC      arch/x86/kernel/static_call.o
  CC      fs/notify/inotify/inotify_user.o
  CC      mm/memblock.o
  CC      arch/x86/kernel/process.o
  CC      kernel/irq/proc.o
  AR      fs/notify/inotify/built-in.a
  AR      fs/notify/built-in.a
  CC      fs/eventpoll.o
  CC      kernel/irq/pm.o
  CC      mm/slub.o
  CC      arch/x86/kernel/fpu/init.o
  CC      kernel/irq/msi.o
  CC      arch/x86/kernel/fpu/bugs.o
  CC      arch/x86/kernel/fpu/core.o
  CC      fs/anon_inodes.o
  CC      kernel/irq/matrix.o
  CC      arch/x86/kernel/fpu/regset.o
  CC      fs/signalfd.o
  AR      kernel/irq/built-in.a
  CC      kernel/rcu/update.o
  CC      arch/x86/kernel/fpu/signal.o
  CC      fs/timerfd.o
  CC      mm/madvise.o
  CC      arch/x86/kernel/fpu/xstate.o
  CC      fs/eventfd.o
  CC      kernel/rcu/sync.o
  AR      arch/x86/kernel/fpu/built-in.a
  CC      arch/x86/kernel/ptrace.o
  CC      mm/page_io.o
  CC      kernel/rcu/srcutree.o
  CC      fs/aio.o
  CC      arch/x86/kernel/tls.o
  CC      mm/swap_state.o
  CC      kernel/rcu/tree.o
  CC      arch/x86/kernel/step.o
  CC      fs/locks.o
  CC      mm/swapfile.o
  CC      arch/x86/kernel/i8237.o
  CC      arch/x86/kernel/stacktrace.o
  CC      arch/x86/kernel/cpu/cacheinfo.o
  CC      fs/binfmt_misc.o
  CC      mm/dmapool.o
  CC      kernel/rcu/rcu_segcblist.o
  CC      arch/x86/kernel/cpu/scattered.o
  CC      mm/hugetlb.o
  CC      fs/binfmt_script.o
  CC      arch/x86/kernel/cpu/topology_common.o
  AR      kernel/rcu/built-in.a
  CC      kernel/dma/mapping.o
  CC      fs/binfmt_elf.o
  CC      arch/x86/kernel/cpu/topology_ext.o
  CC      arch/x86/kernel/cpu/topology_amd.o
  CC      fs/compat_binfmt_elf.o
  CC      arch/x86/kernel/cpu/cpuid_parser.o
  CC      arch/x86/kernel/cpu/common.o
  CC      kernel/dma/direct.o
  CC      mm/hugetlb_sysfs.o
  CC      kernel/dma/ops_helpers.o
  CC      fs/mbcache.o
  CC      mm/hugetlb_sysctl.o
  CC      arch/x86/kernel/cpu/rdrand.o
  CC      arch/x86/kernel/cpu/match.o
  CC      kernel/dma/swiotlb.o
  CC      fs/posix_acl.o
  CC      mm/hugetlb_vmemmap.o
  CC      arch/x86/kernel/cpu/bugs.o
  CC      kernel/dma/remap.o
  CC      fs/coredump.o
  CC      mm/sparse.o
  AR      kernel/dma/built-in.a
  CC      kernel/entry/common.o
  CC      mm/sparse-vmemmap.o
  CC      arch/x86/kernel/cpu/aperfmperf.o
  CC      arch/x86/kernel/cpu/cpuid-deps.o
  CC      fs/drop_caches.o
  CC      kernel/entry/syscall-common.o
  CC      mm/page_counter.o
  CC      arch/x86/kernel/cpu/cpuid_0x2_table.o
  CC      mm/hugetlb_cgroup.o
  CC      fs/sysctls.o
  CC      arch/x86/kernel/cpu/umwait.o
  CC      kernel/entry/syscall_user_dispatch.o
  CC      fs/fhandle.o
  CC      mm/early_ioremap.o
  CC      arch/x86/kernel/cpu/capflags.o
  CC      arch/x86/kernel/cpu/powerflags.o
  AR      kernel/entry/built-in.a
  CC      kernel/unwind/user.o
  CC      arch/x86/kernel/cpu/topology.o
  CC      fs/iomap/trace.o
  CC      kernel/unwind/deferred.o
  CC      mm/secretmem.o
  CC      arch/x86/kernel/cpu/proc.o
  AR      kernel/unwind/built-in.a
  CC      kernel/freezer.o
  CC      fs/iomap/iter.o
  CC      arch/x86/kernel/cpu/feat_ctl.o
  CC      mm/memfd.o
  CC      arch/x86/kernel/cpu/intel.o
  CC      kernel/profile.o
  CC      fs/iomap/buffered-io.o
  CC      mm/ptdump.o
  CC      arch/x86/kernel/cpu/tsx.o
  CC      kernel/stacktrace.o
  CC      arch/x86/kernel/cpu/intel_epb.o
  CC      mm/execmem.o
  CC      kernel/time/time.o
  CC      fs/iomap/direct-io.o
  CC      arch/x86/kernel/cpu/amd.o
  AR      mm/built-in.a
  CC      kernel/time/timer.o
  CC      kernel/time/hrtimer.o
  CC      fs/iomap/ioend.o
  CC      arch/x86/kernel/cpu/amd_cache_disable.o
  CC      arch/x86/kernel/cpu/hygon.o
  CC      fs/iomap/fiemap.o
  CC      kernel/time/sleep_timeout.o
  CC      kernel/time/timekeeping.o
  CC      arch/x86/kernel/cpu/centaur.o
  CC      kernel/time/ntp.o
  CC      fs/iomap/seek.o
  CC      arch/x86/kernel/cpu/zhaoxin.o
  CC      fs/iomap/bio.o
  CC      kernel/time/clocksource.o
  CC      arch/x86/kernel/cpu/mce/core.o
  CC      arch/x86/mm/init.o
  CC      fs/iomap/swapfile.o
  CC      kernel/time/jiffies.o
  AR      fs/iomap/built-in.a
  CC      fs/quota/dquot.o
  CC      arch/x86/mm/init_64.o
  CC      kernel/time/timer_list.o
  CC      arch/x86/kernel/cpu/mce/severity.o
  CC      kernel/time/timeconv.o
  CC      arch/x86/kernel/cpu/mce/genpool.o
  CC      arch/x86/mm/fault.o
  CC      kernel/time/timecounter.o
  CC      kernel/time/alarmtimer.o
  CC      fs/quota/quota_v2.o
  CC      arch/x86/kernel/cpu/mce/intel.o
  CC      fs/quota/quota_tree.o
  CC      arch/x86/kernel/cpu/mce/threshold.o
  CC      arch/x86/mm/ioremap.o
  CC      kernel/time/posix-timers.o
  CC      fs/quota/quota.o
  AR      arch/x86/kernel/cpu/mce/built-in.a
  CC      arch/x86/mm/extable.o
  CC      arch/x86/kernel/cpu/mtrr/mtrr.o
  CC      kernel/time/posix-cpu-timers.o
  CC      arch/x86/kernel/cpu/mtrr/if.o
  CC      arch/x86/mm/mmap.o
  CC      fs/quota/kqid.o
  CC      arch/x86/kernel/cpu/mtrr/generic.o
  CC      kernel/time/posix-clock.o
  CC      fs/quota/netlink.o
  CC      arch/x86/mm/pgtable.o
  CC      arch/x86/kernel/cpu/mtrr/cleanup.o
  CC      kernel/time/itimer.o
  AR      fs/quota/built-in.a
  CC      arch/x86/mm/physaddr.o
  CC      fs/proc/task_mmu.o
  AR      arch/x86/kernel/cpu/mtrr/built-in.a
  CC      arch/x86/kernel/cpu/microcode/core.o
  CC      arch/x86/mm/tlb.o
  CC      kernel/time/clockevents.o
  CC      arch/x86/kernel/cpu/microcode/intel.o
  CC      fs/proc/inode.o
  CC      arch/x86/mm/cpu_entry_area.o
  CC      kernel/time/tick-common.o
  CC      arch/x86/kernel/cpu/microcode/amd.o
  CC      arch/x86/mm/maccess.o
  CC      fs/proc/root.o
  CC      kernel/time/tick-broadcast.o
  CC      arch/x86/mm/pgprot.o
  AR      arch/x86/kernel/cpu/microcode/built-in.a
  CC      arch/x86/kernel/cpu/perfctr-watchdog.o
  CC      fs/proc/base.o
  CC      arch/x86/mm/pat/set_memory.o
  CC      arch/x86/kernel/cpu/debugfs.o
  CC      kernel/time/tick-broadcast-hrtimer.o
  AR      arch/x86/kernel/cpu/built-in.a
  AR      arch/x86/kernel/acpi/built-in.a
  CC      arch/x86/kernel/reboot.o
  CC      kernel/time/tick-oneshot.o
  CC      fs/proc/generic.o
  CC      arch/x86/mm/pat/memtype.o
  CC      kernel/time/tick-sched.o
  CC      arch/x86/kernel/msr.o
  CC      arch/x86/mm/pat/memtype_interval.o
  CC      fs/proc/array.o
  CC      arch/x86/kernel/cpuid.o
  CC      kernel/time/vsyscall.o
  AR      arch/x86/mm/pat/built-in.a
  CC      arch/x86/mm/hugetlbpage.o
  CC      kernel/time/timekeeping_debug.o
  CC      arch/x86/kernel/early-quirks.o
  CC      fs/proc/fd.o
  CC      arch/x86/mm/dump_pagetables.o
  CC      kernel/time/namespace.o
  CC      arch/x86/kernel/tsc_sync.o
  CC      arch/x86/mm/pkeys.o
  CC      arch/x86/kernel/mpparse.o
  CC      fs/proc/proc_tty.o
  CC      kernel/time/namespace_vdso.o
  CC      arch/x86/mm/pti.o
  CC      fs/proc/cmdline.o
  AR      kernel/time/built-in.a
  CC      kernel/futex/core.o
  CC      arch/x86/kernel/apic/apic.o
  AR      arch/x86/mm/built-in.a
  CC      kernel/dma.o
  CC      fs/proc/consoles.o
  CC      kernel/up.o
  CC      fs/proc/cpuinfo.o
  CC      kernel/futex/syscalls.o
  CC      kernel/uid16.o
  CC      arch/x86/kernel/apic/apic_common.o
  CC      fs/proc/devices.o
  CC      arch/x86/kernel/apic/apic_noop.o
  CC      kernel/futex/pi.o
  CC      fs/proc/loadavg.o
  CC      kernel/kallsyms.o
  CC      arch/x86/kernel/apic/ipi.o
  CC      kernel/futex/requeue.o
  CC      fs/proc/meminfo.o
  CC      arch/x86/kernel/apic/vector.o
  CC      kernel/acct.o
  CC      kernel/futex/waitwake.o
  CC      fs/proc/stat.o
  AR      kernel/futex/built-in.a
  CC      kernel/vmcore_info.o
  CC      arch/x86/kernel/apic/init.o
  CC      kernel/elfcorehdr.o
  CC      fs/proc/uptime.o
  CC      arch/x86/kernel/apic/hw_nmi.o
  CC      kernel/crash_reserve.o
  CC      arch/x86/kernel/apic/io_apic.o
  CC      fs/proc/util.o
  CC      kernel/kexec_core.o
  CC      fs/proc/version.o
  CC      kernel/crash_core.o
  CC      fs/proc/softirqs.o
  CC      arch/x86/kernel/apic/msi.o
  CC      arch/x86/kernel/apic/apic_flat_64.o
  CC      kernel/kexec.o
  CC      fs/proc/namespaces.o
  CC      arch/x86/kernel/apic/probe_64.o
  CC      fs/proc/self.o
  AR      arch/x86/kernel/apic/built-in.a
  CC      arch/x86/kernel/trace_clock.o
  CC      kernel/compat.o
  CC      kernel/cgroup/cgroup.o
  CC      arch/x86/kernel/trace.o
  CC      fs/proc/thread_self.o
  CC      arch/x86/kernel/rethook.o
  CC      fs/proc/proc_sysctl.o
  CC      kernel/cgroup/rstat.o
  CC      arch/x86/kernel/vmcore_info_64.o
  CC      arch/x86/kernel/machine_kexec_64.o
  CC      kernel/cgroup/namespace.o
  CC      fs/proc/proc_net.o
  AS      arch/x86/kernel/relocate_kernel_64.o
  CC      kernel/cgroup/cgroup-v1.o
  CC      arch/x86/kernel/crash_dump_64.o
  CC      fs/proc/kmsg.o
  CC      kernel/cgroup/freezer.o
  CC      arch/x86/kernel/crash.o
  CC      fs/proc/page.o
  CC      kernel/cgroup/pids.o
  CC      kernel/cgroup/rdma.o
  CC      arch/x86/kernel/kprobes/core.o
  CC      kernel/cgroup/misc.o
  AR      fs/proc/built-in.a
  CC      fs/kernfs/mount.o
  CC      fs/kernfs/inode.o
  CC      kernel/cgroup/debug.o
  CC      arch/x86/kernel/kprobes/opt.o
  CC      fs/kernfs/dir.o
  CC      fs/kernfs/file.o
  AR      kernel/cgroup/built-in.a
  CC      kernel/utsname.o
  AR      arch/x86/kernel/kprobes/built-in.a
  CC      arch/x86/kernel/early_printk.o
  CC      fs/kernfs/symlink.o
  CC      arch/x86/kernel/hpet.o
  CC      kernel/pid_namespace.o
  CC      kernel/audit.o
  AR      fs/kernfs/built-in.a
  CC      fs/sysfs/file.o
  CC      arch/x86/kernel/amd_nb.o
  CC      fs/sysfs/dir.o
  CC      fs/sysfs/symlink.o
  CC      arch/x86/kernel/amd_node.o
  CC      fs/devpts/inode.o
  CC      kernel/auditfilter.o
  CC      arch/x86/kernel/pcspeaker.o
  CC      fs/sysfs/mount.o
  AR      fs/devpts/built-in.a
  CC      fs/netfs/buffered_read.o
  CC      arch/x86/kernel/check.o
  CC      fs/sysfs/group.o
  CC      kernel/auditsc.o
  CC      arch/x86/kernel/uprobes.o
  CC      fs/netfs/buffered_write.o
  AR      fs/sysfs/built-in.a
  CC      fs/ext4/balloc.o
  CC      arch/x86/kernel/perf_regs.o
  CC      fs/netfs/direct_read.o
  CC      kernel/audit_watch.o
  CC      arch/x86/kernel/umip.o
  CC      fs/netfs/direct_write.o
  CC      fs/ext4/bitmap.o
  CC      kernel/audit_fsnotify.o
  CC      arch/x86/kernel/unwind_orc.o
  CC      fs/netfs/iterator.o
  CC      fs/ext4/block_validity.o
  CC      kernel/audit_tree.o
  CC      arch/x86/kernel/callthunks.o
  CC      fs/netfs/locking.o
  CC      fs/ext4/dir.o
  CC      kernel/kprobes.o
  CC      arch/x86/kernel/cet.o
  CC      fs/netfs/main.o
  CC      fs/ext4/ext4_jbd2.o
  CC      arch/x86/kernel/audit_64.o
  CC      arch/x86/kernel/vsmp_64.o
  CC      kernel/seccomp.o
  CC      fs/ext4/extents.o
  CC      fs/netfs/misc.o
  LDS     arch/x86/kernel/vmlinux.lds
  AR      arch/x86/kernel/built-in.a
  CC      arch/x86/ia32/audit.o
  AR      arch/x86/ia32/built-in.a
  AR      arch/x86/platform/efi/built-in.a
  CC      arch/x86/platform/intel/iosf_mbi.o
  CC      fs/netfs/objects.o
  AR      arch/x86/platform/intel/built-in.a
  CC      kernel/relay.o
  AR      arch/x86/platform/built-in.a
  CC      arch/x86/virt/svm/cmdline.o
  AR      arch/x86/virt/svm/built-in.a
  AR      arch/x86/virt/built-in.a
  AR      arch/x86/built-in.a
  CC      ipc/compat.o
  CC      fs/netfs/read_collect.o
  CC      kernel/utsname_sysctl.o
  CC      ipc/util.o
  CC      fs/ext4/extents_status.o
  CC      kernel/taskstats.o
  CC      fs/netfs/read_pgpriv2.o
  CC      ipc/msgutil.o
  CC      kernel/tsacct.o
  CC      fs/netfs/read_retry.o
  CC      fs/ext4/file.o
  CC      ipc/msg.o
  CC      kernel/tracepoint.o
  CC      fs/netfs/read_single.o
  CC      fs/ext4/fsmap.o
  CC      kernel/trace/trace_clock.o
  CC      ipc/sem.o
  CC      fs/netfs/rolling_buffer.o
  CC      kernel/trace/ring_buffer.o
  CC      fs/netfs/write_collect.o
  CC      fs/ext4/fsync.o
  CC      ipc/shm.o
  CC      fs/netfs/write_issue.o
  CC      fs/ext4/hash.o
  CC      ipc/syscall.o
  CC      kernel/trace/trace.o
  CC      fs/netfs/write_retry.o
  CC      fs/ext4/ialloc.o
  CC      ipc/ipc_sysctl.o
  AR      fs/netfs/built-in.a
  CC      fs/jbd2/transaction.o
  CC      ipc/namespace.o
  CC      fs/ext4/indirect.o
  CC      fs/jbd2/commit.o
  AR      ipc/built-in.a
  CC      security/keys/gc.o
  CC      kernel/trace/trace_output.o
  CC      fs/ext4/inline.o
  CC      security/keys/key.o
  CC      fs/jbd2/recovery.o
  CC      security/keys/keyring.o
  CC      fs/jbd2/checkpoint.o
  CC      fs/ext4/inode.o
  CC      kernel/trace/trace_seq.o
  CC      kernel/trace/trace_stat.o
  CC      fs/jbd2/revoke.o
  CC      security/keys/keyctl.o
  CC      kernel/trace/trace_printk.o
  CC      fs/jbd2/journal.o
  CC      security/keys/permission.o
  CC      kernel/trace/trace_pid.o
  CC      fs/ext4/ioctl.o
  CC      security/keys/process_keys.o
  CC      kernel/trace/pid_list.o
  AR      fs/jbd2/built-in.a
  CC      security/commoncap.o
  CC      security/keys/request_key.o
  CC      kernel/trace/trace_sched_switch.o
  CC      fs/ext4/mballoc.o
  CC      security/lsm_syscalls.o
  CC      security/keys/request_key_auth.o
  CC      kernel/trace/trace_nop.o
  CC      security/keys/user_defined.o
  CC      security/min_addr.o
  CC      kernel/trace/trace_branch.o
  CC      security/keys/compat.o
  CC      security/security.o
  CC      security/keys/proc.o
  CC      kernel/trace/blktrace.o
  CC      fs/ext4/migrate.o
  CC      security/keys/sysctl.o
  CC      fs/ext4/mmp.o
  CC      security/lsm_notifier.o
  CC      security/keys/keyctl_pkey.o
  CC      kernel/trace/trace_events.o
  CC      security/lsm_init.o
  CC      fs/ext4/move_extent.o
  AR      security/keys/built-in.a
  CC      security/lsm_audit.o
  CC      security/device_cgroup.o
  CC      fs/ext4/namei.o
  CC      kernel/trace/trace_export.o
  CC      kernel/irq_work.o
  CC      security/integrity/iint.o
  CC      kernel/trace/trace_event_perf.o
  CC      security/integrity/integrity_audit.o
  CC      kernel/bpf/core.o
  CC      kernel/trace/trace_events_filter.o
  AR      security/integrity/built-in.a
  AR      security/built-in.a
  CC      fs/ext4/page-io.o
  CC      crypto/api.o
  CC      fs/ext4/readpage.o
  CC      crypto/cipher.o
  CC      kernel/trace/trace_events_trigger.o
  AR      kernel/bpf/built-in.a
  CC      kernel/static_call.o
  CC      crypto/algapi.o
  CC      kernel/static_call_inline.o
  CC      fs/ext4/resize.o
  CC      kernel/trace/error_report-traces.o
  CC      kernel/events/core.o
  CC      crypto/scatterwalk.o
  CC      kernel/trace/power-traces.o
  CC      fs/ext4/super.o
  CC      crypto/proc.o
  CC      crypto/aead.o
  CC      kernel/trace/rpm-traces.o
  CC      crypto/geniv.o
  CC      kernel/trace/trace_dynevent.o
  CC      crypto/lskcipher.o
  CC      kernel/trace/trace_probe.o
  CC      crypto/skcipher.o
  CC      kernel/events/ring_buffer.o
  CC      kernel/trace/trace_uprobe.o
  CC      crypto/seqiv.o
  CC      kernel/events/callchain.o
  CC      fs/ext4/symlink.o
  CC      crypto/echainiv.o
  CC      kernel/events/hw_breakpoint.o
  CC      kernel/trace/rethook.o
  CC      fs/ext4/sysfs.o
  CC      crypto/ahash.o
  AR      kernel/trace/built-in.a
  CC      kernel/context_tracking.o
  CC      fs/ext4/xattr.o
  CC      kernel/events/uprobes.o
  CC      crypto/shash.o
  CC      kernel/iomem.o
  CC      kernel/rseq.o
  CC      crypto/akcipher.o
  CC      fs/ext4/xattr_hurd.o
  AR      kernel/events/built-in.a
  CC      fs/ext4/xattr_trusted.o
  CC      fs/ext4/xattr_user.o
  CC      crypto/sig.o
  AR      kernel/built-in.a
  CC      fs/ext4/fast_commit.o
  CC      block/bdev.o
  CC      crypto/rsapubkey.asn1.o
  CC      crypto/rsaprivkey.asn1.o
  CC      fs/ramfs/inode.o
  CC      crypto/rsa.o
  CC      block/fops.o
  CC      crypto/rsa_helper.o
  CC      fs/ramfs/file-mmu.o
  CC      fs/ext4/orphan.o
  CC      crypto/rsa-pkcs1pad.o
  AR      fs/ramfs/built-in.a
  CC      fs/hugetlbfs/inode.o
  CC      block/bio.o
  CC      fs/ext4/acl.o
  CC      crypto/rsassa-pkcs1.o
  CC      crypto/acompress.o
  CC      fs/ext4/xattr_security.o
  AR      fs/hugetlbfs/built-in.a
  CC      fs/isofs/namei.o
  CC      block/elevator.o
  CC      crypto/scompress.o
  CC      fs/isofs/inode.o
  AR      fs/ext4/built-in.a
  CC      fs/exportfs/expfs.o
  CC      block/blk-core.o
  AR      fs/exportfs/built-in.a
  CC      fs/nls/nls_base.o
  CC      crypto/algboss.o
  CC      fs/isofs/dir.o
  CC      fs/nls/nls_cp437.o
  CC      fs/isofs/util.o
  CC      fs/nls/nls_ascii.o
  CC      crypto/testmgr.o
  CC      fs/nls/nls_iso8859-1.o
  CC      block/blk-sysfs.o
  CC      fs/isofs/rock.o
  CC      crypto/cmac.o
  CC      fs/nls/nls_utf8.o
  CC      fs/isofs/export.o
  CC      crypto/hmac.o
  CC      block/blk-flush.o
  AR      fs/nls/built-in.a
  CC      block/blk-settings.o
  CC      fs/isofs/compress.o
  CC      crypto/sha1.o
  CC      crypto/sha256.o
  CC      block/blk-ioc.o
  AR      fs/isofs/built-in.a
  CC      fs/autofs/init.o
  CC      crypto/sha512.o
  CC      crypto/ecb.o
  CC      block/blk-map.o
  CC      crypto/cbc.o
  CC      crypto/cts.o
  CC      fs/autofs/inode.o
  CC      block/blk-merge.o
  CC      block/blk-timeout.o
  CC      crypto/ctr.o
  CC      fs/autofs/root.o
  CC      block/blk-lib.o
  CC      crypto/gcm.o
  CC      crypto/ccm.o
  CC      fs/autofs/symlink.o
  CC      block/blk-mq.o
  CC      crypto/aes.o
  CC      crypto/camellia_generic.o
  CC      fs/autofs/waitq.o
  CC      crypto/authenc.o
  CC      fs/autofs/expire.o
  CC      fs/autofs/dev-ioctl.o
  CC      crypto/authencesn.o
  CC      block/blk-mq-tag.o
  CC      block/blk-mq-dma.o
  AR      fs/autofs/built-in.a
  CC      fs/debugfs/inode.o
  CC      crypto/krb5enc.o
  CC      block/blk-stat.o
  CC      block/blk-mq-sysfs.o
  CC      fs/debugfs/file.o
  CC      crypto/lzo.o
  CC      block/blk-mq-cpumap.o
  CC      block/blk-mq-sched.o
  CC      crypto/lzo-rle.o
  AR      fs/debugfs/built-in.a
  CC      fs/tracefs/inode.o
  CC      block/ioctl.o
  CC      block/genhd.o
  CC      crypto/lz4.o
  CC      fs/tracefs/event_inode.o
  CC      block/ioprio.o
  CC      crypto/asymmetric_keys/asymmetric_type.o
  CC      block/badblocks.o
  AR      fs/tracefs/built-in.a
  AR      fs/built-in.a
  CC      crypto/asymmetric_keys/restrict.o
  CC      io_uring/io_uring.o
  CC      block/partitions/core.o
  CC      block/blk-rq-qos.o
  CC      crypto/asymmetric_keys/signature.o
  CC      block/partitions/msdos.o
  CC      block/disk-events.o
  CC      crypto/asymmetric_keys/public_key.o
  CC      block/partitions/efi.o
  CC      crypto/asymmetric_keys/x509.asn1.o
  CC      block/blk-ia-ranges.o
  CC      crypto/asymmetric_keys/x509_akid.asn1.o
  CC      crypto/asymmetric_keys/x509_cert_parser.o
  CC      crypto/asymmetric_keys/x509_loader.o
  CC      block/early-lookup.o
  AR      block/partitions/built-in.a
  CC      block/bsg.o
  CC      io_uring/opdef.o
  CC      crypto/asymmetric_keys/x509_public_key.o
  CC      crypto/asymmetric_keys/pkcs7.asn1.o
  CC      crypto/asymmetric_keys/pkcs7_parser.o
  CC      block/mq-deadline.o
  CC      block/blk-mq-debugfs.o
  CC      io_uring/kbuf.o
  CC      crypto/asymmetric_keys/pkcs7_trust.o
  CC      crypto/asymmetric_keys/pkcs7_verify.o
  CC      block/blk-pm.o
  CC      io_uring/rsrc.o
  CC      lib/argv_split.o
  AR      crypto/asymmetric_keys/built-in.a
  CC      crypto/krb5/krb5_kdf.o
  CC      block/holder.o
  CC      lib/bug.o
  CC      crypto/krb5/krb5_api.o
  AR      block/built-in.a
  CC      lib/buildid.o
  CC      io_uring/notif.o
  AS      arch/x86/lib/bhi.o
  AS      arch/x86/lib/clear_page_64.o
  CC      arch/x86/lib/cmdline.o
  AS      arch/x86/lib/cmpxchg16b_emu.o
  CC      arch/x86/lib/copy_mc.o
  CC      crypto/krb5/rfc3961_simplified.o
  AS      arch/x86/lib/copy_mc_64.o
  AS      arch/x86/lib/copy_page_64.o
  CC      lib/clz_tab.o
  AS      arch/x86/lib/copy_user_64.o
  CC      lib/cmdline.o
  AS      arch/x86/lib/copy_user_uncached_64.o
  CC      arch/x86/lib/cpu.o
  CC      lib/ctype.o
  CC      lib/dec_and_lock.o
  CC      io_uring/tctx.o
  CC      lib/decompress.o
  CC      lib/decompress_bunzip2.o
  AS      arch/x86/lib/csum-copy_64.o
  CC      arch/x86/lib/csum-partial_64.o
  CC      crypto/krb5/rfc3962_aes.o
  CC      arch/x86/lib/csum-wrappers_64.o
  CC      arch/x86/lib/delay.o
  CC      io_uring/filetable.o
  CC      lib/decompress_inflate.o
  CC      crypto/krb5/rfc6803_camellia.o
  AS      arch/x86/lib/getuser.o
  CC      arch/x86/lib/inat.o
  CC      arch/x86/lib/insn-eval.o
  CC      lib/decompress_unlzo.o
  CC      crypto/krb5/rfc8009_aes2.o
  CC      io_uring/rw.o
  CC      lib/decompress_unxz.o
  CC      arch/x86/lib/insn.o
  AR      crypto/krb5/built-in.a
  AR      crypto/built-in.a
  CC      drivers/leds/led-core.o
  AS      arch/x86/lib/memcpy_64.o
  AS      arch/x86/lib/memmove_64.o
  AS      arch/x86/lib/memset_64.o
  CC      lib/decompress_unzstd.o
  CC      arch/x86/lib/misc.o
  CC      arch/x86/lib/pc-conf-reg.o
  AS      arch/x86/lib/putuser.o
  CC      io_uring/poll.o
  AS      arch/x86/lib/retpoline.o
  CC      arch/x86/lib/usercopy.o
  CC      drivers/leds/led-class.o
  CC      lib/dump_stack.o
  CC      arch/x86/lib/usercopy_64.o
  CC      drivers/leds/led-triggers.o
  CC      lib/earlycpio.o
  CC      lib/extable.o
  CC      arch/x86/lib/msr.o
  CC      io_uring/tw.o
  CC      lib/flex_proportions.o
  AR      drivers/leds/built-in.a
  CC      drivers/pci/access.o
  CC      lib/idr.o
  AS      arch/x86/lib/msr-reg.o
  CC      arch/x86/lib/msr-reg-export.o
  AS      arch/x86/lib/hweight.o
  CC      arch/x86/lib/iomem.o
  CC      io_uring/wait.o
  CC      lib/iomem_copy.o
  CC      lib/irq_regs.o
  CC      drivers/pci/bus.o
  AR      arch/x86/lib/lib.a
  AR      arch/x86/lib/built-in.a
  CC      net/devres.o
  CC      lib/is_single_threaded.o
  CC      lib/klist.o
  CC      drivers/pci/probe.o
  CC      io_uring/eventfd.o
  CC      lib/kobject.o
  CC      net/socket.o
  CC      io_uring/uring_cmd.o
  CC      lib/kobject_uevent.o
  CC      drivers/pci/host-bridge.o
  CC      io_uring/openclose.o
  CC      lib/logic_pio.o
  CC      drivers/pci/remove.o
  CC      lib/maple_tree.o
  CC      net/core/sock.o
  CC      io_uring/sqpoll.o
  CC      drivers/pci/pci.o
  CC      io_uring/xattr.o
  CC      drivers/pci/pci-driver.o
  CC      io_uring/nop.o
  CC      net/core/skbuff.o
  CC      lib/memcat_p.o
  CC      io_uring/fs.o
  CC      lib/nmi_backtrace.o
  CC      drivers/pci/search.o
  CC      lib/objpool.o
  CC      io_uring/splice.o
  CC      drivers/pci/rebar.o
  CC      lib/plist.o
  CC      lib/radix-tree.o
  CC      drivers/pci/rom.o
  CC      io_uring/sync.o
  CC      lib/ratelimit.o
  CC      lib/rbtree.o
  CC      drivers/pci/setup-res.o
  CC      io_uring/msg_ring.o
  CC      lib/seq_buf.o
  CC      net/core/datagram.o
  CC      drivers/pci/irq.o
  CC      lib/siphash.o
  CC      io_uring/advise.o
  CC      lib/string.o
  CC      drivers/pci/vpd.o
  CC      lib/sys_info.o
  CC      io_uring/statx.o
  CC      lib/timerqueue.o
  CC      net/core/stream.o
  CC      drivers/pci/setup-bus.o
  CC      lib/vsprintf.o
  CC      io_uring/timeout.o
  CC      net/core/scm.o
  CC      io_uring/cancel.o
  CC      drivers/pci/vc.o
  CC      drivers/pci/mmap.o
  CC      lib/win_minmax.o
  CC      net/core/gen_stats.o
  CC      io_uring/waitid.o
  CC      lib/xarray.o
  CC      drivers/pci/devres.o
  CC      io_uring/register.o
  CC      net/core/gen_estimator.o
  CC      drivers/pci/msi/pcidev_msi.o
  CC      lib/lockref.o
  CC      lib/bcd.o
  CC      lib/sort.o
  CC      lib/parser.o
  CC      drivers/pci/msi/api.o
  CC      net/core/net_namespace.o
  CC      lib/debug_locks.o
  CC      io_uring/truncate.o
  CC      lib/random32.o
  CC      drivers/pci/msi/msi.o
  CC      lib/bust_spinlocks.o
  CC      io_uring/memmap.o
  CC      net/core/secure_seq.o
  CC      lib/kasprintf.o
  CC      drivers/pci/msi/irqdomain.o
  CC      lib/bitmap.o
  CC      io_uring/alloc_cache.o
  AR      drivers/pci/msi/built-in.a
  CC      drivers/pci/pcie/portdrv.o
  CC      lib/scatterlist.o
  CC      net/core/flow_dissector.o
  CC      io_uring/query.o
  CC      drivers/pci/pcie/rcec.o
  CC      lib/list_sort.o
  CC      lib/uuid.o
  CC      io_uring/loop.o
  CC      lib/iov_iter.o
  CC      drivers/pci/pcie/bwctrl.o
  CC      net/core/sysctl_net_core.o
  CC      io_uring/io-wq.o
  CC      drivers/pci/pcie/aspm.o
  CC      lib/clz_ctz.o
  CC      net/core/dev.o
  CC      lib/bsearch.o
  CC      io_uring/futex.o
  CC      drivers/pci/pcie/pme.o
  CC      lib/find_bit.o
  CC      lib/llist.o
  CC      lib/lwq.o
  CC      io_uring/epoll.o
  AR      drivers/pci/pcie/built-in.a
  CC      drivers/pci/proc.o
  CC      lib/memweight.o
  CC      lib/kfifo.o
  CC      io_uring/napi.o
  CC      drivers/pci/pci-sysfs.o
  CC      lib/percpu-refcount.o
  CC      lib/rhashtable.o
  CC      drivers/pci/slot.o
  CC      io_uring/net.o
  CC      drivers/pci/iomap.o
  CC      lib/base64.o
  CC      lib/once.o
  CC      net/core/dev_api.o
  CC      drivers/pci/quirks.o
  CC      lib/refcount.o
  CC      io_uring/cmd_net.o
  CC      lib/rcuref.o
  CC      lib/usercopy.o
  CC      net/core/dev_addr_lists.o
  CC      lib/errseq.o
  CC      lib/bucket_locks.o
  CC      io_uring/fdinfo.o
  CC      drivers/pci/hotplug/pci_hotplug_core.o
  CC      lib/generic-radix-tree.o
  CC      net/core/dst.o
  CC      io_uring/bpf_filter.o
  CC      lib/bitmap-str.o
  AR      drivers/pci/hotplug/built-in.a
  CC      drivers/pci/ats.o
  CC      lib/string_helpers.o
  CC      net/core/netevent.o
  AR      io_uring/built-in.a
  CC      drivers/pci/pci-label.o
  CC      drivers/video/screen_info_generic.o
  CC      drivers/video/screen_info_pci.o
  CC      lib/hexdump.o
  CC      drivers/pci/vgaarb.o
  CC      lib/kstrtox.o
  CC      net/core/neighbour.o
  CC      drivers/video/console/dummycon.o
  CC      lib/math/div64.o
  CC      lib/math/gcd.o
  CC      lib/math/lcm.o
  CC      lib/math/int_log.o
  CC      lib/math/int_pow.o
  CC      drivers/pci/trace.o
  CC      lib/math/int_sqrt.o
  CC      drivers/video/console/vgacon.o
  CC      lib/math/reciprocal_div.o
  CC      lib/math/rational.o
  AR      lib/math/built-in.a
  CC      lib/crc/crc16.o
  AR      drivers/pci/built-in.a
  AR      drivers/video/console/built-in.a
  CC      drivers/video/backlight/backlight.o
  CC      drivers/dma/dmaengine.o
  CC      lib/crc/crc-ccitt.o
  CC      net/core/rtnetlink.o
  AR      drivers/video/backlight/built-in.a
  AR      drivers/video/built-in.a
  CC      drivers/dma/dw/core.o
  CC      lib/crc/crc32-main.o
  AS      lib/crc/x86/crc32-pclmul.o
  AS      lib/crc/x86/crc32c-3way.o
  CC      drivers/dma/dw/dw.o
  CC      drivers/dma/dw/idma32.o
  AR      lib/crc/built-in.a
  CC      lib/crypto/hash_info.o
  CC      lib/crypto/memneq.o
  CC      lib/crypto/utils.o
  AR      drivers/dma/dw/built-in.a
  AR      drivers/dma/built-in.a
  CC      drivers/virtio/virtio.o
  CC      lib/crypto/aes.o
  AS      lib/crypto/x86/aes-aesni.o
  CC      lib/crypto/arc4.o
  CC      net/core/utils.o
  CC      lib/crypto/blake2s.o
  CC      drivers/virtio/virtio_ring.o
  AS      lib/crypto/x86/blake2s-core.o
  CC      lib/crypto/chacha-block-generic.o
  CC      lib/crypto/gf128hash.o
  AS      lib/crypto/x86/ghash-pclmul.o
  AS      lib/crypto/x86/polyval-pclmul-avx.o
  CC      lib/crypto/sha1.o
  AS      lib/crypto/x86/sha1-ssse3-and-avx.o
  AS      lib/crypto/x86/sha1-avx2-asm.o
  AS      lib/crypto/x86/sha1-ni-asm.o
  CC      lib/crypto/sha256.o
  CC      net/core/link_watch.o
  CC      arch/x86/pci/i386.o
  AS      lib/crypto/x86/sha256-ssse3-asm.o
  CC      drivers/virtio/virtio_anchor.o
  AS      lib/crypto/x86/sha256-avx-asm.o
  AS      lib/crypto/x86/sha256-avx2-asm.o
  AS      lib/crypto/x86/sha256-ni-asm.o
  CC      lib/crypto/sha512.o
  CC      net/core/filter.o
  CC      arch/x86/pci/init.o
  CC      drivers/virtio/virtio_pci_modern_dev.o
  AS      lib/crypto/x86/sha512-ssse3-asm.o
  AS      lib/crypto/x86/sha512-avx-asm.o
  AS      lib/crypto/x86/sha512-avx2-asm.o
  CC      lib/crypto/mpi/generic_mpih-lshift.o
  CC      arch/x86/pci/direct.o
  CC      drivers/virtio/virtio_pci_legacy_dev.o
  CC      lib/crypto/mpi/generic_mpih-mul1.o
  CC      arch/x86/pci/fixup.o
  CC      lib/crypto/mpi/generic_mpih-mul2.o
  CC      drivers/virtio/virtio_pci_modern.o
  CC      lib/crypto/mpi/generic_mpih-mul3.o
  CC      arch/x86/pci/legacy.o
  CC      drivers/virtio/virtio_pci_common.o
  CC      lib/crypto/mpi/generic_mpih-rshift.o
  CC      arch/x86/pci/irq.o
  CC      lib/crypto/mpi/generic_mpih-sub1.o
  CC      drivers/virtio/virtio_pci_legacy.o
  CC      arch/x86/pci/common.o
  CC      lib/crypto/mpi/generic_mpih-add1.o
  CC      drivers/virtio/virtio_pci_admin_legacy_io.o
  CC      net/core/sock_diag.o
  CC      lib/crypto/mpi/mpicoder.o
  CC      arch/x86/pci/early.o
  CC      drivers/virtio/virtio_input.o
  CC      lib/crypto/mpi/mpi-add.o
  CC      arch/x86/pci/bus_numa.o
  CC      net/core/dev_ioctl.o
  AR      drivers/virtio/built-in.a
  CC      lib/crypto/mpi/mpi-bit.o
  CC      drivers/tty/tty_io.o
  CC      arch/x86/pci/amd_bus.o
  CC      lib/crypto/mpi/mpi-cmp.o
  AR      arch/x86/pci/built-in.a
  CC      arch/x86/power/cpu.o
  CC      net/core/tso.o
  CC      lib/crypto/mpi/mpi-sub-ui.o
  CC      drivers/tty/n_tty.o
  CC      arch/x86/power/hibernate_64.o
  CC      lib/crypto/mpi/mpi-div.o
  CC      net/core/sock_reuseport.o
  CC      drivers/tty/tty_ioctl.o
  AS      arch/x86/power/hibernate_asm_64.o
  CC      lib/crypto/mpi/mpi-mod.o
  CC      arch/x86/power/hibernate.o
  CC      lib/crypto/mpi/mpi-mul.o
  CC      drivers/tty/tty_ldisc.o
  AR      arch/x86/power/built-in.a
  CC      drivers/tty/tty_buffer.o
  CC      net/core/fib_notifier.o
  CC      lib/crypto/mpi/mpih-cmp.o
  CC      drivers/tty/tty_port.o
  CC      drivers/tty/tty_mutex.o
  CC      net/core/xdp.o
  CC      lib/crypto/mpi/mpih-div.o
  CC      drivers/tty/tty_ldsem.o
  CC      drivers/char/mem.o
  CC      lib/crypto/mpi/mpih-mul.o
  CC      drivers/tty/tty_baudrate.o
  CC      net/core/flow_offload.o
  CC      drivers/char/random.o
  CC      lib/crypto/mpi/mpi-pow.o
  CC      drivers/tty/tty_jobctrl.o
  CC      lib/crypto/mpi/mpiutil.o
  CC      drivers/tty/n_null.o
  CC      net/core/gro.o
  CC      drivers/char/misc.o
  AR      lib/crypto/mpi/built-in.a
  AR      lib/crypto/built-in.a
  CC      lib/vdso/datastore.o
  CC      drivers/tty/pty.o
  CC      drivers/char/virtio_console.o
  AR      lib/vdso/built-in.a
  CC      lib/iomap.o
  CC      drivers/tty/tty_audit.o
  CC      net/core/netdev-genl.o
  CC      lib/iomap_copy.o
  CC      lib/devres.o
  CC      drivers/char/nvram.o
  CC      drivers/tty/sysrq.o
  CC      lib/check_signature.o
  CC      lib/assoc_array.o
  CC      drivers/char/hw_random/core.o
  CC      drivers/tty/vt/vt_ioctl.o
  CC      net/core/netdev-genl-gen.o
  CC      lib/bitrev.o
  CC      drivers/char/hw_random/via-rng.o
  CC      lib/xxhash.o
  CC      drivers/tty/vt/vc_screen.o
  AR      drivers/char/hw_random/built-in.a
  CC      drivers/char/agp/backend.o
  CC      net/core/netdev_work.o
  CC      lib/genalloc.o
  CC      drivers/tty/vt/selection.o
  CC      drivers/char/agp/generic.o
  CC      net/core/gso.o
  CC      lib/zlib_inflate/inffast.o
  CC      lib/zlib_inflate/inflate.o
  CC      drivers/tty/vt/keyboard.o
  CC      drivers/char/agp/isoch.o
  CC      lib/zlib_inflate/infutil.o
  CC      lib/zlib_inflate/inftrees.o
  CC      net/core/net-sysfs.o
  CC      lib/zlib_inflate/inflate_syms.o
  CC      drivers/char/agp/amd64-agp.o
  CC      drivers/tty/vt/vt.o
  AR      lib/zlib_inflate/built-in.a
  CC      lib/lzo/lzo1x_compress.o
  CC      drivers/char/agp/intel-agp.o
  CC      lib/lzo/lzo1x_compress_safe.o
  CC      net/core/hotdata.o
  CC      lib/lzo/lzo1x_decompress_safe.o
  CC      drivers/char/agp/intel-gtt.o
  CC      drivers/tty/vt/defkeymap.o
  CC      drivers/tty/vt/consolemap.o
  AR      lib/lzo/built-in.a
  CC      lib/lz4/lz4_compress.o
  CC      net/core/netdev_config.o
  AR      drivers/char/agp/built-in.a
  AR      drivers/char/built-in.a
  CC      lib/lz4/lz4_decompress.o
  CC      drivers/tty/vt/consolemap_deftbl.o
  CC      drivers/tty/vt/ucs.o
  AR      drivers/tty/vt/built-in.a
  CC      drivers/tty/hvc/hvc_console.o
  CC      net/core/netdev_rx_queue.o
  CC      net/core/netdev_queues.o
  AR      lib/lz4/built-in.a
  AR      drivers/tty/hvc/built-in.a
  CC      lib/zstd/zstd_decompress_module.o
  CC      drivers/tty/serial/serial_core.o
  CC      lib/zstd/decompress/huf_decompress.o
  CC      net/core/net-procfs.o
  CC      lib/zstd/decompress/zstd_ddict.o
  CC      lib/zstd/decompress/zstd_decompress.o
  CC      lib/zstd/decompress/zstd_decompress_block.o
  CC      net/core/fib_rules.o
  CC      drivers/tty/serial/serial_base_bus.o
  CC      lib/zstd/zstd_common_module.o
  CC      drivers/tty/serial/serial_ctrl.o
  CC      lib/zstd/common/debug.o
  CC      drivers/tty/serial/serial_port.o
  CC      lib/zstd/common/entropy_common.o
  CC      net/core/net-traces.o
  CC      lib/zstd/common/error_private.o
  CC      lib/zstd/common/fse_decompress.o
  CC      drivers/tty/serial/earlycon.o
  CC      drivers/tty/serial/8250/8250_core.o
  CC      lib/zstd/common/zstd_common.o
  AR      lib/zstd/built-in.a
  CC      lib/xz/xz_dec_syms.o
  CC      lib/xz/xz_dec_stream.o
  CC      drivers/tty/serial/8250/8250_platform.o
  CC      lib/xz/xz_dec_lzma2.o
  CC      drivers/tty/serial/8250/8250_port.o
  CC      lib/xz/xz_dec_bcj.o
  CC      drivers/tty/serial/8250/8250_dma.o
  AR      lib/xz/built-in.a
  CC      lib/syscall.o
  CC      drivers/tty/serial/8250/8250_dwlib.o
  CC      drivers/tty/serial/8250/8250_pcilib.o
  CC      lib/errname.o
  CC      lib/nlattr.o
  CC      net/core/ptp_classifier.o
  CC      drivers/tty/serial/8250/8250_rsa.o
  CC      drivers/tty/serial/8250/8250_early.o
  CC      lib/dynamic_queue_limits.o
  CC      net/core/netprio_cgroup.o
  CC      drivers/tty/serial/8250/8250_lpss.o
  CC      drivers/tty/serial/8250/8250_pci.o
  CC      drivers/tty/serial/8250/8250_pericom.o
  CC      lib/glob.o
  CC      net/core/netclassid_cgroup.o
  CC      net/core/dst_cache.o
  CC      lib/dim/dim.o
  AR      drivers/tty/serial/8250/built-in.a
  AR      drivers/tty/serial/built-in.a
  AR      drivers/tty/built-in.a
  CC      drivers/iommu/iommu.o
  CC      lib/dim/net_dim.o
  CC      net/core/gro_cells.o
  CC      net/core/failover.o
  CC      lib/dim/rdma_dim.o
  CC      drivers/iommu/iommu-pages.o
  AR      net/core/built-in.a
  CC      net/compat.o
  CC      drivers/iommu/iommu-traces.o
  AR      lib/dim/built-in.a
  CC      lib/strncpy_from_user.o
  CC      lib/strnlen_user.o
  CC      lib/net_utils.o
  CC      drivers/iommu/iommu-sysfs.o
  CC      net/ethernet/eth.o
  CC      lib/sg_pool.o
  CC      lib/stackdepot.o
  CC      drivers/iommu/dma-iommu.o
  CC      lib/asn1_decoder.o
  CC      lib/oid_registry.o
  CC      lib/sbitmap.o
  AR      net/ethernet/built-in.a
  CC      net/sched/sch_generic.o
  CC      lib/group_cpus.o
  CC      drivers/iommu/iova.o
  AR      lib/lib.a
  CC      net/sched/sch_mq.o
  AR      lib/built-in.a
  CC      net/sched/sch_frag.o
  AR      drivers/iommu/built-in.a
  CC      drivers/connector/cn_queue.o
  CC      net/sched/sch_api.o
  CC      net/sched/sch_blackhole.o
  CC      net/sched/cls_api.o
  CC      drivers/connector/connector.o
  CC      net/sched/act_api.o
  CC      net/sched/sch_fifo.o
  AR      drivers/connector/built-in.a
  CC      drivers/base/component.o
  CC      net/sched/cls_cgroup.o
  CC      drivers/base/core.o
  CC      drivers/base/bus.o
  CC      drivers/block/loop.o
  AR      net/sched/built-in.a
  CC      net/netlink/af_netlink.o
  CC      net/ethtool/ioctl.o
  CC      drivers/block/virtio_blk.o
  CC      drivers/base/dd.o
  AR      drivers/block/built-in.a
  CC      drivers/misc/eeprom/eeprom_93cx6.o
  CC      drivers/base/syscore.o
  CC      net/netlink/genetlink.o
  AR      drivers/misc/eeprom/built-in.a
  CC      drivers/misc/mei/init.o
  CC      net/ethtool/common.o
  CC      drivers/base/driver.o
  CC      drivers/misc/mei/hbm.o
  CC      drivers/base/class.o
  CC      net/netlink/policy.o
  CC      net/ethtool/netlink.o
  CC      drivers/misc/mei/interrupt.o
  CC      drivers/base/platform.o
  AR      net/netlink/built-in.a
  CC      drivers/misc/mei/client.o
  CC      net/netfilter/core.o
  CC      net/ethtool/bitset.o
  CC      drivers/base/cpu.o
  CC      drivers/misc/mei/main.o
  CC      drivers/base/firmware.o
  CC      net/netfilter/nf_log.o
  CC      net/ethtool/strset.o
  CC      drivers/base/init.o
  CC      drivers/misc/mei/dma-ring.o
  CC      drivers/base/map.o
  CC      net/netfilter/nf_queue.o
  CC      drivers/misc/mei/bus.o
  CC      net/ethtool/linkinfo.o
  CC      drivers/base/devres.o
  CC      drivers/misc/mei/bus-fixup.o
  CC      net/ethtool/linkmodes.o
  CC      net/netfilter/nf_sockopt.o
  CC      drivers/base/attribute_container.o
  CC      drivers/misc/mei/debugfs.o
  CC      drivers/base/transport_class.o
  CC      net/netfilter/utils.o
  CC      drivers/misc/mei/mei-trace.o
  CC      net/ethtool/rss.o
  CC      drivers/base/topology.o
  CC      drivers/base/container.o
  AR      drivers/misc/mei/built-in.a
  AR      drivers/misc/built-in.a
  CC      drivers/dma-buf/dma-buf.o
  CC      net/ethtool/linkstate.o
  CC      net/netfilter/nfnetlink.o
  CC      drivers/base/property.o
  CC      net/ethtool/debug.o
  CC      drivers/dma-buf/dma-fence.o
  CC      net/netfilter/nfnetlink_log.o
  CC      drivers/base/cacheinfo.o
  CC      net/ethtool/wol.o
  CC      drivers/dma-buf/dma-fence-array.o
  CC      drivers/base/swnode.o
  CC      net/netfilter/nf_conntrack_core.o
  CC      drivers/dma-buf/dma-fence-chain.o
  CC      net/ethtool/features.o
  CC      drivers/base/faux.o
  CC      drivers/dma-buf/dma-fence-unwrap.o
  CC      drivers/dma-buf/dma-resv.o
  CC      drivers/base/devtmpfs.o
  CC      net/ethtool/privflags.o
  CC      net/netfilter/nf_conntrack_standalone.o
  CC      drivers/dma-buf/dma-buf-mapping.o
  CC      drivers/base/power/sysfs.o
  CC      net/netfilter/nf_conntrack_expect.o
  CC      net/ethtool/rings.o
  CC      drivers/dma-buf/sync_file.o
  CC      drivers/base/power/generic_ops.o
  AR      drivers/dma-buf/built-in.a
  CC      drivers/base/power/common.o
  CC      net/netfilter/nf_conntrack_helper.o
  CC      net/ethtool/channels.o
  CC      drivers/base/power/qos.o
  CC      drivers/base/power/runtime.o
  CC      net/ethtool/coalesce.o
  CC      net/netfilter/nf_conntrack_proto.o
  CC      drivers/base/power/wakeirq.o
  CC      drivers/base/power/main.o
  CC      drivers/base/power/wakeup.o
  CC      net/ethtool/pause.o
  CC      net/netfilter/nf_conntrack_proto_generic.o
  CC      drivers/base/power/wakeup_stats.o
  CC      drivers/base/power/trace.o
  CC      net/ethtool/eee.o
  CC      net/ethtool/tsinfo.o
  CC      net/netfilter/nf_conntrack_proto_tcp.o
  AR      drivers/base/power/built-in.a
  CC      drivers/base/firmware_loader/main.o
  CC      net/ethtool/cabletest.o
  CC      net/ethtool/tunnels.o
  CC      drivers/base/firmware_loader/builtin/main.o
  CC      net/netfilter/nf_conntrack_proto_udp.o
  AR      drivers/base/firmware_loader/builtin/built-in.a
  AR      drivers/base/firmware_loader/built-in.a
  CC      drivers/base/platform-msi.o
  CC      net/ethtool/fec.o
  CC      net/ethtool/eeprom.o
  CC      drivers/base/trace.o
  CC      net/netfilter/nf_conntrack_proto_icmp.o
  CC      net/ethtool/stats.o
  AR      drivers/base/built-in.a
  CC      drivers/macintosh/mac_hid.o
  CC      net/ethtool/phc_vclocks.o
  AR      drivers/macintosh/built-in.a
  CC      net/netfilter/nf_conntrack_extend.o
  CC      drivers/scsi/scsi.o
  CC      net/ethtool/mm.o
  CC      net/ethtool/module.o
  CC      net/netfilter/nf_conntrack_acct.o
  CC      drivers/scsi/hosts.o
  CC      net/ethtool/cmis_fw_update.o
  CC      net/ethtool/cmis_cdb.o
  CC      net/netfilter/nf_conntrack_seqadj.o
  CC      drivers/scsi/scsi_ioctl.o
  CC      net/ethtool/pse-pd.o
  CC      net/ethtool/plca.o
  CC      drivers/scsi/scsicam.o
  CC      net/netfilter/nf_conntrack_proto_icmpv6.o
  CC      drivers/scsi/scsi_error.o
  CC      net/ethtool/phy.o
  CC      drivers/scsi/scsi_lib.o
  CC      net/netfilter/nf_conntrack_ftp.o
  CC      net/ethtool/tsconfig.o
  CC      net/netfilter/nf_conntrack_irc.o
  CC      drivers/scsi/scsi_lib_dma.o
  CC      net/netfilter/nf_conntrack_sip.o
  CC      net/ethtool/mse.o
  CC      net/netfilter/nf_log_syslog.o
  CC      drivers/scsi/scsi_scan.o
  AR      net/ethtool/built-in.a
  CC      drivers/scsi/scsi_sysfs.o
  CC      net/ipv4/route.o
  CC      net/netfilter/nf_nat_core.o
  CC      net/ipv4/inetpeer.o
  CC      drivers/scsi/scsi_devinfo.o
  CC      net/ipv4/protocol.o
  CC      net/netfilter/nf_nat_proto.o
  CC      drivers/scsi/scsi_sysctl.o
  CC      drivers/scsi/scsi_proc.o
  CC      net/ipv4/ip_input.o
  CC      net/ipv4/ip_fragment.o
  CC      net/netfilter/nf_nat_helper.o
  CC      drivers/scsi/scsi_debugfs.o
  CC      net/ipv4/ip_forward.o
  CC      drivers/scsi/scsi_trace.o
  CC      net/ipv4/ip_options.o
  CC      net/netfilter/nf_nat_masquerade.o
  CC      drivers/scsi/scsi_logging.o
  CC      drivers/scsi/scsi_pm.o
  CC      drivers/scsi/scsi_bsg.o
  CC      net/ipv4/ip_output.o
  CC      net/netfilter/nf_nat_ftp.o
  CC      drivers/scsi/scsi_common.o
  CC      drivers/scsi/scsi_transport_spi.o
  CC      net/netfilter/nf_nat_irc.o
  CC      drivers/scsi/virtio_scsi.o
  CC      drivers/scsi/sd.o
  CC      net/ipv4/ip_sockglue.o
  CC      net/netfilter/nf_nat_sip.o
  CC      net/netfilter/x_tables.o
  CC      net/netfilter/xt_tcpudp.o
  CC      drivers/scsi/sr.o
  CC      net/ipv4/inet_hashtables.o
  CC      net/netfilter/xt_LOG.o
  CC      drivers/scsi/sr_ioctl.o
  CC      net/netfilter/xt_NFLOG.o
  CC      drivers/scsi/sr_vendor.o
  CC      net/netfilter/xt_SECMARK.o
  CC      net/ipv4/inet_timewait_sock.o
  CC      net/netfilter/xt_TCPMSS.o
  CC      drivers/scsi/sg.o
  CC      net/netfilter/xt_addrtype.o
  CC      net/ipv4/inet_connection_sock.o
  CC      net/netfilter/xt_conntrack.o
  AR      drivers/scsi/built-in.a
  CC      drivers/net/loopback.o
  CC      drivers/ata/libata-core.o
  CC      net/netfilter/xt_policy.o
  CC      net/ipv4/tcp.o
  AR      drivers/net/phy/built-in.a
  AR      drivers/net/mdio/built-in.a
  CC      drivers/net/net_failover.o
  CC      net/netfilter/xt_MASQUERADE.o
  AR      drivers/net/built-in.a
  CC      drivers/ata/libata-scsi.o
  CC      drivers/ata/libata-eh.o
  AR      net/netfilter/built-in.a
  CC      net/xfrm/xfrm_policy.o
  CC      net/ipv4/tcp_input.o
  CC      net/xfrm/xfrm_state.o
  CC      drivers/ata/libata-transport.o
  CC      drivers/ata/libata-trace.o
  CC      net/xfrm/xfrm_hash.o
  CC      net/xfrm/xfrm_input.o
  CC      drivers/ata/libata-sff.o
  CC      net/xfrm/xfrm_output.o
  CC      net/ipv4/tcp_output.o
  AR      drivers/ata/built-in.a
  CC      drivers/firewire/init_ohci1394_dma.o
  CC      net/xfrm/xfrm_sysctl.o
  CC      net/xfrm/xfrm_replay.o
  AR      drivers/firewire/built-in.a
  CC      drivers/cdrom/cdrom.o
  CC      net/xfrm/xfrm_device.o
  CC      net/xfrm/xfrm_nat_keepalive.o
  AR      drivers/cdrom/built-in.a
  CC      drivers/usb/common/common.o
  CC      net/ipv4/tcp_timer.o
  CC      drivers/usb/core/usb.o
  CC      net/xfrm/xfrm_algo.o
  CC      drivers/usb/common/debug.o
  AR      drivers/usb/common/built-in.a
  CC      drivers/usb/core/hub.o
  CC      drivers/usb/core/hcd.o
  CC      net/xfrm/xfrm_user.o
  CC      net/ipv4/tcp_ipv4.o
  CC      drivers/usb/core/urb.o
  CC      drivers/usb/core/message.o
  CC      drivers/usb/core/driver.o
  AR      net/xfrm/built-in.a
  CC      net/ipv4/tcp_minisocks.o
  CC      net/ipv6/af_inet6.o
  CC      drivers/usb/core/config.o
  CC      drivers/usb/core/file.o
  CC      drivers/usb/core/buffer.o
  CC      drivers/usb/core/sysfs.o
  CC      net/ipv4/tcp_cong.o
  CC      net/ipv6/anycast.o
  CC      drivers/usb/core/endpoint.o
  CC      drivers/usb/core/devio.o
  CC      net/packet/af_packet.o
  CC      net/ipv6/ip6_output.o
  CC      net/ipv4/tcp_metrics.o
  CC      drivers/usb/core/notify.o
  CC      drivers/usb/core/generic.o
  CC      net/ipv4/tcp_fastopen.o
  CC      drivers/usb/core/quirks.o
  CC      net/ipv6/ip6_input.o
  AR      net/packet/built-in.a
  CC      net/wireless/core.o
  CC      drivers/usb/core/devices.o
  CC      net/ipv4/tcp_recovery.o
  CC      drivers/usb/core/phy.o
  CC      net/ipv6/addrconf.o
  CC      drivers/usb/core/port.o
  CC      net/ipv4/tcp_ulp.o
  CC      net/wireless/sysfs.o
  CC      drivers/usb/core/trace.o
  CC      net/ipv4/tcp_offload.o
  AR      drivers/usb/core/built-in.a
  CC      drivers/usb/mon/mon_main.o
  CC      net/wireless/radiotap.o
  CC      drivers/usb/mon/mon_stat.o
  CC      net/ipv6/addrlabel.o
  CC      net/wireless/util.o
  CC      drivers/usb/mon/mon_text.o
  CC      net/ipv4/tcp_plb.o
  CC      net/ipv6/route.o
  CC      drivers/usb/mon/mon_bin.o
  CC      net/ipv4/datagram.o
  AR      drivers/usb/mon/built-in.a
  CC      drivers/usb/host/ehci-hcd.o
  CC      net/wireless/reg.o
  CC      net/ipv4/raw.o
  CC      net/ipv6/ip6_fib.o
  CC      drivers/usb/host/ohci-hcd.o
  CC      net/ipv4/udp.o
  CC      net/wireless/scan.o
  CC      net/ipv6/ipv6_sockglue.o
  CC      drivers/usb/host/xhci.o
  CC      net/ipv4/udp_offload.o
  CC      net/ipv6/ndisc.o
  CC      net/wireless/nl80211.o
  CC      drivers/usb/host/xhci-mem.o
  CC      net/ipv4/arp.o
  CC      net/ipv6/udp.o
  CC      drivers/usb/host/xhci-ext-caps.o
  CC      net/ipv4/icmp.o
  CC      drivers/usb/host/xhci-ring.o
  CC      net/ipv6/raw.o
  CC      drivers/usb/host/xhci-hub.o
  CC      net/ipv4/devinet.o
  CC      net/ipv6/icmp.o
  CC      drivers/usb/host/xhci-dbg.o
  CC      drivers/usb/host/xhci-trace.o
  CC      net/ipv4/af_inet.o
  CC      net/ipv6/mcast.o
  CC      drivers/usb/host/xhci-debugfs.o
  CC      net/ipv4/igmp.o
  CC      net/wireless/mlme.o
  AR      drivers/usb/host/built-in.a
  CC      drivers/usb/class/usblp.o
  CC      net/ipv6/reassembly.o
  AR      drivers/usb/class/built-in.a
  CC      drivers/usb/storage/scsiglue.o
  CC      net/ipv4/fib_frontend.o
  CC      net/wireless/ibss.o
  CC      drivers/usb/storage/protocol.o
  CC      net/ipv6/tcp_ipv6.o
  CC      drivers/usb/storage/transport.o
  CC      net/ipv4/fib_semantics.o
  CC      net/wireless/sme.o
  CC      drivers/usb/storage/usb.o
  CC      net/ipv6/ping.o
  CC      drivers/usb/storage/initializers.o
  CC      net/ipv4/fib_trie.o
  CC      drivers/usb/storage/sierra_ms.o
  CC      net/ipv6/exthdrs.o
  CC      net/wireless/chan.o
  CC      drivers/usb/storage/option_ms.o
  CC      net/ipv4/fib_notifier.o
  CC      drivers/usb/storage/usual-tables.o
  CC      net/ipv6/datagram.o
  AR      drivers/usb/storage/built-in.a
  CC      drivers/usb/early/ehci-dbgp.o
  CC      net/wireless/ethtool.o
  CC      net/ipv4/inet_fragment.o
  AR      drivers/usb/early/built-in.a
  AR      drivers/usb/built-in.a
  CC      drivers/input/serio/serio.o
  CC      net/ipv6/ip6_flowlabel.o
  CC      net/wireless/mesh.o
  CC      drivers/input/serio/i8042.o
  CC      net/ipv4/ping.o
  CC      net/ipv6/inet6_connection_sock.o
  CC      drivers/input/serio/serport.o
  CC      net/wireless/ap.o
  CC      net/ipv4/ip_tunnel_core.o
  CC      drivers/input/serio/libps2.o
  CC      net/ipv6/udp_offload.o
  AR      drivers/input/serio/built-in.a
  CC      drivers/input/input.o
  CC      net/wireless/trace.o
  CC      net/ipv6/seg6.o
  CC      net/ipv4/gre_offload.o
  CC      drivers/input/input-compat.o
  CC      net/ipv6/fib6_notifier.o
  CC      drivers/input/input-mt.o
  CC      net/ipv4/metrics.o
  CC      drivers/input/input-poller.o
  CC      net/ipv6/rpl.o
  CC      net/ipv4/netlink.o
  CC      drivers/input/ff-core.o
  CC      net/ipv6/ioam6.o
  CC      drivers/input/touchscreen.o
  CC      net/ipv4/nexthop.o
  CC      drivers/input/touch-overlay.o
  CC      drivers/input/ff-memless.o
  CC      net/ipv6/sysctl_net_ipv6.o
  CC      drivers/input/sparse-keymap.o
  CC      net/ipv4/udp_tunnel_stub.o
  CC      net/ipv6/xfrm6_policy.o
  CC      drivers/input/input-leds.o
  CC      drivers/input/evdev.o
  CC      net/ipv4/ip_tunnel.o
  CC      net/wireless/ocb.o
  CC      net/ipv6/xfrm6_state.o
  CC      drivers/input/mouse/psmouse-base.o
  CC      net/ipv6/xfrm6_input.o
  CC      net/ipv4/sysctl_net_ipv4.o
  CC      net/wireless/michael-mic.o
  CC      drivers/input/mouse/synaptics.o
  CC      net/wireless/pmsr.o
  CC      net/ipv6/xfrm6_output.o
  CC      drivers/input/mouse/focaltech.o
  CC      net/ipv4/proc.o
  CC      drivers/input/mouse/alps.o
  CC      net/ipv6/xfrm6_protocol.o
  CC      net/ipv4/fib_rules.o
  CC      net/wireless/shipped-certs.o
  CC      drivers/input/mouse/byd.o
  CC      net/ipv6/netfilter.o
  CC      drivers/input/mouse/logips2pp.o
  AR      net/wireless/built-in.a
  CC      net/ipv4/ipmr.o
  CC      drivers/input/mouse/lifebook.o
  CC      net/mac80211/main.o
  CC      net/ipv6/proc.o
  CC      drivers/input/mouse/trackpoint.o
  CC      drivers/input/mouse/cypress_ps2.o
  CC      net/ipv4/ipmr_base.o
  CC      net/ipv6/syncookies.o
  CC      drivers/input/mouse/psmouse-smbus.o
  CC      net/mac80211/status.o
  AR      drivers/input/mouse/built-in.a
  AR      drivers/input/built-in.a
  CC      drivers/rtc/lib.o
  CC      net/ipv4/syncookies.o
  CC      net/ipv6/calipso.o
  CC      drivers/rtc/class.o
  CC      net/mac80211/driver-ops.o
  CC      drivers/rtc/interface.o
  CC      net/ipv4/tunnel4.o
  CC      net/ipv6/ah6.o
  CC      drivers/rtc/dev.o
  CC      net/ipv4/ipconfig.o
  CC      net/ipv6/esp6.o
  CC      net/mac80211/sta_info.o
  CC      drivers/rtc/rtc-mc146818-lib.o
  CC      drivers/rtc/rtc-cmos.o
  CC      net/ipv4/netfilter.o
  CC      net/ipv6/netfilter/nf_defrag_ipv6_hooks.o
  AR      drivers/rtc/built-in.a
  CC      drivers/i2c/i2c-boardinfo.o
  CC      net/ipv4/netfilter/nf_defrag_ipv4.o
  CC      drivers/i2c/i2c-core-base.o
  CC      net/mac80211/wep.o
  CC      net/ipv6/netfilter/nf_conntrack_reasm.o
  AR      net/ipv4/netfilter/built-in.a
  CC      net/ipv4/cipso_ipv4.o
  CC      net/mac80211/aead_api.o
  CC      drivers/i2c/i2c-core-smbus.o
  CC      net/ipv6/netfilter/ip6t_ipv6header.o
  CC      net/mac80211/wpa.o
  CC      net/ipv4/xfrm4_policy.o
  CC      drivers/i2c/i2c-smbus.o
  AR      net/ipv6/netfilter/built-in.a
  CC      net/ipv6/sit.o
  CC      net/mac80211/scan.o
  CC      drivers/i2c/busses/i2c-i801.o
  CC      net/ipv4/xfrm4_state.o
  AR      drivers/i2c/busses/built-in.a
  AR      drivers/i2c/built-in.a
  CC      net/ipv6/addrconf_core.o
  CC      net/ipv4/xfrm4_input.o
  CC      drivers/pps/pps.o
  CC      net/mac80211/offchannel.o
  CC      net/ipv6/exthdrs_core.o
  CC      drivers/pps/kapi.o
  CC      net/ipv4/xfrm4_output.o
  CC      drivers/pps/sysfs.o
  CC      net/ipv6/ip6_checksum.o
  CC      net/mac80211/ht.o
  AR      drivers/pps/built-in.a
  CC      drivers/ptp/ptp_clock.o
  CC      net/ipv4/xfrm4_protocol.o
  CC      net/ipv6/ip6_icmp.o
  CC      drivers/ptp/ptp_chardev.o
  AR      net/ipv4/built-in.a
  CC      drivers/ptp/ptp_sysfs.o
  CC      net/mac80211/agg-tx.o
  CC      drivers/ptp/ptp_vclock.o
  CC      net/ipv6/output_core.o
  CC      drivers/ptp/ptp_vmclock.o
  CC      net/ipv6/protocol.o
  AR      drivers/ptp/built-in.a
  CC      drivers/power/supply/power_supply_core.o
  CC      net/mac80211/agg-rx.o
  CC      net/ipv6/ip6_offload.o
  CC      net/ipv6/exthdrs_offload.o
  CC      drivers/power/supply/power_supply_sysfs.o
  CC      drivers/power/supply/power_supply_leds.o
  CC      net/ipv6/inet6_hashtables.o
  CC      net/mac80211/vht.o
  CC      net/ipv6/mcast_snoop.o
  AR      drivers/power/supply/built-in.a
  AR      drivers/power/built-in.a
  CC      drivers/md/md.o
  CC      drivers/md/md-autodetect.o
  AR      net/ipv6/built-in.a
  CC      net/netlabel/netlabel_user.o
  CC      net/mac80211/he.o
  CC      drivers/md/dm.o
  CC      net/netlabel/netlabel_kapi.o
  CC      net/mac80211/s1g.o
  CC      drivers/md/dm-table.o
  CC      net/netlabel/netlabel_domainhash.o
  CC      drivers/md/dm-target.o
  CC      drivers/md/dm-linear.o
  CC      net/mac80211/ibss.o
  CC      net/netlabel/netlabel_addrlist.o
  CC      drivers/md/dm-stripe.o
  CC      drivers/md/dm-ioctl.o
  CC      drivers/md/dm-io.o
  CC      net/netlabel/netlabel_mgmt.o
  CC      net/mac80211/iface.o
  CC      drivers/md/dm-kcopyd.o
  CC      drivers/md/dm-sysfs.o
  CC      net/netlabel/netlabel_unlabeled.o
  CC      drivers/md/dm-stats.o
  CC      drivers/md/dm-rq.o
  CC      net/mac80211/link.o
  CC      net/netlabel/netlabel_cipso_v4.o
  CC      drivers/md/dm-io-rewind.o
  CC      drivers/md/dm-builtin.o
  CC      drivers/md/dm-raid1.o
  CC      drivers/md/dm-log.o
  CC      net/netlabel/netlabel_calipso.o
  CC      net/mac80211/rate.o
  CC      drivers/md/dm-region-hash.o
  CC      drivers/md/dm-zero.o
  AR      net/netlabel/built-in.a
  CC      net/rfkill/core.o
  CC      net/rfkill/input.o
  AR      drivers/md/built-in.a
  CC      drivers/cpufreq/cpufreq.o
  CC      drivers/cpufreq/freq_table.o
  AR      net/rfkill/built-in.a
  CC      net/9p/mod.o
  CC      net/mac80211/tkip.o
  CC      drivers/cpufreq/cpufreq_performance.o
  CC      net/9p/client.o
  CC      drivers/cpufreq/cpufreq_userspace.o
  CC      drivers/cpufreq/cpufreq_ondemand.o
  CC      net/mac80211/aes_cmac.o
  CC      drivers/cpufreq/cpufreq_governor.o
  CC      drivers/cpufreq/cpufreq_governor_attr_set.o
  CC      net/9p/error.o
  CC      drivers/cpufreq/intel_pstate.o
  CC      net/9p/protocol.o
  CC      net/9p/trans_common.o
  CC      net/mac80211/aes_gmac.o
  CC      net/9p/trans_fd.o
  CC      net/9p/trans_virtio.o
  CC      net/mac80211/fils_aead.o
  AR      drivers/cpufreq/built-in.a
  CC      drivers/cpuidle/cpuidle.o
  CC      drivers/cpuidle/driver.o
  AR      net/9p/built-in.a
  CC      net/sysctl_net.o
  CC      drivers/cpuidle/governor.o
  CC      net/mac80211/cfg.o
  CC      drivers/cpuidle/sysfs.o
  CC      drivers/cpuidle/governors/menu.o
  CC      net/dns_resolver/dns_key.o
  CC      drivers/cpuidle/poll_state.o
  AR      drivers/cpuidle/governors/built-in.a
  CC      net/dns_resolver/dns_query.o
  AR      drivers/cpuidle/built-in.a
  CC      drivers/firmware/dmi_scan.o
  CC      drivers/firmware/dmi-id.o
  AR      net/dns_resolver/built-in.a
  CC      drivers/firmware/memmap.o
  AR      drivers/firmware/efi/built-in.a
  CC      drivers/clocksource/i8253.o
  CC      drivers/hid/hid-core.o
  AR      drivers/firmware/built-in.a
  CC      drivers/platform/x86/p2sb.o
  AR      drivers/clocksource/built-in.a
  CC      drivers/mailbox/mailbox.o
  CC      net/mac80211/ethtool.o
  AR      drivers/platform/x86/built-in.a
  AR      drivers/platform/built-in.a
  CC      drivers/nvmem/core.o
  AR      drivers/mailbox/built-in.a
  CC      net/mac80211/rx.o
  CC      drivers/hid/hid-input.o
  CC      net/mac80211/spectmgmt.o
  AR      drivers/nvmem/built-in.a
  CC      net/mac80211/tx.o
  CC      net/mac80211/key.o
  CC      drivers/hid/hid-quirks.o
  CC      net/mac80211/util.o
  CC      drivers/hid/hid-debug.o
  CC      net/mac80211/parse.o
  CC      net/mac80211/wme.o
  CC      drivers/hid/hidraw.o
  CC      drivers/hid/hid-generic.o
  CC      net/mac80211/chan.o
  CC      net/mac80211/ap.o
  CC      net/mac80211/trace.o
  CC      drivers/hid/hid-gyration.o
  CC      drivers/hid/hid-ntrig.o
  CC      net/mac80211/mlme.o
  CC      net/mac80211/tdls.o
  CC      drivers/hid/hid-petalynx.o
  CC      drivers/hid/hid-samsung.o
  CC      net/mac80211/ocb.o
  CC      drivers/hid/hid-sony.o
  CC      net/mac80211/airtime.o
  CC      drivers/hid/hid-topseed.o
  CC      net/mac80211/eht.o
  CC      net/mac80211/uhr.o
  CC      drivers/hid/usbhid/hid-core.o
  CC      net/mac80211/nan.o
  CC      net/mac80211/pm.o
  CC      drivers/hid/usbhid/hiddev.o
  CC      net/mac80211/rc80211_minstrel_ht.o
  CC      net/mac80211/wbrf.o
  AR      drivers/hid/usbhid/built-in.a
  AR      drivers/hid/built-in.a
  AR      drivers/built-in.a
  AR      net/mac80211/built-in.a
  AR      net/built-in.a
  AR      built-in.a
  AR      built-in-fixup.a
  COPY    vmlinux.a
  LD      vmlinux.o
  MODPOST vmlinux.symvers
  CC      .vmlinux.export.o
  UPD     include/generated/utsversion.h
  CC      init/version-timestamp.o
  KSYMS   .tmp_vmlinux0.kallsyms.S
  AS      .tmp_vmlinux0.kallsyms.o
  LD      .tmp_vmlinux1
  NM      .tmp_vmlinux1.syms
  KSYMS   .tmp_vmlinux1.kallsyms.S
  AS      .tmp_vmlinux1.kallsyms.o
  LD      .tmp_vmlinux2
  NM      .tmp_vmlinux2.syms
  KSYMS   .tmp_vmlinux2.kallsyms.S
  AS      .tmp_vmlinux2.kallsyms.o
  LD      vmlinux.unstripped
  NM      System.map
  SORTTAB vmlinux.unstripped
  OBJCOPY vmlinux
  GEN     modules.builtin.modinfo
  GEN     modules.builtin
  CC      arch/x86/boot/a20.o
  CC      arch/x86/boot/cmdline.o
  AS      arch/x86/boot/copy.o
  CC      arch/x86/boot/cpu.o
  CC      arch/x86/boot/cpuflags.o
  CC      arch/x86/boot/cpucheck.o
  CC      arch/x86/boot/early_serial_console.o
  CC      arch/x86/boot/edd.o
  CC      arch/x86/boot/main.o
  CC      arch/x86/boot/memory.o
  CC      arch/x86/boot/pm.o
  LDS     arch/x86/boot/compressed/vmlinux.lds
  AS      arch/x86/boot/compressed/head_64.o
  AS      arch/x86/boot/pmjump.o
  CC      arch/x86/boot/printf.o
  CC      arch/x86/boot/regs.o
  CC      arch/x86/boot/string.o
  VOFFSET arch/x86/boot/compressed/../voffset.h
  CC      arch/x86/boot/tty.o
  CC      arch/x86/boot/video.o
  CC      arch/x86/boot/video-mode.o
  CC      arch/x86/boot/version.o
  CC      arch/x86/boot/video-vga.o
  CC      arch/x86/boot/video-vesa.o
  CC      arch/x86/boot/compressed/string.o
  CC      arch/x86/boot/video-bios.o
  CC      arch/x86/boot/compressed/cmdline.o
  CC      arch/x86/boot/compressed/error.o
  OBJCOPY arch/x86/boot/compressed/vmlinux.bin
  CC      arch/x86/boot/compressed/cpuflags.o
  CC      arch/x86/boot/compressed/early_serial_console.o
  CC      arch/x86/boot/compressed/ident_map_64.o
  CC      arch/x86/boot/compressed/idt_64.o
  AS      arch/x86/boot/compressed/idt_handlers_64.o
  CC      arch/x86/boot/compressed/pgtable_64.o
  CC      arch/x86/boot/compressed/misc.o
  GZIP    arch/x86/boot/compressed/vmlinux.bin.gz
  MKPIGGY arch/x86/boot/compressed/piggy.S
  AS      arch/x86/boot/compressed/piggy.o
  LD      arch/x86/boot/compressed/vmlinux
  ZOFFSET arch/x86/boot/zoffset.h
  OBJCOPY arch/x86/boot/vmlinux.bin
  AS      arch/x86/boot/header.o
  LD      arch/x86/boot/setup.elf
  OBJCOPY arch/x86/boot/setup.bin
  BUILD   arch/x86/boot/bzImage
Kernel: arch/x86/boot/bzImage is ready  (#11)
make[5]: Leaving directory '/mnt/git-volume/kernel-test-mainline/build/randdefconfig-x86_64'
make[4]: Leaving directory '/mnt/git-volume/linux-mainline'
