make[3]: Entering directory '/home/benni/git/linux-stable-rc'
make[4]: Entering directory '/tmp/tmp.70Hs7Yfdpy'
  UPD     /tmp/tmp.70Hs7Yfdpy/Makefile
  HOSTCC  scripts/basic/fixdep
  HOSTCC  scripts/kconfig/conf.o
  HOSTCC  scripts/kconfig/confdata.o
  HOSTCC  scripts/kconfig/expr.o
  LEX     scripts/kconfig/lexer.lex.c
  YACC    scripts/kconfig/parser.tab.[ch]
  HOSTCC  scripts/kconfig/lexer.lex.o
  HOSTCC  scripts/kconfig/menu.o
  HOSTCC  scripts/kconfig/parser.tab.o
  HOSTCC  scripts/kconfig/preprocess.o
  HOSTCC  scripts/kconfig/symbol.o
  HOSTCC  scripts/kconfig/util.o
  HOSTLD  scripts/kconfig/conf
KCONFIG_SEED=0xF6E6C024
#
# configuration written to .config
#
make[4]: Leaving directory '/tmp/tmp.70Hs7Yfdpy'
make[3]: Leaving directory '/home/benni/git/linux-stable-rc'
make[3]: Entering directory '/home/benni/git/linux-stable-rc'
make[4]: Entering directory '/tmp/tmp.70Hs7Yfdpy'
  GENSEED scripts/basic/randstruct.seed
.config:5636:warning: override: reassigning to symbol PRINTK
.config:5640:warning: override: reassigning to symbol TTY
.config:5643:warning: override: reassigning to symbol BLK_DEV_INITRD
.config:5644:warning: override: reassigning to symbol RD_GZIP
.config:5647:warning: override: reassigning to symbol BINFMT_ELF
.config:5648:warning: override: reassigning to symbol BINFMT_SCRIPT
.config:5651:warning: override: reassigning to symbol TMPFS
.config:5668:warning: override: reassigning to symbol MODULES
.config:5671:warning: override: reassigning to symbol DRM
.config:5672:warning: override: reassigning to symbol SOUND
.config:5673:warning: override: reassigning to symbol STAGING
.config:5675:warning: override: reassigning to symbol MEDIA_SUPPORT
.config:5681:warning: override: reassigning to symbol KCOV
.config:5682:warning: override: reassigning to symbol KASAN
.config:5685:warning: override: reassigning to symbol KFENCE
.config:5686:warning: override: reassigning to symbol UBSAN
.config:5713:warning: override: reassigning to symbol KUNIT
.config:5721:warning: override: reassigning to symbol OF_UNITTEST
#
# configuration written to .config
#
make[4]: Leaving directory '/tmp/tmp.70Hs7Yfdpy'
make[3]: Leaving directory '/home/benni/git/linux-stable-rc'
make[3]: Entering directory '/home/benni/git/linux-stable-rc'
make[4]: Entering directory '/home/benni/git/kernel-test-stable-rc/build/rand500config-arm64'
.config:1560:warning: override: reassigning to symbol IRQ_POLL
.config:1561:warning: override: reassigning to symbol ARM_TIMER_SP804
.config:1568:warning: override: reassigning to symbol CPU_LITTLE_ENDIAN
.config:1569:warning: override: reassigning to symbol ARCH_HAS_CC_PLATFORM
.config:1574:warning: override: reassigning to symbol MEMORY_HOTPLUG
.config:1578:warning: override: reassigning to symbol BATTERY_BQ27XXX
.config:1579:warning: override: reassigning to symbol PAGE_SIZE_LESS_THAN_256KB
.config:1588:warning: override: reassigning to symbol ARM64_ERRATUM_1024718
.config:1589:warning: override: reassigning to symbol ARCH_HAS_CPU_CACHE_INVALIDATE_MEMREGION
.config:1590:warning: override: reassigning to symbol CC_HAS_AUTO_VAR_INIT_ZERO_BARE
.config:1593:warning: override: reassigning to symbol CRYPTO
.config:1594:warning: override: reassigning to symbol GENERIC_IRQ_EFFECTIVE_AFF_MASK
.config:1595:warning: override: reassigning to symbol ENCLOSURE_SERVICES
.config:1600:warning: override: reassigning to symbol CORDIC
.config:1605:warning: override: reassigning to symbol PVPANIC
.config:1606:warning: override: reassigning to symbol MEMTEST
.config:1609:warning: override: reassigning to symbol ARM_PSCI_FW
.config:1610:warning: override: reassigning to symbol CC_NO_STRINGOP_OVERFLOW
.config:1613:warning: override: reassigning to symbol SPARSE_IRQ
.config:1615:warning: override: reassigning to symbol TRACE_IRQFLAGS_NMI_SUPPORT
.config:1617:warning: override: reassigning to symbol LOCALVERSION_AUTO
.config:1619:warning: override: reassigning to symbol ARCH_WANT_DEFAULT_TOPDOWN_MMAP_LAYOUT
.config:1625:warning: override: reassigning to symbol TRACING_SUPPORT
.config:1634:warning: override: reassigning to symbol ARCH_SUNXI
.config:1636:warning: override: reassigning to symbol ARCH_SUPPORTS_MSEAL_SYSTEM_MAPPINGS
.config:1639:warning: override: reassigning to symbol MULTIUSER
.config:1643:warning: override: reassigning to symbol GENERIC_SCHED_CLOCK
.config:1652:warning: override: reassigning to symbol ARM64_ERRATUM_2441007
.config:1656:warning: override: reassigning to symbol DEBUG_MEMORY_INIT
.config:1661:warning: override: reassigning to symbol POWER_SUPPLY
.config:1665:warning: override: reassigning to symbol LD_ORPHAN_WARN
.config:1667:warning: override: reassigning to symbol ARCH_USE_QUEUED_SPINLOCKS
.config:1673:warning: override: reassigning to symbol ARCH_USE_SYM_ANNOTATIONS
.config:1682:warning: override: reassigning to symbol GENERIC_IRQ_SHOW_LEVEL
.config:1683:warning: override: reassigning to symbol CDX_BUS
.config:1688:warning: override: reassigning to symbol MMC
.config:1693:warning: override: reassigning to symbol HAVE_GUP_FAST
.config:1694:warning: override: reassigning to symbol HAVE_EFFICIENT_UNALIGNED_ACCESS
.config:1695:warning: override: reassigning to symbol CC_HAS_KASAN_SW_TAGS
.config:1699:warning: override: reassigning to symbol TREE_SRCU
.config:1701:warning: override: reassigning to symbol DEBUG_FS
.config:1710:warning: override: reassigning to symbol HW_RANDOM
.config:1717:warning: override: reassigning to symbol IRQCHIP
.config:1725:warning: override: reassigning to symbol RWSEM_SPIN_ON_OWNER
.config:1726:warning: override: reassigning to symbol DAMON
.config:1734:warning: override: reassigning to symbol SECRETMEM
.config:1735:warning: override: reassigning to symbol ARM64_ERRATUM_843419
.config:1740:warning: override: reassigning to symbol CC_HAS_AUTO_VAR_INIT_PATTERN
.config:1755:warning: override: reassigning to symbol DMA_RESTRICTED_POOL
.config:1760:warning: override: reassigning to symbol FUTEX
.config:1761:warning: override: reassigning to symbol GPIB
.config:1762:warning: override: reassigning to symbol ADVISE_SYSCALLS
.config:1770:warning: override: reassigning to symbol COMPAT_BRK
.config:1776:warning: override: reassigning to symbol ARM64_TAGGED_ADDR_ABI
.config:1783:warning: override: reassigning to symbol CGROUPS
.config:1787:warning: override: reassigning to symbol TIMER_OF
.config:1790:warning: override: reassigning to symbol ARM64_SVE
.config:1796:warning: override: reassigning to symbol ARCH_WANT_BATCHED_UNMAP_TLB_FLUSH
.config:1798:warning: override: reassigning to symbol HAVE_MOD_ARCH_SPECIFIC
.config:1802:warning: override: reassigning to symbol GENERIC_IRQ_SHOW
.config:1806:warning: override: reassigning to symbol ARM64_CNP
.config:1807:warning: override: reassigning to symbol GENERIC_CLOCKEVENTS_BROADCAST
.config:1809:warning: override: reassigning to symbol CC_HAS_COUNTED_BY
.config:1810:warning: override: reassigning to symbol HAVE_ARCH_VMAP_STACK
.config:1833:warning: override: reassigning to symbol PT_RECLAIM
.config:1844:warning: override: reassigning to symbol ARCH_HAS_HW_PTE_YOUNG
.config:1847:warning: override: reassigning to symbol CC_HAS_KASAN_GENERIC
.config:1852:warning: override: reassigning to symbol INPUT
.config:1861:warning: override: reassigning to symbol ARCH_SUPPORTS_ATOMIC_RMW
.config:1865:warning: override: reassigning to symbol ARCH_SUPPORTS_MEMORY_FAILURE
.config:1867:warning: override: reassigning to symbol UIO
.config:1874:warning: override: reassigning to symbol ARCH_WANTS_EXECMEM_LATE
.config:1881:warning: override: reassigning to symbol OF_ADDRESS
.config:1901:warning: override: reassigning to symbol CAVIUM_ERRATUM_30115
.config:1904:warning: override: reassigning to symbol GENERIC_STRNLEN_USER
.config:1908:warning: override: reassigning to symbol RCU_STALL_COMMON
.config:1912:warning: override: reassigning to symbol MEMSTICK
.config:1923:warning: override: reassigning to symbol CC_HAS_INT128
.config:1924:warning: override: reassigning to symbol ARCH_HAVE_ELF_PROT
.config:1925:warning: override: reassigning to symbol HAVE_MOVE_PMD
.config:1929:warning: override: reassigning to symbol CC_CAN_LINK
.config:1943:warning: override: reassigning to symbol HAVE_ARCH_COMPILER_H
.config:1946:warning: override: reassigning to symbol BUG_ON_DATA_CORRUPTION
.config:1948:warning: override: reassigning to symbol GENERIC_IOREMAP
.config:1954:warning: override: reassigning to symbol KERNEL_MODE_NEON
.config:1962:warning: override: reassigning to symbol HAVE_ARCH_RANDOMIZE_KSTACK_OFFSET
.config:1970:warning: override: reassigning to symbol ARCH_INTEL_SOCFPGA
.config:1980:warning: override: reassigning to symbol ARM_GIC_V3
.config:1981:warning: override: reassigning to symbol ARM64_POE
.config:1983:warning: override: reassigning to symbol CC_HAS_ASM_INLINE
.config:1985:warning: override: reassigning to symbol QCOM_FALKOR_ERRATUM_E1041
.config:1989:warning: override: reassigning to symbol HYPERV
.config:1995:warning: override: reassigning to symbol PHY_CADENCE_TORRENT
.config:1996:warning: override: reassigning to symbol MFD_SYSCON
.config:2003:warning: override: reassigning to symbol MITIGATE_SPECTRE_BRANCH_HISTORY
.config:2004:warning: override: reassigning to symbol PREEMPT_BUILD
.config:2006:warning: override: reassigning to symbol GPIOLIB_LEGACY
.config:2009:warning: override: reassigning to symbol HAVE_KRETPROBES
.config:2010:warning: override: reassigning to symbol ARM_SMCCC_SOC_ID
.config:2013:warning: override: reassigning to symbol SYSFS
.config:2014:warning: override: reassigning to symbol ARM_SCMI_PROTOCOL
.config:2015:warning: override: reassigning to symbol BITREVERSE
.config:2021:warning: override: reassigning to symbol ARCH_DEFAULT_CRASH_DUMP
.config:2022:warning: override: reassigning to symbol ARCH_UNIPHIER
.config:2026:warning: override: reassigning to symbol ARM64_ERRATUM_2051678
.config:2029:warning: override: reassigning to symbol CMA
.config:2033:warning: override: reassigning to symbol HAVE_ARCH_KASAN_VMALLOC
.config:2035:warning: override: reassigning to symbol NEW_LEDS
.config:2046:warning: override: reassigning to symbol ARM_GIC_ITS_PARENT
.config:2047:warning: override: reassigning to symbol LOCK_DEBUGGING_SUPPORT
.config:2050:warning: override: reassigning to symbol RATIONAL
.config:2054:warning: override: reassigning to symbol NO_IOPORT_MAP
.config:2055:warning: override: reassigning to symbol QUEUED_RWLOCKS
.config:2069:warning: override: reassigning to symbol PRINTK
.config:2073:warning: override: reassigning to symbol TTY
.config:2076:warning: override: reassigning to symbol BLK_DEV_INITRD
.config:2080:warning: override: reassigning to symbol BINFMT_ELF
.config:2081:warning: override: reassigning to symbol BINFMT_SCRIPT
.config:2084:warning: override: reassigning to symbol TMPFS
.config:2095:warning: override: reassigning to symbol ARM64_4K_PAGES
#
# configuration written to .config
#
make[4]: Leaving directory '/home/benni/git/kernel-test-stable-rc/build/rand500config-arm64'
make[3]: Leaving directory '/home/benni/git/linux-stable-rc'
make[3]: Entering directory '/home/benni/git/linux-stable-rc'
make[4]: Entering directory '/home/benni/git/kernel-test-stable-rc/build/rand500config-arm64'
  SYNC    include/config/auto.conf
  UPD     include/config/kernel.release
  UPD     include/generated/utsrelease.h
  CC      scripts/mod/empty.o
  CC      scripts/mod/devicetable-offsets.s
  MKELF   scripts/mod/elfconfig.h
  HOSTCC  scripts/mod/modpost.o
  HOSTCC  scripts/mod/sumversion.o
  HOSTCC  scripts/mod/symsearch.o
  HOSTCC  scripts/mod/file2alias.o
  HOSTLD  scripts/mod/modpost
  CC      kernel/bounds.s
  UPD     include/generated/bounds.h
  CC      arch/arm64/kernel/asm-offsets.s
  UPD     include/generated/asm-offsets.h
  CC      kernel/sched/rq-offsets.s
  UPD     include/generated/rq-offsets.h
  CALL    /home/benni/git/linux-stable-rc/scripts/checksyscalls.sh 
  LDS     arch/arm64/kernel/vdso/vdso.lds
  CC      arch/arm64/kernel/vdso/vgettimeofday.o
  AS      arch/arm64/kernel/vdso/sigreturn.o
  AS      arch/arm64/kernel/vdso/note.o
  CC      arch/arm64/kernel/vdso/vgetrandom.o
  AS      arch/arm64/kernel/vdso/vgetrandom-chacha.o
  LD      arch/arm64/kernel/vdso/vdso.so.dbg
  VDSOSYM include/generated/vdso-offsets.h
  OBJCOPY arch/arm64/kernel/vdso/vdso.so
  GEN     usr/initramfs_data.cpio
  CC      init/main.o
  CC      arch/arm64/kernel/debug-monitors.o
  CC      kernel/fork.o
  COPY    usr/initramfs_inc_data
  AS      usr/initramfs_data.o
  AR      usr/built-in.a
  CC      kernel/exec_domain.o
  AS      arch/arm64/kernel/entry.o
  CC      arch/arm64/kernel/irq.o
  UPD     init/utsversion-tmp.h
  CC      init/do_mounts.o
  CC      mm/filemap.o
  CC      arch/arm64/kernel/fpsimd.o
  CC      kernel/exec_state.o
  CC      init/do_mounts_initrd.o
  CC      kernel/panic.o
  CC      arch/arm64/kernel/entry-common.o
  CC      init/initramfs.o
  CC      kernel/cpu.o
  CC      mm/mempool.o
  CC      arch/arm64/kernel/process.o
  CC      init/calibrate.o
  CC      mm/oom_kill.o
  CC      kernel/exit.o
  CC      init/init_task.o
  CC      arch/arm64/kernel/ptrace.o
  CC      mm/fadvise.o
  CC      init/version.o
  CC      kernel/softirq.o
  AR      init/built-in.a
  CC      arch/arm64/kernel/setup.o
  CC      mm/maccess.o
  CC      fs/open.o
  CC      kernel/resource.o
  CC      arch/arm64/kernel/signal.o
  CC      mm/page-writeback.o
  CC      fs/read_write.o
  CC      kernel/sysctl.o
  CC      arch/arm64/kernel/sys.o
  CC      mm/folio-compat.o
  CC      kernel/capability.o
  CC      fs/file_table.o
  CC      arch/arm64/kernel/stacktrace.o
  CC      mm/readahead.o
  CC      kernel/ptrace.o
  CC      fs/super.o
  CC      arch/arm64/kernel/time.o
  CC      mm/swap.o
  CC      arch/arm64/kernel/traps.o
  CC      kernel/user.o
  CC      fs/char_dev.o
  CC      mm/truncate.o
  CC      kernel/signal.o
  CC      arch/arm64/kernel/io.o
  CC      fs/stat.o
  CC      arch/arm64/kernel/vdso.o
  CC      mm/vmscan.o
  CC      fs/exec.o
  AS      arch/arm64/kernel/hyp-stub.o
  CC      arch/arm64/kernel/psci.o
  CC      kernel/sys.o
  CC      arch/arm64/kernel/cpu_ops.o
  CC      mm/shrinker.o
  CC      fs/pipe.o
  CC      arch/arm64/kernel/return_address.o
  CC      kernel/umh.o
  CC      mm/shmem.o
  CC      arch/arm64/kernel/cpuinfo.o
  CC      fs/namei.o
  CC      kernel/workqueue.o
  CC      mm/util.o
  CC      arch/arm64/kernel/cpu_errata.o
  CC      arch/arm64/kernel/cpufeature.o
  CC      mm/mmzone.o
  CC      fs/fcntl.o
  CC      mm/vmstat.o
  CC      kernel/pid.o
  CC      arch/arm64/kernel/alternative.o
  CC      fs/ioctl.o
  CC      mm/backing-dev.o
  CC      kernel/task_work.o
  CC      arch/arm64/kernel/cacheinfo.o
  CC      fs/readdir.o
  CC      mm/mm_init.o
  CC      kernel/extable.o
  CC      arch/arm64/kernel/smp.o
  CC      fs/select.o
  CC      kernel/params.o
  CC      mm/percpu.o
  CC      arch/arm64/kernel/smp_spin_table.o
  CC      kernel/kthread.o
  CC      fs/dcache.o
  CC      arch/arm64/kernel/topology.o
  CC      mm/slab_common.o
  AS      arch/arm64/kernel/smccc-call.o
  CC      arch/arm64/kernel/syscall.o
  CC      kernel/sys_ni.o
  CC      kernel/nsproxy.o
  CC      fs/inode.o
  CC      mm/compaction.o
  CC      arch/arm64/kernel/proton-pack.o
  CC      kernel/nstree.o
  CC      mm/show_mem.o
  CC      arch/arm64/kernel/idle.o
  CC      fs/attr.o
  CC      arch/arm64/kernel/patching.o
  CC      kernel/nscommon.o
  CC      mm/interval_tree.o
  CC      fs/bad_inode.o
  CC      kernel/notifier.o
  CC      arch/arm64/kernel/pi/idreg-override.o
  CC      fs/file.o
  CC      mm/list_lru.o
  CC      kernel/ksysfs.o
  CC      arch/arm64/kernel/pi/map_kernel.o
  CC      mm/workingset.o
  CC      kernel/cred.o
  CC      arch/arm64/kernel/pi/map_range.o
  CC      fs/filesystems.o
  CC      mm/debug.o
  CC      arch/arm64/kernel/pi/lib-fdt.o
  CC      kernel/reboot.o
  CC      fs/namespace.o
  CC      arch/arm64/kernel/pi/lib-fdt_ro.o
  OBJCOPY arch/arm64/kernel/pi/idreg-override.pi.o
  OBJCOPY arch/arm64/kernel/pi/map_kernel.pi.o
  OBJCOPY arch/arm64/kernel/pi/map_range.pi.o
  OBJCOPY arch/arm64/kernel/pi/lib-fdt.pi.o
  OBJCOPY arch/arm64/kernel/pi/lib-fdt_ro.pi.o
  AR      arch/arm64/kernel/pi/built-in.a
  CC      arch/arm64/kernel/rsi.o
  CC      mm/gup.o
  CC      kernel/async.o
  CC      arch/arm64/kernel/jump_label.o
  CC      arch/arm64/kernel/paravirt.o
  CC      kernel/range.o
  CC      kernel/smpboot.o
  CC      arch/arm64/kernel/mte.o
  CC      mm/mmap_lock.o
  CC      fs/seq_file.o
  CC      kernel/ucount.o
  CC      kernel/regset.o
  AS      arch/arm64/kernel/vdso-wrap.o
  AS      arch/arm64/kernel/head.o
  CC      mm/vma_init.o
  LDS     arch/arm64/kernel/vmlinux.lds
  AR      arch/arm64/kernel/built-in.a
  CC      fs/xattr.o
  CC      arch/arm64/mm/dma-mapping.o
  CC      kernel/ksyms_common.o
  CC      mm/highmem.o
  CC      arch/arm64/mm/extable.o
  CC      kernel/groups.o
  CC      arch/arm64/mm/fault.o
  CC      fs/libfs.o
  CC      mm/memory.o
  CC      kernel/sched/core.o
  CC      arch/arm64/mm/init.o
  CC      fs/fs-writeback.o
  AS      arch/arm64/mm/cache.o
  CC      arch/arm64/mm/copypage.o
  CC      kernel/sched/fair.o
  CC      fs/pnode.o
  CC      mm/mincore.o
  CC      arch/arm64/mm/flush.o
  CC      fs/splice.o
  CC      arch/arm64/mm/ioremap.o
  CC      mm/mlock.o
  CC      arch/arm64/mm/mmap.o
  CC      fs/sync.o
  CC      kernel/sched/build_policy.o
  CC      mm/mmap.o
  CC      arch/arm64/mm/pgd.o
  CC      fs/utimes.o
  CC      arch/arm64/mm/mem_encrypt.o
  CC      mm/mmu_gather.o
  CC      fs/d_path.o
  CC      arch/arm64/mm/mmu.o
  CC      mm/mprotect.o
  CC      fs/stack.o
  CC      kernel/sched/build_utility.o
  CC      fs/fs_struct.o
  CC      arch/arm64/mm/context.o
  CC      mm/mremap.o
  CC      fs/statfs.o
  AS      arch/arm64/mm/proc.o
  CC      arch/arm64/mm/pageattr.o
  CC      fs/fs_pin.o
  CC      mm/msync.o
  AR      kernel/sched/built-in.a
  CC      kernel/locking/mutex.o
  CC      arch/arm64/mm/fixmap.o
  CC      fs/nsfs.o
  CC      mm/page_vma_mapped.o
  CC      arch/arm64/mm/mteswap.o
  CC      kernel/locking/semaphore.o
  CC      fs/fs_dirent.o
  CC      mm/pagewalk.o
  CC      fs/fs_context.o
  AR      arch/arm64/mm/built-in.a
  CC      arch/arm64/hyperv/hv_core.o
  CC      kernel/locking/rwsem.o
  CC      arch/arm64/hyperv/mshyperv.o
  CC      kernel/locking/percpu-rwsem.o
  CC      mm/pgtable-generic.o
  CC      fs/fs_parser.o
  AR      arch/arm64/hyperv/built-in.a
  CC      arch/arm64/crypto/sm4-ce-cipher-glue.o
  CC      kernel/locking/spinlock.o
  CC      mm/rmap.o
  CC      fs/fsopen.o
  AS      arch/arm64/crypto/sm4-ce-cipher-core.o
  CC      arch/arm64/crypto/aes-ce-ccm-glue.o
  CC      kernel/locking/osq_lock.o
  CC      kernel/locking/qspinlock.o
  CC      fs/init.o
  AS      arch/arm64/crypto/aes-ce-ccm-core.o
  CC      arch/arm64/crypto/aes-glue-ce.o
  CC      mm/vmalloc.o
  CC      kernel/locking/rtmutex_api.o
  CC      fs/kernel_read_file.o
  CC      arch/arm64/crypto/aes-glue-neon.o
  CC      kernel/locking/qrwlock.o
  CC      fs/mnt_idmapping.o
  AS      arch/arm64/crypto/aes-neonbs-core.o
  CC      arch/arm64/crypto/aes-neonbs-glue.o
  AR      kernel/locking/built-in.a
  CC      kernel/power/qos.o
  CC      fs/remap_range.o
  AR      arch/arm64/crypto/built-in.a
  AR      arch/arm64/built-in.a
  CC      mm/vma.o
  CC      kernel/printk/printk.o
  CC      kernel/power/process.o
  CC      fs/pidfs.o
  AR      kernel/power/built-in.a
  CC      kernel/irq/irqdesc.o
  CC      mm/vma_exec.o
  CC      kernel/printk/printk_safe.o
  CC      fs/file_attr.o
  CC      kernel/irq/handle.o
  CC      kernel/printk/nbcon.o
  CC      mm/mseal.o
  CC      fs/fserror.o
  CC      kernel/irq/manage.o
  CC      kernel/printk/printk_ringbuffer.o
  CC      mm/page_alloc.o
  CC      fs/nullfs.o
  AR      kernel/printk/built-in.a
  CC      kernel/rcu/update.o
  CC      kernel/irq/spurious.o
  CC      fs/anon_inodes.o
  CC      kernel/rcu/sync.o
  CC      kernel/rcu/srcutree.o
  CC      kernel/irq/resend.o
  CC      fs/binfmt_script.o
  CC      mm/page_frag_cache.o
  CC      fs/binfmt_elf.o
  CC      kernel/irq/chip.o
  CC      kernel/rcu/tree.o
  CC      mm/init-mm.o
  CC      kernel/irq/dummychip.o
  CC      fs/kernfs/mount.o
  CC      mm/memblock.o
  CC      kernel/irq/devres.o
  CC      fs/kernfs/inode.o
  CC      kernel/rcu/rcu_segcblist.o
  CC      kernel/irq/kexec.o
  CC      mm/memory_hotplug.o
  CC      fs/kernfs/dir.o
  AR      kernel/rcu/built-in.a
  CC      mm/slub.o
  CC      kernel/irq/generic-chip.o
  CC      fs/kernfs/file.o
  CC      kernel/irq/autoprobe.o
  CC      fs/sysfs/file.o
  CC      kernel/irq/irqdomain.o
  CC      fs/kernfs/symlink.o
  CC      mm/madvise.o
  CC      fs/sysfs/dir.o
  CC      fs/sysfs/symlink.o
  AR      fs/kernfs/built-in.a
  CC      fs/sysfs/mount.o
  CC      kernel/irq/msi.o
  CC      mm/dmapool.o
  CC      kernel/irq/ipi.o
  CC      fs/sysfs/group.o
  CC      mm/sparse.o
  CC      kernel/irq/affinity.o
  CC      mm/sparse-vmemmap.o
  AR      fs/sysfs/built-in.a
  CC      fs/configfs/inode.o
  AR      kernel/irq/built-in.a
  CC      mm/memtest.o
  CC      kernel/dma/mapping.o
  CC      fs/configfs/file.o
  CC      fs/devpts/inode.o
  CC      mm/migrate.o
  CC      kernel/dma/direct.o
  CC      fs/configfs/dir.o
  AR      fs/devpts/built-in.a
  CC      security/commoncap.o
  CC      mm/page_counter.o
  CC      kernel/dma/coherent.o
  CC      fs/configfs/symlink.o
  CC      mm/gup_test.o
  CC      security/min_addr.o
  CC      fs/configfs/mount.o
  CC      kernel/dma/swiotlb.o
  CC      mm/page_isolation.o
  CC      fs/configfs/item.o
  CC      security/device_cgroup.o
  CC      kernel/dma/pool.o
  AR      fs/configfs/built-in.a
  CC      fs/ramfs/inode.o
  CC      mm/early_ioremap.o
  AR      security/built-in.a
  CC      kernel/entry/common.o
  CC      kernel/dma/remap.o
  CC      mm/cma.o
  CC      fs/ramfs/file-mmu.o
  AR      kernel/entry/built-in.a
  AR      kernel/dma/built-in.a
  CC      kernel/freezer.o
  CC      crypto/api.o
  AR      fs/ramfs/built-in.a
  CC      fs/debugfs/inode.o
  CC      mm/secretmem.o
  CC      crypto/cipher.o
  CC      kernel/time/time.o
  CC      fs/debugfs/file.o
  CC      mm/damon/core.o
  CC      crypto/algapi.o
  CC      kernel/time/timer.o
  AR      fs/debugfs/built-in.a
  AR      fs/built-in.a
  CC      crypto/scatterwalk.o
  AS      arch/arm64/lib/clear_page.o
  CC      kernel/time/hrtimer.o
  AS      arch/arm64/lib/clear_user.o
  CC      mm/damon/ops-common.o
  AS      arch/arm64/lib/copy_from_user.o
  AS      arch/arm64/lib/copy_page.o
  AS      arch/arm64/lib/copy_to_user.o
  CC      arch/arm64/lib/csum.o
  CC      crypto/aead.o
  CC      arch/arm64/lib/delay.o
  CC      mm/damon/vaddr.o
  CC      kernel/time/sleep_timeout.o
  CC      arch/arm64/lib/insn.o
  CC      crypto/geniv.o
  CC      kernel/time/timekeeping.o
  AS      arch/arm64/lib/memchr.o
  AS      arch/arm64/lib/memcmp.o
  AS      arch/arm64/lib/memcpy.o
  AS      arch/arm64/lib/memset.o
  AS      arch/arm64/lib/strchr.o
  CC      mm/damon/paddr.o
  AS      arch/arm64/lib/strcmp.o
  CC      crypto/lskcipher.o
  AS      arch/arm64/lib/strlen.o
  AS      arch/arm64/lib/strncmp.o
  AS      arch/arm64/lib/strnlen.o
  AS      arch/arm64/lib/strrchr.o
  AS      arch/arm64/lib/tishift.o
  AS      arch/arm64/lib/mte.o
  AR      arch/arm64/lib/lib.a
  AR      arch/arm64/lib/built-in.a
  CC      crypto/skcipher.o
  CC      kernel/time/ntp.o
  CC      mm/damon/sysfs-common.o
  CC      kernel/time/clocksource.o
  CC      crypto/echainiv.o
  CC      mm/damon/sysfs-schemes.o
  CC      kernel/time/jiffies.o
  CC      mm/damon/sysfs.o
  CC      crypto/ahash.o
  CC      kernel/time/timer_list.o
  CC      crypto/shash.o
  CC      kernel/time/timeconv.o
  AR      mm/damon/built-in.a
  CC      mm/ioremap.o
  CC      kernel/time/timecounter.o
  CC      lib/argv_split.o
  CC      kernel/time/alarmtimer.o
  CC      crypto/sig.o
  AR      mm/built-in.a
  CC      kernel/futex/core.o
  CC      lib/buildid.o
  CC      kernel/time/posix-stubs.o
  CC      crypto/acompress.o
  CC      lib/cmdline.o
  CC      lib/cpumask.o
  CC      kernel/futex/syscalls.o
  CC      kernel/time/clockevents.o
  CC      lib/ctype.o
  CC      lib/dec_and_lock.o
  CC      crypto/scompress.o
  CC      kernel/futex/pi.o
  CC      kernel/time/tick-common.o
  CC      lib/decompress.o
  CC      lib/decompress_bunzip2.o
  CC      kernel/futex/requeue.o
  CC      lib/decompress_inflate.o
  CC      kernel/time/tick-broadcast.o
  CC      crypto/algboss.o
  CC      kernel/futex/waitwake.o
  CC      lib/decompress_unlz4.o
  CC      kernel/time/sched_clock.o
  CC      crypto/testmgr.o
  AR      kernel/futex/built-in.a
  CC      kernel/time/vsyscall.o
  CC      lib/decompress_unlzma.o
  CC      lib/decompress_unlzo.o
  CC      kernel/time/timekeeping_debug.o
  CC      crypto/xcbc.o
  CC      lib/decompress_unxz.o
  CC      drivers/irqchip/irqchip.o
  CC      crypto/md5.o
  CC      lib/decompress_unzstd.o
  AR      kernel/time/built-in.a
  CC      kernel/smp.o
  CC      drivers/irqchip/irq-sun6i-r.o
  CC      crypto/sha256.o
  CC      lib/dump_stack.o
  CC      drivers/irqchip/irq-sunxi-nmi.o
  CC      kernel/cgroup/cgroup.o
  CC      crypto/sha3.o
  CC      lib/earlycpio.o
  CC      lib/extable.o
  CC      drivers/irqchip/irq-gic.o
  CC      crypto/streebog_generic.o
  CC      lib/fdt.o
  CC      lib/fdt_addresses.o
  CC      lib/fdt_empty_tree.o
  CC      lib/fdt_ro.o
  CC      drivers/irqchip/irq-gic-common.o
  CC      crypto/ecb.o
  CC      lib/fdt_rw.o
  CC      lib/fdt_strerror.o
  CC      lib/fdt_sw.o
  CC      lib/fdt_wip.o
  CC      lib/flex_proportions.o
  CC      kernel/cgroup/rstat.o
  CC      drivers/irqchip/irq-msi-lib.o
  CC      crypto/ctr.o
  CC      lib/idr.o
  CC      drivers/irqchip/irq-gic-v3.o
  CC      crypto/xctr.o
  CC      kernel/cgroup/namespace.o
  CC      lib/iomem_copy.o
  CC      crypto/hctr2.o
  CC      lib/irq_regs.o
  CC      drivers/irqchip/irq-gic-v3-mbi.o
  CC      kernel/cgroup/cgroup-v1.o
  CC      lib/is_single_threaded.o
  CC      crypto/gcm.o
  CC      lib/klist.o
  CC      drivers/irqchip/irq-gic-its-msi-parent.o
  CC      lib/kobject.o
  CC      kernel/cgroup/freezer.o
  CC      crypto/aegis128-core.o
  CC      lib/kobject_uevent.o
  CC      drivers/irqchip/irq-gic-v3-its.o
  CC      kernel/cgroup/legacy_freezer.o
  CC      crypto/aegis128-neon.o
  CC      lib/logic_pio.o
  CC      crypto/aegis128-neon-inner.o
  CC      kernel/cgroup/misc.o
  CC      crypto/sm4.o
  CC      lib/maple_tree.o
  CC      crypto/camellia_generic.o
  CC      kernel/cgroup/dmem.o
  CC      drivers/irqchip/irq-gic-v4.o
  AR      kernel/cgroup/built-in.a
  CC      kernel/stop_machine.o
  CC      crypto/842.o
  CC      drivers/irqchip/irq-gic-v5.o
  CC      lib/memcat_p.o
  CC      crypto/ecc.o
  CC      kernel/irq_work.o
  CC      lib/nmi_backtrace.o
  CC      drivers/irqchip/irq-gic-v5-irs.o
  CC      kernel/jump_label.o
  CC      crypto/ecrdsa.o
  CC      lib/objpool.o
  AR      crypto/built-in.a
  CC      lib/plist.o
  CC      kernel/context_tracking.o
  CC      drivers/irqchip/irq-gic-v5-its.o
  CC      lib/radix-tree.o
  CC      drivers/irqchip/irq-gic-v5-iwb.o
  CC      kernel/iomem.o
  CC      lib/ratelimit.o
  CC      drivers/bus/sun50i-de2.o
  CC      drivers/irqchip/irq-uniphier-aidet.o
  CC      lib/rbtree.o
  AR      kernel/built-in.a
  CC      drivers/bus/sunxi-rsb.o
  CC      drivers/phy/phy-core.o
  CC      lib/seq_buf.o
  AR      drivers/irqchip/built-in.a
  CC      lib/siphash.o
  CC      drivers/bus/simple-pm-bus.o
  CC      drivers/pinctrl/core.o
  CC      lib/string.o
  AR      drivers/phy/amlogic/built-in.a
  CC      drivers/phy/cadence/phy-cadence-torrent.o
  CC      drivers/bus/uniphier-system-bus.o
  CC      lib/sys_info.o
  CC      drivers/pinctrl/pinctrl-utils.o
  AR      drivers/bus/built-in.a
  CC      drivers/gpio/gpiolib.o
  CC      lib/timerqueue.o
  CC      lib/vsprintf.o
  CC      drivers/pinctrl/pinmux.o
  CC      drivers/phy/cadence/phy-cadence-sierra.o
  CC      drivers/pinctrl/pinconf.o
  CC      drivers/pinctrl/pinconf-generic.o
  CC      drivers/gpio/gpiolib-devres.o
  AR      drivers/phy/cadence/built-in.a
  CC      lib/win_minmax.o
  CC      drivers/phy/socionext/phy-uniphier-pcie.o
  CC      drivers/pinctrl/pinctrl-generic.o
  CC      drivers/gpio/gpiolib-legacy.o
  CC      lib/xarray.o
  CC      drivers/pinctrl/devicetree.o
  AR      drivers/phy/socionext/built-in.a
  CC      drivers/gpio/gpiolib-of.o
  AR      drivers/phy/built-in.a
  CC      drivers/pinctrl/pinctrl-generic-mux.o
  CC      lib/lockref.o
  CC      drivers/leds/led-core.o
  CC      drivers/pinctrl/pinctrl-scmi.o
  CC      lib/bcd.o
  CC      drivers/gpio/gpiolib-cdev.o
  CC      lib/sort.o
  CC      lib/parser.o
  AR      drivers/leds/built-in.a
  CC      lib/debug_locks.o
  AR      drivers/pinctrl/qcom/built-in.a
  CC      drivers/pinctrl/sunxi/pinctrl-sunxi.o
  CC      drivers/pci/of.o
  CC      lib/random32.o
  CC      drivers/gpio/gpiolib-swnode.o
  CC      lib/bust_spinlocks.o
  AR      drivers/pci/built-in.a
  CC      drivers/gpio/gpio-mmio.o
  CC      drivers/gpio/gpio-amd-fch.o
  CC      drivers/pinctrl/sunxi/pinctrl-sunxi-dt.o
  CC      lib/kasprintf.o
  CC      lib/bitmap.o
  CC      drivers/pinctrl/uniphier/pinctrl-uniphier-core.o
  CC      drivers/gpio/gpio-cadence.o
  CC      drivers/pinctrl/sunxi/pinctrl-sun50i-a64.o
  CC      drivers/pinctrl/sunxi/pinctrl-sun50i-a64-r.o
  CC      drivers/pinctrl/uniphier/pinctrl-uniphier-ld11.o
  CC      drivers/gpio/gpio-hisi.o
  CC      lib/scatterlist.o
  CC      drivers/pinctrl/sunxi/pinctrl-sun50i-a100.o
  CC      drivers/pinctrl/uniphier/pinctrl-uniphier-ld20.o
  CC      drivers/gpio/gpio-virtuser.o
  CC      drivers/pinctrl/sunxi/pinctrl-sun50i-a100-r.o
  CC      lib/list_sort.o
  CC      lib/uuid.o
  CC      drivers/pinctrl/uniphier/pinctrl-uniphier-pxs3.o
  CC      lib/iov_iter.o
  CC      drivers/pinctrl/sunxi/pinctrl-sun8i-h3.o
  CC      drivers/pinctrl/uniphier/pinctrl-uniphier-nx1.o
  AR      drivers/gpio/built-in.a
  CC      drivers/video/console/dummycon.o
  CC      drivers/pinctrl/sunxi/pinctrl-sun8i-h3-r.o
  AR      drivers/pinctrl/uniphier/built-in.a
  CC      drivers/pinctrl/sunxi/pinctrl-sun8i-v3s.o
  AR      drivers/video/console/built-in.a
  AR      drivers/video/fbdev/core/built-in.a
  AR      drivers/video/fbdev/built-in.a
  AR      drivers/video/built-in.a
  CC      lib/clz_ctz.o
  CC      drivers/pinctrl/sunxi/pinctrl-sun50i-h5.o
  CC      lib/bsearch.o
  CC      drivers/pinctrl/sunxi/pinctrl-sun50i-h6.o
  CC      lib/find_bit.o
  CC      drivers/amba/bus.o
  CC      drivers/pinctrl/sunxi/pinctrl-sun50i-h6-r.o
  CC      lib/llist.o
  CC      drivers/clk/clk-devres.o
  CC      lib/lwq.o
  CC      drivers/pinctrl/sunxi/pinctrl-sun50i-h616.o
  CC      lib/memweight.o
  CC      lib/kfifo.o
  CC      drivers/clk/clk-bulk.o
  AR      drivers/amba/built-in.a
  AR      drivers/soc/nuvoton/built-in.a
  AR      drivers/soc/qcom/built-in.a
  CC      drivers/soc/sunxi/sunxi_mbus.o
  CC      drivers/pinctrl/sunxi/pinctrl-sun50i-h616-r.o
  CC      drivers/clk/clkdev.o
  CC      lib/percpu-refcount.o
  CC      drivers/pinctrl/sunxi/pinctrl-sun55i-a523.o
  CC      drivers/soc/sunxi/sunxi_sram.o
  CC      drivers/clk/clk.o
  CC      drivers/pinctrl/sunxi/pinctrl-sun55i-a523-r.o
  CC      lib/rhashtable.o
  AR      drivers/soc/sunxi/built-in.a
  AR      drivers/soc/built-in.a
  CC      lib/base64.o
  CC      lib/once.o
  AR      drivers/pinctrl/sunxi/built-in.a
  AR      drivers/pinctrl/built-in.a
  CC      drivers/regulator/core.o
  CC      lib/refcount.o
  CC      drivers/clk/clk-divider.o
  CC      drivers/regulator/dummy.o
  CC      lib/rcuref.o
  CC      lib/usercopy.o
  CC      drivers/clk/clk-fixed-factor.o
  CC      drivers/reset/core.o
  CC      lib/errseq.o
  CC      lib/bucket_locks.o
  CC      drivers/clk/clk-fixed-rate.o
  CC      drivers/regulator/fixed-helper.o
  CC      lib/generic-radix-tree.o
  CC      drivers/reset/reset-scmi.o
  CC      drivers/clk/clk-gate.o
  CC      drivers/regulator/helpers.o
  CC      lib/bitmap-str.o
  CC      drivers/reset/reset-simple.o
  CC      drivers/clk/clk-multiplier.o
  CC      lib/string_helpers.o
  CC      drivers/reset/reset-sunxi.o
  CC      drivers/regulator/devres.o
  CC      drivers/clk/clk-mux.o
  CC      drivers/reset/reset-tps380x.o
  CC      lib/hexdump.o
  CC      drivers/regulator/irq_helpers.o
  CC      drivers/clk/clk-composite.o
  CC      lib/kstrtox.o
  CC      drivers/reset/reset-uniphier.o
  CC      lib/math/div64.o
  CC      lib/math/gcd.o
  CC      drivers/clk/clk-fractional-divider.o
  CC      lib/math/lcm.o
  CC      drivers/regulator/of_regulator.o
  CC      lib/math/int_log.o
  CC      drivers/reset/reset-uniphier-glue.o
  CC      lib/math/int_pow.o
  CC      lib/math/int_sqrt.o
  CC      lib/math/reciprocal_div.o
  CC      lib/math/cordic.o
  CC      drivers/clk/clk-gpio.o
  AR      drivers/reset/built-in.a
  CC      lib/crc/crc32-main.o
  CC      drivers/regulator/fixed.o
  CC      lib/math/rational.o
  AR      lib/crc/built-in.a
  CC      drivers/tty/tty_io.o
  CC      drivers/clk/clk-conf.o
  AR      lib/math/built-in.a
  CC      lib/crypto/memneq.o
  CC      drivers/regulator/sun20i-regulator.o
  CC      drivers/clk/clk-scmi.o
  CC      lib/crypto/utils.o
  CC      drivers/regulator/uniphier-regulator.o
  CC      lib/crypto/aes.o
  CC      drivers/tty/n_tty.o
  CC      drivers/clk/socfpga/clk-s10.o
  CC      drivers/clk/socfpga/clk-pll-s10.o
  AR      drivers/regulator/built-in.a
  AS      lib/crypto/arm64/aes-cipher-core.o
  CC      drivers/tty/tty_ioctl.o
  AS      lib/crypto/arm64/aes-ce-core.o
  AS      lib/crypto/arm64/aes-ce.o
  AS      lib/crypto/arm64/aes-neon.o
  CC      lib/crypto/blake2s.o
  CC      drivers/clk/socfpga/clk-periph-s10.o
  CC      drivers/clk/socfpga/clk-gate-s10.o
  CC      drivers/tty/tty_ldisc.o
  CC      lib/crypto/chacha-block-generic.o
  CC      lib/vdso/datastore.o
  CC      drivers/clk/socfpga/clk-agilex.o
  CC      lib/crypto/gf128hash.o
  CC      drivers/tty/tty_buffer.o
  CC      drivers/clk/socfpga/clk-agilex5.o
  AR      lib/vdso/built-in.a
  AS      lib/crypto/arm64/ghash-neon-core.o
  CC      drivers/char/mem.o
  AS      lib/crypto/arm64/polyval-ce-core.o
  CC      lib/crypto/md5.o
  CC      drivers/tty/tty_port.o
  AR      drivers/clk/socfpga/built-in.a
  AR      drivers/clk/sprd/built-in.a
  CC      drivers/clk/sunxi-ng/ccu_common.o
  CC      lib/crypto/sha256.o
  CC      drivers/char/random.o
  CC      drivers/tty/tty_mutex.o
  CC      drivers/clk/sunxi-ng/ccu_mmc_timing.o
  AS      lib/crypto/arm64/sha256-ce.o
  CC      lib/crypto/sha3.o
  CC      drivers/clk/sunxi-ng/ccu_reset.o
  CC      drivers/tty/tty_ldsem.o
  CC      drivers/char/misc.o
  AS      lib/crypto/arm64/sha3-ce-core.o
  AR      lib/crypto/built-in.a
  CC      lib/iomap_copy.o
  CC      drivers/clk/sunxi-ng/ccu_div.o
  CC      drivers/tty/tty_baudrate.o
  CC      drivers/char/hw_random/core.o
  CC      lib/devres.o
  CC      drivers/clk/sunxi-ng/ccu_frac.o
  CC      drivers/tty/tty_jobctrl.o
  CC      drivers/char/hw_random/arm_smccc_trng.o
  CC      lib/cache_maint.o
  CC      drivers/clk/sunxi-ng/ccu_gate.o
  CC      drivers/tty/n_null.o
  AR      drivers/char/hw_random/built-in.a
  AR      drivers/char/built-in.a
  CC      lib/hweight.o
  CC      drivers/clk/sunxi-ng/ccu_mux.o
  AR      drivers/iommu/built-in.a
  CC      lib/list_debug.o
  CC      drivers/tty/pty.o
  CC      drivers/base/component.o
  CC      lib/linear_ranges.o
  CC      drivers/clk/sunxi-ng/ccu_mult.o
  CC      lib/xxhash.o
  CC      drivers/base/core.o
  CC      drivers/clk/sunxi-ng/ccu_phase.o
  CC      drivers/tty/n_hdlc.o
  CC      lib/genalloc.o
  CC      drivers/clk/sunxi-ng/ccu_sdm.o
  CC      drivers/tty/vt/vt_ioctl.o
  CC      drivers/clk/sunxi-ng/ccu_nk.o
  CC      lib/842/842_compress.o
  CC      drivers/clk/sunxi-ng/ccu_nkm.o
  CC      drivers/base/bus.o
  CC      drivers/tty/vt/vc_screen.o
  CC      lib/842/842_decompress.o
  CC      drivers/clk/sunxi-ng/ccu_nkmp.o
  AR      lib/842/built-in.a
  CC      drivers/base/dd.o
  CC      lib/zlib_inflate/inffast.o
  CC      drivers/clk/sunxi-ng/ccu_nm.o
  CC      lib/zlib_inflate/inflate.o
  CC      drivers/tty/vt/selection.o
  CC      lib/zlib_inflate/infutil.o
  CC      drivers/clk/sunxi-ng/ccu_mp.o
  CC      drivers/base/syscore.o
  CC      drivers/tty/vt/keyboard.o
  CC      lib/zlib_inflate/inftrees.o
  CC      lib/zlib_inflate/inflate_syms.o
  CC      drivers/clk/sunxi-ng/ccu-sun50i-a64.o
  CC      drivers/base/driver.o
  AR      lib/zlib_inflate/built-in.a
  CC      lib/lzo/lzo1x_decompress_safe.o
  CC      drivers/clk/sunxi-ng/ccu-sun50i-a100.o
  CC      drivers/tty/vt/vt.o
  CC      drivers/base/class.o
  AR      lib/lzo/built-in.a
  CC      lib/lz4/lz4_decompress.o
  CC      drivers/clk/sunxi-ng/ccu-sun50i-a100-r.o
  CC      drivers/base/platform.o
  CC      drivers/clk/sunxi-ng/ccu-sun50i-h6.o
  CC      drivers/clk/sunxi-ng/ccu-sun50i-h6-r.o
  AR      lib/lz4/built-in.a
  CC      drivers/tty/vt/defkeymap.o
  CC      lib/zstd/zstd_decompress_module.o
  CC      drivers/base/cpu.o
  CC      drivers/tty/vt/consolemap.o
  CC      drivers/clk/sunxi-ng/ccu-sun50i-h616.o
  CC      lib/zstd/decompress/huf_decompress.o
  CC      drivers/base/firmware.o
  CC      drivers/clk/sunxi-ng/ccu-sun55i-a523.o
  CC      drivers/tty/vt/consolemap_deftbl.o
  CC      drivers/tty/vt/ucs.o
  CC      drivers/base/init.o
  AR      drivers/tty/vt/built-in.a
  CC      drivers/tty/serial/serial_core.o
  CC      lib/zstd/decompress/zstd_ddict.o
  CC      drivers/clk/sunxi-ng/ccu-sun55i-a523-mcu.o
  CC      lib/zstd/decompress/zstd_decompress.o
  CC      drivers/base/map.o
  CC      lib/zstd/decompress/zstd_decompress_block.o
  CC      drivers/clk/sunxi-ng/ccu-sun55i-a523-r.o
  CC      drivers/base/devres.o
  CC      drivers/clk/sunxi-ng/ccu-sun6i-rtc.o
  CC      drivers/tty/serial/serial_base_bus.o
  CC      lib/zstd/zstd_common_module.o
  CC      drivers/base/attribute_container.o
  CC      drivers/clk/sunxi-ng/ccu-sun8i-h3.o
  CC      drivers/tty/serial/serial_ctrl.o
  CC      lib/zstd/common/debug.o
  CC      drivers/base/transport_class.o
  CC      drivers/clk/sunxi-ng/ccu-sun8i-de2.o
  CC      lib/zstd/common/entropy_common.o
  CC      drivers/tty/serial/serial_port.o
  CC      lib/zstd/common/error_private.o
  CC      lib/zstd/common/fse_decompress.o
  CC      lib/zstd/common/zstd_common.o
  CC      drivers/base/topology.o
  AR      lib/zstd/built-in.a
  CC      lib/xz/xz_dec_syms.o
  CC      drivers/clk/sunxi-ng/ccu-sun8i-r.o
  CC      drivers/tty/serial/earlycon.o
  CC      lib/xz/xz_dec_stream.o
  AR      drivers/clk/sunxi-ng/built-in.a
  CC      drivers/clk/uniphier/clk-uniphier-core.o
  CC      drivers/base/container.o
  CC      drivers/tty/serial/amba-pl011.o
  CC      lib/xz/xz_dec_lzma2.o
  CC      drivers/clk/uniphier/clk-uniphier-cpugear.o
  CC      drivers/base/property.o
  CC      lib/xz/xz_dec_bcj.o
  CC      drivers/clk/uniphier/clk-uniphier-fixed-factor.o
  CC      drivers/tty/serial/digicolor-usart.o
  CC      drivers/base/cacheinfo.o
  CC      drivers/clk/uniphier/clk-uniphier-fixed-rate.o
  AR      lib/xz/built-in.a
  CC      lib/percpu_counter.o
  CC      drivers/tty/serial/sprd_serial.o
  CC      drivers/clk/uniphier/clk-uniphier-gate.o
  CC      drivers/base/swnode.o
  CC      lib/syscall.o
  AR      drivers/tty/serial/built-in.a
  AR      drivers/tty/built-in.a
  CC      drivers/clk/uniphier/clk-uniphier-mux.o
  CC      lib/checksum.o
  CC      drivers/base/faux.o
  CC      drivers/clk/uniphier/clk-uniphier-sys.o
  CC      drivers/clk/uniphier/clk-uniphier-mio.o
  CC      lib/glob.o
  CC      drivers/misc/enclosure.o
  CC      drivers/base/power/clock_ops.o
  CC      drivers/clk/uniphier/clk-uniphier-peri.o
  CC      lib/strncpy_from_user.o
  AR      drivers/clk/uniphier/built-in.a
  AR      drivers/clk/built-in.a
  CC      drivers/mfd/sun6i-prcm.o
  AR      drivers/misc/built-in.a
  CC      drivers/mfd/mfd-core.o
  AR      drivers/base/power/built-in.a
  CC      drivers/base/firmware_loader/builtin/main.o
  CC      drivers/mfd/syscon.o
  CC      lib/strnlen_user.o
  AR      drivers/base/firmware_loader/builtin/built-in.a
  CC      lib/irq_poll.o
  AR      drivers/mfd/built-in.a
  CC      drivers/base/memory.o
  AR      drivers/base/firmware_loader/built-in.a
  CC      drivers/base/soc.o
  CC      drivers/base/regmap/regmap.o
  CC      lib/asn1_decoder.o
  CC      drivers/base/regmap/regcache.o
  CC      drivers/base/pinctrl.o
  CC      lib/oid_registry.o
  CC      drivers/base/regmap/regcache-rbtree.o
  CC      drivers/base/regmap/regcache-flat.o
  CC      drivers/base/platform-msi.o
  CC      lib/group_cpus.o
  CC      lib/devmem_is_allowed.o
  CC      drivers/base/regmap/regcache-maple.o
  CC      drivers/base/regmap/regmap-debugfs.o
  AR      lib/lib.a
  CC      drivers/base/arch_topology.o
  AR      lib/built-in.a
  CC      drivers/base/regmap/regmap-mmio.o
  CC      drivers/uio/uio.o
  CC      drivers/uio/uio_hv_generic.o
  AR      drivers/base/regmap/built-in.a
  CC      drivers/input/serio/serio.o
  AR      drivers/base/built-in.a
  CC      drivers/input/input.o
  CC      drivers/input/input-compat.o
  AR      drivers/uio/built-in.a
  CC      drivers/input/input-mt.o
  CC      drivers/input/serio/serport.o
  CC      drivers/input/serio/libps2.o
  CC      drivers/input/serio/apbps2.o
  CC      drivers/input/input-poller.o
  CC      drivers/input/serio/hyperv-keyboard.o
  CC      drivers/input/ff-core.o
  CC      drivers/input/touchscreen.o
  CC      drivers/power/supply/power_supply_core.o
  AR      drivers/input/serio/built-in.a
  CC      drivers/power/supply/power_supply_sysfs.o
  CC      drivers/input/touch-overlay.o
  CC      drivers/mmc/core/core.o
  CC      drivers/power/supply/bq27xxx_battery.o
  CC      drivers/mmc/host/mtk-sd.o
  CC      drivers/input/ff-memless.o
  AR      drivers/power/supply/built-in.a
  AR      drivers/power/built-in.a
  CC      drivers/input/sparse-keymap.o
  CC      drivers/mmc/core/bus.o
  CC      drivers/mmc/host/cqhci-core.o
  CC      drivers/mmc/host/mmc_hsq.o
  CC      drivers/input/vivaldi-fmap.o
  CC      drivers/mmc/core/host.o
  CC      drivers/mmc/core/mmc.o
  AR      drivers/mmc/host/built-in.a
  CC      drivers/input/keyboard/atkbd.o
  CC      drivers/input/mouse/psmouse-base.o
  CC      drivers/mmc/core/mmc_ops.o
  AR      drivers/input/keyboard/built-in.a
  CC      drivers/memstick/core/memstick.o
  CC      drivers/input/mouse/synaptics.o
  CC      drivers/mmc/core/sd.o
  CC      drivers/firmware/arm_scmi/transports/smc.o
  AR      drivers/memstick/core/built-in.a
  AR      drivers/memstick/built-in.a
  AR      drivers/firmware/arm_scmi/transports/built-in.a
  CC      drivers/mmc/core/sd_ops.o
  CC      drivers/firmware/arm_scmi/bus.o
  CC      drivers/input/mouse/focaltech.o
  CC      drivers/mmc/core/sdio.o
  CC      drivers/firmware/arm_scmi/driver.o
  CC      drivers/input/mouse/alps.o
  CC      drivers/mmc/core/sdio_ops.o
  CC      drivers/firmware/arm_scmi/notify.o
  CC      drivers/mmc/core/sdio_bus.o
  CC      drivers/input/mouse/byd.o
  CC      drivers/firmware/arm_scmi/quirks.o
  AR      drivers/crypto/built-in.a
  CC      drivers/mmc/core/sdio_cis.o
  CC      drivers/mmc/core/sdio_io.o
  CC      drivers/input/mouse/logips2pp.o
  CC      drivers/firmware/arm_scmi/base.o
  CC      drivers/firmware/arm_scmi/clock.o
  CC      drivers/mmc/core/sdio_irq.o
  CC      drivers/input/mouse/trackpoint.o
  CC      drivers/mmc/core/sd_uhs2.o
  CC      drivers/clocksource/timer-of.o
  CC      drivers/firmware/arm_scmi/perf.o
  CC      drivers/input/mouse/cypress_ps2.o
  CC      drivers/clocksource/timer-probe.o
  CC      drivers/mmc/core/slot-gpio.o
  CC      drivers/firmware/arm_scmi/power.o
  AR      drivers/input/mouse/built-in.a
  AR      drivers/input/built-in.a
  CC      drivers/firmware/arm_scmi/reset.o
  CC      drivers/clocksource/mmio.o
  CC      drivers/mmc/core/regulator.o
  CC      drivers/firmware/arm_scmi/sensors.o
  CC      drivers/mmc/core/pwrseq.o
  CC      drivers/clocksource/timer-sun4i.o
  CC      drivers/clocksource/arm_arch_timer.o
  CC      drivers/firmware/arm_scmi/system.o
  CC      drivers/hid/hid-core.o
  CC      drivers/mmc/core/debugfs.o
  CC      drivers/firmware/arm_scmi/voltage.o
  CC      drivers/clocksource/arm_arch_timer_mmio.o
  CC      drivers/mmc/core/pwrseq_simple.o
  CC      drivers/firmware/arm_scmi/powercap.o
  CC      drivers/hid/hid-input.o
  CC      drivers/clocksource/timer-sp804.o
  CC      drivers/mmc/core/pwrseq_emmc.o
  CC      drivers/firmware/arm_scmi/pinctrl.o
  CC      drivers/clocksource/dummy_timer.o
  CC      drivers/mmc/core/mmc_test.o
  AR      drivers/clocksource/built-in.a
  CC      drivers/hid/hid-quirks.o
  CC      drivers/firmware/arm_scmi/shmem.o
  CC      drivers/of/base.o
  CC      drivers/hid/hid-debug.o
  AR      drivers/firmware/arm_scmi/built-in.a
  CC      drivers/firmware/psci/psci.o
  AR      drivers/mmc/core/built-in.a
  AR      drivers/mmc/built-in.a
  AR      drivers/firmware/qcom/built-in.a
  CC      drivers/hid/hid-generic.o
  CC      drivers/of/cpu.o
  CC      drivers/of/device.o
  CC      drivers/of/module.o
  AR      drivers/firmware/psci/built-in.a
  CC      drivers/firmware/smccc/smccc.o
  CC      drivers/hid/hid-dr.o
  CC      drivers/firmware/smccc/kvm_guest.o
  CC      drivers/of/platform.o
  CC      drivers/hid/hid-emsff.o
  CC      drivers/firmware/smccc/soc_id.o
  AR      drivers/platform/built-in.a
  CC      drivers/hid/hid-kye.o
  CC      drivers/of/property.o
  AR      drivers/firmware/smccc/built-in.a
  CC      drivers/of/kobj.o
  AR      drivers/firmware/built-in.a
  CC      drivers/hid/hid-magicmouse.o
  CC      drivers/hv/vmbus_drv.o
  CC      drivers/hv/hv.o
  CC      drivers/of/fdt.o
  CC      drivers/hid/hid-speedlink.o
  CC      drivers/hid/hid-udraw-ps3.o
  CC      drivers/hv/connection.o
  CC      drivers/hv/channel.o
  AS      drivers/of/empty_root.dtb.o
  CC      drivers/of/fdt_address.o
  CC      drivers/of/address.o
  CC      drivers/hid/hid-zpff.o
  CC      drivers/hv/channel_mgmt.o
  CC      drivers/of/irq.o
  AR      drivers/hid/built-in.a
  CC      drivers/mux/core.o
  CC      drivers/hv/ring_buffer.o
  CC      drivers/of/of_reserved_mem.o
  CC      drivers/hv/hv_trace.o
  AR      drivers/mux/built-in.a
  CC      drivers/hv/hv_common.o
  CC      drivers/cdx/cdx.o
  AR      drivers/of/built-in.a
  CC      drivers/cdx/cdx_msi.o
  AR      drivers/hv/built-in.a
  AR      drivers/cdx/built-in.a
  AR      drivers/built-in.a
  AR      built-in.a
  AR      built-in-fixup.a
  COPY    vmlinux.a
  LD      vmlinux.o
  MODPOST vmlinux.symvers
  CC      .vmlinux.export.o
  UPD     include/generated/utsversion.h
  CC      init/version-timestamp.o
  LD      vmlinux.unstripped
  NM      System.map
  SORTTAB vmlinux.unstripped
  OBJCOPY vmlinux
  GEN     modules.builtin.modinfo
  GEN     modules.builtin
  OBJCOPY arch/arm64/boot/Image
make[4]: Leaving directory '/home/benni/git/kernel-test-stable-rc/build/rand500config-arm64'
make[3]: Leaving directory '/home/benni/git/linux-stable-rc'
