make[3]: Entering directory '/home/benni/git/linux'
make[4]: Entering directory '/home/benni/git/kernel-test/build/rand500config-i386'
#
# No change to .config
#
make[4]: Leaving directory '/home/benni/git/kernel-test/build/rand500config-i386'
make[3]: Leaving directory '/home/benni/git/linux'
make[3]: Entering directory '/home/benni/git/linux'
make[4]: Entering directory '/home/benni/git/kernel-test/build/rand500config-i386'
  SYNC    include/config/auto.conf
  HOSTCC  arch/x86/tools/relocs_32.o
  HOSTCC  arch/x86/tools/relocs_64.o
  UPD     arch/x86/include/generated/asm/cpufeaturemasks.h
  HOSTLD  arch/x86/tools/relocs
  CC      scripts/mod/devicetable-offsets.s
  CC      scripts/mod/empty.o
  MKELF   scripts/mod/elfconfig.h
  HOSTCC  scripts/mod/modpost.o
  HOSTCC  scripts/mod/sumversion.o
  HOSTCC  scripts/mod/symsearch.o
  HOSTCC  scripts/mod/file2alias.o
  HOSTLD  scripts/mod/modpost
  CC      kernel/bounds.s
  UPD     include/generated/bounds.h
  CC      arch/x86/kernel/asm-offsets.s
  UPD     include/generated/asm-offsets.h
  CC      kernel/sched/rq-offsets.s
  UPD     include/generated/rq-offsets.h
  CALL    /home/benni/git/linux/scripts/checksyscalls.sh 
  GEN     usr/initramfs_data.cpio
  AS      arch/x86/entry/entry.o
  CC      arch/x86/realmode/init.o
  CC      security/commoncap.o
  CC      arch/x86/events/core.o
  CC      init/main.o
  AS      arch/x86/entry/entry_32.o
  CC      security/min_addr.o
  COPY    usr/initramfs_inc_data
  AS      usr/initramfs_data.o
  AS      arch/x86/lib/atomic64_cx8_32.o
  CC      arch/x86/entry/syscall_32.o
  CC      drivers/leds/led-core.o
  CC      arch/x86/mm/init.o
  CC      security/device_cgroup.o
  CC      arch/x86/events/probe.o
  AS      arch/x86/lib/checksum_32.o
  AS      arch/x86/realmode/rm/header.o
  AR      arch/x86/crypto/built-in.a
  UPD     init/utsversion-tmp.h
  CC      arch/x86/lib/cmdline.o
  AR      usr/built-in.a
  AS      arch/x86/realmode/rm/trampoline_32.o
  CC      init/do_mounts.o
  CC      arch/x86/events/utils.o
  CC      arch/x86/entry/common.o
  CC      arch/x86/mm/init_32.o
  AR      drivers/leds/built-in.a
  AR      security/built-in.a
  AS      arch/x86/realmode/rm/stack.o
  AS      arch/x86/lib/cmpxchg8b_emu.o
  AS      arch/x86/realmode/rm/reboot.o
  CC      crypto/api.o
  CC      drivers/video/screen_info_generic.o
  CC      arch/x86/lib/cpu.o
  CC      arch/x86/mm/fault.o
  CC      crypto/cipher.o
  CC      init/do_mounts_initrd.o
  AR      drivers/pci/built-in.a
  CC      init/initramfs.o
  PASYMS  arch/x86/realmode/rm/pasyms.h
  CC      arch/x86/events/amd/core.o
  CC      arch/x86/entry/vdso/vma.o
  CC      arch/x86/lib/delay.o
  LDS     arch/x86/realmode/rm/realmode.lds
  CC      drivers/video/console/dummycon.o
  AS      arch/x86/kernel/head_32.o
  AS      arch/x86/lib/getuser.o
  CC      crypto/algapi.o
  CC      arch/x86/events/amd/lbr.o
  CC      arch/x86/mm/ioremap.o
  CC      arch/x86/kernel/head32.o
  CC      init/calibrate.o
  CC      arch/x86/entry/vdso/extable.o
  CC      fs/open.o
  CC      arch/x86/lib/inat.o
  CC      kernel/fork.o
  AS      arch/x86/entry/thunk.o
  CC      crypto/scatterwalk.o
  LD      arch/x86/realmode/rm/realmode.elf
  CC      drivers/video/console/vgacon.o
  CC      arch/x86/lib/insn-eval.o
  CC      init/init_task.o
  RELOCS  arch/x86/realmode/rm/realmode.relocs
  CC      mm/filemap.o
  CC      arch/x86/lib/insn.o
  OBJCOPY arch/x86/realmode/rm/realmode.bin
  AR      arch/x86/events/amd/built-in.a
  AS      arch/x86/realmode/rmpiggy.o
  CC      arch/x86/mm/extable.o
  CC      fs/read_write.o
  AR      drivers/video/console/built-in.a
  CC      arch/x86/entry/vdso/vdso32-setup.o
  CC      kernel/exec_domain.o
  CC      lib/argv_split.o
  CC      arch/x86/mm/mmap.o
  CC      arch/x86/kernel/ebda.o
  CC      crypto/aead.o
  CC      arch/x86/lib/memcpy_32.o
  CC      init/version.o
  AS      arch/x86/lib/memmove_32.o
  CC      arch/x86/kernel/platform-quirks.o
  CC      fs/file_table.o
  CC      arch/x86/mm/pgtable.o
  CC      mm/mempool.o
  CC      lib/buildid.o
  CC      arch/x86/lib/misc.o
  CC      arch/x86/events/intel/core.o
  CC      kernel/exec_state.o
  AR      arch/x86/realmode/built-in.a
  CC      arch/x86/mm/physaddr.o
  CC      arch/x86/kernel/process_32.o
  CC      lib/cmdline.o
  CC      arch/x86/events/intel/bts.o
  CC      crypto/lskcipher.o
  CC      arch/x86/lib/pc-conf-reg.o
  CC      arch/x86/kernel/signal.o
  CC      mm/oom_kill.o
  LDS     arch/x86/entry/vdso/vdso32/vdso32.lds
  CC      kernel/panic.o
  CC      arch/x86/events/intel/ds.o
  CC      fs/super.o
  CC      lib/ctype.o
  CC      arch/x86/events/intel/knc.o
  AR      drivers/video/built-in.a
  CC      crypto/skcipher.o
  AS      arch/x86/lib/putuser.o
  CC      arch/x86/lib/string_32.o
  CC      arch/x86/mm/tlb.o
  CC      lib/dec_and_lock.o
  CC      arch/x86/kernel/signal_32.o
  CC      kernel/cpu.o
  CC      arch/x86/mm/cpu_entry_area.o
  CC      arch/x86/kernel/traps.o
  CC      arch/x86/entry/vdso/vdso32/vclock_gettime.o
  CC      arch/x86/events/intel/lbr.o
  CC      fs/char_dev.o
  CC      arch/x86/lib/strstr_32.o
  CC      mm/fadvise.o
  CC      lib/decompress.o
  CC      mm/maccess.o
  CC      crypto/ahash.o
  CC      arch/x86/entry/vdso/vdso32/vgetcpu.o
  CC      fs/stat.o
  CC      kernel/exit.o
  CC      arch/x86/events/intel/p4.o
  CC      arch/x86/lib/usercopy.o
  CC      lib/decompress_bunzip2.o
  CC      arch/x86/mm/maccess.o
  CC      arch/x86/kernel/idt.o
  CC      fs/exec.o
  CC      crypto/shash.o
  CC      kernel/softirq.o
  AS      arch/x86/entry/vdso/vdso32/system_call.o
  CC      arch/x86/mm/pgprot.o
  CC      mm/page-writeback.o
  AS      arch/x86/entry/vdso/vdso32/sigreturn.o
  CC      arch/x86/lib/usercopy_32.o
  CC      arch/x86/events/intel/p6.o
  CC      arch/x86/kernel/irq.o
  CC      lib/decompress_inflate.o
  CC      fs/pipe.o
  CC      arch/x86/events/zhaoxin/core.o
  CC      mm/folio-compat.o
  CC      crypto/kpp.o
  CC      arch/x86/virt/svm/cmdline.o
  CC      fs/namei.o
  CC      kernel/resource.o
  VDSO    arch/x86/entry/vdso/vdso32/vdso32.so.dbg
  CC      arch/x86/events/intel/pt.o
  CC      arch/x86/lib/msr.o
  CC      arch/x86/mm/pat/set_memory.o
  AR      arch/x86/events/zhaoxin/built-in.a
  CC      arch/x86/kernel/irq_32.o
  CC      lib/decompress_unlz4.o
  CC      kernel/sysctl.o
  AR      arch/x86/virt/svm/built-in.a
  OBJCOPY arch/x86/entry/vdso/vdso32/vdso32.so
  CC      crypto/algboss.o
  CC      mm/readahead.o
  AS      arch/x86/lib/msr-reg.o
  VDSO2C  arch/x86/entry/vdso/vdso32/vdso32-image.c
  AR      arch/x86/events/intel/built-in.a
  CC      arch/x86/entry/vdso/vdso32/vdso32-image.o
  CC      fs/fcntl.o
  AR      arch/x86/virt/built-in.a
  CC      arch/x86/kernel/dumpstack_32.o
  CC      crypto/testmgr.o
  CC      lib/decompress_unlzma.o
  CC      kernel/capability.o
  CC      arch/x86/lib/msr-reg-export.o
  CC      drivers/virtio/virtio.o
  AS      arch/x86/lib/hweight.o
  CC      arch/x86/mm/pat/memtype.o
  AR      arch/x86/entry/vdso/vdso32/built-in.a
  CC      mm/swap.o
  CC      drivers/virtio/virtio_ring.o
  CC      arch/x86/mm/pgtable_32.o
  AR      arch/x86/events/built-in.a
  CC      arch/x86/lib/iomem.o
  CC      lib/decompress_unlzo.o
  CC      drivers/virtio/virtio_anchor.o
  CC      arch/x86/kernel/time.o
  CC      crypto/sha512.o
  CC      mm/truncate.o
  CC      kernel/ptrace.o
  CC      fs/ioctl.o
  AR      arch/x86/mm/pat/built-in.a
  AR      arch/x86/entry/vdso/built-in.a
  CC      mm/vmscan.o
  CC      arch/x86/mm/iomap_32.o
  CC      arch/x86/lib/atomic64_32.o
  AR      drivers/soc/qcom/built-in.a
  AR      drivers/virtio/built-in.a
  CC      kernel/user.o
  CC      crypto/streebog_generic.o
  CC      lib/decompress_unxz.o
  CC      arch/x86/kernel/ioport.o
  CC      mm/shrinker.o
  CC      kernel/signal.o
  CC      fs/readdir.o
  AR      arch/x86/lib/lib.a
  CC      arch/x86/kernel/dumpstack.o
  AR      arch/x86/entry/built-in.a
  CC      kernel/sys.o
  AR      arch/x86/mm/built-in.a
  CC      lib/decompress_unzstd.o
  CC      mm/shmem.o
  CC      fs/select.o
  CC      arch/x86/kernel/nmi.o
  CC      crypto/ecb.o
  CC      lib/dump_stack.o
  CC      kernel/umh.o
  AR      arch/x86/lib/built-in.a
  CC      arch/x86/kernel/setup.o
  CC      drivers/tty/tty_io.o
  AR      drivers/soc/built-in.a
  CC      lib/earlycpio.o
  CC      drivers/tty/n_tty.o
  CC      mm/util.o
  CC      arch/x86/kernel/x86_init.o
  CC      crypto/cts.o
  CC      crypto/ctr.o
  CC      lib/extable.o
  CC      drivers/tty/tty_ioctl.o
  CC      drivers/char/mem.o
  CC      fs/dcache.o
  CC      kernel/workqueue.o
  CC      drivers/char/random.o
  CC      kernel/pid.o
  CC      drivers/tty/tty_ldisc.o
  CC      lib/flex_proportions.o
  CC      fs/inode.o
  CC      mm/mmzone.o
  CC      crypto/gcm.o
  CC      kernel/task_work.o
  CC      arch/x86/kernel/i8259.o
  CC      drivers/tty/tty_buffer.o
  CC      fs/attr.o
  CC      drivers/tty/tty_port.o
  CC      drivers/char/misc.o
  CC      lib/idr.o
  CC      crypto/blowfish_generic.o
  CC      drivers/misc/enclosure.o
  CC      mm/vmstat.o
  CC      fs/bad_inode.o
  CC      arch/x86/kernel/irqinit.o
  CC      drivers/char/virtio_console.o
  CC      kernel/extable.o
  CC      mm/backing-dev.o
  CC      drivers/tty/tty_mutex.o
  CC      fs/file.o
  CC      lib/iomem_copy.o
  CC      mm/mm_init.o
  CC      drivers/base/component.o
  CC      kernel/params.o
  CC      crypto/blowfish_common.o
  CC      kernel/kthread.o
  CC      drivers/tty/tty_ldsem.o
  CC      arch/x86/kernel/irq_work.o
  CC      drivers/misc/xilinx_sdfec.o
  CC      drivers/char/hangcheck-timer.o
  CC      lib/irq_regs.o
  CC      kernel/sys_ni.o
  CC      crypto/chacha.o
  CC      drivers/base/core.o
  CC      fs/filesystems.o
  AR      drivers/mfd/built-in.a
  CC      mm/percpu.o
  CC      lib/is_single_threaded.o
  CC      arch/x86/kernel/probe_roms.o
  CC      drivers/tty/tty_baudrate.o
  CC      kernel/nsproxy.o
  CC      lib/klist.o
  CC      arch/x86/kernel/sys_ia32.o
  AR      drivers/misc/built-in.a
  CC      crypto/crc32c.o
  CC      fs/namespace.o
  CC      drivers/dax/super.o
  CC      drivers/base/bus.o
  CC      drivers/base/dd.o
  CC      lib/kobject.o
  CC      mm/slab_common.o
  CC      drivers/dax/bus.o
  CC      drivers/tty/tty_jobctrl.o
  CC      fs/seq_file.o
  CC      drivers/char/tpm/tpm-chip.o
  CC      crypto/ecc.o
  CC      kernel/nstree.o
  CC      arch/x86/kernel/bootflag.o
  CC      drivers/base/syscore.o
  CC      drivers/char/tpm/tpm-dev-common.o
  CC      drivers/tty/n_null.o
  CC      crypto/ecdh.o
  CC      arch/x86/kernel/e820.o
  CC      lib/kobject_uevent.o
  AR      init/built-in.a
  CC      mm/compaction.o
  AR      drivers/dax/built-in.a
  CC      fs/xattr.o
  CC      kernel/nscommon.o
  CC      mm/show_mem.o
  CC      crypto/ecdh_helper.o
  CC      drivers/tty/pty.o
  CC      mm/interval_tree.o
  CC      drivers/base/driver.o
  CC      drivers/char/tpm/tpm-dev.o
  CC      lib/logic_pio.o
  CC      mm/list_lru.o
  CC      drivers/dma-buf/dma-buf.o
  CC      arch/x86/kernel/pci-dma.o
  CC      lib/maple_tree.o
  CC      fs/libfs.o
  AR      crypto/built-in.a
  CC      kernel/notifier.o
  CC      drivers/tty/vt/vt_ioctl.o
  CC      drivers/tty/hvc/hvc_console.o
  CC      drivers/base/class.o
  CC      fs/fs-writeback.o
  CC      drivers/char/tpm/tpm-interface.o
  CC      lib/memcat_p.o
  CC      drivers/dma-buf/dma-fence.o
  CC      mm/workingset.o
  CC      kernel/ksysfs.o
  CC      drivers/base/platform.o
  CC      drivers/tty/vt/vc_screen.o
  CC      lib/nmi_backtrace.o
  CC      fs/pnode.o
  CC      arch/x86/kernel/quirks.o
  CC      drivers/tty/vt/selection.o
  CC      drivers/tty/serial/serial_core.o
  CC      lib/objpool.o
  CC      kernel/cred.o
  CC      drivers/tty/serial/serial_base_bus.o
  AR      drivers/tty/hvc/built-in.a
  CC      drivers/char/tpm/tpm1-cmd.o
  CC      kernel/reboot.o
  CC      drivers/dma-buf/dma-fence-array.o
  CC      drivers/base/cpu.o
  CC      lib/plist.o
  CC      drivers/tty/serial/serial_ctrl.o
  CC      mm/debug.o
  CC      arch/x86/kernel/kdebugfs.o
  CC      fs/splice.o
  CC      arch/x86/kernel/alternative.o
  CC      drivers/tty/serial/serial_port.o
  CC      mm/gup.o
  CC      drivers/tty/vt/keyboard.o
  CC      drivers/base/firmware.o
  CC      drivers/char/tpm/tpm2-cmd.o
  CC      lib/radix-tree.o
  CC      drivers/dma-buf/dma-fence-chain.o
  CC      kernel/async.o
  CC      mm/mmap_lock.o
  CC      fs/sync.o
  CC      drivers/tty/serial/earlycon.o
  CC      arch/x86/kernel/i8253.o
  AR      drivers/scsi/built-in.a
  CC      drivers/tty/serial/arc_uart.o
  CC      drivers/char/tpm/tpmrm-dev.o
  CC      lib/ratelimit.o
  CC      drivers/tty/vt/vt.o
  CC      drivers/base/init.o
  CC      drivers/dma-buf/dma-fence-unwrap.o
  CC      kernel/range.o
  CC      drivers/tty/serial/8250/8250_core.o
  CC      mm/vma_init.o
  CC      drivers/char/tpm/tpm2-space.o
  CC      drivers/base/map.o
  CC      arch/x86/kernel/hw_breakpoint.o
  CC      lib/rbtree.o
  CC      fs/utimes.o
  CC      drivers/dma-buf/dma-resv.o
  CC      kernel/smpboot.o
  CC      drivers/tty/vt/defkeymap.o
  CC      mm/highmem.o
  CC      drivers/tty/serial/8250/8250_platform.o
  CC      fs/d_path.o
  CC      arch/x86/kernel/tsc.o
  CC      drivers/hsi/hsi_core.o
  CC      drivers/char/tpm/tpm-sysfs.o
  CC      drivers/tty/vt/consolemap.o
  CC      lib/seq_buf.o
  CC      kernel/ucount.o
  CC      drivers/dma-buf/dma-buf-mapping.o
  CC      drivers/tty/serial/8250/8250_port.o
  CC      mm/memory.o
  CC      kernel/regset.o
  CC      drivers/base/devres.o
  CC      drivers/hsi/hsi_boardinfo.o
  CC      arch/x86/kernel/tsc_msr.o
  CC      drivers/tty/serial/8250/8250_early.o
  CC      fs/stack.o
  CC      lib/siphash.o
  CC      kernel/ksyms_common.o
  CC      drivers/tty/vt/consolemap_deftbl.o
  CC      drivers/char/tpm/eventlog/common.o
  CC      lib/string.o
  CC      arch/x86/kernel/io_delay.o
  CC      fs/fs_struct.o
  CC      drivers/uio/uio.o
  CC      fs/statfs.o
  AR      drivers/dma-buf/built-in.a
  CC      drivers/base/attribute_container.o
  AR      drivers/tty/serial/8250/built-in.a
  CC      fs/fs_pin.o
  CC      kernel/groups.o
  CC      drivers/tty/vt/ucs.o
  CC      mm/mincore.o
  AR      drivers/hsi/built-in.a
  CC      lib/sys_info.o
  CC      drivers/char/tpm/eventlog/tpm1.o
  CC      drivers/base/transport_class.o
  CC      arch/x86/kernel/rtc.o
  CC      lib/timerqueue.o
  CC      drivers/base/topology.o
  AR      drivers/tty/vt/built-in.a
  CC      fs/nsfs.o
  AR      drivers/uio/built-in.a
  CC      mm/mlock.o
  CC      arch/x86/kernel/resource.o
  CC      lib/vsprintf.o
  CC      drivers/base/container.o
  CC      drivers/char/tpm/eventlog/tpm2.o
  CC      mm/mmap.o
  AR      drivers/tty/serial/built-in.a
  CC      kernel/sched/core.o
  AS      arch/x86/kernel/irqflags.o
  CC      fs/fs_dirent.o
  CC      drivers/char/tpm/tpm-buf.o
  CC      mm/mmu_gather.o
  CC      lib/win_minmax.o
  CC      drivers/base/property.o
  CC      arch/x86/kernel/static_call.o
  CC      fs/fs_context.o
  CC      kernel/sched/fair.o
  CC      kernel/power/qos.o
  CC      kernel/locking/mutex.o
  AR      drivers/tty/built-in.a
  CC      drivers/pcmcia/cs.o
  CC      mm/mprotect.o
  CC      drivers/input/serio/serio.o
  CC      drivers/char/tpm/tpm2-sessions.o
  CC      lib/xarray.o
  CC      kernel/printk/printk.o
  CC      kernel/rcu/update.o
  CC      arch/x86/kernel/process.o
  CC      kernel/irq/irqdesc.o
  CC      fs/fs_parser.o
  CC      drivers/pcmcia/socket_sysfs.o
  CC      drivers/base/cacheinfo.o
  CC      kernel/locking/semaphore.o
  CC      drivers/input/input.o
  CC      kernel/sched/build_policy.o
  AR      kernel/power/built-in.a
  CC      drivers/input/serio/i8042.o
  CC      lib/lockref.o
  CC      kernel/printk/printk_safe.o
  CC      drivers/char/tpm/tpm_tis_core.o
  CC      kernel/rcu/sync.o
  CC      kernel/locking/rwsem.o
  CC      mm/mremap.o
  CC      drivers/input/input-compat.o
  CC      kernel/irq/handle.o
  CC      fs/fsopen.o
  CC      drivers/pcmcia/ds.o
  CC      lib/bcd.o
  CC      drivers/base/swnode.o
  CC      fs/init.o
  CC      kernel/rcu/srcutree.o
  CC      kernel/sched/build_utility.o
  CC      drivers/input/serio/serport.o
  CC      kernel/irq/manage.o
  CC      arch/x86/kernel/fpu/init.o
  CC      kernel/printk/nbcon.o
  CC      lib/sort.o
  CC      drivers/char/tpm/tpm_tis.o
  CC      drivers/input/input-mt.o
  CC      kernel/locking/percpu-rwsem.o
  CC      mm/msync.o
  CC      drivers/pcmcia/pcmcia_resource.o
  CC      arch/x86/kernel/ptrace.o
  CC      drivers/base/faux.o
  CC      fs/kernel_read_file.o
  CC      kernel/locking/mutex-debug.o
  CC      lib/parser.o
  CC      arch/x86/kernel/fpu/bugs.o
  CC      drivers/input/serio/libps2.o
  CC      kernel/irq/spurious.o
  CC      drivers/input/input-poller.o
  AR      drivers/char/tpm/built-in.a
  AR      kernel/sched/built-in.a
  CC      kernel/rcu/tree.o
  CC      lib/debug_locks.o
  CC      kernel/printk/printk_ringbuffer.o
  CC      mm/page_vma_mapped.o
  CC      drivers/base/devtmpfs.o
  CC      drivers/pcmcia/cistpl.o
  CC      arch/x86/kernel/fpu/core.o
  CC      kernel/locking/lockdep.o
  CC      lib/random32.o
  CC      fs/mnt_idmapping.o
  CC      kernel/irq/resend.o
  AR      kernel/printk/built-in.a
  CC      drivers/input/ff-core.o
  CC      drivers/input/serio/serio_raw.o
  AR      drivers/char/built-in.a
  CC      kernel/dma/mapping.o
  CC      kernel/rcu/rcu_segcblist.o
  CC      lib/bust_spinlocks.o
  CC      mm/pagewalk.o
  CC      kernel/entry/common.o
  CC      fs/remap_range.o
  AR      drivers/base/power/built-in.a
  CC      drivers/rtc/lib.o
  CC      drivers/pcmcia/pcmcia_cis.o
  CC      kernel/locking/spinlock.o
  CC      arch/x86/kernel/fpu/regset.o
  CC      kernel/irq/chip.o
  CC      drivers/input/touchscreen.o
  AR      kernel/rcu/built-in.a
  CC      drivers/input/serio/altera_ps2.o
  CC      kernel/locking/spinlock_debug.o
  CC      drivers/base/firmware_loader/main.o
  CC      arch/x86/kernel/fpu/signal.o
  CC      drivers/rtc/rtc-mc146818-lib.o
  CC      mm/pgtable-generic.o
  CC      lib/kasprintf.o
  CC      fs/pidfs.o
  CC      drivers/pcmcia/rsrc_mgr.o
  CC      kernel/dma/direct.o
  CC      drivers/input/touch-overlay.o
  CC      kernel/irq/dummychip.o
  CC      kernel/entry/syscall-common.o
  AR      kernel/locking/built-in.a
  CC      fs/file_attr.o
  AR      drivers/input/serio/built-in.a
  CC      mm/rmap.o
  CC      arch/x86/kernel/fpu/xstate.o
  CC      arch/x86/kernel/tls.o
  AR      drivers/rtc/built-in.a
  CC      lib/bitmap.o
  CC      kernel/dma/remap.o
  AR      drivers/pcmcia/built-in.a
  CC      drivers/base/firmware_loader/builtin/main.o
  CC      drivers/input/vivaldi-fmap.o
  CC      kernel/irq/devres.o
  CC      lib/scatterlist.o
  CC      mm/vmalloc.o
  CC      arch/x86/kernel/step.o
  CC      fs/fserror.o
  AR      drivers/i3c/built-in.a
  CC      kernel/entry/syscall_user_dispatch.o
  AR      arch/x86/kernel/fpu/built-in.a
  AR      drivers/i2c/built-in.a
  CC      kernel/stacktrace.o
  AR      drivers/base/firmware_loader/builtin/built-in.a
  AR      kernel/dma/built-in.a
  CC      drivers/input/keyboard/atkbd.o
  CC      kernel/irq/kexec.o
  CC      arch/x86/kernel/i8237.o
  CC      lib/list_sort.o
  CC      mm/vma.o
  CC      arch/x86/kernel/stacktrace.o
  CC      fs/nullfs.o
  CC      drivers/base/regmap/regmap.o
  AR      kernel/entry/built-in.a
  CC      drivers/base/regmap/regcache.o
  CC      kernel/irq/autoprobe.o
  CC      lib/uuid.o
  AR      drivers/base/firmware_loader/built-in.a
  CC      mm/vma_exec.o
  CC      lib/iov_iter.o
  CC      mm/page_alloc.o
  AR      drivers/input/keyboard/built-in.a
  CC      drivers/base/regmap/regcache-rbtree.o
  CC      kernel/time/time.o
  AR      kernel/irq/built-in.a
  CC      kernel/time/timer.o
  CC      fs/anon_inodes.o
  CC      lib/clz_ctz.o
  CC      drivers/base/regmap/regcache-flat.o
  CC      fs/notify/fsnotify.o
  CC      drivers/input/mouse/psmouse-base.o
  CC      fs/notify/notification.o
  CC      kernel/time/hrtimer.o
  CC      mm/page_frag_cache.o
  CC      lib/bsearch.o
  CC      drivers/w1/w1.o
  CC      drivers/base/regmap/regcache-maple.o
  CC      fs/notify/group.o
  CC      drivers/input/mouse/synaptics.o
  CC      fs/notify/mark.o
  CC      lib/find_bit.o
  CC      kernel/time/sleep_timeout.o
  CC      arch/x86/kernel/cpu/cacheinfo.o
  CC      mm/init-mm.o
  CC      fs/notify/fdinfo.o
  CC      kernel/dma.o
  CC      drivers/w1/w1_int.o
  AR      drivers/base/regmap/built-in.a
  CC      drivers/input/mouse/focaltech.o
  CC      lib/llist.o
  CC      lib/lwq.o
  CC      drivers/opp/core.o
  CC      kernel/time/timekeeping.o
  CC      fs/verity/enable.o
  CC      mm/memblock.o
  CC      arch/x86/kernel/cpu/scattered.o
  CC      kernel/time/ntp.o
  AR      drivers/base/built-in.a
  CC      drivers/cpuidle/cpuidle.o
  CC      drivers/opp/cpu.o
  CC      kernel/time/clocksource.o
  CC      drivers/w1/w1_family.o
  CC      lib/memweight.o
  CC      drivers/w1/w1_netlink.o
  CC      fs/binfmt_script.o
  CC      mm/slub.o
  CC      fs/verity/hash_algs.o
  CC      drivers/input/mouse/alps.o
  CC      fs/notify/inotify/inotify_fsnotify.o
  CC      drivers/cpuidle/driver.o
  CC      arch/x86/kernel/reboot.o
  CC      lib/kfifo.o
  CC      arch/x86/kernel/cpu/topology_common.o
  AR      drivers/opp/built-in.a
  CC      fs/verity/init.o
  CC      fs/notify/inotify/inotify_user.o
  CC      kernel/up.o
  CC      kernel/time/jiffies.o
  CC      arch/x86/kernel/tsc_sync.o
  CC      fs/verity/measure.o
  CC      drivers/cpuidle/governor.o
  CC      mm/dmapool.o
  CC      kernel/time/timer_list.o
  AR      drivers/mmc/built-in.a
  CC      drivers/input/mouse/byd.o
  CC      lib/percpu-refcount.o
  CC      drivers/w1/w1_io.o
  CC      drivers/input/mouse/logips2pp.o
  CC      arch/x86/kernel/cpu/topology_ext.o
  CC      mm/sparse.o
  CC      arch/x86/kernel/trace_clock.o
  CC      fs/verity/open.o
  CC      fs/binfmt_elf.o
  CC      arch/x86/kernel/apic/hw_nmi.o
  AR      fs/notify/inotify/built-in.a
  CC      kernel/time/timeconv.o
  CC      drivers/input/mouse/lifebook.o
  CC      drivers/cpuidle/sysfs.o
  CC      kernel/uid16.o
  CC      kernel/time/timecounter.o
  CC      fs/verity/pagecache.o
  CC      mm/early_ioremap.o
  CC      lib/rhashtable.o
  CC      arch/x86/kernel/cpu/topology_amd.o
  AR      fs/notify/built-in.a
  AR      arch/x86/kernel/kprobes/built-in.a
  CC      drivers/w1/slaves/w1_ds2431.o
  CC      drivers/input/mouse/trackpoint.o
  AR      arch/x86/kernel/apic/built-in.a
  CC      arch/x86/kernel/cpu/cpuid_parser.o
  CC      kernel/time/alarmtimer.o
  CC      drivers/cpuidle/governors/ladder.o
  CC      kernel/kallsyms.o
  AR      drivers/w1/slaves/built-in.a
  CC      lib/base64.o
  CC      mm/page_ext.o
  CC      fs/verity/read_metadata.o
  CC      drivers/firmware/dmi_scan.o
  CC      drivers/input/mouse/cypress_ps2.o
  CC      mm/debug_page_alloc.o
  CC      drivers/clocksource/i8253.o
  CC      arch/x86/kernel/cpu/common.o
  CC      kernel/time/posix-stubs.o
  CC      lib/once.o
  AR      drivers/cpuidle/governors/built-in.a
  CC      drivers/cpuidle/poll_state.o
  CC      kernel/cgroup/cgroup.o
  CC      fs/verity/verify.o
  AR      drivers/w1/built-in.a
  CC      kernel/time/clockevents.o
  AR      drivers/input/mouse/built-in.a
  AR      drivers/clocksource/built-in.a
  CC      drivers/firmware/dmi-id.o
  CC      lib/refcount.o
  AR      drivers/cpuidle/built-in.a
  CC      arch/x86/kernel/cpu/rdrand.o
  AR      fs/verity/built-in.a
  CC      kernel/time/tick-common.o
  CC      drivers/hid/hid-core.o
  CC      mm/damon/core.o
  CC      lib/rcuref.o
  CC      drivers/firmware/sysfb.o
  CC      drivers/firmware/sysfb_simplefb.o
  AR      drivers/input/built-in.a
  CC      arch/x86/kernel/cpu/match.o
  CC      kernel/cgroup/rstat.o
  CC      arch/x86/kernel/doublefault_32.o
  CC      drivers/hid/hid-input.o
  CC      lib/usercopy.o
  CC      drivers/hid/hid-quirks.o
  AR      drivers/platform/built-in.a
  CC      kernel/time/vsyscall.o
  CC      mm/damon/ops-common.o
  CC      arch/x86/kernel/cpu/bugs.o
  CC      arch/x86/kernel/perf_regs.o
  AR      fs/quota/built-in.a
  CC      lib/errseq.o
  CC      lib/bucket_locks.o
  CC      kernel/cgroup/namespace.o
  CC      drivers/hid/hid-generic.o
  CC      kernel/cgroup/cgroup-v1.o
  CC      mm/percpu-stats.o
  AR      kernel/time/built-in.a
  CC      arch/x86/kernel/umip.o
  CC      drivers/hid/hid-cherry.o
  CC      arch/x86/kernel/cpu/aperfmperf.o
  CC      fs/kernfs/mount.o
  CC      mm/damon/vaddr.o
  CC      mm/memfd.o
  CC      lib/generic-radix-tree.o
  CC      arch/x86/kernel/unwind_guess.o
  CC      kernel/cgroup/freezer.o
  CC      fs/devpts/inode.o
  CC      kernel/irq_work.o
  CC      arch/x86/kernel/cpu/cpuid-deps.o
  CC      drivers/hid/hid-dr.o
  CC      fs/kernfs/inode.o
  CC      drivers/firmware/efi/sysfb_efi.o
  CC      fs/ramfs/inode.o
  LDS     arch/x86/kernel/vmlinux.lds
  CC      kernel/static_call.o
  CC      lib/bitmap-str.o
  CC      mm/damon/paddr.o
  CC      arch/x86/kernel/cpu/cpuid_0x2_table.o
  CC      lib/string_helpers.o
  CC      fs/ramfs/file-mmu.o
  AR      kernel/cgroup/built-in.a
  CC      drivers/hid/hid-ezkey.o
  AR      drivers/firmware/efi/built-in.a
  CC      fs/kernfs/dir.o
  CC      drivers/devfreq/devfreq.o
  CC      drivers/devfreq/devfreq-event.o
  AR      fs/devpts/built-in.a
  CC      arch/x86/kernel/cpu/umwait.o
  AR      mm/damon/built-in.a
  CC      drivers/devfreq/governor_performance.o
  CC      drivers/powercap/powercap_sys.o
  CC      drivers/iio/industrialio-core.o
  CC      lib/hexdump.o
  AR      fs/ramfs/built-in.a
  AR      mm/built-in.a
  CC      fs/kernfs/file.o
  CC      drivers/hid/hid-kye.o
  CC      drivers/iio/industrialio-event.o
  CC      lib/kstrtox.o
  CC      kernel/events/core.o
  CC      kernel/events/ring_buffer.o
  CC      arch/x86/kernel/cpu/capflags.o
  CC      drivers/hid/hid-picolcd_core.o
  CC      kernel/events/callchain.o
  AR      drivers/devfreq/built-in.a
  CC      fs/autofs/init.o
  AR      drivers/powercap/built-in.a
  CC      drivers/iio/inkern.o
  CC      fs/autofs/inode.o
  CC      arch/x86/kernel/cpu/powerflags.o
  CC      arch/x86/kernel/cpu/feat_ctl.o
  AR      drivers/firmware/built-in.a
  CC      fs/kernfs/symlink.o
  CC      drivers/ras/ras.o
  CC      arch/x86/kernel/cpu/intel.o
  CC      drivers/hid/hid-rakk.o
  CC      kernel/events/hw_breakpoint.o
  CC      lib/crc/crc32-main.o
  CC      arch/x86/kernel/cpu/tsx.o
  CC      lib/math/div64.o
  CC      drivers/iio/industrialio-buffer.o
  CC      fs/autofs/root.o
  AR      fs/kernfs/built-in.a
  CC      lib/vdso/datastore.o
  CC      drivers/hid/hid-rapoo.o
  CC      drivers/iio/industrialio-trigger.o
  CC      fs/autofs/symlink.o
  CC      lib/math/gcd.o
  AR      lib/crc/built-in.a
  AR      drivers/ras/built-in.a
  CC      arch/x86/kernel/cpu/amd.o
  AR      kernel/events/built-in.a
  CC      lib/crypto/hash_info.o
  CC      fs/autofs/waitq.o
  CC      arch/x86/kernel/cpu/cyrix.o
  CC      arch/x86/kernel/cpu/hygon.o
  CC      lib/crypto/memneq.o
  CC      lib/math/lcm.o
  AR      lib/vdso/built-in.a
  CC      drivers/hid/hid-xinmo.o
  CC      drivers/iio/industrialio-backend.o
  CC      lib/crypto/utils.o
  CC      arch/x86/kernel/cpu/centaur.o
  CC      kernel/context_tracking.o
  CC      arch/x86/kernel/cpu/transmeta.o
  CC      lib/math/int_log.o
  CC      lib/crypto/aes.o
  AS      lib/crypto/x86/aes-aesni.o
  CC      lib/iomap.o
  CC      drivers/iio/accel/bmc150-accel-core.o
  CC      drivers/mux/core.o
  CC      arch/x86/kernel/cpu/zhaoxin.o
  CC      fs/autofs/expire.o
  CC      kernel/iomem.o
  CC      lib/math/int_pow.o
  CC      lib/math/int_sqrt.o
  CC      fs/autofs/dev-ioctl.o
  CC      drivers/iio/adc/ad7405.o
  CC      drivers/iio/adc/ad7606_par.o
  CC      drivers/iio/adc/ad7606.o
  AR      drivers/hid/built-in.a
  CC      lib/iomap_copy.o
  CC      lib/crypto/aescfb.o
  AR      drivers/mux/built-in.a
  CC      arch/x86/kernel/cpu/vortex.o
  CC      lib/crypto/blake2s.o
  CC      lib/devres.o
  CC      lib/math/reciprocal_div.o
  AR      drivers/iio/accel/built-in.a
  CC      lib/math/cordic.o
  AR      kernel/built-in.a
  CC      lib/crypto/chacha-block-generic.o
  AR      drivers/iio/adc/built-in.a
  CC      lib/crypto/chacha.o
  CC      arch/x86/kernel/cpu/microcode/core.o
  AR      fs/autofs/built-in.a
  CC      lib/math/prime_numbers.o
  CC      lib/list_debug.o
  CC      lib/smp_processor_id.o
  CC      lib/bitrev.o
  CC      arch/x86/kernel/cpu/microcode/intel.o
  CC      lib/crypto/gf128hash.o
  CC      drivers/iio/buffer/industrialio-buffer-cb.o
  CC      lib/xxhash.o
  CC      lib/crypto/sha256.o
  CC      arch/x86/kernel/cpu/microcode/amd.o
  CC      drivers/iio/buffer/industrialio-hw-consumer.o
  CC      lib/crypto/sha512.o
  AR      lib/math/built-in.a
  CC      drivers/iio/buffer/industrialio-triggered-buffer.o
  AR      fs/built-in.a
  CC      drivers/iio/buffer/kfifo_buf.o
  CC      lib/zlib_inflate/inffast.o
  AR      lib/crypto/built-in.a
  CC      lib/zlib_inflate/inflate.o
  CC      lib/zlib_inflate/infutil.o
  CC      lib/lz4/lz4_decompress.o
  CC      lib/zlib_inflate/inftrees.o
  AR      arch/x86/kernel/cpu/microcode/built-in.a
  CC      lib/lzo/lzo1x_decompress_safe.o
  CC      lib/syscall.o
  CC      lib/zlib_inflate/inflate_syms.o
  CC      lib/zstd/zstd_decompress_module.o
  CC      lib/strncpy_from_user.o
  AR      drivers/iio/buffer/built-in.a
  CC      lib/xz/xz_dec_syms.o
  AR      drivers/iio/light/built-in.a
  CC      lib/strnlen_user.o
  CC      lib/zstd/decompress/huf_decompress.o
  CC      lib/xz/xz_dec_stream.o
  AR      lib/lz4/built-in.a
  CC      lib/zstd/decompress/zstd_ddict.o
  CC      lib/xz/xz_dec_lzma2.o
  CC      lib/group_cpus.o
  AR      lib/lzo/built-in.a
  AR      lib/zlib_inflate/built-in.a
  CC      lib/xz/xz_dec_bcj.o
  CC      lib/zstd/decompress/zstd_decompress.o
  AR      lib/lib.a
  AR      arch/x86/kernel/cpu/built-in.a
  CC      lib/zstd/decompress/zstd_decompress_block.o
  CC      lib/zstd/zstd_common_module.o
  CC      lib/zstd/common/debug.o
  AR      lib/xz/built-in.a
  CC      lib/zstd/common/entropy_common.o
  CC      lib/zstd/common/error_private.o
  CC      lib/zstd/common/fse_decompress.o
  CC      lib/zstd/common/zstd_common.o
  AR      drivers/iio/built-in.a
  AR      arch/x86/kernel/built-in.a
  AR      lib/zstd/built-in.a
  AR      drivers/built-in.a
  AR      lib/built-in.a
  AR      arch/x86/built-in.a
  TEST    lib/test_fortify/read_overflow-memchr_inv.log
  TEST    lib/test_fortify/read_overflow-memchr.log
  TEST    lib/test_fortify/read_overflow-memcmp.log
  TEST    lib/test_fortify/read_overflow2-memcmp.log
  TEST    lib/test_fortify/read_overflow-memscan.log
  TEST    lib/test_fortify/read_overflow2-memcpy.log
  TEST    lib/test_fortify/read_overflow2-memmove.log
  TEST    lib/test_fortify/read_overflow2_field-memmove.log
  TEST    lib/test_fortify/read_overflow2_field-memcpy.log
  TEST    lib/test_fortify/write_overflow-memmove.log
  TEST    lib/test_fortify/write_overflow-memcpy.log
  TEST    lib/test_fortify/write_overflow-memset.log
  TEST    lib/test_fortify/write_overflow-strcpy-lit.log
  TEST    lib/test_fortify/write_overflow-strcpy.log
  TEST    lib/test_fortify/write_overflow-strscpy.log
  TEST    lib/test_fortify/write_overflow_field-memcpy.log
  TEST    lib/test_fortify/write_overflow_field-memmove.log
  TEST    lib/test_fortify/write_overflow_field-memset.log
  CAT     lib/test_fortify/test_fortify.log
  AR      built-in.a
  AR      built-in-fixup.a
  COPY    vmlinux.a
  LD      vmlinux.o
  MODPOST vmlinux.symvers
  CC      .vmlinux.export.o
  UPD     include/generated/utsversion.h
  CC      init/version-timestamp.o
  KSYMS   .tmp_vmlinux0.kallsyms.S
  AS      .tmp_vmlinux0.kallsyms.o
  LD      .tmp_vmlinux1
  NM      .tmp_vmlinux1.syms
  KSYMS   .tmp_vmlinux1.kallsyms.S
  AS      .tmp_vmlinux1.kallsyms.o
  LD      .tmp_vmlinux2
  NM      .tmp_vmlinux2.syms
  KSYMS   .tmp_vmlinux2.kallsyms.S
  AS      .tmp_vmlinux2.kallsyms.o
  LD      vmlinux.unstripped
  NM      System.map
  SORTTAB vmlinux.unstripped
  OBJCOPY vmlinux
  GEN     modules.builtin.modinfo
  GEN     modules.builtin
  CC      arch/x86/boot/a20.o
  CC      arch/x86/boot/cmdline.o
  AS      arch/x86/boot/copy.o
  CC      arch/x86/boot/cpu.o
  CC      arch/x86/boot/cpuflags.o
  CC      arch/x86/boot/cpucheck.o
  CC      arch/x86/boot/early_serial_console.o
  CC      arch/x86/boot/edd.o
  CC      arch/x86/boot/main.o
  CC      arch/x86/boot/memory.o
  CC      arch/x86/boot/pm.o
  AS      arch/x86/boot/pmjump.o
  CC      arch/x86/boot/printf.o
  CC      arch/x86/boot/string.o
  CC      arch/x86/boot/regs.o
  CC      arch/x86/boot/tty.o
  CC      arch/x86/boot/video.o
  CC      arch/x86/boot/video-mode.o
  CC      arch/x86/boot/version.o
  CC      arch/x86/boot/video-vga.o
  CC      arch/x86/boot/video-bios.o
  CC      arch/x86/boot/video-vesa.o
  LDS     arch/x86/boot/compressed/vmlinux.lds
  AS      arch/x86/boot/compressed/head_32.o
  VOFFSET arch/x86/boot/compressed/../voffset.h
  CC      arch/x86/boot/compressed/string.o
  CC      arch/x86/boot/compressed/error.o
  CC      arch/x86/boot/compressed/cmdline.o
  CC      arch/x86/boot/compressed/cpuflags.o
  OBJCOPY arch/x86/boot/compressed/vmlinux.bin
  GZIP    arch/x86/boot/compressed/vmlinux.bin.gz
  CC      arch/x86/boot/compressed/misc.o
  MKPIGGY arch/x86/boot/compressed/piggy.S
  AS      arch/x86/boot/compressed/piggy.o
  LD      arch/x86/boot/compressed/vmlinux
  ZOFFSET arch/x86/boot/zoffset.h
  OBJCOPY arch/x86/boot/vmlinux.bin
  AS      arch/x86/boot/header.o
  LD      arch/x86/boot/setup.elf
  OBJCOPY arch/x86/boot/setup.bin
  BUILD   arch/x86/boot/bzImage
Kernel: arch/x86/boot/bzImage is ready  (#32)
make[4]: Leaving directory '/home/benni/git/kernel-test/build/rand500config-i386'
make[3]: Leaving directory '/home/benni/git/linux'
