make[2]: Entering directory '/home/benni/git/linux-stable'
make[3]: Entering directory '/home/benni/git/kernel-test-stable/build/rand500config-i386'
  UPD     Makefile
  HOSTCC  scripts/basic/fixdep
  HOSTCC  scripts/kconfig/conf.o
  HOSTCC  scripts/kconfig/confdata.o
  HOSTCC  scripts/kconfig/expr.o
  LEX     scripts/kconfig/lexer.lex.c
  YACC    scripts/kconfig/parser.tab.[ch]
  HOSTCC  scripts/kconfig/lexer.lex.o
  HOSTCC  scripts/kconfig/menu.o
  HOSTCC  scripts/kconfig/parser.tab.o
  HOSTCC  scripts/kconfig/preprocess.o
  HOSTCC  scripts/kconfig/symbol.o
  HOSTCC  scripts/kconfig/util.o
  HOSTLD  scripts/kconfig/conf
#
# configuration written to .config
#
Using .config as base
Merging /home/benni/git/linux-stable/kernel/configs/tiny.config
Value of CONFIG_KERNEL_XZ is redefined by fragment /home/benni/git/linux-stable/kernel/configs/tiny.config:
Previous value: # CONFIG_KERNEL_XZ is not set
New value: CONFIG_KERNEL_XZ=y

Value of CONFIG_CC_OPTIMIZE_FOR_SIZE is redefined by fragment /home/benni/git/linux-stable/kernel/configs/tiny.config:
Previous value: # CONFIG_CC_OPTIMIZE_FOR_SIZE is not set
New value: CONFIG_CC_OPTIMIZE_FOR_SIZE=y

Value of CONFIG_SLUB_TINY is redefined by fragment /home/benni/git/linux-stable/kernel/configs/tiny.config:
Previous value: # CONFIG_SLUB_TINY is not set
New value: CONFIG_SLUB_TINY=y

Merging /home/benni/git/linux-stable/arch/x86/configs/tiny.config
Value of CONFIG_UNWINDER_GUESS is redefined by fragment /home/benni/git/linux-stable/arch/x86/configs/tiny.config:
Previous value: # CONFIG_UNWINDER_GUESS is not set
New value: CONFIG_UNWINDER_GUESS=y

#
# merged configuration written to .config (needs make)
#
#
# configuration written to .config
#
make[3]: Leaving directory '/home/benni/git/kernel-test-stable/build/rand500config-i386'
make[2]: Leaving directory '/home/benni/git/linux-stable'
make[2]: Entering directory '/home/benni/git/linux-stable'
make[3]: Entering directory '/tmp/tmp.cXi9nJCx0z'
  UPD     Makefile
  HOSTCC  scripts/basic/fixdep
  HOSTCC  scripts/kconfig/conf.o
  HOSTCC  scripts/kconfig/confdata.o
  HOSTCC  scripts/kconfig/expr.o
  LEX     scripts/kconfig/lexer.lex.c
  YACC    scripts/kconfig/parser.tab.[ch]
  HOSTCC  scripts/kconfig/lexer.lex.o
  HOSTCC  scripts/kconfig/menu.o
  HOSTCC  scripts/kconfig/parser.tab.o
  HOSTCC  scripts/kconfig/preprocess.o
  HOSTCC  scripts/kconfig/symbol.o
  HOSTCC  scripts/kconfig/util.o
  HOSTLD  scripts/kconfig/conf

WARNING: unmet direct dependencies detected for MFD_STMFX
  Depends on [n]: HAS_IOMEM [=y] && I2C [=y] && OF [=n]
  Selected by [m]:
  - PINCTRL_STMFX [=m] && PINCTRL [=y] && I2C [=y] && HAS_IOMEM [=y]
KCONFIG_SEED=0x17BF811C
#
# configuration written to .config
#
make[3]: Leaving directory '/tmp/tmp.cXi9nJCx0z'
make[2]: Leaving directory '/home/benni/git/linux-stable'
make[2]: Entering directory '/home/benni/git/linux-stable'
make[3]: Entering directory '/tmp/tmp.cXi9nJCx0z'
  GENSEED scripts/basic/randstruct.seed
.config:6128:warning: override: reassigning to symbol MODULES
.config:6131:warning: override: reassigning to symbol DRM
.config:6132:warning: override: reassigning to symbol SOUND
.config:6133:warning: override: reassigning to symbol STAGING
.config:6135:warning: override: reassigning to symbol MEDIA_SUPPORT
.config:6145:warning: override: reassigning to symbol KFENCE
.config:6146:warning: override: reassigning to symbol UBSAN
.config:6151:warning: override: reassigning to symbol RCU_TORTURE_TEST
.config:6152:warning: override: reassigning to symbol LOCK_TORTURE_TEST
.config:6159:warning: override: reassigning to symbol KUNIT

WARNING: unmet direct dependencies detected for MFD_STMFX
  Depends on [n]: HAS_IOMEM [=y] && I2C [=y] && OF [=n]
  Selected by [y]:
  - PINCTRL_STMFX [=y] && PINCTRL [=y] && I2C [=y] && HAS_IOMEM [=y]
#
# configuration written to .config
#
make[3]: Leaving directory '/tmp/tmp.cXi9nJCx0z'
make[2]: Leaving directory '/home/benni/git/linux-stable'
make[2]: Entering directory '/home/benni/git/linux-stable'
make[3]: Entering directory '/home/benni/git/kernel-test-stable/build/rand500config-i386'
.config:1396:warning: override: reassigning to symbol OLD_SIGSUSPEND3
.config:1403:warning: override: reassigning to symbol GENERIC_IRQ_ENTRY
.config:1405:warning: override: reassigning to symbol X86_CMOV
.config:1412:warning: override: reassigning to symbol DEBUG_IRQFLAGS
.config:1417:warning: override: reassigning to symbol X86_DISABLED_FEATURE_ENQCMD
.config:1418:warning: override: reassigning to symbol CMDLINE_BOOL
.config:1426:warning: override: reassigning to symbol HAVE_KPROBES
.config:1427:warning: override: reassigning to symbol ARCH_SUPPORTS_KEXEC
.config:1431:warning: override: reassigning to symbol HAVE_SETUP_PER_CPU_AREA
.config:1433:warning: override: reassigning to symbol X86_DISABLED_FEATURE_INVLPGB
.config:1436:warning: override: reassigning to symbol CC_HAS_NO_PROFILE_FN_ATTR
.config:1437:warning: override: reassigning to symbol PAGE_MAPCOUNT
.config:1440:warning: override: reassigning to symbol CLKBLD_I8253
.config:1444:warning: override: reassigning to symbol POWER_SUPPLY
.config:1445:warning: override: reassigning to symbol GENERIC_IRQ_PROBE
.config:1451:warning: override: reassigning to symbol IRQ_WORK
.config:1453:warning: override: reassigning to symbol LOCKDEP_SUPPORT
.config:1457:warning: override: reassigning to symbol CC_HAS_AUTO_VAR_INIT_ZERO_BARE
.config:1459:warning: override: reassigning to symbol ISA_DMA_API
.config:1463:warning: override: reassigning to symbol INPUT
.config:1466:warning: override: reassigning to symbol GNSS
.config:1470:warning: override: reassigning to symbol DEBUG_ENTRY
.config:1473:warning: override: reassigning to symbol AUTOFS_FS
.config:1480:warning: override: reassigning to symbol PT_RECLAIM
.config:1488:warning: override: reassigning to symbol OLD_SIGACTION
.config:1490:warning: override: reassigning to symbol ARCH_SUPPORTS_KEXEC_BZIMAGE_VERIFY_SIG
.config:1493:warning: override: reassigning to symbol LD_IS_BFD
.config:1512:warning: override: reassigning to symbol DAMON
.config:1515:warning: override: reassigning to symbol BLOCK
.config:1517:warning: override: reassigning to symbol ARCH_WANTS_NO_INSTR
.config:1520:warning: override: reassigning to symbol HAVE_DYNAMIC_FTRACE
.config:1522:warning: override: reassigning to symbol FUNCTION_ALIGNMENT_4B
.config:1529:warning: override: reassigning to symbol CC_HAS_COUNTED_BY
.config:1531:warning: override: reassigning to symbol ARCH_SUPPORTS_CRASH_HOTPLUG
.config:1537:warning: override: reassigning to symbol X86_DISABLED_FEATURE_PCID
.config:1548:warning: override: reassigning to symbol HAVE_ARCH_SECCOMP_FILTER
.config:1552:warning: override: reassigning to symbol GENERIC_CPU_VULNERABILITIES
.config:1563:warning: override: reassigning to symbol RCU_EQS_DEBUG
.config:1574:warning: override: reassigning to symbol DEBUG_TLBFLUSH
.config:1586:warning: override: reassigning to symbol HAVE_DYNAMIC_FTRACE_NO_PATCHABLE
.config:1590:warning: override: reassigning to symbol COMMON_CLK
.config:1592:warning: override: reassigning to symbol DEBUG_SPINLOCK
.config:1605:warning: override: reassigning to symbol SLAB_MERGE_DEFAULT
.config:1608:warning: override: reassigning to symbol CRYPTO_LIB_SHA256
.config:1628:warning: override: reassigning to symbol X86_DISABLED_FEATURE_TDX_GUEST
.config:1631:warning: override: reassigning to symbol TOSHIBA
.config:1634:warning: override: reassigning to symbol HAVE_EXIT_THREAD
.config:1636:warning: override: reassigning to symbol LRU_GEN
.config:1638:warning: override: reassigning to symbol CC_HAS_MIN_FUNCTION_ALIGNMENT
.config:1642:warning: override: reassigning to symbol ARCH_HAS_NON_OVERLAPPING_ADDRESS_SPACE
.config:1653:warning: override: reassigning to symbol DEBUG_KMAP_LOCAL
.config:1657:warning: override: reassigning to symbol HAVE_GENERIC_VDSO
.config:1669:warning: override: reassigning to symbol CPU_SUP_UMC_32
.config:1675:warning: override: reassigning to symbol HAVE_KCSAN_COMPILER
.config:1676:warning: override: reassigning to symbol DEBUG_MAPLE_TREE
.config:1677:warning: override: reassigning to symbol SYNC_FILE
.config:1682:warning: override: reassigning to symbol REGULATOR
.config:1693:warning: override: reassigning to symbol GCC10_NO_ARRAY_BOUNDS
.config:1701:warning: override: reassigning to symbol X86_HAVE_PAE
.config:1710:warning: override: reassigning to symbol DEBUG_INFO_DWARF4
.config:1713:warning: override: reassigning to symbol HAS_IOPORT
.config:1726:warning: override: reassigning to symbol HAVE_DEBUG_KMEMLEAK
.config:1738:warning: override: reassigning to symbol PREEMPT_LAZY
.config:1743:warning: override: reassigning to symbol ARCH_HAS_HW_PTE_YOUNG
.config:1744:warning: override: reassigning to symbol KERNEL_LZO
.config:1745:warning: override: reassigning to symbol CC_HAS_KASAN_GENERIC
.config:1749:warning: override: reassigning to symbol KEYS
.config:1754:warning: override: reassigning to symbol HAVE_IRQ_TIME_ACCOUNTING
.config:1775:warning: override: reassigning to symbol FW_LOADER
.config:1780:warning: override: reassigning to symbol ARCH_WANTS_DYNAMIC_TASK_STRUCT
.config:1784:warning: override: reassigning to symbol ARCH_HAS_CPU_CACHE_INVALIDATE_MEMREGION
.config:1798:warning: override: reassigning to symbol CPU_SUP_CENTAUR
.config:1799:warning: override: reassigning to symbol DEBUG_SHIRQ
.config:1801:warning: override: reassigning to symbol W1
.config:1804:warning: override: reassigning to symbol MEMBARRIER
.config:1814:warning: override: reassigning to symbol EXPERT
.config:1819:warning: override: reassigning to symbol ARCH_WANT_IPC_PARSE_VERSION
.config:1820:warning: override: reassigning to symbol SERIO
.config:1825:warning: override: reassigning to symbol CPU_SUP_TRANSMETA_32
.config:1827:warning: override: reassigning to symbol X86_DISABLED_FEATURE_UNRET
.config:1839:warning: override: reassigning to symbol ARCH_HAS_SET_MEMORY
.config:1845:warning: override: reassigning to symbol HAVE_ARCH_TRANSPARENT_HUGEPAGE
.config:1851:warning: override: reassigning to symbol X86_32
.config:1862:warning: override: reassigning to symbol CC_NO_ARRAY_BOUNDS
.config:1867:warning: override: reassigning to symbol HAVE_EBPF_JIT
.config:1869:warning: override: reassigning to symbol LD_CAN_USE_KEEP_IN_OVERLAY
.config:1873:warning: override: reassigning to symbol ARCH_HAS_SET_DIRECT_MAP
.config:1874:warning: override: reassigning to symbol CPU_SUP_INTEL
.config:1883:warning: override: reassigning to symbol VHOST_MENU
.config:1885:warning: override: reassigning to symbol BACKLIGHT_CLASS_DEVICE
.config:1889:warning: override: reassigning to symbol DEBUG_PAGEALLOC
.config:1891:warning: override: reassigning to symbol FLATMEM
.config:1907:warning: override: reassigning to symbol PRINTK
.config:1911:warning: override: reassigning to symbol TTY
.config:1919:warning: override: reassigning to symbol BLK_DEV_INITRD
.config:1923:warning: override: reassigning to symbol BINFMT_ELF
.config:1924:warning: override: reassigning to symbol BINFMT_SCRIPT
#
# configuration written to .config
#
make[3]: Leaving directory '/home/benni/git/kernel-test-stable/build/rand500config-i386'
make[2]: Leaving directory '/home/benni/git/linux-stable'
make[2]: Entering directory '/home/benni/git/linux-stable'
make[3]: Entering directory '/home/benni/git/kernel-test-stable/build/rand500config-i386'
  SYNC    include/config/auto.conf
  WRAP    arch/x86/include/generated/uapi/asm/bpf_perf_event.h
  WRAP    arch/x86/include/generated/uapi/asm/errno.h
  SYSHDR  arch/x86/include/generated/uapi/asm/unistd_32.h
  WRAP    arch/x86/include/generated/uapi/asm/fcntl.h
  UPD     include/generated/uapi/linux/version.h
  WRAP    arch/x86/include/generated/uapi/asm/ioctl.h
  SYSHDR  arch/x86/include/generated/uapi/asm/unistd_64.h
  SYSHDR  arch/x86/include/generated/uapi/asm/unistd_x32.h
  WRAP    arch/x86/include/generated/uapi/asm/ioctls.h
  SYSTBL  arch/x86/include/generated/asm/syscalls_32.h
  WRAP    arch/x86/include/generated/uapi/asm/ipcbuf.h
  WRAP    arch/x86/include/generated/uapi/asm/param.h
  WRAP    arch/x86/include/generated/uapi/asm/poll.h
  WRAP    arch/x86/include/generated/uapi/asm/resource.h
  WRAP    arch/x86/include/generated/uapi/asm/socket.h
  WRAP    arch/x86/include/generated/uapi/asm/sockios.h
  WRAP    arch/x86/include/generated/uapi/asm/termbits.h
  WRAP    arch/x86/include/generated/uapi/asm/termios.h
  WRAP    arch/x86/include/generated/uapi/asm/types.h
  HOSTCC  arch/x86/tools/relocs_32.o
  HOSTCC  arch/x86/tools/relocs_64.o
  HOSTCC  arch/x86/tools/relocs_common.o
  UPD     arch/x86/include/generated/asm/cpufeaturemasks.h
  HOSTCC  arch/x86/tools/vdso2c
  UPD     include/generated/compile.h
  HOSTCC  scripts/sorttable.o
  HOSTCC  scripts/elf-parse.o
  WRAP    arch/x86/include/generated/asm/early_ioremap.h
  WRAP    arch/x86/include/generated/asm/fprobe.h
  WRAP    arch/x86/include/generated/asm/mcs_spinlock.h
  WRAP    arch/x86/include/generated/asm/mmzone.h
  WRAP    arch/x86/include/generated/asm/ring_buffer.h
  WRAP    arch/x86/include/generated/asm/irq_regs.h
  WRAP    arch/x86/include/generated/asm/kmap_size.h
  WRAP    arch/x86/include/generated/asm/local64.h
  HOSTLD  arch/x86/tools/relocs
  WRAP    arch/x86/include/generated/asm/mmiowb.h
  WRAP    arch/x86/include/generated/asm/module.lds.h
  WRAP    arch/x86/include/generated/asm/rwonce.h
  HOSTLD  scripts/sorttable
  UPD     include/config/kernel.release
  UPD     include/generated/utsrelease.h
  CC      scripts/mod/empty.o
  HOSTCC  scripts/mod/mk_elfconfig
  CC      scripts/mod/devicetable-offsets.s
  UPD     scripts/mod/devicetable-offsets.h
  MKELF   scripts/mod/elfconfig.h
  HOSTCC  scripts/mod/modpost.o
  HOSTCC  scripts/mod/file2alias.o
  HOSTCC  scripts/mod/sumversion.o
  HOSTCC  scripts/mod/symsearch.o
  HOSTLD  scripts/mod/modpost
  CC      kernel/bounds.s
  CHKSHA1 /home/benni/git/linux-stable/include/linux/atomic/atomic-arch-fallback.h
  CHKSHA1 /home/benni/git/linux-stable/include/linux/atomic/atomic-instrumented.h
  CHKSHA1 /home/benni/git/linux-stable/include/linux/atomic/atomic-long.h
  UPD     include/generated/timeconst.h
  UPD     include/generated/bounds.h
  CC      arch/x86/kernel/asm-offsets.s
  UPD     include/generated/asm-offsets.h
  CC      kernel/sched/rq-offsets.s
  UPD     include/generated/rq-offsets.h
  CALL    /home/benni/git/linux-stable/scripts/checksyscalls.sh 
  HOSTCC  usr/gen_init_cpio
  CC      init/main.o
  AR      certs/built-in.a
  CC      init/do_mounts.o
  AR      ipc/built-in.a
  CC      mm/filemap.o
  CC      fs/open.o
  UPD     init/utsversion-tmp.h
  CC      block/bdev.o
  AS      arch/x86/entry/entry.o
  AS      arch/x86/lib/atomic64_cx8_32.o
  AR      arch/x86/boot/startup/lib.a
  CC      security/keys/gc.o
  CC      lib/argv_split.o
  CC      security/commoncap.o
  AR      arch/x86/boot/startup/built-in.a
  AS      arch/x86/entry/entry_32.o
  CC      arch/x86/events/core.o
  CC      mm/mempool.o
  CC      kernel/fork.o
  AS      arch/x86/lib/checksum_32.o
  CC      block/fops.o
  CC      arch/x86/entry/syscall_32.o
  AR      crypto/built-in.a
  CC      fs/read_write.o
  CC      arch/x86/lib/cmdline.o
  AS      arch/x86/lib/cmpxchg8b_emu.o
  GEN     usr/initramfs_data.cpio
  CC      arch/x86/lib/cpu.o
  COPY    usr/initramfs_inc_data
  AS      usr/initramfs_data.o
  AR      usr/built-in.a
  CC      lib/buildid.o
  CC      security/keys/key.o
  CC      arch/x86/lib/delay.o
  CC      init/do_mounts_initrd.o
  CC      init/initramfs.o
  AS      arch/x86/lib/getuser.o
  CC      security/keys/keyring.o
  GEN     arch/x86/lib/inat-tables.c
  CC      arch/x86/entry/common.o
  CC      lib/cmdline.o
  CC      arch/x86/lib/insn-eval.o
  CC      block/bio.o
  AR      drivers/cache/built-in.a
  CC      mm/oom_kill.o
  AR      drivers/irqchip/built-in.a
  AR      drivers/bus/mhi/built-in.a
  AR      drivers/bus/built-in.a
  AR      drivers/phy/built-in.a
  AR      drivers/pwm/built-in.a
  CC      arch/x86/realmode/init.o
  AR      drivers/leds/blink/built-in.a
  CC      lib/ctype.o
  AR      drivers/leds/simatic/built-in.a
  AR      drivers/leds/built-in.a
  CC      lib/dec_and_lock.o
  AS      arch/x86/realmode/rm/header.o
  AR      drivers/pci/controller/dwc/built-in.a
  CC      arch/x86/lib/insn.o
  AR      drivers/pci/controller/mobiveil/built-in.a
  AS      arch/x86/realmode/rm/trampoline_32.o
  AR      drivers/pci/controller/plda/built-in.a
  AR      drivers/pci/controller/built-in.a
  AS      arch/x86/realmode/rm/stack.o
  AR      drivers/pci/switch/built-in.a
  AR      drivers/pci/built-in.a
  CC      fs/file_table.o
  AS      arch/x86/realmode/rm/reboot.o
  CC      drivers/video/console/dummycon.o
  PASYMS  arch/x86/realmode/rm/pasyms.h
  LDS     arch/x86/realmode/rm/realmode.lds
  CC      lib/decompress.o
  LD      arch/x86/realmode/rm/realmode.elf
  RELOCS  arch/x86/realmode/rm/realmode.relocs
  OBJCOPY arch/x86/realmode/rm/realmode.bin
  CC      drivers/video/console/vgacon.o
  CC      arch/x86/lib/memcpy_32.o
  CC      lib/decompress_bunzip2.o
  CC      security/min_addr.o
  CC      kernel/exec_domain.o
  CC      block/elevator.o
  CC      arch/x86/events/probe.o
  CC      init/calibrate.o
  AS      arch/x86/realmode/rmpiggy.o
  CC      arch/x86/entry/vdso/vma.o
  AS      arch/x86/lib/memmove_32.o
  AR      arch/x86/realmode/built-in.a
  CC      arch/x86/entry/vdso/extable.o
  CC      arch/x86/lib/misc.o
  CC      arch/x86/lib/pc-conf-reg.o
  CC      mm/fadvise.o
  CC      kernel/panic.o
  CC      init/init_task.o
  CC      arch/x86/events/utils.o
  AS      arch/x86/lib/putuser.o
  CC      security/keys/keyctl.o
  CC      arch/x86/lib/string_32.o
  CC      lib/decompress_inflate.o
  AR      sound/built-in.a
  CC      fs/super.o
  CC      arch/x86/lib/strstr_32.o
  AR      virt/lib/built-in.a
  AR      virt/built-in.a
  CC      arch/x86/events/amd/core.o
  CC      fs/char_dev.o
  CC      block/blk-core.o
  CC      arch/x86/lib/usercopy.o
  CC      lib/decompress_unlz4.o
  AR      drivers/video/console/built-in.a
  CC      drivers/video/backlight/backlight.o
  AR      drivers/idle/built-in.a
  AS      arch/x86/kernel/head_32.o
  CC      arch/x86/kernel/head32.o
  AR      arch/x86/entry/vsyscall/built-in.a
  CC      arch/x86/events/amd/lbr.o
  CC      arch/x86/lib/usercopy_32.o
  CC      arch/x86/entry/vdso/vdso32-setup.o
  CC      init/version.o
  CC      mm/maccess.o
  LDS     arch/x86/entry/vdso/vdso32/vdso32.lds
  AS      arch/x86/entry/vdso/vdso32/note.o
  CC      kernel/cpu.o
  CC      arch/x86/entry/vdso/vdso32/vclock_gettime.o
  CC      mm/page-writeback.o
  CC      lib/decompress_unlzma.o
  CC      drivers/video/backlight/kb3886_bl.o
  CC      security/keys/permission.o
  CC      lib/decompress_unlzo.o
  CC      arch/x86/lib/msr.o
  CC      arch/x86/kernel/ebda.o
  CC      lib/decompress_unxz.o
  AR      init/built-in.a
  CC      lib/decompress_unzstd.o
  CC      lib/dump_stack.o
  CC      arch/x86/entry/vdso/vdso32/vgetcpu.o
  AR      drivers/char/ipmi/built-in.a
  CC      lib/earlycpio.o
  CC      fs/stat.o
  AR      drivers/video/backlight/built-in.a
  CC      block/blk-sysfs.o
  AR      drivers/video/fbdev/core/built-in.a
  AR      drivers/video/fbdev/omap/built-in.a
  AR      arch/x86/events/amd/built-in.a
  AS      arch/x86/entry/vdso/vdso32/system_call.o
  AR      drivers/video/fbdev/omap2/omapfb/dss/built-in.a
  CC      kernel/exit.o
  AR      drivers/video/fbdev/omap2/omapfb/displays/built-in.a
  CC      arch/x86/events/intel/core.o
  AR      drivers/video/fbdev/omap2/omapfb/built-in.a
  AS      arch/x86/entry/vdso/vdso32/sigreturn.o
  AS      arch/x86/lib/msr-reg.o
  AR      drivers/video/fbdev/omap2/built-in.a
  VDSO    arch/x86/entry/vdso/vdso32/vdso32.so.dbg
  OBJCOPY arch/x86/entry/vdso/vdso32/vdso32.so
  VDSO2C  arch/x86/entry/vdso/vdso32/vdso32-image.c
  AR      drivers/video/fbdev/built-in.a
  CC      arch/x86/entry/vdso/vdso32/vdso32-image.o
  CC      arch/x86/lib/msr-reg-export.o
  CC      arch/x86/events/zhaoxin/core.o
  AR      drivers/video/built-in.a
  CC      arch/x86/events/intel/bts.o
  AR      drivers/amba/built-in.a
  CC      drivers/clk/clk-devres.o
  CC      fs/exec.o
  CC      block/blk-flush.o
  CC      security/keys/process_keys.o
  CC      arch/x86/kernel/platform-quirks.o
  AS      arch/x86/lib/hweight.o
  CC      arch/x86/lib/iomem.o
  AR      arch/x86/entry/vdso/vdso32/built-in.a
  CC      arch/x86/lib/atomic64_32.o
  AR      arch/x86/entry/vdso/built-in.a
  AS      arch/x86/entry/thunk.o
  CC      kernel/softirq.o
  CC      lib/extable.o
  AR      arch/x86/entry/built-in.a
  CC      arch/x86/mm/init.o
  CC      drivers/clk/clk-bulk.o
  CC      arch/x86/kernel/process_32.o
  CC      arch/x86/lib/inat.o
  CC      mm/folio-compat.o
  CC      arch/x86/mm/init_32.o
  CC      lib/flex_proportions.o
  AR      arch/x86/lib/built-in.a
  CC      arch/x86/mm/fault.o
  AR      arch/x86/lib/lib.a
  CC      arch/x86/mm/ioremap.o
  CC      block/blk-settings.o
  CC      kernel/resource.o
  AR      arch/x86/events/zhaoxin/built-in.a
  AR      arch/x86/crypto/built-in.a
  CC      security/keys/request_key.o
  CC      drivers/clk/clkdev.o
  AR      arch/x86/platform/atom/built-in.a
  CC      mm/readahead.o
  AR      arch/x86/platform/ce4100/built-in.a
  AR      arch/x86/platform/efi/built-in.a
  AR      arch/x86/platform/geode/built-in.a
  AR      arch/x86/platform/iris/built-in.a
  CC      lib/idr.o
  AR      arch/x86/platform/intel/built-in.a
  AR      arch/x86/platform/intel-mid/built-in.a
  AR      arch/x86/platform/intel-quark/built-in.a
  AR      arch/x86/platform/olpc/built-in.a
  CC      fs/pipe.o
  AR      arch/x86/platform/scx200/built-in.a
  AR      arch/x86/platform/ts5500/built-in.a
  AR      arch/x86/platform/uv/built-in.a
  AR      arch/x86/platform/built-in.a
  CC      lib/iomem_copy.o
  AR      drivers/soc/apple/built-in.a
  AR      drivers/soc/aspeed/built-in.a
  AR      drivers/soc/bcm/built-in.a
  CC      block/blk-ioc.o
  CC      arch/x86/mm/extable.o
  AR      drivers/soc/fsl/built-in.a
  AR      drivers/soc/fujitsu/built-in.a
  AR      drivers/soc/hisilicon/built-in.a
  CC      arch/x86/kernel/signal.o
  AR      drivers/soc/imx/built-in.a
  AR      drivers/soc/ixp4xx/built-in.a
  AR      drivers/soc/loongson/built-in.a
  CC      drivers/clk/clk.o
  AR      drivers/soc/mediatek/built-in.a
  CC      arch/x86/events/intel/ds.o
  AR      drivers/soc/microchip/built-in.a
  AR      drivers/soc/nuvoton/built-in.a
  AR      drivers/soc/pxa/built-in.a
  AR      drivers/soc/amlogic/built-in.a
  AR      drivers/soc/qcom/built-in.a
  CC      security/keys/request_key_auth.o
  AR      drivers/soc/renesas/built-in.a
  AR      drivers/soc/rockchip/built-in.a
  AR      drivers/soc/sophgo/built-in.a
  AR      drivers/soc/sunxi/built-in.a
  CC      kernel/sysctl.o
  AR      drivers/soc/ti/built-in.a
  AR      drivers/soc/versatile/built-in.a
  AR      drivers/soc/vt8500/built-in.a
  AR      drivers/soc/xilinx/built-in.a
  AR      drivers/soc/built-in.a
  CC      lib/irq_regs.o
  AR      arch/x86/net/built-in.a
  CC      block/blk-map.o
  CC      drivers/clk/clk-divider.o
  CC      kernel/capability.o
  CC      block/blk-merge.o
  CC      lib/is_single_threaded.o
  CC      block/blk-timeout.o
  CC      mm/swap.o
  CC      arch/x86/virt/svm/cmdline.o
  CC      arch/x86/mm/mmap.o
  CC      security/keys/user_defined.o
  CC      arch/x86/kernel/signal_32.o
  AR      arch/x86/virt/svm/built-in.a
  CC      fs/namei.o
  AR      arch/x86/virt/vmx/built-in.a
  CC      lib/klist.o
  AR      arch/x86/virt/built-in.a
  AR      drivers/virtio/built-in.a
  CC      drivers/regulator/core.o
  CC      drivers/regulator/dummy.o
  CC      arch/x86/mm/pgtable.o
  CC      fs/fcntl.o
  CC      kernel/ptrace.o
  CC      mm/truncate.o
  CC      lib/kobject.o
  CC      drivers/clk/clk-fixed-factor.o
  AR      security/keys/built-in.a
  CC      lib/kobject_uevent.o
  AR      security/built-in.a
  CC      drivers/tty/tty_io.o
  CC      block/blk-lib.o
  CC      arch/x86/events/intel/knc.o
  CC      drivers/clk/clk-fixed-rate.o
  CC      arch/x86/kernel/traps.o
  CC      arch/x86/mm/physaddr.o
  CC      fs/ioctl.o
  CC      kernel/user.o
  CC      arch/x86/kernel/idt.o
  CC      lib/logic_pio.o
  CC      drivers/tty/n_tty.o
  CC      drivers/clk/clk-gate.o
  CC      drivers/tty/tty_ioctl.o
  CC      mm/vmscan.o
  CC      block/blk-mq.o
  CC      lib/maple_tree.o
  CC      arch/x86/mm/tlb.o
  CC      kernel/signal.o
  CC      arch/x86/events/intel/lbr.o
  CC      drivers/regulator/fixed-helper.o
  CC      lib/memcat_p.o
  CC      drivers/clk/clk-multiplier.o
  CC      drivers/char/mem.o
  CC      arch/x86/events/intel/p4.o
  CC      arch/x86/mm/cpu_entry_area.o
  CC      arch/x86/kernel/irq.o
  CC      lib/nmi_backtrace.o
  CC      drivers/clk/clk-mux.o
  CC      kernel/sys.o
  CC      drivers/regulator/helpers.o
  CC      drivers/tty/tty_ldisc.o
  CC      fs/readdir.o
  CC      arch/x86/mm/maccess.o
  CC      drivers/char/random.o
  CC      mm/shrinker.o
  CC      lib/objpool.o
  CC      drivers/clk/clk-composite.o
  CC      mm/shmem.o
  CC      arch/x86/events/intel/p6.o
  CC      arch/x86/kernel/irq_32.o
  CC      arch/x86/mm/pgprot.o
  CC      arch/x86/mm/pat/set_memory.o
  CC      drivers/tty/tty_buffer.o
  CC      drivers/regulator/devres.o
  CC      drivers/clk/clk-fractional-divider.o
  CC      fs/select.o
  CC      arch/x86/kernel/dumpstack_32.o
  CC      fs/dcache.o
  AR      drivers/iommu/arm/arm-smmu/built-in.a
  AR      drivers/iommu/arm/arm-smmu-v3/built-in.a
  AR      drivers/iommu/arm/built-in.a
  AR      drivers/iommu/iommufd/built-in.a
  AR      drivers/iommu/built-in.a
  CC      kernel/umh.o
  CC      arch/x86/mm/pgtable_32.o
  CC      block/blk-mq-tag.o
  CC      mm/util.o
  CC      arch/x86/events/intel/pt.o
  CC      lib/plist.o
  CC      drivers/char/misc.o
  CC      drivers/tty/tty_port.o
  CC      drivers/clk/clk-gpio.o
  CC      lib/radix-tree.o
  CC      drivers/tty/tty_mutex.o
  CC      drivers/regulator/irq_helpers.o
  CC      arch/x86/kernel/time.o
  CC      drivers/tty/tty_ldsem.o
  CC      arch/x86/mm/pat/memtype.o
  CC      lib/ratelimit.o
  CC      drivers/char/toshiba.o
  CC      block/blk-mq-dma.o
  CC      kernel/workqueue.o
  CC      arch/x86/kernel/ioport.o
  AR      drivers/clk/actions/built-in.a
  AR      drivers/clk/analogbits/built-in.a
  AR      drivers/clk/aspeed/built-in.a
  AR      drivers/gpu/host1x/built-in.a
  AR      drivers/clk/bcm/built-in.a
  CC      lib/rbtree.o
  AR      drivers/clk/imgtec/built-in.a
  CC      kernel/pid.o
  AR      drivers/clk/imx/built-in.a
  AR      drivers/clk/ingenic/built-in.a
  CC      mm/mmzone.o
  AR      drivers/clk/keystone/built-in.a
  AR      drivers/clk/mediatek/built-in.a
  AR      drivers/gpu/vga/built-in.a
  CC      drivers/base/component.o
  AR      drivers/clk/microchip/built-in.a
  AR      drivers/clk/mstar/built-in.a
  AR      drivers/clk/mvebu/built-in.a
  CC      drivers/regulator/virtual.o
  AR      drivers/clk/ralink/built-in.a
  AR      drivers/clk/renesas/built-in.a
  AR      drivers/clk/socfpga/built-in.a
  AR      drivers/clk/sophgo/built-in.a
  AR      drivers/clk/spacemit/built-in.a
  CC      drivers/base/core.o
  AR      drivers/clk/sprd/built-in.a
  AR      drivers/clk/starfive/built-in.a
  AR      drivers/clk/sunxi-ng/built-in.a
  AR      drivers/clk/tenstorrent/built-in.a
  AR      drivers/clk/ti/built-in.a
  AR      arch/x86/events/intel/built-in.a
  AR      drivers/clk/versatile/built-in.a
  CC      drivers/tty/tty_baudrate.o
  AR      drivers/clk/x86/built-in.a
  AR      arch/x86/events/built-in.a
  AR      drivers/gpu/drm/tests/built-in.a
  CC      drivers/clk/xilinx/xlnx_vcu.o
  AR      drivers/gpu/drm/arm/built-in.a
  CC      drivers/base/bus.o
  AR      drivers/gpu/drm/clients/built-in.a
  AR      drivers/gpu/drm/display/built-in.a
  AR      arch/x86/mm/pat/built-in.a
  AR      drivers/gpu/drm/renesas/rcar-du/built-in.a
  AR      drivers/char/agp/built-in.a
  AR      drivers/gpu/drm/renesas/rz-du/built-in.a
  AR      drivers/char/built-in.a
  AR      drivers/gpu/drm/renesas/built-in.a
  CC      arch/x86/mm/iomap_32.o
  CC      lib/seq_buf.o
  CC      fs/inode.o
  AR      drivers/gpu/drm/omapdrm/built-in.a
  AR      drivers/gpu/tests/built-in.a
  CC      block/blk-stat.o
  AR      drivers/gpu/drm/tilcdc/built-in.a
  AR      drivers/gpu/drm/imx/built-in.a
  AR      drivers/gpu/drm/panel/built-in.a
  AR      drivers/gpu/drm/bridge/analogix/built-in.a
  AR      drivers/gpu/drm/bridge/cadence/built-in.a
  AR      drivers/gpu/drm/bridge/imx/built-in.a
  AR      drivers/gpu/drm/bridge/synopsys/built-in.a
  CC      drivers/tty/tty_jobctrl.o
  AR      drivers/gpu/drm/bridge/built-in.a
  CC      mm/vmstat.o
  CC      arch/x86/kernel/dumpstack.o
  AR      drivers/gpu/drm/hisilicon/built-in.a
  AR      drivers/gpu/drm/mxsfb/built-in.a
  AR      drivers/gpu/drm/sysfb/built-in.a
  AR      drivers/gpu/drm/tiny/built-in.a
  AR      drivers/gpu/drm/xlnx/built-in.a
  AR      drivers/gpu/drm/gud/built-in.a
  AR      drivers/gpu/drm/sitronix/built-in.a
  AR      drivers/gpu/drm/solomon/built-in.a
  AR      drivers/gpu/drm/built-in.a
  CC      drivers/base/dd.o
  AR      drivers/gpu/built-in.a
  AR      drivers/regulator/built-in.a
  AR      drivers/block/built-in.a
  CC      drivers/tty/n_null.o
  AR      drivers/misc/eeprom/built-in.a
  AR      drivers/misc/cb710/built-in.a
  AR      drivers/misc/lis3lv02d/built-in.a
  AR      drivers/misc/cardreader/built-in.a
  AR      drivers/mfd/built-in.a
  AR      drivers/nfc/built-in.a
  AR      drivers/misc/keba/built-in.a
  AR      drivers/misc/amd-sbi/built-in.a
  CC      block/blk-mq-sysfs.o
  AR      drivers/misc/built-in.a
  AR      drivers/clk/xilinx/built-in.a
  CC      lib/siphash.o
  AR      drivers/clk/built-in.a
  AR      arch/x86/mm/built-in.a
  CC      fs/attr.o
  CC      arch/x86/kernel/nmi.o
  CC      fs/bad_inode.o
  CC      drivers/base/syscore.o
  CC      drivers/tty/pty.o
  CC      drivers/tty/vt/vt_ioctl.o
  CC      mm/backing-dev.o
  CC      arch/x86/kernel/setup.o
  CC      lib/string.o
  CC      lib/sys_info.o
  CC      drivers/base/driver.o
  AR      drivers/dax/hmem/built-in.a
  AR      drivers/dax/built-in.a
  CC      arch/x86/kernel/x86_init.o
  CC      kernel/task_work.o
  CC      arch/x86/kernel/i8259.o
  CC      block/blk-mq-cpumap.o
  CC      drivers/tty/vt/vc_screen.o
  CC      drivers/base/class.o
  CC      fs/file.o
  CC      drivers/tty/serial/serial_core.o
  CC      lib/timerqueue.o
  CC      arch/x86/kernel/irqinit.o
  CC      drivers/dma-buf/dma-buf.o
  AR      drivers/tty/ipwireless/built-in.a
  CC      block/blk-mq-sched.o
  CC      drivers/tty/vt/selection.o
  CC      mm/mm_init.o
  CC      lib/vsprintf.o
  CC      lib/win_minmax.o
  CC      kernel/extable.o
  CC      drivers/tty/serial/serial_base_bus.o
  AR      drivers/cxl/core/built-in.a
  AR      drivers/cxl/built-in.a
  CC      drivers/dma-buf/dma-fence.o
  CC      arch/x86/kernel/irq_work.o
  CC      drivers/base/platform.o
  CC      block/ioctl.o
  CC      block/genhd.o
  AR      drivers/macintosh/built-in.a
  CC      fs/filesystems.o
  CC      drivers/tty/vt/keyboard.o
  CC      mm/percpu.o
  AR      drivers/scsi/built-in.a
  CC      arch/x86/kernel/probe_roms.o
  AR      drivers/nvme/common/built-in.a
  AR      drivers/nvme/host/built-in.a
  CC      drivers/nvme/target/core.o
  CC      kernel/params.o
  CC      mm/slab_common.o
  CC      drivers/dma-buf/dma-fence-array.o
  CC      drivers/nvme/target/configfs.o
  CC      drivers/tty/vt/vt.o
  CC      drivers/dma-buf/dma-fence-chain.o
  CC      drivers/base/cpu.o
  CC      fs/namespace.o
  CC      fs/seq_file.o
  CC      drivers/tty/serial/serial_ctrl.o
  CC      block/ioprio.o
  CC      drivers/base/firmware.o
  CC      arch/x86/kernel/sys_ia32.o
  CC      drivers/dma-buf/dma-fence-unwrap.o
  CC      kernel/kthread.o
  CC      lib/xarray.o
  CC      block/badblocks.o
  CC      block/partitions/core.o
  CC      mm/compaction.o
  CC      drivers/base/init.o
  CC      lib/lockref.o
  CC      drivers/tty/serial/serial_port.o
  CC      kernel/sys_ni.o
  CC      drivers/nvme/target/admin-cmd.o
  CC      drivers/dma-buf/dma-resv.o
  CC      kernel/nsproxy.o
  CC      arch/x86/kernel/bootflag.o
  CC      arch/x86/kernel/e820.o
  CC      block/partitions/msdos.o
  CC      drivers/base/map.o
  COPY    drivers/tty/vt/defkeymap.c
  CC      drivers/tty/vt/consolemap.o
  CC      drivers/base/devres.o
  CC      mm/show_mem.o
  CC      lib/bcd.o
  CC      drivers/tty/serial/earlycon.o
  CC      lib/sort.o
  AR      drivers/net/phy/mediatek/built-in.a
  AR      drivers/net/pse-pd/built-in.a
  CC      mm/interval_tree.o
  AR      drivers/net/phy/qcom/built-in.a
  AR      drivers/net/phy/built-in.a
  AR      drivers/net/mdio/built-in.a
  AR      drivers/firewire/built-in.a
  AR      drivers/cdrom/built-in.a
  AR      drivers/net/pcs/built-in.a
  CC      block/partitions/efi.o
  AR      drivers/net/built-in.a
  CC      drivers/dma-buf/dma-buf-mapping.o
  CC      kernel/nstree.o
  CC      fs/xattr.o
  HOSTCC  drivers/tty/vt/conmakehash
  CC      lib/parser.o
  CC      drivers/base/attribute_container.o
  CC      block/blk-rq-qos.o
  AR      drivers/auxdisplay/built-in.a
  CC      block/disk-events.o
  CC      drivers/nvme/target/fabrics-cmd.o
  CC      arch/x86/kernel/pci-dma.o
  CC      fs/libfs.o
  CC      drivers/tty/serial/8250/8250_core.o
  CC      lib/debug_locks.o
  COPY    drivers/tty/vt/ucs_width_table.h
  COPY    drivers/tty/vt/ucs_recompose_table.h
  COPY    drivers/tty/vt/ucs_fallback_table.h
  CC      drivers/tty/vt/defkeymap.o
  CC      drivers/dma-buf/sync_file.o
  CC      kernel/nscommon.o
  CC      mm/list_lru.o
  CC      drivers/base/transport_class.o
  AR      block/partitions/built-in.a
  CC      lib/random32.o
  CC      drivers/base/topology.o
  CONMK   drivers/tty/vt/consolemap_deftbl.c
  CC      drivers/tty/vt/ucs.o
  CC      drivers/tty/serial/8250/8250_platform.o
  CC      drivers/nvme/target/discovery.o
  CC      drivers/tty/vt/consolemap_deftbl.o
  AR      drivers/tty/vt/built-in.a
  CC      drivers/input/serio/serio.o
  CC      drivers/input/input.o
  CC      block/blk-ia-ranges.o
  CC      arch/x86/kernel/quirks.o
  CC      drivers/rtc/lib.o
  CC      lib/bust_spinlocks.o
  AR      drivers/i2c/algos/built-in.a
  CC      kernel/notifier.o
  AR      drivers/i2c/busses/built-in.a
  AR      drivers/i2c/muxes/built-in.a
  AR      drivers/i2c/built-in.a
  AR      drivers/dma-buf/built-in.a
  CC      drivers/tty/serial/8250/8250_port.o
  AR      drivers/i3c/built-in.a
  CC      fs/fs-writeback.o
  CC      drivers/input/serio/i8042.o
  CC      drivers/base/container.o
  CC      drivers/tty/serial/8250/8250_early.o
  CC      mm/workingset.o
  CC      drivers/input/input-compat.o
  CC      block/early-lookup.o
  CC      kernel/ksysfs.o
  CC      drivers/nvme/target/io-cmd-file.o
  CC      drivers/nvme/target/io-cmd-bdev.o
  CC      arch/x86/kernel/kdebugfs.o
  CC      drivers/rtc/rtc-mc146818-lib.o
  CC      lib/kasprintf.o
  CC      drivers/base/property.o
  AR      drivers/media/i2c/built-in.a
  AR      drivers/media/tuners/built-in.a
  AR      drivers/media/rc/keymaps/built-in.a
  AR      drivers/media/rc/built-in.a
  AR      drivers/media/common/b2c2/built-in.a
  AR      drivers/media/common/saa7146/built-in.a
  AR      drivers/media/common/siano/built-in.a
  AR      drivers/media/common/v4l2-tpg/built-in.a
  AR      drivers/media/common/videobuf2/built-in.a
  AR      drivers/media/common/built-in.a
  AR      drivers/ptp/built-in.a
  CC      drivers/input/input-mt.o
  AR      drivers/media/platform/allegro-dvt/built-in.a
  CC      lib/bitmap.o
  AR      drivers/media/platform/amlogic/c3/isp/built-in.a
  AR      drivers/media/platform/amlogic/c3/mipi-adapter/built-in.a
  AR      drivers/media/platform/amlogic/c3/mipi-csi2/built-in.a
  AR      drivers/media/platform/amlogic/c3/built-in.a
  AR      drivers/media/platform/amlogic/meson-ge2d/built-in.a
  AR      drivers/media/platform/amlogic/built-in.a
  AR      drivers/media/platform/amphion/built-in.a
  CC      fs/pnode.o
  AR      drivers/media/platform/arm/mali-c55/built-in.a
  AR      drivers/media/platform/arm/built-in.a
  CC      arch/x86/kernel/alternative.o
  AR      drivers/media/platform/aspeed/built-in.a
  CC      kernel/cred.o
  AR      drivers/media/platform/atmel/built-in.a
  CC      mm/debug.o
  AR      drivers/media/platform/broadcom/built-in.a
  AR      drivers/media/platform/cadence/built-in.a
  CC      block/mq-deadline.o
  AR      drivers/media/platform/chips-media/coda/built-in.a
  CC      arch/x86/kernel/i8253.o
  AR      drivers/media/platform/chips-media/wave5/built-in.a
  AR      drivers/media/platform/chips-media/built-in.a
  AR      drivers/rtc/built-in.a
  CC      arch/x86/kernel/hw_breakpoint.o
  CC      drivers/nvme/target/pr.o
  AR      drivers/media/platform/imagination/built-in.a
  CC      drivers/input/serio/serport.o
  AR      drivers/media/platform/intel/built-in.a
  AR      drivers/media/platform/marvell/built-in.a
  AR      drivers/media/platform/mediatek/jpeg/built-in.a
  AR      drivers/media/platform/mediatek/mdp/built-in.a
  CC      lib/scatterlist.o
  AR      drivers/media/platform/mediatek/vcodec/common/built-in.a
  AR      drivers/media/platform/mediatek/vcodec/encoder/built-in.a
  AR      drivers/media/platform/mediatek/vcodec/decoder/built-in.a
  AR      drivers/media/platform/mediatek/vcodec/built-in.a
  AR      drivers/media/platform/microchip/built-in.a
  CC      drivers/input/input-poller.o
  AR      drivers/media/platform/mediatek/vpu/built-in.a
  AR      drivers/media/platform/mediatek/mdp3/built-in.a
  AR      drivers/media/platform/mediatek/built-in.a
  AR      drivers/media/platform/nuvoton/built-in.a
  AR      drivers/media/platform/nvidia/tegra-vde/built-in.a
  AR      drivers/media/platform/nvidia/built-in.a
  AR      drivers/tty/serial/8250/built-in.a
  AR      drivers/tty/serial/built-in.a
  AR      drivers/media/platform/nxp/dw100/built-in.a
  AR      drivers/media/platform/nxp/imx-jpeg/built-in.a
  AR      drivers/tty/built-in.a
  AR      drivers/media/platform/nxp/imx8-isi/built-in.a
  AR      drivers/media/platform/nxp/built-in.a
  AR      drivers/media/platform/qcom/camss/built-in.a
  AR      drivers/media/platform/qcom/iris/built-in.a
  CC      drivers/base/cacheinfo.o
  AR      drivers/media/platform/qcom/venus/built-in.a
  AR      drivers/media/platform/qcom/built-in.a
  AR      drivers/media/pci/ttpci/built-in.a
  AR      drivers/media/pci/b2c2/built-in.a
  AR      drivers/media/platform/raspberrypi/pisp_be/built-in.a
  AR      drivers/media/pci/pluto2/built-in.a
  AR      drivers/media/platform/renesas/rcar-isp/built-in.a
  AR      drivers/media/platform/raspberrypi/rp1-cfe/built-in.a
  AR      drivers/media/pci/dm1105/built-in.a
  AR      drivers/media/platform/raspberrypi/built-in.a
  AR      drivers/media/platform/renesas/rcar-vin/built-in.a
  AR      drivers/media/pci/pt1/built-in.a
  AR      drivers/media/platform/renesas/rzg2l-cru/built-in.a
  AR      drivers/media/pci/pt3/built-in.a
  CC      drivers/input/serio/libps2.o
  AR      drivers/media/pci/mantis/built-in.a
  AR      drivers/media/platform/renesas/rzv2h-ivc/built-in.a
  CC      block/kyber-iosched.o
  AR      drivers/media/pci/ngene/built-in.a
  CC      fs/splice.o
  AR      drivers/media/platform/renesas/vsp1/built-in.a
  AR      drivers/media/pci/ddbridge/built-in.a
  AR      drivers/media/platform/renesas/built-in.a
  AR      drivers/media/pci/saa7146/built-in.a
  AR      drivers/media/pci/smipcie/built-in.a
  CC      kernel/reboot.o
  AR      drivers/media/platform/rockchip/rga/built-in.a
  AR      drivers/media/pci/netup_unidvb/built-in.a
  AR      drivers/media/platform/rockchip/rkcif/built-in.a
  AR      drivers/media/platform/rockchip/rkisp1/built-in.a
  AR      drivers/media/pci/intel/ipu3/built-in.a
  AR      drivers/media/platform/rockchip/rkvdec/built-in.a
  AR      drivers/media/platform/rockchip/built-in.a
  AR      drivers/media/pci/intel/ivsc/built-in.a
  AR      drivers/media/pci/intel/built-in.a
  AR      drivers/media/pci/built-in.a
  AR      drivers/media/platform/samsung/exynos-gsc/built-in.a
  AR      drivers/media/platform/samsung/exynos4-is/built-in.a
  CC      drivers/base/swnode.o
  AR      drivers/media/platform/samsung/s3c-camif/built-in.a
  AR      drivers/media/platform/samsung/s5p-g2d/built-in.a
  AR      drivers/media/platform/samsung/s5p-jpeg/built-in.a
  CC      lib/list_sort.o
  AR      drivers/media/platform/samsung/s5p-mfc/built-in.a
  AR      drivers/media/platform/samsung/built-in.a
  CC      mm/gup.o
  AR      drivers/media/platform/st/sti/bdisp/built-in.a
  CC      drivers/input/ff-core.o
  AR      drivers/media/platform/st/sti/delta/built-in.a
  AR      drivers/media/platform/sunxi/sun4i-csi/built-in.a
  AR      drivers/media/platform/st/sti/hva/built-in.a
  AR      drivers/media/platform/sunxi/sun6i-csi/built-in.a
  AR      drivers/media/platform/st/stm32/built-in.a
  AR      drivers/media/platform/st/built-in.a
  AR      drivers/media/platform/sunxi/sun6i-mipi-csi2/built-in.a
  AR      drivers/media/platform/synopsys/hdmirx/built-in.a
  AR      drivers/media/platform/sunxi/sun8i-a83t-mipi-csi2/built-in.a
  CC      drivers/w1/w1.o
  AR      drivers/media/platform/synopsys/built-in.a
  AR      drivers/media/platform/sunxi/sun8i-di/built-in.a
  CC      kernel/async.o
  AR      drivers/media/platform/sunxi/sun8i-rotate/built-in.a
  AR      drivers/media/platform/sunxi/built-in.a
  CC      arch/x86/kernel/tsc.o
  CC      drivers/nvme/target/debugfs.o
  AR      drivers/media/platform/ti/am437x/built-in.a
  CC      arch/x86/kernel/tsc_msr.o
  AR      drivers/media/platform/ti/cal/built-in.a
  AR      drivers/media/platform/ti/vpe/built-in.a
  AR      drivers/media/platform/ti/davinci/built-in.a
  AR      drivers/media/platform/ti/j721e-csi2rx/built-in.a
  AR      drivers/media/platform/ti/omap/built-in.a
  AR      drivers/media/platform/ti/omap3isp/built-in.a
  AR      drivers/media/platform/ti/built-in.a
  CC      lib/uuid.o
  AR      drivers/media/platform/verisilicon/built-in.a
  AR      drivers/media/platform/via/built-in.a
  AR      drivers/media/usb/b2c2/built-in.a
  AR      drivers/media/platform/xilinx/built-in.a
  CC      drivers/w1/w1_int.o
  AR      drivers/media/platform/built-in.a
  AR      drivers/media/usb/dvb-usb/built-in.a
  AR      drivers/media/usb/dvb-usb-v2/built-in.a
  CC      kernel/range.o
  AR      drivers/media/usb/s2255/built-in.a
  AR      drivers/media/usb/siano/built-in.a
  AR      drivers/media/usb/ttusb-budget/built-in.a
  AR      drivers/media/usb/ttusb-dec/built-in.a
  AR      drivers/media/usb/built-in.a
  CC      lib/iov_iter.o
  AR      drivers/input/serio/built-in.a
  AR      drivers/media/mmc/siano/built-in.a
  AR      drivers/media/mmc/built-in.a
  AR      drivers/media/firewire/built-in.a
  CC      mm/mmap_lock.o
  CC      drivers/base/faux.o
  AR      drivers/media/spi/built-in.a
  AR      drivers/media/test-drivers/built-in.a
  AR      drivers/media/built-in.a
  CC      fs/sync.o
  CC      arch/x86/kernel/io_delay.o
  CC      drivers/input/touchscreen.o
  CC      drivers/w1/w1_family.o
  CC      lib/clz_ctz.o
  AR      block/built-in.a
  CC      mm/vma_init.o
  CC      kernel/smpboot.o
  CC      arch/x86/kernel/rtc.o
  AR      drivers/nvme/target/built-in.a
  AR      drivers/nvme/built-in.a
  CC      lib/bsearch.o
  CC      drivers/base/power/clock_ops.o
  CC      lib/find_bit.o
  CC      drivers/base/firmware_loader/main.o
  CC      drivers/base/regmap/regmap.o
  CC      drivers/base/firmware_loader/builtin/main.o
  CC      mm/highmem.o
  CC      drivers/input/touch-overlay.o
  CC      drivers/w1/w1_netlink.o
  CC      kernel/ucount.o
  CC      lib/llist.o
  CC      drivers/base/regmap/regcache.o
  AR      drivers/base/power/built-in.a
  CC      drivers/power/supply/power_supply_core.o
  CC      kernel/regset.o
  CC      arch/x86/kernel/resource.o
  CC      fs/utimes.o
  CC      mm/memory.o
  CC      fs/d_path.o
  AR      drivers/base/firmware_loader/builtin/built-in.a
  CC      drivers/w1/w1_io.o
  CC      drivers/input/ff-memless.o
  AS      arch/x86/kernel/irqflags.o
  CC      arch/x86/kernel/static_call.o
  CC      drivers/base/regmap/regcache-rbtree.o
  CC      kernel/ksyms_common.o
  AR      drivers/base/test/built-in.a
  AR      drivers/mmc/built-in.a
  CC      drivers/base/regmap/regcache-flat.o
  AR      drivers/base/firmware_loader/built-in.a
  CC      drivers/input/vivaldi-fmap.o
  CC      drivers/w1/masters/amd_axi_w1.o
  CC      lib/lwq.o
  CC      drivers/w1/slaves/w1_ds2431.o
  CC      arch/x86/kernel/process.o
  CC      kernel/sched/core.o
  CC      kernel/sched/fair.o
  AR      drivers/power/supply/built-in.a
  AR      drivers/power/built-in.a
  CC      drivers/base/regmap/regcache-maple.o
  CC      lib/memweight.o
  CC      drivers/base/regmap/regmap-mmio.o
  CC      mm/mincore.o
  CC      fs/stack.o
  CC      kernel/sched/build_policy.o
  CC      drivers/input/keyboard/atkbd.o
  CC      lib/kfifo.o
  CC      fs/fs_struct.o
  CC      drivers/w1/slaves/w1_ds2433.o
  AR      drivers/w1/masters/built-in.a
  CC      fs/statfs.o
  CC      arch/x86/kernel/fpu/init.o
  CC      mm/mlock.o
  CC      arch/x86/kernel/fpu/bugs.o
  CC      drivers/input/keyboard/newtonkbd.o
  AR      drivers/w1/slaves/built-in.a
  AR      drivers/base/regmap/built-in.a
  CC      fs/fs_pin.o
  AR      drivers/w1/built-in.a
  CC      arch/x86/kernel/fpu/core.o
  AR      drivers/base/built-in.a
  AR      drivers/ufs/built-in.a
  CC      lib/percpu-refcount.o
  AR      drivers/firmware/arm_ffa/built-in.a
  AR      drivers/firmware/arm_scmi/built-in.a
  AR      drivers/firmware/broadcom/built-in.a
  AR      drivers/firmware/cirrus/test/built-in.a
  AR      drivers/firmware/cirrus/built-in.a
  AR      drivers/firmware/meson/built-in.a
  CC      arch/x86/kernel/ptrace.o
  AR      drivers/firmware/microchip/built-in.a
  CC      kernel/locking/mutex.o
  AR      drivers/firmware/efi/built-in.a
  CC      lib/rhashtable.o
  AR      drivers/firmware/imx/built-in.a
  CC      arch/x86/kernel/fpu/regset.o
  AR      drivers/firmware/psci/built-in.a
  AR      drivers/firmware/qcom/built-in.a
  AR      drivers/firmware/samsung/built-in.a
  AR      drivers/firmware/smccc/built-in.a
  AR      drivers/firmware/tegra/built-in.a
  CC      kernel/locking/semaphore.o
  AR      drivers/firmware/xilinx/built-in.a
  AR      drivers/firmware/built-in.a
  CC      kernel/power/qos.o
  CC      arch/x86/kernel/tls.o
  CC      fs/nsfs.o
  AR      drivers/input/keyboard/built-in.a
  CC      drivers/input/mouse/psmouse-base.o
  CC      kernel/sched/build_utility.o
  CC      arch/x86/kernel/fpu/signal.o
  CC      drivers/input/mouse/synaptics.o
  CC      mm/mmap.o
  CC      drivers/clocksource/i8253.o
  CC      arch/x86/kernel/fpu/xstate.o
  CC      kernel/locking/rwsem.o
  CC      drivers/input/mouse/focaltech.o
  CC      mm/mmu_gather.o
  CC      lib/base64.o
  AR      kernel/power/built-in.a
  CC      kernel/printk/printk.o
  CC      lib/once.o
  CC      lib/refcount.o
  AR      drivers/clocksource/built-in.a
  CC      kernel/printk/printk_safe.o
  CC      lib/rcuref.o
  CC      arch/x86/kernel/step.o
  CC      fs/fs_dirent.o
  CC      mm/mprotect.o
  CC      kernel/irq/irqdesc.o
  CC      kernel/irq/handle.o
  CC      drivers/hid/hid-core.o
  CC      kernel/locking/percpu-rwsem.o
  CC      lib/usercopy.o
  CC      fs/fs_context.o
  AR      arch/x86/kernel/fpu/built-in.a
  CC      drivers/hid/hid-input.o
  CC      kernel/printk/nbcon.o
  CC      drivers/input/mouse/alps.o
  CC      lib/errseq.o
  CC      kernel/rcu/update.o
  CC      arch/x86/kernel/i8237.o
  CC      kernel/locking/irqflag-debug.o
  CC      lib/bucket_locks.o
  AR      drivers/platform/x86/amd/built-in.a
  CC      fs/fs_parser.o
  AR      drivers/platform/x86/lenovo/built-in.a
  CC      drivers/hid/hid-quirks.o
  AR      drivers/platform/x86/intel/built-in.a
  CC      kernel/irq/manage.o
  AR      drivers/platform/x86/uniwill/built-in.a
  AR      drivers/platform/x86/tuxedo/nb04/built-in.a
  AR      drivers/platform/x86/tuxedo/built-in.a
  CC      kernel/locking/spinlock.o
  AR      drivers/platform/x86/built-in.a
  AR      drivers/platform/built-in.a
  AR      drivers/virt/vboxguest/built-in.a
  AR      drivers/virt/coco/built-in.a
  AR      drivers/virt/built-in.a
  CC      kernel/irq/spurious.o
  CC      arch/x86/kernel/stacktrace.o
  CC      drivers/input/mouse/byd.o
  CC      kernel/locking/spinlock_debug.o
  CC      kernel/rcu/sync.o
  CC      kernel/irq/resend.o
  CC      lib/generic-radix-tree.o
  CC      mm/mremap.o
  CC      kernel/rcu/srcutiny.o
  AR      kernel/sched/built-in.a
  CC      kernel/printk/printk_ringbuffer.o
  AR      kernel/locking/built-in.a
  AR      drivers/perf/built-in.a
  CC      mm/msync.o
  CC      mm/page_vma_mapped.o
  CC      fs/fsopen.o
  CC      lib/bitmap-str.o
  CC      drivers/input/rmi4/rmi_bus.o
  CC      lib/string_helpers.o
  CC      arch/x86/kernel/cpu/cacheinfo.o
  CC      kernel/rcu/tiny.o
  CC      drivers/input/mouse/logips2pp.o
  AR      drivers/hwtracing/intel_th/built-in.a
  CC      mm/pagewalk.o
  AR      drivers/android/built-in.a
  CC      fs/init.o
  CC      kernel/irq/chip.o
  CC      drivers/hid/hidraw.o
  CC      mm/pgtable-generic.o
  AR      kernel/printk/built-in.a
  AR      arch/x86/kernel/acpi/built-in.a
  CC      arch/x86/kernel/cpu/scattered.o
  CC      drivers/input/mouse/trackpoint.o
  CC      lib/hexdump.o
  CC      arch/x86/kernel/reboot.o
  CC      drivers/input/rmi4/rmi_driver.o
  AR      kernel/rcu/built-in.a
  CC      kernel/irq/dummychip.o
  CC      drivers/hid/hid-generic.o
  CC      arch/x86/kernel/cpu/topology_common.o
  CC      drivers/input/rmi4/rmi_f01.o
  CC      lib/kstrtox.o
  CC      kernel/irq/devres.o
  CC      drivers/input/mouse/cypress_ps2.o
  CC      drivers/hid/hid-a4tech.o
  CC      fs/kernel_read_file.o
  CC      kernel/irq/kexec.o
  AR      kernel/livepatch/built-in.a
  CC      arch/x86/kernel/tsc_sync.o
  CC      mm/rmap.o
  CC      drivers/input/rmi4/rmi_f3a.o
  CC      arch/x86/kernel/cpu/topology_ext.o
  AR      lib/kunit/built-in.a
  CC      drivers/gnss/core.o
  CC      fs/mnt_idmapping.o
  CC      lib/math/div64.o
  CC      mm/vmalloc.o
  AR      kernel/liveupdate/built-in.a
  CC      drivers/hid/hid-alps.o
  CC      lib/math/gcd.o
  CC      arch/x86/kernel/cpu/topology_amd.o
  AR      drivers/resctrl/built-in.a
  CC      fs/remap_range.o
  CC      kernel/irq/autoprobe.o
  CC      lib/crc/crc-itu-t.o
  CC      lib/math/lcm.o
  AR      drivers/input/mouse/built-in.a
  CC      lib/crypto/blake2s.o
  CC      lib/crypto/chacha-block-generic.o
  CC      lib/crypto/sha256.o
  CC      lib/math/int_log.o
  CC      mm/vma.o
  CC      kernel/dma/mapping.o
  AR      lib/tests/built-in.a
  CC      kernel/irq/irqdomain.o
  CC      lib/math/int_pow.o
  AR      drivers/input/rmi4/built-in.a
  CC      lib/math/int_sqrt.o
  CC      kernel/dma/direct.o
  AR      drivers/input/built-in.a
  AR      drivers/gnss/built-in.a
  HOSTCC  lib/crc/gen_crc32table
  CC      arch/x86/kernel/cpu/common.o
  CC      lib/math/reciprocal_div.o
  CC      drivers/hid/hid-evision.o
  CC      kernel/entry/common.o
  AR      lib/crc/tests/built-in.a
  GEN     lib/crc/crc32table.h
  CC      lib/crc/crc32-main.o
  CC      lib/math/rational.o
  AR      lib/math/tests/built-in.a
  CC      arch/x86/kernel/apic/hw_nmi.o
  CC      drivers/hid/hid-ezkey.o
  AR      lib/crypto/built-in.a
  CC      kernel/dma/remap.o
  CC      fs/pidfs.o
  AR      lib/crc/built-in.a
  CC      arch/x86/kernel/cpu/rdrand.o
  AR      lib/math/built-in.a
  CC      mm/vma_exec.o
  CC      kernel/entry/syscall-common.o
  CC      lib/vdso/datastore.o
  CC      arch/x86/kernel/trace_clock.o
  AR      kernel/unwind/built-in.a
  CC      fs/file_attr.o
  AR      kernel/irq/built-in.a
  CC      drivers/hid/hid-icade.o
  CC      drivers/hid/hid-lcpower.o
  CC      mm/page_alloc.o
  AR      arch/x86/kernel/apic/built-in.a
  CC      kernel/entry/syscall_user_dispatch.o
  CC      drivers/hid/hid-monterey.o
  CC      drivers/hid/hid-zydacron.o
  AR      kernel/dma/built-in.a
  AR      lib/raid/xor/tests/built-in.a
  AR      lib/raid/xor/built-in.a
  CC      kernel/time/time.o
  AR      lib/raid/built-in.a
  CC      kernel/time/timer.o
  AR      lib/vdso/built-in.a
  CC      lib/iomap.o
  CC      mm/page_frag_cache.o
  CC      kernel/dma.o
  CC      kernel/up.o
  AR      arch/x86/kernel/kprobes/built-in.a
  CC      kernel/time/hrtimer.o
  CC      arch/x86/kernel/cpu/match.o
  CC      fs/fserror.o
  CC      kernel/time/sleep_timeout.o
  CC      kernel/time/timekeeping.o
  CC      arch/x86/kernel/doublefault_32.o
  AR      kernel/entry/built-in.a
  CC      mm/init-mm.o
  CC      lib/iomap_copy.o
  CC      kernel/time/ntp.o
  AR      drivers/hid/built-in.a
  AR      drivers/built-in.a
  CC      arch/x86/kernel/cpu/bugs.o
  CC      fs/nullfs.o
  CC      kernel/irq_work.o
  CC      lib/devres.o
  CC      mm/memblock.o
  CC      kernel/time/clocksource.o
  CC      arch/x86/kernel/perf_regs.o
  CC      fs/buffer.o
  CC      kernel/time/jiffies.o
  CC      kernel/static_call.o
  CC      lib/assoc_array.o
  CC      lib/bitrev.o
  CC      lib/linear_ranges.o
  CC      arch/x86/kernel/cpu/aperfmperf.o
  CC      arch/x86/kernel/unwind_guess.o
  CC      lib/xxhash.o
  CC      mm/slub.o
  CC      kernel/time/timer_list.o
  CC      kernel/events/core.o
  CC      lib/zlib_inflate/inffast.o
  CC      lib/zlib_inflate/inflate.o
  CC      arch/x86/kernel/cpu/cpuid-deps.o
  CC      lib/zlib_inflate/infutil.o
  CC      kernel/iomem.o
  LDS     arch/x86/kernel/vmlinux.lds
  CC      kernel/time/timeconv.o
  CC      lib/lzo/lzo1x_decompress_safe.o
  CC      lib/lz4/lz4_decompress.o
  CC      kernel/events/ring_buffer.o
  CC      lib/zstd/zstd_decompress_module.o
  CC      kernel/events/callchain.o
  CC      mm/page_io.o
  CC      lib/zlib_inflate/inftrees.o
  CC      kernel/time/timecounter.o
  CC      lib/xz/xz_dec_syms.o
  CC      arch/x86/kernel/cpu/cpuid_0x2_table.o
  CC      lib/zlib_inflate/inflate_syms.o
  CC      lib/syscall.o
  CC      kernel/time/alarmtimer.o
  CC      arch/x86/kernel/cpu/umwait.o
  AR      lib/lzo/built-in.a
  CC      lib/zstd/decompress/huf_decompress.o
  CC      lib/zstd/decompress/zstd_ddict.o
  CC      fs/mpage.o
  CC      lib/xz/xz_dec_stream.o
  CC      kernel/time/posix-stubs.o
  AR      lib/zlib_inflate/built-in.a
  CC      lib/xz/xz_dec_lzma2.o
  CC      lib/xz/xz_dec_bcj.o
  MKCAP   arch/x86/kernel/cpu/capflags.c
  CC      kernel/events/hw_breakpoint.o
  CC      fs/direct-io.o
  AR      fs/notify/dnotify/built-in.a
  AR      fs/notify/inotify/built-in.a
  CC      mm/swap_state.o
  AR      fs/notify/fanotify/built-in.a
  AR      fs/notify/built-in.a
  CC      lib/zstd/decompress/zstd_decompress.o
  CC      fs/anon_inodes.o
  CC      fs/binfmt_script.o
  CC      fs/binfmt_elf.o
  CC      lib/strncpy_from_user.o
  CC      lib/zstd/decompress/zstd_decompress_block.o
  AR      lib/xz/built-in.a
  CC      arch/x86/kernel/cpu/powerflags.o
  AR      lib/lz4/built-in.a
  CC      kernel/time/clockevents.o
  CC      lib/strnlen_user.o
  CC      kernel/time/tick-common.o
  CC      fs/iomap/trace.o
  CC      kernel/time/vsyscall.o
  CC      lib/sbitmap.o
  CC      mm/swapfile.o
  AR      fs/quota/built-in.a
  CC      arch/x86/kernel/cpu/feat_ctl.o
  CC      mm/dmapool.o
  CC      fs/iomap/iter.o
  CC      mm/early_ioremap.o
  CC      lib/group_cpus.o
  CC      fs/configfs/inode.o
  CC      fs/devpts/inode.o
  CC      fs/configfs/file.o
  CC      fs/ramfs/inode.o
  CC      fs/iomap/buffered-io.o
  CC      arch/x86/kernel/cpu/intel.o
  AR      kernel/time/built-in.a
  AR      lib/lib.a
  CC      arch/x86/kernel/cpu/tsx.o
  CC      fs/configfs/dir.o
  CC      fs/fat/cache.o
  CC      fs/iomap/direct-io.o
  CC      fs/fat/dir.o
  CC      fs/ramfs/file-mmu.o
  CC      lib/zstd/zstd_common_module.o
  CC      fs/nls/nls_base.o
  CC      fs/nls/nls_cp737.o
  CC      fs/iomap/ioend.o
  AR      fs/devpts/built-in.a
  CC      mm/page_ext.o
  CC      fs/nls/nls_cp936.o
  CC      fs/configfs/symlink.o
  CC      arch/x86/kernel/cpu/amd.o
  CC      mm/debug_page_alloc.o
  CC      fs/configfs/mount.o
  AR      fs/ramfs/built-in.a
  CC      fs/nls/mac-celtic.o
  AR      fs/unicode/built-in.a
  CC      fs/fat/fatent.o
  CC      arch/x86/kernel/cpu/hygon.o
  CC      fs/fat/file.o
  CC      lib/zstd/common/debug.o
  CC      mm/damon/core.o
  CC      fs/configfs/item.o
  CC      arch/x86/kernel/cpu/cyrix.o
  CC      fs/iomap/fiemap.o
  AR      kernel/events/built-in.a
  CC      fs/fat/inode.o
  AR      kernel/built-in.a
  CC      fs/fat/misc.o
  CC      arch/x86/kernel/cpu/centaur.o
  AR      fs/nls/built-in.a
  CC      fs/fat/nfs.o
  CC      mm/damon/ops-common.o
  CC      fs/iomap/seek.o
  CC      lib/zstd/common/entropy_common.o
  AR      fs/configfs/built-in.a
  CC      fs/autofs/init.o
  CC      fs/fat/namei_vfat.o
  CC      arch/x86/kernel/cpu/transmeta.o
  CC      lib/zstd/common/error_private.o
  CC      mm/damon/vaddr.o
  CC      arch/x86/kernel/cpu/umc.o
  CC      lib/zstd/common/fse_decompress.o
  CC      lib/zstd/common/zstd_common.o
  CC      fs/udf/balloc.o
  CC      fs/autofs/inode.o
  CC      fs/autofs/root.o
  CC      fs/iomap/bio.o
  CC      fs/iomap/swapfile.o
  CC      fs/autofs/symlink.o
  CC      mm/damon/paddr.o
  CC      arch/x86/kernel/cpu/zhaoxin.o
  AR      lib/zstd/built-in.a
  CC      fs/autofs/waitq.o
  AR      lib/built-in.a
  CC      fs/nilfs2/inode.o
  CC      fs/nilfs2/file.o
  CC      arch/x86/kernel/cpu/vortex.o
  CC      fs/autofs/expire.o
  AR      fs/hostfs/built-in.a
  CC      fs/autofs/dev-ioctl.o
  AR      fs/fat/built-in.a
  CC      arch/x86/kernel/cpu/microcode/core.o
  CC      fs/nilfs2/dir.o
  CC      fs/udf/dir.o
  CC      arch/x86/kernel/cpu/microcode/intel.o
  CC      arch/x86/kernel/cpu/microcode/amd.o
  CC      fs/udf/file.o
  AR      fs/iomap/built-in.a
  CC      fs/nilfs2/super.o
  CC      fs/nilfs2/namei.o
  CC      fs/udf/ialloc.o
  AR      mm/damon/built-in.a
  AR      mm/built-in.a
  CC      fs/nilfs2/page.o
  CC      fs/nilfs2/mdt.o
  CC      fs/udf/inode.o
  CC      fs/nilfs2/btnode.o
  CC      fs/udf/lowlevel.o
  CC      fs/udf/namei.o
  CC      fs/nilfs2/bmap.o
  AR      fs/autofs/built-in.a
  CC      fs/udf/partition.o
  CC      fs/udf/super.o
  CC      fs/udf/truncate.o
  CC      fs/nilfs2/btree.o
  CC      fs/nilfs2/direct.o
  CC      fs/udf/symlink.o
  AR      arch/x86/kernel/cpu/microcode/built-in.a
  CC      fs/nilfs2/dat.o
  CC      fs/nilfs2/recovery.o
  CC      fs/udf/directory.o
  CC      fs/nilfs2/the_nilfs.o
  CC      fs/nilfs2/segbuf.o
  CC      fs/udf/misc.o
  CC      fs/nilfs2/segment.o
  CC      fs/udf/udftime.o
  CC      fs/nilfs2/cpfile.o
  CC      fs/udf/unicode.o
  CC      fs/nilfs2/sufile.o
  CC      fs/nilfs2/ifile.o
  CC      fs/nilfs2/alloc.o
  CC      fs/nilfs2/gcinode.o
  CC      fs/nilfs2/ioctl.o
  CC      fs/nilfs2/sysfs.o
  AR      fs/udf/built-in.a
  CC      arch/x86/kernel/cpu/capflags.o
  AR      arch/x86/kernel/cpu/built-in.a
  AR      arch/x86/kernel/built-in.a
  AR      arch/x86/built-in.a
  AR      fs/nilfs2/built-in.a
  AR      fs/built-in.a
  AR      built-in.a
  AR      vmlinux.a
  LD      vmlinux.o
  MODPOST vmlinux.symvers
  CC      .vmlinux.export.o
  UPD     include/generated/utsversion.h
  CC      init/version-timestamp.o
  LD      vmlinux.unstripped
  NM      System.map
  SORTTAB vmlinux.unstripped
  OBJCOPY vmlinux
  GEN     modules.builtin.modinfo
  GEN     modules.builtin
  CC      arch/x86/boot/a20.o
  AS      arch/x86/boot/bioscall.o
  CC      arch/x86/boot/cmdline.o
  AS      arch/x86/boot/copy.o
  HOSTCC  arch/x86/boot/mkcpustr
  CC      arch/x86/boot/cpuflags.o
  CC      arch/x86/boot/cpucheck.o
  CC      arch/x86/boot/early_serial_console.o
  CC      arch/x86/boot/edd.o
  CC      arch/x86/boot/main.o
  CC      arch/x86/boot/memory.o
  CC      arch/x86/boot/pm.o
  AS      arch/x86/boot/pmjump.o
  CC      arch/x86/boot/printf.o
  CC      arch/x86/boot/regs.o
  CC      arch/x86/boot/string.o
  CC      arch/x86/boot/tty.o
  CC      arch/x86/boot/video.o
  LDS     arch/x86/boot/compressed/vmlinux.lds
  AS      arch/x86/boot/compressed/kernel_info.o
  CC      arch/x86/boot/video-mode.o
  AS      arch/x86/boot/compressed/head_32.o
  VOFFSET arch/x86/boot/compressed/../voffset.h
  CC      arch/x86/boot/compressed/string.o
  CC      arch/x86/boot/version.o
  CC      arch/x86/boot/video-vga.o
  CC      arch/x86/boot/video-vesa.o
  CC      arch/x86/boot/compressed/cmdline.o
  CC      arch/x86/boot/compressed/error.o
  OBJCOPY arch/x86/boot/compressed/vmlinux.bin
  CC      arch/x86/boot/video-bios.o
  HOSTCC  arch/x86/boot/compressed/mkpiggy
  CPUSTR  arch/x86/boot/cpustr.h
  CC      arch/x86/boot/cpu.o
  CC      arch/x86/boot/compressed/cpuflags.o
  CC      arch/x86/boot/compressed/misc.o
  LZO     arch/x86/boot/compressed/vmlinux.bin.lzo
/bin/sh: line 1: lzop: command not found
make[6]: *** [/home/benni/git/linux-stable/arch/x86/boot/compressed/Makefile:143: arch/x86/boot/compressed/vmlinux.bin.lzo] Error 127
make[6]: *** Deleting file 'arch/x86/boot/compressed/vmlinux.bin.lzo'
make[6]: *** Waiting for unfinished jobs....
make[5]: *** [/home/benni/git/linux-stable/arch/x86/boot/Makefile:96: arch/x86/boot/compressed/vmlinux] Error 2
make[4]: *** [/home/benni/git/linux-stable/arch/x86/Makefile:310: bzImage] Error 2
make[3]: *** [/home/benni/git/linux-stable/Makefile:248: __sub-make] Error 2
make[3]: Leaving directory '/home/benni/git/kernel-test-stable/build/rand500config-i386'
make[2]: *** [Makefile:248: __sub-make] Error 2
make[2]: Leaving directory '/home/benni/git/linux-stable'
