make[4]: Entering directory '/home/benni/git/linux-stable-rc'
make[5]: Entering directory '/home/benni/git/kernel-test-stable-rc/build/rand500config-i386'
#
# configuration written to .config
#
Using .config as base
Merging /home/benni/git/linux-stable-rc/kernel/configs/tiny.config
Value of CONFIG_KERNEL_XZ is redefined by fragment /home/benni/git/linux-stable-rc/kernel/configs/tiny.config:
Previous value: # CONFIG_KERNEL_XZ is not set
New value: CONFIG_KERNEL_XZ=y

Value of CONFIG_CC_OPTIMIZE_FOR_SIZE is redefined by fragment /home/benni/git/linux-stable-rc/kernel/configs/tiny.config:
Previous value: # CONFIG_CC_OPTIMIZE_FOR_SIZE is not set
New value: CONFIG_CC_OPTIMIZE_FOR_SIZE=y

Value of CONFIG_SLUB_TINY is redefined by fragment /home/benni/git/linux-stable-rc/kernel/configs/tiny.config:
Previous value: # CONFIG_SLUB_TINY is not set
New value: CONFIG_SLUB_TINY=y

Merging /home/benni/git/linux-stable-rc/arch/x86/configs/tiny.config
Value of CONFIG_UNWINDER_GUESS is redefined by fragment /home/benni/git/linux-stable-rc/arch/x86/configs/tiny.config:
Previous value: # CONFIG_UNWINDER_GUESS is not set
New value: CONFIG_UNWINDER_GUESS=y

#
# merged configuration written to .config (needs make)
#
#
# configuration written to .config
#
make[5]: Leaving directory '/home/benni/git/kernel-test-stable-rc/build/rand500config-i386'
make[4]: Leaving directory '/home/benni/git/linux-stable-rc'
make[4]: Entering directory '/home/benni/git/linux-stable-rc'
make[5]: Entering directory '/tmp/tmp.149uBhPhtm'
  UPD     /tmp/tmp.149uBhPhtm/Makefile
  HOSTCC  scripts/basic/fixdep
  HOSTCC  scripts/kconfig/conf.o
  HOSTCC  scripts/kconfig/confdata.o
  HOSTCC  scripts/kconfig/expr.o
  LEX     scripts/kconfig/lexer.lex.c
  YACC    scripts/kconfig/parser.tab.[ch]
  HOSTCC  scripts/kconfig/lexer.lex.o
  HOSTCC  scripts/kconfig/menu.o
  HOSTCC  scripts/kconfig/parser.tab.o
  HOSTCC  scripts/kconfig/preprocess.o
  HOSTCC  scripts/kconfig/symbol.o
  HOSTCC  scripts/kconfig/util.o
  HOSTLD  scripts/kconfig/conf
KCONFIG_SEED=0xECA49347
#
# configuration written to .config
#
make[5]: Leaving directory '/tmp/tmp.149uBhPhtm'
make[4]: Leaving directory '/home/benni/git/linux-stable-rc'
make[4]: Entering directory '/home/benni/git/linux-stable-rc'
make[5]: Entering directory '/tmp/tmp.149uBhPhtm'
.config:8959:warning: override: reassigning to symbol PRINTK
.config:8963:warning: override: reassigning to symbol TTY
.config:8966:warning: override: reassigning to symbol BLK_DEV_INITRD
.config:8970:warning: override: reassigning to symbol BINFMT_ELF
.config:8971:warning: override: reassigning to symbol BINFMT_SCRIPT
.config:8974:warning: override: reassigning to symbol TMPFS
.config:8977:warning: override: reassigning to symbol KERNEL_GZIP
.config:8983:warning: override: reassigning to symbol KERNEL_BZIP2
.config:8984:warning: override: reassigning to symbol KERNEL_LZMA
.config:8985:warning: override: reassigning to symbol KERNEL_XZ
.config:8986:warning: override: reassigning to symbol KERNEL_LZO
.config:8987:warning: override: reassigning to symbol KERNEL_LZ4
.config:8988:warning: override: reassigning to symbol KERNEL_ZSTD
.config:8991:warning: override: reassigning to symbol MODULES
.config:8994:warning: override: reassigning to symbol DRM
.config:8995:warning: override: reassigning to symbol SOUND
.config:8996:warning: override: reassigning to symbol STAGING
.config:8998:warning: override: reassigning to symbol MEDIA_SUPPORT
.config:9008:warning: override: reassigning to symbol KFENCE
.config:9009:warning: override: reassigning to symbol UBSAN
.config:9016:warning: override: reassigning to symbol RCU_TORTURE_TEST
.config:9017:warning: override: reassigning to symbol RCU_SCALE_TEST
.config:9018:warning: override: reassigning to symbol LOCK_TORTURE_TEST
.config:9028:warning: override: reassigning to symbol DEBUG_PREEMPT
.config:9029:warning: override: reassigning to symbol DEBUG_ATOMIC_SLEEP
.config:9036:warning: override: reassigning to symbol KUNIT
#
# configuration written to .config
#
make[5]: Leaving directory '/tmp/tmp.149uBhPhtm'
make[4]: Leaving directory '/home/benni/git/linux-stable-rc'
make[4]: Entering directory '/home/benni/git/linux-stable-rc'
make[5]: Entering directory '/home/benni/git/kernel-test-stable-rc/build/rand500config-i386'
.config:1409:warning: override: reassigning to symbol I3C
.config:1420:warning: override: reassigning to symbol BINFMT_ELF
.config:1421:warning: override: reassigning to symbol MFD_KEMPLD
.config:1422:warning: override: reassigning to symbol HAVE_ATOMIC_IOMAP
.config:1427:warning: override: reassigning to symbol ARCH_HAS_CACHE_LINE_SIZE
.config:1443:warning: override: reassigning to symbol ARCH_SUPPORTS_LTO_CLANG
.config:1445:warning: override: reassigning to symbol SERIO
.config:1450:warning: override: reassigning to symbol EXCLUSIVE_SYSTEM_RAM
.config:1478:warning: override: reassigning to symbol SIOX
.config:1484:warning: override: reassigning to symbol HAS_IOPORT
.config:1487:warning: override: reassigning to symbol ARCH_HAS_STRICT_KERNEL_RWX
.config:1496:warning: override: reassigning to symbol HAVE_PERF_REGS
.config:1505:warning: override: reassigning to symbol ARCH_STACKWALK
.config:1507:warning: override: reassigning to symbol HAVE_KERNEL_BZIP2
.config:1511:warning: override: reassigning to symbol DEBUG_RODATA_TEST
.config:1513:warning: override: reassigning to symbol PHY_CAN_TRANSCEIVER
.config:1515:warning: override: reassigning to symbol X86_MCE
.config:1517:warning: override: reassigning to symbol INTERCONNECT
.config:1536:warning: override: reassigning to symbol GENERIC_SYSCALL
.config:1538:warning: override: reassigning to symbol HAVE_DYNAMIC_FTRACE_NO_PATCHABLE
.config:1540:warning: override: reassigning to symbol FUNCTION_ALIGNMENT_4B
.config:1544:warning: override: reassigning to symbol X86_LEGACY_VM86
.config:1548:warning: override: reassigning to symbol BINFMT_MISC
.config:1559:warning: override: reassigning to symbol PACKING
.config:1565:warning: override: reassigning to symbol POWER_SEQUENCING
.config:1568:warning: override: reassigning to symbol COREDUMP
.config:1569:warning: override: reassigning to symbol OLD_SIGACTION
.config:1573:warning: override: reassigning to symbol CPU_SUP_TRANSMETA_32
.config:1577:warning: override: reassigning to symbol WW_MUTEX_SELFTEST
.config:1583:warning: override: reassigning to symbol CMDLINE_BOOL
.config:1588:warning: override: reassigning to symbol X86_32
.config:1592:warning: override: reassigning to symbol THREAD_INFO_IN_TASK
.config:1599:warning: override: reassigning to symbol ARCH_HAS_PARANOID_L1D_FLUSH
.config:1605:warning: override: reassigning to symbol HAVE_DEBUG_STACKOVERFLOW
.config:1608:warning: override: reassigning to symbol DEBUG_ATOMIC
.config:1611:warning: override: reassigning to symbol EARLY_PRINTK
.config:1617:warning: override: reassigning to symbol ARCH_SUPPORTS_LTO_CLANG_THIN
.config:1631:warning: override: reassigning to symbol DAMON
.config:1633:warning: override: reassigning to symbol ARCH_DEFAULT_CRASH_DUMP
.config:1634:warning: override: reassigning to symbol UNINLINE_SPIN_UNLOCK
.config:1641:warning: override: reassigning to symbol DAX
.config:1651:warning: override: reassigning to symbol CC_HAS_ASM_INLINE
.config:1653:warning: override: reassigning to symbol ACCESSIBILITY
.config:1656:warning: override: reassigning to symbol ARCH_HAS_DEBUG_VIRTUAL
.config:1661:warning: override: reassigning to symbol ARCH_HAS_STRICT_MODULE_RWX
.config:1673:warning: override: reassigning to symbol DEVMEM
.config:1683:warning: override: reassigning to symbol BINFMT_SCRIPT
.config:1685:warning: override: reassigning to symbol HAVE_PREEMPT_DYNAMIC
.config:1688:warning: override: reassigning to symbol MEMBARRIER
.config:1691:warning: override: reassigning to symbol X86_CX8
.config:1694:warning: override: reassigning to symbol DEBUG_MEMORY_INIT
.config:1695:warning: override: reassigning to symbol EEPROM_93CX6
.config:1704:warning: override: reassigning to symbol BROKEN_ON_SMP
.config:1720:warning: override: reassigning to symbol TEE
.config:1724:warning: override: reassigning to symbol HAVE_SETUP_PER_CPU_AREA
.config:1738:warning: override: reassigning to symbol IPACK_BUS
.config:1740:warning: override: reassigning to symbol DEBUG_KOBJECT
.config:1742:warning: override: reassigning to symbol RAS
.config:1751:warning: override: reassigning to symbol HAVE_SYSCALL_TRACEPOINTS
.config:1758:warning: override: reassigning to symbol TRACE_IRQFLAGS_NMI_SUPPORT
.config:1765:warning: override: reassigning to symbol EDD
.config:1768:warning: override: reassigning to symbol BCMA
.config:1778:warning: override: reassigning to symbol X86_DISABLED_FEATURE_PKU
.config:1784:warning: override: reassigning to symbol SYSCTL_EXCEPTION_TRACE
.config:1785:warning: override: reassigning to symbol CC_HAS_ENTRY_PADDING
.config:1787:warning: override: reassigning to symbol ARCH_USE_MEMTEST
.config:1789:warning: override: reassigning to symbol ARCH_SPLIT_ARG64
.config:1795:warning: override: reassigning to symbol NEED_PER_CPU_EMBED_FIRST_CHUNK
.config:1819:warning: override: reassigning to symbol HAVE_MOD_ARCH_SPECIFIC
.config:1820:warning: override: reassigning to symbol CC_HAS_KASAN_SW_TAGS
.config:1825:warning: override: reassigning to symbol NLS
.config:1827:warning: override: reassigning to symbol LOCKDEP_SUPPORT
.config:1842:warning: override: reassigning to symbol GENERIC_IRQ_RESERVATION_MODE
.config:1843:warning: override: reassigning to symbol DEBUG_LOCK_ALLOC
.config:1863:warning: override: reassigning to symbol DEBUG_SECTION_MISMATCH
.config:1864:warning: override: reassigning to symbol X86_DISABLED_FEATURE_ENQCMD
.config:1869:warning: override: reassigning to symbol COMEDI
.config:1871:warning: override: reassigning to symbol MFD_MADERA
.config:1881:warning: override: reassigning to symbol ARCH_HAS_KERNEL_FPU_SUPPORT
.config:1899:warning: override: reassigning to symbol PRINTK
.config:1903:warning: override: reassigning to symbol TTY
.config:1906:warning: override: reassigning to symbol BLK_DEV_INITRD
.config:1910:warning: override: reassigning to symbol BINFMT_ELF
.config:1911:warning: override: reassigning to symbol BINFMT_SCRIPT
.config:1917:warning: override: reassigning to symbol KERNEL_GZIP
#
# configuration written to .config
#
make[5]: Leaving directory '/home/benni/git/kernel-test-stable-rc/build/rand500config-i386'
make[4]: Leaving directory '/home/benni/git/linux-stable-rc'
make[4]: Entering directory '/home/benni/git/linux-stable-rc'
make[5]: Entering directory '/home/benni/git/kernel-test-stable-rc/build/rand500config-i386'
  SYNC    include/config/auto.conf
  UPD     include/config/kernel.release
  UPD     include/generated/utsrelease.h
  CC      scripts/mod/empty.o
  CC      scripts/mod/devicetable-offsets.s
  MKELF   scripts/mod/elfconfig.h
  HOSTCC  scripts/mod/modpost.o
  HOSTCC  scripts/mod/sumversion.o
  HOSTCC  scripts/mod/symsearch.o
  HOSTCC  scripts/mod/file2alias.o
  HOSTLD  scripts/mod/modpost
  CC      kernel/bounds.s
  UPD     include/generated/bounds.h
  CC      arch/x86/kernel/asm-offsets.s
  UPD     include/generated/asm-offsets.h
  CC      kernel/sched/rq-offsets.s
  UPD     include/generated/rq-offsets.h
  CALL    /home/benni/git/linux-stable-rc/scripts/checksyscalls.sh 
  GEN     usr/initramfs_data.cpio
  CC      security/commoncap.o
  CC      arch/x86/realmode/init.o
  AS      arch/x86/entry/entry.o
  CC      drivers/irqchip/irq-madera.o
  CC      arch/x86/events/core.o
  CC      init/main.o
  AS      arch/x86/lib/atomic64_cx8_32.o
  COPY    usr/initramfs_inc_data
  AS      arch/x86/entry/entry_32.o
  AS      usr/initramfs_data.o
  CC      arch/x86/mm/init.o
  AS      arch/x86/lib/checksum_32.o
  AR      usr/built-in.a
  UPD     init/utsversion-tmp.h
  CC      arch/x86/events/probe.o
  CC      init/do_mounts.o
  CC      arch/x86/lib/cmdline.o
  CC      arch/x86/entry/syscall_32.o
  CC      arch/x86/virt/svm/cmdline.o
  AS      arch/x86/kernel/head_32.o
  CC      mm/filemap.o
  CC      fs/open.o
  CC      lib/argv_split.o
  CC      kernel/fork.o
  CC      arch/x86/kernel/head32.o
  AS      arch/x86/lib/cmpxchg8b_emu.o
  CC      arch/x86/lib/cpu.o
  AR      arch/x86/virt/svm/built-in.a
  AR      arch/x86/virt/built-in.a
  CC      security/min_addr.o
  CC      arch/x86/lib/delay.o
  CC      lib/buildid.o
  AS      arch/x86/realmode/rm/header.o
  AS      arch/x86/realmode/rm/trampoline_32.o
  AS      arch/x86/realmode/rm/reboot.o
  CC      kernel/exec_domain.o
  PASYMS  arch/x86/realmode/rm/pasyms.h
  LDS     arch/x86/realmode/rm/realmode.lds
  LD      arch/x86/realmode/rm/realmode.elf
  RELOCS  arch/x86/realmode/rm/realmode.relocs
  OBJCOPY arch/x86/realmode/rm/realmode.bin
  AR      drivers/irqchip/built-in.a
  AS      arch/x86/realmode/rmpiggy.o
  AS      arch/x86/lib/getuser.o
  CC      drivers/phy/phy-core.o
  AR      arch/x86/realmode/built-in.a
  CC      arch/x86/lib/inat.o
  CC      arch/x86/kernel/ebda.o
  CC      arch/x86/entry/common.o
  CC      arch/x86/mm/init_32.o
  CC      arch/x86/entry/vdso/vma.o
  CC      arch/x86/lib/insn-eval.o
  AR      security/built-in.a
  CC      arch/x86/entry/vdso/extable.o
  CC      kernel/exec_state.o
  CC      mm/mempool.o
  CC      init/do_mounts_initrd.o
  CC      lib/cmdline.o
  CC      fs/read_write.o
  CC      lib/ctype.o
  CC      arch/x86/kernel/platform-quirks.o
  CC      lib/dec_and_lock.o
  CC      arch/x86/kernel/process_32.o
  CC      arch/x86/events/utils.o
  CC      lib/decompress.o
  CC      init/initramfs.o
  CC      lib/decompress_bunzip2.o
  CC      drivers/phy/phy-can-transceiver.o
  AS      arch/x86/entry/thunk.o
  CC      arch/x86/mm/fault.o
  CC      arch/x86/mm/ioremap.o
  CC      arch/x86/mm/extable.o
  CC      kernel/panic.o
  CC      arch/x86/lib/insn.o
  CC      lib/decompress_inflate.o
  CC      arch/x86/entry/vdso/vdso32-setup.o
  CC      mm/oom_kill.o
  LDS     arch/x86/entry/vdso/vdso32/vdso32.lds
  CC      arch/x86/entry/vdso/vdso32/vclock_gettime.o
  CC      arch/x86/entry/vdso/vdso32/vgetcpu.o
  CC      arch/x86/lib/memcpy_32.o
  CC      arch/x86/lib/misc.o
  CC      drivers/pinctrl/core.o
  CC      arch/x86/lib/pc-conf-reg.o
  CC      init/calibrate.o
  CC      arch/x86/kernel/signal.o
  CC      kernel/cpu.o
  CC      arch/x86/events/amd/core.o
  AS      arch/x86/lib/putuser.o
  CC      lib/decompress_unlz4.o
  AR      drivers/phy/cadence/built-in.a
  CC      arch/x86/lib/string_32.o
  CC      kernel/exit.o
  AS      arch/x86/entry/vdso/vdso32/system_call.o
  CC      init/init_task.o
  CC      arch/x86/lib/strstr_32.o
  AS      arch/x86/entry/vdso/vdso32/sigreturn.o
  CC      lib/decompress_unlzma.o
  CC      arch/x86/events/intel/core.o
  CC      fs/file_table.o
  VDSO    arch/x86/entry/vdso/vdso32/vdso32.so.dbg
  OBJCOPY arch/x86/entry/vdso/vdso32/vdso32.so
  CC      arch/x86/lib/usercopy.o
  VDSO2C  arch/x86/entry/vdso/vdso32/vdso32-image.c
  CC      arch/x86/events/intel/bts.o
  CC      arch/x86/entry/vdso/vdso32/vdso32-image.o
  AR      drivers/phy/built-in.a
  CC      arch/x86/events/intel/ds.o
  CC      arch/x86/mm/mmap.o
  AR      arch/x86/entry/vdso/vdso32/built-in.a
  CC      mm/fadvise.o
  AR      arch/x86/entry/vdso/built-in.a
  AR      arch/x86/entry/built-in.a
  CC      drivers/pinctrl/pinctrl-utils.o
  CC      arch/x86/lib/usercopy_32.o
  CC      arch/x86/events/amd/lbr.o
  CC      drivers/pinctrl/pinmux.o
  CC      arch/x86/kernel/signal_32.o
  CC      init/version.o
  CC      lib/decompress_unlzo.o
  CC      arch/x86/events/intel/knc.o
  CC      arch/x86/lib/msr.o
  CC      arch/x86/mm/pgtable.o
  AS      arch/x86/lib/msr-reg.o
  CC      arch/x86/events/intel/lbr.o
  CC      fs/super.o
  CC      fs/char_dev.o
  CC      arch/x86/events/intel/p4.o
  CC      kernel/softirq.o
  CC      drivers/pinctrl/pinconf.o
  AR      init/built-in.a
  CC      mm/maccess.o
  CC      lib/decompress_unxz.o
  CC      arch/x86/events/zhaoxin/core.o
  CC      arch/x86/lib/msr-reg-export.o
  AR      arch/x86/events/amd/built-in.a
  CC      mm/page-writeback.o
  CC      arch/x86/kernel/traps.o
  CC      arch/x86/events/intel/p6.o
  AS      arch/x86/lib/hweight.o
  CC      arch/x86/lib/iomem.o
  CC      arch/x86/mm/physaddr.o
  CC      mm/folio-compat.o
  CC      drivers/pinctrl/pinconf-generic.o
  CC      lib/decompress_unzstd.o
  AR      drivers/pinctrl/actions/built-in.a
  CC      arch/x86/lib/atomic64_32.o
  CC      lib/dump_stack.o
  CC      kernel/resource.o
  AR      arch/x86/lib/lib.a
  CC      arch/x86/kernel/idt.o
  CC      mm/readahead.o
  CC      fs/stat.o
  AR      arch/x86/lib/built-in.a
  CC      arch/x86/kernel/irq.o
  CC      lib/earlycpio.o
  AR      arch/x86/events/zhaoxin/built-in.a
  AR      drivers/pinctrl/airoha/built-in.a
  CC      mm/swap.o
  CC      arch/x86/mm/tlb.o
  CC      mm/truncate.o
  CC      kernel/sysctl.o
  AR      drivers/pinctrl/bcm/built-in.a
  CC      drivers/pinctrl/cirrus/pinctrl-madera-core.o
  AR      drivers/pinctrl/cix/built-in.a
  CC      fs/exec.o
  AR      drivers/pinctrl/freescale/built-in.a
  CC      arch/x86/kernel/irq_32.o
  CC      lib/extable.o
  CC      lib/flex_proportions.o
  CC      kernel/capability.o
  CC      arch/x86/events/intel/pt.o
  CC      arch/x86/kernel/dumpstack_32.o
  CC      lib/idr.o
  AR      drivers/pinctrl/intel/built-in.a
  CC      arch/x86/kernel/time.o
  CC      fs/pipe.o
  CC      drivers/video/console/dummycon.o
  CC      arch/x86/kernel/ioport.o
  CC      drivers/video/console/vgacon.o
  AR      drivers/pinctrl/mediatek/built-in.a
  AR      drivers/pinctrl/cirrus/built-in.a
  CC      arch/x86/mm/cpu_entry_area.o
  CC      lib/iomem_copy.o
  AR      drivers/pinctrl/microchip/built-in.a
  AR      drivers/pinctrl/mvebu/built-in.a
  CC      fs/namei.o
  AR      drivers/pinctrl/nomadik/built-in.a
  CC      mm/vmscan.o
  AR      drivers/pinctrl/nuvoton/built-in.a
  AR      drivers/pinctrl/nxp/built-in.a
  AR      drivers/pinctrl/qcom/built-in.a
  CC      kernel/ptrace.o
  AR      drivers/pinctrl/sophgo/built-in.a
  AR      drivers/pinctrl/spacemit/built-in.a
  AR      drivers/pinctrl/sprd/built-in.a
  AR      drivers/pinctrl/starfive/built-in.a
  CC      arch/x86/kernel/dumpstack.o
  AR      drivers/pinctrl/sunplus/built-in.a
  AR      drivers/pinctrl/tegra/built-in.a
  AR      drivers/pinctrl/ti/built-in.a
  CC      arch/x86/kernel/nmi.o
  AR      drivers/pinctrl/built-in.a
  CC      fs/fcntl.o
  CC      lib/irq_regs.o
  AR      drivers/video/backlight/built-in.a
  CC      arch/x86/mm/maccess.o
  CC      mm/shrinker.o
  CC      kernel/user.o
  CC      lib/is_single_threaded.o
  CC      arch/x86/mm/pgprot.o
  CC      kernel/signal.o
  CC      mm/shmem.o
  AR      drivers/video/console/built-in.a
  AR      drivers/video/built-in.a
  CC      fs/ioctl.o
  AR      arch/x86/events/intel/built-in.a
  CC      arch/x86/kernel/setup.o
  AR      arch/x86/events/built-in.a
  CC      lib/klist.o
  CC      lib/kobject.o
  CC      kernel/sys.o
  AR      drivers/clk/built-in.a
  CC      arch/x86/kernel/x86_init.o
  CC      arch/x86/mm/pat/set_memory.o
  CC      lib/kobject_uevent.o
  CC      fs/readdir.o
  CC      mm/util.o
  CC      lib/logic_pio.o
  CC      kernel/umh.o
  CC      drivers/tty/tty_io.o
  CC      arch/x86/mm/pgtable_32.o
  CC      arch/x86/kernel/i8259.o
  CC      drivers/tty/n_tty.o
  CC      fs/select.o
  CC      arch/x86/mm/pat/memtype.o
  CC      fs/dcache.o
  CC      arch/x86/kernel/irqinit.o
  CC      drivers/tty/tty_ioctl.o
  CC      kernel/workqueue.o
  CC      lib/maple_tree.o
  CC      lib/memcat_p.o
  CC      kernel/pid.o
  CC      drivers/tty/tty_ldisc.o
  CC      mm/mmzone.o
  CC      fs/inode.o
  CC      fs/attr.o
  CC      kernel/task_work.o
  CC      drivers/char/mem.o
  AR      arch/x86/mm/pat/built-in.a
  CC      arch/x86/mm/iomap_32.o
  CC      fs/bad_inode.o
  CC      drivers/tty/tty_buffer.o
  CC      mm/vmstat.o
  CC      fs/file.o
  CC      arch/x86/kernel/irq_work.o
  CC      kernel/extable.o
  CC      arch/x86/kernel/probe_roms.o
  CC      arch/x86/kernel/sys_ia32.o
  CC      arch/x86/kernel/bootflag.o
  CC      kernel/params.o
  AR      arch/x86/mm/built-in.a
  CC      mm/backing-dev.o
  CC      drivers/char/random.o
  CC      lib/nmi_backtrace.o
  CC      drivers/tty/tty_port.o
  CC      mm/mm_init.o
  CC      arch/x86/kernel/e820.o
  CC      mm/percpu.o
  CC      kernel/kthread.o
  CC      drivers/tty/tty_mutex.o
  CC      drivers/char/misc.o
  CC      lib/objpool.o
  CC      fs/filesystems.o
  CC      drivers/base/component.o
  CC      mm/slab_common.o
  CC      lib/plist.o
  CC      kernel/sys_ni.o
  CC      lib/radix-tree.o
  CC      drivers/tty/tty_ldsem.o
  CC      drivers/base/core.o
  CC      drivers/base/bus.o
  CC      kernel/nsproxy.o
  CC      drivers/tty/tty_baudrate.o
  CC      drivers/tty/tty_jobctrl.o
  CC      drivers/base/dd.o
  CC      arch/x86/kernel/pci-dma.o
  AR      drivers/char/built-in.a
  CC      mm/compaction.o
  CC      fs/namespace.o
  CC      lib/ratelimit.o
  CC      mm/show_mem.o
  CC      drivers/tty/n_null.o
  CC      arch/x86/kernel/quirks.o
  CC      drivers/misc/ics932s401.o
  CC      kernel/nstree.o
  CC      drivers/misc/eeprom/eeprom_93cx6.o
  CC      lib/rbtree.o
  CC      arch/x86/kernel/kdebugfs.o
  CC      drivers/mfd/madera-core.o
  CC      drivers/base/syscore.o
  CC      fs/seq_file.o
  CC      lib/seq_buf.o
  CC      kernel/nscommon.o
  CC      kernel/notifier.o
  CC      kernel/ksysfs.o
  CC      drivers/tty/pty.o
  AR      drivers/misc/eeprom/built-in.a
  CC      lib/siphash.o
  CC      kernel/cred.o
  CC      mm/interval_tree.o
  CC      arch/x86/kernel/alternative.o
  AR      drivers/misc/built-in.a
  CC      lib/string.o
  CC      drivers/dax/super.o
  CC      drivers/mfd/mfd-core.o
  CC      drivers/tty/vt/vt_ioctl.o
  CC      drivers/mfd/da9055-core.o
  CC      fs/xattr.o
  CC      kernel/reboot.o
  CC      drivers/base/driver.o
  CC      lib/sys_info.o
  CC      kernel/async.o
  CC      drivers/tty/vt/vc_screen.o
  CC      mm/list_lru.o
  CC      mm/workingset.o
  CC      kernel/range.o
  CC      mm/debug.o
  CC      drivers/base/class.o
  CC      drivers/tty/vt/selection.o
  CC      drivers/base/platform.o
  CC      kernel/smpboot.o
  CC      lib/timerqueue.o
  CC      arch/x86/kernel/i8253.o
  CC      drivers/dax/bus.o
  CC      drivers/mfd/da9055-i2c.o
  CC      kernel/ucount.o
  CC      arch/x86/kernel/hw_breakpoint.o
  CC      drivers/tty/serial/serial_core.o
  CC      drivers/base/cpu.o
  CC      drivers/tty/vt/keyboard.o
  CC      lib/vsprintf.o
  CC      drivers/mfd/kempld-core.o
  CC      drivers/dma-buf/dma-buf.o
  CC      drivers/tty/serial/serial_base_bus.o
  CC      drivers/tty/serial/serial_ctrl.o
  CC      drivers/dma-buf/dma-fence.o
  CC      kernel/regset.o
  CC      mm/gup.o
  CC      fs/libfs.o
  CC      drivers/mfd/iqs62x.o
  CC      drivers/base/firmware.o
  CC      lib/win_minmax.o
  AR      drivers/dax/built-in.a
  CC      arch/x86/kernel/tsc.o
  CC      lib/xarray.o
  CC      lib/lockref.o
  CC      kernel/ksyms_common.o
  CC      lib/bcd.o
  CC      lib/sort.o
  CC      fs/fs-writeback.o
  CC      drivers/base/init.o
  CC      drivers/tty/serial/serial_port.o
  CC      arch/x86/kernel/tsc_msr.o
  CC      drivers/tty/vt/vt.o
  CC      kernel/sched/core.o
  CC      mm/mmap_lock.o
  CC      drivers/dma-buf/dma-fence-array.o
  AR      drivers/mfd/built-in.a
  CC      kernel/sched/fair.o
  CC      drivers/tty/serial/earlycon.o
  CC      drivers/base/map.o
  CC      kernel/sched/build_policy.o
  CC      arch/x86/kernel/io_delay.o
  CC      fs/pnode.o
  CC      lib/parser.o
  CC      arch/x86/kernel/rtc.o
  CC      drivers/tty/vt/defkeymap.o
  CC      kernel/sched/build_utility.o
  CC      drivers/dma-buf/dma-fence-chain.o
  CC      mm/vma_init.o
  CC      drivers/base/devres.o
  CC      kernel/power/qos.o
  CC      kernel/locking/mutex.o
  CC      arch/x86/kernel/resource.o
  CC      lib/debug_locks.o
  AS      arch/x86/kernel/irqflags.o
  CC      mm/highmem.o
  CC      drivers/tty/serial/8250/8250_core.o
  CC      drivers/tty/vt/consolemap.o
  CC      fs/splice.o
  CC      arch/x86/kernel/static_call.o
  CC      lib/random32.o
  CC      drivers/dma-buf/dma-fence-unwrap.o
  CC      drivers/base/attribute_container.o
  CC      lib/bust_spinlocks.o
  CC      kernel/printk/printk.o
  CC      kernel/printk/printk_safe.o
  CC      kernel/locking/semaphore.o
  CC      arch/x86/kernel/process.o
  AR      kernel/power/built-in.a
  CC      drivers/dma-buf/dma-resv.o
  CC      mm/memory.o
  CC      lib/kasprintf.o
  CC      drivers/dma-buf/dma-buf-mapping.o
  CC      drivers/base/transport_class.o
  CC      drivers/tty/serial/8250/8250_platform.o
  CC      drivers/tty/vt/consolemap_deftbl.o
  CC      drivers/tty/vt/ucs.o
  CC      drivers/base/topology.o
  AR      drivers/tty/vt/built-in.a
  CC      lib/bitmap.o
  CC      kernel/printk/nbcon.o
  CC      kernel/locking/rwsem.o
  CC      arch/x86/kernel/fpu/init.o
  CC      fs/sync.o
  CC      kernel/printk/printk_ringbuffer.o
  CC      kernel/irq/irqdesc.o
  CC      mm/mincore.o
  AR      drivers/dma-buf/built-in.a
  CC      drivers/base/container.o
  CC      kernel/locking/percpu-rwsem.o
  CC      drivers/tty/serial/8250/8250_port.o
  CC      lib/scatterlist.o
  CC      arch/x86/kernel/fpu/bugs.o
  AR      kernel/sched/built-in.a
  CC      lib/list_sort.o
  CC      lib/uuid.o
  CC      fs/utimes.o
  CC      kernel/locking/mutex-debug.o
  CC      drivers/tty/serial/8250/8250_early.o
  CC      arch/x86/kernel/fpu/core.o
  CC      kernel/locking/lockdep.o
  CC      kernel/rcu/update.o
  CC      kernel/rcu/sync.o
  CC      drivers/base/property.o
  CC      kernel/irq/handle.o
  AR      kernel/printk/built-in.a
  CC      kernel/rcu/srcutiny.o
  CC      arch/x86/kernel/fpu/regset.o
  CC      fs/d_path.o
  CC      kernel/dma/mapping.o
  CC      lib/iov_iter.o
  CC      arch/x86/kernel/ptrace.o
  CC      kernel/irq/manage.o
  CC      kernel/irq/spurious.o
  CC      drivers/base/cacheinfo.o
  CC      kernel/rcu/tiny.o
  CC      mm/mlock.o
  CC      arch/x86/kernel/tls.o
  CC      drivers/input/serio/serio.o
  CC      lib/clz_ctz.o
  CC      arch/x86/kernel/fpu/signal.o
  AR      drivers/tty/serial/8250/built-in.a
  CC      drivers/input/serio/i8042.o
  AR      drivers/tty/serial/built-in.a
  AR      drivers/tty/built-in.a
  CC      kernel/locking/rtmutex_api.o
  CC      kernel/entry/common.o
  CC      drivers/input/serio/serport.o
  CC      fs/stack.o
  CC      kernel/dma/direct.o
  CC      kernel/dma/remap.o
  CC      drivers/base/swnode.o
  AR      kernel/rcu/built-in.a
  CC      fs/fs_struct.o
  CC      kernel/entry/syscall-common.o
  CC      kernel/irq/resend.o
  CC      kernel/entry/syscall_user_dispatch.o
  CC      arch/x86/kernel/fpu/xstate.o
  CC      arch/x86/kernel/step.o
  CC      drivers/input/input.o
  CC      mm/mmap.o
  CC      kernel/locking/spinlock.o
  CC      lib/bsearch.o
  CC      mm/mmu_gather.o
  CC      mm/mprotect.o
  CC      arch/x86/kernel/i8237.o
  AR      kernel/dma/built-in.a
  CC      drivers/input/serio/libps2.o
  CC      kernel/irq/chip.o
  CC      drivers/base/faux.o
  CC      drivers/input/input-compat.o
  CC      fs/statfs.o
  CC      kernel/irq/dummychip.o
  CC      kernel/locking/spinlock_debug.o
  CC      drivers/rtc/lib.o
  CC      mm/mremap.o
  AR      kernel/entry/built-in.a
  CC      lib/find_bit.o
  CC      drivers/rtc/rtc-mc146818-lib.o
  AR      arch/x86/kernel/fpu/built-in.a
  CC      arch/x86/kernel/stacktrace.o
  AR      drivers/base/power/built-in.a
  CC      kernel/locking/test-ww_mutex.o
  CC      drivers/base/firmware_loader/builtin/main.o
  CC      drivers/input/serio/altera_ps2.o
  CC      mm/msync.o
  CC      fs/fs_pin.o
  CC      lib/llist.o
  CC      drivers/i2c/i2c-boardinfo.o
  CC      kernel/irq/devres.o
  CC      lib/lwq.o
  CC      drivers/input/input-mt.o
  AR      drivers/base/firmware_loader/builtin/built-in.a
  CC      drivers/i2c/i2c-core-base.o
  CC      kernel/irq/kexec.o
  CC      kernel/irq/autoprobe.o
  AR      drivers/base/firmware_loader/built-in.a
  CC      drivers/base/regmap/regmap.o
  CC      arch/x86/kernel/cpu/cacheinfo.o
  AR      drivers/rtc/built-in.a
  CC      lib/memweight.o
  CC      arch/x86/kernel/cpu/scattered.o
  CC      mm/page_vma_mapped.o
  CC      fs/nsfs.o
  AR      kernel/locking/built-in.a
  CC      arch/x86/kernel/cpu/topology_common.o
  CC      lib/kfifo.o
  AR      drivers/input/serio/built-in.a
  CC      kernel/irq/irqdomain.o
  CC      drivers/base/regmap/regcache.o
  CC      mm/pagewalk.o
  CC      drivers/base/pinctrl.o
  CC      mm/pgtable-generic.o
  CC      mm/rmap.o
  CC      drivers/i2c/i2c-core-smbus.o
  CC      drivers/i2c/algos/i2c-algo-bit.o
  CC      drivers/input/input-poller.o
  CC      drivers/i2c/busses/i2c-designware-common.o
  CC      drivers/input/ff-core.o
  CC      lib/percpu-refcount.o
  CC      arch/x86/kernel/cpu/topology_ext.o
  CC      drivers/i2c/busses/i2c-designware-master.o
  CC      drivers/base/regmap/regcache-rbtree.o
  CC      drivers/base/regmap/regcache-flat.o
  AR      kernel/irq/built-in.a
  CC      kernel/stacktrace.o
  CC      fs/fs_dirent.o
  CC      drivers/i3c/device.o
  CC      drivers/input/touchscreen.o
  CC      fs/fs_context.o
  CC      drivers/i2c/busses/i2c-designware-platdrv.o
  CC      arch/x86/kernel/cpu/topology_amd.o
  AR      drivers/i2c/algos/built-in.a
  CC      lib/rhashtable.o
  CC      kernel/time/time.o
  CC      mm/vmalloc.o
  CC      fs/fs_parser.o
  CC      fs/fsopen.o
  CC      fs/init.o
  CC      arch/x86/kernel/reboot.o
  CC      drivers/base/regmap/regcache-maple.o
  CC      drivers/i3c/master.o
  CC      drivers/input/touch-overlay.o
  CC      arch/x86/kernel/cpu/cpuid_parser.o
  CC      drivers/i3c/master/i3c-master-cdns.o
  CC      mm/vma.o
  CC      arch/x86/kernel/cpu/common.o
  CC      drivers/i2c/busses/i2c-simtec.o
  CC      fs/kernel_read_file.o
  CC      arch/x86/kernel/cpu/rdrand.o
  CC      mm/vma_exec.o
  CC      kernel/time/timer.o
  CC      lib/base64.o
  CC      drivers/base/regmap/regmap-i2c.o
  CC      arch/x86/kernel/cpu/match.o
  CC      drivers/input/sparse-keymap.o
  CC      arch/x86/kernel/tsc_sync.o
  CC      kernel/dma.o
  CC      lib/once.o
  CC      drivers/power/sequencing/core.o
  AR      drivers/i3c/master/built-in.a
  AR      drivers/i2c/busses/built-in.a
  AR      drivers/accessibility/built-in.a
  AR      drivers/i2c/built-in.a
  CC      kernel/time/hrtimer.o
  CC      mm/page_alloc.o
  CC      kernel/up.o
  CC      fs/mnt_idmapping.o
  CC      fs/remap_range.o
  CC      lib/refcount.o
  CC      drivers/input/vivaldi-fmap.o
  CC      kernel/kallsyms.o
  AR      drivers/i3c/built-in.a
  CC      lib/rcuref.o
  CC      lib/usercopy.o
  CC      arch/x86/kernel/apic/hw_nmi.o
  CC      mm/page_frag_cache.o
  CC      drivers/base/regmap/regmap-irq.o
  CC      arch/x86/kernel/cpu/bugs.o
  CC      kernel/time/sleep_timeout.o
  AR      drivers/power/sequencing/built-in.a
  AR      drivers/power/built-in.a
  CC      drivers/input/mousedev.o
  CC      fs/pidfs.o
  CC      arch/x86/kernel/trace_clock.o
  CC      kernel/irq_work.o
  CC      fs/file_attr.o
  CC      lib/errseq.o
  CC      fs/fserror.o
  CC      lib/bucket_locks.o
  CC      fs/nullfs.o
  CC      drivers/firmware/edd.o
  CC      kernel/time/timekeeping.o
  CC      arch/x86/kernel/cpu/aperfmperf.o
  AR      arch/x86/kernel/apic/built-in.a
  CC      arch/x86/kernel/doublefault_32.o
  CC      drivers/input/keyboard/atkbd.o
  CC      lib/generic-radix-tree.o
  AR      drivers/base/regmap/built-in.a
  CC      arch/x86/kernel/cpu/cpuid-deps.o
  AR      drivers/base/built-in.a
  CC      drivers/clocksource/i8253.o
  CC      kernel/static_call.o
  CC      kernel/time/ntp.o
  CC      kernel/events/core.o
  CC      mm/init-mm.o
  CC      kernel/events/ring_buffer.o
  CC      drivers/hid/hid-core.o
  CC      lib/bitmap-str.o
  CC      fs/anon_inodes.o
  CC      kernel/time/clocksource.o
  CC      drivers/input/mouse/psmouse-base.o
  AR      drivers/clocksource/built-in.a
  CC      arch/x86/kernel/cpu/cpuid_0x2_table.o
  CC      drivers/input/mouse/synaptics.o
  CC      mm/memblock.o
  AR      drivers/firmware/efi/built-in.a
  AR      drivers/firmware/built-in.a
  CC      drivers/hid/hid-input.o
  CC      lib/string_helpers.o
  AR      drivers/input/keyboard/built-in.a
  CC      lib/hexdump.o
  CC      arch/x86/kernel/cpu/umwait.o
  CC      arch/x86/kernel/vm86_32.o
  CC      kernel/events/callchain.o
  CC      kernel/time/jiffies.o
  CC      fs/binfmt_misc.o
  CC      kernel/time/timer_list.o
  CC      kernel/iomem.o
  CC      arch/x86/kernel/cpu/capflags.o
  CC      arch/x86/kernel/cpu/powerflags.o
  CC      drivers/bcma/main.o
  CC      drivers/input/mouse/focaltech.o
  CC      drivers/bcma/scan.o
  CC      arch/x86/kernel/early_printk.o
  CC      lib/kstrtox.o
  CC      arch/x86/kernel/cpu/feat_ctl.o
  CC      arch/x86/kernel/perf_regs.o
  CC      mm/slub.o
  CC      arch/x86/kernel/cpu/intel.o
  CC      kernel/time/timeconv.o
  CC      arch/x86/kernel/unwind_guess.o
  CC      drivers/hid/hid-quirks.o
  CC      fs/binfmt_script.o
  CC      arch/x86/kernel/cpu/tsx.o
  CC      drivers/input/mouse/alps.o
  CC      lib/math/div64.o
  CC      kernel/time/timecounter.o
  CC      lib/crc/crc32-main.o
  CC      drivers/bcma/core.o
  CC      lib/crypto/blake2s.o
  CC      drivers/input/mouse/byd.o
  CC      kernel/time/alarmtimer.o
  CC      fs/binfmt_elf.o
  CC      lib/math/gcd.o
  CC      arch/x86/kernel/cpu/amd.o
  CC      drivers/hid/hid-generic.o
  CC      lib/math/lcm.o
  CC      drivers/comedi/comedi_fops.o
  AR      lib/crc/built-in.a
  CC      drivers/hid/hid-a4tech.o
  CC      lib/crypto/chacha-block-generic.o
  CC      lib/math/int_log.o
  CC      lib/crypto/sha1.o
  CC      kernel/events/hw_breakpoint.o
  CC      drivers/input/mouse/logips2pp.o
  CC      drivers/hid/hid-icade.o
  CC      lib/math/int_pow.o
  CC      drivers/bcma/sprom.o
  CC      lib/math/int_sqrt.o
  CC      kernel/time/posix-stubs.o
  LDS     arch/x86/kernel/vmlinux.lds
  CC      drivers/comedi/range.o
  CC      lib/math/reciprocal_div.o
  AR      lib/math/built-in.a
  CC      drivers/comedi/drivers.o
  CC      lib/crypto/sha256.o
  AR      drivers/virt/built-in.a
  CC      drivers/comedi/comedi_buf.o
  CC      arch/x86/kernel/cpu/hygon.o
  CC      mm/dmapool.o
  CC      kernel/time/clockevents.o
  CC      drivers/hid/hid-kensington.o
  CC      fs/coredump.o
  CC      drivers/input/mouse/trackpoint.o
  CC      drivers/hid/hid-nti.o
  CC      lib/vdso/datastore.o
  CC      drivers/bcma/driver_chipcommon.o
  AR      lib/crypto/built-in.a
  CC      kernel/time/tick-common.o
  CC      arch/x86/kernel/cpu/cyrix.o
  CC      drivers/input/mouse/cypress_ps2.o
  CC      drivers/ipack/ipack.o
  CC      drivers/hid/hid-pxrc.o
  AR      kernel/events/built-in.a
  CC      mm/rodata_test.o
  CC      drivers/hid/hid-vrc2.o
  CC      mm/early_ioremap.o
  AR      drivers/comedi/built-in.a
  CC      drivers/input/mouse/psmouse-smbus.o
  CC      drivers/bcma/driver_chipcommon_pmu.o
  CC      mm/page_ext.o
  CC      mm/damon/core.o
  AR      lib/vdso/built-in.a
  CC      lib/iomap.o
  CC      drivers/ras/ras.o
  AR      drivers/ipack/built-in.a
  CC      fs/devpts/inode.o
  CC      lib/iomap_copy.o
  CC      arch/x86/kernel/cpu/centaur.o
  CC      kernel/time/vsyscall.o
  CC      mm/damon/ops-common.o
  CC      fs/nls/nls_base.o
  CC      fs/ramfs/inode.o
  CC      fs/nls/nls_cp775.o
  AR      drivers/hid/built-in.a
  CC      fs/ramfs/file-mmu.o
  CC      fs/nls/nls_cp860.o
  CC      mm/damon/vaddr.o
  CC      lib/devres.o
  CC      drivers/bcma/driver_chipcommon_b.o
  AR      kernel/time/built-in.a
  AR      drivers/input/mouse/built-in.a
  AR      kernel/built-in.a
  AR      drivers/input/built-in.a
  CC      arch/x86/kernel/cpu/transmeta.o
  CC      mm/damon/paddr.o
  AR      drivers/ras/built-in.a
  CC      arch/x86/kernel/cpu/zhaoxin.o
  CC      fs/nls/nls_cp869.o
  CC      arch/x86/kernel/cpu/vortex.o
  CC      fs/nls/nls_utf8.o
  CC      lib/bitrev.o
  CC      drivers/tee/tee_core.o
  AR      fs/devpts/built-in.a
  CC      lib/packing.o
  CC      drivers/mux/core.o
  CC      drivers/tee/tee_heap.o
  CC      lib/xxhash.o
  CC      drivers/siox/siox-core.o
  CC      arch/x86/kernel/cpu/mce/core.o
  CC      arch/x86/kernel/cpu/mce/severity.o
  AR      fs/nls/built-in.a
  AR      fs/ramfs/built-in.a
  CC      drivers/tee/tee_shm.o
  CC      drivers/tee/tee_shm_pool.o
  AR      fs/built-in.a
  CC      drivers/interconnect/core.o
  CC      drivers/interconnect/bulk.o
  CC      drivers/interconnect/debugfs-client.o
  AR      drivers/bcma/built-in.a
  CC      lib/genalloc.o
  CC      lib/zlib_inflate/inffast.o
  CC      lib/lzo/lzo1x_decompress_safe.o
  AR      mm/damon/built-in.a
  CC      lib/zlib_inflate/inflate.o
  AR      mm/built-in.a
  AR      drivers/mux/built-in.a
  CC      arch/x86/kernel/cpu/mce/genpool.o
  CC      arch/x86/kernel/cpu/microcode/core.o
  CC      lib/lz4/lz4_decompress.o
  CC      lib/zstd/zstd_decompress_module.o
  CC      lib/xz/xz_dec_syms.o
  AR      drivers/siox/built-in.a
  CC      arch/x86/kernel/cpu/microcode/intel.o
  CC      lib/zstd/decompress/huf_decompress.o
  CC      arch/x86/kernel/cpu/microcode/amd.o
  CC      lib/zlib_inflate/infutil.o
  CC      lib/zstd/decompress/zstd_ddict.o
  CC      lib/zlib_inflate/inftrees.o
  AR      drivers/tee/built-in.a
  CC      lib/syscall.o
  CC      lib/zstd/decompress/zstd_decompress.o
  AR      lib/lzo/built-in.a
  AR      drivers/interconnect/built-in.a
  CC      lib/strncpy_from_user.o
  CC      lib/zlib_inflate/inflate_syms.o
  AR      drivers/built-in.a
  CC      lib/xz/xz_dec_stream.o
  CC      lib/strnlen_user.o
  CC      lib/zstd/decompress/zstd_decompress_block.o
  CC      lib/zstd/zstd_common_module.o
  CC      lib/xz/xz_dec_lzma2.o
  CC      lib/group_cpus.o
  CC      lib/zstd/common/debug.o
  AR      lib/lib.a
  CC      lib/xz/xz_dec_bcj.o
  AR      arch/x86/kernel/cpu/mce/built-in.a
  AR      lib/zlib_inflate/built-in.a
  CC      lib/zstd/common/entropy_common.o
  CC      lib/zstd/common/error_private.o
  CC      lib/zstd/common/fse_decompress.o
  CC      lib/zstd/common/zstd_common.o
  AR      lib/lz4/built-in.a
  AR      arch/x86/kernel/cpu/microcode/built-in.a
  AR      arch/x86/kernel/cpu/built-in.a
  AR      lib/xz/built-in.a
  AR      arch/x86/kernel/built-in.a
  AR      arch/x86/built-in.a
  AR      lib/zstd/built-in.a
  AR      lib/built-in.a
  AR      built-in.a
  AR      built-in-fixup.a
  COPY    vmlinux.a
  LD      vmlinux.o
  MODPOST vmlinux.symvers
  CC      .vmlinux.export.o
  UPD     include/generated/utsversion.h
  CC      init/version-timestamp.o
  KSYMS   .tmp_vmlinux0.kallsyms.S
  AS      .tmp_vmlinux0.kallsyms.o
  LD      .tmp_vmlinux1
  NM      .tmp_vmlinux1.syms
  KSYMS   .tmp_vmlinux1.kallsyms.S
  AS      .tmp_vmlinux1.kallsyms.o
  LD      .tmp_vmlinux2
  NM      .tmp_vmlinux2.syms
  KSYMS   .tmp_vmlinux2.kallsyms.S
  AS      .tmp_vmlinux2.kallsyms.o
  LD      vmlinux.unstripped
  NM      System.map
  SORTTAB vmlinux.unstripped
  OBJCOPY vmlinux
  GEN     modules.builtin.modinfo
  GEN     modules.builtin
  CC      arch/x86/boot/a20.o
  CC      arch/x86/boot/cmdline.o
  CC      arch/x86/boot/cpu.o
  CC      arch/x86/boot/cpuflags.o
  CC      arch/x86/boot/cpucheck.o
  CC      arch/x86/boot/early_serial_console.o
  CC      arch/x86/boot/edd.o
  CC      arch/x86/boot/main.o
  CC      arch/x86/boot/memory.o
  CC      arch/x86/boot/pm.o
  AS      arch/x86/boot/pmjump.o
  CC      arch/x86/boot/printf.o
  CC      arch/x86/boot/regs.o
  CC      arch/x86/boot/string.o
  CC      arch/x86/boot/tty.o
  CC      arch/x86/boot/video.o
  CC      arch/x86/boot/video-mode.o
  CC      arch/x86/boot/version.o
  CC      arch/x86/boot/video-vga.o
  CC      arch/x86/boot/video-vesa.o
  CC      arch/x86/boot/video-bios.o
  LDS     arch/x86/boot/compressed/vmlinux.lds
  AS      arch/x86/boot/compressed/head_32.o
  VOFFSET arch/x86/boot/compressed/../voffset.h
  CC      arch/x86/boot/compressed/string.o
  CC      arch/x86/boot/compressed/cmdline.o
  CC      arch/x86/boot/compressed/error.o
  OBJCOPY arch/x86/boot/compressed/vmlinux.bin
  CC      arch/x86/boot/compressed/cpuflags.o
  CC      arch/x86/boot/compressed/early_serial_console.o
  GZIP    arch/x86/boot/compressed/vmlinux.bin.gz
  CC      arch/x86/boot/compressed/misc.o
  MKPIGGY arch/x86/boot/compressed/piggy.S
  AS      arch/x86/boot/compressed/piggy.o
  LD      arch/x86/boot/compressed/vmlinux
  ZOFFSET arch/x86/boot/zoffset.h
  OBJCOPY arch/x86/boot/vmlinux.bin
  AS      arch/x86/boot/header.o
  LD      arch/x86/boot/setup.elf
  OBJCOPY arch/x86/boot/setup.bin
  BUILD   arch/x86/boot/bzImage
Kernel: arch/x86/boot/bzImage is ready  (#20)
make[5]: Leaving directory '/home/benni/git/kernel-test-stable-rc/build/rand500config-i386'
make[4]: Leaving directory '/home/benni/git/linux-stable-rc'
