make[4]: Entering directory '/mnt/git-volume/linux-mainline'
make[5]: Entering directory '/mnt/git-volume/kernel-test-mainline/build/rand500config-riscv'
#
# configuration written to .config
#
Using .config as base
Merging /mnt/git-volume/linux-mainline/kernel/configs/tiny.config
Value of CONFIG_KERNEL_XZ is redefined by fragment /mnt/git-volume/linux-mainline/kernel/configs/tiny.config:
Previous value: # CONFIG_KERNEL_XZ is not set
New value: CONFIG_KERNEL_XZ=y

Value of CONFIG_CC_OPTIMIZE_FOR_SIZE is redefined by fragment /mnt/git-volume/linux-mainline/kernel/configs/tiny.config:
Previous value: # CONFIG_CC_OPTIMIZE_FOR_SIZE is not set
New value: CONFIG_CC_OPTIMIZE_FOR_SIZE=y

Value of CONFIG_LD_DEAD_CODE_DATA_ELIMINATION is redefined by fragment /mnt/git-volume/linux-mainline/kernel/configs/tiny.config:
Previous value: # CONFIG_LD_DEAD_CODE_DATA_ELIMINATION is not set
New value: CONFIG_LD_DEAD_CODE_DATA_ELIMINATION=y

Value of CONFIG_SLUB_TINY is redefined by fragment /mnt/git-volume/linux-mainline/kernel/configs/tiny.config:
Previous value: # CONFIG_SLUB_TINY is not set
New value: CONFIG_SLUB_TINY=y

#
# merged configuration written to .config (needs make)
#
#
# configuration written to .config
#
make[5]: Leaving directory '/mnt/git-volume/kernel-test-mainline/build/rand500config-riscv'
make[4]: Leaving directory '/mnt/git-volume/linux-mainline'
make[4]: Entering directory '/mnt/git-volume/linux-mainline'
make[5]: Entering directory '/tmp/tmp.Hqn3JnNNGu'
  UPD     /tmp/tmp.Hqn3JnNNGu/Makefile
  HOSTCC  scripts/basic/fixdep
  HOSTCC  scripts/kconfig/conf.o
  HOSTCC  scripts/kconfig/confdata.o
  HOSTCC  scripts/kconfig/expr.o
  LEX     scripts/kconfig/lexer.lex.c
  YACC    scripts/kconfig/parser.tab.[ch]
  HOSTCC  scripts/kconfig/lexer.lex.o
  HOSTCC  scripts/kconfig/menu.o
  HOSTCC  scripts/kconfig/parser.tab.o
  HOSTCC  scripts/kconfig/preprocess.o
  HOSTCC  scripts/kconfig/symbol.o
  HOSTCC  scripts/kconfig/util.o
  HOSTLD  scripts/kconfig/conf
KCONFIG_SEED=0x67E81858
#
# configuration written to .config
#
make[5]: Leaving directory '/tmp/tmp.Hqn3JnNNGu'
make[4]: Leaving directory '/mnt/git-volume/linux-mainline'
make[4]: Entering directory '/mnt/git-volume/linux-mainline'
make[5]: Entering directory '/tmp/tmp.Hqn3JnNNGu'
.config:7515:warning: override: reassigning to symbol PRINTK
.config:7519:warning: override: reassigning to symbol TTY
.config:7522:warning: override: reassigning to symbol BLK_DEV_INITRD
.config:7523:warning: override: reassigning to symbol RD_GZIP
.config:7527:warning: override: reassigning to symbol BINFMT_SCRIPT
.config:7533:warning: override: reassigning to symbol KERNEL_GZIP
.config:7539:warning: override: reassigning to symbol KERNEL_BZIP2
.config:7540:warning: override: reassigning to symbol KERNEL_LZMA
.config:7541:warning: override: reassigning to symbol KERNEL_XZ
.config:7542:warning: override: reassigning to symbol KERNEL_LZO
.config:7543:warning: override: reassigning to symbol KERNEL_LZ4
.config:7544:warning: override: reassigning to symbol KERNEL_ZSTD
.config:7547:warning: override: reassigning to symbol MODULES
.config:7550:warning: override: reassigning to symbol DRM
.config:7551:warning: override: reassigning to symbol SOUND
.config:7552:warning: override: reassigning to symbol STAGING
.config:7554:warning: override: reassigning to symbol MEDIA_SUPPORT
.config:7560:warning: override: reassigning to symbol KCOV
.config:7565:warning: override: reassigning to symbol UBSAN
.config:7572:warning: override: reassigning to symbol RCU_TORTURE_TEST
.config:7573:warning: override: reassigning to symbol RCU_SCALE_TEST
.config:7574:warning: override: reassigning to symbol LOCK_TORTURE_TEST
.config:7584:warning: override: reassigning to symbol DEBUG_PREEMPT
.config:7585:warning: override: reassigning to symbol DEBUG_ATOMIC_SLEEP
.config:7592:warning: override: reassigning to symbol KUNIT
.config:7600:warning: override: reassigning to symbol OF_UNITTEST
#
# configuration written to .config
#
make[5]: Leaving directory '/tmp/tmp.Hqn3JnNNGu'
make[4]: Leaving directory '/mnt/git-volume/linux-mainline'
make[4]: Entering directory '/mnt/git-volume/linux-mainline'
make[5]: Entering directory '/mnt/git-volume/kernel-test-mainline/build/rand500config-riscv'
.config:1365:warning: override: reassigning to symbol IPACK_BUS
.config:1367:warning: override: reassigning to symbol TIMER_OF
.config:1390:warning: override: reassigning to symbol GENERIC_CSUM
.config:1399:warning: override: reassigning to symbol VIRTIO_MENU
.config:1441:warning: override: reassigning to symbol HAVE_KERNEL_GZIP
.config:1448:warning: override: reassigning to symbol RISCV_INTC
.config:1449:warning: override: reassigning to symbol STM
.config:1465:warning: override: reassigning to symbol HAVE_PREEMPT_DYNAMIC_KEY
.config:1472:warning: override: reassigning to symbol ARCH_HAS_GIGANTIC_PAGE
.config:1475:warning: override: reassigning to symbol DUMMY_IRQ
.config:1482:warning: override: reassigning to symbol HAVE_KCSAN_COMPILER
.config:1483:warning: override: reassigning to symbol PREEMPT_COUNT
.config:1498:warning: override: reassigning to symbol BINFMT_SCRIPT
.config:1499:warning: override: reassigning to symbol CRC_OPTIMIZATIONS
.config:1500:warning: override: reassigning to symbol IRQ_TIME_ACCOUNTING
.config:1503:warning: override: reassigning to symbol HAVE_KERNEL_BZIP2
.config:1511:warning: override: reassigning to symbol MCB
.config:1524:warning: override: reassigning to symbol ARCH_HAS_BINFMT_FLAT
.config:1551:warning: override: reassigning to symbol GNSS
.config:1564:warning: override: reassigning to symbol IRQ_FORCED_THREADING
.config:1573:warning: override: reassigning to symbol ARCH_RENESAS
.config:1574:warning: override: reassigning to symbol GOLDFISH
.config:1575:warning: override: reassigning to symbol HAVE_PERF_USER_STACK_DUMP
.config:1577:warning: override: reassigning to symbol RISCV_ISA_VENDOR_EXT_THEAD
.config:1579:warning: override: reassigning to symbol TUNE_GENERIC
.config:1585:warning: override: reassigning to symbol PREEMPT
.config:1591:warning: override: reassigning to symbol HAS_IOMEM
.config:1607:warning: override: reassigning to symbol PAGE_OWNER
.config:1619:warning: override: reassigning to symbol DEBUG_SPINLOCK
.config:1634:warning: override: reassigning to symbol RANDOM32_SELFTEST
.config:1644:warning: override: reassigning to symbol DEBUG_SHIRQ
.config:1650:warning: override: reassigning to symbol ARCH_HAS_KCOV
.config:1660:warning: override: reassigning to symbol HAVE_PERF_REGS
.config:1663:warning: override: reassigning to symbol SSB_POSSIBLE
.config:1665:warning: override: reassigning to symbol GENERIC_IRQ_ENTRY
.config:1668:warning: override: reassigning to symbol MISC_FILESYSTEMS
.config:1673:warning: override: reassigning to symbol HAVE_KPROBES
.config:1675:warning: override: reassigning to symbol GOOGLE_FIRMWARE
.config:1680:warning: override: reassigning to symbol CRYPTO
.config:1690:warning: override: reassigning to symbol CC_HAS_NO_PROFILE_FN_ATTR
.config:1734:warning: override: reassigning to symbol MFD_MADERA
.config:1737:warning: override: reassigning to symbol HAVE_SYSCALL_TRACEPOINTS
.config:1741:warning: override: reassigning to symbol ARCH_WANT_OPTIMIZE_DAX_VMEMMAP
.config:1753:warning: override: reassigning to symbol HAS_IOPORT_MAP
.config:1754:warning: override: reassigning to symbol GENERIC_SMP_IDLE_THREAD
.config:1758:warning: override: reassigning to symbol DEBUG_SG
.config:1784:warning: override: reassigning to symbol GENERIC_IRQ_SHOW_LEVEL
.config:1800:warning: override: reassigning to symbol SERIO
.config:1808:warning: override: reassigning to symbol ARCH_HAS_PREEMPT_LAZY
.config:1823:warning: override: reassigning to symbol DEBUG_LOCK_ALLOC
.config:1831:warning: override: reassigning to symbol CRC32
.config:1834:warning: override: reassigning to symbol EXTCON
.config:1836:warning: override: reassigning to symbol NONPORTABLE
.config:1839:warning: override: reassigning to symbol TIMER_PROBE
.config:1846:warning: override: reassigning to symbol HAVE_ARCH_KGDB
.config:1850:warning: override: reassigning to symbol OF_RESERVED_MEM
.config:1856:warning: override: reassigning to symbol ARCH_HAS_NON_OVERLAPPING_ADDRESS_SPACE
.config:1860:warning: override: reassigning to symbol DEBUG_MUTEXES
.config:1873:warning: override: reassigning to symbol PRINTK
.config:1877:warning: override: reassigning to symbol TTY
.config:1880:warning: override: reassigning to symbol BLK_DEV_INITRD
.config:1884:warning: override: reassigning to symbol BINFMT_ELF
.config:1885:warning: override: reassigning to symbol BINFMT_SCRIPT
.config:1891:warning: override: reassigning to symbol KERNEL_GZIP
.config:1899:warning: override: reassigning to symbol FPU
#
# configuration written to .config
#
make[5]: Leaving directory '/mnt/git-volume/kernel-test-mainline/build/rand500config-riscv'
make[4]: Leaving directory '/mnt/git-volume/linux-mainline'
make[4]: Entering directory '/mnt/git-volume/linux-mainline'
make[5]: Entering directory '/mnt/git-volume/kernel-test-mainline/build/rand500config-riscv'
  SYNC    include/config/auto.conf.cmd
  HOSTCC  scripts/kallsyms
  CC      scripts/mod/empty.o
  CC      scripts/mod/devicetable-offsets.s
  MKELF   scripts/mod/elfconfig.h
  HOSTCC  scripts/mod/modpost.o
  HOSTCC  scripts/mod/sumversion.o
  HOSTCC  scripts/mod/symsearch.o
  HOSTCC  scripts/mod/file2alias.o
  HOSTLD  scripts/mod/modpost
  CC      kernel/bounds.s
  UPD     include/generated/bounds.h
  CC      arch/riscv/kernel/asm-offsets.s
  UPD     include/generated/asm-offsets.h
  CC      kernel/sched/rq-offsets.s
  UPD     include/generated/rq-offsets.h
  CALL    /mnt/git-volume/linux-mainline/scripts/checksyscalls.sh 
  AS      arch/riscv/kernel/vdso/rt_sigreturn.o
  CC      arch/riscv/kernel/vdso/vgettimeofday.o
  AS      arch/riscv/kernel/vdso/getcpu.o
  AS      arch/riscv/kernel/vdso/flush_icache.o
  CC      arch/riscv/kernel/vdso/hwprobe.o
  AS      arch/riscv/kernel/vdso/sys_hwprobe.o
  CC      arch/riscv/kernel/vdso/getrandom.o
  AS      arch/riscv/kernel/vdso/note.o
  AS      arch/riscv/kernel/vdso/vgetrandom-chacha.o
  VDSOLD  arch/riscv/kernel/vdso/vdso.so.dbg
  VDSOSYM include/generated/vdso-offsets.h
  GEN     usr/initramfs_data.cpio
  COPY    usr/initramfs_inc_data
  AS      usr/initramfs_data.o
  CC      init/main.o
  AR      usr/built-in.a
  AS      arch/riscv/kernel/head.o
  CC      arch/riscv/kernel/soc.o
  CC      kernel/fork.o
  CC      mm/filemap.o
  CC      arch/riscv/kernel/alternative.o
  UPD     init/utsversion-tmp.h
  CC      init/do_mounts.o
  CC      arch/riscv/kernel/cpu.o
  CC      arch/riscv/kernel/cpufeature.o
  CC      kernel/exec_domain.o
  CC      mm/mempool.o
  CC      init/do_mounts_initrd.o
  CC      kernel/exec_state.o
  AS      arch/riscv/kernel/entry.o
  CC      arch/riscv/kernel/irq.o
  CC      mm/oom_kill.o
  CC      kernel/panic.o
  CC      init/initramfs.o
  CC      arch/riscv/kernel/process.o
  CC      kernel/cpu.o
  CC      mm/fadvise.o
  CC      init/calibrate.o
  CC      init/init_task.o
  CC      arch/riscv/kernel/ptrace.o
  CC      kernel/exit.o
  CC      mm/maccess.o
  CC      arch/riscv/kernel/reset.o
  CC      init/version.o
  CC      arch/riscv/kernel/return_address.o
  CC      mm/page-writeback.o
  CC      kernel/softirq.o
  AR      init/built-in.a
  CC      arch/riscv/kernel/setup.o
  CC      fs/open.o
  CC      kernel/resource.o
  CC      arch/riscv/kernel/signal.o
  CC      mm/folio-compat.o
  CC      fs/read_write.o
  CC      mm/readahead.o
  CC      kernel/sysctl.o
  CC      arch/riscv/kernel/syscall_table.o
  CC      fs/file_table.o
  CC      kernel/capability.o
  CC      arch/riscv/kernel/sys_riscv.o
  CC      mm/swap.o
  CC      arch/riscv/kernel/sys_hwprobe.o
  CC      kernel/ptrace.o
  CC      fs/super.o
  CC      mm/truncate.o
  CC      arch/riscv/kernel/time.o
  CC      kernel/user.o
  CC      mm/vmscan.o
  CC      fs/char_dev.o
  CC      arch/riscv/kernel/traps.o
  CC      kernel/signal.o
  CC      fs/stat.o
  CC      arch/riscv/kernel/riscv_ksyms.o
  CC      mm/shrinker.o
  CC      arch/riscv/kernel/stacktrace.o
  CC      fs/exec.o
  CC      kernel/sys.o
  CC      mm/shmem.o
  CC      arch/riscv/kernel/cacheinfo.o
  CC      arch/riscv/kernel/patch.o
  CC      mm/util.o
  CC      fs/pipe.o
  CC      kernel/umh.o
  CC      arch/riscv/kernel/vendor_extensions.o
  CC      arch/riscv/kernel/vendor_extensions/thead.o
  CC      kernel/workqueue.o
  CC      arch/riscv/kernel/vendor_extensions/thead_hwprobe.o
  CC      mm/mmzone.o
  CC      fs/namei.o
  AR      arch/riscv/kernel/vendor_extensions/built-in.a
  CC      arch/riscv/kernel/vdso.o
  CC      mm/vmstat.o
  OBJCOPY arch/riscv/kernel/vdso/vdso.so
  AS      arch/riscv/kernel/vdso/vdso.o
  AR      arch/riscv/kernel/vdso/built-in.a
  CC      arch/riscv/kernel/traps_misaligned.o
  CC      mm/backing-dev.o
  CC      kernel/pid.o
  CC      arch/riscv/kernel/unaligned_access_speed.o
  CC      mm/mm_init.o
  CC      fs/fcntl.o
  CC      kernel/task_work.o
  AS      arch/riscv/kernel/copy-unaligned.o
  AS      arch/riscv/kernel/vec-copy-unaligned.o
  AS      arch/riscv/kernel/fpu.o
  CC      arch/riscv/kernel/kernel_mode_fpu.o
  CC      arch/riscv/kernel/vector.o
  CC      fs/ioctl.o
  CC      kernel/extable.o
  CC      mm/percpu.o
  CC      arch/riscv/kernel/kernel_mode_vector.o
  CC      fs/readdir.o
  CC      kernel/params.o
  CC      arch/riscv/kernel/perf_regs.o
  CC      mm/slab_common.o
  CC      fs/select.o
  CC      kernel/kthread.o
  CC      arch/riscv/kernel/sbi.o
  CC      mm/compaction.o
  CC      arch/riscv/kernel/sbi_ecall.o
  CC      kernel/sys_ni.o
  CC      kernel/nsproxy.o
  CC      mm/show_mem.o
  CC      fs/dcache.o
  CC      arch/riscv/kernel/efi.o
  CC      mm/interval_tree.o
  CC      arch/riscv/kernel/pi/cmdline_early.o
  CC      kernel/nstree.o
  CC      arch/riscv/kernel/pi/fdt_early.o
  CC      arch/riscv/kernel/pi/string.o
  CC      fs/inode.o
  CC      arch/riscv/kernel/pi/ctype.o
  CC      mm/list_lru.o
  CC      arch/riscv/kernel/pi/lib-fdt.o
  CC      arch/riscv/kernel/pi/lib-fdt_ro.o
  CC      arch/riscv/kernel/pi/archrandom_early.o
  OBJCOPY arch/riscv/kernel/pi/cmdline_early.pi.o
  OBJCOPY arch/riscv/kernel/pi/fdt_early.pi.o
  OBJCOPY arch/riscv/kernel/pi/string.pi.o
  OBJCOPY arch/riscv/kernel/pi/ctype.pi.o
  OBJCOPY arch/riscv/kernel/pi/lib-fdt.pi.o
  OBJCOPY arch/riscv/kernel/pi/lib-fdt_ro.pi.o
  OBJCOPY arch/riscv/kernel/pi/archrandom_early.pi.o
  AR      arch/riscv/kernel/pi/built-in.a
  CC      arch/riscv/kernel/bugs.o
  CC      kernel/nscommon.o
  CC      mm/workingset.o
  LDS     arch/riscv/kernel/vmlinux.lds
  AR      arch/riscv/kernel/built-in.a
  CC      arch/riscv/mm/init.o
  CC      fs/attr.o
  CC      kernel/notifier.o
  CC      mm/debug.o
  CC      kernel/ksysfs.o
  CC      arch/riscv/mm/extable.o
  CC      fs/bad_inode.o
  CC      fs/file.o
  CC      arch/riscv/mm/fault.o
  CC      kernel/cred.o
  CC      mm/gup.o
  CC      arch/riscv/mm/pageattr.o
  CC      kernel/reboot.o
  CC      fs/filesystems.o
  CC      mm/mmap_lock.o
  CC      arch/riscv/mm/pgtable.o
  CC      kernel/async.o
  CC      fs/namespace.o
  CC      mm/vma_init.o
  CC      arch/riscv/mm/tlbflush.o
  CC      kernel/range.o
  CC      kernel/smpboot.o
  CC      mm/highmem.o
  CC      arch/riscv/mm/cacheflush.o
  CC      kernel/ucount.o
  CC      kernel/regset.o
  CC      arch/riscv/mm/context.o
  CC      mm/memory.o
  CC      kernel/ksyms_common.o
  CC      fs/seq_file.o
  CC      arch/riscv/mm/pmem.o
  CC      kernel/sched/core.o
  CC      fs/xattr.o
  AR      arch/riscv/mm/built-in.a
  AR      arch/riscv/errata/built-in.a
  CC      arch/riscv/purgatory/purgatory.o
  CC      arch/riscv/purgatory/sha256.o
  AS      arch/riscv/purgatory/entry.o
  CC      arch/riscv/purgatory/string.o
  CC      arch/riscv/purgatory/ctype.o
  AS      arch/riscv/purgatory/memcpy.o
  AS      arch/riscv/purgatory/memset.o
  AS      arch/riscv/purgatory/strcmp.o
  AS      arch/riscv/purgatory/strlen.o
  CC      mm/mincore.o
  AS      arch/riscv/purgatory/strncmp.o
  AS      arch/riscv/purgatory/strnlen.o
  AS      arch/riscv/purgatory/strchr.o
  AS      arch/riscv/purgatory/strrchr.o
  LD      arch/riscv/purgatory/purgatory.ro
  LD      arch/riscv/purgatory/purgatory.chk
  AS      arch/riscv/purgatory/kexec-purgatory.o
  AR      arch/riscv/purgatory/built-in.a
  AR      arch/riscv/built-in.a
  AR      ipc/built-in.a
  CC      security/commoncap.o
  CC      fs/libfs.o
  CC      kernel/sched/fair.o
  CC      mm/mlock.o
  CC      security/min_addr.o
  CC      fs/fs-writeback.o
  AR      security/built-in.a
  CC      mm/mmap.o
  CC      crypto/api.o
  CC      fs/pnode.o
  CC      kernel/sched/build_policy.o
  CC      fs/splice.o
  CC      crypto/cipher.o
  CC      mm/mmu_gather.o
  CC      crypto/algapi.o
  CC      fs/sync.o
  CC      mm/mprotect.o
  CC      crypto/scatterwalk.o
  CC      fs/utimes.o
  CC      kernel/sched/build_utility.o
  CC      crypto/aead.o
  CC      mm/mremap.o
  CC      fs/d_path.o
  CC      crypto/lskcipher.o
  CC      mm/msync.o
  CC      fs/stack.o
  AR      kernel/sched/built-in.a
  CC      kernel/locking/mutex.o
  CC      crypto/skcipher.o
  CC      fs/fs_struct.o
  CC      mm/page_vma_mapped.o
  CC      kernel/locking/semaphore.o
  CC      fs/statfs.o
  CC      mm/pagewalk.o
  CC      crypto/ahash.o
  CC      kernel/locking/rwsem.o
  CC      fs/fs_pin.o
  CC      mm/pgtable-generic.o
  CC      crypto/shash.o
  CC      fs/nsfs.o
  CC      kernel/locking/percpu-rwsem.o
  CC      mm/rmap.o
  CC      kernel/locking/mutex-debug.o
  CC      crypto/akcipher.o
  CC      fs/fs_dirent.o
  CC      fs/fs_context.o
  CC      kernel/locking/lockdep.o
  CC      mm/vmalloc.o
  CC      crypto/sig.o
  CC      fs/fs_parser.o
  CC      kernel/locking/spinlock.o
  CC      crypto/kpp.o
  CC      fs/fsopen.o
  CC      kernel/locking/spinlock_debug.o
  CC      mm/vma.o
  CC      crypto/rsapubkey.asn1.o
  CC      crypto/rsaprivkey.asn1.o
  CC      crypto/rsa.o
  CC      fs/init.o
  AR      kernel/locking/built-in.a
  CC      kernel/power/qos.o
  CC      crypto/rsa_helper.o
  CC      crypto/rsa-pkcs1pad.o
  CC      fs/kernel_read_file.o
  CC      mm/vma_exec.o
  AR      kernel/power/built-in.a
  CC      kernel/printk/printk.o
  CC      crypto/rsassa-pkcs1.o
  CC      fs/mnt_idmapping.o
  CC      mm/mseal.o
  CC      crypto/algboss.o
  CC      fs/remap_range.o
  CC      kernel/printk/printk_safe.o
  CC      mm/page_alloc.o
  CC      fs/pidfs.o
  CC      crypto/testmgr.o
  CC      kernel/printk/nbcon.o
  CC      crypto/sha3.o
  CC      kernel/printk/printk_ringbuffer.o
  CC      fs/file_attr.o
  CC      crypto/ecb.o
  AR      kernel/printk/built-in.a
  CC      kernel/irq/irqdesc.o
  CC      mm/page_frag_cache.o
  CC      crypto/authenc.o
  CC      fs/fserror.o
  CC      kernel/irq/handle.o
  CC      mm/init-mm.o
  CC      fs/nullfs.o
  CC      mm/memblock.o
  CC      crypto/authencesn.o
  CC      kernel/irq/manage.o
  CC      fs/anon_inodes.o
  CC      kernel/irq/spurious.o
  CC      crypto/essiv.o
  CC      mm/slub.o
  CC      fs/binfmt_script.o
  CC      kernel/irq/resend.o
  CC      crypto/crypto_engine.o
  CC      fs/binfmt_elf.o
  CC      kernel/irq/chip.o
  CC      crypto/mldsa.o
  CC      mm/dmapool.o
  CC      fs/configfs/inode.o
  CC      crypto/xts.o
  CC      kernel/irq/dummychip.o
  CC      mm/gup_test.o
  CC      fs/configfs/file.o
  CC      kernel/irq/devres.o
  CC      crypto/blowfish_generic.o
  CC      mm/page_owner.o
  CC      fs/configfs/dir.o
  CC      kernel/irq/kexec.o
  CC      crypto/blowfish_common.o
  CC      mm/early_ioremap.o
  CC      fs/configfs/symlink.o
  CC      kernel/irq/irqdomain.o
  CC      crypto/aria_generic.o
  CC      fs/configfs/mount.o
  CC      mm/page_ext.o
  AR      crypto/built-in.a
  CC      mm/ioremap.o
  CC      kernel/irq/msi.o
  CC      fs/configfs/item.o
  CC      lib/argv_split.o
  CC      lib/buildid.o
  AR      mm/built-in.a
  AR      fs/configfs/built-in.a
  CC      arch/riscv/lib/csum.o
  CC      fs/devpts/inode.o
  CC      kernel/irq/matrix.o
  CC      arch/riscv/lib/delay.o
  AS      arch/riscv/lib/memcpy.o
  AS      arch/riscv/lib/memmove.o
  AS      arch/riscv/lib/memset.o
  CC      arch/riscv/lib/riscv_v_helpers.o
  CC      lib/clz_tab.o
  CC      lib/cmdline.o
  AR      fs/devpts/built-in.a
  CC      fs/ramfs/inode.o
  CC      lib/ctype.o
  CC      lib/dec_and_lock.o
  AR      kernel/irq/built-in.a
  CC      kernel/rcu/update.o
  CC      lib/decompress.o
  CC      lib/decompress_bunzip2.o
  AS      arch/riscv/lib/strchr.o
  AS      arch/riscv/lib/strcmp.o
  AS      arch/riscv/lib/strlen.o
  AS      arch/riscv/lib/strncmp.o
  AS      arch/riscv/lib/strnlen.o
  AS      arch/riscv/lib/strrchr.o
  AS      arch/riscv/lib/tishift.o
  AS      arch/riscv/lib/uaccess.o
  AS      arch/riscv/lib/uaccess_vector.o
  AR      arch/riscv/lib/lib.a
  CC      fs/ramfs/file-mmu.o
  CC      drivers/irqchip/irqchip.o
  CC      lib/decompress_inflate.o
  CC      kernel/rcu/sync.o
  CC      kernel/rcu/srcutree.o
  CC      lib/decompress_unlz4.o
  AR      fs/ramfs/built-in.a
  CC      drivers/irqchip/irq-msi-lib.o
  CC      fs/debugfs/inode.o
  CC      lib/decompress_unlzma.o
  CC      drivers/irqchip/irq-riscv-intc.o
  CC      kernel/rcu/tree.o
  CC      fs/debugfs/file.o
  CC      lib/decompress_unlzo.o
  CC      drivers/irqchip/irq-riscv-aplic-main.o
  CC      lib/decompress_unxz.o
  AR      fs/debugfs/built-in.a
  AR      fs/built-in.a
  CC      drivers/bus/simple-pm-bus.o
  CC      lib/decompress_unzstd.o
  CC      drivers/irqchip/irq-riscv-aplic-direct.o
  AR      drivers/bus/mhi/built-in.a
  AR      drivers/bus/built-in.a
  CC      drivers/pinctrl/core.o
  CC      lib/dump_stack.o
  CC      kernel/rcu/rcu_segcblist.o
  CC      drivers/irqchip/irq-riscv-aplic-msi.o
  CC      lib/earlycpio.o
  CC      lib/extable.o
  CC      drivers/irqchip/irq-riscv-imsic-state.o
  AR      kernel/rcu/built-in.a
  CC      kernel/dma/mapping.o
  CC      drivers/pinctrl/pinctrl-utils.o
  CC      lib/fdt.o
  CC      lib/fdt_addresses.o
  CC      lib/fdt_empty_tree.o
  CC      lib/fdt_ro.o
  CC      drivers/pinctrl/pinmux.o
  CC      drivers/irqchip/irq-riscv-imsic-early.o
  CC      lib/fdt_rw.o
  CC      lib/fdt_strerror.o
  CC      kernel/dma/direct.o
  CC      lib/fdt_sw.o
  CC      lib/fdt_wip.o
  CC      lib/flex_proportions.o
  CC      drivers/pinctrl/pinconf.o
  CC      drivers/irqchip/irq-riscv-imsic-platform.o
  CC      lib/idr.o
  CC      kernel/dma/coherent.o
  CC      drivers/pinctrl/pinconf-generic.o
  CC      lib/iomem_copy.o
  CC      drivers/irqchip/irq-sifive-plic.o
  CC      kernel/dma/swiotlb.o
  CC      lib/irq_regs.o
  CC      drivers/pinctrl/devicetree.o
  CC      lib/is_single_threaded.o
  CC      drivers/irqchip/irq-madera.o
  CC      lib/klist.o
  CC      drivers/pinctrl/cirrus/pinctrl-madera-core.o
  CC      kernel/dma/remap.o
  CC      lib/kobject.o
  AR      drivers/irqchip/built-in.a
  CC      drivers/gpio/gpiolib.o
  AR      kernel/dma/built-in.a
  CC      lib/kobject_uevent.o
  CC      kernel/entry/common.o
  CC      drivers/pinctrl/cirrus/pinctrl-cs47l15.o
  AR      drivers/pinctrl/cirrus/built-in.a
  AR      drivers/pinctrl/renesas/built-in.a
  AR      drivers/pinctrl/built-in.a
  AR      drivers/leds/built-in.a
  CC      drivers/pci/of.o
  CC      kernel/entry/syscall-common.o
  CC      lib/logic_pio.o
  CC      drivers/gpio/gpiolib-devres.o
  CC      lib/maple_tree.o
  AR      drivers/pci/built-in.a
  CC      lib/memcat_p.o
  CC      kernel/entry/syscall_user_dispatch.o
  CC      drivers/gpio/gpiolib-legacy.o
  CC      lib/nmi_backtrace.o
  AR      kernel/entry/built-in.a
  CC      kernel/stacktrace.o
  CC      drivers/gpio/gpiolib-of.o
  CC      lib/objpool.o
  CC      lib/plist.o
  CC      lib/radix-tree.o
  CC      kernel/time/time.o
  CC      lib/ratelimit.o
  CC      drivers/gpio/gpiolib-cdev.o
  CC      lib/rbtree.o
  CC      lib/seq_buf.o
  CC      kernel/time/timer.o
  CC      kernel/time/hrtimer.o
  CC      lib/siphash.o
  CC      drivers/gpio/gpiolib-swnode.o
  CC      lib/string.o
  CC      lib/sys_info.o
  CC      kernel/time/sleep_timeout.o
  CC      drivers/gpio/gpio-virtuser.o
  CC      kernel/time/timekeeping.o
  CC      lib/timerqueue.o
  CC      kernel/time/ntp.o
  CC      lib/vsprintf.o
  CC      drivers/gpio/gpio-line-mux.o
  CC      kernel/time/clocksource.o
  CC      kernel/time/jiffies.o
  AR      drivers/gpio/built-in.a
  CC      drivers/video/console/dummycon.o
  CC      kernel/time/timer_list.o
  CC      kernel/time/timeconv.o
  AR      drivers/video/console/built-in.a
  AR      drivers/video/backlight/built-in.a
  AR      drivers/video/built-in.a
  CC      drivers/clk/clk-devres.o
  CC      kernel/time/timecounter.o
  CC      kernel/time/alarmtimer.o
  CC      lib/win_minmax.o
  CC      lib/xarray.o
  CC      drivers/clk/clk-bulk.o
  CC      lib/lockref.o
  CC      kernel/time/posix-stubs.o
  CC      lib/bcd.o
  CC      lib/sort.o
  CC      lib/parser.o
  CC      drivers/clk/clkdev.o
  CC      lib/debug_locks.o
  CC      lib/random32.o
  CC      lib/bust_spinlocks.o
  CC      kernel/time/clockevents.o
  CC      lib/kasprintf.o
  CC      drivers/clk/clk.o
  CC      lib/bitmap.o
  CC      lib/scatterlist.o
  CC      kernel/time/tick-common.o
  CC      lib/list_sort.o
  CC      lib/uuid.o
  CC      lib/iov_iter.o
  CC      lib/clz_ctz.o
  CC      lib/bsearch.o
  CC      kernel/time/sched_clock.o
  CC      drivers/clk/clk-divider.o
  CC      kernel/time/vsyscall.o
  CC      lib/find_bit.o
  CC      drivers/clk/clk-fixed-factor.o
  CC      lib/llist.o
  CC      kernel/time/timekeeping_debug.o
  CC      lib/lwq.o
  CC      lib/memweight.o
  CC      lib/kfifo.o
  CC      drivers/clk/clk-fixed-rate.o
  CC      lib/percpu-refcount.o
  AR      kernel/time/built-in.a
  CC      kernel/up.o
  CC      lib/rhashtable.o
  CC      drivers/clk/clk-gate.o
  CC      lib/base64.o
  CC      lib/once.o
  CC      kernel/kallsyms.o
  CC      drivers/clk/clk-multiplier.o
  CC      drivers/clk/clk-mux.o
  CC      lib/refcount.o
  CC      lib/rcuref.o
  CC      lib/usercopy.o
  CC      lib/errseq.o
  CC      lib/bucket_locks.o
  CC      kernel/irq_work.o
  CC      drivers/clk/clk-composite.o
  CC      drivers/clk/clk-fractional-divider.o
  CC      lib/generic-radix-tree.o
  CC      lib/bitmap-str.o
  CC      kernel/context_tracking.o
  CC      drivers/clk/clk-gpio.o
  CC      lib/string_helpers.o
  CC      lib/hexdump.o
  CC      lib/kstrtox.o
  CC      kernel/iomem.o
  CC      drivers/clk/clk-conf.o
  CC      lib/math/div64.o
  CC      lib/crc/crc32-main.o
  CC      lib/math/gcd.o
  AR      kernel/built-in.a
  CC      lib/math/lcm.o
  CC      lib/math/int_log.o
  CC      lib/math/int_pow.o
  CC      lib/math/int_sqrt.o
  AR      drivers/clk/built-in.a
  CC      lib/crypto/memneq.o
  CC      lib/math/reciprocal_div.o
  CC      drivers/soc/renesas/renesas-soc.o
  CC      lib/math/rational.o
  AR      lib/crc/built-in.a
  CC      lib/crypto/utils.o
  CC      lib/crypto/blake2s.o
  AR      lib/math/built-in.a
  AR      drivers/soc/renesas/built-in.a
  CC      lib/vdso/datastore.o
  AR      drivers/soc/built-in.a
  CC      lib/crypto/chacha-block-generic.o
  CC      drivers/virtio/virtio.o
  CC      lib/crypto/sha3.o
  AR      lib/vdso/built-in.a
  CC      lib/iomap_copy.o
  CC      drivers/virtio/virtio_ring.o
  CC      lib/crypto/mldsa.o
  CC      lib/crypto/mpi/generic_mpih-lshift.o
  CC      lib/devres.o
  CC      lib/crypto/mpi/generic_mpih-mul1.o
  CC      lib/hweight.o
  CC      lib/bitrev.o
  CC      lib/xxhash.o
  CC      lib/crypto/mpi/generic_mpih-mul2.o
  CC      drivers/virtio/virtio_anchor.o
  CC      lib/zlib_inflate/inffast.o
  CC      lib/lzo/lzo1x_decompress_safe.o
  CC      lib/zlib_inflate/inflate.o
  CC      lib/zlib_inflate/infutil.o
  CC      lib/crypto/mpi/generic_mpih-mul3.o
  AR      drivers/virtio/built-in.a
  CC      drivers/tty/tty_io.o
  AR      lib/lzo/built-in.a
  CC      drivers/char/mem.o
  CC      lib/zlib_inflate/inftrees.o
  CC      lib/zlib_inflate/inflate_syms.o
  CC      lib/crypto/mpi/generic_mpih-rshift.o
  CC      drivers/char/random.o
  AR      lib/zlib_inflate/built-in.a
  CC      drivers/tty/n_tty.o
  CC      lib/crypto/mpi/generic_mpih-sub1.o
  CC      drivers/tty/tty_ioctl.o
  CC      lib/crypto/mpi/generic_mpih-add1.o
  CC      drivers/tty/tty_ldisc.o
  CC      drivers/char/misc.o
  CC      drivers/tty/tty_buffer.o
  CC      lib/crypto/mpi/mpicoder.o
  CC      drivers/char/virtio_console.o
  CC      drivers/tty/tty_port.o
  CC      drivers/tty/tty_mutex.o
  CC      lib/crypto/mpi/mpi-add.o
  CC      drivers/tty/tty_ldsem.o
  CC      drivers/tty/tty_baudrate.o
  CC      lib/crypto/mpi/mpi-bit.o
  AR      drivers/char/built-in.a
  CC      drivers/tty/tty_jobctrl.o
  CC      drivers/tty/n_null.o
  CC      drivers/base/component.o
  CC      lib/crypto/mpi/mpi-cmp.o
  CC      lib/crypto/mpi/mpi-sub-ui.o
  CC      drivers/tty/pty.o
  CC      drivers/base/core.o
  CC      lib/crypto/mpi/mpi-div.o
  CC      lib/crypto/mpi/mpi-mod.o
  CC      drivers/tty/vt/vt_ioctl.o
  CC      lib/crypto/mpi/mpi-mul.o
  CC      lib/crypto/mpi/mpih-cmp.o
  CC      lib/crypto/mpi/mpih-div.o
  CC      drivers/base/bus.o
  CC      drivers/tty/vt/vc_screen.o
  CC      lib/crypto/mpi/mpih-mul.o
  CC      lib/crypto/mpi/mpi-pow.o
  CC      drivers/base/dd.o
  CC      drivers/tty/vt/selection.o
  CC      lib/crypto/mpi/mpiutil.o
  CC      drivers/tty/vt/keyboard.o
  CC      drivers/tty/vt/vt.o
  AR      lib/crypto/mpi/built-in.a
  AR      lib/crypto/built-in.a
  CC      lib/lz4/lz4_decompress.o
  CC      drivers/base/syscore.o
  CC      drivers/base/driver.o
  CC      drivers/tty/vt/defkeymap.o
  AR      lib/lz4/built-in.a
  CC      lib/zstd/zstd_decompress_module.o
  CC      drivers/tty/vt/consolemap.o
  CC      lib/zstd/decompress/huf_decompress.o
  CC      drivers/base/class.o
  CC      lib/zstd/decompress/zstd_ddict.o
  CC      lib/zstd/decompress/zstd_decompress.o
  CC      drivers/tty/vt/consolemap_deftbl.o
  CC      drivers/tty/vt/ucs.o
  CC      lib/zstd/decompress/zstd_decompress_block.o
  AR      drivers/tty/vt/built-in.a
  CC      drivers/tty/hvc/hvc_console.o
  CC      lib/zstd/zstd_common_module.o
  CC      drivers/base/platform.o
  CC      lib/zstd/common/debug.o
  CC      lib/zstd/common/entropy_common.o
  CC      drivers/base/cpu.o
  CC      lib/zstd/common/error_private.o
  AR      drivers/tty/hvc/built-in.a
  CC      lib/zstd/common/fse_decompress.o
  CC      drivers/tty/serial/serial_core.o
  CC      lib/zstd/common/zstd_common.o
  AR      lib/zstd/built-in.a
  CC      lib/xz/xz_dec_syms.o
  CC      drivers/tty/serial/serial_base_bus.o
  CC      drivers/base/firmware.o
  CC      lib/xz/xz_dec_stream.o
  CC      drivers/tty/serial/serial_ctrl.o
  CC      drivers/base/init.o
  CC      drivers/tty/serial/serial_port.o
  CC      lib/xz/xz_dec_lzma2.o
  CC      lib/xz/xz_dec_bcj.o
  CC      drivers/base/map.o
  AR      lib/xz/built-in.a
  CC      lib/syscall.o
  CC      drivers/base/devres.o
  CC      drivers/tty/serial/earlycon.o
  CC      lib/checksum.o
  CC      drivers/tty/serial/8250/8250_core.o
  CC      drivers/tty/serial/fsl_linflexuart.o
  CC      drivers/base/attribute_container.o
  CC      lib/glob.o
  CC      drivers/base/transport_class.o
  CC      lib/strncpy_from_user.o
  CC      lib/strnlen_user.o
  CC      drivers/tty/serial/8250/8250_platform.o
  CC      drivers/base/topology.o
  CC      drivers/tty/serial/8250/8250_port.o
  CC      lib/stackdepot.o
  CC      drivers/tty/serial/8250/8250_early.o
  CC      drivers/base/container.o
  CC      lib/asn1_decoder.o
  CC      drivers/tty/serial/8250/8250_of.o
  CC      drivers/base/property.o
  CC      drivers/base/cacheinfo.o
  CC      lib/fonts/fonts.o
  AR      drivers/tty/serial/8250/built-in.a
  CC      drivers/tty/serial/serial_mctrl_gpio.o
  CC      lib/fonts/font_8x16.o
  CC      drivers/base/swnode.o
  CC      drivers/base/faux.o
  AR      drivers/tty/serial/built-in.a
  AR      drivers/tty/built-in.a
  CC      drivers/misc/dummy-irq.o
  AR      lib/fonts/built-in.a
  CC      lib/ucs2_string.o
  CC      lib/group_cpus.o
  CC      drivers/base/power/clock_ops.o
  AR      drivers/misc/built-in.a
  CC      lib/devmem_is_allowed.o
  CC      drivers/mfd/madera-core.o
  AR      lib/lib.a
  CC      drivers/mfd/mfd-core.o
  AR      drivers/base/power/built-in.a
  CC      drivers/base/firmware_loader/builtin/main.o
  AR      lib/built-in.a
  CC      drivers/base/regmap/regmap.o
  CC      drivers/mfd/cs47l15-tables.o
  AR      drivers/base/firmware_loader/builtin/built-in.a
  AR      drivers/base/firmware_loader/built-in.a
  CC      drivers/base/soc.o
  CC      drivers/base/pinctrl.o
  CC      drivers/base/platform-msi.o
  AR      drivers/mfd/built-in.a
  AR      drivers/dax/built-in.a
  CC      drivers/base/arch_topology.o
  CC      drivers/input/serio/serio.o
  CC      drivers/base/regmap/regcache.o
  CC      drivers/input/serio/serport.o
  CC      drivers/input/serio/libps2.o
  CC      drivers/base/regmap/regcache-rbtree.o
  CC      drivers/base/regmap/regcache-flat.o
  CC      drivers/base/regmap/regcache-maple.o
  CC      drivers/input/input.o
  AR      drivers/input/serio/built-in.a
  AR      drivers/power/built-in.a
  CC      drivers/base/regmap/regmap-debugfs.o
  CC      drivers/base/regmap/regmap-irq.o
  CC      drivers/firmware/efi/efi.o
  CC      drivers/firmware/efi/vars.o
  CC      drivers/input/input-compat.o
  AR      drivers/base/regmap/built-in.a
  AR      drivers/base/built-in.a
  CC      drivers/input/input-mt.o
  CC      drivers/firmware/efi/reboot.o
  CC      drivers/firmware/efi/memattr.o
  CC      drivers/input/input-poller.o
  CC      drivers/input/ff-core.o
  CC      drivers/firmware/efi/tpm.o
  CC      drivers/firmware/efi/memmap.o
  CC      drivers/input/touchscreen.o
  CC      drivers/input/touch-overlay.o
  CC      drivers/firmware/efi/fdtparams.o
  CC      drivers/firmware/efi/esrt.o
  CC      drivers/input/vivaldi-fmap.o
  CC      drivers/input/keyboard/atkbd.o
  CC      drivers/firmware/efi/runtime-wrappers.o
  CC      drivers/input/mouse/psmouse-base.o
  CC      drivers/firmware/efi/efi-init.o
  AR      drivers/input/keyboard/built-in.a
  CC      drivers/firmware/efi/riscv-runtime.o
  CC      drivers/firmware/efi/earlycon.o
  CC      drivers/input/mouse/synaptics.o
  CC      drivers/firmware/efi/libstub/alignedmem.o
  CC      drivers/firmware/efi/libstub/efi-stub-entry.o
  AR      drivers/firmware/efi/built-in.a
  CC      drivers/firmware/efi/libstub/efi-stub-helper.o
  CC      drivers/firmware/efi/libstub/efi-stub.o
  CC      drivers/input/mouse/focaltech.o
  CC      drivers/firmware/efi/libstub/fdt.o
  CC      drivers/firmware/efi/libstub/file.o
  CC      drivers/input/mouse/alps.o
  CC      drivers/firmware/efi/libstub/gop.o
  CC      drivers/firmware/efi/libstub/intrinsics.o
  CC      drivers/firmware/efi/libstub/kaslr.o
  CC      drivers/firmware/efi/libstub/lib-cmdline.o
  CC      drivers/firmware/efi/libstub/lib-ctype.o
  CC      drivers/firmware/efi/libstub/lib-fdt.o
  CC      drivers/firmware/efi/libstub/lib-fdt_empty_tree.o
  CC      drivers/firmware/efi/libstub/lib-fdt_ro.o
  CC      drivers/firmware/efi/libstub/lib-fdt_rw.o
  CC      drivers/input/mouse/byd.o
  CC      drivers/input/mouse/logips2pp.o
  CC      drivers/firmware/efi/libstub/lib-fdt_sw.o
  CC      drivers/input/mouse/trackpoint.o
  CC      drivers/firmware/efi/libstub/lib-fdt_wip.o
  CC      drivers/firmware/efi/libstub/mem.o
  CC      drivers/input/mouse/cypress_ps2.o
  CC      drivers/firmware/efi/libstub/pci.o
  CC      drivers/firmware/efi/libstub/primary_display.o
  CC      drivers/crypto/virtio/virtio_crypto_skcipher_algs.o
  CC      drivers/firmware/efi/libstub/printk.o
  CC      drivers/firmware/efi/libstub/random.o
  AR      drivers/input/mouse/built-in.a
  AR      drivers/input/built-in.a
  CC      drivers/clocksource/timer-of.o
  CC      drivers/crypto/virtio/virtio_crypto_akcipher_algs.o
  CC      drivers/firmware/efi/libstub/randomalloc.o
  CC      drivers/firmware/efi/libstub/riscv-stub.o
  CC      drivers/clocksource/timer-probe.o
  CC      drivers/crypto/virtio/virtio_crypto_mgr.o
  CC      drivers/firmware/efi/libstub/riscv.o
  CC      drivers/clocksource/timer-riscv.o
  CC      drivers/hid/hid-core.o
  CC      drivers/crypto/virtio/virtio_crypto_core.o
  CC      drivers/firmware/efi/libstub/secureboot.o
  AR      drivers/clocksource/built-in.a
  CC      drivers/of/base.o
  AR      drivers/crypto/virtio/built-in.a
  AR      drivers/crypto/built-in.a
  CC      drivers/extcon/extcon.o
  CC      drivers/firmware/efi/libstub/skip_spaces.o
  CC      drivers/firmware/efi/libstub/string.o
  CC      drivers/hid/hid-input.o
  CC      drivers/firmware/efi/libstub/systable.o
  CC      drivers/of/cpu.o
  CC      drivers/extcon/devres.o
  CC      drivers/firmware/efi/libstub/tpm.o
  CC      drivers/of/device.o
  AR      drivers/extcon/built-in.a
  CC      drivers/ipack/ipack.o
  CC      drivers/hid/hid-quirks.o
  CC      drivers/of/module.o
  CC      drivers/firmware/efi/libstub/vsprintf.o
  STUBCPY drivers/firmware/efi/libstub/alignedmem.stub.o
  STUBCPY drivers/firmware/efi/libstub/efi-stub-entry.stub.o
  STUBCPY drivers/firmware/efi/libstub/efi-stub-helper.stub.o
  STUBCPY drivers/firmware/efi/libstub/efi-stub.stub.o
  STUBCPY drivers/firmware/efi/libstub/fdt.stub.o
  STUBCPY drivers/firmware/efi/libstub/file.stub.o
  STUBCPY drivers/firmware/efi/libstub/gop.stub.o
  STUBCPY drivers/firmware/efi/libstub/intrinsics.stub.o
  STUBCPY drivers/firmware/efi/libstub/kaslr.stub.o
  STUBCPY drivers/firmware/efi/libstub/lib-cmdline.stub.o
  CC      drivers/ipack/devices/ipoctal.o
  STUBCPY drivers/firmware/efi/libstub/lib-ctype.stub.o
  STUBCPY drivers/firmware/efi/libstub/lib-fdt.stub.o
  STUBCPY drivers/firmware/efi/libstub/lib-fdt_empty_tree.stub.o
  STUBCPY drivers/firmware/efi/libstub/lib-fdt_ro.stub.o
  STUBCPY drivers/firmware/efi/libstub/lib-fdt_rw.stub.o
  STUBCPY drivers/firmware/efi/libstub/lib-fdt_sw.stub.o
  STUBCPY drivers/firmware/efi/libstub/lib-fdt_wip.stub.o
  STUBCPY drivers/firmware/efi/libstub/mem.stub.o
  STUBCPY drivers/firmware/efi/libstub/pci.stub.o
  STUBCPY drivers/firmware/efi/libstub/primary_display.stub.o
  STUBCPY drivers/firmware/efi/libstub/printk.stub.o
  STUBCPY drivers/firmware/efi/libstub/random.stub.o
  STUBCPY drivers/firmware/efi/libstub/randomalloc.stub.o
  STUBCPY drivers/firmware/efi/libstub/riscv-stub.stub.o
  STUBCPY drivers/firmware/efi/libstub/riscv.stub.o
  STUBCPY drivers/firmware/efi/libstub/secureboot.stub.o
  STUBCPY drivers/firmware/efi/libstub/skip_spaces.stub.o
  STUBCPY drivers/firmware/efi/libstub/string.stub.o
  STUBCPY drivers/firmware/efi/libstub/systable.stub.o
  STUBCPY drivers/firmware/efi/libstub/tpm.stub.o
  STUBCPY drivers/firmware/efi/libstub/vsprintf.stub.o
  AR      drivers/firmware/efi/libstub/lib.a
  CC      drivers/of/platform.o
  AR      drivers/firmware/built-in.a
  CC      drivers/mcb/mcb-core.o
  CC      drivers/hid/hid-debug.o
  AR      drivers/ipack/devices/built-in.a
  AR      drivers/ipack/built-in.a
  CC      drivers/hwtracing/stm/core.o
  CC      drivers/mcb/mcb-parse.o
  CC      drivers/of/property.o
  AR      drivers/mcb/built-in.a
  CC      drivers/hwtracing/stm/policy.o
  CC      drivers/hid/hid-generic.o
  CC      drivers/of/fdt.o
  CC      drivers/hwtracing/stm/p_basic.o
  CC      drivers/hwtracing/stm/p_sys-t.o
  CC      drivers/hwtracing/stm/heartbeat.o
  AR      drivers/hid/built-in.a
  CC      drivers/mux/core.o
  CC      drivers/gnss/core.o
  AS      drivers/of/empty_root.dtb.o
  CC      drivers/of/fdt_address.o
  AR      drivers/hwtracing/stm/built-in.a
  CC      drivers/of/address.o
  AR      drivers/mux/built-in.a
  CC      drivers/of/irq.o
  CC      drivers/of/of_reserved_mem.o
  AR      drivers/gnss/built-in.a
  AR      drivers/of/built-in.a
  AR      drivers/built-in.a
  AR      built-in.a
  AR      built-in-fixup.a
  COPY    vmlinux.a
  LD      vmlinux.o
  MODPOST vmlinux.symvers
  CC      .vmlinux.export.o
  UPD     include/generated/utsversion.h
  CC      init/version-timestamp.o
  KSYMS   .tmp_vmlinux0.kallsyms.S
  AS      .tmp_vmlinux0.kallsyms.o
  LD      .tmp_vmlinux1
  NM      .tmp_vmlinux1.syms
  KSYMS   .tmp_vmlinux1.kallsyms.S
  AS      .tmp_vmlinux1.kallsyms.o
  LD      .tmp_vmlinux2
  NM      .tmp_vmlinux2.syms
  KSYMS   .tmp_vmlinux2.kallsyms.S
  AS      .tmp_vmlinux2.kallsyms.o
  LD      vmlinux.unstripped
  NM      System.map
  SORTTAB vmlinux.unstripped
  OBJCOPY vmlinux
  GEN     modules.builtin.modinfo
  GEN     modules.builtin
  OBJCOPY arch/riscv/boot/Image
  Kernel: arch/riscv/boot/Image is ready
make[5]: Leaving directory '/mnt/git-volume/kernel-test-mainline/build/rand500config-riscv'
make[4]: Leaving directory '/mnt/git-volume/linux-mainline'
