make[4]: Entering directory '/mnt/git-volume/linux-mainline'
make[5]: Entering directory '/mnt/git-volume/kernel-test-mainline/build/rand500nsconfig-x86_64'
  HOSTCC  scripts/basic/fixdep
  HOSTCC  scripts/kconfig/conf.o
  HOSTCC  scripts/kconfig/confdata.o
  HOSTCC  scripts/kconfig/expr.o
  HOSTCC  scripts/kconfig/lexer.lex.o
  HOSTCC  scripts/kconfig/menu.o
  HOSTCC  scripts/kconfig/parser.tab.o
  HOSTCC  scripts/kconfig/preprocess.o
  HOSTCC  scripts/kconfig/symbol.o
  HOSTCC  scripts/kconfig/util.o
  HOSTLD  scripts/kconfig/conf
#
# configuration written to .config
#
Using .config as base
Merging /mnt/git-volume/linux-mainline/kernel/configs/tiny.config
Value of CONFIG_KERNEL_XZ is redefined by fragment /mnt/git-volume/linux-mainline/kernel/configs/tiny.config:
Previous value: # CONFIG_KERNEL_XZ is not set
New value: CONFIG_KERNEL_XZ=y

Value of CONFIG_CC_OPTIMIZE_FOR_SIZE is redefined by fragment /mnt/git-volume/linux-mainline/kernel/configs/tiny.config:
Previous value: # CONFIG_CC_OPTIMIZE_FOR_SIZE is not set
New value: CONFIG_CC_OPTIMIZE_FOR_SIZE=y

Value of CONFIG_SLUB_TINY is redefined by fragment /mnt/git-volume/linux-mainline/kernel/configs/tiny.config:
Previous value: # CONFIG_SLUB_TINY is not set
New value: CONFIG_SLUB_TINY=y

Merging /mnt/git-volume/linux-mainline/arch/x86/configs/tiny.config
Value of CONFIG_UNWINDER_GUESS is redefined by fragment /mnt/git-volume/linux-mainline/arch/x86/configs/tiny.config:
Previous value: # CONFIG_UNWINDER_GUESS is not set
New value: CONFIG_UNWINDER_GUESS=y

#
# merged configuration written to .config (needs make)
#
#
# configuration written to .config
#
make[5]: Leaving directory '/mnt/git-volume/kernel-test-mainline/build/rand500nsconfig-x86_64'
make[4]: Leaving directory '/mnt/git-volume/linux-mainline'
make[4]: Entering directory '/mnt/git-volume/linux-mainline'
make[5]: Entering directory '/tmp/tmp.3AAqJlCQfV'
  UPD     /tmp/tmp.3AAqJlCQfV/Makefile
  HOSTCC  scripts/basic/fixdep
  HOSTCC  scripts/kconfig/conf.o
  HOSTCC  scripts/kconfig/confdata.o
  HOSTCC  scripts/kconfig/expr.o
  LEX     scripts/kconfig/lexer.lex.c
  YACC    scripts/kconfig/parser.tab.[ch]
  HOSTCC  scripts/kconfig/lexer.lex.o
  HOSTCC  scripts/kconfig/menu.o
  HOSTCC  scripts/kconfig/parser.tab.o
  HOSTCC  scripts/kconfig/preprocess.o
  HOSTCC  scripts/kconfig/symbol.o
  HOSTCC  scripts/kconfig/util.o
  HOSTLD  scripts/kconfig/conf
KCONFIG_SEED=0x29B19A40
#
# configuration written to .config
#
make[5]: Leaving directory '/tmp/tmp.3AAqJlCQfV'
make[4]: Leaving directory '/mnt/git-volume/linux-mainline'
make[4]: Entering directory '/mnt/git-volume/linux-mainline'
make[5]: Entering directory '/tmp/tmp.3AAqJlCQfV'
.config:7970:warning: override: reassigning to symbol PRINTK
.config:7974:warning: override: reassigning to symbol TTY
.config:7977:warning: override: reassigning to symbol BLK_DEV_INITRD
.config:7978:warning: override: reassigning to symbol RD_GZIP
.config:7981:warning: override: reassigning to symbol BINFMT_ELF
.config:7982:warning: override: reassigning to symbol BINFMT_SCRIPT
.config:7985:warning: override: reassigning to symbol TMPFS
.config:7988:warning: override: reassigning to symbol KERNEL_GZIP
.config:7994:warning: override: reassigning to symbol KERNEL_BZIP2
.config:7995:warning: override: reassigning to symbol KERNEL_LZMA
.config:7996:warning: override: reassigning to symbol KERNEL_XZ
.config:7997:warning: override: reassigning to symbol KERNEL_LZO
.config:7998:warning: override: reassigning to symbol KERNEL_LZ4
.config:7999:warning: override: reassigning to symbol KERNEL_ZSTD
.config:8002:warning: override: reassigning to symbol MODULES
.config:8005:warning: override: reassigning to symbol DRM
.config:8006:warning: override: reassigning to symbol SOUND
.config:8007:warning: override: reassigning to symbol STAGING
.config:8009:warning: override: reassigning to symbol MEDIA_SUPPORT
.config:8015:warning: override: reassigning to symbol KCOV
.config:8016:warning: override: reassigning to symbol KASAN
.config:8019:warning: override: reassigning to symbol KFENCE
.config:8020:warning: override: reassigning to symbol UBSAN
.config:8047:warning: override: reassigning to symbol KUNIT
.config:8055:warning: override: reassigning to symbol OF_UNITTEST
#
# configuration written to .config
#
make[5]: Leaving directory '/tmp/tmp.3AAqJlCQfV'
make[4]: Leaving directory '/mnt/git-volume/linux-mainline'
make[4]: Entering directory '/mnt/git-volume/linux-mainline'
make[5]: Entering directory '/mnt/git-volume/kernel-test-mainline/build/rand500nsconfig-x86_64'
.config:1457:warning: override: reassigning to symbol GENERIC_PHY
.config:1460:warning: override: reassigning to symbol ARCH_SUPPORTS_PAGE_TABLE_CHECK
.config:1466:warning: override: reassigning to symbol SPI
.config:1467:warning: override: reassigning to symbol DCACHE_WORD_ACCESS
.config:1468:warning: override: reassigning to symbol NLS
.config:1472:warning: override: reassigning to symbol PVPANIC
.config:1473:warning: override: reassigning to symbol HAVE_MOVE_PUD
.config:1474:warning: override: reassigning to symbol GPIOLIB
.config:1475:warning: override: reassigning to symbol ARCH_HAS_ELFCORE_COMPAT
.config:1479:warning: override: reassigning to symbol GENERIC_IRQ_RESERVATION_MODE
.config:1482:warning: override: reassigning to symbol HAVE_ARCH_TRACEHOOK
.config:1490:warning: override: reassigning to symbol NEED_PER_CPU_PAGE_FIRST_CHUNK
.config:1501:warning: override: reassigning to symbol SPARSEMEM_EXTREME
.config:1505:warning: override: reassigning to symbol ARCH_SPARSEMEM_DEFAULT
.config:1511:warning: override: reassigning to symbol HSI
.config:1513:warning: override: reassigning to symbol ENCLOSURE_SERVICES
.config:1516:warning: override: reassigning to symbol DUMMY_IRQ
.config:1523:warning: override: reassigning to symbol MMU_GATHER_RCU_TABLE_FREE
.config:1532:warning: override: reassigning to symbol STRICT_SIGALTSTACK_SIZE
.config:1540:warning: override: reassigning to symbol HAVE_MOD_ARCH_SPECIFIC
.config:1542:warning: override: reassigning to symbol BUILDTIME_TABLE_SORT
.config:1545:warning: override: reassigning to symbol GPIOLIB_LEGACY
.config:1550:warning: override: reassigning to symbol X86_DISABLED_FEATURE_VME
.config:1552:warning: override: reassigning to symbol NEW_LEDS
.config:1553:warning: override: reassigning to symbol X86_KERNEL_IBT
.config:1573:warning: override: reassigning to symbol HZ_300
.config:1582:warning: override: reassigning to symbol INIT_STACK_ALL_PATTERN
.config:1584:warning: override: reassigning to symbol AS_IS_GNU
.config:1591:warning: override: reassigning to symbol ARCH_SUPPORTS_KEXEC_HANDOVER
.config:1593:warning: override: reassigning to symbol ARCH_HAVE_EXTRA_ELF_NOTES
.config:1598:warning: override: reassigning to symbol X86_REQUIRED_FEATURE_PAE
.config:1599:warning: override: reassigning to symbol HAS_IOPORT
.config:1620:warning: override: reassigning to symbol ARCH_WANT_GENERAL_HUGETLB
.config:1624:warning: override: reassigning to symbol VDSO_GETRANDOM
.config:1631:warning: override: reassigning to symbol ARCH_HAS_GCOV_PROFILE_ALL
.config:1637:warning: override: reassigning to symbol PHY_CAN_TRANSCEIVER
.config:1643:warning: override: reassigning to symbol FIX_EARLYCON_MEM
.config:1654:warning: override: reassigning to symbol LWQ_TEST
.config:1659:warning: override: reassigning to symbol SRAM
.config:1663:warning: override: reassigning to symbol ARCH_SUPPORTS_KMAP_LOCAL_FORCE_MAP
.config:1666:warning: override: reassigning to symbol X86_DISABLED_FEATURE_USER_SHSTK
.config:1669:warning: override: reassigning to symbol BUG
.config:1673:warning: override: reassigning to symbol AIO
.config:1681:warning: override: reassigning to symbol XZ_DEC
.config:1682:warning: override: reassigning to symbol HAVE_NMI
.config:1688:warning: override: reassigning to symbol ARCH_HAS_SET_DIRECT_MAP
.config:1691:warning: override: reassigning to symbol HAS_IOPORT_MAP
.config:1693:warning: override: reassigning to symbol LIST_HARDENED
.config:1697:warning: override: reassigning to symbol ARCH_SUPPORTS_KEXEC_JUMP
.config:1705:warning: override: reassigning to symbol EXCLUSIVE_SYSTEM_RAM
.config:1712:warning: override: reassigning to symbol MHI_BUS_EP
.config:1716:warning: override: reassigning to symbol GENERIC_CMOS_UPDATE
.config:1720:warning: override: reassigning to symbol NEED_PER_CPU_KM
.config:1727:warning: override: reassigning to symbol DEBUG_IRQFLAGS
.config:1732:warning: override: reassigning to symbol HAVE_DYNAMIC_FTRACE_WITH_ARGS
.config:1736:warning: override: reassigning to symbol C2PORT
.config:1743:warning: override: reassigning to symbol CC_HAS_ZERO_CALL_USED_REGS
.config:1745:warning: override: reassigning to symbol ARCH_WANT_IRQS_OFF_ACTIVATE_MM
.config:1746:warning: override: reassigning to symbol X86_DISABLED_FEATURE_CENTAUR_MCR
.config:1747:warning: override: reassigning to symbol SSB_POSSIBLE
.config:1756:warning: override: reassigning to symbol IIO
.config:1759:warning: override: reassigning to symbol ARCH_HAS_SYNC_CORE_BEFORE_USERMODE
.config:1769:warning: override: reassigning to symbol LD_IS_BFD
.config:1789:warning: override: reassigning to symbol RANDSTRUCT_NONE
.config:1792:warning: override: reassigning to symbol CRYPTO_LIB_SHA256_ARCH
.config:1798:warning: override: reassigning to symbol ARCH_WANTS_NO_INSTR
.config:1804:warning: override: reassigning to symbol MODIFY_LDT_SYSCALL
.config:1810:warning: override: reassigning to symbol HAVE_PERF_REGS
.config:1814:warning: override: reassigning to symbol VMAP_STACK
.config:1817:warning: override: reassigning to symbol HAVE_OBJTOOL_MCOUNT
.config:1822:warning: override: reassigning to symbol DEBUG_VM_PGTABLE
.config:1824:warning: override: reassigning to symbol GENERIC_CLOCKEVENTS_BROADCAST
.config:1831:warning: override: reassigning to symbol FW_LOADER
.config:1832:warning: override: reassigning to symbol X86_DISABLED_FEATURE_CALL_DEPTH
.config:1838:warning: override: reassigning to symbol POWER_SUPPLY
.config:1840:warning: override: reassigning to symbol HAVE_FUNCTION_ARG_ACCESS_API
.config:1841:warning: override: reassigning to symbol X86_REQUIRED_FEATURE_CX8
.config:1846:warning: override: reassigning to symbol GENERIC_GETTIMEOFDAY
.config:1853:warning: override: reassigning to symbol MTRR
.config:1855:warning: override: reassigning to symbol FORCE_NR_CPUS
.config:1856:warning: override: reassigning to symbol GENERIC_IOMAP
.config:1859:warning: override: reassigning to symbol ARCH_SUPPORTS_SYSCALL_USER_DISPATCH
.config:1879:warning: override: reassigning to symbol DMI
.config:1881:warning: override: reassigning to symbol HAVE_SAMPLE_FTRACE_DIRECT
.config:1892:warning: override: reassigning to symbol RTC_MC146818_LIB
.config:1894:warning: override: reassigning to symbol X86_DIRECT_GBPAGES
.config:1896:warning: override: reassigning to symbol HAVE_KERNEL_LZO
.config:1900:warning: override: reassigning to symbol HPET_TIMER
.config:1901:warning: override: reassigning to symbol CC_HAS_RETURN_THUNK
.config:1910:warning: override: reassigning to symbol TIMERFD
.config:1913:warning: override: reassigning to symbol X86_DISABLED_FEATURE_ENQCMD
.config:1919:warning: override: reassigning to symbol COUNTER
.config:1921:warning: override: reassigning to symbol X86_INTEL_MEMORY_PROTECTION_KEYS
.config:1929:warning: override: reassigning to symbol GENERIC_CLOCKEVENTS
.config:1935:warning: override: reassigning to symbol GENERIC_CPU_DEVICES
.config:1950:warning: override: reassigning to symbol PRINTK
.config:1954:warning: override: reassigning to symbol TTY
.config:1957:warning: override: reassigning to symbol BLK_DEV_INITRD
.config:1961:warning: override: reassigning to symbol BINFMT_ELF
.config:1962:warning: override: reassigning to symbol BINFMT_SCRIPT
.config:1968:warning: override: reassigning to symbol KERNEL_GZIP
.config:1987:warning: override: reassigning to symbol CGROUPS
.config:1991:warning: override: reassigning to symbol PROC_FS
.config:1992:warning: override: reassigning to symbol NET
.config:1994:warning: override: reassigning to symbol TMPFS
.config:1995:warning: override: reassigning to symbol SYSVIPC
.config:1996:warning: override: reassigning to symbol FUTEX
#
# configuration written to .config
#
make[5]: Leaving directory '/mnt/git-volume/kernel-test-mainline/build/rand500nsconfig-x86_64'
make[4]: Leaving directory '/mnt/git-volume/linux-mainline'
make[4]: Entering directory '/mnt/git-volume/linux-mainline'
make[5]: Entering directory '/mnt/git-volume/kernel-test-mainline/build/rand500nsconfig-x86_64'
  SYNC    include/config/auto.conf.cmd
  UPD     arch/x86/include/generated/asm/cpufeaturemasks.h
  UPD     include/generated/uapi/linux/version.h
  SYSHDR  arch/x86/include/generated/uapi/asm/unistd_32.h
  SYSHDR  arch/x86/include/generated/uapi/asm/unistd_64.h
  SYSHDR  arch/x86/include/generated/uapi/asm/unistd_x32.h
  HOSTCC  arch/x86/tools/relocs_32.o
  SYSTBL  arch/x86/include/generated/asm/syscalls_32.h
  HOSTCC  arch/x86/tools/relocs_64.o
  HOSTCC  arch/x86/tools/vdso2c
  SYSHDR  arch/x86/include/generated/asm/unistd_32_ia32.h
  SYSHDR  arch/x86/include/generated/asm/unistd_64_x32.h
  SYSTBL  arch/x86/include/generated/asm/syscalls_64.h
  UPD     arch/x86/include/generated/asm/kexec_handover.h
  DESCEND objtool
  HOSTLD  arch/x86/tools/relocs
  CC      /mnt/git-volume/kernel-test-mainline/build/rand500nsconfig-x86_64/tools/objtool/libsubcmd/exec-cmd.o
  CC      /mnt/git-volume/kernel-test-mainline/build/rand500nsconfig-x86_64/tools/objtool/libsubcmd/help.o
  CC      /mnt/git-volume/kernel-test-mainline/build/rand500nsconfig-x86_64/tools/objtool/libsubcmd/parse-options.o
  CC      /mnt/git-volume/kernel-test-mainline/build/rand500nsconfig-x86_64/tools/objtool/libsubcmd/run-command.o
  UPD     include/config/kernel.release
  CC      /mnt/git-volume/kernel-test-mainline/build/rand500nsconfig-x86_64/tools/objtool/libsubcmd/sigchain.o
  UPD     include/generated/utsrelease.h
  CC      scripts/mod/empty.o
  CC      scripts/mod/devicetable-offsets.s
  MKELF   scripts/mod/elfconfig.h
  HOSTCC  scripts/mod/modpost.o
  HOSTCC  scripts/mod/sumversion.o
  HOSTCC  scripts/mod/symsearch.o
  HOSTCC  scripts/mod/file2alias.o
  HOSTLD  scripts/mod/modpost
  LD      /mnt/git-volume/kernel-test-mainline/build/rand500nsconfig-x86_64/tools/objtool/libsubcmd/libsubcmd-in.o
  AR      /mnt/git-volume/kernel-test-mainline/build/rand500nsconfig-x86_64/tools/objtool/libsubcmd/libsubcmd.a
  CC      kernel/bounds.s
  UPD     include/generated/timeconst.h
  CC      /mnt/git-volume/kernel-test-mainline/build/rand500nsconfig-x86_64/tools/objtool/weak.o
  CC      /mnt/git-volume/kernel-test-mainline/build/rand500nsconfig-x86_64/tools/objtool/check.o
  CC      /mnt/git-volume/kernel-test-mainline/build/rand500nsconfig-x86_64/tools/objtool/arch/x86/decode.o
  UPD     include/generated/bounds.h
  CC      arch/x86/kernel/asm-offsets.s
  CC      /mnt/git-volume/kernel-test-mainline/build/rand500nsconfig-x86_64/tools/objtool/special.o
  CC      /mnt/git-volume/kernel-test-mainline/build/rand500nsconfig-x86_64/tools/objtool/builtin-check.o
  CC      /mnt/git-volume/kernel-test-mainline/build/rand500nsconfig-x86_64/tools/objtool/elf.o
  GEN     /mnt/git-volume/kernel-test-mainline/build/rand500nsconfig-x86_64/tools/objtool/arch/x86/lib/cpu-feature-names.c
  CC      /mnt/git-volume/kernel-test-mainline/build/rand500nsconfig-x86_64/tools/objtool/arch/x86/orc.o
  CC      /mnt/git-volume/kernel-test-mainline/build/rand500nsconfig-x86_64/tools/objtool/arch/x86/special.o
  UPD     include/generated/asm-offsets.h
  CC      kernel/sched/rq-offsets.s
  LD      /mnt/git-volume/kernel-test-mainline/build/rand500nsconfig-x86_64/tools/objtool/arch/x86/objtool-in.o
  CC      /mnt/git-volume/kernel-test-mainline/build/rand500nsconfig-x86_64/tools/objtool/klp-symid.o
  CC      /mnt/git-volume/kernel-test-mainline/build/rand500nsconfig-x86_64/tools/objtool/objtool.o
  CC      /mnt/git-volume/kernel-test-mainline/build/rand500nsconfig-x86_64/tools/objtool/orc_gen.o
  CC      /mnt/git-volume/kernel-test-mainline/build/rand500nsconfig-x86_64/tools/objtool/orc_dump.o
  CC      /mnt/git-volume/kernel-test-mainline/build/rand500nsconfig-x86_64/tools/objtool/libstring.o
  CC      /mnt/git-volume/kernel-test-mainline/build/rand500nsconfig-x86_64/tools/objtool/libctype.o
  CC      /mnt/git-volume/kernel-test-mainline/build/rand500nsconfig-x86_64/tools/objtool/str_error_r.o
  CC      /mnt/git-volume/kernel-test-mainline/build/rand500nsconfig-x86_64/tools/objtool/librbtree.o
  CC      /mnt/git-volume/kernel-test-mainline/build/rand500nsconfig-x86_64/tools/objtool/signal.o
  UPD     include/generated/rq-offsets.h
  CALL    /mnt/git-volume/linux-mainline/scripts/checksyscalls.sh 
  LD      /mnt/git-volume/kernel-test-mainline/build/rand500nsconfig-x86_64/tools/objtool/objtool-in.o
  LINK    /mnt/git-volume/kernel-test-mainline/build/rand500nsconfig-x86_64/tools/objtool/objtool
  GEN     usr/initramfs_data.cpio
  AS      arch/x86/boot/startup/la57toggle.o
  COPY    usr/initramfs_inc_data
  AS      usr/initramfs_data.o
  CC      arch/x86/boot/startup/gdt_idt.o
  CC      init/main.o
  AR      usr/built-in.a
  AS      arch/x86/entry/entry.o
  AS      arch/x86/entry/entry_64.o
  CC      arch/x86/entry/syscall_64.o
  CC      kernel/fork.o
  CC      arch/x86/boot/startup/map_kernel.o
  AR      arch/x86/boot/startup/lib.a
  OBJCOPY arch/x86/boot/startup/gdt_idt.pi.o
  OBJCOPY arch/x86/boot/startup/map_kernel.pi.o
  AR      arch/x86/boot/startup/built-in.a
  CC      kernel/exec_domain.o
  UPD     init/utsversion-tmp.h
  CC      init/do_mounts.o
  CC      arch/x86/entry/common.o
  CC      kernel/exec_state.o
  CC      kernel/panic.o
  CC      arch/x86/entry/vdso/vma.o
  CC      kernel/cpu.o
  CC      init/do_mounts_initrd.o
  CC      kernel/exit.o
  CC      arch/x86/entry/vdso/extable.o
  CC      kernel/softirq.o
  CC      init/initramfs.o
  LDS     arch/x86/entry/vdso/vdso64/vdso64.lds
  AS      arch/x86/entry/vdso/vdso64/note.o
  CC      arch/x86/entry/vdso/vdso64/vclock_gettime.o
  CC      kernel/resource.o
  CC      kernel/sysctl.o
  CC      init/calibrate.o
  CC      arch/x86/entry/vdso/vdso64/vgetcpu.o
  CC      kernel/capability.o
  CC      arch/x86/entry/vdso/vdso64/vgetrandom.o
  CC      kernel/ptrace.o
  AS      arch/x86/entry/vdso/vdso64/vgetrandom-chacha.o
  VDSO    arch/x86/entry/vdso/vdso64/vdso64.so.dbg
  OBJCOPY arch/x86/entry/vdso/vdso64/vdso64.so
  VDSO2C  arch/x86/entry/vdso/vdso64/vdso64-image.c
  CC      arch/x86/entry/vdso/vdso64/vdso64-image.o
  CC      init/init_task.o
  AR      arch/x86/entry/vdso/vdso64/built-in.a
  AR      arch/x86/entry/vdso/built-in.a
  AS      arch/x86/entry/thunk.o
  AR      arch/x86/entry/built-in.a
  CC      arch/x86/events/core.o
  CC      kernel/user.o
  CC      init/version.o
  CC      kernel/signal.o
  CC      kernel/sys.o
  AR      init/built-in.a
  CC      arch/x86/events/probe.o
  CC      mm/filemap.o
  CC      arch/x86/events/utils.o
  CC      mm/mempool.o
  CC      kernel/umh.o
  CC      kernel/workqueue.o
  CC      arch/x86/events/amd/core.o
  CC      kernel/pid.o
  CC      mm/oom_kill.o
  CC      arch/x86/events/amd/lbr.o
  CC      mm/fadvise.o
  CC      kernel/task_work.o
  CC      arch/x86/events/amd/ibs.o
  CC      arch/x86/realmode/init.o
  CC      mm/maccess.o
  CC      kernel/extable.o
  AS      arch/x86/realmode/rm/header.o
  AS      arch/x86/realmode/rm/trampoline_64.o
  AS      arch/x86/realmode/rm/stack.o
  AS      arch/x86/realmode/rm/reboot.o
  PASYMS  arch/x86/realmode/rm/pasyms.h
  LDS     arch/x86/realmode/rm/realmode.lds
  LD      arch/x86/realmode/rm/realmode.elf
  RELOCS  arch/x86/realmode/rm/realmode.relocs
  OBJCOPY arch/x86/realmode/rm/realmode.bin
  AS      arch/x86/realmode/rmpiggy.o
  AR      arch/x86/realmode/built-in.a
  CC      mm/page-writeback.o
  CC      mm/folio-compat.o
  AR      arch/x86/events/amd/built-in.a
  CC      arch/x86/events/msr.o
  CC      kernel/params.o
  CC      mm/readahead.o
  CC      arch/x86/events/intel/core.o
  CC      mm/truncate.o
  CC      kernel/kthread.o
  CC      mm/vmscan.o
  CC      kernel/sys_ni.o
  CC      mm/shrinker.o
  CC      kernel/nsproxy.o
  CC      mm/shmem.o
  CC      mm/util.o
  CC      kernel/nstree.o
  CC      arch/x86/events/intel/bts.o
  AS      arch/x86/kernel/head_64.o
  CC      kernel/nscommon.o
  CC      mm/mmzone.o
  CC      arch/x86/kernel/head64.o
  CC      arch/x86/events/intel/ds.o
  CC      mm/vmstat.o
  CC      kernel/notifier.o
  CC      arch/x86/kernel/ebda.o
  CC      arch/x86/kernel/platform-quirks.o
  CC      kernel/ksysfs.o
  CC      mm/backing-dev.o
  CC      arch/x86/kernel/process_64.o
  CC      kernel/cred.o
  CC      arch/x86/events/intel/knc.o
  CC      mm/mm_init.o
  CC      arch/x86/kernel/signal.o
  CC      kernel/reboot.o
  CC      arch/x86/events/intel/lbr.o
  CC      mm/percpu.o
  CC      arch/x86/kernel/signal_64.o
  CC      kernel/async.o
  CC      arch/x86/events/intel/p4.o
  CC      kernel/range.o
  CC      kernel/smpboot.o
  CC      arch/x86/kernel/traps.o
  CC      mm/slab_common.o
  CC      kernel/ucount.o
  CC      arch/x86/events/intel/p6.o
  CC      mm/compaction.o
  CC      kernel/regset.o
  CC      arch/x86/kernel/idt.o
  CC      arch/x86/events/intel/pt.o
  CC      kernel/ksyms_common.o
  CC      mm/show_mem.o
  CC      arch/x86/kernel/irq.o
  CC      kernel/sched/core.o
  CC      mm/interval_tree.o
  AR      arch/x86/events/intel/built-in.a
  CC      arch/x86/events/zhaoxin/core.o
  CC      arch/x86/kernel/irq_64.o
  AR      arch/x86/events/zhaoxin/built-in.a
  AR      arch/x86/events/built-in.a
  CC      mm/list_lru.o
  CC      arch/x86/mm/init.o
  CC      arch/x86/kernel/dumpstack_64.o
  CC      mm/workingset.o
  CC      arch/x86/mm/init_64.o
  CC      arch/x86/kernel/time.o
  CC      kernel/sched/fair.o
  CC      arch/x86/kernel/ioport.o
  CC      mm/debug.o
  CC      arch/x86/mm/fault.o
  CC      arch/x86/kernel/dumpstack.o
  CC      mm/gup.o
  CC      arch/x86/kernel/nmi.o
  CC      arch/x86/mm/ioremap.o
  CC      kernel/sched/build_policy.o
  AS      arch/x86/kernel/ibt_selftest.o
  CC      mm/mmap_lock.o
  CC      arch/x86/kernel/setup.o
  CC      arch/x86/mm/extable.o
  CC      mm/vma_init.o
  CC      arch/x86/mm/mmap.o
  CC      arch/x86/kernel/x86_init.o
  CC      arch/x86/mm/pgtable.o
  CC      mm/highmem.o
  CC      kernel/sched/build_utility.o
  CC      arch/x86/kernel/i8259.o
  CC      mm/memory.o
  CC      arch/x86/mm/physaddr.o
  CC      arch/x86/kernel/irqinit.o
  CC      arch/x86/mm/tlb.o
  CC      arch/x86/kernel/irq_work.o
  AR      kernel/sched/built-in.a
  CC      kernel/locking/mutex.o
  CC      arch/x86/mm/cpu_entry_area.o
  CC      arch/x86/kernel/probe_roms.o
  CC      kernel/locking/semaphore.o
  CC      arch/x86/mm/maccess.o
  CC      mm/mincore.o
  CC      arch/x86/mm/pgprot.o
  CC      kernel/locking/rwsem.o
  CC      arch/x86/kernel/sys_x86_64.o
  CC      arch/x86/mm/pat/set_memory.o
  CC      mm/mlock.o
  CC      kernel/locking/percpu-rwsem.o
  CC      arch/x86/kernel/bootflag.o
  CC      kernel/locking/irqflag-debug.o
  CC      kernel/locking/rtmutex_api.o
  CC      arch/x86/kernel/e820.o
  CC      arch/x86/mm/pat/memtype.o
  CC      mm/mmap.o
  AR      kernel/locking/built-in.a
  CC      kernel/power/qos.o
  CC      arch/x86/kernel/pci-dma.o
  CC      arch/x86/mm/pat/memtype_interval.o
  CC      mm/mmu_gather.o
  AR      arch/x86/mm/pat/built-in.a
  CC      arch/x86/mm/pkeys.o
  AR      kernel/power/built-in.a
  CC      kernel/printk/printk.o
  CC      arch/x86/kernel/quirks.o
  AR      arch/x86/mm/built-in.a
  CC      mm/mprotect.o
  CC      kernel/printk/printk_safe.o
  CC      arch/x86/kernel/kdebugfs.o
  CC      kernel/printk/nbcon.o
  CC      arch/x86/kernel/alternative.o
  CC      kernel/printk/printk_ringbuffer.o
  CC      mm/mremap.o
  CC      kernel/printk/sysctl.o
  CC      mm/msync.o
  CC      arch/x86/kernel/i8253.o
  AR      kernel/printk/built-in.a
  CC      kernel/irq/irqdesc.o
  CC      arch/x86/kernel/hw_breakpoint.o
  CC      kernel/irq/handle.o
  CC      mm/page_vma_mapped.o
  CC      kernel/irq/manage.o
  CC      kernel/irq/spurious.o
  CC      arch/x86/kernel/tsc.o
  CC      mm/pagewalk.o
  CC      mm/pgtable-generic.o
  CC      kernel/irq/resend.o
  CC      arch/x86/kernel/tsc_msr.o
  CC      kernel/irq/chip.o
  CC      kernel/irq/dummychip.o
  CC      mm/rmap.o
  CC      arch/x86/kernel/io_delay.o
  CC      kernel/irq/devres.o
  CC      arch/x86/kernel/rtc.o
  CC      kernel/rcu/update.o
  CC      kernel/irq/kexec.o
  CC      mm/vmalloc.o
  CC      arch/x86/kernel/resource.o
  CC      kernel/rcu/sync.o
  AS      arch/x86/kernel/irqflags.o
  CC      arch/x86/kernel/static_call.o
  CC      kernel/irq/autoprobe.o
  CC      kernel/rcu/srcutiny.o
  CC      arch/x86/kernel/process.o
  CC      kernel/irq/irqdomain.o
  CC      kernel/rcu/tiny.o
  CC      mm/vma.o
  AR      kernel/rcu/built-in.a
  CC      kernel/irq/proc.o
  CC      arch/x86/kernel/fpu/init.o
  CC      kernel/dma/mapping.o
  CC      arch/x86/kernel/fpu/bugs.o
  CC      arch/x86/kernel/fpu/core.o
  CC      kernel/irq/matrix.o
  CC      kernel/dma/direct.o
  AR      kernel/irq/built-in.a
  CC      kernel/entry/common.o
  CC      mm/vma_exec.o
  CC      arch/x86/kernel/fpu/regset.o
  CC      kernel/dma/swiotlb.o
  CC      kernel/entry/syscall-common.o
  CC      mm/mseal.o
  CC      arch/x86/kernel/fpu/signal.o
  CC      kernel/dma/remap.o
  AR      kernel/entry/built-in.a
  CC      arch/x86/kernel/fpu/xstate.o
  CC      kernel/unwind/user.o
  CC      mm/page_alloc.o
  AR      kernel/dma/built-in.a
  CC      kernel/unwind/deferred.o
  CC      mm/page_frag_cache.o
  AR      kernel/unwind/built-in.a
  CC      kernel/time/time.o
  AR      arch/x86/kernel/fpu/built-in.a
  CC      arch/x86/kernel/ptrace.o
  CC      kernel/time/timer.o
  CC      mm/init-mm.o
  CC      kernel/time/hrtimer.o
  CC      arch/x86/kernel/step.o
  CC      kernel/time/sleep_timeout.o
  CC      mm/memblock.o
  CC      arch/x86/kernel/stacktrace.o
  CC      kernel/time/timekeeping.o
  CC      kernel/time/ntp.o
  CC      arch/x86/kernel/cpu/cacheinfo.o
  CC      mm/slub.o
  CC      mm/dmapool.o
  CC      kernel/time/clocksource.o
  CC      arch/x86/kernel/cpu/scattered.o
  CC      mm/sparse.o
  CC      kernel/time/jiffies.o
  CC      arch/x86/kernel/cpu/topology_common.o
  CC      kernel/time/timer_list.o
  CC      arch/x86/kernel/cpu/topology_ext.o
  CC      mm/sparse-vmemmap.o
  CC      mm/page_counter.o
  CC      mm/debug_vm_pgtable.o
  CC      kernel/time/timeconv.o
  CC      arch/x86/kernel/cpu/topology_amd.o
  CC      kernel/time/timecounter.o
  CC      kernel/time/alarmtimer.o
  CC      arch/x86/kernel/cpu/cpuid_parser.o
  CC      mm/early_ioremap.o
  CC      arch/x86/kernel/cpu/common.o
  CC      mm/folio.o
  CC      kernel/time/posix-stubs.o
  CC      kernel/time/clockevents.o
  CC      kernel/time/tick-common.o
  AR      mm/built-in.a
  CC      kernel/time/tick-broadcast.o
  CC      arch/x86/kernel/cpu/rdrand.o
  CC      fs/open.o
  CC      arch/x86/kernel/cpu/match.o
  CC      fs/read_write.o
  CC      arch/x86/kernel/cpu/bugs.o
  CC      kernel/time/vsyscall.o
  AR      kernel/time/built-in.a
  CC      kernel/futex/core.o
  CC      fs/file_table.o
  CC      fs/super.o
  CC      kernel/futex/syscalls.o
  CC      arch/x86/kernel/cpu/aperfmperf.o
  CC      fs/char_dev.o
  CC      arch/x86/kernel/cpu/cpuid-deps.o
  CC      arch/x86/kernel/cpu/cpuid_0x2_table.o
  CC      fs/stat.o
  CC      fs/exec.o
  CC      kernel/futex/pi.o
  CC      arch/x86/kernel/cpu/umwait.o
  MKCAP   arch/x86/kernel/cpu/capflags.c
  CC      arch/x86/kernel/cpu/powerflags.o
  CC      kernel/futex/requeue.o
  CC      arch/x86/kernel/cpu/topology.o
  CC      fs/pipe.o
  CC      arch/x86/kernel/cpu/proc.o
  CC      kernel/futex/waitwake.o
  CC      arch/x86/kernel/cpu/feat_ctl.o
  AR      kernel/futex/built-in.a
  CC      kernel/up.o
  CC      fs/namei.o
  CC      kernel/cgroup/cgroup.o
  CC      arch/x86/kernel/cpu/intel.o
  CC      arch/x86/kernel/cpu/tsx.o
  CC      arch/x86/kernel/cpu/amd.o
  CC      kernel/cgroup/rstat.o
  CC      arch/x86/kernel/cpu/hygon.o
  CC      kernel/cgroup/namespace.o
  CC      fs/fcntl.o
  CC      arch/x86/kernel/cpu/centaur.o
  CC      kernel/cgroup/cgroup-v1.o
  CC      kernel/cgroup/freezer.o
  CC      arch/x86/kernel/cpu/zhaoxin.o
  CC      fs/ioctl.o
  CC      arch/x86/kernel/cpu/mtrr/mtrr.o
  CC      kernel/cgroup/dmem.o
  CC      kernel/utsname_sysctl.o
  CC      fs/readdir.o
  CC      kernel/irq_work.o
  CC      arch/x86/kernel/cpu/mtrr/if.o
  AR      kernel/cgroup/built-in.a
  CC      kernel/bpf/core.o
  CC      kernel/static_call.o
  CC      fs/select.o
  CC      arch/x86/kernel/cpu/mtrr/generic.o
  CC      kernel/static_call_inline.o
  CC      kernel/events/core.o
  CC      arch/x86/kernel/cpu/mtrr/cleanup.o
  CC      fs/dcache.o
  AR      kernel/bpf/built-in.a
  CC      kernel/events/ring_buffer.o
  AR      arch/x86/kernel/cpu/mtrr/built-in.a
  CC      arch/x86/kernel/cpu/microcode/core.o
  CC      kernel/events/callchain.o
  CC      arch/x86/kernel/cpu/microcode/intel.o
  CC      fs/inode.o
  CC      kernel/events/hw_breakpoint.o
  CC      arch/x86/kernel/cpu/microcode/amd.o
  CC      fs/attr.o
  CC      fs/bad_inode.o
  AR      kernel/events/built-in.a
  CC      kernel/iomem.o
  AR      arch/x86/kernel/cpu/microcode/built-in.a
  CC      arch/x86/kernel/cpu/perfctr-watchdog.o
  CC      fs/file.o
  CC      fs/filesystems.o
  AR      kernel/built-in.a
  CC      ipc/util.o
  CC      arch/x86/kernel/cpu/capflags.o
  AR      arch/x86/kernel/cpu/built-in.a
  CC      arch/x86/kernel/reboot.o
  CC      ipc/msgutil.o
  CC      ipc/msg.o
  CC      fs/namespace.o
  CC      arch/x86/kernel/tsc_sync.o
  CC      arch/x86/kernel/mpparse.o
  CC      ipc/sem.o
  CC      arch/x86/kernel/apic/apic.o
  CC      arch/x86/kernel/trace_clock.o
  CC      arch/x86/kernel/hpet.o
  CC      ipc/shm.o
  CC      fs/seq_file.o
  CC      arch/x86/kernel/apic/apic_common.o
  CC      arch/x86/kernel/apic/apic_noop.o
  CC      arch/x86/kernel/perf_regs.o
  CC      arch/x86/kernel/apic/ipi.o
  CC      ipc/syscall.o
  CC      fs/xattr.o
  CC      arch/x86/kernel/apic/vector.o
  CC      arch/x86/kernel/unwind_guess.o
  CC      ipc/ipc_sysctl.o
  AR      ipc/built-in.a
  CC      security/commoncap.o
  CC      arch/x86/kernel/cet.o
  CC      fs/libfs.o
  CC      arch/x86/kernel/apic/init.o
  CC      arch/x86/kernel/vsmp_64.o
  CC      arch/x86/kernel/apic/hw_nmi.o
  CC      security/min_addr.o
  CC      fs/fs-writeback.o
  CC      arch/x86/kernel/ldt.o
  CC      arch/x86/kernel/apic/io_apic.o
  CC      security/device_cgroup.o
  CC      arch/x86/kernel/espfix_64.o
  CC      fs/pnode.o
  AR      security/built-in.a
  CC      arch/x86/kernel/apic/apic_flat_64.o
  CC      fs/splice.o
  CC      lib/argv_split.o
  LDS     arch/x86/kernel/vmlinux.lds
  CC      lib/bug.o
  CC      arch/x86/kernel/apic/probe_64.o
  CC      lib/buildid.o
  AR      arch/x86/kernel/apic/built-in.a
  AR      arch/x86/kernel/built-in.a
  CC      lib/cmdline.o
  CC      arch/x86/virt/svm/cmdline.o
  CC      lib/ctype.o
  AR      arch/x86/virt/svm/built-in.a
  AR      arch/x86/virt/built-in.a
  CC      lib/dec_and_lock.o
  AR      arch/x86/built-in.a
  AS      arch/x86/lib/bhi.o
  CC      lib/decompress.o
  AS      arch/x86/lib/clear_page_64.o
  CC      fs/sync.o
  CC      arch/x86/lib/cmdline.o
  CC      lib/decompress_bunzip2.o
  CC      lib/decompress_inflate.o
  AS      arch/x86/lib/cmpxchg16b_emu.o
  CC      arch/x86/lib/copy_mc.o
  AS      arch/x86/lib/copy_mc_64.o
  AS      arch/x86/lib/copy_page_64.o
  AS      arch/x86/lib/copy_user_64.o
  AS      arch/x86/lib/copy_user_uncached_64.o
  CC      lib/decompress_unlz4.o
  CC      arch/x86/lib/cpu.o
  CC      fs/utimes.o
  AS      arch/x86/lib/csum-copy_64.o
  CC      arch/x86/lib/csum-partial_64.o
  CC      arch/x86/lib/csum-wrappers_64.o
  CC      arch/x86/lib/delay.o
  CC      lib/decompress_unlzma.o
  AS      arch/x86/lib/getuser.o
  CC      arch/x86/lib/inat.o
  CC      arch/x86/lib/insn-eval.o
  CC      fs/d_path.o
  CC      arch/x86/lib/insn.o
  AS      arch/x86/lib/memcpy_64.o
  CC      lib/decompress_unlzo.o
  AS      arch/x86/lib/memmove_64.o
  AS      arch/x86/lib/memset_64.o
  CC      arch/x86/lib/misc.o
  CC      arch/x86/lib/pc-conf-reg.o
  AS      arch/x86/lib/putuser.o
  CC      arch/x86/lib/usercopy.o
  CC      arch/x86/lib/usercopy_64.o
  CC      fs/stack.o
  CC      lib/decompress_unxz.o
  CC      fs/fs_struct.o
  CC      arch/x86/lib/msr.o
  AS      arch/x86/lib/msr-reg.o
  CC      lib/decompress_unzstd.o
  CC      arch/x86/lib/msr-reg-export.o
  AS      arch/x86/lib/hweight.o
  CC      arch/x86/lib/iomem.o
  CC      fs/statfs.o
  CC      fs/fs_pin.o
  CC      lib/dump_stack.o
  AR      arch/x86/lib/lib.a
  AR      arch/x86/lib/built-in.a
  CC      drivers/bus/mhi/ep/main.o
  CC      fs/nsfs.o
  CC      fs/fs_dirent.o
  CC      lib/earlycpio.o
  CC      lib/extable.o
  CC      drivers/bus/mhi/ep/mmio.o
  CC      fs/fs_context.o
  CC      drivers/bus/mhi/ep/ring.o
  CC      lib/flex_proportions.o
  CC      drivers/bus/mhi/ep/sm.o
  CC      lib/idr.o
  CC      lib/iomem_copy.o
  CC      fs/fs_parser.o
  CC      lib/irq_regs.o
  CC      lib/is_single_threaded.o
  CC      lib/klist.o
  AR      drivers/bus/mhi/ep/built-in.a
  AR      drivers/bus/mhi/built-in.a
  AR      drivers/bus/built-in.a
  CC      drivers/phy/phy-core.o
  CC      lib/kobject.o
  CC      lib/kobject_uevent.o
  CC      fs/fsopen.o
  CC      lib/logic_pio.o
  AR      drivers/phy/marvell/built-in.a
  CC      drivers/phy/phy-can-transceiver.o
  CC      fs/init.o
  CC      lib/maple_tree.o
  CC      lib/memcat_p.o
  AR      drivers/phy/built-in.a
  CC      drivers/gpio/gpiolib.o
  CC      fs/kernel_read_file.o
  CC      fs/mnt_idmapping.o
  CC      fs/remap_range.o
  CC      fs/pidfs.o
  CC      lib/nmi_backtrace.o
  CC      drivers/gpio/gpiolib-devres.o
  CC      fs/file_attr.o
  CC      lib/objpool.o
  CC      fs/fserror.o
  CC      drivers/gpio/gpiolib-legacy.o
  CC      lib/plist.o
  CC      lib/radix-tree.o
  CC      drivers/gpio/gpiolib-cdev.o
  CC      fs/nullfs.o
  CC      lib/ratelimit.o
  CC      lib/rbtree.o
  CC      lib/seq_buf.o
  CC      lib/siphash.o
  CC      fs/proc_namespace.o
  CC      lib/string.o
  CC      drivers/gpio/gpiolib-swnode.o
  CC      drivers/gpio/gpio-by-pinctrl.o
  CC      lib/sys_info.o
  CC      drivers/gpio/gpio-winbond.o
  AR      fs/notify/fanotify/built-in.a
  AR      fs/notify/built-in.a
  CC      fs/anon_inodes.o
  CC      drivers/gpio/gpio-74x164.o
  CC      lib/timerqueue.o
  CC      lib/vsprintf.o
  CC      lib/win_minmax.o
  AR      drivers/gpio/built-in.a
  CC      drivers/leds/led-core.o
  CC      lib/xarray.o
  CC      fs/timerfd.o
  AR      drivers/leds/built-in.a
  CC      drivers/video/console/dummycon.o
  CC      lib/lockref.o
  CC      lib/bcd.o
  CC      fs/aio.o
  CC      fs/binfmt_script.o
  CC      lib/sort.o
  CC      drivers/video/console/vgacon.o
  CC      lib/parser.o
  CC      fs/binfmt_elf.o
  CC      lib/debug_locks.o
  CC      lib/random32.o
  CC      fs/drop_caches.o
  AR      drivers/video/console/built-in.a
  AR      drivers/video/built-in.a
  AR      drivers/clk/cix/built-in.a
  AR      drivers/clk/thead/built-in.a
  AR      drivers/clk/ultrarisc/built-in.a
  AR      drivers/clk/built-in.a
  CC      lib/bust_spinlocks.o
  CC      fs/sysctls.o
  CC      drivers/tty/tty_io.o
  CC      fs/proc/task_mmu.o
  CC      drivers/char/mem.o
  CC      lib/kasprintf.o
  CC      lib/bitmap.o
  CC      drivers/tty/n_tty.o
  CC      drivers/char/random.o
  CC      fs/proc/inode.o
  CC      lib/scatterlist.o
  CC      fs/proc/root.o
  CC      drivers/tty/tty_ioctl.o
  CC      drivers/char/misc.o
  CC      lib/list_sort.o
  CC      lib/uuid.o
  CC      lib/iov_iter.o
  CC      fs/proc/base.o
  CC      drivers/tty/tty_ldisc.o
  AR      drivers/char/built-in.a
  CC      fs/proc/generic.o
  CC      drivers/tty/tty_buffer.o
  CC      fs/proc/array.o
  CC      lib/clz_ctz.o
  CC      lib/bsearch.o
  CC      lib/find_bit.o
  CC      drivers/tty/tty_port.o
  CC      lib/llist.o
  CC      lib/lwq.o
  CC      fs/proc/fd.o
  CC      lib/memweight.o
  CC      lib/kfifo.o
  CC      drivers/tty/tty_mutex.o
  CC      drivers/base/component.o
  CC      fs/proc/proc_tty.o
  CC      lib/percpu-refcount.o
  CC      drivers/tty/tty_ldsem.o
  CC      drivers/base/core.o
  CC      fs/proc/cmdline.o
  CC      lib/rhashtable.o
  CC      drivers/tty/tty_baudrate.o
  CC      fs/proc/consoles.o
  CC      drivers/tty/tty_jobctrl.o
  CC      lib/base64.o
  CC      fs/proc/cpuinfo.o
  CC      lib/once.o
  CC      drivers/tty/n_null.o
  CC      fs/proc/devices.o
  CC      drivers/base/bus.o
  CC      lib/refcount.o
  CC      lib/rcuref.o
  CC      drivers/tty/pty.o
  CC      drivers/base/dd.o
  CC      lib/usercopy.o
  CC      fs/proc/loadavg.o
  CC      lib/errseq.o
  CC      lib/bucket_locks.o
  CC      fs/proc/meminfo.o
  CC      drivers/base/syscore.o
  CC      drivers/tty/vt/vt_ioctl.o
  CC      lib/generic-radix-tree.o
  CC      fs/proc/stat.o
  CC      drivers/base/driver.o
  CC      lib/bitmap-str.o
  CC      fs/proc/uptime.o
  CC      drivers/base/class.o
  CC      drivers/tty/vt/vc_screen.o
  CC      fs/proc/util.o
  CC      lib/string_helpers.o
  CC      drivers/base/platform.o
  CC      drivers/tty/vt/selection.o
  CC      fs/proc/version.o
  CC      drivers/base/cpu.o
  CC      lib/hexdump.o
  CC      fs/proc/softirqs.o
  CC      lib/kstrtox.o
  CC      drivers/tty/vt/keyboard.o
  CC      drivers/base/firmware.o
  CC      lib/math/div64.o
  CC      lib/math/gcd.o
  CC      fs/proc/namespaces.o
  CC      lib/math/lcm.o
  CC      lib/math/int_log.o
  CC      drivers/base/init.o
  CC      lib/math/int_pow.o
  CC      lib/math/int_sqrt.o
  CC      lib/math/reciprocal_div.o
  AR      lib/math/built-in.a
  CC      lib/crc/crc32-main.o
  CC      drivers/tty/vt/vt.o
  CC      fs/proc/self.o
  CC      drivers/base/map.o
  CC      lib/crc/crc8.o
  AR      lib/crc/built-in.a
  CC      lib/crypto/blake2s.o
  CC      drivers/base/devres.o
  CC      fs/proc/thread_self.o
  AS      lib/crypto/x86/blake2s-core.o
  CC      lib/crypto/chacha-block-generic.o
  CC      fs/proc/proc_sysctl.o
  CC      drivers/base/attribute_container.o
  CC      drivers/tty/vt/defkeymap.o
  CC      lib/crypto/sha1.o
  CC      drivers/tty/vt/consolemap.o
  CC      drivers/base/transport_class.o
  AS      lib/crypto/x86/sha1-ssse3-and-avx.o
  AS      lib/crypto/x86/sha1-avx2-asm.o
  AS      lib/crypto/x86/sha1-ni-asm.o
  CC      lib/crypto/sha256.o
  CC      drivers/base/topology.o
  CC      drivers/tty/vt/consolemap_deftbl.o
  CC      drivers/tty/vt/ucs.o
  AR      drivers/tty/vt/built-in.a
  CC      fs/proc/proc_net.o
  CC      drivers/tty/serial/serial_core.o
  AS      lib/crypto/x86/sha256-ssse3-asm.o
  AS      lib/crypto/x86/sha256-avx-asm.o
  AS      lib/crypto/x86/sha256-avx2-asm.o
  AS      lib/crypto/x86/sha256-ni-asm.o
  AR      lib/crypto/built-in.a
  CC      lib/vdso/datastore.o
  CC      drivers/base/container.o
  CC      drivers/base/property.o
  AR      lib/vdso/built-in.a
  CC      lib/iomap.o
  CC      fs/proc/kmsg.o
  CC      drivers/tty/serial/serial_base_bus.o
  CC      fs/proc/page.o
  CC      lib/iomap_copy.o
  CC      lib/devres.o
  CC      drivers/base/cacheinfo.o
  CC      lib/list_debug.o
  CC      drivers/tty/serial/serial_ctrl.o
  CC      lib/bitrev.o
  AR      fs/proc/built-in.a
  CC      fs/kernfs/mount.o
  CC      drivers/base/swnode.o
  CC      lib/xxhash.o
  CC      drivers/tty/serial/serial_port.o
  CC      lib/genalloc.o
  CC      drivers/base/faux.o
  CC      fs/kernfs/inode.o
  CC      drivers/tty/serial/earlycon.o
  AR      drivers/base/power/built-in.a
  CC      drivers/base/isa.o
  CC      lib/zlib_inflate/inffast.o
  CC      lib/zlib_inflate/inflate.o
  CC      drivers/tty/serial/8250/8250_core.o
  CC      fs/kernfs/dir.o
  CC      lib/zlib_inflate/infutil.o
  CC      drivers/base/firmware_loader/main.o
  CC      lib/zlib_inflate/inftrees.o
  CC      lib/zlib_inflate/inflate_syms.o
  AR      lib/zlib_inflate/built-in.a
  CC      lib/lzo/lzo1x_decompress_safe.o
  CC      drivers/tty/serial/8250/8250_platform.o
  CC      fs/kernfs/file.o
  CC      drivers/base/firmware_loader/builtin/main.o
  AR      lib/lzo/built-in.a
  CC      lib/lz4/lz4_decompress.o
  AR      drivers/base/firmware_loader/builtin/built-in.a
  AR      drivers/base/firmware_loader/built-in.a
  CC      drivers/base/regmap/regmap.o
  CC      drivers/tty/serial/8250/8250_port.o
  CC      fs/kernfs/symlink.o
  AR      lib/lz4/built-in.a
  CC      lib/zstd/zstd_decompress_module.o
  CC      lib/zstd/decompress/huf_decompress.o
  CC      drivers/base/regmap/regcache.o
  AR      fs/kernfs/built-in.a
  CC      fs/devpts/inode.o
  CC      drivers/tty/serial/8250/8250_early.o
  CC      drivers/base/regmap/regcache-rbtree.o
  AR      fs/devpts/built-in.a
  CC      fs/ramfs/inode.o
  AR      drivers/tty/serial/8250/built-in.a
  CC      drivers/tty/serial/serial_mctrl_gpio.o
  CC      lib/zstd/decompress/zstd_ddict.o
  CC      lib/zstd/decompress/zstd_decompress.o
  CC      drivers/base/regmap/regcache-flat.o
  CC      drivers/tty/serial/altera_uart.o
  CC      lib/zstd/decompress/zstd_decompress_block.o
  CC      fs/ramfs/file-mmu.o
  CC      drivers/base/regmap/regcache-maple.o
  AR      drivers/tty/serial/built-in.a
  AR      drivers/tty/built-in.a
  CC      drivers/misc/enclosure.o
  AR      fs/ramfs/built-in.a
  CC      fs/nls/nls_base.o
  CC      drivers/base/regmap/regmap-irq.o
  CC      fs/nls/nls_cp863.o
  CC      lib/zstd/zstd_common_module.o
  CC      drivers/misc/c2port/core.o
  CC      fs/nls/mac-cyrillic.o
  CC      lib/zstd/common/debug.o
  CC      lib/zstd/common/entropy_common.o
  CC      drivers/base/regmap/regmap-spi.o
  CC      fs/nls/mac-turkish.o
  CC      lib/zstd/common/error_private.o
  CC      lib/zstd/common/fse_decompress.o
  AR      drivers/misc/c2port/built-in.a
  CC      drivers/misc/dummy-irq.o
  CC      lib/zstd/common/zstd_common.o
  AR      fs/nls/built-in.a
  AR      lib/zstd/built-in.a
  CC      fs/failfs.o
  CC      lib/xz/xz_dec_syms.o
  AR      drivers/base/regmap/built-in.a
  CC      drivers/misc/sram.o
  AR      drivers/base/built-in.a
  CC      drivers/mfd/mfd-core.o
  CC      lib/xz/xz_dec_stream.o
  AR      fs/built-in.a
  CC      net/devres.o
  AR      drivers/misc/built-in.a
  CC      lib/xz/xz_dec_lzma2.o
  CC      drivers/dma-buf/dma-buf.o
  CC      drivers/mfd/da9052-irq.o
  CC      lib/xz/xz_dec_bcj.o
  CC      net/socket.o
  CC      drivers/mfd/da9052-core.o
  AR      lib/xz/built-in.a
  CC      lib/syscall.o
  CC      drivers/dma-buf/dma-fence.o
  CC      drivers/mfd/da9052-spi.o
  CC      lib/nlattr.o
  CC      drivers/dma-buf/dma-fence-array.o
  AR      drivers/mfd/built-in.a
  CC      drivers/spi/spi.o
  CC      drivers/dma-buf/dma-fence-chain.o
  CC      lib/dim/dim.o
  CC      drivers/dma-buf/dma-fence-unwrap.o
  CC      net/core/sock.o
  CC      lib/dim/net_dim.o
  CC      drivers/dma-buf/dma-resv.o
  CC      drivers/spi/spi-offload.o
  CC      lib/dim/rdma_dim.o
  CC      drivers/dma-buf/dma-buf-mapping.o
  AR      lib/dim/built-in.a
  CC      lib/strncpy_from_user.o
  CC      drivers/spi/spi-axi-spi-engine.o
  AR      drivers/dma-buf/built-in.a
  CC      lib/strnlen_user.o
  CC      drivers/hsi/hsi_core.o
  CC      net/core/skbuff.o
  CC      lib/net_utils.o
  AR      drivers/spi/built-in.a
  CC      lib/group_cpus.o
  CC      drivers/hsi/hsi_boardinfo.o
  AR      lib/lib.a
  CC      net/core/datagram.o
  AR      lib/built-in.a
  CC      net/core/stream.o
  AR      drivers/hsi/built-in.a
  CC      drivers/net/loopback.o
  CC      net/core/scm.o
  CC      net/core/gen_stats.o
  AR      drivers/net/built-in.a
  CC      drivers/input/serio/serio.o
  CC      net/core/gen_estimator.o
  CC      drivers/input/serio/i8042.o
  CC      net/core/net_namespace.o
  CC      net/core/secure_seq.o
  CC      net/core/flow_dissector.o
  CC      drivers/input/serio/serport.o
  CC      net/core/sysctl_net_core.o
  CC      net/core/dev.o
  CC      drivers/input/serio/libps2.o
  AR      drivers/input/serio/built-in.a
  CC      drivers/input/input.o
  CC      net/core/dev_api.o
  CC      net/core/dev_addr_lists.o
  CC      net/core/dst.o
  CC      drivers/input/input-compat.o
  CC      drivers/input/input-mt.o
  CC      net/core/netevent.o
  CC      net/core/neighbour.o
  CC      drivers/input/input-poller.o
  CC      net/core/rtnetlink.o
  CC      net/core/utils.o
  CC      drivers/input/ff-core.o
  CC      drivers/input/touchscreen.o
  CC      net/core/link_watch.o
  CC      net/core/filter.o
  CC      drivers/input/touch-overlay.o
  CC      drivers/input/vivaldi-fmap.o
  CC      net/core/sock_diag.o
  CC      drivers/input/keyboard/atkbd.o
  CC      net/core/dev_ioctl.o
  AR      drivers/input/keyboard/built-in.a
  CC      drivers/input/mouse/psmouse-base.o
  CC      net/core/tso.o
  CC      net/core/sock_reuseport.o
  CC      drivers/input/mouse/synaptics.o
  CC      drivers/input/mouse/focaltech.o
  CC      drivers/input/mouse/alps.o
  CC      net/core/fib_notifier.o
  CC      drivers/input/mouse/byd.o
  CC      drivers/input/mouse/logips2pp.o
  CC      net/core/xdp.o
  CC      net/core/flow_offload.o
  CC      drivers/input/mouse/trackpoint.o
  CC      drivers/input/mouse/cypress_ps2.o
  CC      drivers/input/mouse/lifebook.o
  CC      net/core/gro.o
  CC      net/core/netdev-genl.o
  CC      net/core/netdev-genl-gen.o
  AR      drivers/input/mouse/built-in.a
  AR      drivers/input/built-in.a
  CC      drivers/rtc/lib.o
  CC      drivers/rtc/rtc-mc146818-lib.o
  CC      net/core/netdev_work.o
  CC      net/core/gso.o
  CC      net/core/net-sysfs.o
  AR      drivers/rtc/built-in.a
  AR      drivers/media/platform/dreamchip/rppx1/built-in.a
  AR      drivers/media/platform/dreamchip/built-in.a
  CC      net/ethernet/eth.o
  AR      drivers/media/platform/built-in.a
  AR      drivers/media/built-in.a
  CC      drivers/power/supply/power_supply_core.o
  CC      net/core/hotdata.o
  CC      net/core/netdev_config.o
  AR      net/ethernet/built-in.a
  CC      drivers/power/supply/test_power.o
  CC      net/sched/sch_generic.o
  CC      net/core/netdev_rx_queue.o
  CC      net/core/netdev_queues.o
  AR      drivers/power/supply/built-in.a
  AR      drivers/power/built-in.a
  AR      drivers/firmware/efi/built-in.a
  CC      drivers/firmware/dmi_scan.o
  CC      net/core/net-procfs.o
  CC      net/core/dst_cache.o
  CC      drivers/firmware/dmi-id.o
  CC      net/sched/sch_mq.o
  AR      drivers/firmware/built-in.a
  CC      drivers/clocksource/i8253.o
  AR      drivers/clocksource/built-in.a
  CC      drivers/hid/hid-core.o
  CC      net/core/gro_cells.o
  CC      drivers/hid/hid-input.o
  CC      net/sched/sch_frag.o
  AR      net/core/built-in.a
  CC      net/netlink/af_netlink.o
  CC      drivers/hid/hid-quirks.o
  AR      net/sched/built-in.a
  AR      net/bpf/built-in.a
  CC      net/ethtool/ioctl.o
  CC      drivers/hid/hid-generic.o
  CC      net/ethtool/common.o
  AR      drivers/hid/built-in.a
  AR      drivers/platform/built-in.a
  CC      drivers/iio/accel/bma220_core.o
  CC      net/netlink/genetlink.o
  CC      drivers/iio/accel/bma220_spi.o
  CC      drivers/iio/adc/ad7779.o
  CC      net/ethtool/netlink.o
  CC      drivers/iio/accel/kxsd9.o
  CC      net/netlink/policy.o
  CC      drivers/iio/adc/ad7944.o
  CC      drivers/iio/accel/kxsd9-spi.o
  CC      net/ethtool/bitset.o
  AR      net/netlink/built-in.a
  AR      drivers/iio/accel/built-in.a
  AR      drivers/iio/addac/built-in.a
  AR      drivers/iio/afe/built-in.a
  CC      drivers/iio/adc/ti-ads131e08.o
  CC      net/ipv4/route.o
  CC      net/ipv6/af_inet6.o
  AR      drivers/iio/adc/built-in.a
  CC      drivers/iio/amplifiers/adl8113.o
  CC      net/ethtool/strset.o
  CC      net/ipv6/anycast.o
  AR      drivers/iio/amplifiers/built-in.a
  CC      drivers/iio/buffer/industrialio-buffer-dma.o
  CC      net/ipv4/inetpeer.o
  CC      net/ethtool/linkinfo.o
  CC      drivers/iio/buffer/industrialio-buffer-dmaengine.o
  CC      net/ipv6/ip6_output.o
  CC      drivers/iio/buffer/industrialio-triggered-buffer.o
  CC      net/ipv4/protocol.o
  CC      net/ethtool/linkmodes.o
  CC      drivers/iio/buffer/kfifo_buf.o
  AR      drivers/iio/buffer/built-in.a
  AR      drivers/iio/cdc/built-in.a
  CC      drivers/iio/chemical/scd30_core.o
  CC      net/ipv4/ip_input.o
  CC      net/ethtool/rss.o
  CC      net/ipv6/ip6_input.o
  AR      drivers/iio/chemical/built-in.a
  AR      drivers/iio/common/cros_ec_sensors/built-in.a
  AR      drivers/iio/common/hid-sensors/built-in.a
  CC      drivers/iio/common/inv_sensors/inv_sensors_timestamp.o
  CC      net/ethtool/linkstate.o
  AR      drivers/iio/common/inv_sensors/built-in.a
  AR      drivers/iio/common/ms_sensors/built-in.a
  AR      drivers/iio/common/scmi_sensors/built-in.a
  AR      drivers/iio/common/ssp_sensors/built-in.a
  AR      drivers/iio/common/st_sensors/built-in.a
  AR      drivers/iio/common/built-in.a
  CC      drivers/iio/dac/ad5064.o
  CC      net/ipv4/ip_fragment.o
  CC      net/ipv6/addrconf.o
  CC      drivers/iio/dac/dpot-dac.o
  CC      net/ethtool/debug.o
  CC      net/ipv4/ip_forward.o
  CC      drivers/iio/dac/ltc2632.o
  CC      net/ethtool/wol.o
  AR      drivers/iio/dac/built-in.a
  AR      drivers/iio/dummy/built-in.a
  CC      drivers/iio/gyro/adis16080.o
  CC      net/ipv4/ip_options.o
  CC      net/ethtool/features.o
  CC      drivers/iio/gyro/adxrs450.o
  CC      net/ipv6/addrlabel.o
  AR      drivers/iio/gyro/built-in.a
  AR      drivers/iio/filter/built-in.a
  AR      drivers/iio/flow/built-in.a
  AR      drivers/iio/frequency/built-in.a
  AR      drivers/iio/health/built-in.a
  AR      drivers/iio/humidity/built-in.a
  AR      drivers/iio/imu/bmi160/built-in.a
  AR      drivers/iio/imu/bmi270/built-in.a
  AR      drivers/iio/imu/bmi323/built-in.a
  AR      drivers/iio/imu/bno055/built-in.a
  CC      net/ethtool/privflags.o
  AR      drivers/iio/imu/inv_icm42600/built-in.a
  AR      drivers/iio/imu/inv_icm42607/built-in.a
  CC      drivers/iio/imu/inv_icm45600/inv_icm45600_core.o
  CC      net/ipv4/ip_output.o
  CC      net/ipv6/route.o
  CC      net/ethtool/rings.o
  CC      drivers/iio/imu/inv_icm45600/inv_icm45600_buffer.o
  CC      drivers/iio/imu/inv_icm45600/inv_icm45600_gyro.o
  CC      net/ethtool/channels.o
  CC      net/ipv4/ip_sockglue.o
  CC      drivers/iio/imu/inv_icm45600/inv_icm45600_accel.o
  CC      net/ethtool/coalesce.o
  CC      net/ipv6/ip6_fib.o
  CC      drivers/iio/imu/inv_icm45600/inv_icm45600_spi.o
  CC      net/ipv4/inet_hashtables.o
  CC      net/ethtool/pause.o
  AR      drivers/iio/imu/inv_icm45600/built-in.a
  AR      drivers/iio/imu/inv_mpu6050/built-in.a
  AR      drivers/iio/imu/smi330/built-in.a
  AR      drivers/iio/imu/st_lsm6dsx/built-in.a
  AR      drivers/iio/imu/st_lsm9ds0/built-in.a
  CC      drivers/iio/imu/adis16475.o
  CC      net/ipv6/ipv6_sockglue.o
  CC      net/ipv4/inet_timewait_sock.o
  CC      net/ethtool/eee.o
  CC      drivers/iio/imu/adis.o
  CC      drivers/iio/imu/adis_trigger.o
  CC      net/ethtool/tsinfo.o
  CC      net/ipv6/ndisc.o
  CC      net/ipv4/inet_connection_sock.o
  CC      drivers/iio/imu/adis_buffer.o
  CC      net/ethtool/cabletest.o
  AR      drivers/iio/imu/built-in.a
  AR      drivers/iio/light/built-in.a
  AR      drivers/iio/magnetometer/built-in.a
  CC      drivers/iio/multiplexer/iio-mux.o
  AR      drivers/iio/multiplexer/built-in.a
  AR      drivers/iio/orientation/built-in.a
  AR      drivers/iio/position/built-in.a
  AR      drivers/iio/potentiometer/built-in.a
  CC      net/ipv4/tcp.o
  AR      drivers/iio/potentiostat/built-in.a
  CC      drivers/iio/pressure/mpl115.o
  CC      net/ipv6/udp.o
  CC      drivers/iio/pressure/mpl115_spi.o
  CC      net/ethtool/tunnels.o
  AR      drivers/iio/pressure/built-in.a
  CC      drivers/iio/proximity/ping.o
  AR      drivers/iio/proximity/built-in.a
  AR      drivers/iio/resolver/built-in.a
  CC      drivers/iio/temperature/maxim_thermocouple.o
  CC      net/ethtool/fec.o
  CC      net/ipv6/raw.o
  AR      drivers/iio/temperature/built-in.a
  AR      drivers/iio/test/built-in.a
  AR      drivers/iio/trigger/built-in.a
  CC      drivers/iio/industrialio-core.o
  CC      net/ipv4/tcp_input.o
  CC      net/ethtool/eeprom.o
  CC      drivers/iio/industrialio-event.o
  CC      net/ipv6/icmp.o
  CC      drivers/iio/inkern.o
  CC      net/ethtool/stats.o
  CC      drivers/iio/industrialio-buffer.o
  CC      net/ipv6/mcast.o
  CC      net/ethtool/phc_vclocks.o
  CC      net/ipv4/tcp_output.o
  CC      drivers/iio/industrialio-trigger.o
  CC      net/ethtool/mm.o
  CC      drivers/iio/industrialio-backend.o
  CC      net/ipv6/reassembly.o
  CC      net/ethtool/module.o
  AR      drivers/iio/built-in.a
  AR      drivers/hwtracing/intel_th/built-in.a
  CC      drivers/mux/core.o
  CC      net/ipv4/tcp_timer.o
  AR      drivers/mux/built-in.a
  CC      drivers/counter/counter-core.o
  CC      net/ethtool/cmis_fw_update.o
  CC      drivers/counter/counter-sysfs.o
  CC      net/ipv6/tcp_ipv6.o
  CC      drivers/counter/counter-chrdev.o
  CC      net/ipv4/tcp_ipv4.o
  CC      net/ethtool/cmis_cdb.o
  AR      drivers/counter/built-in.a
  AR      drivers/built-in.a
  CC      net/ethtool/pse-pd.o
  CC      net/ethtool/plca.o
  CC      net/ipv6/ping.o
  CC      net/ethtool/phy.o
  CC      net/ipv4/tcp_minisocks.o
  CC      net/ethtool/tsconfig.o
  CC      net/ipv6/exthdrs.o
  CC      net/ethtool/mse.o
  CC      net/ipv6/datagram.o
  CC      net/ipv4/tcp_cong.o
  CC      net/ipv6/ip6_flowlabel.o
  AR      net/ethtool/built-in.a
  CC      net/sysctl_net.o
  CC      net/ipv6/inet6_connection_sock.o
  CC      net/ipv6/udp_offload.o
  CC      net/ipv6/seg6.o
  CC      net/ipv4/tcp_metrics.o
  CC      net/ipv6/fib6_notifier.o
  CC      net/ipv6/rpl.o
  CC      net/ipv6/ioam6.o
  CC      net/ipv4/tcp_fastopen.o
  CC      net/ipv6/sysctl_net_ipv6.o
  CC      net/ipv6/proc.o
  CC      net/ipv6/sit.o
  CC      net/ipv4/tcp_recovery.o
  CC      net/ipv6/addrconf_core.o
  CC      net/ipv6/exthdrs_core.o
  CC      net/ipv6/ip6_checksum.o
  CC      net/ipv4/tcp_ulp.o
  CC      net/ipv6/ip6_icmp.o
  CC      net/ipv6/output_core.o
  CC      net/ipv6/protocol.o
  CC      net/ipv6/ip6_offload.o
  CC      net/ipv6/exthdrs_offload.o
  CC      net/ipv4/tcp_offload.o
  CC      net/ipv6/inet6_hashtables.o
  CC      net/ipv6/mcast_snoop.o
  CC      net/ipv6/ndisc_snoop.o
  CC      net/ipv4/tcp_plb.o
  CC      net/ipv4/datagram.o
  CC      net/ipv4/raw.o
  AR      net/ipv6/built-in.a
  CC      net/ipv4/udp.o
  CC      net/ipv4/udp_offload.o
  CC      net/ipv4/arp.o
  CC      net/ipv4/icmp.o
  CC      net/ipv4/devinet.o
  CC      net/ipv4/af_inet.o
  CC      net/ipv4/igmp.o
  CC      net/ipv4/fib_frontend.o
  CC      net/ipv4/fib_semantics.o
  CC      net/ipv4/fib_trie.o
  CC      net/ipv4/fib_notifier.o
  CC      net/ipv4/inet_fragment.o
  CC      net/ipv4/ping.o
  CC      net/ipv4/ip_tunnel_core.o
  CC      net/ipv4/gre_offload.o
  CC      net/ipv4/metrics.o
  CC      net/ipv4/netlink.o
  CC      net/ipv4/nexthop.o
  CC      net/ipv4/udp_tunnel_stub.o
  CC      net/ipv4/ip_tunnel.o
  CC      net/ipv4/sysctl_net_ipv4.o
  CC      net/ipv4/proc.o
  CC      net/ipv4/tunnel4.o
  CC      net/ipv4/inet_diag.o
  CC      net/ipv4/tcp_diag.o
  CC      net/ipv4/tcp_cubic.o
  AR      net/ipv4/built-in.a
  AR      net/built-in.a
  AR      built-in.a
  AR      built-in-fixup.a
  COPY    vmlinux.a
  LD      vmlinux.o
  MODPOST vmlinux.symvers
  CC      .vmlinux.export.o
  UPD     include/generated/utsversion.h
  CC      init/version-timestamp.o
  LD      vmlinux.unstripped
  NM      System.map
  SORTTAB vmlinux.unstripped
  OBJCOPY vmlinux
  GEN     modules.builtin.modinfo
  GEN     modules.builtin
  CC      arch/x86/boot/a20.o
  CC      arch/x86/boot/cmdline.o
  AS      arch/x86/boot/copy.o
  HOSTCC  arch/x86/boot/mkcpustr
  CC      arch/x86/boot/cpuflags.o
  CC      arch/x86/boot/cpucheck.o
  CC      arch/x86/boot/early_serial_console.o
  CC      arch/x86/boot/edd.o
  CC      arch/x86/boot/main.o
  CC      arch/x86/boot/memory.o
  LDS     arch/x86/boot/compressed/vmlinux.lds
  CC      arch/x86/boot/pm.o
  AS      arch/x86/boot/compressed/head_64.o
  AS      arch/x86/boot/pmjump.o
  VOFFSET arch/x86/boot/compressed/../voffset.h
  CC      arch/x86/boot/compressed/string.o
  CC      arch/x86/boot/printf.o
  CC      arch/x86/boot/regs.o
  CC      arch/x86/boot/compressed/cmdline.o
  CC      arch/x86/boot/compressed/error.o
  CC      arch/x86/boot/string.o
  CC      arch/x86/boot/tty.o
  OBJCOPY arch/x86/boot/compressed/vmlinux.bin
  CC      arch/x86/boot/video.o
  CC      arch/x86/boot/compressed/cpuflags.o
  CC      arch/x86/boot/compressed/ident_map_64.o
  CC      arch/x86/boot/video-mode.o
  CC      arch/x86/boot/version.o
  CC      arch/x86/boot/video-vga.o
  CC      arch/x86/boot/video-vesa.o
  CC      arch/x86/boot/compressed/idt_64.o
  CC      arch/x86/boot/video-bios.o
  CPUSTR  arch/x86/boot/cpustr.h
  AS      arch/x86/boot/compressed/idt_handlers_64.o
  CC      arch/x86/boot/compressed/pgtable_64.o
  CC      arch/x86/boot/cpu.o
  CC      arch/x86/boot/compressed/misc.o
  GZIP    arch/x86/boot/compressed/vmlinux.bin.gz
  MKPIGGY arch/x86/boot/compressed/piggy.S
  AS      arch/x86/boot/compressed/piggy.o
  LD      arch/x86/boot/compressed/vmlinux
  ZOFFSET arch/x86/boot/zoffset.h
  OBJCOPY arch/x86/boot/vmlinux.bin
  AS      arch/x86/boot/header.o
  LD      arch/x86/boot/setup.elf
  OBJCOPY arch/x86/boot/setup.bin
  BUILD   arch/x86/boot/bzImage
Kernel: arch/x86/boot/bzImage is ready  (#8)
make[5]: Leaving directory '/mnt/git-volume/kernel-test-mainline/build/rand500nsconfig-x86_64'
make[4]: Leaving directory '/mnt/git-volume/linux-mainline'
