make[4]: Entering directory '/mnt/git-volume/linux-stable-rc'
make[5]: Entering directory '/mnt/git-volume/kernel-test-stable-rc/build/rand500config-x86_64'
#
# configuration written to .config
#
Using .config as base
Merging /mnt/git-volume/linux-stable-rc/kernel/configs/tiny.config
Value of CONFIG_KERNEL_XZ is redefined by fragment /mnt/git-volume/linux-stable-rc/kernel/configs/tiny.config:
Previous value: # CONFIG_KERNEL_XZ is not set
New value: CONFIG_KERNEL_XZ=y

Value of CONFIG_CC_OPTIMIZE_FOR_SIZE is redefined by fragment /mnt/git-volume/linux-stable-rc/kernel/configs/tiny.config:
Previous value: # CONFIG_CC_OPTIMIZE_FOR_SIZE is not set
New value: CONFIG_CC_OPTIMIZE_FOR_SIZE=y

Value of CONFIG_SLUB_TINY is redefined by fragment /mnt/git-volume/linux-stable-rc/kernel/configs/tiny.config:
Previous value: # CONFIG_SLUB_TINY is not set
New value: CONFIG_SLUB_TINY=y

Merging /mnt/git-volume/linux-stable-rc/arch/x86/configs/tiny.config
Value of CONFIG_UNWINDER_GUESS is redefined by fragment /mnt/git-volume/linux-stable-rc/arch/x86/configs/tiny.config:
Previous value: # CONFIG_UNWINDER_GUESS is not set
New value: CONFIG_UNWINDER_GUESS=y

#
# merged configuration written to .config (needs make)
#
#
# configuration written to .config
#
make[5]: Leaving directory '/mnt/git-volume/kernel-test-stable-rc/build/rand500config-x86_64'
make[4]: Leaving directory '/mnt/git-volume/linux-stable-rc'
make[4]: Entering directory '/mnt/git-volume/linux-stable-rc'
make[5]: Entering directory '/tmp/tmp.groSDudXnb'
  UPD     /tmp/tmp.groSDudXnb/Makefile
  HOSTCC  scripts/basic/fixdep
  HOSTCC  scripts/kconfig/conf.o
  HOSTCC  scripts/kconfig/confdata.o
  HOSTCC  scripts/kconfig/expr.o
  LEX     scripts/kconfig/lexer.lex.c
  YACC    scripts/kconfig/parser.tab.[ch]
  HOSTCC  scripts/kconfig/lexer.lex.o
  HOSTCC  scripts/kconfig/menu.o
  HOSTCC  scripts/kconfig/parser.tab.o
  HOSTCC  scripts/kconfig/preprocess.o
  HOSTCC  scripts/kconfig/symbol.o
  HOSTCC  scripts/kconfig/util.o
  HOSTLD  scripts/kconfig/conf
KCONFIG_SEED=0x4326DF4
#
# configuration written to .config
#
make[5]: Leaving directory '/tmp/tmp.groSDudXnb'
make[4]: Leaving directory '/mnt/git-volume/linux-stable-rc'
make[4]: Entering directory '/mnt/git-volume/linux-stable-rc'
make[5]: Entering directory '/tmp/tmp.groSDudXnb'
.config:6540:warning: override: reassigning to symbol PRINTK
.config:6544:warning: override: reassigning to symbol TTY
.config:6547:warning: override: reassigning to symbol BLK_DEV_INITRD
.config:6548:warning: override: reassigning to symbol RD_GZIP
.config:6551:warning: override: reassigning to symbol BINFMT_ELF
.config:6552:warning: override: reassigning to symbol BINFMT_SCRIPT
.config:6555:warning: override: reassigning to symbol TMPFS
.config:6558:warning: override: reassigning to symbol KERNEL_GZIP
.config:6564:warning: override: reassigning to symbol KERNEL_BZIP2
.config:6565:warning: override: reassigning to symbol KERNEL_LZMA
.config:6566:warning: override: reassigning to symbol KERNEL_XZ
.config:6567:warning: override: reassigning to symbol KERNEL_LZO
.config:6568:warning: override: reassigning to symbol KERNEL_LZ4
.config:6569:warning: override: reassigning to symbol KERNEL_ZSTD
.config:6572:warning: override: reassigning to symbol MODULES
.config:6575:warning: override: reassigning to symbol DRM
.config:6576:warning: override: reassigning to symbol SOUND
.config:6577:warning: override: reassigning to symbol STAGING
.config:6579:warning: override: reassigning to symbol MEDIA_SUPPORT
.config:6585:warning: override: reassigning to symbol KCOV
.config:6588:warning: override: reassigning to symbol KCSAN
.config:6589:warning: override: reassigning to symbol KFENCE
.config:6590:warning: override: reassigning to symbol UBSAN
.config:6597:warning: override: reassigning to symbol RCU_TORTURE_TEST
.config:6598:warning: override: reassigning to symbol RCU_SCALE_TEST
.config:6599:warning: override: reassigning to symbol LOCK_TORTURE_TEST
.config:6609:warning: override: reassigning to symbol DEBUG_PREEMPT
.config:6610:warning: override: reassigning to symbol DEBUG_ATOMIC_SLEEP
.config:6617:warning: override: reassigning to symbol KUNIT
.config:6625:warning: override: reassigning to symbol OF_UNITTEST
#
# configuration written to .config
#
make[5]: Leaving directory '/tmp/tmp.groSDudXnb'
make[4]: Leaving directory '/mnt/git-volume/linux-stable-rc'
make[4]: Entering directory '/mnt/git-volume/linux-stable-rc'
make[5]: Entering directory '/mnt/git-volume/kernel-test-stable-rc/build/rand500config-x86_64'
.config:1439:warning: override: reassigning to symbol ARCH_HAVE_NMI_SAFE_CMPXCHG
.config:1440:warning: override: reassigning to symbol MMU_LAZY_TLB_REFCOUNT
.config:1446:warning: override: reassigning to symbol ARCH_HIBERNATION_POSSIBLE
.config:1448:warning: override: reassigning to symbol VDSO_GETRANDOM
.config:1449:warning: override: reassigning to symbol NEED_PER_CPU_EMBED_FIRST_CHUNK
.config:1450:warning: override: reassigning to symbol HAVE_KCSAN_COMPILER
.config:1456:warning: override: reassigning to symbol MULTIUSER
.config:1462:warning: override: reassigning to symbol CPU_SUP_AMD
.config:1467:warning: override: reassigning to symbol VM_EVENT_COUNTERS
.config:1469:warning: override: reassigning to symbol SIGNALFD
.config:1470:warning: override: reassigning to symbol HAVE_DYNAMIC_FTRACE_WITH_DIRECT_CALLS
.config:1473:warning: override: reassigning to symbol SCF_TORTURE_TEST
.config:1477:warning: override: reassigning to symbol HAVE_GENERIC_TIF_BITS
.config:1484:warning: override: reassigning to symbol BCMA
.config:1492:warning: override: reassigning to symbol ARCH_HAS_SYNC_CORE_BEFORE_USERMODE
.config:1499:warning: override: reassigning to symbol ARCH_HAS_CPU_FINALIZE_INIT
.config:1500:warning: override: reassigning to symbol HAVE_DYNAMIC_FTRACE
.config:1519:warning: override: reassigning to symbol STACKTRACE_SUPPORT
.config:1520:warning: override: reassigning to symbol KEXEC_HANDOVER
.config:1523:warning: override: reassigning to symbol DEBUG_FS
.config:1530:warning: override: reassigning to symbol HAVE_SOFTIRQ_ON_OWN_STACK
.config:1534:warning: override: reassigning to symbol X86_VSYSCALL_EMULATION
.config:1535:warning: override: reassigning to symbol HAVE_KLP_BUILD
.config:1539:warning: override: reassigning to symbol ZERO_CALL_USED_REGS
.config:1546:warning: override: reassigning to symbol FB
.config:1547:warning: override: reassigning to symbol PREEMPT_COUNT
.config:1556:warning: override: reassigning to symbol X86_DISABLED_FEATURE_OSPKE
.config:1559:warning: override: reassigning to symbol HAVE_FUNCTION_TRACER
.config:1560:warning: override: reassigning to symbol SOFTLOCKUP_DETECTOR
.config:1562:warning: override: reassigning to symbol CC_HAS_ASM_INLINE
.config:1566:warning: override: reassigning to symbol X86_DECODER_SELFTEST
.config:1571:warning: override: reassigning to symbol HAVE_ARCH_KMSAN
.config:1572:warning: override: reassigning to symbol ARCH_WANT_GENERAL_HUGETLB
.config:1575:warning: override: reassigning to symbol COMPAT_BRK
.config:1578:warning: override: reassigning to symbol SECURITY_DMESG_RESTRICT
.config:1585:warning: override: reassigning to symbol GCC10_NO_ARRAY_BOUNDS
.config:1588:warning: override: reassigning to symbol MELLANOX_PLATFORM
.config:1589:warning: override: reassigning to symbol EVENTFD
.config:1595:warning: override: reassigning to symbol X86_MSR
.config:1607:warning: override: reassigning to symbol CPU_SUP_ZHAOXIN
.config:1611:warning: override: reassigning to symbol SYSCTL_EXCEPTION_TRACE
.config:1612:warning: override: reassigning to symbol DEBUG_PAGEALLOC
.config:1613:warning: override: reassigning to symbol CC_HAS_SLS
.config:1615:warning: override: reassigning to symbol ARCH_WANTS_DYNAMIC_TASK_STRUCT
.config:1617:warning: override: reassigning to symbol THREAD_INFO_IN_TASK
.config:1618:warning: override: reassigning to symbol MHI_BUS_EP
.config:1619:warning: override: reassigning to symbol HAVE_OBJTOOL
.config:1621:warning: override: reassigning to symbol GENERIC_CLOCKEVENTS_BROADCAST
.config:1622:warning: override: reassigning to symbol HAVE_STACK_VALIDATION
.config:1627:warning: override: reassigning to symbol PERCPU_STATS
.config:1630:warning: override: reassigning to symbol DEBUG_VM_PGTABLE
.config:1634:warning: override: reassigning to symbol HAVE_EXIT_THREAD
.config:1637:warning: override: reassigning to symbol HAVE_HW_BREAKPOINT
.config:1639:warning: override: reassigning to symbol ARCH_HAS_KERNEL_FPU_SUPPORT
.config:1640:warning: override: reassigning to symbol HAVE_EBPF_JIT
.config:1642:warning: override: reassigning to symbol LIST_HARDENED
.config:1647:warning: override: reassigning to symbol HAVE_DMA_CONTIGUOUS
.config:1653:warning: override: reassigning to symbol NEW_LEDS
.config:1655:warning: override: reassigning to symbol ARCH_CLOCKSOURCE_INIT
.config:1656:warning: override: reassigning to symbol X86_REQUIRED_FEATURE_XMM2
.config:1658:warning: override: reassigning to symbol X86_DISABLED_FEATURE_PTI
.config:1666:warning: override: reassigning to symbol AIO
.config:1684:warning: override: reassigning to symbol GENERIC_CLOCKEVENTS_COUPLED_INLINE
.config:1688:warning: override: reassigning to symbol CORDIC
.config:1693:warning: override: reassigning to symbol CC_CAN_LINK
.config:1694:warning: override: reassigning to symbol ARCH_SUPPORTS_INT128
.config:1699:warning: override: reassigning to symbol HAVE_IOREMAP_PROT
.config:1701:warning: override: reassigning to symbol HAVE_MOVE_PMD
.config:1702:warning: override: reassigning to symbol HAS_IOMEM
.config:1705:warning: override: reassigning to symbol X86_DISABLED_FEATURE_UMIP
.config:1708:warning: override: reassigning to symbol HAVE_DYNAMIC_FTRACE_NO_PATCHABLE
.config:1726:warning: override: reassigning to symbol NEED_DMA_MAP_STATE
.config:1741:warning: override: reassigning to symbol POWER_SUPPLY
.config:1742:warning: override: reassigning to symbol HAVE_KERNEL_BZIP2
.config:1751:warning: override: reassigning to symbol ARCH_MIGHT_HAVE_PC_PARPORT
.config:1756:warning: override: reassigning to symbol TTY
.config:1761:warning: override: reassigning to symbol HAVE_ARCH_KASAN
.config:1768:warning: override: reassigning to symbol ARCH_WANT_OPTIMIZE_DAX_VMEMMAP
.config:1769:warning: override: reassigning to symbol ADVISE_SYSCALLS
.config:1771:warning: override: reassigning to symbol TOOLS_SUPPORT_RELR
.config:1774:warning: override: reassigning to symbol NVRAM
.config:1784:warning: override: reassigning to symbol HAVE_ARCH_MMAP_RND_BITS
.config:1785:warning: override: reassigning to symbol STRICT_SIGALTSTACK_SIZE
.config:1794:warning: override: reassigning to symbol ADDRESS_MASKING
.config:1796:warning: override: reassigning to symbol OBJTOOL
.config:1798:warning: override: reassigning to symbol NEED_SG_DMA_LENGTH
.config:1799:warning: override: reassigning to symbol HAVE_KERNEL_LZ4
.config:1805:warning: override: reassigning to symbol DEBUG_INFO_DWARF5
.config:1808:warning: override: reassigning to symbol HAVE_ARCH_HUGE_VMALLOC
.config:1811:warning: override: reassigning to symbol INOTIFY_USER
.config:1813:warning: override: reassigning to symbol ARCH_USE_SYM_ANNOTATIONS
.config:1814:warning: override: reassigning to symbol CLKEVT_I8253
.config:1816:warning: override: reassigning to symbol HAVE_OBJTOOL_MCOUNT
.config:1818:warning: override: reassigning to symbol X86_VERBOSE_BOOTUP
.config:1820:warning: override: reassigning to symbol ARCH_SUPPORTS_LTO_CLANG
.config:1823:warning: override: reassigning to symbol X86_VMX_FEATURE_NAMES
.config:1825:warning: override: reassigning to symbol WQ_CPU_INTENSIVE_REPORT
.config:1831:warning: override: reassigning to symbol HAVE_ASM_MODVERSIONS
.config:1856:warning: override: reassigning to symbol COMEDI
.config:1860:warning: override: reassigning to symbol GENERIC_CALIBRATE_DELAY
.config:1861:warning: override: reassigning to symbol RESET_CONTROLLER
.config:1865:warning: override: reassigning to symbol CC_IS_GCC
.config:1867:warning: override: reassigning to symbol X86_DISABLED_FEATURE_RETHUNK
.config:1873:warning: override: reassigning to symbol CPU_FREQ
.config:1879:warning: override: reassigning to symbol ARCH_SUPPORTS_LTO_CLANG_THIN
.config:1881:warning: override: reassigning to symbol PC104
.config:1885:warning: override: reassigning to symbol ARCH_CONFIGURES_CPU_MITIGATIONS
.config:1908:warning: override: reassigning to symbol ARCH_DMA_ADDR_T_64BIT
.config:1910:warning: override: reassigning to symbol LEGACY_VSYSCALL_NONE
.config:1912:warning: override: reassigning to symbol COMMON_CLK
.config:1920:warning: override: reassigning to symbol SECCOMP
.config:1922:warning: override: reassigning to symbol PHY_PXA_28NM_HSIC
.config:1930:warning: override: reassigning to symbol DEBUG_PERF_USE_VMALLOC
.config:1934:warning: override: reassigning to symbol WATCHDOG
.config:1949:warning: override: reassigning to symbol PRINTK
.config:1953:warning: override: reassigning to symbol TTY
.config:1956:warning: override: reassigning to symbol BLK_DEV_INITRD
.config:1960:warning: override: reassigning to symbol BINFMT_ELF
.config:1961:warning: override: reassigning to symbol BINFMT_SCRIPT
.config:1967:warning: override: reassigning to symbol KERNEL_GZIP
#
# configuration written to .config
#
make[5]: Leaving directory '/mnt/git-volume/kernel-test-stable-rc/build/rand500config-x86_64'
make[4]: Leaving directory '/mnt/git-volume/linux-stable-rc'
make[4]: Entering directory '/mnt/git-volume/linux-stable-rc'
make[5]: Entering directory '/mnt/git-volume/kernel-test-stable-rc/build/rand500config-x86_64'
  SYNC    include/config/auto.conf.cmd
  UPD     arch/x86/include/generated/asm/cpufeaturemasks.h
  UPD     include/generated/uapi/linux/version.h
  UPD     include/config/kernel.release
  HOSTCC  scripts/sorttable.o
  UPD     include/generated/utsrelease.h
  HOSTLD  scripts/sorttable
  DESCEND objtool
  CC      scripts/mod/empty.o
  CC      scripts/mod/devicetable-offsets.s
  MKELF   scripts/mod/elfconfig.h
  HOSTCC  scripts/mod/modpost.o
  HOSTCC  scripts/mod/sumversion.o
  HOSTCC  scripts/mod/symsearch.o
  HOSTCC  scripts/mod/file2alias.o
  HOSTLD  scripts/mod/modpost
  CC      kernel/bounds.s
  INSTALL libsubcmd_headers
  CC      arch/x86/kernel/asm-offsets.s
  UPD     include/generated/asm-offsets.h
  CC      kernel/sched/rq-offsets.s
  UPD     include/generated/rq-offsets.h
  CALL    /mnt/git-volume/linux-stable-rc/scripts/checksyscalls.sh 
  GEN     usr/initramfs_data.cpio
  AS      arch/x86/boot/startup/la57toggle.o
  CC      init/main.o
  COPY    usr/initramfs_inc_data
  AS      usr/initramfs_data.o
  CC      arch/x86/boot/startup/gdt_idt.o
  AR      usr/built-in.a
  CC      kernel/fork.o
  CC      arch/x86/boot/startup/map_kernel.o
  CC      mm/filemap.o
  AR      arch/x86/boot/startup/lib.a
  OBJCOPY arch/x86/boot/startup/gdt_idt.pi.o
  OBJCOPY arch/x86/boot/startup/map_kernel.pi.o
  AR      arch/x86/boot/startup/built-in.a
  AS      arch/x86/entry/entry.o
  AS      arch/x86/entry/entry_64.o
  CC      arch/x86/entry/syscall_64.o
  UPD     init/utsversion-tmp.h
  CC      init/do_mounts.o
  CC      arch/x86/entry/common.o
  CC      kernel/exec_domain.o
  CC      mm/mempool.o
  CC      init/do_mounts_initrd.o
  CC      arch/x86/entry/vdso/vma.o
  CC      kernel/panic.o
  CC      mm/oom_kill.o
  CC      init/initramfs.o
  CC      arch/x86/entry/vdso/extable.o
  CC      kernel/cpu.o
  LDS     arch/x86/entry/vdso/vdso64/vdso64.lds
  AS      arch/x86/entry/vdso/vdso64/note.o
  CC      arch/x86/entry/vdso/vdso64/vclock_gettime.o
  CC      init/calibrate.o
  CC      mm/fadvise.o
  CC      kernel/exit.o
  CC      init/init_task.o
  CC      arch/x86/entry/vdso/vdso64/vgetcpu.o
  CC      arch/x86/entry/vdso/vdso64/vgetrandom.o
  AS      arch/x86/entry/vdso/vdso64/vgetrandom-chacha.o
  VDSO    arch/x86/entry/vdso/vdso64/vdso64.so.dbg
  OBJCOPY arch/x86/entry/vdso/vdso64/vdso64.so
  VDSO2C  arch/x86/entry/vdso/vdso64/vdso64-image.c
  CC      arch/x86/entry/vdso/vdso64/vdso64-image.o
  CC      mm/maccess.o
  AR      arch/x86/entry/vdso/vdso64/built-in.a
  AR      arch/x86/entry/vdso/built-in.a
  CC      arch/x86/entry/vsyscall/vsyscall_64.o
  CC      init/version.o
  AR      init/built-in.a
  CC      kernel/softirq.o
  CC      mm/page-writeback.o
  CC      fs/open.o
  AS      arch/x86/entry/vsyscall/vsyscall_emu_64.o
  AR      arch/x86/entry/vsyscall/built-in.a
  AS      arch/x86/entry/thunk.o
  AR      arch/x86/entry/built-in.a
  CC      arch/x86/events/core.o
  CC      kernel/resource.o
  CC      fs/read_write.o
  CC      mm/folio-compat.o
  CC      kernel/sysctl.o
  CC      arch/x86/events/probe.o
  CC      mm/readahead.o
  CC      arch/x86/events/utils.o
  CC      kernel/capability.o
  CC      fs/file_table.o
  CC      arch/x86/events/amd/core.o
  CC      mm/swap.o
  CC      kernel/ptrace.o
  CC      fs/super.o
  CC      mm/truncate.o
  CC      arch/x86/events/amd/lbr.o
  CC      kernel/user.o
  CC      fs/char_dev.o
  CC      kernel/signal.o
  CC      arch/x86/events/amd/ibs.o
  CC      mm/vmscan.o
  CC      fs/stat.o
  AR      arch/x86/events/amd/built-in.a
  CC      arch/x86/events/msr.o
  CC      fs/exec.o
  CC      kernel/sys.o
  CC      mm/shrinker.o
  CC      arch/x86/events/intel/core.o
  CC      mm/shmem.o
  CC      fs/pipe.o
  CC      kernel/umh.o
  CC      mm/util.o
  CC      fs/namei.o
  CC      kernel/workqueue.o
  CC      mm/mmzone.o
  CC      mm/vmstat.o
  CC      arch/x86/events/intel/bts.o
  CC      mm/backing-dev.o
  CC      fs/fcntl.o
  CC      arch/x86/events/intel/ds.o
  CC      kernel/pid.o
  CC      mm/mm_init.o
  CC      fs/ioctl.o
  CC      kernel/task_work.o
  CC      arch/x86/events/intel/knc.o
  CC      mm/percpu.o
  CC      fs/readdir.o
  CC      kernel/extable.o
  CC      arch/x86/events/intel/lbr.o
  CC      fs/select.o
  CC      kernel/params.o
  CC      mm/slab_common.o
  CC      arch/x86/events/intel/p4.o
  CC      kernel/kthread.o
  CC      mm/compaction.o
  CC      fs/dcache.o
  CC      arch/x86/events/intel/p6.o
  CC      kernel/sys_ni.o
  CC      mm/show_mem.o
  CC      kernel/nsproxy.o
  CC      arch/x86/events/intel/pt.o
  CC      fs/inode.o
  CC      mm/interval_tree.o
  CC      kernel/nstree.o
  CC      mm/list_lru.o
  AR      arch/x86/events/intel/built-in.a
  CC      arch/x86/events/zhaoxin/core.o
  CC      kernel/nscommon.o
  CC      fs/attr.o
  CC      mm/workingset.o
  CC      kernel/notifier.o
  AR      arch/x86/events/zhaoxin/built-in.a
  AR      arch/x86/events/built-in.a
  CC      arch/x86/realmode/init.o
  CC      fs/bad_inode.o
  CC      kernel/ksysfs.o
  AS      arch/x86/realmode/rm/header.o
  AS      arch/x86/realmode/rm/trampoline_64.o
  AS      arch/x86/realmode/rm/reboot.o
  CC      mm/debug.o
  PASYMS  arch/x86/realmode/rm/pasyms.h
  LDS     arch/x86/realmode/rm/realmode.lds
  LD      arch/x86/realmode/rm/realmode.elf
  RELOCS  arch/x86/realmode/rm/realmode.relocs
  OBJCOPY arch/x86/realmode/rm/realmode.bin
  AS      arch/x86/realmode/rmpiggy.o
  AR      arch/x86/realmode/built-in.a
  AS      arch/x86/kernel/head_64.o
  CC      arch/x86/kernel/head64.o
  CC      fs/file.o
  CC      kernel/cred.o
  CC      mm/gup.o
  CC      arch/x86/kernel/ebda.o
  CC      kernel/reboot.o
  CC      fs/filesystems.o
  CC      arch/x86/kernel/platform-quirks.o
  CC      mm/mmap_lock.o
  CC      arch/x86/kernel/process_64.o
  CC      fs/namespace.o
  CC      kernel/async.o
  CC      kernel/range.o
  CC      kernel/smpboot.o
  CC      mm/vma_init.o
  CC      arch/x86/kernel/signal.o
  CC      kernel/ucount.o
  CC      mm/highmem.o
  CC      kernel/regset.o
  CC      arch/x86/kernel/signal_64.o
  CC      kernel/ksyms_common.o
  CC      mm/memory.o
  CC      fs/seq_file.o
  CC      arch/x86/kernel/traps.o
  CC      kernel/groups.o
  CC      fs/xattr.o
  CC      kernel/sched/core.o
  CC      arch/x86/kernel/idt.o
  CC      fs/libfs.o
  CC      arch/x86/kernel/irq.o
  CC      mm/mincore.o
  CC      arch/x86/kernel/irq_64.o
  CC      kernel/sched/fair.o
  CC      fs/fs-writeback.o
  CC      mm/mlock.o
  CC      arch/x86/kernel/dumpstack_64.o
  CC      fs/pnode.o
  CC      arch/x86/kernel/time.o
  CC      mm/mmap.o
  CC      arch/x86/kernel/ioport.o
  CC      fs/splice.o
  CC      kernel/sched/build_policy.o
  CC      arch/x86/kernel/dumpstack.o
  CC      mm/mmu_gather.o
  CC      fs/sync.o
  CC      arch/x86/kernel/nmi.o
  CC      mm/mprotect.o
  CC      fs/utimes.o
  CC      arch/x86/kernel/setup.o
  CC      fs/d_path.o
  CC      mm/mremap.o
  CC      kernel/sched/build_utility.o
  CC      arch/x86/kernel/x86_init.o
  CC      fs/stack.o
  CC      arch/x86/kernel/i8259.o
  CC      mm/msync.o
  CC      fs/fs_struct.o
  CC      arch/x86/kernel/irqinit.o
  CC      mm/page_vma_mapped.o
  CC      fs/statfs.o
  AR      kernel/sched/built-in.a
  CC      kernel/locking/mutex.o
  CC      arch/x86/kernel/irq_work.o
  CC      mm/pagewalk.o
  CC      fs/fs_pin.o
  CC      kernel/locking/semaphore.o
  CC      arch/x86/kernel/probe_roms.o
  CC      fs/nsfs.o
  CC      mm/pgtable-generic.o
  CC      kernel/locking/rwsem.o
  CC      arch/x86/kernel/sys_x86_64.o
  CC      fs/fs_dirent.o
  CC      fs/fs_context.o
  CC      kernel/locking/percpu-rwsem.o
  CC      mm/rmap.o
  CC      arch/x86/kernel/bootflag.o
  AR      kernel/locking/built-in.a
  CC      kernel/power/qos.o
  CC      arch/x86/kernel/e820.o
  CC      fs/fs_parser.o
  AR      kernel/power/built-in.a
  CC      kernel/printk/printk.o
  CC      mm/vmalloc.o
  CC      arch/x86/kernel/pci-dma.o
  CC      fs/fsopen.o
  CC      arch/x86/kernel/quirks.o
  CC      fs/init.o
  CC      kernel/printk/printk_safe.o
  CC      arch/x86/kernel/kdebugfs.o
  CC      fs/kernel_read_file.o
  CC      mm/vma.o
  CC      kernel/printk/nbcon.o
  CC      arch/x86/kernel/alternative.o
  CC      fs/mnt_idmapping.o
  CC      kernel/printk/printk_ringbuffer.o
  CC      fs/remap_range.o
  CC      arch/x86/kernel/i8253.o
  AR      kernel/printk/built-in.a
  CC      kernel/irq/irqdesc.o
  CC      mm/vma_exec.o
  CC      arch/x86/kernel/hw_breakpoint.o
  CC      fs/pidfs.o
  CC      kernel/irq/handle.o
  CC      arch/x86/kernel/tsc.o
  CC      mm/mseal.o
  CC      kernel/irq/manage.o
  CC      fs/file_attr.o
  CC      arch/x86/kernel/tsc_msr.o
  CC      mm/page_alloc.o
  CC      kernel/irq/spurious.o
  CC      arch/x86/kernel/io_delay.o
  CC      fs/fserror.o
  CC      arch/x86/kernel/rtc.o
  CC      kernel/irq/resend.o
  CC      mm/page_frag_cache.o
  CC      fs/nullfs.o
  CC      arch/x86/kernel/resource.o
  CC      kernel/irq/chip.o
  AS      arch/x86/kernel/irqflags.o
  CC      arch/x86/kernel/static_call.o
  CC      mm/init-mm.o
  CC      fs/notify/fsnotify.o
  CC      arch/x86/kernel/process.o
  CC      kernel/irq/dummychip.o
  CC      mm/memblock.o
  CC      kernel/irq/devres.o
  CC      fs/notify/notification.o
  CC      arch/x86/kernel/fpu/init.o
  CC      arch/x86/kernel/fpu/bugs.o
  CC      mm/slub.o
  CC      arch/x86/kernel/fpu/core.o
  CC      fs/notify/group.o
  CC      kernel/irq/kexec.o
  CC      kernel/irq/autoprobe.o
  CC      fs/notify/mark.o
  CC      arch/x86/kernel/fpu/regset.o
  CC      kernel/irq/irqdomain.o
  CC      mm/madvise.o
  CC      arch/x86/kernel/fpu/signal.o
  CC      fs/notify/fdinfo.o
  CC      fs/notify/inotify/inotify_fsnotify.o
  CC      kernel/irq/matrix.o
  CC      arch/x86/kernel/fpu/xstate.o
  CC      mm/dmapool.o
  CC      fs/notify/inotify/inotify_user.o
  AR      kernel/irq/built-in.a
  CC      kernel/rcu/update.o
  CC      mm/sparse.o
  AR      arch/x86/kernel/fpu/built-in.a
  CC      arch/x86/kernel/ptrace.o
  CC      kernel/rcu/sync.o
  CC      mm/sparse-vmemmap.o
  AR      fs/notify/inotify/built-in.a
  AR      fs/notify/built-in.a
  CC      fs/anon_inodes.o
  CC      kernel/rcu/srcutiny.o
  CC      arch/x86/kernel/step.o
  CC      kernel/rcu/tiny.o
  CC      mm/migrate.o
  CC      fs/signalfd.o
  CC      arch/x86/kernel/stacktrace.o
  AR      kernel/rcu/built-in.a
  CC      kernel/liveupdate/kexec_handover.o
  CC      fs/eventfd.o
  CC      arch/x86/kernel/cpu/cacheinfo.o
  CC      mm/debug_vm_pgtable.o
  CC      kernel/liveupdate/kexec_handover_debug.o
  CC      fs/aio.o
  CC      arch/x86/kernel/cpu/scattered.o
  CC      kernel/liveupdate/kexec_handover_debugfs.o
  CC      mm/page_isolation.o
  CC      arch/x86/kernel/cpu/topology_common.o
  CC      arch/x86/kernel/cpu/topology_ext.o
  AR      kernel/liveupdate/built-in.a
  CC      kernel/dma/mapping.o
  CC      mm/early_ioremap.o
  CC      fs/binfmt_script.o
  CC      arch/x86/kernel/cpu/topology_amd.o
  CC      arch/x86/kernel/cpu/common.o
  CC      kernel/dma/direct.o
  CC      fs/binfmt_elf.o
  CC      mm/cma.o
  CC      kernel/dma/swiotlb.o
  CC      mm/debug_page_alloc.o
  CC      fs/devpts/inode.o
  CC      arch/x86/kernel/cpu/rdrand.o
  CC      arch/x86/kernel/cpu/match.o
  CC      mm/percpu-stats.o
  CC      kernel/dma/remap.o
  CC      arch/x86/kernel/cpu/bugs.o
  AR      fs/devpts/built-in.a
  CC      fs/ramfs/inode.o
  AR      mm/built-in.a
  CC      security/commoncap.o
  AR      kernel/dma/built-in.a
  CC      kernel/entry/common.o
  CC      fs/ramfs/file-mmu.o
  CC      kernel/entry/syscall-common.o
  CC      security/min_addr.o
  AR      fs/ramfs/built-in.a
  CC      fs/debugfs/inode.o
  CC      arch/x86/kernel/cpu/aperfmperf.o
  CC      kernel/entry/syscall_user_dispatch.o
  AR      security/built-in.a
  CC      arch/x86/kernel/cpu/cpuid-deps.o
  CC      fs/debugfs/file.o
  CC      arch/x86/kernel/cpu/cpuid_0x2_table.o
  CC      lib/argv_split.o
  CC      arch/x86/kernel/cpu/umwait.o
  AR      kernel/entry/built-in.a
  CC      kernel/unwind/user.o
  CC      lib/buildid.o
  AR      fs/debugfs/built-in.a
  AR      fs/built-in.a
  AS      arch/x86/lib/bhi.o
  AS      arch/x86/lib/clear_page_64.o
  CC      arch/x86/lib/cmdline.o
  CC      kernel/unwind/deferred.o
  AS      arch/x86/lib/cmpxchg16b_emu.o
  CC      arch/x86/lib/copy_mc.o
  CC      arch/x86/kernel/cpu/capflags.o
  CC      arch/x86/kernel/cpu/powerflags.o
  CC      lib/cmdline.o
  CC      arch/x86/kernel/cpu/topology.o
  AS      arch/x86/lib/copy_mc_64.o
  AS      arch/x86/lib/copy_page_64.o
  AS      arch/x86/lib/copy_user_64.o
  CC      lib/ctype.o
  CC      lib/dec_and_lock.o
  AS      arch/x86/lib/copy_user_uncached_64.o
  CC      arch/x86/lib/cpu.o
  AR      kernel/unwind/built-in.a
  CC      kernel/time/time.o
  CC      lib/decompress.o
  CC      lib/decompress_bunzip2.o
  AS      arch/x86/lib/csum-copy_64.o
  CC      arch/x86/kernel/cpu/feat_ctl.o
  CC      arch/x86/lib/csum-partial_64.o
  CC      arch/x86/lib/csum-wrappers_64.o
  CC      arch/x86/kernel/cpu/intel.o
  CC      lib/decompress_inflate.o
  CC      arch/x86/lib/delay.o
  CC      kernel/time/timer.o
  AS      arch/x86/lib/getuser.o
  CC      arch/x86/lib/inat.o
  CC      arch/x86/lib/insn-eval.o
  CC      arch/x86/kernel/cpu/tsx.o
  CC      lib/decompress_unlz4.o
  CC      arch/x86/kernel/cpu/amd.o
  CC      lib/decompress_unlzma.o
  CC      kernel/time/hrtimer.o
  CC      arch/x86/lib/insn.o
  AS      arch/x86/lib/memcpy_64.o
  AS      arch/x86/lib/memmove_64.o
  AS      arch/x86/lib/memset_64.o
  CC      arch/x86/lib/misc.o
  CC      lib/decompress_unlzo.o
  CC      arch/x86/lib/pc-conf-reg.o
  AS      arch/x86/lib/putuser.o
  CC      arch/x86/kernel/cpu/hygon.o
  CC      arch/x86/lib/usercopy.o
  CC      kernel/time/sleep_timeout.o
  CC      lib/decompress_unxz.o
  CC      arch/x86/lib/usercopy_64.o
  CC      arch/x86/kernel/cpu/centaur.o
  CC      kernel/time/timekeeping.o
  CC      lib/decompress_unzstd.o
  CC      arch/x86/kernel/cpu/zhaoxin.o
  CC      arch/x86/lib/msr.o
  CC      arch/x86/kernel/cpu/microcode/core.o
  AS      arch/x86/lib/msr-reg.o
  CC      lib/dump_stack.o
  CC      arch/x86/lib/msr-reg-export.o
  AS      arch/x86/lib/hweight.o
  CC      arch/x86/lib/iomem.o
  CC      kernel/time/ntp.o
  CC      arch/x86/kernel/cpu/microcode/intel.o
  AR      arch/x86/lib/lib.a
  CC      lib/earlycpio.o
  AR      arch/x86/lib/built-in.a
  AR      drivers/irqchip/built-in.a
  CC      drivers/bus/mhi/ep/main.o
  CC      lib/extable.o
  CC      lib/fdt.o
  CC      kernel/time/clocksource.o
  CC      arch/x86/kernel/cpu/microcode/amd.o
  CC      lib/fdt_addresses.o
  CC      lib/fdt_empty_tree.o
  CC      lib/fdt_ro.o
  CC      lib/fdt_rw.o
  CC      drivers/bus/mhi/ep/mmio.o
  CC      kernel/time/jiffies.o
  CC      lib/fdt_strerror.o
  CC      lib/fdt_sw.o
  AR      arch/x86/kernel/cpu/microcode/built-in.a
  CC      arch/x86/kernel/cpu/perfctr-watchdog.o
  CC      kernel/time/timer_list.o
  CC      lib/fdt_wip.o
  CC      lib/flex_proportions.o
  CC      drivers/bus/mhi/ep/ring.o
  CC      arch/x86/kernel/cpu/debugfs.o
  CC      lib/idr.o
  CC      kernel/time/timeconv.o
  CC      kernel/time/timecounter.o
  CC      drivers/bus/mhi/ep/sm.o
  CC      kernel/time/alarmtimer.o
  CC      lib/iomem_copy.o
  AR      arch/x86/kernel/cpu/built-in.a
  AR      arch/x86/kernel/acpi/built-in.a
  CC      arch/x86/kernel/reboot.o
  CC      lib/irq_regs.o
  CC      lib/is_single_threaded.o
  CC      kernel/time/posix-stubs.o
  AR      drivers/bus/mhi/ep/built-in.a
  AR      drivers/bus/mhi/built-in.a
  AR      drivers/bus/built-in.a
  CC      drivers/phy/phy-core.o
  CC      lib/klist.o
  CC      arch/x86/kernel/msr.o
  CC      lib/kobject.o
  CC      kernel/time/clockevents.o
  CC      drivers/phy/marvell/phy-pxa-28nm-hsic.o
  CC      lib/kobject_uevent.o
  CC      arch/x86/kernel/tsc_sync.o
  CC      kernel/time/tick-common.o
  AR      drivers/phy/marvell/built-in.a
  CC      arch/x86/kernel/mpparse.o
  AR      drivers/phy/built-in.a
  AR      drivers/pwm/built-in.a
  CC      drivers/leds/led-core.o
  CC      kernel/time/tick-broadcast.o
  CC      lib/logic_pio.o
  AR      drivers/leds/built-in.a
  AR      drivers/pci/built-in.a
  CC      drivers/video/aperture.o
  CC      kernel/time/vsyscall.o
  CC      arch/x86/kernel/apic/apic.o
  CC      lib/maple_tree.o
  CC      kernel/time/timekeeping_debug.o
  CC      drivers/video/cmdline.o
  AR      kernel/time/built-in.a
  CC      kernel/up.o
  CC      drivers/video/nomodeset.o
  CC      kernel/watchdog.o
  CC      arch/x86/kernel/apic/apic_common.o
  CC      drivers/video/console/dummycon.o
  CC      lib/memcat_p.o
  CC      kernel/irq_work.o
  CC      arch/x86/kernel/apic/apic_noop.o
  CC      drivers/video/console/vgacon.o
  CC      lib/nmi_backtrace.o
  CC      kernel/static_call.o
  CC      arch/x86/kernel/apic/ipi.o
  CC      lib/objpool.o
  CC      kernel/static_call_inline.o
  AR      drivers/video/console/built-in.a
  AR      drivers/video/backlight/built-in.a
  CC      arch/x86/kernel/apic/vector.o
  CC      drivers/video/fbdev/core/fb_notify.o
  CC      lib/plist.o
  CC      lib/radix-tree.o
  CC      kernel/events/core.o
  CC      drivers/video/fbdev/core/fb_info.o
  CC      lib/ratelimit.o
  CC      arch/x86/kernel/apic/init.o
  CC      lib/rbtree.o
  CC      arch/x86/kernel/apic/hw_nmi.o
  CC      lib/seq_buf.o
  CC      drivers/video/fbdev/core/fbmem.o
  CC      arch/x86/kernel/apic/io_apic.o
  CC      lib/siphash.o
  CC      drivers/video/fbdev/core/fbcmap.o
  CC      lib/string.o
  CC      lib/sys_info.o
  CC      drivers/video/fbdev/core/modedb.o
  CC      arch/x86/kernel/apic/apic_flat_64.o
  CC      lib/timerqueue.o
  CC      arch/x86/kernel/apic/probe_64.o
  CC      lib/vsprintf.o
  AR      arch/x86/kernel/apic/built-in.a
  CC      arch/x86/kernel/trace_clock.o
  CC      drivers/video/fbdev/core/fbcvt.o
  CC      arch/x86/kernel/hpet.o
  CC      kernel/events/ring_buffer.o
  CC      arch/x86/kernel/perf_regs.o
  CC      drivers/video/fbdev/core/fb_cmdline.o
  CC      lib/win_minmax.o
  CC      arch/x86/kernel/unwind_guess.o
  CC      kernel/events/callchain.o
  CC      drivers/video/fbdev/core/fb_backlight.o
  CC      lib/xarray.o
  CC      arch/x86/kernel/vsmp_64.o
  CC      drivers/video/fbdev/core/fbmon.o
  CC      kernel/events/hw_breakpoint.o
  CC      lib/lockref.o
  CC      arch/x86/kernel/vmcore_info_64.o
  CC      lib/bcd.o
  CC      lib/sort.o
  CC      lib/parser.o
  CC      drivers/video/fbdev/core/fb_chrdev.o
  CC      arch/x86/kernel/machine_kexec_64.o
  CC      lib/debug_locks.o
  AR      kernel/events/built-in.a
  CC      kernel/torture.o
  CC      lib/random32.o
  CC      lib/bust_spinlocks.o
  CC      drivers/video/fbdev/core/fb_procfs.o
  AS      arch/x86/kernel/relocate_kernel_64.o
  CC      kernel/iomem.o
  CC      arch/x86/kernel/kexec-bzimage64.o
  CC      lib/kasprintf.o
  CC      kernel/scftorture.o
  CC      drivers/video/fbdev/core/fbsysfs.o
  CC      lib/bitmap.o
  CC      arch/x86/kernel/crash_dump_64.o
  CC      kernel/vmcore_info.o
  CC      arch/x86/kernel/crash.o
  AR      drivers/video/fbdev/core/built-in.a
  CC      lib/scatterlist.o
  AR      drivers/video/fbdev/built-in.a
  AR      drivers/video/built-in.a
  CC      drivers/clk/clk-devres.o
  CC      drivers/clk/clk-bulk.o
  CC      kernel/elfcorehdr.o
  LDS     arch/x86/kernel/vmlinux.lds
  AR      arch/x86/kernel/built-in.a
  CC      arch/x86/mm/init.o
  CC      drivers/clk/clkdev.o
  CC      lib/list_sort.o
  CC      lib/uuid.o
  CC      lib/iov_iter.o
  CC      kernel/crash_reserve.o
  CC      drivers/clk/clk.o
  CC      arch/x86/mm/init_64.o
  CC      kernel/kexec_core.o
  CC      lib/clz_ctz.o
  CC      arch/x86/mm/fault.o
  CC      lib/bsearch.o
  CC      drivers/clk/clk-divider.o
  CC      kernel/crash_core.o
  CC      lib/find_bit.o
  CC      drivers/clk/clk-fixed-factor.o
  CC      kernel/kexec_file.o
  CC      lib/llist.o
  CC      lib/lwq.o
  CC      arch/x86/mm/ioremap.o
  CC      drivers/clk/clk-fixed-rate.o
  CC      lib/memweight.o
  CC      lib/kfifo.o
  CC      drivers/clk/clk-gate.o
  CC      kernel/seccomp.o
  CC      arch/x86/mm/extable.o
  CC      drivers/clk/clk-multiplier.o
  CC      lib/percpu-refcount.o
  CC      drivers/clk/clk-mux.o
  AR      kernel/built-in.a
  CC      arch/x86/video/video-common.o
  CC      arch/x86/mm/mmap.o
  CC      lib/rhashtable.o
  CC      drivers/clk/clk-composite.o
  CC      arch/x86/mm/pgtable.o
  AR      arch/x86/video/built-in.a
  CC      lib/base64.o
  CC      drivers/clk/clk-fractional-divider.o
  CC      lib/once.o
  CC      lib/refcount.o
  CC      lib/rcuref.o
  CC      lib/usercopy.o
  CC      drivers/clk/clk-gpio.o
  CC      arch/x86/mm/physaddr.o
  CC      lib/errseq.o
  CC      lib/bucket_locks.o
  CC      lib/generic-radix-tree.o
  CC      arch/x86/mm/tlb.o
  CC      lib/bitmap-str.o
  CC      lib/string_helpers.o
  AR      drivers/clk/built-in.a
  CC      drivers/virtio/virtio.o
  CC      lib/hexdump.o
  CC      lib/kstrtox.o
  CC      arch/x86/mm/cpu_entry_area.o
  CC      drivers/virtio/virtio_ring.o
  CC      lib/math/div64.o
  CC      lib/math/gcd.o
  CC      lib/math/lcm.o
  CC      lib/math/int_log.o
  CC      lib/math/int_pow.o
  CC      lib/math/int_sqrt.o
  CC      lib/crc/crc32-main.o
  CC      lib/math/reciprocal_div.o
  CC      lib/math/cordic.o
  CC      arch/x86/mm/maccess.o
  AR      lib/crc/built-in.a
  CC      lib/crypto/blake2s.o
  CC      lib/math/rational.o
  CC      arch/x86/mm/pgprot.o
  CC      drivers/virtio/virtio_anchor.o
  AR      lib/math/built-in.a
  CC      arch/x86/mm/pat/set_memory.o
  AS      lib/crypto/x86/blake2s-core.o
  CC      lib/crypto/chacha-block-generic.o
  CC      lib/crypto/sha256.o
  CC      lib/vdso/datastore.o
  AR      drivers/virtio/built-in.a
  CC      drivers/reset/core.o
  AS      lib/crypto/x86/sha256-ssse3-asm.o
  AS      lib/crypto/x86/sha256-avx-asm.o
  AR      lib/vdso/built-in.a
  AS      lib/crypto/x86/sha256-avx2-asm.o
  CC      arch/x86/mm/pat/memtype.o
  AS      lib/crypto/x86/sha256-ni-asm.o
  AR      lib/crypto/built-in.a
  CC      lib/iomap.o
  AR      drivers/reset/built-in.a
  CC      drivers/char/mem.o
  CC      drivers/tty/tty_io.o
  AR      arch/x86/mm/pat/built-in.a
  AR      arch/x86/mm/built-in.a
  AR      arch/x86/platform/efi/built-in.a
  AR      arch/x86/platform/built-in.a
  CC      arch/x86/purgatory/purgatory.o
  CC      lib/iomap_copy.o
  AS      arch/x86/purgatory/stack.o
  AS      arch/x86/purgatory/setup-x86_64.o
  CC      arch/x86/purgatory/sha256.o
  CC      lib/devres.o
  CC      drivers/char/random.o
  AS      arch/x86/purgatory/entry64.o
  CC      arch/x86/purgatory/string.o
  LD      arch/x86/purgatory/purgatory.ro
  LD      arch/x86/purgatory/purgatory.chk
  CC      lib/list_debug.o
  AS      arch/x86/purgatory/kexec-purgatory.o
  AR      arch/x86/purgatory/built-in.a
  CC      arch/x86/virt/svm/cmdline.o
  AR      arch/x86/virt/svm/built-in.a
  AR      arch/x86/virt/built-in.a
  AR      arch/x86/built-in.a
  CC      drivers/char/misc.o
  CC      lib/bitrev.o
  CC      drivers/tty/n_tty.o
  CC      lib/xxhash.o
  CC      drivers/char/nvram.o
  CC      lib/zlib_inflate/inffast.o
  CC      drivers/char/virtio_console.o
  CC      lib/zlib_inflate/inflate.o
  CC      drivers/tty/tty_ioctl.o
  CC      lib/zlib_inflate/infutil.o
  CC      lib/zlib_inflate/inftrees.o
  CC      lib/zlib_inflate/inflate_syms.o
  CC      drivers/tty/tty_ldisc.o
  CC      drivers/tty/tty_buffer.o
  AR      lib/zlib_inflate/built-in.a
  CC      lib/lzo/lzo1x_decompress_safe.o
  AR      drivers/char/built-in.a
  AR      drivers/iommu/built-in.a
  AR      lib/lzo/built-in.a
  CC      lib/lz4/lz4_decompress.o
  CC      drivers/base/component.o
  CC      drivers/tty/tty_port.o
  CC      drivers/tty/tty_mutex.o
  CC      drivers/base/core.o
  CC      drivers/tty/tty_ldsem.o
  CC      drivers/tty/tty_baudrate.o
  AR      lib/lz4/built-in.a
  CC      lib/zstd/zstd_decompress_module.o
  CC      drivers/tty/tty_jobctrl.o
  CC      lib/zstd/decompress/huf_decompress.o
  CC      drivers/tty/n_null.o
  CC      drivers/tty/pty.o
  CC      drivers/tty/vt/vt_ioctl.o
  CC      drivers/base/bus.o
  CC      drivers/tty/hvc/hvc_console.o
  CC      lib/zstd/decompress/zstd_ddict.o
  CC      lib/zstd/decompress/zstd_decompress.o
  CC      drivers/tty/vt/vc_screen.o
  CC      drivers/base/dd.o
  CC      lib/zstd/decompress/zstd_decompress_block.o
  AR      drivers/tty/hvc/built-in.a
  CC      drivers/tty/serial/serial_core.o
  CC      drivers/tty/vt/selection.o
  CC      drivers/base/syscore.o
  CC      drivers/tty/vt/keyboard.o
  CC      drivers/base/driver.o
  CC      drivers/base/class.o
  CC      drivers/tty/serial/serial_base_bus.o
  CC      lib/zstd/zstd_common_module.o
  CC      lib/zstd/common/debug.o
  CC      lib/zstd/common/entropy_common.o
  CC      lib/zstd/common/error_private.o
  CC      lib/zstd/common/fse_decompress.o
  CC      drivers/base/platform.o
  CC      drivers/tty/serial/serial_ctrl.o
  CC      drivers/tty/vt/vt.o
  CC      lib/zstd/common/zstd_common.o
  AR      lib/zstd/built-in.a
  CC      lib/xz/xz_dec_syms.o
  CC      drivers/tty/serial/serial_port.o
  CC      lib/xz/xz_dec_stream.o
  CC      drivers/base/cpu.o
  CC      drivers/tty/serial/earlycon.o
  CC      lib/xz/xz_dec_lzma2.o
  CC      drivers/base/firmware.o
  CC      drivers/tty/serial/8250/8250_core.o
  CC      lib/xz/xz_dec_bcj.o
  CC      drivers/base/init.o
  CC      drivers/tty/vt/defkeymap.o
  AR      lib/xz/built-in.a
  CC      lib/syscall.o
  CC      drivers/tty/vt/consolemap.o
  CC      drivers/tty/serial/8250/8250_platform.o
  CC      drivers/base/map.o
  CC      drivers/base/devres.o
  CC      lib/strncpy_from_user.o
  CC      drivers/tty/vt/consolemap_deftbl.o
  CC      drivers/tty/serial/8250/8250_port.o
  CC      drivers/tty/vt/ucs.o
  AR      drivers/tty/vt/built-in.a
  CC      drivers/tty/serial/8250/8250_early.o
  CC      lib/strnlen_user.o
  CC      drivers/base/attribute_container.o
  CC      drivers/base/transport_class.o
  CC      lib/group_cpus.o
  CC      drivers/base/topology.o
  CC      drivers/base/container.o
  AR      lib/lib.a
  AR      drivers/tty/serial/8250/built-in.a
  AR      drivers/tty/serial/built-in.a
  AR      drivers/tty/built-in.a
  AR      lib/built-in.a
  AR      drivers/misc/built-in.a
  CC      drivers/base/property.o
  AR      drivers/mfd/built-in.a
  CC      drivers/input/serio/serio.o
  CC      drivers/base/cacheinfo.o
  CC      drivers/base/swnode.o
  CC      drivers/input/serio/i8042.o
  CC      drivers/base/faux.o
  CC      drivers/base/power/clock_ops.o
  CC      drivers/base/firmware_loader/builtin/main.o
  CC      drivers/input/serio/serport.o
  AR      drivers/base/firmware_loader/builtin/built-in.a
  AR      drivers/base/firmware_loader/built-in.a
  CC      drivers/input/serio/libps2.o
  AR      drivers/base/power/built-in.a
  AR      drivers/base/built-in.a
  CC      drivers/input/input.o
  CC      drivers/input/input-compat.o
  CC      drivers/input/input-mt.o
  AR      drivers/input/serio/built-in.a
  CC      drivers/rtc/lib.o
  CC      drivers/input/input-poller.o
  CC      drivers/input/ff-core.o
  CC      drivers/input/touchscreen.o
  CC      drivers/rtc/rtc-mc146818-lib.o
  CC      drivers/input/touch-overlay.o
  CC      drivers/input/ff-memless.o
  AR      drivers/rtc/built-in.a
  CC      drivers/input/matrix-keymap.o
  AR      drivers/media/rc/keymaps/built-in.a
  AR      drivers/media/rc/built-in.a
  CC      drivers/input/vivaldi-fmap.o
  AR      drivers/media/built-in.a
  CC      drivers/power/supply/power_supply_core.o
  CC      drivers/input/keyboard/atkbd.o
  CC      drivers/input/joydev.o
  CC      drivers/input/mouse/psmouse-base.o
  AR      drivers/power/supply/built-in.a
  AR      drivers/power/built-in.a
  CC      drivers/input/mouse/synaptics.o
  AR      drivers/input/keyboard/built-in.a
  CC      drivers/input/mouse/focaltech.o
  CC      drivers/input/mouse/alps.o
  CC      drivers/input/mouse/byd.o
  CC      drivers/input/mouse/logips2pp.o
  CC      drivers/input/mouse/trackpoint.o
  CC      drivers/input/mouse/cypress_ps2.o
  CC      drivers/watchdog/watchdog_core.o
  CC      drivers/watchdog/watchdog_dev.o
  CC      drivers/watchdog/cadence_wdt.o
  AR      drivers/input/mouse/built-in.a
  AR      drivers/input/built-in.a
  CC      drivers/cpufreq/cpufreq.o
  CC      drivers/watchdog/f71808e_wdt.o
  CC      drivers/watchdog/ib700wdt.o
  CC      drivers/watchdog/sbc60xxwdt.o
  CC      drivers/watchdog/w83977f_wdt.o
  CC      drivers/watchdog/sbc_epx_c3.o
  CC      drivers/watchdog/max63xx_wdt.o
  CC      drivers/cpufreq/freq_table.o
  CC      drivers/watchdog/softdog.o
  CC      drivers/cpufreq/cpufreq_performance.o
  CC      drivers/cpufreq/cpufreq_powersave.o
  AR      drivers/watchdog/built-in.a
  AR      drivers/mmc/built-in.a
  AR      drivers/firmware/efi/built-in.a
  AR      drivers/firmware/built-in.a
  CC      drivers/clocksource/i8253.o
  CC      drivers/bcma/main.o
  CC      drivers/hid/hid-core.o
  AR      drivers/cpufreq/built-in.a
  AR      drivers/comedi/kcomedilib/built-in.a
  AR      drivers/comedi/drivers/built-in.a
  CC      drivers/comedi/comedi_fops.o
  AR      drivers/clocksource/built-in.a
  AR      drivers/platform/x86/built-in.a
  AR      drivers/platform/mellanox/built-in.a
  AR      drivers/platform/built-in.a
  CC      drivers/comedi/range.o
  CC      drivers/bcma/scan.o
  CC      drivers/comedi/drivers.o
  CC      drivers/hid/hid-input.o
  CC      drivers/bcma/core.o
  CC      drivers/comedi/comedi_buf.o
  CC      drivers/bcma/sprom.o
  CC      drivers/bcma/driver_chipcommon.o
  AR      drivers/comedi/built-in.a
  CC      drivers/bcma/driver_chipcommon_pmu.o
  CC      drivers/hid/hid-quirks.o
  CC      drivers/bcma/driver_chipcommon_b.o
  CC      drivers/bcma/driver_chipcommon_sflash.o
  CC      drivers/bcma/host_soc.o
  CC      drivers/hid/hid-debug.o
  CC      drivers/hid/hid-generic.o
  CC      drivers/hid/hid-axff.o
  AR      drivers/bcma/built-in.a
  CC      drivers/hid/hid-multitouch.o
  CC      drivers/hid/hid-ortek.o
  CC      drivers/hid/hid-steam.o
  CC      drivers/hid/hid-gaff.o
  CC      drivers/hid/hid-udraw-ps3.o
  AR      drivers/hid/built-in.a
  AR      drivers/built-in.a
  AR      built-in.a
  AR      vmlinux.a
  LD      vmlinux.o
  MODPOST vmlinux.symvers
  CC      .vmlinux.export.o
  UPD     include/generated/utsversion.h
  CC      init/version-timestamp.o
  LD      vmlinux.unstripped
  NM      System.map
  SORTTAB vmlinux.unstripped
  OBJCOPY vmlinux
  GEN     modules.builtin.modinfo
  GEN     modules.builtin
  HOSTCC  arch/x86/tools/insn_decoder_test
  HOSTCC  arch/x86/tools/insn_sanity
  TEST    posttest
  arch/x86/tools/insn_decoder_test: success: Decoded and checked 2655832 instructions
  TEST    posttest
  arch/x86/tools/insn_sanity: success: Decoded and checked 1000000 random instructions with 0 errors (seed:0x19f991ad)
  CC      arch/x86/boot/a20.o
  CC      arch/x86/boot/cmdline.o
  CC      arch/x86/boot/cpu.o
  CC      arch/x86/boot/cpuflags.o
  CC      arch/x86/boot/cpucheck.o
  CC      arch/x86/boot/early_serial_console.o
  CC      arch/x86/boot/edd.o
  CC      arch/x86/boot/main.o
  CC      arch/x86/boot/memory.o
  CC      arch/x86/boot/pm.o
  LDS     arch/x86/boot/compressed/vmlinux.lds
  AS      arch/x86/boot/compressed/head_64.o
  AS      arch/x86/boot/pmjump.o
  VOFFSET arch/x86/boot/compressed/../voffset.h
  CC      arch/x86/boot/printf.o
  CC      arch/x86/boot/regs.o
  CC      arch/x86/boot/string.o
  CC      arch/x86/boot/tty.o
  CC      arch/x86/boot/compressed/string.o
  CC      arch/x86/boot/video.o
  CC      arch/x86/boot/compressed/cmdline.o
  CC      arch/x86/boot/video-mode.o
  CC      arch/x86/boot/version.o
  CC      arch/x86/boot/video-vga.o
  CC      arch/x86/boot/compressed/error.o
  CC      arch/x86/boot/video-vesa.o
  CC      arch/x86/boot/video-bios.o
  OBJCOPY arch/x86/boot/compressed/vmlinux.bin
  CC      arch/x86/boot/compressed/cpuflags.o
  CC      arch/x86/boot/compressed/ident_map_64.o
  CC      arch/x86/boot/compressed/idt_64.o
  AS      arch/x86/boot/compressed/idt_handlers_64.o
  CC      arch/x86/boot/compressed/pgtable_64.o
  CC      arch/x86/boot/compressed/misc.o
  GZIP    arch/x86/boot/compressed/vmlinux.bin.gz
  MKPIGGY arch/x86/boot/compressed/piggy.S
  AS      arch/x86/boot/compressed/piggy.o
  LD      arch/x86/boot/compressed/vmlinux
  ZOFFSET arch/x86/boot/zoffset.h
  OBJCOPY arch/x86/boot/vmlinux.bin
  AS      arch/x86/boot/header.o
  LD      arch/x86/boot/setup.elf
  OBJCOPY arch/x86/boot/setup.bin
  BUILD   arch/x86/boot/bzImage
Kernel: arch/x86/boot/bzImage is ready  (#10)
make[5]: Leaving directory '/mnt/git-volume/kernel-test-stable-rc/build/rand500config-x86_64'
make[4]: Leaving directory '/mnt/git-volume/linux-stable-rc'
