make[4]: Entering directory '/mnt/git-volume/linux-mainline'
make[5]: Entering directory '/mnt/git-volume/kernel-test-mainline/build/randdefconfig-riscv'
*** Default configuration is based on 'defconfig'
#
# configuration written to .config
#
make[5]: Leaving directory '/mnt/git-volume/kernel-test-mainline/build/randdefconfig-riscv'
make[4]: Leaving directory '/mnt/git-volume/linux-mainline'
make[4]: Entering directory '/mnt/git-volume/linux-mainline'
make[5]: Entering directory '/mnt/git-volume/kernel-test-mainline/build/randdefconfig-riscv'
.config:7252:warning: override: reassigning to symbol HAS_DMA
.config:7253:warning: override: reassigning to symbol KEYBOARD_ATKBD
.config:7254:warning: override: reassigning to symbol NET_DEVMEM
.config:7255:warning: override: reassigning to symbol ACPI_MCFG
.config:7256:warning: override: reassigning to symbol ARCH_HAS_KCOV
.config:7257:warning: override: reassigning to symbol MOUSE_PS2_TRACKPOINT
.config:7258:warning: override: reassigning to symbol PCI_DOMAINS_GENERIC
.config:7259:warning: override: reassigning to symbol CRYPTO_MANAGER2
.config:7260:warning: override: reassigning to symbol NET_VENDOR_CADENCE
.config:7261:warning: override: reassigning to symbol HARDIRQS_SW_RESEND
.config:7262:warning: override: reassigning to symbol CLK_STARFIVE_JH71X0
.config:7263:warning: override: reassigning to symbol SND_SIMPLE_CARD_UTILS
.config:7264:warning: override: reassigning to symbol CRYPTO_SKCIPHER2
.config:7265:warning: override: reassigning to symbol CAN_CALC_BITTIMING
.config:7266:warning: override: reassigning to symbol MTD_CFI_ADV_OPTIONS
.config:7267:warning: override: reassigning to symbol OF_RESERVED_MEM
.config:7268:warning: override: reassigning to symbol RISCV_IOMMU
.config:7269:warning: override: reassigning to symbol HAVE_ARCH_MMAP_RND_BITS
.config:7270:warning: override: reassigning to symbol VIRTIO_BLK
.config:7271:warning: override: reassigning to symbol MICROSEMI_PHY
.config:7272:warning: override: reassigning to symbol NET_VENDOR_AMD
.config:7273:warning: override: reassigning to symbol CPU_FREQ_GOV_POWERSAVE
.config:7274:warning: override: reassigning to symbol NET_VENDOR_QUALCOMM
.config:7275:warning: override: reassigning to symbol PNFS_BLOCK
.config:7276:warning: override: reassigning to symbol RISCV_ISA_V_PREEMPTIVE
.config:7277:warning: override: reassigning to symbol ACPI
.config:7278:warning: override: reassigning to symbol RESET_STARFIVE_JH7100
.config:7279:warning: override: reassigning to symbol IRQCHIP
.config:7280:warning: override: reassigning to symbol RESET_K230
.config:7281:warning: override: reassigning to symbol MEDIA_SUPPORT
.config:7282:warning: override: reassigning to symbol EFI_PARTITION
.config:7283:warning: override: reassigning to symbol ARCH_SUPPORTS_KEXEC
.config:7284:warning: override: reassigning to symbol ERRATA_THEAD
.config:7285:warning: override: reassigning to symbol GROUP_SCHED_WEIGHT
.config:7286:warning: override: reassigning to symbol NET_VENDOR_ALIBABA
.config:7287:warning: override: reassigning to symbol SND_SOC_JH7110_PWMDAC
.config:7288:warning: override: reassigning to symbol PROC_SYSCTL
.config:7289:warning: override: reassigning to symbol ARCH_ENABLE_MEMORY_HOTPLUG
.config:7290:warning: override: reassigning to symbol CRYPTO_LIB_UTILS
.config:7291:warning: override: reassigning to symbol ARCH_HAS_STRICT_KERNEL_RWX
.config:7292:warning: override: reassigning to symbol EFI_STUB
.config:7293:warning: override: reassigning to symbol DQL
.config:7294:warning: override: reassigning to symbol ARCH_ANDES
.config:7295:warning: override: reassigning to symbol XFRM_USER
.config:7296:warning: override: reassigning to symbol RD_ZSTD
.config:7297:warning: override: reassigning to symbol DEVTMPFS_MOUNT
.config:7298:warning: override: reassigning to symbol MAILBOX
.config:7299:warning: override: reassigning to symbol EEPROM_93CX6
.config:7300:warning: override: reassigning to symbol SECURITY_APPARMOR_HASH_DEFAULT
.config:7301:warning: override: reassigning to symbol DRM_PANEL
.config:7302:warning: override: reassigning to symbol SPI_DYNAMIC
.config:7303:warning: override: reassigning to symbol SLUB
.config:7304:warning: override: reassigning to symbol XOR_BLOCKS_ARCH
.config:7305:warning: override: reassigning to symbol KEYBOARD_SUN4I_LRADC
.config:7306:warning: override: reassigning to symbol CRYPTO_SEQIV
.config:7307:warning: override: reassigning to symbol DT_IDLE_STATES
.config:7308:warning: override: reassigning to symbol LOCKDEP_SUPPORT
.config:7309:warning: override: reassigning to symbol HOTPLUG_CORE_SYNC_FULL
.config:7310:warning: override: reassigning to symbol SUNRPC_GSS
.config:7311:warning: override: reassigning to symbol RTC_DRV_SPACEMIT_P1
.config:7312:warning: override: reassigning to symbol EFI_RUNTIME_WRAPPERS
.config:7313:warning: override: reassigning to symbol PROC_MEM_FORCE_PTRACE
.config:7314:warning: override: reassigning to symbol ARCH_WANT_OPTIMIZE_DAX_VMEMMAP
.config:7315:warning: override: reassigning to symbol SECURITY_APPARMOR_PARANOID_LOAD
.config:7316:warning: override: reassigning to symbol PCI_ECAM
.config:7317:warning: override: reassigning to symbol BUG
.config:7318:warning: override: reassigning to symbol ZLIB_DEFLATE
.config:7319:warning: override: reassigning to symbol GENERIC_PENDING_IRQ
.config:7320:warning: override: reassigning to symbol DRM_SUBALLOC_HELPER
.config:7321:warning: override: reassigning to symbol IOMMU_API
.config:7322:warning: override: reassigning to symbol GENERIC_IRQ_MATRIX_ALLOCATOR
.config:7323:warning: override: reassigning to symbol CC_HAVE_STACKPROTECTOR_TLS
.config:7324:warning: override: reassigning to symbol VIRTIO_MENU
.config:7325:warning: override: reassigning to symbol ARCH_WANT_LD_ORPHAN_WARN
.config:7326:warning: override: reassigning to symbol NET_9P_VIRTIO
.config:7327:warning: override: reassigning to symbol WATCHDOG_CORE
.config:7328:warning: override: reassigning to symbol SND_SOC_WM8978
.config:7329:warning: override: reassigning to symbol COMMON_CLK_ESWIN
.config:7330:warning: override: reassigning to symbol CRC_OPTIMIZATIONS
.config:7331:warning: override: reassigning to symbol CONTEXT_SWITCH_TRACER
.config:7332:warning: override: reassigning to symbol MMC_BLOCK
.config:7333:warning: override: reassigning to symbol RUSTC_SUPPORTS_RISCV
.config:7334:warning: override: reassigning to symbol SCHED_MM_CID
.config:7335:warning: override: reassigning to symbol OF_KOBJ
.config:7336:warning: override: reassigning to symbol RISCV_IMSIC
.config:7337:warning: override: reassigning to symbol DEBUG_MISC
.config:7338:warning: override: reassigning to symbol CGROUP_SCHED
.config:7339:warning: override: reassigning to symbol HAVE_KCSAN_COMPILER
.config:7340:warning: override: reassigning to symbol NET_VENDOR_SILAN
.config:7341:warning: override: reassigning to symbol USB_F_OBEX
.config:7342:warning: override: reassigning to symbol ACPI_PROCESSOR_IDLE
.config:7343:warning: override: reassigning to symbol FSNOTIFY
.config:7344:warning: override: reassigning to symbol NEED_TASKS_RCU
.config:7345:warning: override: reassigning to symbol FB_CORE
.config:7346:warning: override: reassigning to symbol USB_CONFIGFS_EEM
.config:7347:warning: override: reassigning to symbol DWMAC_STARFIVE
.config:7348:warning: override: reassigning to symbol RISCV_ISA_ZBC
.config:7349:warning: override: reassigning to symbol USB_CONFIGFS_ACM
.config:7350:warning: override: reassigning to symbol HAVE_HARDLOCKUP_DETECTOR_BUDDY
.config:7351:warning: override: reassigning to symbol SPI_SPACEMIT_K1
.config:7352:warning: override: reassigning to symbol SUSPEND_FREEZER
.config:7353:warning: override: reassigning to symbol BRIDGE_NETFILTER
.config:7354:warning: override: reassigning to symbol NF_CONNTRACK_TFTP
.config:7355:warning: override: reassigning to symbol ARCH_MICROCHIP
.config:7356:warning: override: reassigning to symbol PT_RECLAIM
.config:7357:warning: override: reassigning to symbol ARCH_HAS_DMA_PREP_COHERENT
.config:7358:warning: override: reassigning to symbol VIDEO_V4L2_SUBDEV_API
.config:7359:warning: override: reassigning to symbol HAS_IOMEM
.config:7360:warning: override: reassigning to symbol CLK_SIFIVE_PRCI
.config:7361:warning: override: reassigning to symbol SERIAL_8250_16550A_VARIANTS
.config:7362:warning: override: reassigning to symbol SND_SOC
.config:7363:warning: override: reassigning to symbol NET_VENDOR_SAMSUNG
.config:7364:warning: override: reassigning to symbol RISCV_PMU
.config:7365:warning: override: reassigning to symbol RANDSTRUCT_NONE
.config:7366:warning: override: reassigning to symbol COREDUMP
.config:7367:warning: override: reassigning to symbol QUEUED_RWLOCKS
.config:7368:warning: override: reassigning to symbol ARCH_SUPPORTS_RT
.config:7369:warning: override: reassigning to symbol GENERIC_PHY_MIPI_DPHY
.config:7370:warning: override: reassigning to symbol PINCTRL_STARFIVE_JH7110_AON
.config:7371:warning: override: reassigning to symbol DRM_CLIENT_SELECTION
.config:7372:warning: override: reassigning to symbol DWMAC_SUN55I
.config:7373:warning: override: reassigning to symbol MOUSE_PS2_ALPS
.config:7374:warning: override: reassigning to symbol HAVE_PREEMPT_DYNAMIC
.config:7375:warning: override: reassigning to symbol RSEQ
.config:7376:warning: override: reassigning to symbol FILE_LOCKING
.config:7377:warning: override: reassigning to symbol SERIAL_CORE
.config:7378:warning: override: reassigning to symbol OID_REGISTRY
.config:7379:warning: override: reassigning to symbol CRC16
.config:7380:warning: override: reassigning to symbol HAVE_RSEQ
.config:7381:warning: override: reassigning to symbol TRACING
.config:7382:warning: override: reassigning to symbol TMPFS
.config:7383:warning: override: reassigning to symbol CPU_FREQ_GOV_COMMON
.config:7384:warning: override: reassigning to symbol MMU_NOTIFIER
.config:7385:warning: override: reassigning to symbol HAVE_ARCH_SECCOMP
.config:7386:warning: override: reassigning to symbol OF_GPIO
.config:7387:warning: override: reassigning to symbol MACB
.config:7388:warning: override: reassigning to symbol RTC_INTF_DEV
.config:7389:warning: override: reassigning to symbol DMA_NONCOHERENT_MMAP
.config:7390:warning: override: reassigning to symbol NET_VENDOR_QLOGIC
.config:7391:warning: override: reassigning to symbol DECOMPRESS_GZIP
.config:7392:warning: override: reassigning to symbol BLK_DEV_BSG_COMMON
.config:7393:warning: override: reassigning to symbol FAT_FS
.config:7394:warning: override: reassigning to symbol ARCH_SUPPORTS_PER_VMA_LOCK
.config:7395:warning: override: reassigning to symbol HVC_DRIVER
.config:7396:warning: override: reassigning to symbol TICK_ONESHOT
.config:7397:warning: override: reassigning to symbol NET_VENDOR_RDC
.config:7398:warning: override: reassigning to symbol HDMI
.config:7399:warning: override: reassigning to symbol CRC32
.config:7400:warning: override: reassigning to symbol CAN_RAW
.config:7401:warning: override: reassigning to symbol HW_RANDOM_VIRTIO
.config:7402:warning: override: reassigning to symbol NET_SOCK_MSG
.config:7403:warning: override: reassigning to symbol GENERIC_ENTRY
.config:7404:warning: override: reassigning to symbol SPACEMIT_K1_CCU
.config:7405:warning: override: reassigning to symbol DTC
.config:7406:warning: override: reassigning to symbol LTO_NONE
.config:7407:warning: override: reassigning to symbol PCI
.config:7408:warning: override: reassigning to symbol SCSI_PROC_FS
.config:7409:warning: override: reassigning to symbol ERRATA_THEAD_MAE
.config:7410:warning: override: reassigning to symbol GENERIC_SMP_IDLE_THREAD
.config:7411:warning: override: reassigning to symbol MMC_SPI
.config:7412:warning: override: reassigning to symbol CRYPTO_LIB_AES
.config:7413:warning: override: reassigning to symbol ATA_VERBOSE_ERROR
.config:7414:warning: override: reassigning to symbol CRYPTO_HW
.config:7415:warning: override: reassigning to symbol NET_VENDOR_REALTEK
.config:7416:warning: override: reassigning to symbol RISCV_ISA_ZBB
.config:7417:warning: override: reassigning to symbol GENERIC_PINCONF
.config:7418:warning: override: reassigning to symbol NET_VENDOR_I825XX
.config:7419:warning: override: reassigning to symbol SUNXI_WATCHDOG
.config:7420:warning: override: reassigning to symbol EFI
.config:7421:warning: override: reassigning to symbol CRYPTO_KPP
.config:7422:warning: override: reassigning to symbol PM_SLEEP
.config:7423:warning: override: reassigning to symbol HAVE_ARCH_JUMP_LABEL_RELATIVE
.config:7424:warning: override: reassigning to symbol PROC_CHILDREN
.config:7425:warning: override: reassigning to symbol WLAN_VENDOR_ZYDAS
.config:7426:warning: override: reassigning to symbol BALLOON
.config:7427:warning: override: reassigning to symbol FRAMEBUFFER_CONSOLE_DETECT_PRIMARY
.config:7428:warning: override: reassigning to symbol ARCH_HAS_PREPARE_SYNC_CORE_CMD
.config:7429:warning: override: reassigning to symbol NF_CT_PROTO_SCTP
.config:7430:warning: override: reassigning to symbol SUN50I_IOMMU
.config:7431:warning: override: reassigning to symbol STRICT_MODULE_RWX
.config:7432:warning: override: reassigning to symbol SERIAL_8250_PCI
.config:7433:warning: override: reassigning to symbol HAVE_RETHOOK
.config:7434:warning: override: reassigning to symbol ARCH_USE_CMPXCHG_LOCKREF
.config:7435:warning: override: reassigning to symbol HOTPLUG_CPU
.config:7436:warning: override: reassigning to symbol CPU_FREQ
.config:7437:warning: override: reassigning to symbol NET_L3_MASTER_DEV
.config:7438:warning: override: reassigning to symbol ACPI_RIMT
.config:7439:warning: override: reassigning to symbol CRYPTO_HASH2
.config:7440:warning: override: reassigning to symbol SECURITY_SELINUX
.config:7441:warning: override: reassigning to symbol I2C_DESIGNWARE_PLATFORM
.config:7442:warning: override: reassigning to symbol PCC
.config:7443:warning: override: reassigning to symbol HAS_SECURITY_AUDIT
.config:7444:warning: override: reassigning to symbol PHY_SUN6I_MIPI_DPHY
.config:7445:warning: override: reassigning to symbol STARFIVE_JHB100_INTC
.config:7446:warning: override: reassigning to symbol NET_IP_TUNNEL
.config:7447:warning: override: reassigning to symbol PM_GENERIC_DOMAINS_SLEEP
.config:7448:warning: override: reassigning to symbol HUGETLB_PMD_PAGE_TABLE_SHARING
.config:7449:warning: override: reassigning to symbol VXLAN
.config:7450:warning: override: reassigning to symbol NET_VENDOR_CAVIUM
.config:7451:warning: override: reassigning to symbol BLK_DEV_DM
.config:7452:warning: override: reassigning to symbol HAVE_KERNEL_XZ
.config:7453:warning: override: reassigning to symbol HAVE_KERNEL_ZSTD
.config:7454:warning: override: reassigning to symbol NET_NS
.config:7455:warning: override: reassigning to symbol NET_VENDOR_AMAZON
.config:7456:warning: override: reassigning to symbol CPU_FREQ_GOV_USERSPACE
.config:7457:warning: override: reassigning to symbol PINCTRL_SOPHGO_CV18XX_OPS
.config:7458:warning: override: reassigning to symbol POWER_RESET_SYSCON_POWEROFF
.config:7459:warning: override: reassigning to symbol NET
.config:7460:warning: override: reassigning to symbol FREEZER
.config:7461:warning: override: reassigning to symbol GENERIC_IRQ_MULTI_HANDLER
.config:7462:warning: override: reassigning to symbol NET_VENDOR_SMSC
.config:7463:warning: override: reassigning to symbol DEBUG_KERNEL
.config:7464:warning: override: reassigning to symbol RISCV_ISA_ZBKB
.config:7465:warning: override: reassigning to symbol PCIEASPM
.config:7466:warning: override: reassigning to symbol RISCV_SCALAR_MISALIGNED
.config:7467:warning: override: reassigning to symbol PCI_PWRCTRL
.config:7468:warning: override: reassigning to symbol VIRTIO_DMA_SHARED_BUFFER
.config:7469:warning: override: reassigning to symbol MFD_CORE
.config:7470:warning: override: reassigning to symbol SERIO_SERPORT
.config:7471:warning: override: reassigning to symbol MOUSE_PS2
.config:7472:warning: override: reassigning to symbol HAVE_FUNCTION_GRAPH_FREGS
.config:7473:warning: override: reassigning to symbol NET_VENDOR_INTEL
.config:7474:warning: override: reassigning to symbol CPU_PM
.config:7475:warning: override: reassigning to symbol MMIOWB
.config:7476:warning: override: reassigning to symbol V4L2_FWNODE
.config:7477:warning: override: reassigning to symbol HOTPLUG_CORE_SYNC_DEAD
.config:7478:warning: override: reassigning to symbol SUNRPC
.config:7479:warning: override: reassigning to symbol NET_EGRESS
.config:7480:warning: override: reassigning to symbol KVFREE_RCU_BATCHED
.config:7481:warning: override: reassigning to symbol VDSO_GETRANDOM
.config:7482:warning: override: reassigning to symbol NFS_V4_0
.config:7483:warning: override: reassigning to symbol SERIAL_SIFIVE_CONSOLE
.config:7484:warning: override: reassigning to symbol CRYPTO_GENIV
.config:7485:warning: override: reassigning to symbol TUNE_GENERIC
.config:7486:warning: override: reassigning to symbol SPARSEMEM
.config:7487:warning: override: reassigning to symbol INPUT_KEYBOARD
.config:7488:warning: override: reassigning to symbol BLK_CGROUP_RWSTAT
.config:7489:warning: override: reassigning to symbol DRM_TTM
.config:7490:warning: override: reassigning to symbol OF_PMEM
.config:7491:warning: override: reassigning to symbol GENERIC_PHY
.config:7492:warning: override: reassigning to symbol MTD_MAP_BANK_WIDTH_2
.config:7493:warning: override: reassigning to symbol ACPI_CPPC_LIB
.config:7494:warning: override: reassigning to symbol BLK_DEV
.config:7495:warning: override: reassigning to symbol DRM_PANEL_BRIDGE
.config:7496:warning: override: reassigning to symbol LEGACY_PTYS
.config:7497:warning: override: reassigning to symbol TREE_SRCU
.config:7498:warning: override: reassigning to symbol UNIX
.config:7499:warning: override: reassigning to symbol ND_CLAIM
.config:7500:warning: override: reassigning to symbol CC_HAS_KASAN_GENERIC
.config:7501:warning: override: reassigning to symbol ARCH_USE_MEMTEST
.config:7502:warning: override: reassigning to symbol SUN6I_RTC_CCU
.config:7503:warning: override: reassigning to symbol ATA
.config:7504:warning: override: reassigning to symbol FW_LOADER
.config:7505:warning: override: reassigning to symbol SECURITYFS
.config:7506:warning: override: reassigning to symbol NLATTR
.config:7507:warning: override: reassigning to symbol VT_CONSOLE
.config:7508:warning: override: reassigning to symbol IP_NF_IPTABLES
.config:7509:warning: override: reassigning to symbol FB_SYSMEM_HELPERS
.config:7510:warning: override: reassigning to symbol FB_NOTIFY
.config:7511:warning: override: reassigning to symbol PCIE_FU740
.config:7512:warning: override: reassigning to symbol IP_VS_RR
.config:7513:warning: override: reassigning to symbol EXPORTFS
.config:7514:warning: override: reassigning to symbol RFS_ACCEL
.config:7515:warning: override: reassigning to symbol DRM_GEM_DMA_HELPER
.config:7516:warning: override: reassigning to symbol SYSVIPC_SYSCTL
.config:7517:warning: override: reassigning to symbol ATA_SFF
.config:7518:warning: override: reassigning to symbol SCHED_CACHE
.config:7519:warning: override: reassigning to symbol LINEAR_RANGES
.config:7520:warning: override: reassigning to symbol DRM_CLIENT_DEFAULT_FBDEV
.config:7521:warning: override: reassigning to symbol IKCONFIG
.config:7522:warning: override: reassigning to symbol IOMMU_SUPPORT
.config:7523:warning: override: reassigning to symbol TOOLCHAIN_HAS_ZBA
.config:7524:warning: override: reassigning to symbol USB_F_RNDIS
.config:7525:warning: override: reassigning to symbol SIGNALFD
.config:7526:warning: override: reassigning to symbol NET_VENDOR_CISCO
.config:7527:warning: override: reassigning to symbol KCMP
.config:7528:warning: override: reassigning to symbol ARCH_HAS_MEMBARRIER_SYNC_CORE
.config:7529:warning: override: reassigning to symbol USB_F_EEM
.config:7530:warning: override: reassigning to symbol CRYPTO_LIB_SHA512
.config:7531:warning: override: reassigning to symbol MTD_BLOCK
.config:7532:warning: override: reassigning to symbol MTD_OF_PARTS
.config:7533:warning: override: reassigning to symbol NET_VENDOR_SOCIONEXT
.config:7534:warning: override: reassigning to symbol FUTEX
.config:7535:warning: override: reassigning to symbol HAVE_CLK
.config:7536:warning: override: reassigning to symbol USB_CDNSP_PCI
.config:7537:warning: override: reassigning to symbol TASKS_RCU_GENERIC
.config:7538:warning: override: reassigning to symbol XFRM
.config:7539:warning: override: reassigning to symbol DECOMPRESS_XZ
.config:7540:warning: override: reassigning to symbol VIDEO_DEV
.config:7541:warning: override: reassigning to symbol PCIE_PLDA_HOST
.config:7542:warning: override: reassigning to symbol NAMESPACES
.config:7543:warning: override: reassigning to symbol DMIID
.config:7544:warning: override: reassigning to symbol NOP_TRACER
.config:7545:warning: override: reassigning to symbol USB_CDNS3
.config:7546:warning: override: reassigning to symbol HAVE_POSIX_CPU_TIMERS_TASK_WORK
.config:7547:warning: override: reassigning to symbol ARCH_WANTS_THP_SWAP
.config:7548:warning: override: reassigning to symbol PHYS_ADDR_T_64BIT
.config:7549:warning: override: reassigning to symbol BRIDGE_IGMP_SNOOPING
.config:7550:warning: override: reassigning to symbol TRACING_SUPPORT
.config:7551:warning: override: reassigning to symbol USB_PCI
.config:7565:warning: override: reassigning to symbol PRINTK
.config:7569:warning: override: reassigning to symbol TTY
.config:7572:warning: override: reassigning to symbol BLK_DEV_INITRD
.config:7573:warning: override: reassigning to symbol RD_GZIP
.config:7576:warning: override: reassigning to symbol BINFMT_ELF
.config:7577:warning: override: reassigning to symbol BINFMT_SCRIPT
.config:7580:warning: override: reassigning to symbol TMPFS
.config:7583:warning: override: reassigning to symbol KERNEL_GZIP
.config:7586:warning: override: reassigning to symbol DRM
.config:7587:warning: override: reassigning to symbol SOUND
.config:7588:warning: override: reassigning to symbol STAGING
.config:7589:warning: override: reassigning to symbol INFINIBAND
.config:7590:warning: override: reassigning to symbol MEDIA_SUPPORT
.config:7594:warning: override: reassigning to symbol SERIAL_8250
.config:7595:warning: override: reassigning to symbol SERIAL_8250_CONSOLE
.config:7596:warning: override: reassigning to symbol SERIAL_OF_PLATFORM
.config:7598:warning: override: reassigning to symbol FPU
#
# configuration written to .config
#
make[5]: Leaving directory '/mnt/git-volume/kernel-test-mainline/build/randdefconfig-riscv'
make[4]: Leaving directory '/mnt/git-volume/linux-mainline'
make[4]: Entering directory '/mnt/git-volume/linux-mainline'
make[5]: Entering directory '/mnt/git-volume/kernel-test-mainline/build/randdefconfig-riscv'
  SYNC    include/config/auto.conf.cmd
  CC      scripts/mod/empty.o
  CC      scripts/mod/devicetable-offsets.s
  MKELF   scripts/mod/elfconfig.h
  HOSTCC  scripts/mod/modpost.o
  HOSTCC  scripts/mod/sumversion.o
  HOSTCC  scripts/mod/symsearch.o
  HOSTCC  scripts/mod/file2alias.o
  HOSTLD  scripts/mod/modpost
  CC      kernel/bounds.s
  CC      arch/riscv/kernel/asm-offsets.s
  UPD     include/generated/asm-offsets.h
  CC      kernel/sched/rq-offsets.s
  UPD     include/generated/rq-offsets.h
  CALL    /mnt/git-volume/linux-mainline/scripts/checksyscalls.sh 
  AS      arch/riscv/kernel/vdso/rt_sigreturn.o
  CC      arch/riscv/kernel/vdso/vgettimeofday.o
  AS      arch/riscv/kernel/vdso/getcpu.o
  AS      arch/riscv/kernel/vdso/flush_icache.o
  CC      arch/riscv/kernel/vdso/hwprobe.o
  AS      arch/riscv/kernel/vdso/sys_hwprobe.o
  CC      arch/riscv/kernel/vdso/getrandom.o
  AS      arch/riscv/kernel/vdso/note.o
  AS      arch/riscv/kernel/vdso/vgetrandom-chacha.o
  VDSOLD  arch/riscv/kernel/vdso/vdso.so.dbg
  VDSOSYM include/generated/vdso-offsets.h
  VDSOAS  arch/riscv/kernel/compat_vdso/rt_sigreturn.o
  VDSOAS  arch/riscv/kernel/compat_vdso/getcpu.o
  VDSOAS  arch/riscv/kernel/compat_vdso/flush_icache.o
  VDSOAS  arch/riscv/kernel/compat_vdso/note.o
  VDSOLD  arch/riscv/kernel/compat_vdso/compat_vdso.so.dbg
  VDSOSYM include/generated/compat_vdso-offsets.h
  GEN     usr/initramfs_data.cpio
  CC      init/main.o
  COPY    usr/initramfs_inc_data
  AS      usr/initramfs_data.o
  AR      usr/built-in.a
  AS      arch/riscv/kernel/head.o
  CC      arch/riscv/kernel/soc.o
  CC      kernel/fork.o
  CC      mm/filemap.o
  CC      arch/riscv/kernel/alternative.o
  UPD     init/utsversion-tmp.h
  CC      arch/riscv/kernel/cpu.o
  CC      init/do_mounts.o
  CC      arch/riscv/kernel/cpufeature.o
  CC      kernel/exec_domain.o
  CC      init/do_mounts_initrd.o
  AS      arch/riscv/kernel/entry.o
  CC      arch/riscv/kernel/irq.o
  CC      mm/mempool.o
  CC      kernel/exec_state.o
  CC      init/initramfs.o
  CC      arch/riscv/kernel/process.o
  CC      kernel/panic.o
  CC      mm/oom_kill.o
  CC      kernel/cpu.o
  CC      arch/riscv/kernel/ptrace.o
  CC      init/calibrate.o
  CC      init/init_task.o
  CC      mm/fadvise.o
  CC      arch/riscv/kernel/reset.o
  CC      arch/riscv/kernel/return_address.o
  CC      init/version.o
  CC      mm/maccess.o
  CC      kernel/exit.o
  CC      arch/riscv/kernel/setup.o
  AR      init/built-in.a
  CC      kernel/softirq.o
  CC      mm/page-writeback.o
  CC      arch/riscv/kernel/signal.o
  CC      arch/riscv/kernel/syscall_table.o
  CC      kernel/resource.o
  CC      arch/riscv/kernel/sys_riscv.o
  CC      arch/riscv/kernel/sys_hwprobe.o
  CC      mm/folio-compat.o
  CC      kernel/sysctl.o
  CC      arch/riscv/kernel/time.o
  CC      arch/riscv/kernel/traps.o
  CC      mm/readahead.o
  CC      arch/riscv/kernel/riscv_ksyms.o
  CC      kernel/capability.o
  CC      arch/riscv/kernel/stacktrace.o
  CC      arch/riscv/kernel/cacheinfo.o
  CC      mm/swap.o
  CC      arch/riscv/kernel/patch.o
  CC      kernel/ptrace.o
  CC      arch/riscv/kernel/vendor_extensions.o
  CC      arch/riscv/kernel/vendor_extensions/andes.o
  CC      arch/riscv/kernel/probes/uprobes.o
  CC      arch/riscv/kernel/vendor_extensions/mips.o
  CC      arch/riscv/kernel/vendor_extensions/mips_hwprobe.o
  CC      kernel/user.o
  CC      mm/truncate.o
  CC      arch/riscv/kernel/probes/decode-insn.o
  CC      arch/riscv/kernel/vendor_extensions/sifive.o
  CC      arch/riscv/kernel/vendor_extensions/sifive_hwprobe.o
  CC      arch/riscv/kernel/vendor_extensions/thead.o
  CC      kernel/signal.o
  CC      arch/riscv/kernel/probes/simulate-insn.o
  CC      arch/riscv/kernel/vendor_extensions/thead_hwprobe.o
  AR      arch/riscv/kernel/vendor_extensions/built-in.a
  CC      arch/riscv/kernel/vdso.o
  CC      mm/vmscan.o
  AR      arch/riscv/kernel/probes/built-in.a
  OBJCOPY arch/riscv/kernel/vdso/vdso.so
  AS      arch/riscv/kernel/vdso/vdso.o
  AR      arch/riscv/kernel/vdso/built-in.a
  CC      arch/riscv/kernel/traps_misaligned.o
  CC      mm/shrinker.o
  CC      arch/riscv/kernel/unaligned_access_speed.o
  CC      mm/shmem.o
  CC      kernel/sys.o
  AS      arch/riscv/kernel/copy-unaligned.o
  AS      arch/riscv/kernel/vec-copy-unaligned.o
  AS      arch/riscv/kernel/fpu.o
  CC      arch/riscv/kernel/kernel_mode_fpu.o
  CC      arch/riscv/kernel/vector.o
  CC      mm/util.o
  CC      arch/riscv/kernel/kernel_mode_vector.o
  CC      kernel/umh.o
  CC      mm/mmzone.o
  CC      arch/riscv/kernel/smpboot.o
  CC      arch/riscv/kernel/smp.o
  CC      mm/vmstat.o
  CC      mm/backing-dev.o
  CC      kernel/workqueue.o
  CC      arch/riscv/kernel/cpu_ops.o
  CC      mm/mm_init.o
  CC      mm/percpu.o
  CC      arch/riscv/kernel/module.o
  AS      arch/riscv/kernel/suspend_entry.o
  CC      arch/riscv/kernel/suspend.o
  CC      mm/slab_common.o
  CC      kernel/pid.o
  CC      arch/riscv/kernel/perf_callchain.o
  CC      mm/compaction.o
  CC      arch/riscv/kernel/perf_regs.o
  CC      kernel/task_work.o
  CC      mm/show_mem.o
  CC      arch/riscv/kernel/sbi.o
  CC      kernel/extable.o
  CC      arch/riscv/kernel/sbi_ecall.o
  CC      mm/interval_tree.o
  CC      mm/list_lru.o
  CC      kernel/params.o
  CC      arch/riscv/kernel/sbi-ipi.o
  CC      mm/workingset.o
  CC      mm/debug.o
  CC      arch/riscv/kernel/cpu_ops_sbi.o
  CC      kernel/kthread.o
  CC      mm/gup.o
  CC      arch/riscv/kernel/cpu-hotplug.o
  CC      mm/mmap_lock.o
  CC      kernel/sys_ni.o
  CC      arch/riscv/kernel/jump_label.o
  CC      kernel/nsproxy.o
  CC      arch/riscv/kernel/efi.o
  CC      arch/riscv/kernel/compat_syscall_table.o
  CC      mm/vma_init.o
  CC      kernel/nstree.o
  CC      arch/riscv/kernel/compat_signal.o
  OBJCOPY arch/riscv/kernel/compat_vdso/compat_vdso.so
  AS      arch/riscv/kernel/compat_vdso/compat_vdso.o
  AR      arch/riscv/kernel/compat_vdso/built-in.a
  CC      mm/highmem.o
  CC      arch/riscv/kernel/pi/cmdline_early.o
  CC      arch/riscv/kernel/pi/fdt_early.o
  CC      kernel/nscommon.o
  CC      arch/riscv/kernel/pi/string.o
  CC      arch/riscv/kernel/bugs.o
  CC      arch/riscv/kernel/pi/ctype.o
  CC      arch/riscv/kernel/pi/lib-fdt.o
  CC      mm/memory.o
  CC      arch/riscv/kernel/pi/lib-fdt_ro.o
  CC      kernel/notifier.o
  LDS     arch/riscv/kernel/vmlinux.lds
  CC      arch/riscv/kernel/pi/archrandom_early.o
  CC      kernel/ksysfs.o
  OBJCOPY arch/riscv/kernel/pi/cmdline_early.pi.o
  OBJCOPY arch/riscv/kernel/pi/fdt_early.pi.o
  OBJCOPY arch/riscv/kernel/pi/string.pi.o
  OBJCOPY arch/riscv/kernel/pi/ctype.pi.o
  OBJCOPY arch/riscv/kernel/pi/lib-fdt.pi.o
  OBJCOPY arch/riscv/kernel/pi/lib-fdt_ro.pi.o
  OBJCOPY arch/riscv/kernel/pi/archrandom_early.pi.o
  AR      arch/riscv/kernel/pi/built-in.a
  AR      arch/riscv/kernel/built-in.a
  CC      arch/riscv/mm/init.o
  CC      arch/riscv/errata/andes/errata.o
  CC      kernel/cred.o
  AR      arch/riscv/errata/andes/built-in.a
  AS      arch/riscv/errata/sifive/errata_cip_453.o
  CC      arch/riscv/errata/sifive/errata.o
  CC      arch/riscv/mm/extable.o
  AR      arch/riscv/errata/sifive/built-in.a
  CC      arch/riscv/errata/thead/errata.o
  CC      arch/riscv/mm/fault.o
  CC      kernel/reboot.o
  AR      arch/riscv/errata/thead/built-in.a
  AR      arch/riscv/errata/built-in.a
  CC      arch/riscv/purgatory/purgatory.o
  CC      arch/riscv/purgatory/sha256.o
  CC      arch/riscv/mm/pageattr.o
  CC      kernel/async.o
  CC      mm/mincore.o
  AS      arch/riscv/purgatory/entry.o
  CC      arch/riscv/purgatory/string.o
  CC      arch/riscv/purgatory/ctype.o
  AS      arch/riscv/purgatory/memcpy.o
  CC      kernel/range.o
  AS      arch/riscv/purgatory/memset.o
  AS      arch/riscv/purgatory/strcmp.o
  AS      arch/riscv/purgatory/strlen.o
  CC      kernel/smpboot.o
  AS      arch/riscv/purgatory/strncmp.o
  CC      arch/riscv/mm/pgtable.o
  AS      arch/riscv/purgatory/strnlen.o
  AS      arch/riscv/purgatory/strchr.o
  AS      arch/riscv/purgatory/strrchr.o
  LD      arch/riscv/purgatory/purgatory.ro
  LD      arch/riscv/purgatory/purgatory.chk
  AS      arch/riscv/purgatory/kexec-purgatory.o
  AR      arch/riscv/purgatory/built-in.a
  CC      arch/riscv/mm/tlbflush.o
  CC      mm/mlock.o
  CC      kernel/ucount.o
  CC      arch/riscv/mm/cacheflush.o
  CC      kernel/regset.o
  CC      arch/riscv/mm/context.o
  CC      kernel/ksyms_common.o
  CC      arch/riscv/mm/pmem.o
  CC      mm/mmap.o
  CC      arch/riscv/mm/hugetlbpage.o
  CC      arch/riscv/mm/dma-noncoherent.o
  CC      kernel/groups.o
  CC      arch/riscv/mm/cache-ops.o
  CC      kernel/sched/core.o
  CC      mm/mmu_gather.o
  CC      kernel/sched/fair.o
  AR      arch/riscv/mm/built-in.a
  AR      arch/riscv/built-in.a
  CC      fs/open.o
  CC      mm/mprotect.o
  CC      fs/read_write.o
  CC      mm/mremap.o
  CC      kernel/sched/build_policy.o
  CC      mm/msync.o
  CC      fs/file_table.o
  CC      kernel/locking/mutex.o
  CC      mm/page_vma_mapped.o
  CC      fs/super.o
  CC      mm/pagewalk.o
  CC      kernel/locking/semaphore.o
  CC      fs/char_dev.o
  CC      mm/pgtable-generic.o
  CC      kernel/locking/rwsem.o
  CC      kernel/sched/build_utility.o
  CC      fs/stat.o
  CC      mm/rmap.o
  CC      kernel/locking/percpu-rwsem.o
  CC      fs/exec.o
  CC      kernel/locking/spinlock.o
  CC      mm/vmalloc.o
  CC      kernel/locking/osq_lock.o
  CC      kernel/locking/qspinlock.o
  CC      fs/pipe.o
  AR      kernel/sched/built-in.a
  CC      kernel/locking/rtmutex_api.o
  CC      kernel/power/qos.o
  CC      fs/namei.o
  CC      kernel/locking/qrwlock.o
  CC      kernel/power/main.o
  AR      kernel/locking/built-in.a
  CC      mm/vma.o
  CC      kernel/printk/printk.o
  CC      kernel/power/console.o
  CC      kernel/power/process.o
  CC      fs/fcntl.o
  CC      mm/vma_exec.o
  CC      kernel/printk/printk_safe.o
  CC      kernel/power/suspend.o
  CC      fs/ioctl.o
  CC      kernel/printk/nbcon.o
  CC      mm/process_vm_access.o
  AR      kernel/power/built-in.a
  CC      kernel/printk/printk_ringbuffer.o
  CC      kernel/irq/irqdesc.o
  CC      fs/readdir.o
  CC      mm/mseal.o
  CC      kernel/printk/sysctl.o
  CC      kernel/irq/handle.o
  CC      mm/page_alloc.o
  AR      kernel/printk/built-in.a
  CC      fs/select.o
  CC      kernel/rcu/update.o
  CC      kernel/irq/manage.o
  CC      kernel/rcu/sync.o
  CC      fs/dcache.o
  CC      kernel/rcu/srcutree.o
  CC      kernel/irq/spurious.o
  CC      kernel/rcu/tree.o
  CC      kernel/irq/resend.o
  CC      fs/inode.o
  CC      mm/page_frag_cache.o
  CC      kernel/irq/chip.o
  CC      mm/init-mm.o
  CC      kernel/irq/dummychip.o
  CC      fs/attr.o
  CC      kernel/rcu/rcu_segcblist.o
  CC      mm/memblock.o
  CC      kernel/irq/devres.o
  AR      kernel/rcu/built-in.a
  CC      kernel/dma/mapping.o
  CC      fs/bad_inode.o
  CC      kernel/irq/kexec.o
  CC      fs/file.o
  CC      mm/slub.o
  CC      kernel/irq/irqdomain.o
  CC      kernel/irq/proc.o
  CC      kernel/dma/direct.o
  CC      fs/filesystems.o
  CC      kernel/irq/migration.o
  CC      kernel/dma/coherent.o
  CC      fs/namespace.o
  CC      kernel/irq/cpuhotplug.o
  CC      kernel/dma/swiotlb.o
  CC      mm/madvise.o
  CC      kernel/irq/pm.o
  CC      kernel/irq/msi.o
  CC      kernel/dma/pool.o
  CC      mm/page_io.o
  CC      kernel/dma/remap.o
  CC      fs/seq_file.o
  CC      kernel/irq/ipi.o
  CC      mm/swap_state.o
  AR      kernel/dma/built-in.a
  CC      kernel/entry/common.o
  CC      fs/xattr.o
  CC      kernel/irq/ipi-mux.o
  CC      mm/swapfile.o
  CC      kernel/irq/affinity.o
  CC      kernel/entry/syscall-common.o
  CC      kernel/irq/matrix.o
  CC      kernel/entry/syscall_user_dispatch.o
  CC      fs/libfs.o
  CC      mm/dmapool.o
  AR      kernel/irq/built-in.a
  CC      kernel/module/main.o
  CC      kernel/entry/virt.o
  CC      fs/fs-writeback.o
  CC      mm/hugetlb.o
  AR      kernel/entry/built-in.a
  CC      kernel/kcmp.o
  CC      kernel/module/strict_rwx.o
  CC      kernel/freezer.o
  CC      kernel/module/kmod.o
  CC      kernel/profile.o
  CC      mm/hugetlb_sysfs.o
  CC      fs/pnode.o
  CC      kernel/module/tree_lookup.o
  CC      kernel/stacktrace.o
  CC      fs/splice.o
  CC      mm/hugetlb_sysctl.o
  CC      kernel/module/kallsyms.o
  CC      kernel/time/time.o
  CC      mm/hugetlb_vmemmap.o
  CC      kernel/module/procfs.o
  CC      fs/sync.o
  CC      mm/sparse.o
  CC      kernel/module/sysfs.o
  CC      fs/utimes.o
  CC      kernel/time/timer.o
  CC      mm/sparse-vmemmap.o
  AR      kernel/module/built-in.a
  CC      kernel/futex/core.o
  CC      fs/d_path.o
  CC      mm/mmu_notifier.o
  CC      kernel/time/hrtimer.o
  CC      fs/stack.o
  CC      kernel/futex/syscalls.o
  CC      fs/fs_struct.o
  CC      mm/memtest.o
  CC      kernel/futex/pi.o
  CC      kernel/time/sleep_timeout.o
  CC      mm/migrate.o
  CC      fs/statfs.o
  CC      kernel/time/timekeeping.o
  CC      kernel/futex/requeue.o
  CC      fs/fs_pin.o
  CC      kernel/futex/waitwake.o
  CC      mm/page_counter.o
  CC      fs/nsfs.o
  CC      kernel/time/ntp.o
  CC      mm/memcontrol.o
  AR      kernel/futex/built-in.a
  CC      kernel/smp.o
  CC      kernel/time/clocksource.o
  CC      fs/fs_dirent.o
  CC      fs/fs_context.o
  CC      kernel/kallsyms.o
  CC      kernel/time/jiffies.o
  CC      fs/fs_parser.o
  CC      kernel/time/timer_list.o
  CC      kernel/time/timeconv.o
  CC      kernel/time/timecounter.o
  CC      fs/fsopen.o
  CC      kernel/time/alarmtimer.o
  CC      mm/vmpressure.o
  CC      mm/bpf_memcontrol.o
  CC      fs/init.o
  CC      kernel/time/posix-timers.o
  CC      mm/hugetlb_cgroup.o
  CC      mm/early_ioremap.o
  CC      fs/kernel_read_file.o
  CC      mm/secretmem.o
  CC      mm/memfd.o
  CC      kernel/time/posix-cpu-timers.o
  CC      fs/mnt_idmapping.o
  CC      fs/remap_range.o
  CC      mm/page_reporting.o
  CC      fs/pidfs.o
  CC      kernel/time/posix-clock.o
  CC      fs/file_attr.o
  CC      mm/ioremap.o
  CC      kernel/time/itimer.o
  CC      fs/fserror.o
  CC      mm/execmem.o
  CC      fs/nullfs.o
  CC      kernel/time/clockevents.o
  CC      fs/buffer.o
  AR      mm/built-in.a
  CC      ipc/compat.o
  CC      fs/mpage.o
  CC      kernel/time/tick-common.o
  CC      ipc/util.o
  CC      fs/proc_namespace.o
  CC      kernel/time/tick-broadcast.o
  CC      fs/direct-io.o
  CC      ipc/msgutil.o
  CC      fs/notify/fsnotify.o
  CC      kernel/time/tick-broadcast-hrtimer.o
  CC      kernel/time/sched_clock.o
  CC      ipc/msg.o
  CC      kernel/time/tick-oneshot.o
  CC      kernel/time/tick-sched.o
  CC      fs/notify/notification.o
  CC      kernel/time/timer_migration.o
  CC      kernel/time/vsyscall.o
  CC      ipc/sem.o
  CC      fs/notify/group.o
  CC      kernel/time/timekeeping_debug.o
  CC      fs/notify/mark.o
  CC      kernel/time/namespace.o
  CC      kernel/time/namespace_vdso.o
  CC      ipc/shm.o
  CC      fs/notify/fdinfo.o
  CC      fs/notify/dnotify/dnotify.o
  AR      kernel/time/built-in.a
  CC      kernel/compat.o
  CC      fs/notify/inotify/inotify_fsnotify.o
  AR      fs/notify/dnotify/built-in.a
  CC      fs/notify/inotify/inotify_user.o
  CC      ipc/syscall.o
  CC      kernel/cgroup/cgroup.o
  CC      security/keys/gc.o
  CC      ipc/ipc_sysctl.o
  AR      fs/notify/inotify/built-in.a
  AR      fs/notify/built-in.a
  CC      fs/eventpoll.o
  CC      security/keys/key.o
  CC      ipc/namespace.o
  AR      ipc/built-in.a
  CC      security/keys/keyring.o
  CC      security/keys/keyctl.o
  CC      fs/anon_inodes.o
  CC      kernel/cgroup/rstat.o
  CC      fs/signalfd.o
  CC      security/keys/permission.o
  CC      fs/timerfd.o
  CC      security/keys/process_keys.o
  CC      fs/eventfd.o
  CC      kernel/cgroup/namespace.o
  CC      fs/aio.o
  CC      kernel/cgroup/cgroup-v1.o
  CC      security/keys/request_key.o
  CC      kernel/cgroup/freezer.o
  CC      security/keys/request_key_auth.o
  CC      kernel/cgroup/legacy_freezer.o
  CC      kernel/cgroup/pids.o
  CC      fs/locks.o
  CC      security/keys/user_defined.o
  CC      security/keys/compat.o
  CC      kernel/cgroup/cpuset.o
  CC      security/commoncap.o
  CC      security/keys/proc.o
  CC      fs/binfmt_script.o
  CC      security/lsm_syscalls.o
  CC      security/keys/sysctl.o
  AR      kernel/cgroup/built-in.a
  CC      kernel/utsname.o
  CC      fs/binfmt_elf.o
  AR      security/keys/built-in.a
  CC      fs/compat_binfmt_elf.o
  CC      kernel/user_namespace.o
  CC      security/min_addr.o
  CC      fs/backing-file.o
  CC      security/security.o
  CC      kernel/pid_namespace.o
  CC      fs/mbcache.o
  CC      fs/posix_acl.o
  CC      fs/coredump.o
  CC      kernel/stop_machine.o
  CC      kernel/seccomp.o
  CC      fs/drop_caches.o
  CC      security/lsm_notifier.o
  CC      fs/sysctls.o
  CC      fs/fhandle.o
  CC      kernel/utsname_sysctl.o
  CC      security/lsm_init.o
  CC      security/device_cgroup.o
  CC      kernel/tracepoint.o
  CC      fs/iomap/trace.o
  CC      fs/proc/task_mmu.o
  CC      kernel/trace/trace_clock.o
  CC      security/integrity/iint.o
  CC      kernel/trace/ring_buffer.o
  CC      security/integrity/efi_secureboot.o
  CC      fs/iomap/iter.o
  CC      fs/proc/inode.o
  AR      security/integrity/built-in.a
  AR      security/built-in.a
  CC      fs/iomap/buffered-io.o
  AR      crypto/built-in.a
  CC      block/bdev.o
  CC      fs/proc/root.o
  CC      kernel/trace/trace.o
  CC      fs/iomap/direct-io.o
  CC      fs/proc/base.o
  CC      block/fops.o
  CC      fs/iomap/ioend.o
  CC      block/bio.o
  CC      fs/proc/generic.o
  CC      fs/iomap/fiemap.o
  CC      kernel/trace/trace_output.o
  CC      block/elevator.o
  CC      fs/proc/array.o
  CC      fs/iomap/seek.o
  CC      block/blk-core.o
  CC      fs/iomap/bio.o
  CC      fs/proc/fd.o
  CC      kernel/trace/trace_seq.o
  CC      kernel/trace/trace_stat.o
  CC      fs/iomap/swapfile.o
  CC      fs/proc/proc_tty.o
  CC      fs/proc/cmdline.o
  AR      fs/iomap/built-in.a
  CC      kernel/trace/trace_printk.o
  CC      fs/kernfs/mount.o
  CC      block/blk-sysfs.o
  CC      fs/proc/consoles.o
  CC      fs/kernfs/inode.o
  CC      kernel/trace/trace_pid.o
  CC      fs/proc/cpuinfo.o
  CC      block/blk-flush.o
  CC      fs/proc/devices.o
  CC      fs/kernfs/dir.o
  CC      block/blk-settings.o
  CC      kernel/trace/pid_list.o
  CC      fs/proc/loadavg.o
  CC      block/blk-ioc.o
  CC      kernel/trace/trace_sched_switch.o
  CC      fs/proc/meminfo.o
  CC      fs/kernfs/file.o
  CC      block/blk-map.o
  CC      fs/proc/stat.o
  CC      kernel/trace/trace_nop.o
  CC      fs/kernfs/symlink.o
  CC      fs/proc/uptime.o
  CC      block/blk-merge.o
  CC      kernel/trace/blktrace.o
  CC      fs/proc/util.o
  AR      fs/kernfs/built-in.a
  CC      block/blk-timeout.o
  CC      fs/proc/version.o
  CC      kernel/trace/trace_events.o
  CC      block/blk-lib.o
  CC      block/blk-mq.o
  CC      fs/proc/softirqs.o
  CC      block/blk-mq-tag.o
  CC      fs/proc/namespaces.o
  CC      kernel/trace/trace_export.o
  CC      fs/proc/self.o
  CC      fs/proc/thread_self.o
  CC      fs/proc/proc_sysctl.o
  CC      fs/proc/kmsg.o
  CC      block/blk-mq-dma.o
  CC      kernel/trace/trace_event_perf.o
  CC      fs/proc/page.o
  CC      block/blk-stat.o
  CC      kernel/trace/trace_events_filter.o
  CC      kernel/trace/trace_events_trigger.o
  AR      fs/proc/built-in.a
  CC      fs/sysfs/file.o
  CC      block/blk-mq-sysfs.o
  CC      fs/sysfs/dir.o
  CC      block/blk-mq-cpumap.o
  CC      kernel/trace/trace_eprobe.o
  CC      kernel/trace/bpf_trace.o
  CC      fs/sysfs/symlink.o
  CC      block/blk-mq-sched.o
  CC      fs/sysfs/mount.o
  CC      kernel/trace/error_report-traces.o
  CC      block/ioctl.o
  CC      fs/sysfs/group.o
  CC      kernel/trace/power-traces.o
  AR      fs/sysfs/built-in.a
  CC      fs/devpts/inode.o
  CC      kernel/trace/rpm-traces.o
  CC      block/genhd.o
  AR      fs/devpts/built-in.a
  CC      fs/ext4/balloc.o
  CC      kernel/trace/trace_dynevent.o
  CC      kernel/trace/trace_probe.o
  CC      block/ioprio.o
  CC      kernel/trace/trace_uprobe.o
  CC      block/badblocks.o
  CC      fs/ext4/bitmap.o
  CC      fs/ext4/block_validity.o
  CC      block/partitions/core.o
  CC      fs/ext4/dir.o
  AR      kernel/trace/built-in.a
  CC      kernel/irq_work.o
  CC      block/partitions/msdos.o
  CC      fs/ext4/ext4_jbd2.o
  CC      block/partitions/efi.o
  CC      kernel/cpu_pm.o
  AR      block/partitions/built-in.a
  CC      block/blk-rq-qos.o
  CC      kernel/bpf/core.o
  CC      kernel/events/core.o
  CC      fs/ext4/extents.o
  CC      block/disk-events.o
  CC      block/blk-ia-ranges.o
  CC      kernel/bpf/syscall.o
  CC      block/early-lookup.o
  CC      fs/ext4/extents_status.o
  CC      block/bsg.o
  CC      block/blk-cgroup.o
  CC      fs/ext4/file.o
  CC      kernel/events/ring_buffer.o
  CC      fs/ext4/fsmap.o
  CC      kernel/bpf/verifier.o
  CC      block/blk-cgroup-rwstat.o
  CC      kernel/events/callchain.o
  CC      fs/ext4/fsync.o
  CC      block/blk-throttle.o
  CC      kernel/events/uprobes.o
  CC      fs/ext4/hash.o
  CC      block/mq-deadline.o
  AR      kernel/events/built-in.a
  CC      kernel/padata.o
  CC      fs/ext4/ialloc.o
  CC      block/kyber-iosched.o
  CC      kernel/jump_label.o
  CC      fs/ext4/indirect.o
  CC      fs/ext4/inline.o
  CC      block/bfq-iosched.o
  CC      fs/ext4/inode.o
  CC      fs/ext4/ioctl.o
  CC      kernel/bpf/inode.o
  CC      block/bfq-wf2q.o
  CC      fs/ext4/mballoc.o
  CC      block/bfq-cgroup.o
  CC      kernel/bpf/helpers.o
  CC      block/blk-mq-debugfs.o
  CC      fs/ext4/migrate.o
  CC      block/blk-pm.o
  CC      fs/ext4/mmp.o
  CC      kernel/bpf/tnum.o
  CC      fs/ext4/move_extent.o
  CC      kernel/bpf/cnum.o
  AR      block/built-in.a
  CC      kernel/bpf/log.o
  CC      io_uring/io_uring.o
  CC      fs/ext4/namei.o
  CC      fs/ext4/page-io.o
  CC      kernel/bpf/token.o
  CC      fs/ext4/readpage.o
  CC      kernel/bpf/liveness.o
  CC      fs/ext4/resize.o
  CC      io_uring/opdef.o
  CC      fs/ext4/super.o
  CC      fs/ext4/symlink.o
  CC      io_uring/kbuf.o
  CC      kernel/bpf/const_fold.o
  CC      fs/ext4/sysfs.o
  CC      io_uring/rsrc.o
  CC      kernel/bpf/bpf_iter.o
  CC      fs/ext4/xattr.o
  CC      io_uring/notif.o
  CC      kernel/bpf/map_iter.o
  CC      fs/ext4/xattr_hurd.o
  CC      kernel/bpf/task_iter.o
  CC      io_uring/tctx.o
  CC      fs/ext4/xattr_trusted.o
  CC      io_uring/filetable.o
  CC      fs/ext4/xattr_user.o
  CC      kernel/bpf/prog_iter.o
  CC      fs/ext4/fast_commit.o
  CC      kernel/bpf/link_iter.o
  CC      io_uring/rw.o
  CC      kernel/bpf/hashtab.o
  CC      kernel/bpf/arraymap.o
  CC      io_uring/poll.o
  CC      fs/ext4/orphan.o
  CC      fs/ext4/acl.o
  CC      kernel/bpf/percpu_freelist.o
  CC      io_uring/tw.o
  CC      kernel/bpf/bpf_lru_list.o
  CC      fs/ext4/xattr_security.o
  CC      kernel/bpf/lpm_trie.o
  CC      kernel/bpf/map_in_map.o
  CC      io_uring/wait.o
  AR      fs/ext4/built-in.a
  CC      fs/jbd2/transaction.o
  CC      kernel/bpf/bloom_filter.o
  CC      fs/jbd2/commit.o
  CC      io_uring/eventfd.o
  CC      kernel/bpf/local_storage.o
  CC      fs/jbd2/recovery.o
  CC      fs/jbd2/checkpoint.o
  CC      io_uring/uring_cmd.o
  CC      fs/jbd2/revoke.o
  CC      kernel/bpf/queue_stack_maps.o
  CC      fs/jbd2/journal.o
  CC      io_uring/openclose.o
  CC      io_uring/sqpoll.o
  CC      kernel/bpf/ringbuf.o
  CC      io_uring/xattr.o
  AR      fs/jbd2/built-in.a
  CC      fs/ramfs/inode.o
  CC      kernel/bpf/bpf_insn_array.o
  CC      fs/ramfs/file-mmu.o
  CC      io_uring/nop.o
  CC      kernel/bpf/bpf_local_storage.o
  CC      kernel/bpf/bpf_task_storage.o
  AR      fs/ramfs/built-in.a
  CC      fs/hugetlbfs/inode.o
  CC      io_uring/fs.o
  CC      io_uring/splice.o
  CC      kernel/bpf/fixups.o
  CC      kernel/bpf/cfg.o
  AR      fs/hugetlbfs/built-in.a
  CC      fs/fat/cache.o
  CC      io_uring/sync.o
  CC      fs/fat/dir.o
  CC      kernel/bpf/states.o
  CC      io_uring/msg_ring.o
  CC      kernel/bpf/backtrack.o
  CC      io_uring/advise.o
  CC      fs/fat/fatent.o
  CC      kernel/bpf/check_btf.o
  CC      kernel/bpf/disasm.o
  CC      io_uring/statx.o
  CC      fs/fat/file.o
  CC      kernel/bpf/mprog.o
  CC      io_uring/timeout.o
  CC      io_uring/cancel.o
  CC      kernel/bpf/btf.o
  CC      fs/fat/inode.o
  CC      kernel/bpf/memalloc.o
  CC      io_uring/waitid.o
  CC      kernel/bpf/rqspinlock.o
  CC      fs/fat/misc.o
  CC      io_uring/register.o
  CC      fs/fat/nfs.o
  CC      kernel/bpf/stream.o
  CC      io_uring/truncate.o
  CC      fs/fat/namei_vfat.o
  CC      kernel/bpf/arena.o
  CC      io_uring/memmap.o
  CC      kernel/bpf/range_tree.o
  CC      fs/fat/namei_msdos.o
  CC      io_uring/alloc_cache.o
  CC      kernel/bpf/stackmap.o
  CC      kernel/bpf/cgroup_iter.o
  AR      fs/fat/built-in.a
  CC      fs/isofs/namei.o
  CC      io_uring/query.o
  CC      kernel/bpf/bpf_cgrp_storage.o
  CC      fs/isofs/inode.o
  CC      kernel/bpf/cgroup.o
  CC      io_uring/loop.o
  CC      kernel/bpf/crypto.o
  CC      fs/isofs/dir.o
  CC      io_uring/io-wq.o
  CC      fs/isofs/util.o
  CC      kernel/bpf/relo_core.o
  CC      kernel/bpf/btf_iter.o
  CC      io_uring/futex.o
  CC      fs/isofs/rock.o
  CC      kernel/bpf/btf_relocate.o
  CC      io_uring/epoll.o
  CC      fs/isofs/export.o
  CC      kernel/bpf/kmem_cache_iter.o
  CC      kernel/bpf/dmabuf_iter.o
  CC      io_uring/fdinfo.o
  CC      fs/isofs/joliet.o
  CC      fs/isofs/compress.o
  CC      fs/exportfs/expfs.o
  AR      fs/isofs/built-in.a
  CC      fs/nls/nls_base.o
  AR      io_uring/built-in.a
  AR      kernel/bpf/built-in.a
  CC      kernel/context_tracking.o
  CC      lib/argv_split.o
  AR      fs/exportfs/built-in.a
  CC      lib/bug.o
  CC      fs/nls/nls_cp437.o
  CC      fs/nls/nls_iso8859-1.o
  CC      kernel/iomem.o
  CC      lib/buildid.o
  CC      lib/clz_tab.o
  CC      kernel/rseq.o
  AR      fs/nls/built-in.a
  CC      fs/autofs/init.o
  CC      fs/autofs/inode.o
  CC      lib/cmdline.o
  CC      lib/cpumask.o
  CC      fs/autofs/root.o
  AR      kernel/built-in.a
  AS      arch/riscv/lib/clear_page.o
  CC      arch/riscv/lib/csum.o
  CC      fs/autofs/symlink.o
  CC      lib/ctype.o
  CC      lib/dec_and_lock.o
  CC      arch/riscv/lib/delay.o
  CC      lib/decompress.o
  CC      lib/decompress_bunzip2.o
  AS      arch/riscv/lib/memcpy.o
  AS      arch/riscv/lib/memmove.o
  AS      arch/riscv/lib/memset.o
  CC      arch/riscv/lib/riscv_v_helpers.o
  AS      arch/riscv/lib/strchr.o
  AS      arch/riscv/lib/strcmp.o
  AS      arch/riscv/lib/strlen.o
  AS      arch/riscv/lib/strncmp.o
  AS      arch/riscv/lib/strnlen.o
  AS      arch/riscv/lib/strrchr.o
  AS      arch/riscv/lib/uaccess.o
  CC      fs/autofs/waitq.o
  AS      arch/riscv/lib/uaccess_vector.o
  CC      fs/autofs/expire.o
  CC      lib/decompress_inflate.o
  AR      arch/riscv/lib/lib.a
  CC      drivers/cache/sifive_ccache.o
  CC      lib/decompress_unlz4.o
  CC      fs/autofs/dev-ioctl.o
  CC      lib/decompress_unlzma.o
  CC      lib/decompress_unlzo.o
  AR      drivers/cache/built-in.a
  CC      drivers/irqchip/irqchip.o
  CC      lib/decompress_unxz.o
  CC      lib/dump_stack.o
  AR      fs/autofs/built-in.a
  CC      fs/debugfs/inode.o
  CC      lib/earlycpio.o
  CC      drivers/irqchip/irq-msi-lib.o
  CC      lib/extable.o
  CC      lib/fdt.o
  CC      lib/fdt_addresses.o
  CC      lib/fdt_empty_tree.o
  CC      lib/fdt_ro.o
  CC      lib/fdt_rw.o
  CC      fs/debugfs/file.o
  CC      drivers/irqchip/irq-riscv-intc.o
  CC      lib/fdt_strerror.o
  CC      fs/tracefs/inode.o
  CC      lib/fdt_sw.o
  CC      lib/fdt_wip.o
  CC      lib/flex_proportions.o
  CC      drivers/irqchip/irq-riscv-aplic-main.o
  CC      lib/idr.o
  AR      fs/debugfs/built-in.a
  CC      lib/iomem_copy.o
  CC      fs/tracefs/event_inode.o
  CC      lib/irq_regs.o
  CC      lib/is_single_threaded.o
  CC      lib/klist.o
  CC      drivers/irqchip/irq-riscv-aplic-direct.o
  CC      lib/kobject.o
  CC      lib/kobject_uevent.o
  AR      fs/tracefs/built-in.a
  CC      drivers/irqchip/irq-riscv-aplic-msi.o
  AR      fs/built-in.a
  CC      lib/logic_pio.o
  CC      drivers/irqchip/irq-riscv-imsic-state.o
  CC      lib/maple_tree.o
  CC      lib/memcat_p.o
  CC      lib/nmi_backtrace.o
  CC      drivers/irqchip/irq-riscv-imsic-early.o
  CC      lib/objpool.o
  CC      lib/plist.o
  CC      drivers/irqchip/irq-riscv-imsic-platform.o
  CC      lib/radix-tree.o
  CC      lib/ratelimit.o
  CC      lib/rbtree.o
  CC      drivers/irqchip/irq-sifive-plic.o
  CC      lib/seq_buf.o
  CC      lib/siphash.o
  CC      lib/string.o
  CC      lib/sys_info.o
  CC      lib/timerqueue.o
  AR      drivers/irqchip/built-in.a
  CC      drivers/bus/simple-pm-bus.o
  CC      lib/union_find.o
  CC      lib/vsprintf.o
  CC      lib/win_minmax.o
  CC      lib/xarray.o
  AR      drivers/bus/built-in.a
  CC      drivers/phy/phy-core.o
  CC      lib/lockref.o
  CC      lib/bcd.o
  CC      drivers/phy/phy-core-mipi-dphy.o
  CC      lib/sort.o
  AR      drivers/phy/allwinner/built-in.a
  CC      drivers/pinctrl/core.o
  CC      drivers/gpio/gpiolib.o
  CC      drivers/phy/spacemit/phy-k1-pcie.o
  CC      lib/parser.o
  CC      lib/debug_locks.o
  CC      lib/random32.o
  CC      drivers/pinctrl/pinctrl-utils.o
  AR      drivers/phy/spacemit/built-in.a
  AR      drivers/phy/starfive/built-in.a
  AR      drivers/phy/built-in.a
  CC      drivers/pwm/core.o
  CC      lib/bust_spinlocks.o
  CC      drivers/pinctrl/pinmux.o
  CC      lib/kasprintf.o
  CC      drivers/gpio/gpiolib-devres.o
  CC      drivers/pinctrl/pinconf.o
  CC      lib/bitmap.o
  AR      drivers/pwm/built-in.a
  CC      drivers/pci/of.o
  CC      drivers/gpio/gpiolib-legacy.o
  CC      drivers/pinctrl/pinconf-generic.o
  CC      lib/scatterlist.o
  CC      drivers/gpio/gpiolib-of.o
  CC      drivers/pinctrl/pinctrl-generic.o
  AR      drivers/pci/controller/dwc/built-in.a
  AR      drivers/pci/controller/plda/built-in.a
  AR      drivers/pci/controller/built-in.a
  CC      drivers/pci/trace.o
  CC      lib/list_sort.o
  CC      drivers/pinctrl/devicetree.o
  CC      lib/uuid.o
  CC      lib/iov_iter.o
  CC      drivers/gpio/gpiolib-cdev.o
  AR      drivers/pci/built-in.a
  CC      drivers/video/cmdline.o
  CC      drivers/pinctrl/pinctrl-th1520.o
  CC      drivers/video/nomodeset.o
  CC      drivers/gpio/gpiolib-swnode.o
  CC      drivers/pinctrl/sophgo/pinctrl-sophgo-common.o
  CC      lib/clz_ctz.o
  CC      lib/bsearch.o
  CC      drivers/video/console/dummycon.o
  CC      drivers/gpio/gpio-mmio.o
  CC      drivers/pinctrl/sophgo/pinctrl-cv18xx.o
  CC      lib/find_bit.o
  AR      drivers/video/console/built-in.a
  AR      drivers/video/backlight/built-in.a
  CC      drivers/video/fbdev/core/fb_notify.o
  CC      lib/llist.o
  CC      lib/lwq.o
  CC      drivers/gpio/gpio-dwapb.o
  CC      drivers/pinctrl/sophgo/pinctrl-cv1800b.o
  CC      lib/memweight.o
  CC      lib/kfifo.o
  CC      drivers/video/fbdev/core/fb_info.o
  CC      drivers/pinctrl/sophgo/pinctrl-cv1812h.o
  CC      drivers/gpio/gpio-sifive.o
  CC      lib/percpu-refcount.o
  CC      drivers/video/fbdev/core/fbmem.o
  CC      lib/rhashtable.o
  CC      drivers/pinctrl/sophgo/pinctrl-sg2000.o
  CC      drivers/gpio/gpio-spacemit-k1.o
  CC      drivers/video/fbdev/core/fbcmap.o
  AR      drivers/gpio/built-in.a
  CC      drivers/pinctrl/sophgo/pinctrl-sg2002.o
  CC      drivers/amba/bus.o
  CC      lib/base64.o
  CC      lib/once.o
  CC      drivers/video/fbdev/core/modedb.o
  AR      drivers/pinctrl/sophgo/built-in.a
  CC      lib/refcount.o
  CC      drivers/pinctrl/spacemit/pinctrl-k1.o
  AR      drivers/amba/built-in.a
  CC      lib/rcuref.o
  CC      drivers/clk/clk-devres.o
  CC      lib/usercopy.o
  CC      drivers/video/fbdev/core/fbcvt.o
  CC      lib/errseq.o
  CC      drivers/clk/clk-bulk.o
  CC      lib/bucket_locks.o
  CC      drivers/clk/clkdev.o
  AR      drivers/pinctrl/spacemit/built-in.a
  CC      drivers/video/fbdev/core/fb_cmdline.o
  CC      lib/generic-radix-tree.o
  CC      drivers/pinctrl/starfive/pinctrl-starfive-jh7100.o
  CC      lib/bitmap-str.o
  CC      drivers/clk/clk.o
  CC      drivers/video/fbdev/core/fb_backlight.o
  CC      drivers/pinctrl/starfive/pinctrl-starfive-jh7110.o
  CC      lib/string_helpers.o
  CC      drivers/video/fbdev/core/fbmon.o
  CC      lib/hexdump.o
  CC      drivers/pinctrl/starfive/pinctrl-starfive-jh7110-sys.o
  CC      lib/kstrtox.o
  CC      drivers/video/fbdev/core/fb_chrdev.o
  CC      lib/math/div64.o
  CC      lib/math/gcd.o
  AR      drivers/pinctrl/starfive/built-in.a
  CC      drivers/pinctrl/sunxi/pinctrl-sunxi.o
  CC      lib/math/lcm.o
  CC      lib/math/int_log.o
  CC      lib/math/int_pow.o
  CC      lib/math/int_sqrt.o
  CC      drivers/clk/clk-divider.o
  CC      lib/math/reciprocal_div.o
  CC      lib/math/rational.o
  CC      drivers/video/fbdev/core/fb_procfs.o
  CC      drivers/clk/clk-fixed-factor.o
  AR      lib/math/built-in.a
  CC      lib/crc/crc16.o
  CC      drivers/pinctrl/sunxi/pinctrl-sunxi-dt.o
  CC      drivers/video/fbdev/core/fbsysfs.o
  CC      lib/crc/crc32-main.o
  CC      drivers/clk/clk-fixed-rate.o
  CC      drivers/pinctrl/sunxi/pinctrl-sun20i-d1.o
  AR      lib/crc/built-in.a
  CC      lib/crypto/hash_info.o
  CC      drivers/clk/clk-gate.o
  CC      drivers/video/fbdev/core/fbcon.o
  AR      drivers/pinctrl/sunxi/built-in.a
  CC      drivers/pinctrl/ultrarisc/pinctrl-ultrarisc.o
  CC      lib/crypto/blake2s.o
  CC      drivers/clk/clk-multiplier.o
  CC      drivers/pinctrl/ultrarisc/pinctrl-dp1000.o
  CC      drivers/clk/clk-mux.o
  AR      drivers/pinctrl/ultrarisc/built-in.a
  AR      drivers/pinctrl/built-in.a
  CC      drivers/dma/dmaengine.o
  CC      lib/crypto/chacha-block-generic.o
  CC      drivers/video/fbdev/core/bitblit.o
  CC      lib/crypto/sha256.o
  CC      drivers/clk/clk-composite.o
  AR      lib/crypto/built-in.a
  CC      drivers/clk/clk-fractional-divider.o
  CC      lib/vdso/datastore.o
  CC      drivers/video/fbdev/core/softcursor.o
  CC      drivers/dma/virt-dma.o
  AR      lib/vdso/built-in.a
  CC      drivers/clk/clk-gpio.o
  AR      lib/raid/xor/built-in.a
  AR      lib/raid/raid6/built-in.a
  AR      lib/raid/built-in.a
  CC      lib/iomap_copy.o
  CC      drivers/dma/of-dma.o
  AR      drivers/video/fbdev/core/built-in.a
  AR      drivers/video/fbdev/built-in.a
  AR      drivers/video/built-in.a
  CC      drivers/soc/sunxi/sunxi_sram.o
  CC      lib/devres.o
  CC      drivers/clk/clk-conf.o
  CC      drivers/dma/dw-axi-dmac/dw-axi-dmac-platform.o
  AR      drivers/soc/sunxi/built-in.a
  AR      drivers/soc/built-in.a
  CC      lib/hweight.o
  CC      drivers/pmdomain/starfive/jh71xx-pmu.o
  CC      lib/interval_tree.o
  AR      drivers/clk/analogbits/built-in.a
  CC      drivers/clk/eswin/clk.o
  CC      lib/assoc_array.o
  AR      drivers/pmdomain/starfive/built-in.a
  CC      drivers/pmdomain/sunxi/sun20i-ppu.o
  AR      drivers/dma/dw-axi-dmac/built-in.a
  AR      drivers/dma/built-in.a
  CC      drivers/virtio/virtio.o
  CC      lib/bitrev.o
  CC      drivers/clk/eswin/clk-eic7700.o
  CC      lib/linear_ranges.o
  CC      drivers/pmdomain/sunxi/sun55i-pck600.o
  CC      drivers/virtio/virtio_ring.o
  AR      drivers/clk/eswin/built-in.a
  AR      drivers/clk/sifive/built-in.a
  CC      drivers/clk/sophgo/clk-cv1800.o
  CC      lib/genalloc.o
  AR      drivers/pmdomain/sunxi/built-in.a
  CC      drivers/pmdomain/core.o
  CC      drivers/clk/sophgo/clk-cv18xx-common.o
  CC      lib/zlib_inflate/inffast.o
  CC      drivers/clk/sophgo/clk-cv18xx-ip.o
  CC      lib/zlib_inflate/inflate.o
  CC      lib/zlib_inflate/infutil.o
  CC      drivers/clk/sophgo/clk-cv18xx-pll.o
  CC      lib/zlib_inflate/inftrees.o
  CC      drivers/virtio/virtio_anchor.o
  CC      lib/zlib_inflate/inflate_syms.o
  CC      drivers/pmdomain/governor.o
  CC      drivers/clk/sophgo/clk-sg2042-clkgen.o
  AR      drivers/virtio/built-in.a
  AR      lib/zlib_inflate/built-in.a
  CC      drivers/regulator/core.o
  CC      lib/lzo/lzo1x_decompress_safe.o
  AR      drivers/pmdomain/built-in.a
  CC      drivers/reset/core.o
  CC      drivers/clk/sophgo/clk-sg2042-pll.o
  AR      lib/lzo/built-in.a
  CC      lib/lz4/lz4_decompress.o
  CC      drivers/clk/sophgo/clk-sg2042-rpgate.o
  CC      drivers/reset/spacemit/reset-spacemit-common.o
  AR      drivers/clk/sophgo/built-in.a
  CC      drivers/clk/spacemit/ccu_common.o
  AR      lib/lz4/built-in.a
  CC      lib/xz/xz_dec_syms.o
  CC      drivers/reset/spacemit/reset-spacemit-k3.o
  CC      lib/xz/xz_dec_stream.o
  CC      drivers/clk/spacemit/ccu_pll.o
  CC      drivers/regulator/dummy.o
  AR      drivers/reset/spacemit/built-in.a
  CC      lib/xz/xz_dec_lzma2.o
  CC      drivers/reset/starfive/reset-starfive-jh71x0.o
  CC      drivers/clk/spacemit/ccu_mix.o
  CC      drivers/regulator/fixed-helper.o
  CC      lib/xz/xz_dec_bcj.o
  CC      drivers/reset/starfive/reset-starfive-jh7110.o
  CC      drivers/clk/spacemit/ccu_ddn.o
  AR      lib/xz/built-in.a
  CC      lib/percpu_counter.o
  CC      drivers/regulator/helpers.o
  AR      drivers/reset/starfive/built-in.a
  CC      drivers/reset/reset-eic7700.o
  CC      drivers/clk/spacemit/ccu-k3.o
  CC      lib/syscall.o
  CC      drivers/reset/reset-simple.o
  CC      lib/errname.o
  CC      drivers/regulator/devres.o
  AR      drivers/clk/spacemit/built-in.a
  CC      lib/checksum.o
  CC      drivers/clk/starfive/clk-starfive-jh71x0.o
  CC      lib/glob.o
  CC      drivers/reset/reset-sunxi.o
  CC      drivers/clk/starfive/clk-starfive-jh7100.o
  CC      drivers/regulator/irq_helpers.o
  CC      lib/strncpy_from_user.o
  CC      drivers/reset/reset-tenstorrent-atlantis.o
  CC      drivers/clk/starfive/clk-starfive-jh7110-pll.o
  CC      lib/strnlen_user.o
  AR      drivers/reset/built-in.a
  CC      drivers/regulator/of_regulator.o
  CC      drivers/regulator/fixed.o
  CC      drivers/clk/starfive/clk-starfive-jh7110-sys.o
  CC      lib/sg_pool.o
  CC      drivers/regulator/axp20x-regulator.o
  CC      drivers/regulator/gpio-regulator.o
  AR      drivers/clk/starfive/built-in.a
  CC      drivers/clk/sunxi-ng/ccu_common.o
  CC      lib/stackdepot.o
  CC      drivers/clk/sunxi-ng/ccu_mmc_timing.o
  CC      drivers/clk/sunxi-ng/ccu_reset.o
  CC      drivers/regulator/spacemit-p1.o
  CC      lib/fonts/fonts.o
  CC      drivers/clk/sunxi-ng/ccu_div.o
  CC      drivers/clk/sunxi-ng/ccu_frac.o
  CC      lib/fonts/font_8x8.o
  CC      drivers/regulator/sun20i-regulator.o
  CC      lib/fonts/font_8x16.o
  CC      drivers/clk/sunxi-ng/ccu_gate.o
  CC      drivers/clk/sunxi-ng/ccu_mux.o
  CC      drivers/clk/sunxi-ng/ccu_mult.o
  CC      drivers/clk/sunxi-ng/ccu_phase.o
  AR      lib/fonts/built-in.a
  CC      lib/ucs2_string.o
  AR      drivers/regulator/built-in.a
  CC      drivers/tty/tty_io.o
  CC      drivers/clk/sunxi-ng/ccu_sdm.o
  CC      drivers/clk/sunxi-ng/ccu_nk.o
  CC      lib/sbitmap.o
  CC      drivers/char/mem.o
  CC      drivers/clk/sunxi-ng/ccu_nkm.o
  CC      drivers/clk/sunxi-ng/ccu_nkmp.o
  CC      lib/group_cpus.o
  CC      drivers/char/random.o
  CC      drivers/tty/n_tty.o
  CC      drivers/clk/sunxi-ng/ccu_nm.o
  CC      lib/devmem_is_allowed.o
  CC      drivers/clk/sunxi-ng/ccu_mp.o
  AR      lib/lib.a
  CC      drivers/clk/sunxi-ng/ccu-sun20i-d1.o
  AR      lib/built-in.a
  CC      drivers/tty/tty_ioctl.o
  CC      drivers/tty/tty_ldisc.o
  CC      drivers/char/misc.o
  CC      drivers/clk/sunxi-ng/ccu-sun20i-d1-r.o
  CC      drivers/char/virtio_console.o
  CC      drivers/tty/tty_buffer.o
  CC      drivers/tty/tty_port.o
  AR      drivers/clk/sunxi-ng/built-in.a
  CC      drivers/clk/tenstorrent/atlantis-prcm.o
  CC      drivers/tty/tty_mutex.o
  CC      drivers/tty/tty_ldsem.o
  AR      drivers/clk/tenstorrent/built-in.a
  CC      drivers/char/hw_random/core.o
  CC      drivers/clk/thead/clk-th1520-ap.o
  CC      drivers/tty/tty_baudrate.o
  CC      drivers/tty/tty_jobctrl.o
  AR      drivers/char/hw_random/built-in.a
  AR      drivers/char/built-in.a
  AR      drivers/iommu/built-in.a
  CC      drivers/tty/n_null.o
  AR      drivers/clk/thead/built-in.a
  AR      drivers/clk/built-in.a
  AR      drivers/misc/eeprom/built-in.a
  AR      drivers/misc/built-in.a
  CC      drivers/mfd/mfd-core.o
  CC      drivers/base/component.o
  CC      drivers/dax/super.o
  CC      drivers/tty/pty.o
  CC      drivers/base/core.o
  CC      drivers/mfd/axp20x.o
  CC      drivers/dax/bus.o
  CC      drivers/tty/vt/vt_ioctl.o
  CC      drivers/mfd/axp20x-i2c.o
  AR      drivers/dax/built-in.a
  CC      drivers/dma-buf/dma-buf.o
  CC      drivers/tty/vt/vc_screen.o
  CC      drivers/mfd/syscon.o
  CC      drivers/base/bus.o
  CC      drivers/mfd/simple-mfd-i2c.o
  CC      drivers/tty/vt/selection.o
  CC      drivers/dma-buf/dma-fence.o
  CC      drivers/base/dd.o
  CC      drivers/tty/vt/keyboard.o
  AR      drivers/mfd/built-in.a
  CC      drivers/scsi/scsi.o
  CC      drivers/base/syscore.o
  CC      drivers/dma-buf/dma-fence-array.o
  CC      drivers/dma-buf/dma-fence-chain.o
  CC      drivers/tty/vt/vt.o
  CC      drivers/scsi/hosts.o
  CC      drivers/base/driver.o
  CC      drivers/dma-buf/dma-fence-unwrap.o
  CC      drivers/base/class.o
  CC      drivers/dma-buf/dma-resv.o
  CC      drivers/scsi/scsi_ioctl.o
  CC      drivers/tty/vt/defkeymap.o
  CC      drivers/base/platform.o
  CC      drivers/tty/vt/consolemap.o
  CC      drivers/dma-buf/dma-buf-mapping.o
  CC      drivers/scsi/scsicam.o
  CC      drivers/base/cpu.o
  CC      drivers/dma-buf/sync_file.o
  CC      drivers/tty/vt/consolemap_deftbl.o
  CC      drivers/scsi/scsi_error.o
  CC      drivers/tty/vt/ucs.o
  AR      drivers/tty/vt/built-in.a
  CC      drivers/tty/hvc/hvc_console.o
  AR      drivers/dma-buf/built-in.a
  AR      drivers/nvme/host/built-in.a
  AR      drivers/nvme/built-in.a
  CC      drivers/mtd/mtdcore.o
  CC      drivers/base/firmware.o
  AR      drivers/tty/hvc/built-in.a
  CC      drivers/tty/serial/serial_core.o
  CC      drivers/scsi/scsi_lib.o
  CC      drivers/base/init.o
  CC      drivers/base/map.o
  CC      drivers/mtd/mtdsuper.o
  CC      drivers/base/devres.o
  CC      drivers/scsi/scsi_lib_dma.o
  CC      drivers/tty/serial/serial_base_bus.o
  CC      drivers/mtd/mtdconcat.o
  CC      drivers/base/attribute_container.o
  CC      drivers/scsi/scsi_scan.o
  CC      drivers/tty/serial/serial_ctrl.o
  CC      drivers/mtd/mtdpart.o
  CC      drivers/base/transport_class.o
  CC      drivers/tty/serial/serial_port.o
  CC      drivers/scsi/scsi_sysfs.o
  CC      drivers/base/topology.o
  CC      drivers/mtd/mtdchar.o
  CC      drivers/tty/serial/earlycon.o
  CC      drivers/base/container.o
  CC      drivers/tty/serial/earlycon-riscv-sbi.o
  CC      drivers/scsi/scsi_devinfo.o
  AR      drivers/mtd/parsers/built-in.a
  CC      drivers/base/property.o
  CC      drivers/mtd/chips/chipreg.o
  CC      drivers/tty/serial/8250/8250_core.o
  CC      drivers/base/cacheinfo.o
  CC      drivers/scsi/scsi_sysctl.o
  CC      drivers/mtd/chips/cfi_probe.o
  CC      drivers/scsi/scsi_debugfs.o
  CC      drivers/tty/serial/8250/8250_platform.o
  CC      drivers/base/swnode.o
  CC      drivers/mtd/chips/cfi_util.o
  CC      drivers/scsi/scsi_trace.o
  CC      drivers/tty/serial/8250/8250_port.o
  CC      drivers/base/faux.o
  CC      drivers/mtd/chips/gen_probe.o
  CC      drivers/scsi/scsi_logging.o
  CC      drivers/base/auxiliary.o
  AR      drivers/mtd/chips/built-in.a
  CC      drivers/mtd/spi-nor/core.o
  CC      drivers/base/devtmpfs.o
  CC      drivers/scsi/scsi_pm.o
  CC      drivers/tty/serial/8250/8250_dma.o
  CC      drivers/scsi/scsi_bsg.o
  CC      drivers/tty/serial/8250/8250_dwlib.o
  CC      drivers/base/power/sysfs.o
  CC      drivers/mtd/spi-nor/sfdp.o
  CC      drivers/scsi/scsi_common.o
  CC      drivers/base/power/generic_ops.o
  CC      drivers/tty/serial/8250/8250_early.o
  CC      drivers/scsi/virtio_scsi.o
  CC      drivers/base/power/common.o
  CC      drivers/mtd/spi-nor/swp.o
  CC      drivers/tty/serial/8250/8250_dw.o
  CC      drivers/base/power/qos.o
  CC      drivers/scsi/sd.o
  CC      drivers/mtd/spi-nor/otp.o
  CC      drivers/tty/serial/8250/8250_of.o
  CC      drivers/mtd/spi-nor/sysfs.o
  CC      drivers/base/power/runtime.o
  AR      drivers/tty/serial/8250/built-in.a
  CC      drivers/tty/serial/sifive.o
  CC      drivers/mtd/spi-nor/atmel.o
  AR      drivers/scsi/built-in.a
  CC      drivers/spi/spi.o
  CC      drivers/base/power/wakeirq.o
  CC      drivers/tty/serial/serial_mctrl_gpio.o
  CC      drivers/mtd/spi-nor/eon.o
  CC      drivers/base/power/main.o
  CC      drivers/mtd/spi-nor/esmt.o
  AR      drivers/tty/serial/built-in.a
  AR      drivers/tty/built-in.a
  CC      drivers/spi/spi-mem.o
  CC      drivers/mtd/spi-nor/everspin.o
  CC      drivers/base/power/wakeup.o
  CC      drivers/spi/spi-sifive.o
  CC      drivers/spi/spi-sun6i.o
  CC      drivers/mtd/spi-nor/gigadevice.o
  CC      drivers/mtd/spi-nor/intel.o
  CC      drivers/mtd/spi-nor/issi.o
  CC      drivers/base/power/wakeup_stats.o
  AR      drivers/spi/built-in.a
  AR      drivers/net/phy/built-in.a
  AR      drivers/net/mdio/built-in.a
  AR      drivers/net/pcs/built-in.a
  AR      drivers/net/built-in.a
  CC      drivers/usb/common/common.o
  CC      drivers/usb/common/debug.o
  CC      drivers/mtd/spi-nor/macronix.o
  CC      drivers/base/power/clock_ops.o
  CC      drivers/mtd/spi-nor/micron-st.o
  AR      drivers/usb/common/built-in.a
  CC      drivers/usb/core/usb.o
  CC      drivers/mtd/spi-nor/spansion.o
  AR      drivers/base/power/built-in.a
  CC      drivers/base/firmware_loader/main.o
  CC      drivers/mtd/spi-nor/sst.o
  CC      drivers/mtd/spi-nor/winbond.o
  CC      drivers/mtd/spi-nor/xmc.o
  CC      drivers/usb/core/hub.o
  CC      drivers/base/firmware_loader/builtin/main.o
  AR      drivers/base/firmware_loader/builtin/built-in.a
  AR      drivers/base/firmware_loader/built-in.a
  CC      drivers/base/module.o
  CC      drivers/mtd/spi-nor/debugfs.o
  CC      drivers/base/auxiliary_sysfs.o
  CC      drivers/input/serio/serio.o
  AR      drivers/mtd/spi-nor/built-in.a
  AR      drivers/mtd/built-in.a
  CC      drivers/base/regmap/regmap.o
  CC      drivers/input/input.o
  CC      drivers/input/serio/libps2.o
  CC      drivers/usb/core/hcd.o
  AR      drivers/input/serio/built-in.a
  CC      drivers/rtc/lib.o
  CC      drivers/input/input-compat.o
  CC      drivers/input/input-mt.o
  CC      drivers/usb/core/urb.o
  CC      drivers/rtc/class.o
  CC      drivers/base/regmap/regcache.o
  CC      drivers/input/input-poller.o
  CC      drivers/rtc/interface.o
  CC      drivers/usb/core/message.o
  CC      drivers/base/regmap/regcache-rbtree.o
  CC      drivers/input/ff-core.o
  CC      drivers/base/regmap/regcache-flat.o
  CC      drivers/input/touchscreen.o
  CC      drivers/usb/core/driver.o
  CC      drivers/rtc/nvmem.o
  CC      drivers/base/regmap/regcache-maple.o
  CC      drivers/input/touch-overlay.o
  CC      drivers/rtc/proc.o
  CC      drivers/base/regmap/regmap-debugfs.o
  CC      drivers/usb/core/config.o
  CC      drivers/input/mousedev.o
  CC      drivers/rtc/sysfs.o
  CC      drivers/base/regmap/regmap-i2c.o
  CC      drivers/input/evdev.o
  CC      drivers/usb/core/file.o
  CC      drivers/rtc/rtc-goldfish.o
  CC      drivers/base/regmap/regmap-mmio.o
  CC      drivers/usb/core/buffer.o
  AR      drivers/input/mouse/built-in.a
  AR      drivers/input/built-in.a
  CC      drivers/i2c/i2c-boardinfo.o
  CC      drivers/rtc/rtc-sun6i.o
  CC      drivers/base/regmap/regmap-irq.o
  CC      drivers/usb/core/sysfs.o
  CC      drivers/i2c/i2c-core-base.o
  AR      drivers/rtc/built-in.a
  AR      drivers/base/regmap/built-in.a
  CC      drivers/base/pinctrl.o
  CC      drivers/power/reset/gpio-restart.o
  CC      drivers/usb/core/endpoint.o
  CC      drivers/base/platform-msi.o
  CC      drivers/power/reset/spacemit-p1-reboot.o
  CC      drivers/i2c/i2c-core-smbus.o
  CC      drivers/usb/core/devio.o
  CC      drivers/power/reset/syscon-reboot.o
  CC      drivers/base/arch_topology.o
  CC      drivers/power/reset/syscon-poweroff.o
  CC      drivers/base/trace.o
  AR      drivers/power/reset/built-in.a
  CC      drivers/i2c/i2c-core-of.o
  CC      drivers/power/sequencing/core.o
  CC      drivers/usb/core/notify.o
  AR      drivers/base/built-in.a
  CC      drivers/hwmon/hwmon.o
  CC      drivers/i2c/busses/i2c-designware-common.o
  AR      drivers/power/sequencing/built-in.a
  CC      drivers/power/supply/power_supply_core.o
  CC      drivers/usb/core/generic.o
  CC      drivers/power/supply/power_supply_sysfs.o
  CC      drivers/i2c/busses/i2c-designware-master.o
  CC      drivers/usb/core/quirks.o
  AR      drivers/hwmon/built-in.a
  CC      drivers/usb/core/devices.o
  CC      drivers/power/supply/power_supply_hwmon.o
  CC      drivers/usb/core/phy.o
  CC      drivers/i2c/busses/i2c-k1.o
  CC      drivers/usb/core/port.o
  AR      drivers/power/supply/built-in.a
  AR      drivers/power/built-in.a
  CC      drivers/thermal/thermal_core.o
  CC      drivers/usb/core/trace.o
  AR      drivers/i2c/busses/built-in.a
  AR      drivers/i2c/built-in.a
  CC      drivers/usb/core/of.o
  CC      drivers/watchdog/watchdog_core.o
  CC      drivers/watchdog/watchdog_dev.o
  AR      drivers/usb/core/built-in.a
  CC      drivers/usb/phy/phy.o
  CC      drivers/thermal/thermal_sysfs.o
  CC      drivers/watchdog/starfive-wdt.o
  CC      drivers/thermal/thermal_trip.o
  CC      drivers/usb/phy/of.o
  CC      drivers/thermal/thermal_helpers.o
  AR      drivers/watchdog/built-in.a
  AR      drivers/md/built-in.a
  CC      drivers/opp/core.o
  CC      drivers/thermal/thermal_thresholds.o
  CC      drivers/thermal/thermal_hwmon.o
  AR      drivers/usb/phy/built-in.a
  CC      drivers/usb/host/ehci-hcd.o
  CC      drivers/thermal/thermal_of.o
  CC      drivers/thermal/gov_step_wise.o
  CC      drivers/opp/cpu.o
  CC      drivers/thermal/devfreq_cooling.o
  CC      drivers/usb/host/ehci-platform.o
  CC      drivers/opp/of.o
  AR      drivers/thermal/built-in.a
  CC      drivers/cpuidle/cpuidle.o
  CC      drivers/usb/host/ohci-hcd.o
  CC      drivers/usb/host/ohci-platform.o
  CC      drivers/opp/debugfs.o
  CC      drivers/cpuidle/driver.o
  AR      drivers/opp/built-in.a
  CC      drivers/mmc/core/core.o
  CC      drivers/mmc/host/sdhci.o
  CC      drivers/cpuidle/governor.o
  CC      drivers/usb/host/xhci.o
  CC      drivers/cpuidle/sysfs.o
  CC      drivers/cpuidle/governors/menu.o
  CC      drivers/mmc/core/bus.o
  AR      drivers/cpuidle/governors/built-in.a
  CC      drivers/cpuidle/dt_idle_states.o
  CC      drivers/mmc/host/dw_mmc.o
  CC      drivers/mmc/core/host.o
  CC      drivers/cpuidle/dt_idle_genpd.o
  CC      drivers/usb/host/xhci-mem.o
  CC      drivers/cpuidle/cpuidle-riscv-sbi.o
  CC      drivers/mmc/core/mmc.o
  CC      drivers/mmc/host/dw_mmc-pltfm.o
  AR      drivers/cpuidle/built-in.a
  CC      drivers/firmware/dmi_scan.o
  CC      drivers/usb/host/xhci-ext-caps.o
  CC      drivers/mmc/host/dw_mmc-starfive.o
  CC      drivers/mmc/core/mmc_ops.o
  CC      drivers/usb/host/xhci-ring.o
  CC      drivers/firmware/efi/efi.o
  CC      drivers/mmc/host/sunxi-mmc.o
  CC      drivers/mmc/core/sd.o
  CC      drivers/firmware/efi/vars.o
  CC      drivers/mmc/host/sdhci-pltfm.o
  CC      drivers/mmc/core/sd_ops.o
  CC      drivers/usb/host/xhci-hub.o
  CC      drivers/firmware/efi/reboot.o
  CC      drivers/mmc/host/sdhci-cadence.o
  CC      drivers/firmware/efi/memattr.o
  CC      drivers/mmc/core/sdio.o
  CC      drivers/usb/host/xhci-dbg.o
  CC      drivers/firmware/efi/tpm.o
  CC      drivers/mmc/host/sdhci-of-dwcmshc.o
  CC      drivers/mmc/core/sdio_ops.o
  CC      drivers/usb/host/xhci-trace.o
  CC      drivers/firmware/efi/memmap.o
  CC      drivers/mmc/core/sdio_bus.o
  CC      drivers/firmware/efi/fdtparams.o
  CC      drivers/mmc/core/sdio_cis.o
  CC      drivers/firmware/efi/esrt.o
  CC      drivers/usb/host/xhci-debugfs.o
  CC      drivers/mmc/host/sdhci-of-k1.o
  CC      drivers/mmc/core/sdio_io.o
  CC      drivers/firmware/efi/runtime-wrappers.o
  CC      drivers/usb/host/xhci-plat.o
  CC      drivers/mmc/host/cqhci-core.o
  CC      drivers/mmc/core/sdio_irq.o
  CC      drivers/firmware/efi/efi-init.o
  AR      drivers/usb/host/built-in.a
  CC      drivers/usb/storage/uas.o
  CC      drivers/mmc/core/sd_uhs2.o
  AR      drivers/mmc/host/built-in.a
  CC      drivers/mmc/core/slot-gpio.o
  CC      drivers/firmware/efi/riscv-runtime.o
  CC      drivers/usb/storage/scsiglue.o
  CC      drivers/mmc/core/regulator.o
  CC      drivers/usb/gadget/udc/core.o
  CC      drivers/firmware/efi/earlycon.o
  CC      drivers/usb/storage/protocol.o
  CC      drivers/mmc/core/pwrseq.o
  CC      drivers/firmware/efi/libstub/alignedmem.o
  CC      drivers/usb/gadget/udc/trace.o
  CC      drivers/usb/storage/transport.o
  CC      drivers/mmc/core/debugfs.o
  CC      drivers/firmware/efi/libstub/efi-stub-entry.o
  CC      drivers/mmc/core/pwrseq_simple.o
  CC      drivers/usb/storage/usb.o
  AR      drivers/usb/gadget/udc/built-in.a
  AR      drivers/usb/gadget/function/built-in.a
  AR      drivers/usb/gadget/built-in.a
  CC      drivers/firmware/efi/libstub/efi-stub-helper.o
  CC      drivers/firmware/efi/libstub/efi-stub.o
  CC      drivers/mmc/core/pwrseq_emmc.o
  CC      drivers/usb/storage/initializers.o
  CC      drivers/firmware/efi/libstub/fdt.o
  CC      drivers/firmware/efi/libstub/file.o
  AR      drivers/mmc/core/built-in.a
  AR      drivers/mmc/built-in.a
  CC      drivers/clocksource/timer-of.o
  CC      drivers/usb/storage/sierra_ms.o
  CC      drivers/clocksource/timer-probe.o
  CC      drivers/clocksource/mmio.o
  CC      drivers/clocksource/timer-sun4i.o
  CC      drivers/firmware/efi/libstub/gop.o
  CC      drivers/usb/storage/option_ms.o
  CC      drivers/clocksource/dummy_timer.o
  CC      drivers/clocksource/timer-riscv.o
  CC      drivers/usb/storage/usual-tables.o
  CC      drivers/firmware/efi/libstub/intrinsics.o
  CC      drivers/firmware/efi/libstub/kaslr.o
  AR      drivers/clocksource/built-in.a
  CC      drivers/hid/hid-core.o
  AR      drivers/usb/storage/built-in.a
  AR      drivers/usb/built-in.a
  CC      drivers/of/base.o
  CC      drivers/firmware/efi/libstub/lib-cmdline.o
  CC      drivers/firmware/efi/libstub/lib-ctype.o
  CC      drivers/firmware/efi/libstub/lib-fdt.o
  CC      drivers/firmware/efi/libstub/lib-fdt_empty_tree.o
  CC      drivers/firmware/efi/libstub/lib-fdt_ro.o
  CC      drivers/firmware/efi/libstub/lib-fdt_rw.o
  CC      drivers/firmware/efi/libstub/lib-fdt_sw.o
  CC      drivers/firmware/efi/libstub/lib-fdt_wip.o
  CC      drivers/firmware/efi/libstub/mem.o
  AR      drivers/platform/built-in.a
  CC      drivers/rpmsg/rpmsg_core.o
  CC      drivers/of/cpu.o
  CC      drivers/rpmsg/rpmsg_ctrl.o
  CC      drivers/firmware/efi/libstub/pci.o
  CC      drivers/hid/hid-input.o
  CC      drivers/of/device.o
  CC      drivers/rpmsg/rpmsg_ns.o
  CC      drivers/firmware/efi/libstub/primary_display.o
  CC      drivers/of/module.o
  CC      drivers/rpmsg/virtio_rpmsg_bus.o
  CC      drivers/of/platform.o
  CC      drivers/firmware/efi/libstub/printk.o
  CC      drivers/hid/hid-quirks.o
  AR      drivers/rpmsg/built-in.a
  CC      drivers/devfreq/devfreq.o
  CC      drivers/firmware/efi/libstub/random.o
  CC      drivers/of/property.o
  CC      drivers/hid/hid-debug.o
  CC      drivers/firmware/efi/libstub/randomalloc.o
  CC      drivers/hid/hid-generic.o
  CC      drivers/of/kobj.o
  AR      drivers/devfreq/built-in.a
  CC      drivers/extcon/extcon.o
  CC      drivers/of/fdt.o
  CC      drivers/firmware/efi/libstub/riscv-stub.o
  CC      drivers/hid/usbhid/hid-core.o
  CC      drivers/extcon/devres.o
  CC      drivers/firmware/efi/libstub/riscv.o
  AS      drivers/of/empty_root.dtb.o
  AR      drivers/extcon/built-in.a
  CC      drivers/of/fdt_address.o
  CC      drivers/iio/industrialio-core.o
  CC      drivers/of/address.o
  AR      drivers/hid/usbhid/built-in.a
  AR      drivers/hid/built-in.a
  CC      drivers/iio/industrialio-event.o
  CC      drivers/firmware/efi/libstub/secureboot.o
  CC      drivers/iio/inkern.o
  CC      drivers/of/irq.o
  CC      drivers/of/of_reserved_mem.o
  CC      drivers/firmware/efi/libstub/skip_spaces.o
  CC      drivers/firmware/efi/libstub/string.o
  CC      drivers/firmware/efi/libstub/systable.o
  AR      drivers/iio/built-in.a
  AR      drivers/perf/built-in.a
  CC      drivers/nvmem/core.o
  CC      drivers/nvmem/layouts.o
  AR      drivers/of/built-in.a
  CC      drivers/nvmem/layouts/fixed-layout.o
  CC      drivers/firmware/efi/libstub/tpm.o
  AR      drivers/nvmem/layouts/built-in.a
  CC      drivers/nvmem/sunxi_sid.o
  CC      drivers/firmware/efi/libstub/vsprintf.o
  STUBCPY drivers/firmware/efi/libstub/alignedmem.stub.o
  STUBCPY drivers/firmware/efi/libstub/efi-stub-entry.stub.o
  STUBCPY drivers/firmware/efi/libstub/efi-stub-helper.stub.o
  STUBCPY drivers/firmware/efi/libstub/efi-stub.stub.o
  STUBCPY drivers/firmware/efi/libstub/fdt.stub.o
  STUBCPY drivers/firmware/efi/libstub/file.stub.o
  STUBCPY drivers/firmware/efi/libstub/gop.stub.o
  STUBCPY drivers/firmware/efi/libstub/intrinsics.stub.o
  STUBCPY drivers/firmware/efi/libstub/kaslr.stub.o
  STUBCPY drivers/firmware/efi/libstub/lib-cmdline.stub.o
  STUBCPY drivers/firmware/efi/libstub/lib-ctype.stub.o
  STUBCPY drivers/firmware/efi/libstub/lib-fdt.stub.o
  STUBCPY drivers/firmware/efi/libstub/lib-fdt_empty_tree.stub.o
  STUBCPY drivers/firmware/efi/libstub/lib-fdt_ro.stub.o
  STUBCPY drivers/firmware/efi/libstub/lib-fdt_rw.stub.o
  STUBCPY drivers/firmware/efi/libstub/lib-fdt_sw.stub.o
  STUBCPY drivers/firmware/efi/libstub/lib-fdt_wip.stub.o
  STUBCPY drivers/firmware/efi/libstub/mem.stub.o
  STUBCPY drivers/firmware/efi/libstub/pci.stub.o
  STUBCPY drivers/firmware/efi/libstub/primary_display.stub.o
  STUBCPY drivers/firmware/efi/libstub/printk.stub.o
  STUBCPY drivers/firmware/efi/libstub/random.stub.o
  STUBCPY drivers/firmware/efi/libstub/randomalloc.stub.o
  STUBCPY drivers/firmware/efi/libstub/riscv-stub.stub.o
  STUBCPY drivers/firmware/efi/libstub/riscv.stub.o
  STUBCPY drivers/firmware/efi/libstub/secureboot.stub.o
  STUBCPY drivers/firmware/efi/libstub/skip_spaces.stub.o
  STUBCPY drivers/firmware/efi/libstub/string.stub.o
  STUBCPY drivers/firmware/efi/libstub/systable.stub.o
  STUBCPY drivers/firmware/efi/libstub/vsprintf.stub.o
  STUBCPY drivers/firmware/efi/libstub/tpm.stub.o
  AR      drivers/firmware/efi/libstub/lib.a
  AR      drivers/nvmem/built-in.a
  AR      drivers/firmware/efi/built-in.a
  AR      drivers/firmware/built-in.a
  AR      drivers/built-in.a
  AR      built-in.a
  AR      built-in-fixup.a
  COPY    vmlinux.a
  LD      vmlinux.o
  MODPOST vmlinux.symvers
  CC      .vmlinux.export.o
  UPD     include/generated/utsversion.h
  CC      init/version-timestamp.o
  KSYMS   .tmp_vmlinux0.kallsyms.S
  AS      .tmp_vmlinux0.kallsyms.o
  LD      .tmp_vmlinux1
  NM      .tmp_vmlinux1.syms
  KSYMS   .tmp_vmlinux1.kallsyms.S
  AS      .tmp_vmlinux1.kallsyms.o
  LD      .tmp_vmlinux2
  NM      .tmp_vmlinux2.syms
  KSYMS   .tmp_vmlinux2.kallsyms.S
  AS      .tmp_vmlinux2.kallsyms.o
  LD      vmlinux.unstripped
  NM      System.map
  SORTTAB vmlinux.unstripped
  OBJCOPY vmlinux
  GEN     modules.builtin.modinfo
  GEN     modules.builtin
  OBJCOPY arch/riscv/boot/Image
  Kernel: arch/riscv/boot/Image is ready
make[5]: Leaving directory '/mnt/git-volume/kernel-test-mainline/build/randdefconfig-riscv'
make[4]: Leaving directory '/mnt/git-volume/linux-mainline'
