make[4]: Entering directory '/mnt/git-volume/linux-mainline'
make[5]: Entering directory '/mnt/git-volume/kernel-test-mainline/build/rand500config-i386'
#
# configuration written to .config
#
Using .config as base
Merging /mnt/git-volume/linux-mainline/kernel/configs/tiny.config
Value of CONFIG_KERNEL_XZ is redefined by fragment /mnt/git-volume/linux-mainline/kernel/configs/tiny.config:
Previous value: # CONFIG_KERNEL_XZ is not set
New value: CONFIG_KERNEL_XZ=y

Value of CONFIG_CC_OPTIMIZE_FOR_SIZE is redefined by fragment /mnt/git-volume/linux-mainline/kernel/configs/tiny.config:
Previous value: # CONFIG_CC_OPTIMIZE_FOR_SIZE is not set
New value: CONFIG_CC_OPTIMIZE_FOR_SIZE=y

Value of CONFIG_SLUB_TINY is redefined by fragment /mnt/git-volume/linux-mainline/kernel/configs/tiny.config:
Previous value: # CONFIG_SLUB_TINY is not set
New value: CONFIG_SLUB_TINY=y

Merging /mnt/git-volume/linux-mainline/arch/x86/configs/tiny.config
Value of CONFIG_UNWINDER_GUESS is redefined by fragment /mnt/git-volume/linux-mainline/arch/x86/configs/tiny.config:
Previous value: # CONFIG_UNWINDER_GUESS is not set
New value: CONFIG_UNWINDER_GUESS=y

#
# merged configuration written to .config (needs make)
#
#
# configuration written to .config
#
make[5]: Leaving directory '/mnt/git-volume/kernel-test-mainline/build/rand500config-i386'
make[4]: Leaving directory '/mnt/git-volume/linux-mainline'
make[4]: Entering directory '/mnt/git-volume/linux-mainline'
make[5]: Entering directory '/tmp/tmp.ZP2i61wOqB'
  UPD     /tmp/tmp.ZP2i61wOqB/Makefile
  HOSTCC  scripts/basic/fixdep
  HOSTCC  scripts/kconfig/conf.o
  HOSTCC  scripts/kconfig/confdata.o
  HOSTCC  scripts/kconfig/expr.o
  LEX     scripts/kconfig/lexer.lex.c
  YACC    scripts/kconfig/parser.tab.[ch]
  HOSTCC  scripts/kconfig/lexer.lex.o
  HOSTCC  scripts/kconfig/menu.o
  HOSTCC  scripts/kconfig/parser.tab.o
  HOSTCC  scripts/kconfig/preprocess.o
  HOSTCC  scripts/kconfig/symbol.o
  HOSTCC  scripts/kconfig/util.o
  HOSTLD  scripts/kconfig/conf
KCONFIG_SEED=0x654606FE
#
# configuration written to .config
#
make[5]: Leaving directory '/tmp/tmp.ZP2i61wOqB'
make[4]: Leaving directory '/mnt/git-volume/linux-mainline'
make[4]: Entering directory '/mnt/git-volume/linux-mainline'
make[5]: Entering directory '/tmp/tmp.ZP2i61wOqB'
.config:6990:warning: override: reassigning to symbol PRINTK
.config:6994:warning: override: reassigning to symbol TTY
.config:6997:warning: override: reassigning to symbol BLK_DEV_INITRD
.config:7001:warning: override: reassigning to symbol BINFMT_ELF
.config:7002:warning: override: reassigning to symbol BINFMT_SCRIPT
.config:7005:warning: override: reassigning to symbol TMPFS
.config:7008:warning: override: reassigning to symbol KERNEL_GZIP
.config:7014:warning: override: reassigning to symbol KERNEL_BZIP2
.config:7015:warning: override: reassigning to symbol KERNEL_LZMA
.config:7016:warning: override: reassigning to symbol KERNEL_XZ
.config:7017:warning: override: reassigning to symbol KERNEL_LZO
.config:7018:warning: override: reassigning to symbol KERNEL_LZ4
.config:7019:warning: override: reassigning to symbol KERNEL_ZSTD
.config:7022:warning: override: reassigning to symbol MODULES
.config:7025:warning: override: reassigning to symbol DRM
.config:7026:warning: override: reassigning to symbol SOUND
.config:7027:warning: override: reassigning to symbol STAGING
.config:7028:warning: override: reassigning to symbol INFINIBAND
.config:7029:warning: override: reassigning to symbol MEDIA_SUPPORT
.config:7039:warning: override: reassigning to symbol KFENCE
.config:7040:warning: override: reassigning to symbol UBSAN
.config:7047:warning: override: reassigning to symbol RCU_TORTURE_TEST
.config:7048:warning: override: reassigning to symbol RCU_SCALE_TEST
.config:7049:warning: override: reassigning to symbol LOCK_TORTURE_TEST
.config:7059:warning: override: reassigning to symbol DEBUG_PREEMPT
.config:7060:warning: override: reassigning to symbol DEBUG_ATOMIC_SLEEP
.config:7067:warning: override: reassigning to symbol KUNIT
#
# configuration written to .config
#
make[5]: Leaving directory '/tmp/tmp.ZP2i61wOqB'
make[4]: Leaving directory '/mnt/git-volume/linux-mainline'
make[4]: Entering directory '/mnt/git-volume/linux-mainline'
make[5]: Entering directory '/mnt/git-volume/kernel-test-mainline/build/rand500config-i386'
.config:1379:warning: override: reassigning to symbol COMPACTION
.config:1401:warning: override: reassigning to symbol CC_IS_GCC
.config:1403:warning: override: reassigning to symbol HAVE_C_RECORDMCOUNT
.config:1406:warning: override: reassigning to symbol OLD_SIGACTION
.config:1407:warning: override: reassigning to symbol KSM
.config:1415:warning: override: reassigning to symbol PC104
.config:1416:warning: override: reassigning to symbol X86_DISABLED_FEATURE_IBT
.config:1419:warning: override: reassigning to symbol ARCH_HAVE_EXTRA_ELF_NOTES
.config:1426:warning: override: reassigning to symbol HAVE_KERNEL_ZSTD
.config:1432:warning: override: reassigning to symbol BCMA
.config:1433:warning: override: reassigning to symbol DEBUG_RODATA_TEST
.config:1442:warning: override: reassigning to symbol SLUB
.config:1444:warning: override: reassigning to symbol PHY_PXA_28NM_HSIC
.config:1445:warning: override: reassigning to symbol ARCH_SUPPORTS_ATOMIC_RMW
.config:1447:warning: override: reassigning to symbol GENERIC_IRQ_ENTRY
.config:1451:warning: override: reassigning to symbol STACKTRACE
.config:1452:warning: override: reassigning to symbol NMI_CHECK_CPU
.config:1465:warning: override: reassigning to symbol CC_HAS_KASAN_GENERIC
.config:1479:warning: override: reassigning to symbol LOCK_STAT
.config:1487:warning: override: reassigning to symbol ARCH_WANTS_NO_INSTR
.config:1493:warning: override: reassigning to symbol BUG_ON_DATA_CORRUPTION
.config:1499:warning: override: reassigning to symbol TICK_CPU_ACCOUNTING
.config:1500:warning: override: reassigning to symbol HAVE_USER_RETURN_NOTIFIER
.config:1501:warning: override: reassigning to symbol X86_DEBUG_FPU
.config:1502:warning: override: reassigning to symbol ARCH_32BIT_OFF_T
.config:1504:warning: override: reassigning to symbol EXTCON
.config:1508:warning: override: reassigning to symbol CRYPTO_LIB_SHA256
.config:1511:warning: override: reassigning to symbol PHY_INTEL_LGM_EMMC
.config:1516:warning: override: reassigning to symbol NVRAM
.config:1521:warning: override: reassigning to symbol PAGE_EXTENSION
.config:1530:warning: override: reassigning to symbol HAVE_DYNAMIC_FTRACE_NO_PATCHABLE
.config:1533:warning: override: reassigning to symbol USB_OHCI_LITTLE_ENDIAN
.config:1554:warning: override: reassigning to symbol ARCH_MIGHT_HAVE_PC_SERIO
.config:1562:warning: override: reassigning to symbol HAS_IOMEM
.config:1564:warning: override: reassigning to symbol ARCH_WANT_GENERAL_HUGETLB
.config:1565:warning: override: reassigning to symbol FUSE_FS
.config:1592:warning: override: reassigning to symbol SECTION_MISMATCH_WARN_ONLY
.config:1593:warning: override: reassigning to symbol DEBUG_NOTIFIERS
.config:1594:warning: override: reassigning to symbol WATCH_QUEUE
.config:1599:warning: override: reassigning to symbol SERIAL_DEV_BUS
.config:1602:warning: override: reassigning to symbol NSC_GPIO
.config:1613:warning: override: reassigning to symbol X86_DISABLED_FEATURE_XENPV
.config:1616:warning: override: reassigning to symbol NO_HZ_IDLE
.config:1617:warning: override: reassigning to symbol W1
.config:1618:warning: override: reassigning to symbol CLKEVT_I8253
.config:1632:warning: override: reassigning to symbol DEBUG_PLIST
.config:1635:warning: override: reassigning to symbol ARCH_CORRECT_STACKTRACE_ON_KRETPROBE
.config:1637:warning: override: reassigning to symbol MTRR
.config:1639:warning: override: reassigning to symbol HAVE_ARCH_WITHIN_STACK_FRAMES
.config:1641:warning: override: reassigning to symbol M686
.config:1653:warning: override: reassigning to symbol X86_DISABLED_FEATURE_ENQCMD
.config:1662:warning: override: reassigning to symbol X86_REQUIRED_FEATURE_FPU
.config:1676:warning: override: reassigning to symbol HAVE_RETHOOK
.config:1678:warning: override: reassigning to symbol TTY
.config:1683:warning: override: reassigning to symbol HAVE_FTRACE_GRAPH_FUNC
.config:1692:warning: override: reassigning to symbol PRINTK
.config:1700:warning: override: reassigning to symbol FAULT_INJECTION
.config:1703:warning: override: reassigning to symbol DETECT_HUNG_TASK
.config:1704:warning: override: reassigning to symbol ARCH_MAY_HAVE_PC_FDC
.config:1718:warning: override: reassigning to symbol CLONE_BACKWARDS
.config:1728:warning: override: reassigning to symbol X86_DISABLED_FEATURE_LASS
.config:1733:warning: override: reassigning to symbol SLIMBUS
.config:1735:warning: override: reassigning to symbol CPU_SUP_CYRIX_32
.config:1739:warning: override: reassigning to symbol DMABUF_HEAPS
.config:1741:warning: override: reassigning to symbol HAVE_GUP_FAST
.config:1743:warning: override: reassigning to symbol EARLY_PRINTK
.config:1747:warning: override: reassigning to symbol IOMMU_SUPPORT
.config:1749:warning: override: reassigning to symbol COMPAT_32
.config:1752:warning: override: reassigning to symbol HAVE_ARCH_KSTACK_ERASE
.config:1756:warning: override: reassigning to symbol EDAC_SUPPORT
.config:1767:warning: override: reassigning to symbol X86_CPUID
.config:1777:warning: override: reassigning to symbol ARCH_USE_MEMTEST
.config:1778:warning: override: reassigning to symbol BROKEN_ON_SMP
.config:1791:warning: override: reassigning to symbol HAVE_BUILDTIME_MCOUNT_SORT
.config:1796:warning: override: reassigning to symbol IO_DELAY_NONE
.config:1806:warning: override: reassigning to symbol DEBUG_INFO_DWARF4
.config:1809:warning: override: reassigning to symbol MMU_GATHER_MERGE_VMAS
.config:1811:warning: override: reassigning to symbol MFD_TQMX86
.config:1813:warning: override: reassigning to symbol HAVE_SOFTIRQ_ON_OWN_STACK
.config:1820:warning: override: reassigning to symbol RCU_REF_SCALE_TEST
.config:1825:warning: override: reassigning to symbol HAVE_KERNEL_LZ4
.config:1841:warning: override: reassigning to symbol ISA_DMA_API
.config:1843:warning: override: reassigning to symbol TELCLOCK
.config:1844:warning: override: reassigning to symbol MODIFY_LDT_SYSCALL
.config:1851:warning: override: reassigning to symbol FTRACE
.config:1859:warning: override: reassigning to symbol NLS
.config:1870:warning: override: reassigning to symbol DEBUG_KMAP_LOCAL_FORCE_MAP
.config:1872:warning: override: reassigning to symbol AS_HAS_NON_CONST_ULEB128
.config:1873:warning: override: reassigning to symbol X86_GENERIC
.config:1874:warning: override: reassigning to symbol ARCH_SUPPORTS_KEXEC_SIG_FORCE
.config:1876:warning: override: reassigning to symbol GAMEPORT
.config:1889:warning: override: reassigning to symbol PRINTK
.config:1893:warning: override: reassigning to symbol TTY
.config:1896:warning: override: reassigning to symbol BLK_DEV_INITRD
.config:1900:warning: override: reassigning to symbol BINFMT_ELF
.config:1901:warning: override: reassigning to symbol BINFMT_SCRIPT
.config:1907:warning: override: reassigning to symbol KERNEL_GZIP
#
# configuration written to .config
#
make[5]: Leaving directory '/mnt/git-volume/kernel-test-mainline/build/rand500config-i386'
make[4]: Leaving directory '/mnt/git-volume/linux-mainline'
make[4]: Entering directory '/mnt/git-volume/linux-mainline'
make[5]: Entering directory '/mnt/git-volume/kernel-test-mainline/build/rand500config-i386'
  SYNC    include/config/auto.conf.cmd
  HOSTCC  arch/x86/tools/relocs_32.o
  HOSTCC  arch/x86/tools/relocs_64.o
  HOSTLD  arch/x86/tools/relocs
  CC      scripts/mod/empty.o
  CC      scripts/mod/devicetable-offsets.s
  MKELF   scripts/mod/elfconfig.h
  HOSTCC  scripts/mod/modpost.o
  HOSTCC  scripts/mod/sumversion.o
  HOSTCC  scripts/mod/symsearch.o
  HOSTCC  scripts/mod/file2alias.o
  HOSTLD  scripts/mod/modpost
  CC      kernel/bounds.s
  UPD     include/generated/timeconst.h
  UPD     include/generated/bounds.h
  CC      arch/x86/kernel/asm-offsets.s
  UPD     include/generated/asm-offsets.h
  CC      kernel/sched/rq-offsets.s
  UPD     include/generated/rq-offsets.h
  CALL    /mnt/git-volume/linux-mainline/scripts/checksyscalls.sh 
  GEN     usr/initramfs_data.cpio
  CC      init/main.o
  COPY    usr/initramfs_inc_data
  AS      arch/x86/entry/entry.o
  AS      usr/initramfs_data.o
  AR      usr/built-in.a
  UPD     init/utsversion-tmp.h
  AS      arch/x86/entry/entry_32.o
  CC      init/do_mounts.o
  CC      arch/x86/entry/syscall_32.o
  CC      kernel/fork.o
  CC      arch/x86/entry/common.o
  CC      init/do_mounts_initrd.o
  CC      init/initramfs.o
  CC      arch/x86/entry/vdso/vma.o
  CC      init/calibrate.o
  CC      kernel/exec_domain.o
  CC      init/init_task.o
  CC      init/version.o
  CC      arch/x86/entry/vdso/extable.o
  CC      kernel/exec_state.o
  CC      kernel/panic.o
  AR      init/built-in.a
  CC      mm/filemap.o
  CC      kernel/cpu.o
  CC      arch/x86/entry/vdso/vdso32-setup.o
  CC      kernel/exit.o
  AS      arch/x86/entry/vdso/vdso32/note.o
  CC      arch/x86/entry/vdso/vdso32/vclock_gettime.o
  CC      arch/x86/entry/vdso/vdso32/vgetcpu.o
  AS      arch/x86/entry/vdso/vdso32/system_call.o
  AS      arch/x86/entry/vdso/vdso32/sigreturn.o
  CC      mm/mempool.o
  VDSO    arch/x86/entry/vdso/vdso32/vdso32.so.dbg
  OBJCOPY arch/x86/entry/vdso/vdso32/vdso32.so
  VDSO2C  arch/x86/entry/vdso/vdso32/vdso32-image.c
  CC      arch/x86/entry/vdso/vdso32/vdso32-image.o
  AR      arch/x86/entry/vdso/vdso32/built-in.a
  AR      arch/x86/entry/vdso/built-in.a
  AS      arch/x86/entry/thunk.o
  AR      arch/x86/entry/built-in.a
  CC      arch/x86/events/core.o
  CC      kernel/softirq.o
  CC      mm/oom_kill.o
  CC      mm/fadvise.o
  CC      kernel/resource.o
  CC      mm/maccess.o
  CC      arch/x86/events/probe.o
  CC      mm/page-writeback.o
  CC      arch/x86/events/utils.o
  CC      mm/folio-compat.o
  CC      kernel/sysctl.o
  CC      arch/x86/events/amd/core.o
  CC      mm/readahead.o
  CC      mm/swap.o
  CC      kernel/capability.o
  CC      arch/x86/events/amd/lbr.o
  CC      kernel/ptrace.o
  CC      mm/truncate.o
  CC      mm/vmscan.o
  AR      arch/x86/events/amd/built-in.a
  CC      arch/x86/events/intel/core.o
  CC      mm/shrinker.o
  CC      kernel/user.o
  CC      kernel/signal.o
  CC      mm/shmem.o
  CC      mm/util.o
  CC      mm/mmzone.o
  CC      kernel/sys.o
  CC      mm/vmstat.o
  CC      kernel/umh.o
  CC      mm/backing-dev.o
  CC      arch/x86/events/intel/bts.o
  CC      mm/mm_init.o
  CC      kernel/workqueue.o
  CC      mm/percpu.o
  CC      arch/x86/events/intel/ds.o
  CC      mm/slab_common.o
  CC      mm/compaction.o
  CC      arch/x86/events/intel/knc.o
  CC      kernel/pid.o
  CC      mm/show_mem.o
  CC      arch/x86/events/intel/lbr.o
  CC      mm/interval_tree.o
  CC      kernel/task_work.o
  CC      kernel/extable.o
  CC      arch/x86/events/intel/p4.o
  CC      mm/list_lru.o
  CC      mm/workingset.o
  CC      kernel/params.o
  CC      arch/x86/events/intel/p6.o
  CC      arch/x86/events/intel/pt.o
  CC      mm/debug.o
  CC      kernel/kthread.o
  CC      kernel/sys_ni.o
  CC      kernel/nsproxy.o
  CC      mm/gup.o
  AR      arch/x86/events/intel/built-in.a
  CC      arch/x86/events/zhaoxin/core.o
  CC      kernel/nstree.o
  CC      kernel/nscommon.o
  AR      arch/x86/events/zhaoxin/built-in.a
  AR      arch/x86/events/built-in.a
  CC      arch/x86/realmode/init.o
  CC      kernel/notifier.o
  CC      kernel/ksysfs.o
  CC      mm/mmap_lock.o
  AS      arch/x86/realmode/rm/header.o
  AS      arch/x86/realmode/rm/trampoline_32.o
  AS      arch/x86/realmode/rm/reboot.o
  PASYMS  arch/x86/realmode/rm/pasyms.h
  LDS     arch/x86/realmode/rm/realmode.lds
  LD      arch/x86/realmode/rm/realmode.elf
  RELOCS  arch/x86/realmode/rm/realmode.relocs
  OBJCOPY arch/x86/realmode/rm/realmode.bin
  AS      arch/x86/realmode/rmpiggy.o
  AR      arch/x86/realmode/built-in.a
  CC      arch/x86/mm/init.o
  AS      arch/x86/kernel/head_32.o
  CC      kernel/cred.o
  CC      arch/x86/kernel/head32.o
  CC      mm/vma_init.o
  CC      arch/x86/kernel/ebda.o
  CC      arch/x86/mm/init_32.o
  CC      kernel/reboot.o
  CC      mm/highmem.o
  CC      arch/x86/kernel/platform-quirks.o
  CC      arch/x86/mm/fault.o
  CC      mm/memory.o
  CC      arch/x86/kernel/process_32.o
  CC      kernel/async.o
  CC      kernel/range.o
  CC      kernel/smpboot.o
  CC      arch/x86/kernel/signal.o
  CC      arch/x86/mm/ioremap.o
  CC      kernel/ucount.o
  CC      kernel/regset.o
  CC      arch/x86/mm/extable.o
  CC      kernel/ksyms_common.o
  CC      arch/x86/kernel/signal_32.o
  CC      mm/mincore.o
  CC      arch/x86/mm/mmap.o
  CC      kernel/sched/core.o
  CC      arch/x86/kernel/traps.o
  CC      arch/x86/mm/pgtable.o
  CC      mm/mlock.o
  CC      arch/x86/kernel/idt.o
  CC      arch/x86/mm/physaddr.o
  CC      mm/mmap.o
  CC      arch/x86/mm/tlb.o
  CC      arch/x86/kernel/irq.o
  CC      arch/x86/mm/cpu_entry_area.o
  CC      arch/x86/kernel/irq_32.o
  CC      mm/mmu_gather.o
  CC      kernel/sched/fair.o
  CC      arch/x86/mm/maccess.o
  CC      arch/x86/kernel/dumpstack_32.o
  CC      mm/mprotect.o
  CC      arch/x86/mm/pgprot.o
  CC      arch/x86/kernel/time.o
  CC      arch/x86/mm/pat/set_memory.o
  CC      arch/x86/kernel/ioport.o
  CC      mm/mremap.o
  CC      arch/x86/kernel/dumpstack.o
  CC      arch/x86/mm/pat/memtype.o
  CC      kernel/sched/build_policy.o
  CC      mm/msync.o
  CC      arch/x86/kernel/nmi.o
  CC      arch/x86/mm/pat/memtype_interval.o
  CC      mm/page_vma_mapped.o
  AR      arch/x86/mm/pat/built-in.a
  CC      arch/x86/mm/pgtable_32.o
  CC      arch/x86/kernel/ldt.o
  CC      mm/pagewalk.o
  CC      arch/x86/kernel/setup.o
  CC      arch/x86/mm/iomap_32.o
  CC      kernel/sched/build_utility.o
  CC      mm/pgtable-generic.o
  AR      arch/x86/mm/built-in.a
  CC      arch/x86/virt/svm/cmdline.o
  AR      arch/x86/virt/svm/built-in.a
  AR      arch/x86/virt/built-in.a
  CC      mm/rmap.o
  CC      arch/x86/kernel/x86_init.o
  CC      mm/vmalloc.o
  CC      arch/x86/kernel/i8259.o
  CC      arch/x86/kernel/irqinit.o
  CC      mm/vma.o
  AR      kernel/sched/built-in.a
  CC      kernel/locking/mutex.o
  CC      arch/x86/kernel/irq_work.o
  CC      mm/vma_exec.o
  CC      mm/page_alloc.o
  CC      kernel/locking/semaphore.o
  CC      arch/x86/kernel/probe_roms.o
  CC      mm/page_frag_cache.o
  CC      arch/x86/kernel/sys_ia32.o
  CC      kernel/locking/rwsem.o
  CC      mm/init-mm.o
  CC      arch/x86/kernel/bootflag.o
  CC      kernel/locking/percpu-rwsem.o
  CC      mm/memblock.o
  CC      arch/x86/kernel/e820.o
  CC      mm/slub.o
  CC      kernel/locking/mutex-debug.o
  CC      mm/dmapool.o
  CC      arch/x86/kernel/pci-dma.o
  CC      kernel/locking/lockdep.o
  CC      mm/ksm.o
  CC      arch/x86/kernel/quirks.o
  CC      mm/migrate.o
  CC      arch/x86/kernel/kdebugfs.o
  CC      kernel/locking/spinlock.o
  CC      kernel/locking/spinlock_debug.o
  CC      arch/x86/kernel/alternative.o
  CC      mm/rodata_test.o
  AR      kernel/locking/built-in.a
  CC      kernel/power/qos.o
  CC      mm/early_ioremap.o
  CC      mm/page_ext.o
  CC      kernel/printk/printk.o
  CC      arch/x86/kernel/i8253.o
  AR      kernel/power/built-in.a
  CC      kernel/irq/irqdesc.o
  AR      mm/built-in.a
  CC      fs/open.o
  CC      arch/x86/kernel/hw_breakpoint.o
  CC      kernel/irq/handle.o
  CC      arch/x86/kernel/tsc.o
  CC      kernel/irq/manage.o
  CC      fs/read_write.o
  CC      kernel/printk/printk_safe.o
  CC      arch/x86/kernel/tsc_msr.o
  CC      kernel/irq/spurious.o
  CC      kernel/printk/nbcon.o
  CC      arch/x86/kernel/io_delay.o
  CC      fs/file_table.o
  CC      kernel/irq/resend.o
  CC      arch/x86/kernel/rtc.o
  CC      kernel/printk/printk_ringbuffer.o
  CC      kernel/irq/chip.o
  CC      arch/x86/kernel/resource.o
  CC      fs/super.o
  AS      arch/x86/kernel/irqflags.o
  AR      kernel/printk/built-in.a
  CC      fs/char_dev.o
  CC      arch/x86/kernel/static_call.o
  CC      arch/x86/kernel/process.o
  CC      kernel/irq/dummychip.o
  CC      fs/stat.o
  CC      fs/exec.o
  CC      kernel/irq/devres.o
  CC      arch/x86/kernel/fpu/init.o
  CC      fs/pipe.o
  CC      kernel/irq/kexec.o
  CC      arch/x86/kernel/fpu/bugs.o
  CC      arch/x86/kernel/fpu/core.o
  CC      kernel/irq/autoprobe.o
  CC      kernel/irq/irqdomain.o
  CC      fs/namei.o
  CC      fs/fcntl.o
  AR      kernel/irq/built-in.a
  CC      kernel/rcu/update.o
  CC      arch/x86/kernel/fpu/regset.o
  CC      kernel/rcu/sync.o
  CC      arch/x86/kernel/fpu/signal.o
  CC      kernel/rcu/srcutiny.o
  CC      kernel/rcu/refscale.o
  CC      kernel/rcu/tiny.o
  CC      arch/x86/kernel/fpu/xstate.o
  CC      fs/ioctl.o
  CC      kernel/rcu/rcu_segcblist.o
  CC      fs/readdir.o
  AR      arch/x86/kernel/fpu/built-in.a
  CC      arch/x86/kernel/ptrace.o
  AR      kernel/rcu/built-in.a
  CC      kernel/dma/mapping.o
  CC      fs/select.o
  CC      fs/dcache.o
  CC      arch/x86/kernel/tls.o
  CC      arch/x86/kernel/step.o
  CC      fs/inode.o
  CC      kernel/dma/direct.o
  CC      fs/attr.o
  CC      arch/x86/kernel/i8237.o
  CC      kernel/dma/ops_helpers.o
  CC      arch/x86/kernel/stacktrace.o
  CC      fs/bad_inode.o
  CC      kernel/dma/remap.o
  CC      fs/file.o
  CC      fs/filesystems.o
  CC      arch/x86/kernel/cpu/cacheinfo.o
  AR      kernel/dma/built-in.a
  CC      kernel/entry/common.o
  CC      arch/x86/kernel/cpu/scattered.o
  CC      fs/namespace.o
  CC      fs/seq_file.o
  CC      kernel/entry/syscall-common.o
  CC      arch/x86/kernel/cpu/topology_common.o
  CC      arch/x86/kernel/cpu/topology_ext.o
  CC      kernel/entry/syscall_user_dispatch.o
  CC      fs/xattr.o
  CC      arch/x86/kernel/cpu/topology_amd.o
  AR      kernel/entry/built-in.a
  CC      kernel/stacktrace.o
  CC      fs/libfs.o
  CC      arch/x86/kernel/cpu/cpuid_parser.o
  CC      arch/x86/kernel/cpu/common.o
  CC      kernel/time/time.o
  CC      arch/x86/kernel/cpu/rdrand.o
  CC      arch/x86/kernel/cpu/match.o
  CC      arch/x86/kernel/cpu/bugs.o
  CC      kernel/time/timer.o
  CC      fs/fs-writeback.o
  CC      arch/x86/kernel/cpu/aperfmperf.o
  CC      arch/x86/kernel/cpu/cpuid-deps.o
  CC      kernel/dma.o
  CC      arch/x86/kernel/cpu/cpuid_0x2_table.o
  CC      kernel/time/hrtimer.o
  CC      arch/x86/kernel/cpu/umwait.o
  CC      kernel/up.o
  CC      kernel/kallsyms.o
  CC      fs/pnode.o
  CC      arch/x86/kernel/cpu/capflags.o
  CC      arch/x86/kernel/cpu/powerflags.o
  CC      arch/x86/kernel/cpu/feat_ctl.o
  CC      fs/splice.o
  CC      kernel/time/sleep_timeout.o
  CC      arch/x86/kernel/cpu/intel.o
  CC      kernel/kallsyms_selftest.o
  CC      kernel/time/timekeeping.o
  CC      arch/x86/kernel/cpu/tsx.o
  CC      kernel/hung_task.o
  CC      fs/sync.o
  CC      arch/x86/kernel/cpu/amd.o
  CC      arch/x86/kernel/cpu/hygon.o
  CC      kernel/time/ntp.o
  CC      fs/utimes.o
  CC      arch/x86/kernel/cpu/cyrix.o
  CC      kernel/time/clocksource.o
  CC      arch/x86/kernel/cpu/centaur.o
  CC      fs/d_path.o
  CC      arch/x86/kernel/cpu/transmeta.o
  CC      arch/x86/kernel/cpu/zhaoxin.o
  CC      kernel/time/jiffies.o
  CC      arch/x86/kernel/cpu/vortex.o
  CC      fs/stack.o
  CC      arch/x86/kernel/cpu/mtrr/mtrr.o
  CC      kernel/time/timer_list.o
  CC      arch/x86/kernel/cpu/mtrr/if.o
  CC      fs/fs_struct.o
  CC      kernel/time/timeconv.o
  CC      arch/x86/kernel/cpu/mtrr/generic.o
  CC      arch/x86/kernel/cpu/mtrr/cleanup.o
  CC      kernel/time/timecounter.o
  CC      fs/statfs.o
  CC      kernel/time/alarmtimer.o
  CC      fs/fs_pin.o
  CC      arch/x86/kernel/cpu/mtrr/amd.o
  CC      arch/x86/kernel/cpu/mtrr/cyrix.o
  CC      kernel/time/posix-stubs.o
  CC      fs/nsfs.o
  CC      arch/x86/kernel/cpu/mtrr/centaur.o
  CC      arch/x86/kernel/cpu/mtrr/legacy.o
  CC      fs/fs_dirent.o
  CC      kernel/time/clockevents.o
  AR      arch/x86/kernel/cpu/mtrr/built-in.a
  CC      arch/x86/kernel/cpu/microcode/core.o
  CC      fs/fs_context.o
  CC      fs/fs_parser.o
  CC      kernel/time/tick-common.o
  CC      arch/x86/kernel/cpu/microcode/intel.o
  CC      fs/fsopen.o
  CC      fs/init.o
  CC      kernel/time/tick-oneshot.o
  CC      arch/x86/kernel/cpu/microcode/amd.o
  CC      kernel/time/tick-sched.o
  CC      fs/kernel_read_file.o
  CC      fs/mnt_idmapping.o
  CC      fs/remap_range.o
  AR      arch/x86/kernel/cpu/microcode/built-in.a
  AR      arch/x86/kernel/cpu/built-in.a
  CC      arch/x86/kernel/reboot.o
  CC      fs/pidfs.o
  CC      kernel/time/vsyscall.o
  AR      kernel/time/built-in.a
  CC      kernel/tracepoint.o
  CC      fs/file_attr.o
  CC      arch/x86/kernel/cpuid.o
  CC      fs/fserror.o
  CC      arch/x86/kernel/tsc_sync.o
  CC      kernel/trace/trace_clock.o
  CC      fs/nullfs.o
  CC      arch/x86/kernel/apic/hw_nmi.o
  CC      kernel/trace/ring_buffer.o
  CC      fs/anon_inodes.o
  CC      fs/binfmt_script.o
  AR      arch/x86/kernel/apic/built-in.a
  CC      arch/x86/kernel/trace_clock.o
  CC      arch/x86/kernel/trace.o
  CC      fs/binfmt_elf.o
  CC      fs/backing-file.o
  CC      arch/x86/kernel/doublefault_32.o
  CC      fs/posix_acl.o
  CC      fs/iomap/trace.o
  CC      arch/x86/kernel/perf_regs.o
  CC      kernel/trace/trace.o
  CC      arch/x86/kernel/unwind_guess.o
  AR      fs/quota/built-in.a
  CC      fs/devpts/inode.o
  CC      fs/iomap/iter.o
  CC      arch/x86/kernel/early_printk.o
  CC      fs/iomap/buffered-io.o
  AR      fs/devpts/built-in.a
  CC      fs/ramfs/inode.o
  CC      arch/x86/kernel/uprobes.o
  CC      fs/ramfs/file-mmu.o
  LDS     arch/x86/kernel/vmlinux.lds
  AR      arch/x86/kernel/built-in.a
  AR      arch/x86/built-in.a
  CC      security/commoncap.o
  CC      kernel/trace/trace_output.o
  AR      fs/iomap/built-in.a
  CC      security/min_addr.o
  AR      fs/ramfs/built-in.a
  CC      fs/nls/nls_base.o
  CC      fs/nls/nls_cp860.o
  CC      fs/nls/nls_iso8859-2.o
  AR      security/built-in.a
  CC      fs/nls/mac-centeuro.o
  CC      fs/nls/mac-iceland.o
  CC      kernel/trace/trace_seq.o
  CC      lib/argv_split.o
  CC      fs/nls/nls_cp852.o
  CC      kernel/trace/trace_stat.o
  CC      lib/buildid.o
  CC      lib/cmdline.o
  AR      fs/nls/built-in.a
  CC      fs/fuse/trace.o
  CC      lib/ctype.o
  CC      lib/dec_and_lock.o
  CC      lib/decompress.o
  CC      lib/decompress_bunzip2.o
  CC      kernel/trace/trace_printk.o
  CC      kernel/trace/trace_pid.o
  CC      lib/decompress_inflate.o
  CC      fs/fuse/dev.o
  CC      lib/decompress_unlz4.o
  CC      kernel/trace/pid_list.o
  CC      lib/decompress_unlzma.o
  CC      fs/fuse/dir.o
  CC      lib/decompress_unlzo.o
  CC      kernel/trace/trace_sched_switch.o
  CC      lib/decompress_unxz.o
  CC      lib/decompress_unzstd.o
  CC      lib/dump_stack.o
  CC      kernel/trace/trace_nop.o
  CC      fs/fuse/file.o
  CC      lib/earlycpio.o
  CC      lib/extable.o
  CC      lib/flex_proportions.o
  CC      kernel/trace/trace_events.o
  CC      kernel/trace/trace_export.o
  CC      lib/idr.o
  CC      lib/iomem_copy.o
  CC      kernel/trace/trace_event_perf.o
  CC      lib/irq_regs.o
  CC      fs/fuse/inode.o
  CC      lib/is_single_threaded.o
  CC      lib/klist.o
  CC      kernel/trace/trace_events_filter.o
  CC      kernel/trace/trace_events_trigger.o
  CC      lib/kobject.o
  CC      lib/kobject_uevent.o
  CC      fs/fuse/control.o
  CC      kernel/trace/error_report-traces.o
  CC      kernel/trace/power-traces.o
  CC      fs/fuse/xattr.o
  CC      lib/logic_pio.o
  CC      fs/fuse/acl.o
  CC      fs/fuse/readdir.o
  CC      lib/maple_tree.o
  CC      kernel/trace/trace_eprobe.o
  CC      fs/fuse/ioctl.o
  CC      fs/fuse/req_timeout.o
  CC      fs/fuse/req.o
  CC      fs/fuse/poll.o
  CC      kernel/trace/trace_dynevent.o
  CC      lib/memcat_p.o
  CC      lib/nmi_backtrace.o
  CC      fs/fuse/notify.o
  CC      lib/objpool.o
  CC      kernel/trace/trace_probe.o
  CC      lib/plist.o
  CC      lib/radix-tree.o
  CC      fs/fuse/iomode.o
  CC      lib/ratelimit.o
  CC      lib/rbtree.o
  CC      lib/seq_buf.o
  CC      fs/fuse/passthrough.o
  CC      fs/fuse/backing.o
  CC      kernel/trace/trace_uprobe.o
  CC      lib/siphash.o
  CC      lib/string.o
  AR      fs/fuse/built-in.a
  CC      fs/tracefs/inode.o
  CC      lib/sys_info.o
  CC      lib/timerqueue.o
  CC      lib/vsprintf.o
  CC      lib/win_minmax.o
  CC      fs/tracefs/event_inode.o
  CC      lib/xarray.o
  AR      kernel/trace/built-in.a
  CC      kernel/irq_work.o
  AR      fs/tracefs/built-in.a
  AR      fs/built-in.a
  CC      lib/lockref.o
  AS      arch/x86/lib/atomic64_cx8_32.o
  AS      arch/x86/lib/checksum_32.o
  CC      kernel/static_call.o
  CC      arch/x86/lib/cmdline.o
  CC      kernel/events/core.o
  AS      arch/x86/lib/cmpxchg8b_emu.o
  CC      arch/x86/lib/cpu.o
  CC      lib/bcd.o
  CC      lib/sort.o
  CC      kernel/events/ring_buffer.o
  CC      lib/parser.o
  CC      arch/x86/lib/delay.o
  AS      arch/x86/lib/getuser.o
  CC      arch/x86/lib/inat.o
  CC      lib/debug_locks.o
  CC      arch/x86/lib/insn-eval.o
  CC      lib/random32.o
  CC      lib/bust_spinlocks.o
  CC      kernel/events/callchain.o
  CC      arch/x86/lib/insn.o
  CC      arch/x86/lib/memcpy_32.o
  CC      lib/kasprintf.o
  AS      arch/x86/lib/memmove_32.o
  CC      arch/x86/lib/misc.o
  CC      arch/x86/lib/pc-conf-reg.o
  CC      kernel/events/hw_breakpoint.o
  AS      arch/x86/lib/putuser.o
  CC      lib/bitmap.o
  CC      arch/x86/lib/string_32.o
  CC      arch/x86/lib/strstr_32.o
  CC      arch/x86/lib/usercopy.o
  CC      arch/x86/lib/usercopy_32.o
  CC      lib/scatterlist.o
  CC      arch/x86/lib/msr.o
  CC      kernel/events/uprobes.o
  CC      lib/list_sort.o
  CC      lib/uuid.o
  AS      arch/x86/lib/msr-reg.o
  CC      lib/iov_iter.o
  CC      kernel/torture.o
  CC      arch/x86/lib/msr-reg-export.o
  AS      arch/x86/lib/hweight.o
  CC      arch/x86/lib/iomem.o
  AR      kernel/events/built-in.a
  CC      kernel/iomem.o
  CC      arch/x86/lib/atomic64_32.o
  CC      kernel/watch_queue.o
  AR      arch/x86/lib/lib.a
  AR      arch/x86/lib/built-in.a
  CC      drivers/phy/phy-core.o
  AR      drivers/leds/built-in.a
  CC      drivers/pci/trace.o
  CC      lib/clz_ctz.o
  CC      lib/bsearch.o
  AR      kernel/built-in.a
  CC      lib/find_bit.o
  CC      drivers/phy/intel/phy-intel-lgm-emmc.o
  CC      lib/llist.o
  CC      lib/lwq.o
  CC      lib/memweight.o
  AR      drivers/pci/built-in.a
  CC      lib/kfifo.o
  CC      drivers/video/console/dummycon.o
  CC      lib/percpu-refcount.o
  AR      drivers/phy/intel/built-in.a
  CC      drivers/phy/marvell/phy-pxa-28nm-hsic.o
  CC      lib/rhashtable.o
  CC      lib/base64.o
  CC      drivers/video/console/vgacon.o
  CC      lib/once.o
  AR      drivers/phy/marvell/built-in.a
  AR      drivers/phy/built-in.a
  CC      lib/refcount.o
  AR      drivers/virtio/built-in.a
  CC      drivers/tty/tty_io.o
  CC      lib/rcuref.o
  CC      drivers/tty/n_tty.o
  AR      drivers/video/console/built-in.a
  AR      drivers/video/backlight/built-in.a
  AR      drivers/video/built-in.a
  CC      drivers/char/mem.o
  CC      lib/usercopy.o
  CC      lib/errseq.o
  CC      lib/bucket_locks.o
  CC      drivers/char/random.o
  CC      drivers/tty/tty_ioctl.o
  CC      drivers/tty/tty_ldisc.o
  CC      lib/generic-radix-tree.o
  CC      lib/bitmap-str.o
  CC      drivers/tty/tty_buffer.o
  CC      drivers/tty/tty_port.o
  CC      drivers/char/misc.o
  CC      lib/string_helpers.o
  CC      drivers/tty/tty_mutex.o
  CC      drivers/tty/tty_ldsem.o
  CC      drivers/char/nvram.o
  CC      lib/hexdump.o
  CC      drivers/tty/tty_baudrate.o
  CC      lib/kstrtox.o
  CC      drivers/tty/tty_jobctrl.o
  CC      drivers/char/nsc_gpio.o
  CC      lib/math/div64.o
  CC      drivers/tty/n_null.o
  CC      lib/math/gcd.o
  CC      lib/math/lcm.o
  CC      drivers/char/tlclk.o
  CC      drivers/tty/pty.o
  CC      lib/math/int_log.o
  CC      lib/math/int_pow.o
  CC      lib/math/int_sqrt.o
  CC      lib/math/reciprocal_div.o
  CC      drivers/tty/vt/vt_ioctl.o
  AR      lib/math/built-in.a
  CC      lib/crc/crc32-main.o
  AR      drivers/char/built-in.a
  CC      drivers/tty/vt/vc_screen.o
  AR      lib/crc/built-in.a
  CC      lib/crypto/blake2s.o
  CC      drivers/tty/serial/serial_core.o
  CC      drivers/tty/vt/selection.o
  CC      lib/crypto/chacha-block-generic.o
  CC      lib/crypto/sha256.o
  CC      drivers/tty/vt/keyboard.o
  CC      drivers/tty/vt/vt.o
  AR      lib/crypto/built-in.a
  CC      lib/vdso/datastore.o
  CC      drivers/tty/serial/serial_base_bus.o
  AR      lib/vdso/built-in.a
  CC      lib/iomap.o
  CC      drivers/tty/vt/defkeymap.o
  CC      drivers/tty/vt/consolemap.o
  CC      drivers/tty/serial/serial_ctrl.o
  CC      lib/iomap_copy.o
  CC      lib/devres.o
  CC      lib/list_debug.o
  CC      drivers/tty/serial/serial_port.o
  CC      lib/bitrev.o
  CC      lib/xxhash.o
  CC      drivers/tty/vt/consolemap_deftbl.o
  CC      drivers/tty/vt/ucs.o
  CC      lib/zlib_inflate/inffast.o
  AR      drivers/tty/vt/built-in.a
  CC      drivers/tty/serdev/core.o
  CC      lib/zlib_inflate/inflate.o
  CC      lib/lzo/lzo1x_decompress_safe.o
  CC      drivers/tty/serial/earlycon.o
  CC      lib/zlib_inflate/infutil.o
  AR      lib/lzo/built-in.a
  CC      lib/lz4/lz4_decompress.o
  CC      drivers/tty/serdev/serdev-ttyport.o
  CC      lib/zlib_inflate/inftrees.o
  CC      lib/zlib_inflate/inflate_syms.o
  CC      drivers/tty/serial/8250/8250_core.o
  AR      lib/zlib_inflate/built-in.a
  CC      lib/zstd/zstd_decompress_module.o
  AR      drivers/tty/serdev/built-in.a
  CC      lib/zstd/decompress/huf_decompress.o
  AR      lib/lz4/built-in.a
  CC      lib/zstd/decompress/zstd_ddict.o
  CC      lib/zstd/decompress/zstd_decompress.o
  CC      lib/zstd/decompress/zstd_decompress_block.o
  CC      drivers/tty/serial/8250/8250_platform.o
  CC      lib/zstd/zstd_common_module.o
  CC      lib/zstd/common/debug.o
  CC      lib/zstd/common/entropy_common.o
  CC      lib/zstd/common/error_private.o
  CC      drivers/tty/serial/8250/8250_port.o
  CC      drivers/tty/serial/8250/8250_early.o
  CC      lib/zstd/common/fse_decompress.o
  CC      lib/zstd/common/zstd_common.o
  CC      lib/xz/xz_dec_syms.o
  CC      lib/xz/xz_dec_stream.o
  CC      lib/xz/xz_dec_lzma2.o
  AR      lib/zstd/built-in.a
  CC      lib/fault-inject.o
  CC      lib/xz/xz_dec_bcj.o
  AR      drivers/tty/serial/8250/built-in.a
  AR      drivers/tty/serial/built-in.a
  AR      drivers/tty/built-in.a
  CC      drivers/iommu/iommu.o
  CC      drivers/iommu/iommu-pages.o
  CC      lib/syscall.o
  AR      lib/xz/built-in.a
  CC      lib/glob.o
  CC      lib/strncpy_from_user.o
  CC      drivers/iommu/iommu-traces.o
  CC      lib/strnlen_user.o
  CC      lib/group_cpus.o
  AR      lib/lib.a
  CC      drivers/iommu/iommu-sysfs.o
  CC      drivers/iommu/dma-iommu.o
  AR      lib/built-in.a
  CC      drivers/iommu/iova.o
  CC      drivers/base/component.o
  AR      drivers/misc/built-in.a
  CC      drivers/mfd/tqmx86.o
  CC      drivers/mfd/mfd-core.o
  AR      drivers/iommu/built-in.a
  CC      drivers/dma-buf/dma-buf.o
  CC      drivers/base/core.o
  CC      drivers/dma-buf/dma-fence.o
  AR      drivers/mfd/built-in.a
  AR      drivers/scsi/built-in.a
  CC      drivers/slimbus/core.o
  CC      drivers/slimbus/messaging.o
  CC      drivers/dma-buf/dma-fence-array.o
  CC      drivers/slimbus/sched.o
  CC      drivers/dma-buf/dma-fence-chain.o
  CC      drivers/slimbus/stream.o
  CC      drivers/base/bus.o
  CC      drivers/dma-buf/dma-fence-unwrap.o
  CC      drivers/dma-buf/dma-resv.o
  AR      drivers/slimbus/built-in.a
  CC      drivers/input/serio/serio.o
  CC      drivers/dma-buf/dma-buf-mapping.o
  CC      drivers/dma-buf/dma-heap.o
  CC      drivers/base/dd.o
  CC      drivers/input/serio/i8042.o
  CC      drivers/input/serio/serport.o
  AR      drivers/dma-buf/built-in.a
  CC      drivers/input/gameport/gameport.o
  CC      drivers/base/syscore.o
  CC      drivers/input/serio/libps2.o
  AR      drivers/input/gameport/built-in.a
  CC      drivers/input/input.o
  CC      drivers/input/input-compat.o
  AR      drivers/input/serio/built-in.a
  CC      drivers/rtc/lib.o
  CC      drivers/base/driver.o
  CC      drivers/input/input-mt.o
  CC      drivers/input/input-poller.o
  CC      drivers/base/class.o
  CC      drivers/rtc/rtc-mc146818-lib.o
  CC      drivers/input/ff-core.o
  CC      drivers/input/touchscreen.o
  AR      drivers/rtc/built-in.a
  CC      drivers/base/platform.o
  CC      drivers/input/touch-overlay.o
  CC      drivers/w1/w1.o
  CC      drivers/input/sparse-keymap.o
  CC      drivers/input/vivaldi-fmap.o
  CC      drivers/base/cpu.o
  CC      drivers/input/keyboard/atkbd.o
  CC      drivers/input/mouse/psmouse-base.o
  CC      drivers/base/firmware.o
  CC      drivers/w1/w1_int.o
  CC      drivers/base/init.o
  CC      drivers/input/keyboard/newtonkbd.o
  CC      drivers/input/mouse/synaptics.o
  CC      drivers/base/map.o
  AR      drivers/input/keyboard/built-in.a
  CC      drivers/base/devres.o
  CC      drivers/w1/w1_family.o
  CC      drivers/base/attribute_container.o
  CC      drivers/input/mouse/focaltech.o
  CC      drivers/w1/w1_netlink.o
  CC      drivers/base/transport_class.o
  CC      drivers/base/topology.o
  CC      drivers/base/container.o
  CC      drivers/input/mouse/alps.o
  CC      drivers/base/property.o
  CC      drivers/base/cacheinfo.o
  CC      drivers/w1/w1_io.o
  AR      drivers/w1/slaves/built-in.a
  AR      drivers/w1/built-in.a
  AR      drivers/firmware/built-in.a
  CC      drivers/clocksource/i8253.o
  CC      drivers/base/swnode.o
  CC      drivers/input/mouse/byd.o
  CC      drivers/base/faux.o
  AR      drivers/clocksource/built-in.a
  CC      drivers/hid/hid-core.o
  AR      drivers/base/power/built-in.a
  CC      drivers/base/firmware_loader/builtin/main.o
  CC      drivers/input/mouse/logips2pp.o
  CC      drivers/base/trace.o
  AR      drivers/base/firmware_loader/builtin/built-in.a
  AR      drivers/base/firmware_loader/built-in.a
  CC      drivers/input/mouse/trackpoint.o
  CC      drivers/input/mouse/cypress_ps2.o
  AR      drivers/base/built-in.a
  CC      drivers/bcma/main.o
  CC      drivers/hid/hid-input.o
  CC      drivers/hid/hid-quirks.o
  AR      drivers/input/mouse/built-in.a
  AR      drivers/input/built-in.a
  CC      drivers/extcon/extcon.o
  CC      drivers/bcma/scan.o
  CC      drivers/hid/hid-generic.o
  CC      drivers/extcon/devres.o
  CC      drivers/bcma/core.o
  AR      drivers/hid/built-in.a
  CC      drivers/bcma/sprom.o
  CC      drivers/bcma/driver_chipcommon.o
  AR      drivers/extcon/built-in.a
  CC      drivers/bcma/driver_chipcommon_pmu.o
  CC      drivers/bcma/driver_chipcommon_b.o
  AR      drivers/bcma/built-in.a
  AR      drivers/built-in.a
  AR      built-in.a
  AR      built-in-fixup.a
  COPY    vmlinux.a
  LD      vmlinux.o
  MODPOST vmlinux.symvers
  CC      .vmlinux.export.o
  UPD     include/generated/utsversion.h
  CC      init/version-timestamp.o
  KSYMS   .tmp_vmlinux0.kallsyms.S
  AS      .tmp_vmlinux0.kallsyms.o
  LD      .tmp_vmlinux1
  NM      .tmp_vmlinux1.syms
  KSYMS   .tmp_vmlinux1.kallsyms.S
  AS      .tmp_vmlinux1.kallsyms.o
  LD      .tmp_vmlinux2
  NM      .tmp_vmlinux2.syms
  KSYMS   .tmp_vmlinux2.kallsyms.S
  AS      .tmp_vmlinux2.kallsyms.o
  LD      vmlinux.unstripped
  NM      System.map
  SORTTAB vmlinux.unstripped
  OBJCOPY vmlinux
  GEN     modules.builtin.modinfo
  GEN     modules.builtin
  CC      arch/x86/boot/a20.o
  CC      arch/x86/boot/cmdline.o
  CC      arch/x86/boot/cpu.o
  CC      arch/x86/boot/cpuflags.o
  CC      arch/x86/boot/cpucheck.o
  CC      arch/x86/boot/early_serial_console.o
  CC      arch/x86/boot/edd.o
  CC      arch/x86/boot/main.o
  CC      arch/x86/boot/memory.o
  CC      arch/x86/boot/pm.o
  AS      arch/x86/boot/pmjump.o
  CC      arch/x86/boot/printf.o
  CC      arch/x86/boot/regs.o
  LDS     arch/x86/boot/compressed/vmlinux.lds
  CC      arch/x86/boot/string.o
  AS      arch/x86/boot/compressed/head_32.o
  CC      arch/x86/boot/tty.o
  VOFFSET arch/x86/boot/compressed/../voffset.h
  CC      arch/x86/boot/video.o
  CC      arch/x86/boot/compressed/string.o
  CC      arch/x86/boot/video-mode.o
  CC      arch/x86/boot/version.o
  CC      arch/x86/boot/compressed/cmdline.o
  CC      arch/x86/boot/video-vga.o
  CC      arch/x86/boot/compressed/error.o
  CC      arch/x86/boot/video-vesa.o
  CC      arch/x86/boot/video-bios.o
  OBJCOPY arch/x86/boot/compressed/vmlinux.bin
  CC      arch/x86/boot/compressed/cpuflags.o
  CC      arch/x86/boot/compressed/early_serial_console.o
  CC      arch/x86/boot/compressed/misc.o
  GZIP    arch/x86/boot/compressed/vmlinux.bin.gz
  MKPIGGY arch/x86/boot/compressed/piggy.S
  AS      arch/x86/boot/compressed/piggy.o
  LD      arch/x86/boot/compressed/vmlinux
  ZOFFSET arch/x86/boot/zoffset.h
  OBJCOPY arch/x86/boot/vmlinux.bin
  AS      arch/x86/boot/header.o
  LD      arch/x86/boot/setup.elf
  OBJCOPY arch/x86/boot/setup.bin
  BUILD   arch/x86/boot/bzImage
Kernel: arch/x86/boot/bzImage is ready  (#21)
make[5]: Leaving directory '/mnt/git-volume/kernel-test-mainline/build/rand500config-i386'
make[4]: Leaving directory '/mnt/git-volume/linux-mainline'
