make[2]: Entering directory '/home/benni/git/linux-stable-rc'
make[3]: Entering directory '/home/benni/git/kernel-test-stable-rc/build/tinynsconfig-arm64'
.config:1568:warning: override: reassigning to symbol PRINTK
.config:1572:warning: override: reassigning to symbol TTY
.config:1575:warning: override: reassigning to symbol BLK_DEV_INITRD
.config:1579:warning: override: reassigning to symbol BINFMT_ELF
.config:1580:warning: override: reassigning to symbol BINFMT_SCRIPT
.config:1602:warning: override: reassigning to symbol CGROUPS
.config:1606:warning: override: reassigning to symbol PROC_FS
.config:1607:warning: override: reassigning to symbol NET
.config:1609:warning: override: reassigning to symbol TMPFS
.config:1610:warning: override: reassigning to symbol SYSVIPC
.config:1611:warning: override: reassigning to symbol FUTEX
#
# configuration written to .config
#
make[3]: Leaving directory '/home/benni/git/kernel-test-stable-rc/build/tinynsconfig-arm64'
make[2]: Leaving directory '/home/benni/git/linux-stable-rc'
make[2]: Entering directory '/home/benni/git/linux-stable-rc'
make[3]: Entering directory '/home/benni/git/kernel-test-stable-rc/build/tinynsconfig-arm64'
  SYNC    include/config/auto.conf
  UPD     include/generated/uapi/linux/version.h
  UPD     include/config/kernel.release
  HOSTCC  scripts/sorttable.o
  UPD     include/generated/utsrelease.h
  UPD     include/generated/compile.h
  HOSTLD  scripts/sorttable
  GEN     arch/arm64/include/generated/asm/sysreg-defs.h
  CC      arch/arm64/kernel/asm-offsets.s
  CC      kernel/sched/rq-offsets.s
  CC      arch/arm64/kernel/vdso/vgettimeofday.o
  AS      arch/arm64/kernel/vdso/note.o
  AS      arch/arm64/kernel/vdso/sigreturn.o
  AS      arch/arm64/kernel/vdso/vgetrandom-chacha.o
  LD      arch/arm64/kernel/vdso/vdso.so.dbg
  VDSOSYM include/generated/vdso-offsets.h
  OBJCOPY arch/arm64/kernel/vdso/vdso.so
  GEN     usr/initramfs_data.cpio
  CC      init/main.o
  COPY    usr/initramfs_inc_data
  AS      usr/initramfs_data.o
  AR      usr/built-in.a
  CC      arch/arm64/kernel/debug-monitors.o
  UPD     init/utsversion-tmp.h
  CC      kernel/fork.o
  CC      arch/arm64/mm/dma-mapping.o
  CC      arch/arm64/mm/extable.o
  AS      arch/arm64/kernel/entry.o
  CC      arch/arm64/kernel/irq.o
  CC      init/do_mounts.o
  CC      arch/arm64/mm/fault.o
  CC      arch/arm64/kernel/fpsimd.o
  CC      kernel/exec_domain.o
  CC      init/do_mounts_initrd.o
  CC      arch/arm64/mm/init.o
  CC      kernel/exec_state.o
  CC      arch/arm64/kernel/entry-common.o
  CC      kernel/panic.o
  CC      init/initramfs.o
  AS      arch/arm64/mm/cache.o
  CC      arch/arm64/mm/copypage.o
  CC      arch/arm64/kernel/process.o
  CC      kernel/cpu.o
  CC      arch/arm64/mm/flush.o
  CC      init/calibrate.o
  CC      init/init_task.o
  CC      arch/arm64/kernel/ptrace.o
  CC      arch/arm64/mm/ioremap.o
  CC      kernel/exit.o
  CC      init/version.o
  CC      arch/arm64/mm/mmap.o
  CC      arch/arm64/kernel/setup.o
  AR      init/built-in.a
  CC      arch/arm64/mm/pgd.o
  CC      arch/arm64/kernel/signal.o
  CC      kernel/softirq.o
  CC      kernel/resource.o
  CC      arch/arm64/mm/mem_encrypt.o
  CC      arch/arm64/kernel/sys.o
  CC      arch/arm64/mm/mmu.o
  CC      arch/arm64/kernel/stacktrace.o
  CC      kernel/sysctl.o
  CC      arch/arm64/mm/context.o
  CC      arch/arm64/kernel/time.o
  CC      kernel/capability.o
  AS      arch/arm64/mm/proc.o
  CC      arch/arm64/mm/pageattr.o
  CC      mm/filemap.o
  CC      arch/arm64/kernel/traps.o
  CC      kernel/ptrace.o
  CC      arch/arm64/mm/fixmap.o
  CC      arch/arm64/kernel/io.o
  AR      arch/arm64/mm/built-in.a
  CC      kernel/user.o
  CC      fs/open.o
  CC      arch/arm64/kernel/vdso.o
  CC      mm/mempool.o
  CC      kernel/signal.o
  AS      arch/arm64/kernel/hyp-stub.o
  CC      arch/arm64/kernel/psci.o
  CC      mm/oom_kill.o
  CC      fs/read_write.o
  CC      arch/arm64/kernel/cpu_ops.o
  CC      mm/fadvise.o
  CC      arch/arm64/kernel/return_address.o
  CC      kernel/sys.o
  CC      fs/file_table.o
  CC      arch/arm64/kernel/cpuinfo.o
  CC      mm/maccess.o
  CC      fs/super.o
  CC      kernel/umh.o
  CC      arch/arm64/kernel/cpu_errata.o
  CC      mm/page-writeback.o
  CC      arch/arm64/kernel/cpufeature.o
  CC      kernel/workqueue.o
  CC      fs/char_dev.o
  CC      mm/folio-compat.o
  CC      fs/stat.o
  CC      arch/arm64/kernel/alternative.o
  CC      mm/readahead.o
  CC      arch/arm64/kernel/cacheinfo.o
  CC      fs/exec.o
  CC      kernel/pid.o
  CC      mm/swap.o
  CC      arch/arm64/kernel/smp.o
  CC      kernel/task_work.o
  CC      fs/pipe.o
  CC      mm/truncate.o
  CC      arch/arm64/kernel/smp_spin_table.o
  CC      kernel/extable.o
  CC      fs/namei.o
  CC      arch/arm64/kernel/topology.o
  CC      mm/vmscan.o
  CC      kernel/params.o
  AS      arch/arm64/kernel/smccc-call.o
  CC      arch/arm64/kernel/syscall.o
  CC      kernel/kthread.o
  CC      arch/arm64/kernel/proton-pack.o
  CC      mm/shrinker.o
  CC      fs/fcntl.o
  CC      kernel/sys_ni.o
  CC      mm/shmem.o
  CC      kernel/nsproxy.o
  CC      arch/arm64/kernel/idle.o
  CC      fs/ioctl.o
  CC      arch/arm64/kernel/patching.o
  CC      mm/util.o
  CC      kernel/nstree.o
  CC      arch/arm64/kernel/pi/idreg-override.o
  CC      fs/readdir.o
  CC      mm/mmzone.o
  CC      kernel/nscommon.o
  CC      arch/arm64/kernel/pi/map_kernel.o
  CC      fs/select.o
  CC      mm/vmstat.o
  CC      kernel/notifier.o
  CC      arch/arm64/kernel/pi/map_range.o
  CC      kernel/ksysfs.o
  OBJCOPY arch/arm64/kernel/pi/lib-fdt.pi.o
  OBJCOPY arch/arm64/kernel/pi/lib-fdt_ro.pi.o
  OBJCOPY arch/arm64/kernel/pi/idreg-override.pi.o
  OBJCOPY arch/arm64/kernel/pi/map_kernel.pi.o
  OBJCOPY arch/arm64/kernel/pi/map_range.pi.o
  AR      arch/arm64/kernel/pi/built-in.a
  CC      arch/arm64/kernel/rsi.o
  CC      mm/backing-dev.o
  CC      fs/dcache.o
  CC      kernel/cred.o
  CC      arch/arm64/kernel/jump_label.o
  AS      arch/arm64/kernel/vdso-wrap.o
  AS      arch/arm64/kernel/head.o
  LDS     arch/arm64/kernel/vmlinux.lds
  AR      arch/arm64/kernel/built-in.a
  AR      arch/arm64/built-in.a
  CC      mm/mm_init.o
  CC      kernel/reboot.o
  CC      fs/inode.o
  CC      mm/percpu.o
  CC      kernel/async.o
  CC      fs/attr.o
  CC      kernel/smpboot.o
  CC      mm/slab_common.o
  CC      fs/bad_inode.o
  CC      fs/file.o
  CC      kernel/ucount.o
  CC      mm/compaction.o
  CC      fs/filesystems.o
  CC      kernel/regset.o
  CC      kernel/ksyms_common.o
  CC      mm/show_mem.o
  CC      ipc/util.o
  CC      fs/namespace.o
  CC      kernel/sched/core.o
  CC      mm/interval_tree.o
  CC      ipc/msgutil.o
  CC      mm/list_lru.o
  CC      ipc/msg.o
  CC      fs/seq_file.o
  CC      mm/workingset.o
  CC      kernel/sched/fair.o
  CC      ipc/sem.o
  CC      fs/xattr.o
  CC      mm/debug.o
  CC      ipc/shm.o
  CC      mm/gup.o
  CC      fs/libfs.o
  CC      kernel/sched/build_policy.o
  CC      ipc/syscall.o
  CC      mm/mmap_lock.o
  CC      fs/fs-writeback.o
  CC      ipc/ipc_sysctl.o
  AR      ipc/built-in.a
  CC      kernel/sched/build_utility.o
  CC      mm/vma_init.o
  CC      fs/pnode.o
  CC      security/commoncap.o
  CC      mm/highmem.o
  CC      fs/splice.o
  CC      mm/memory.o
  CC      security/min_addr.o
  AR      kernel/sched/built-in.a
  CC      kernel/locking/mutex.o
  CC      fs/sync.o
  CC      security/device_cgroup.o
  CC      kernel/locking/semaphore.o
  CC      fs/utimes.o
  AR      security/built-in.a
  CC      kernel/locking/rwsem.o
  CC      kernel/power/qos.o
  CC      fs/d_path.o
  CC      mm/mincore.o
  CC      kernel/locking/percpu-rwsem.o
  AR      kernel/power/built-in.a
  CC      mm/mlock.o
  CC      kernel/locking/spinlock.o
  CC      fs/stack.o
  CC      kernel/locking/osq_lock.o
  CC      kernel/printk/printk.o
  CC      fs/fs_struct.o
  CC      kernel/locking/qspinlock.o
  CC      mm/mmap.o
  CC      fs/statfs.o
  CC      kernel/locking/rtmutex_api.o
  CC      kernel/printk/printk_safe.o
  CC      mm/mmu_gather.o
  CC      fs/fs_pin.o
  CC      kernel/locking/qrwlock.o
  CC      fs/nsfs.o
  CC      kernel/printk/nbcon.o
  AR      kernel/locking/built-in.a
  CC      fs/fs_dirent.o
  CC      mm/mprotect.o
  CC      mm/mremap.o
  CC      kernel/printk/printk_ringbuffer.o
  CC      fs/fs_context.o
  CC      kernel/printk/sysctl.o
  CC      fs/fs_parser.o
  CC      mm/msync.o
  AR      kernel/printk/built-in.a
  CC      kernel/irq/irqdesc.o
  CC      kernel/irq/handle.o
  CC      fs/fsopen.o
  CC      mm/page_vma_mapped.o
  CC      fs/init.o
  CC      kernel/irq/manage.o
  CC      mm/pagewalk.o
  CC      mm/pgtable-generic.o
  CC      fs/kernel_read_file.o
  CC      kernel/irq/spurious.o
  CC      kernel/irq/resend.o
  CC      mm/rmap.o
  CC      fs/mnt_idmapping.o
  CC      fs/remap_range.o
  CC      kernel/irq/chip.o
  CC      kernel/irq/dummychip.o
  CC      mm/vmalloc.o
  CC      fs/pidfs.o
  CC      kernel/irq/devres.o
  CC      fs/file_attr.o
  CC      kernel/irq/kexec.o
  CC      kernel/irq/autoprobe.o
  CC      fs/fserror.o
  CC      fs/nullfs.o
  CC      kernel/irq/irqdomain.o
  CC      mm/vma.o
  AS      arch/arm64/lib/clear_page.o
  CC      fs/proc_namespace.o
  AS      arch/arm64/lib/clear_user.o
  AS      arch/arm64/lib/copy_from_user.o
  AS      arch/arm64/lib/copy_page.o
  AS      arch/arm64/lib/copy_to_user.o
  CC      arch/arm64/lib/csum.o
  CC      arch/arm64/lib/delay.o
  CC      kernel/irq/proc.o
  CC      fs/anon_inodes.o
  CC      mm/vma_exec.o
  CC      arch/arm64/lib/insn.o
  AS      arch/arm64/lib/memchr.o
  AS      arch/arm64/lib/memcmp.o
  AS      arch/arm64/lib/memcpy.o
  AS      arch/arm64/lib/memset.o
  AS      arch/arm64/lib/strchr.o
  CC      kernel/irq/msi.o
  AS      arch/arm64/lib/strcmp.o
  AS      arch/arm64/lib/strlen.o
  AS      arch/arm64/lib/strncmp.o
  AS      arch/arm64/lib/strnlen.o
  AS      arch/arm64/lib/strrchr.o
  CC      fs/binfmt_script.o
  AS      arch/arm64/lib/tishift.o
  AR      arch/arm64/lib/lib.a
  CC      kernel/irq/ipi.o
  CC      mm/mseal.o
  CC      fs/binfmt_elf.o
  CC      mm/page_alloc.o
  CC      kernel/irq/affinity.o
  CC      fs/drop_caches.o
  AR      kernel/irq/built-in.a
  CC      kernel/rcu/update.o
  CC      mm/page_frag_cache.o
  CC      fs/sysctls.o
  CC      kernel/rcu/sync.o
  CC      fs/proc/task_mmu.o
  CC      fs/kernfs/mount.o
  CC      kernel/rcu/srcutree.o
  CC      mm/init-mm.o
  CC      fs/kernfs/inode.o
  CC      kernel/rcu/tree.o
  CC      mm/memblock.o
  CC      fs/proc/inode.o
  CC      fs/kernfs/dir.o
  CC      fs/proc/root.o
  CC      mm/slub.o
  CC      fs/kernfs/file.o
  CC      fs/proc/base.o
  CC      kernel/rcu/rcu_segcblist.o
  CC      fs/kernfs/symlink.o
  AR      kernel/rcu/built-in.a
  CC      kernel/dma/mapping.o
  CC      mm/dmapool.o
  CC      fs/proc/generic.o
  AR      fs/kernfs/built-in.a
  CC      kernel/dma/direct.o
  CC      mm/sparse.o
  CC      mm/sparse-vmemmap.o
  CC      fs/proc/array.o
  CC      kernel/dma/coherent.o
  CC      fs/proc/fd.o
  CC      mm/early_ioremap.o
  CC      mm/ioremap.o
  CC      kernel/dma/swiotlb.o
  CC      fs/proc/proc_tty.o
  CC      fs/proc/cmdline.o
  AR      mm/built-in.a
  CC      fs/devpts/inode.o
  CC      fs/ramfs/inode.o
  CC      kernel/dma/pool.o
  CC      fs/proc/consoles.o
  AR      fs/devpts/built-in.a
  CC      kernel/dma/remap.o
  CC      fs/proc/cpuinfo.o
  CC      fs/proc/devices.o
  CC      fs/ramfs/file-mmu.o
  AR      kernel/dma/built-in.a
  CC      kernel/entry/common.o
  CC      kernel/time/time.o
  CC      fs/proc/loadavg.o
  AR      fs/ramfs/built-in.a
  CC      fs/proc/meminfo.o
  AR      kernel/entry/built-in.a
  CC      kernel/time/timer.o
  CC      drivers/irqchip/irqchip.o
  CC      lib/argv_split.o
  CC      fs/proc/stat.o
  CC      lib/buildid.o
  CC      drivers/irqchip/irq-gic.o
  CC      fs/proc/uptime.o
  CC      kernel/time/hrtimer.o
  CC      lib/cpumask.o
  CC      fs/proc/util.o
  CC      drivers/irqchip/irq-gic-common.o
  CC      lib/dec_and_lock.o
  CC      kernel/time/sleep_timeout.o
  CC      lib/decompress_bunzip2.o
  CC      fs/proc/version.o
  CC      drivers/irqchip/irq-msi-lib.o
  CC      kernel/time/timekeeping.o
  CC      lib/decompress_inflate.o
  CC      fs/proc/softirqs.o
  CC      drivers/irqchip/irq-gic-v3.o
  CC      lib/decompress_unlz4.o
  CC      fs/proc/namespaces.o
  CC      kernel/time/ntp.o
  CC      lib/decompress_unlzma.o
  CC      drivers/irqchip/irq-gic-v3-mbi.o
  CC      fs/proc/self.o
  CC      kernel/time/clocksource.o
  CC      lib/decompress_unlzo.o
  CC      drivers/irqchip/irq-gic-its-msi-parent.o
  CC      fs/proc/thread_self.o
  CC      kernel/time/jiffies.o
  CC      lib/decompress_unxz.o
  CC      fs/proc/proc_sysctl.o
  CC      drivers/irqchip/irq-gic-v3-its.o
  CC      lib/decompress_unzstd.o
  CC      kernel/time/timer_list.o
  CC      lib/dump_stack.o
  CC      kernel/time/timeconv.o
  CC      fs/proc/proc_net.o
  CC      kernel/time/alarmtimer.o
  CC      lib/extable.o
  CC      lib/flex_proportions.o
  CC      fs/proc/kmsg.o
  CC      kernel/time/posix-stubs.o
  CC      drivers/irqchip/irq-gic-v4.o
  CC      lib/idr.o
  CC      fs/proc/page.o
  CC      drivers/irqchip/irq-gic-v5.o
  CC      kernel/time/clockevents.o
  CC      lib/iomem_copy.o
  AR      fs/proc/built-in.a
  AR      fs/built-in.a
  CC      lib/irq_regs.o
  CC      kernel/time/tick-common.o
  CC      lib/is_single_threaded.o
  CC      kernel/time/tick-broadcast.o
  CC      drivers/irqchip/irq-gic-v5-irs.o
  CC      lib/klist.o
  CC      lib/kobject.o
  CC      kernel/time/sched_clock.o
  CC      drivers/irqchip/irq-gic-v5-its.o
  CC      lib/kobject_uevent.o
  CC      lib/logic_pio.o
  CC      kernel/time/vsyscall.o
  AR      kernel/time/built-in.a
  CC      kernel/futex/core.o
  CC      drivers/irqchip/irq-gic-v5-iwb.o
  CC      kernel/futex/syscalls.o
  CC      lib/maple_tree.o
  AR      drivers/irqchip/built-in.a
  CC      drivers/bus/simple-pm-bus.o
  CC      kernel/futex/pi.o
  CC      kernel/smp.o
  AR      drivers/bus/built-in.a
  CC      drivers/pci/of.o
  CC      kernel/futex/requeue.o
  CC      drivers/video/console/dummycon.o
  CC      lib/memcat_p.o
  AR      drivers/pci/built-in.a
  CC      kernel/cgroup/cgroup.o
  CC      kernel/futex/waitwake.o
  CC      lib/nmi_backtrace.o
  AR      drivers/video/console/built-in.a
  AR      drivers/video/built-in.a
  CC      drivers/amba/bus.o
  AR      kernel/futex/built-in.a
  CC      drivers/clk/clk-devres.o
  CC      lib/objpool.o
  AR      drivers/amba/built-in.a
  CC      kernel/cgroup/rstat.o
  CC      drivers/clk/clk-bulk.o
  CC      lib/radix-tree.o
  CC      drivers/clk/clkdev.o
  CC      kernel/stop_machine.o
  CC      kernel/cgroup/namespace.o
  CC      lib/ratelimit.o
  CC      drivers/clk/clk.o
  CC      lib/rbtree.o
  CC      lib/seq_buf.o
  CC      kernel/cgroup/cgroup-v1.o
  CC      kernel/utsname_sysctl.o
  CC      lib/siphash.o
  CC      drivers/clk/clk-divider.o
  CC      lib/string.o
  CC      drivers/clk/clk-fixed-factor.o
  CC      kernel/cgroup/freezer.o
  CC      net/devres.o
  CC      lib/sys_info.o
  CC      drivers/clk/clk-fixed-rate.o
  AR      kernel/cgroup/built-in.a
  CC      kernel/irq_work.o
  CC      lib/timerqueue.o
  CC      net/socket.o
  CC      drivers/clk/clk-gate.o
  CC      lib/vsprintf.o
  CC      kernel/bpf/core.o
  CC      drivers/clk/clk-multiplier.o
  CC      drivers/clk/clk-mux.o
  CC      net/core/sock.o
  CC      lib/win_minmax.o
  CC      drivers/clk/clk-composite.o
  AR      kernel/bpf/built-in.a
  CC      kernel/jump_label.o
  CC      lib/xarray.o
  CC      drivers/clk/clk-fractional-divider.o
  CC      kernel/context_tracking.o
  CC      lib/lockref.o
  CC      drivers/clk/clk-gpio.o
  CC      lib/sort.o
  CC      kernel/iomem.o
  CC      lib/parser.o
  CC      net/core/skbuff.o
  CC      drivers/clk/clk-conf.o
  CC      lib/debug_locks.o
  CC      lib/random32.o
  AR      kernel/built-in.a
  CC      lib/bust_spinlocks.o
  CC      lib/kasprintf.o
  AR      drivers/clk/built-in.a
  CC      drivers/tty/tty_io.o
  CC      drivers/tty/n_tty.o
  CC      lib/bitmap.o
  CC      lib/scatterlist.o
  CC      net/core/datagram.o
  CC      drivers/tty/tty_ioctl.o
  CC      lib/iov_iter.o
  CC      net/core/stream.o
  CC      drivers/tty/tty_ldisc.o
  CC      drivers/char/mem.o
  CC      drivers/tty/tty_buffer.o
  CC      net/core/scm.o
  CC      lib/bsearch.o
  CC      drivers/char/random.o
  CC      drivers/tty/tty_port.o
  CC      lib/lwq.o
  CC      net/core/gen_stats.o
  CC      lib/kfifo.o
  CC      drivers/tty/tty_mutex.o
  CC      drivers/char/misc.o
  CC      drivers/tty/tty_ldsem.o
  CC      lib/percpu-refcount.o
  CC      net/core/gen_estimator.o
  AR      drivers/char/built-in.a
  CC      net/core/net_namespace.o
  CC      drivers/tty/tty_baudrate.o
  CC      lib/rhashtable.o
  CC      net/core/secure_seq.o
  CC      drivers/tty/tty_jobctrl.o
  CC      lib/once.o
  CC      drivers/tty/n_null.o
  CC      drivers/tty/pty.o
  CC      lib/refcount.o
  CC      lib/rcuref.o
  CC      net/core/flow_dissector.o
  CC      lib/usercopy.o
  CC      net/core/sysctl_net_core.o
  CC      lib/bucket_locks.o
  CC      drivers/tty/vt/vt_ioctl.o
  CC      lib/generic-radix-tree.o
  CC      lib/bitmap-str.o
  CC      drivers/tty/vt/vc_screen.o
  CC      net/core/dev.o
  CC      net/core/dev_api.o
  CC      lib/string_helpers.o
  CC      drivers/tty/vt/selection.o
  CC      net/core/dev_addr_lists.o
  CC      lib/kstrtox.o
  CC      drivers/tty/vt/keyboard.o
  CC      lib/math/rational.o
  CC      net/core/dst.o
  AR      lib/math/built-in.a
  CC      lib/crc/crc32-main.o
  CC      drivers/tty/vt/vt.o
  AR      lib/crc/built-in.a
  CC      lib/crypto/blake2s.o
  CC      net/ethernet/eth.o
  CC      lib/crypto/sha1.o
  CC      net/core/netevent.o
  AS      lib/crypto/arm64/sha1-ce-core.o
  CC      lib/crypto/sha256.o
  AR      net/ethernet/built-in.a
  AS      lib/crypto/arm64/sha256-ce.o
  CC      drivers/tty/vt/defkeymap.o
  CC      drivers/tty/vt/consolemap.o
  CC      net/sched/sch_generic.o
  CC      net/core/neighbour.o
  AR      lib/crypto/built-in.a
  CC      lib/vdso/datastore.o
  AR      drivers/tty/vt/built-in.a
  AR      lib/vdso/built-in.a
  CC      drivers/tty/serial/serial_core.o
  CC      lib/iomap_copy.o
  CC      lib/devres.o
  CC      net/sched/sch_mq.o
  CC      lib/cache_maint.o
  CC      net/core/rtnetlink.o
  CC      drivers/tty/serial/serial_base_bus.o
  CC      net/sched/sch_frag.o
  CC      lib/xxhash.o
  CC      drivers/tty/serial/serial_ctrl.o
  CC      lib/genalloc.o
  AR      net/sched/built-in.a
  CC      lib/zlib_inflate/infutil.o
  CC      drivers/tty/serial/serial_port.o
  CC      drivers/base/component.o
  CC      lib/zlib_inflate/inflate_syms.o
  CC      drivers/tty/serial/earlycon.o
  AR      lib/zlib_inflate/built-in.a
  CC      drivers/base/core.o
  CC      lib/lzo/lzo1x_decompress_safe.o
  CC      net/core/utils.o
  AR      lib/lzo/built-in.a
  CC      drivers/tty/serial/amba-pl011.o
  CC      lib/lz4/lz4_decompress.o
  CC      net/core/link_watch.o
  CC      drivers/base/bus.o
  AR      drivers/tty/serial/built-in.a
  AR      drivers/tty/built-in.a
  CC      net/core/filter.o
  AR      lib/lz4/built-in.a
  CC      lib/zstd/zstd_decompress_module.o
  CC      lib/xz/xz_dec_syms.o
  CC      drivers/base/dd.o
  CC      lib/zstd/zstd_common_module.o
  CC      lib/xz/xz_dec_stream.o
  AR      lib/zstd/built-in.a
  CC      lib/xz/xz_dec_lzma2.o
  CC      net/core/sock_diag.o
  CC      drivers/base/syscore.o
  CC      lib/xz/xz_dec_bcj.o
  CC      drivers/base/driver.o
  CC      drivers/base/class.o
  AR      lib/xz/built-in.a
  CC      lib/percpu_counter.o
  CC      lib/syscall.o
  CC      drivers/base/platform.o
  CC      net/netlink/af_netlink.o
  CC      lib/nlattr.o
  CC      net/core/dev_ioctl.o
  CC      drivers/base/cpu.o
  CC      lib/checksum.o
  CC      drivers/base/firmware.o
  CC      lib/dim/dim.o
  CC      net/netlink/genetlink.o
  CC      net/core/tso.o
  CC      drivers/base/init.o
  CC      lib/dim/net_dim.o
  CC      drivers/base/map.o
  CC      net/core/sock_reuseport.o
  CC      lib/dim/rdma_dim.o
  CC      net/netlink/policy.o
  CC      drivers/base/devres.o
  AR      lib/dim/built-in.a
  CC      lib/strncpy_from_user.o
  AR      net/netlink/built-in.a
  CC      lib/strnlen_user.o
  CC      drivers/base/attribute_container.o
  CC      net/core/fib_notifier.o
  CC      net/core/xdp.o
  CC      lib/net_utils.o
  CC      drivers/base/transport_class.o
  CC      lib/group_cpus.o
  CC      drivers/base/topology.o
  CC      net/core/flow_offload.o
  CC      drivers/base/container.o
  CC      lib/devmem_is_allowed.o
  AR      lib/lib.a
  CC      drivers/base/property.o
  CC      drivers/base/cacheinfo.o
  CC      net/core/gro.o
  AR      lib/built-in.a
  CC      drivers/base/swnode.o
  CC      drivers/base/faux.o
  CC      drivers/base/power/clock_ops.o
  CC      net/core/netdev-genl.o
  CC      drivers/base/firmware_loader/builtin/main.o
  AR      drivers/base/power/built-in.a
  CC      drivers/base/platform-msi.o
  AR      drivers/base/firmware_loader/builtin/built-in.a
  AR      drivers/base/firmware_loader/built-in.a
  CC      net/core/netdev-genl-gen.o
  CC      net/ethtool/ioctl.o
  CC      drivers/base/arch_topology.o
  CC      net/core/netdev_work.o
  CC      net/ipv4/route.o
  AR      drivers/base/built-in.a
  CC      net/core/gso.o
  CC      drivers/net/loopback.o
  CC      net/ethtool/common.o
  CC      net/core/net-sysfs.o
  AR      drivers/net/built-in.a
  CC      drivers/input/serio/serio.o
  CC      net/ethtool/netlink.o
  CC      net/ipv4/inetpeer.o
  CC      drivers/input/serio/serport.o
  CC      net/ethtool/bitset.o
  CC      net/core/hotdata.o
  CC      drivers/input/serio/libps2.o
  CC      net/ipv4/protocol.o
  CC      net/core/netdev_config.o
  CC      net/ethtool/strset.o
  AR      drivers/input/serio/built-in.a
  CC      drivers/input/input.o
  CC      net/ipv4/ip_input.o
  CC      drivers/input/input-compat.o
  CC      net/core/netdev_rx_queue.o
  CC      net/ethtool/linkinfo.o
  CC      drivers/input/input-mt.o
  CC      net/ipv4/ip_fragment.o
  CC      drivers/input/input-poller.o
  CC      net/core/netdev_queues.o
  CC      net/ethtool/linkmodes.o
  CC      drivers/input/ff-core.o
  CC      net/ipv4/ip_forward.o
  CC      net/ethtool/rss.o
  CC      net/core/net-procfs.o
  CC      drivers/input/touchscreen.o
  CC      net/ipv4/ip_options.o
  CC      drivers/input/touch-overlay.o
  CC      net/core/dst_cache.o
  CC      drivers/input/vivaldi-fmap.o
  CC      net/ethtool/linkstate.o
  CC      net/ipv4/ip_output.o
  CC      net/core/gro_cells.o
  CC      drivers/input/keyboard/atkbd.o
  CC      net/ethtool/debug.o
  AR      drivers/input/keyboard/built-in.a
  CC      net/core/of_net.o
  CC      drivers/input/mouse/psmouse-base.o
  CC      net/ethtool/wol.o
  CC      net/ipv4/ip_sockglue.o
  AR      net/core/built-in.a
  CC      net/ethtool/features.o
  CC      drivers/input/mouse/synaptics.o
  CC      drivers/input/mouse/focaltech.o
  CC      net/ethtool/privflags.o
  CC      net/ipv4/inet_hashtables.o
  CC      drivers/input/mouse/alps.o
  CC      net/ipv6/af_inet6.o
  CC      net/ethtool/rings.o
  CC      drivers/input/mouse/byd.o
  CC      net/ipv4/inet_timewait_sock.o
  CC      net/ipv6/anycast.o
  CC      net/ethtool/channels.o
  CC      drivers/input/mouse/logips2pp.o
  CC      net/ipv4/inet_connection_sock.o
  CC      drivers/input/mouse/trackpoint.o
  CC      net/ipv6/ip6_output.o
  CC      net/ethtool/coalesce.o
  CC      drivers/input/mouse/cypress_ps2.o
  CC      net/ethtool/pause.o
  AR      drivers/input/mouse/built-in.a
  AR      drivers/input/built-in.a
  CC      net/ipv4/tcp.o
  CC      net/ipv6/ip6_input.o
  CC      net/ethtool/eee.o
  CC      drivers/power/supply/power_supply_core.o
  AR      drivers/power/supply/built-in.a
  AR      drivers/power/built-in.a
  CC      net/ethtool/tsinfo.o
  CC      drivers/firmware/psci/psci.o
  CC      net/ipv6/addrconf.o
  AR      drivers/firmware/psci/built-in.a
  CC      drivers/firmware/smccc/smccc.o
  CC      net/ipv4/tcp_input.o
  CC      net/ethtool/cabletest.o
  CC      drivers/firmware/smccc/kvm_guest.o
  CC      net/ethtool/tunnels.o
  AR      drivers/firmware/smccc/built-in.a
  AR      drivers/firmware/built-in.a
  CC      drivers/clocksource/timer-of.o
  CC      drivers/clocksource/timer-probe.o
  CC      net/ipv6/addrlabel.o
  CC      net/ethtool/fec.o
  CC      drivers/clocksource/arm_arch_timer.o
  CC      net/ipv4/tcp_output.o
  CC      net/ipv6/route.o
  CC      net/ethtool/eeprom.o
  CC      drivers/clocksource/arm_arch_timer_mmio.o
  CC      drivers/clocksource/dummy_timer.o
  CC      net/ethtool/stats.o
  AR      drivers/clocksource/built-in.a
  CC      drivers/hid/hid-core.o
  CC      net/ethtool/phc_vclocks.o
  CC      net/ipv4/tcp_timer.o
  CC      net/ipv6/ip6_fib.o
  CC      drivers/hid/hid-input.o
  CC      net/ethtool/mm.o
  CC      net/ipv4/tcp_ipv4.o
  CC      net/ethtool/module.o
  CC      net/ipv6/ipv6_sockglue.o
  CC      drivers/hid/hid-quirks.o
  CC      net/ethtool/cmis_fw_update.o
  CC      drivers/hid/hid-generic.o
  CC      net/ipv4/tcp_minisocks.o
  CC      net/ipv6/ndisc.o
  AR      drivers/hid/built-in.a
  CC      drivers/of/base.o
  CC      net/ethtool/cmis_cdb.o
  CC      net/ipv4/tcp_cong.o
  CC      drivers/of/cpu.o
  CC      net/ethtool/pse-pd.o
  CC      net/ipv6/udp.o
  CC      drivers/of/device.o
  CC      net/ipv4/tcp_metrics.o
  CC      net/ethtool/plca.o
  CC      drivers/of/module.o
  CC      drivers/of/platform.o
  CC      net/ipv6/raw.o
  CC      net/ethtool/phy.o
  CC      net/ipv4/tcp_fastopen.o
  CC      drivers/of/property.o
  CC      net/ethtool/tsconfig.o
  CC      net/ipv6/icmp.o
  CC      drivers/of/fdt.o
  CC      net/ipv4/tcp_recovery.o
  CC      net/ethtool/mse.o
  CC      drivers/of/fdt_address.o
  CC      net/ipv6/mcast.o
  CC      net/ipv4/tcp_ulp.o
  CC      drivers/of/address.o
  AR      net/ethtool/built-in.a
  CC      drivers/of/irq.o
  CC      net/ipv4/tcp_offload.o
  CC      drivers/of/of_reserved_mem.o
  CC      net/ipv4/tcp_plb.o
  AR      drivers/of/built-in.a
  AR      drivers/built-in.a
  CC      net/ipv6/reassembly.o
  CC      net/ipv6/tcp_ipv6.o
  CC      net/ipv4/datagram.o
  CC      net/ipv4/raw.o
  CC      net/ipv4/udp.o
  CC      net/ipv6/ping.o
  CC      net/sysctl_net.o
  CC      net/ipv6/exthdrs.o
  CC      net/ipv4/udp_offload.o
  CC      net/ipv6/datagram.o
  CC      net/ipv4/arp.o
  CC      net/ipv6/ip6_flowlabel.o
  CC      net/ipv6/inet6_connection_sock.o
  CC      net/ipv4/icmp.o
  CC      net/ipv4/devinet.o
  CC      net/ipv6/udp_offload.o
  CC      net/ipv4/af_inet.o
  CC      net/ipv6/seg6.o
  CC      net/ipv4/igmp.o
  CC      net/ipv6/fib6_notifier.o
  CC      net/ipv6/rpl.o
  CC      net/ipv4/fib_frontend.o
  CC      net/ipv6/ioam6.o
  CC      net/ipv4/fib_semantics.o
  CC      net/ipv4/fib_trie.o
  CC      net/ipv6/sysctl_net_ipv6.o
  CC      net/ipv4/fib_notifier.o
  CC      net/ipv6/proc.o
  CC      net/ipv4/inet_fragment.o
  CC      net/ipv6/sit.o
  CC      net/ipv6/addrconf_core.o
  CC      net/ipv4/ping.o
  CC      net/ipv6/exthdrs_core.o
  CC      net/ipv4/ip_tunnel_core.o
  CC      net/ipv4/gre_offload.o
  CC      net/ipv6/ip6_checksum.o
  CC      net/ipv4/metrics.o
  CC      net/ipv6/ip6_icmp.o
  CC      net/ipv6/output_core.o
  CC      net/ipv4/netlink.o
  CC      net/ipv6/protocol.o
  CC      net/ipv4/nexthop.o
  CC      net/ipv4/udp_tunnel_stub.o
  CC      net/ipv6/ip6_offload.o
  CC      net/ipv4/ip_tunnel.o
  CC      net/ipv6/exthdrs_offload.o
  CC      net/ipv4/sysctl_net_ipv4.o
  CC      net/ipv6/inet6_hashtables.o
  CC      net/ipv4/proc.o
  CC      net/ipv6/mcast_snoop.o
  CC      net/ipv4/tunnel4.o
  CC      net/ipv4/inet_diag.o
  AR      net/ipv6/built-in.a
  CC      net/ipv4/tcp_diag.o
  CC      net/ipv4/tcp_cubic.o
  AR      net/ipv4/built-in.a
  AR      net/built-in.a
  AR      built-in.a
  AR      built-in-fixup.a
  COPY    vmlinux.a
  LD      vmlinux.o
  MODPOST vmlinux.symvers
  CC      .vmlinux.export.o
  UPD     include/generated/utsversion.h
  CC      init/version-timestamp.o
  LD      vmlinux.unstripped
  NM      System.map
  SORTTAB vmlinux.unstripped
  OBJCOPY vmlinux
  GEN     modules.builtin.modinfo
  GEN     modules.builtin
  OBJCOPY arch/arm64/boot/Image
make[3]: Leaving directory '/home/benni/git/kernel-test-stable-rc/build/tinynsconfig-arm64'
make[2]: Leaving directory '/home/benni/git/linux-stable-rc'
