make[3]: Entering directory '/mnt/git-volume/linux-stable'
make[4]: Entering directory '/mnt/git-volume/kernel-test-stable/build/rand500config-x86_64'
#
# configuration written to .config
#
Using .config as base
Merging /mnt/git-volume/linux-stable/kernel/configs/tiny.config
Value of CONFIG_KERNEL_XZ is redefined by fragment /mnt/git-volume/linux-stable/kernel/configs/tiny.config:
Previous value: # CONFIG_KERNEL_XZ is not set
New value: CONFIG_KERNEL_XZ=y

Value of CONFIG_CC_OPTIMIZE_FOR_SIZE is redefined by fragment /mnt/git-volume/linux-stable/kernel/configs/tiny.config:
Previous value: # CONFIG_CC_OPTIMIZE_FOR_SIZE is not set
New value: CONFIG_CC_OPTIMIZE_FOR_SIZE=y

Value of CONFIG_SLUB_TINY is redefined by fragment /mnt/git-volume/linux-stable/kernel/configs/tiny.config:
Previous value: # CONFIG_SLUB_TINY is not set
New value: CONFIG_SLUB_TINY=y

Merging /mnt/git-volume/linux-stable/arch/x86/configs/tiny.config
Value of CONFIG_UNWINDER_GUESS is redefined by fragment /mnt/git-volume/linux-stable/arch/x86/configs/tiny.config:
Previous value: # CONFIG_UNWINDER_GUESS is not set
New value: CONFIG_UNWINDER_GUESS=y

#
# merged configuration written to .config (needs make)
#
#
# configuration written to .config
#
make[4]: Leaving directory '/mnt/git-volume/kernel-test-stable/build/rand500config-x86_64'
make[3]: Leaving directory '/mnt/git-volume/linux-stable'
make[3]: Entering directory '/mnt/git-volume/linux-stable'
make[4]: Entering directory '/tmp/tmp.x02WP3ErhU'
  UPD     Makefile
  HOSTCC  scripts/basic/fixdep
  HOSTCC  scripts/kconfig/conf.o
  HOSTCC  scripts/kconfig/confdata.o
  HOSTCC  scripts/kconfig/expr.o
  LEX     scripts/kconfig/lexer.lex.c
  YACC    scripts/kconfig/parser.tab.[ch]
  HOSTCC  scripts/kconfig/lexer.lex.o
  HOSTCC  scripts/kconfig/menu.o
  HOSTCC  scripts/kconfig/parser.tab.o
  HOSTCC  scripts/kconfig/preprocess.o
  HOSTCC  scripts/kconfig/symbol.o
  HOSTCC  scripts/kconfig/util.o
  HOSTLD  scripts/kconfig/conf
KCONFIG_SEED=0x9350DD82
#
# configuration written to .config
#
make[4]: Leaving directory '/tmp/tmp.x02WP3ErhU'
make[3]: Leaving directory '/mnt/git-volume/linux-stable'
make[3]: Entering directory '/mnt/git-volume/linux-stable'
make[4]: Entering directory '/tmp/tmp.x02WP3ErhU'
.config:6695:warning: override: reassigning to symbol PRINTK
.config:6699:warning: override: reassigning to symbol TTY
.config:6702:warning: override: reassigning to symbol BLK_DEV_INITRD
.config:6703:warning: override: reassigning to symbol RD_GZIP
.config:6706:warning: override: reassigning to symbol BINFMT_ELF
.config:6707:warning: override: reassigning to symbol BINFMT_SCRIPT
.config:6710:warning: override: reassigning to symbol TMPFS
.config:6713:warning: override: reassigning to symbol KERNEL_GZIP
.config:6719:warning: override: reassigning to symbol KERNEL_BZIP2
.config:6720:warning: override: reassigning to symbol KERNEL_LZMA
.config:6721:warning: override: reassigning to symbol KERNEL_XZ
.config:6722:warning: override: reassigning to symbol KERNEL_LZO
.config:6723:warning: override: reassigning to symbol KERNEL_LZ4
.config:6724:warning: override: reassigning to symbol KERNEL_ZSTD
.config:6727:warning: override: reassigning to symbol MODULES
.config:6730:warning: override: reassigning to symbol DRM
.config:6731:warning: override: reassigning to symbol SOUND
.config:6732:warning: override: reassigning to symbol STAGING
.config:6734:warning: override: reassigning to symbol MEDIA_SUPPORT
.config:6740:warning: override: reassigning to symbol KCOV
.config:6741:warning: override: reassigning to symbol KASAN
.config:6744:warning: override: reassigning to symbol KFENCE
.config:6745:warning: override: reassigning to symbol UBSAN
.config:6750:warning: override: reassigning to symbol RCU_TORTURE_TEST
.config:6751:warning: override: reassigning to symbol LOCK_TORTURE_TEST
.config:6758:warning: override: reassigning to symbol KUNIT
#
# configuration written to .config
#
make[4]: Leaving directory '/tmp/tmp.x02WP3ErhU'
make[3]: Leaving directory '/mnt/git-volume/linux-stable'
make[3]: Entering directory '/mnt/git-volume/linux-stable'
make[4]: Entering directory '/mnt/git-volume/kernel-test-stable/build/rand500config-x86_64'
.config:1440:warning: override: reassigning to symbol HAVE_VIRT_CPU_ACCOUNTING_GEN
.config:1443:warning: override: reassigning to symbol MEMORY_HOTPLUG
.config:1444:warning: override: reassigning to symbol HARDLOCKUP_CHECK_TIMESTAMP
.config:1445:warning: override: reassigning to symbol TCG_TPM
.config:1446:warning: override: reassigning to symbol HAVE_NOINSTR_HACK
.config:1459:warning: override: reassigning to symbol FW_LOADER
.config:1471:warning: override: reassigning to symbol PECI
.config:1472:warning: override: reassigning to symbol VM_EVENT_COUNTERS
.config:1478:warning: override: reassigning to symbol SRAM
.config:1479:warning: override: reassigning to symbol PAGE_SIZE_4KB
.config:1489:warning: override: reassigning to symbol X86_DISABLED_FEATURE_RETPOLINE
.config:1493:warning: override: reassigning to symbol EXTCON
.config:1495:warning: override: reassigning to symbol DEBUG_SPINLOCK
.config:1500:warning: override: reassigning to symbol ARCH_HAS_SET_MEMORY
.config:1504:warning: override: reassigning to symbol ARCH_SUPPORTS_CFI
.config:1506:warning: override: reassigning to symbol HAVE_DMA_CONTIGUOUS
.config:1511:warning: override: reassigning to symbol HAVE_REGS_AND_STACK_ACCESS_API
.config:1516:warning: override: reassigning to symbol HAVE_MOVE_PMD
.config:1523:warning: override: reassigning to symbol HAVE_SAMPLE_FTRACE_DIRECT_MULTI
.config:1526:warning: override: reassigning to symbol CC_HAS_AUTO_VAR_INIT_ZERO_BARE
.config:1528:warning: override: reassigning to symbol IRQ_DOMAIN
.config:1531:warning: override: reassigning to symbol RUNTIME_TESTING_MENU
.config:1534:warning: override: reassigning to symbol HAVE_DYNAMIC_FTRACE_WITH_JMP
.config:1537:warning: override: reassigning to symbol RCU_REF_SCALE_TEST
.config:1545:warning: override: reassigning to symbol GENERIC_IRQ_RESERVATION_MODE
.config:1566:warning: override: reassigning to symbol ARCH_HAS_PMEM_API
.config:1569:warning: override: reassigning to symbol X86_CMOV
.config:1579:warning: override: reassigning to symbol PPS
.config:1587:warning: override: reassigning to symbol MFD_CGBC
.config:1588:warning: override: reassigning to symbol SOFTLOCKUP_DETECTOR
.config:1592:warning: override: reassigning to symbol CC_HAS_NAMED_AS
.config:1595:warning: override: reassigning to symbol ARCH_WANT_OPTIMIZE_HUGETLB_VMEMMAP
.config:1598:warning: override: reassigning to symbol HAVE_STATIC_CALL_INLINE
.config:1602:warning: override: reassigning to symbol HAVE_MIXED_BREAKPOINTS_REGS
.config:1617:warning: override: reassigning to symbol RAS
.config:1632:warning: override: reassigning to symbol KALLSYMS
.config:1638:warning: override: reassigning to symbol POWER_SUPPLY
.config:1643:warning: override: reassigning to symbol FUTEX
.config:1646:warning: override: reassigning to symbol MMC
.config:1649:warning: override: reassigning to symbol GENERIC_CLOCKEVENTS_BROADCAST
.config:1650:warning: override: reassigning to symbol HAVE_KERNEL_ZSTD
.config:1652:warning: override: reassigning to symbol HAVE_CONTEXT_TRACKING_USER_OFFSTACK
.config:1653:warning: override: reassigning to symbol ARCH_HAS_GCOV_PROFILE_ALL
.config:1657:warning: override: reassigning to symbol ARCH_MHP_MEMMAP_ON_MEMORY_ENABLE
.config:1658:warning: override: reassigning to symbol X86_DISABLED_FEATURE_RETPOLINE_LFENCE
.config:1666:warning: override: reassigning to symbol ENCLOSURE_SERVICES
.config:1688:warning: override: reassigning to symbol HAVE_KERNEL_LZMA
.config:1689:warning: override: reassigning to symbol PAGE_SIZE_LESS_THAN_64KB
.config:1692:warning: override: reassigning to symbol RTC_MC146818_LIB
.config:1694:warning: override: reassigning to symbol CC_HAS_WORKING_NOSANITIZE_ADDRESS
.config:1696:warning: override: reassigning to symbol ARCH_WANT_OPTIMIZE_DAX_VMEMMAP
.config:1705:warning: override: reassigning to symbol ALLOW_DEV_COREDUMP
.config:1706:warning: override: reassigning to symbol SPARSE_IRQ
.config:1710:warning: override: reassigning to symbol DEBUG_MUTEXES
.config:1712:warning: override: reassigning to symbol ARCH_SUPPORTS_PER_VMA_LOCK
.config:1716:warning: override: reassigning to symbol MMU_GATHER_RCU_TABLE_FREE
.config:1717:warning: override: reassigning to symbol IRQ_DOMAIN_HIERARCHY
.config:1721:warning: override: reassigning to symbol WW_MUTEX_SELFTEST
.config:1722:warning: override: reassigning to symbol CC_HAS_ASM_INLINE
.config:1730:warning: override: reassigning to symbol ARCH_SUPPORTS_KEXEC_JUMP
.config:1735:warning: override: reassigning to symbol HAVE_POSIX_CPU_TIMERS_TASK_WORK
.config:1745:warning: override: reassigning to symbol INOTIFY_USER
.config:1750:warning: override: reassigning to symbol NEED_PER_CPU_KM
.config:1755:warning: override: reassigning to symbol HAS_IOMEM
.config:1760:warning: override: reassigning to symbol CGROUPS
.config:1777:warning: override: reassigning to symbol TRACING_SUPPORT
.config:1778:warning: override: reassigning to symbol CC_HAS_AUTO_VAR_INIT_PATTERN
.config:1781:warning: override: reassigning to symbol RCU_EQS_DEBUG
.config:1785:warning: override: reassigning to symbol PERF_EVENTS
.config:1788:warning: override: reassigning to symbol PT_RECLAIM
.config:1792:warning: override: reassigning to symbol BINFMT_ELF
.config:1797:warning: override: reassigning to symbol ARCH_HAS_PTDUMP
.config:1800:warning: override: reassigning to symbol FHANDLE
.config:1801:warning: override: reassigning to symbol BCMA_POSSIBLE
.config:1802:warning: override: reassigning to symbol HZ_PERIODIC
.config:1828:warning: override: reassigning to symbol CC_OPTIMIZE_FOR_PERFORMANCE
.config:1829:warning: override: reassigning to symbol CMDLINE_BOOL
.config:1830:warning: override: reassigning to symbol DEBUG_LIST
.config:1831:warning: override: reassigning to symbol CPU_IDLE
.config:1836:warning: override: reassigning to symbol I3C
.config:1844:warning: override: reassigning to symbol HAVE_ARCH_RANDOMIZE_KSTACK_OFFSET
.config:1848:warning: override: reassigning to symbol CC_HAS_ENTRY_PADDING
.config:1854:warning: override: reassigning to symbol HAVE_SETUP_PER_CPU_AREA
.config:1869:warning: override: reassigning to symbol POSIX_TIMERS
.config:1870:warning: override: reassigning to symbol ARCH_SPARSEMEM_DEFAULT
.config:1871:warning: override: reassigning to symbol PACKING
.config:1872:warning: override: reassigning to symbol SYSCTL_EXCEPTION_TRACE
.config:1878:warning: override: reassigning to symbol ARCH_WANT_HUGE_PMD_SHARE
.config:1880:warning: override: reassigning to symbol GOLDFISH
.config:1887:warning: override: reassigning to symbol HAVE_ARCH_JUMP_LABEL_RELATIVE
.config:1897:warning: override: reassigning to symbol ARCH_WANTS_CLOCKSOURCE_READ_INLINE
.config:1909:warning: override: reassigning to symbol X86_HAVE_PAE
.config:1917:warning: override: reassigning to symbol GENERIC_IRQ_SHOW
.config:1921:warning: override: reassigning to symbol INSTRUCTION_DECODER
.config:1922:warning: override: reassigning to symbol GENERIC_TIME_VSYSCALL
.config:1925:warning: override: reassigning to symbol X86_DISABLED_FEATURE_SGX
.config:1926:warning: override: reassigning to symbol ARCH_HAS_PTE_SPECIAL
.config:1932:warning: override: reassigning to symbol ZONE_DMA
.config:1934:warning: override: reassigning to symbol PCSPKR_PLATFORM
.config:1949:warning: override: reassigning to symbol PRINTK
.config:1953:warning: override: reassigning to symbol TTY
.config:1956:warning: override: reassigning to symbol BLK_DEV_INITRD
.config:1957:warning: override: reassigning to symbol RD_GZIP
.config:1960:warning: override: reassigning to symbol BINFMT_ELF
.config:1961:warning: override: reassigning to symbol BINFMT_SCRIPT
.config:1967:warning: override: reassigning to symbol KERNEL_GZIP
#
# configuration written to .config
#
make[4]: Leaving directory '/mnt/git-volume/kernel-test-stable/build/rand500config-x86_64'
make[3]: Leaving directory '/mnt/git-volume/linux-stable'
make[3]: Entering directory '/mnt/git-volume/linux-stable'
make[4]: Entering directory '/mnt/git-volume/kernel-test-stable/build/rand500config-x86_64'
  SYNC    include/config/auto.conf.cmd
  UPD     include/generated/uapi/linux/version.h
  HOSTCC  arch/x86/tools/relocs_32.o
  HOSTCC  arch/x86/tools/relocs_64.o
  DESCEND objtool
  HOSTLD  arch/x86/tools/relocs
  UPD     include/config/kernel.release
  UPD     include/generated/utsrelease.h
  CC      scripts/mod/empty.o
  CC      scripts/mod/devicetable-offsets.s
  MKELF   scripts/mod/elfconfig.h
  HOSTCC  scripts/mod/modpost.o
  HOSTCC  scripts/mod/sumversion.o
  HOSTCC  scripts/mod/symsearch.o
  HOSTCC  scripts/mod/file2alias.o
  HOSTLD  scripts/mod/modpost
  CC      kernel/bounds.s
  INSTALL libsubcmd_headers
  CC      /mnt/git-volume/kernel-test-stable/build/rand500config-x86_64/tools/objtool/libsubcmd/exec-cmd.o
  CC      /mnt/git-volume/kernel-test-stable/build/rand500config-x86_64/tools/objtool/libsubcmd/help.o
  CC      /mnt/git-volume/kernel-test-stable/build/rand500config-x86_64/tools/objtool/libsubcmd/pager.o
  CC      /mnt/git-volume/kernel-test-stable/build/rand500config-x86_64/tools/objtool/libsubcmd/parse-options.o
  CC      /mnt/git-volume/kernel-test-stable/build/rand500config-x86_64/tools/objtool/libsubcmd/run-command.o
  CC      /mnt/git-volume/kernel-test-stable/build/rand500config-x86_64/tools/objtool/libsubcmd/sigchain.o
  UPD     include/generated/bounds.h
  CC      arch/x86/kernel/asm-offsets.s
  LD      /mnt/git-volume/kernel-test-stable/build/rand500config-x86_64/tools/objtool/libsubcmd/libsubcmd-in.o
  AR      /mnt/git-volume/kernel-test-stable/build/rand500config-x86_64/tools/objtool/libsubcmd/libsubcmd.a
  CC      /mnt/git-volume/kernel-test-stable/build/rand500config-x86_64/tools/objtool/check.o
  CC      /mnt/git-volume/kernel-test-stable/build/rand500config-x86_64/tools/objtool/weak.o
  CC      /mnt/git-volume/kernel-test-stable/build/rand500config-x86_64/tools/objtool/arch/x86/decode.o
  CC      /mnt/git-volume/kernel-test-stable/build/rand500config-x86_64/tools/objtool/special.o
  CC      /mnt/git-volume/kernel-test-stable/build/rand500config-x86_64/tools/objtool/builtin-check.o
  CC      /mnt/git-volume/kernel-test-stable/build/rand500config-x86_64/tools/objtool/arch/x86/special.o
  CC      /mnt/git-volume/kernel-test-stable/build/rand500config-x86_64/tools/objtool/elf.o
  CC      /mnt/git-volume/kernel-test-stable/build/rand500config-x86_64/tools/objtool/objtool.o
  CC      /mnt/git-volume/kernel-test-stable/build/rand500config-x86_64/tools/objtool/arch/x86/orc.o
  CC      /mnt/git-volume/kernel-test-stable/build/rand500config-x86_64/tools/objtool/orc_gen.o
  CC      /mnt/git-volume/kernel-test-stable/build/rand500config-x86_64/tools/objtool/orc_dump.o
  CC      /mnt/git-volume/kernel-test-stable/build/rand500config-x86_64/tools/objtool/libstring.o
  LD      /mnt/git-volume/kernel-test-stable/build/rand500config-x86_64/tools/objtool/arch/x86/objtool-in.o
  CC      /mnt/git-volume/kernel-test-stable/build/rand500config-x86_64/tools/objtool/str_error_r.o
  CC      /mnt/git-volume/kernel-test-stable/build/rand500config-x86_64/tools/objtool/libctype.o
  CC      /mnt/git-volume/kernel-test-stable/build/rand500config-x86_64/tools/objtool/librbtree.o
  CC      /mnt/git-volume/kernel-test-stable/build/rand500config-x86_64/tools/objtool/signal.o
  LD      /mnt/git-volume/kernel-test-stable/build/rand500config-x86_64/tools/objtool/objtool-in.o
  LINK    /mnt/git-volume/kernel-test-stable/build/rand500config-x86_64/tools/objtool/objtool
  UPD     include/generated/asm-offsets.h
  CC      kernel/sched/rq-offsets.s
  UPD     include/generated/rq-offsets.h
  CALL    /mnt/git-volume/linux-stable/scripts/checksyscalls.sh 
  GEN     usr/initramfs_data.cpio
  AS      arch/x86/boot/startup/la57toggle.o
  CC      init/main.o
  CC      arch/x86/boot/startup/gdt_idt.o
  COPY    usr/initramfs_inc_data
  AS      usr/initramfs_data.o
  AR      usr/built-in.a
  CC      kernel/fork.o
  CC      mm/filemap.o
  CC      arch/x86/boot/startup/map_kernel.o
  AR      arch/x86/boot/startup/lib.a
  OBJCOPY arch/x86/boot/startup/gdt_idt.pi.o
  OBJCOPY arch/x86/boot/startup/map_kernel.pi.o
  AR      arch/x86/boot/startup/built-in.a
  AS      arch/x86/entry/entry.o
  AS      arch/x86/entry/entry_64.o
  CC      arch/x86/entry/syscall_64.o
  UPD     init/utsversion-tmp.h
  CC      init/do_mounts.o
  CC      kernel/exec_domain.o
  CC      arch/x86/entry/common.o
  CC      init/do_mounts_initrd.o
  CC      kernel/panic.o
  CC      mm/mempool.o
  CC      arch/x86/entry/vdso/vma.o
  CC      init/initramfs.o
  CC      kernel/cpu.o
  CC      mm/oom_kill.o
  CC      arch/x86/entry/vdso/extable.o
  CC      init/calibrate.o
  CC      kernel/exit.o
  CC      init/init_task.o
  CC      mm/fadvise.o
  LDS     arch/x86/entry/vdso/vdso64/vdso64.lds
  AS      arch/x86/entry/vdso/vdso64/note.o
  CC      arch/x86/entry/vdso/vdso64/vclock_gettime.o
  CC      init/version.o
  CC      kernel/softirq.o
  CC      mm/maccess.o
  CC      arch/x86/entry/vdso/vdso64/vgetcpu.o
  AR      init/built-in.a
  CC      arch/x86/entry/vdso/vdso64/vgetrandom.o
  AS      arch/x86/entry/vdso/vdso64/vgetrandom-chacha.o
  VDSO    arch/x86/entry/vdso/vdso64/vdso64.so.dbg
  OBJCOPY arch/x86/entry/vdso/vdso64/vdso64.so
  VDSO2C  arch/x86/entry/vdso/vdso64/vdso64-image.c
  CC      fs/open.o
  CC      arch/x86/entry/vdso/vdso64/vdso64-image.o
  CC      kernel/resource.o
  CC      mm/page-writeback.o
  AR      arch/x86/entry/vdso/vdso64/built-in.a
  AR      arch/x86/entry/vdso/built-in.a
  AS      arch/x86/entry/thunk.o
  AR      arch/x86/entry/built-in.a
  CC      arch/x86/events/core.o
  CC      fs/read_write.o
  CC      kernel/sysctl.o
  CC      mm/folio-compat.o
  CC      kernel/capability.o
  CC      mm/readahead.o
  CC      arch/x86/events/probe.o
  CC      fs/file_table.o
  CC      arch/x86/events/utils.o
  CC      kernel/ptrace.o
  CC      mm/swap.o
  CC      fs/super.o
  CC      arch/x86/events/amd/core.o
  CC      kernel/user.o
  CC      kernel/signal.o
  CC      fs/char_dev.o
  CC      mm/truncate.o
  CC      arch/x86/events/amd/lbr.o
  CC      fs/stat.o
  CC      mm/vmscan.o
  CC      arch/x86/events/amd/ibs.o
  CC      kernel/sys.o
  CC      fs/exec.o
  AR      arch/x86/events/amd/built-in.a
  CC      arch/x86/events/msr.o
  CC      kernel/umh.o
  CC      mm/shrinker.o
  CC      arch/x86/events/intel/core.o
  CC      fs/pipe.o
  CC      kernel/workqueue.o
  CC      mm/shmem.o
  CC      fs/namei.o
  CC      mm/util.o
  CC      kernel/pid.o
  CC      mm/mmzone.o
  CC      mm/vmstat.o
  CC      arch/x86/events/intel/bts.o
  CC      kernel/task_work.o
  CC      mm/backing-dev.o
  CC      kernel/extable.o
  CC      arch/x86/events/intel/ds.o
  CC      fs/fcntl.o
  CC      mm/mm_init.o
  CC      kernel/params.o
  CC      fs/ioctl.o
  CC      kernel/kthread.o
  CC      arch/x86/events/intel/knc.o
  CC      mm/percpu.o
  CC      fs/readdir.o
  CC      kernel/sys_ni.o
  CC      arch/x86/events/intel/lbr.o
  CC      kernel/nsproxy.o
  CC      fs/select.o
  CC      mm/slab_common.o
  CC      kernel/nstree.o
  CC      arch/x86/events/intel/p4.o
  CC      mm/compaction.o
  CC      fs/dcache.o
  CC      arch/x86/events/intel/p6.o
  CC      kernel/nscommon.o
  CC      mm/show_mem.o
  CC      arch/x86/events/intel/pt.o
  CC      kernel/notifier.o
  CC      fs/inode.o
  CC      mm/interval_tree.o
  CC      kernel/ksysfs.o
  AR      arch/x86/events/intel/built-in.a
  CC      mm/list_lru.o
  CC      arch/x86/events/zhaoxin/core.o
  CC      kernel/cred.o
  CC      mm/workingset.o
  CC      fs/attr.o
  CC      kernel/reboot.o
  AR      arch/x86/events/zhaoxin/built-in.a
  AR      arch/x86/events/built-in.a
  CC      arch/x86/realmode/init.o
  CC      mm/debug.o
  CC      fs/bad_inode.o
  CC      kernel/async.o
  AS      arch/x86/realmode/rm/header.o
  AS      arch/x86/realmode/rm/trampoline_64.o
  AS      arch/x86/realmode/rm/reboot.o
  PASYMS  arch/x86/realmode/rm/pasyms.h
  LDS     arch/x86/realmode/rm/realmode.lds
  LD      arch/x86/realmode/rm/realmode.elf
  RELOCS  arch/x86/realmode/rm/realmode.relocs
  OBJCOPY arch/x86/realmode/rm/realmode.bin
  AS      arch/x86/realmode/rmpiggy.o
  CC      fs/file.o
  AR      arch/x86/realmode/built-in.a
  CC      kernel/range.o
  CC      mm/gup.o
  CC      kernel/smpboot.o
  AS      arch/x86/kernel/head_64.o
  CC      arch/x86/kernel/head64.o
  CC      kernel/ucount.o
  CC      arch/x86/kernel/ebda.o
  CC      fs/filesystems.o
  CC      arch/x86/kernel/platform-quirks.o
  CC      mm/mmap_lock.o
  CC      kernel/regset.o
  CC      arch/x86/kernel/process_64.o
  CC      fs/namespace.o
  CC      kernel/ksyms_common.o
  CC      mm/vma_init.o
  CC      arch/x86/kernel/signal.o
  CC      mm/highmem.o
  CC      kernel/sched/core.o
  CC      mm/memory.o
  CC      arch/x86/kernel/signal_64.o
  CC      fs/seq_file.o
  CC      arch/x86/kernel/traps.o
  CC      kernel/sched/fair.o
  CC      fs/xattr.o
  CC      arch/x86/kernel/idt.o
  CC      mm/mincore.o
  CC      arch/x86/kernel/irq.o
  CC      fs/libfs.o
  CC      mm/mlock.o
  CC      kernel/sched/build_policy.o
  CC      arch/x86/kernel/irq_64.o
  CC      fs/fs-writeback.o
  CC      mm/mmap.o
  CC      arch/x86/kernel/dumpstack_64.o
  CC      arch/x86/kernel/time.o
  CC      fs/pnode.o
  CC      mm/mmu_gather.o
  CC      kernel/sched/build_utility.o
  CC      arch/x86/kernel/ioport.o
  CC      fs/splice.o
  CC      arch/x86/kernel/dumpstack.o
  CC      mm/mprotect.o
  CC      fs/sync.o
  CC      arch/x86/kernel/nmi.o
  AR      kernel/sched/built-in.a
  CC      kernel/locking/mutex.o
  CC      mm/mremap.o
  CC      fs/utimes.o
  CC      arch/x86/kernel/setup.o
  CC      kernel/locking/semaphore.o
  CC      mm/msync.o
  CC      fs/d_path.o
  CC      kernel/locking/rwsem.o
  CC      arch/x86/kernel/x86_init.o
  CC      mm/page_vma_mapped.o
  CC      fs/stack.o
  CC      kernel/locking/percpu-rwsem.o
  CC      arch/x86/kernel/i8259.o
  CC      fs/fs_struct.o
  CC      kernel/locking/mutex-debug.o
  CC      mm/pagewalk.o
  CC      arch/x86/kernel/irqinit.o
  CC      kernel/locking/rtmutex_api.o
  CC      fs/statfs.o
  CC      mm/pgtable-generic.o
  CC      arch/x86/kernel/irq_work.o
  CC      fs/fs_pin.o
  CC      kernel/locking/spinlock.o
  CC      mm/rmap.o
  CC      arch/x86/kernel/probe_roms.o
  CC      kernel/locking/test-ww_mutex.o
  CC      fs/nsfs.o
  CC      kernel/locking/spinlock_debug.o
  CC      arch/x86/kernel/sys_x86_64.o
  CC      mm/vmalloc.o
  AR      kernel/locking/built-in.a
  CC      kernel/power/qos.o
  CC      fs/fs_dirent.o
  CC      fs/fs_context.o
  CC      arch/x86/kernel/bootflag.o
  AR      kernel/power/built-in.a
  CC      kernel/printk/printk.o
  CC      arch/x86/kernel/e820.o
  CC      fs/fs_parser.o
  CC      mm/vma.o
  CC      fs/fsopen.o
  CC      arch/x86/kernel/pci-dma.o
  CC      kernel/printk/printk_safe.o
  CC      fs/init.o
  CC      arch/x86/kernel/quirks.o
  CC      kernel/printk/nbcon.o
  CC      fs/kernel_read_file.o
  CC      mm/vma_exec.o
  CC      arch/x86/kernel/kdebugfs.o
  CC      kernel/printk/printk_ringbuffer.o
  CC      arch/x86/kernel/alternative.o
  CC      fs/mnt_idmapping.o
  CC      mm/mseal.o
  CC      fs/remap_range.o
  AR      kernel/printk/built-in.a
  CC      kernel/irq/irqdesc.o
  CC      arch/x86/kernel/i8253.o
  CC      mm/page_alloc.o
  CC      kernel/irq/handle.o
  CC      arch/x86/kernel/hw_breakpoint.o
  CC      fs/pidfs.o
  CC      kernel/irq/manage.o
  CC      arch/x86/kernel/tsc.o
  CC      fs/file_attr.o
  CC      kernel/irq/spurious.o
  CC      mm/page_frag_cache.o
  CC      arch/x86/kernel/tsc_msr.o
  CC      kernel/irq/resend.o
  CC      fs/fserror.o
  CC      mm/init-mm.o
  CC      arch/x86/kernel/io_delay.o
  CC      arch/x86/kernel/rtc.o
  CC      kernel/irq/chip.o
  CC      fs/nullfs.o
  CC      mm/memblock.o
  CC      arch/x86/kernel/resource.o
  CC      fs/notify/fsnotify.o
  CC      kernel/irq/dummychip.o
  AS      arch/x86/kernel/irqflags.o
  CC      arch/x86/kernel/static_call.o
  CC      mm/slub.o
  CC      kernel/irq/devres.o
  CC      arch/x86/kernel/process.o
  CC      fs/notify/notification.o
  CC      kernel/irq/kexec.o
  CC      fs/notify/group.o
  CC      arch/x86/kernel/fpu/init.o
  CC      kernel/irq/autoprobe.o
  CC      mm/dmapool.o
  CC      fs/notify/mark.o
  CC      arch/x86/kernel/fpu/bugs.o
  CC      kernel/irq/irqdomain.o
  CC      arch/x86/kernel/fpu/core.o
  CC      mm/sparse.o
  CC      fs/notify/fdinfo.o
  CC      kernel/irq/matrix.o
  CC      arch/x86/kernel/fpu/regset.o
  CC      fs/notify/inotify/inotify_fsnotify.o
  CC      mm/sparse-vmemmap.o
  AR      kernel/irq/built-in.a
  CC      kernel/rcu/update.o
  CC      arch/x86/kernel/fpu/signal.o
  CC      fs/notify/inotify/inotify_user.o
  CC      mm/early_ioremap.o
  CC      kernel/rcu/sync.o
  CC      arch/x86/kernel/fpu/xstate.o
  AR      fs/notify/inotify/built-in.a
  AR      fs/notify/built-in.a
  CC      fs/anon_inodes.o
  CC      kernel/rcu/srcutiny.o
  CC      mm/memory_hotplug.o
  CC      kernel/rcu/tiny.o
  CC      fs/binfmt_script.o
  AR      arch/x86/kernel/fpu/built-in.a
  CC      arch/x86/kernel/ptrace.o
  CC      kernel/rcu/refscale.o
  CC      mm/page_isolation.o
  CC      fs/binfmt_elf.o
  CC      arch/x86/kernel/step.o
  AR      mm/built-in.a
  CC      security/commoncap.o
  CC      fs/fhandle.o
  AR      kernel/rcu/built-in.a
  CC      kernel/dma/mapping.o
  CC      arch/x86/kernel/stacktrace.o
  CC      security/min_addr.o
  CC      kernel/dma/direct.o
  CC      arch/x86/kernel/cpu/cacheinfo.o
  CC      fs/kernfs/mount.o
  CC      security/device_cgroup.o
  CC      arch/x86/kernel/cpu/scattered.o
  CC      kernel/dma/swiotlb.o
  CC      fs/kernfs/inode.o
  CC      arch/x86/kernel/cpu/topology_common.o
  AR      security/built-in.a
  CC      arch/x86/kernel/cpu/topology_ext.o
  CC      fs/kernfs/dir.o
  CC      kernel/dma/remap.o
  CC      arch/x86/mm/init.o
  CC      arch/x86/kernel/cpu/topology_amd.o
  CC      arch/x86/kernel/cpu/common.o
  AR      kernel/dma/built-in.a
  CC      kernel/entry/common.o
  CC      arch/x86/mm/init_64.o
  CC      fs/kernfs/file.o
  CC      kernel/entry/syscall-common.o
  CC      fs/kernfs/symlink.o
  CC      arch/x86/kernel/cpu/rdrand.o
  CC      arch/x86/mm/fault.o
  CC      arch/x86/kernel/cpu/match.o
  CC      kernel/entry/syscall_user_dispatch.o
  AR      fs/kernfs/built-in.a
  CC      fs/devpts/inode.o
  CC      arch/x86/kernel/cpu/bugs.o
  CC      arch/x86/mm/ioremap.o
  AR      kernel/entry/built-in.a
  AR      fs/devpts/built-in.a
  CC      kernel/unwind/user.o
  CC      fs/ramfs/inode.o
  CC      kernel/unwind/deferred.o
  CC      arch/x86/mm/extable.o
  CC      arch/x86/kernel/cpu/aperfmperf.o
  CC      fs/ramfs/file-mmu.o
  AR      kernel/unwind/built-in.a
  CC      kernel/time/time.o
  CC      arch/x86/kernel/cpu/cpuid-deps.o
  CC      arch/x86/mm/mmap.o
  AR      fs/ramfs/built-in.a
  CC      fs/exportfs/expfs.o
  CC      arch/x86/kernel/cpu/cpuid_0x2_table.o
  CC      arch/x86/kernel/cpu/umwait.o
  CC      kernel/time/timer.o
  CC      arch/x86/mm/pgtable.o
  AR      fs/exportfs/built-in.a
  AR      fs/built-in.a
  CC      arch/x86/mm/physaddr.o
  CC      arch/x86/kernel/cpu/capflags.o
  CC      arch/x86/kernel/cpu/powerflags.o
  CC      arch/x86/mm/tlb.o
  CC      arch/x86/mm/cpu_entry_area.o
  CC      arch/x86/kernel/cpu/topology.o
  CC      kernel/time/hrtimer.o
  CC      arch/x86/kernel/cpu/feat_ctl.o
  CC      arch/x86/kernel/cpu/intel.o
  CC      arch/x86/mm/maccess.o
  CC      arch/x86/kernel/cpu/tsx.o
  CC      arch/x86/mm/pgprot.o
  CC      kernel/time/sleep_timeout.o
  CC      arch/x86/kernel/cpu/amd.o
  CC      arch/x86/kernel/cpu/hygon.o
  CC      kernel/time/timekeeping.o
  CC      arch/x86/mm/pat/set_memory.o
  CC      arch/x86/kernel/cpu/centaur.o
  CC      arch/x86/kernel/cpu/zhaoxin.o
  CC      arch/x86/kernel/cpu/microcode/core.o
  CC      kernel/time/ntp.o
  CC      kernel/time/clocksource.o
  CC      arch/x86/mm/pat/memtype.o
  CC      arch/x86/kernel/cpu/microcode/intel.o
  CC      kernel/time/jiffies.o
  CC      kernel/time/timer_list.o
  CC      arch/x86/kernel/cpu/microcode/amd.o
  AR      arch/x86/mm/pat/built-in.a
  AR      arch/x86/mm/built-in.a
  AS      arch/x86/crypto/cast6-avx-x86_64-asm_64.o
  CC      kernel/time/timeconv.o
  CC      arch/x86/crypto/cast6_avx_glue.o
  AS      arch/x86/crypto/aesni-intel_asm.o
  CC      arch/x86/crypto/aesni-intel_glue.o
  CC      kernel/time/timecounter.o
  AS      arch/x86/crypto/aes-ctr-avx-x86_64.o
  CC      kernel/time/alarmtimer.o
  AR      arch/x86/kernel/cpu/microcode/built-in.a
  CC      arch/x86/kernel/cpu/perfctr-watchdog.o
  CC      arch/x86/virt/svm/cmdline.o
  AR      arch/x86/virt/svm/built-in.a
  AR      arch/x86/virt/built-in.a
  AS      arch/x86/crypto/aes-gcm-aesni-x86_64.o
  CC      kernel/time/clockevents.o
  AS      arch/x86/crypto/aes-gcm-vaes-avx2.o
  AS      arch/x86/crypto/aes-gcm-vaes-avx512.o
  AS      arch/x86/crypto/aes-xts-avx-x86_64.o
  AR      arch/x86/kernel/cpu/built-in.a
  CC      arch/x86/kernel/reboot.o
  AR      arch/x86/crypto/built-in.a
  CC      kernel/up.o
  CC      kernel/futex/core.o
  CC      kernel/kallsyms.o
  CC      kernel/time/tick-common.o
  CC      arch/x86/kernel/tsc_sync.o
  CC      kernel/futex/syscalls.o
  CC      kernel/time/tick-broadcast.o
  CC      arch/x86/kernel/mpparse.o
  CC      kernel/cgroup/cgroup.o
  CC      kernel/time/vsyscall.o
  CC      kernel/futex/pi.o
  CC      kernel/time/posix-timers.o
  CC      arch/x86/kernel/apic/apic.o
  CC      kernel/futex/requeue.o
  CC      kernel/time/posix-cpu-timers.o
  CC      kernel/cgroup/rstat.o
  CC      kernel/futex/waitwake.o
  CC      arch/x86/kernel/apic/apic_common.o
  CC      arch/x86/kernel/apic/apic_noop.o
  CC      kernel/time/posix-clock.o
  CC      kernel/cgroup/namespace.o
  AR      kernel/futex/built-in.a
  CC      arch/x86/kernel/apic/ipi.o
  CC      arch/x86/kernel/apic/vector.o
  CC      arch/x86/kernel/apic/init.o
  CC      kernel/time/itimer.o
  CC      kernel/cgroup/cgroup-v1.o
  CC      arch/x86/kernel/apic/hw_nmi.o
  CC      arch/x86/kernel/apic/io_apic.o
  AR      kernel/time/built-in.a
  CC      kernel/irq_work.o
  CC      kernel/cgroup/freezer.o
  CC      arch/x86/kernel/apic/apic_flat_64.o
  CC      kernel/static_call.o
  CC      arch/x86/kernel/apic/probe_64.o
  AR      kernel/cgroup/built-in.a
  CC      kernel/static_call_inline.o
  CC      kernel/events/core.o
  AR      arch/x86/kernel/apic/built-in.a
  CC      arch/x86/kernel/trace_clock.o
  CC      crypto/api.o
  CC      arch/x86/kernel/hpet.o
  CC      arch/x86/kernel/perf_regs.o
  CC      crypto/cipher.o
  CC      crypto/algapi.o
  CC      arch/x86/kernel/unwind_guess.o
  CC      crypto/scatterwalk.o
  CC      arch/x86/kernel/vsmp_64.o
  CC      crypto/aead.o
  CC      crypto/lskcipher.o
  CC      arch/x86/kernel/pcspeaker.o
  LDS     arch/x86/kernel/vmlinux.lds
  AR      arch/x86/kernel/built-in.a
  AR      arch/x86/built-in.a
  CC      crypto/skcipher.o
  CC      crypto/ahash.o
  CC      lib/argv_split.o
  CC      lib/buildid.o
  CC      crypto/shash.o
  CC      kernel/events/ring_buffer.o
  CC      crypto/sig.o
  CC      lib/cmdline.o
  CC      lib/ctype.o
  CC      lib/dec_and_lock.o
  CC      crypto/acompress.o
  CC      lib/decompress.o
  CC      kernel/events/callchain.o
  CC      lib/decompress_bunzip2.o
  CC      crypto/scompress.o
  CC      lib/decompress_inflate.o
  CC      crypto/algboss.o
  CC      kernel/events/hw_breakpoint.o
  CC      crypto/testmgr.o
  CC      lib/decompress_unlz4.o
  CC      crypto/hmac.o
  CC      crypto/sha512.o
  AR      kernel/events/built-in.a
  CC      kernel/torture.o
  CC      lib/decompress_unlzma.o
  CC      crypto/ecb.o
  CC      crypto/cbc.o
  CC      lib/decompress_unlzo.o
  CC      kernel/iomem.o
  CC      crypto/xts.o
  CC      crypto/ctr.o
  CC      lib/decompress_unxz.o
  CC      kernel/watchdog.o
  CC      crypto/aes.o
  CC      crypto/cast_common.o
  CC      lib/decompress_unzstd.o
  CC      lib/dump_stack.o
  CC      crypto/cast6_generic.o
  AR      kernel/built-in.a
  CC      crypto/authenc.o
  CC      crypto/authencesn.o
  CC      lib/earlycpio.o
  AS      arch/x86/lib/bhi.o
  CC      lib/extable.o
  AS      arch/x86/lib/clear_page_64.o
  CC      arch/x86/lib/cmdline.o
  AS      arch/x86/lib/cmpxchg16b_emu.o
  CC      arch/x86/lib/copy_mc.o
  CC      crypto/krb5enc.o
  CC      lib/flex_proportions.o
  CC      lib/idr.o
  AS      arch/x86/lib/copy_mc_64.o
  AS      arch/x86/lib/copy_page_64.o
  AS      arch/x86/lib/copy_user_64.o
  AS      arch/x86/lib/copy_user_uncached_64.o
  CC      arch/x86/lib/cpu.o
  CC      lib/iomem_copy.o
  CC      lib/irq_regs.o
  CC      lib/is_single_threaded.o
  CC      crypto/krb5/krb5_kdf.o
  AS      arch/x86/lib/csum-copy_64.o
  CC      arch/x86/lib/csum-partial_64.o
  CC      lib/klist.o
  CC      arch/x86/lib/csum-wrappers_64.o
  CC      lib/kobject.o
  CC      lib/kobject_uevent.o
  CC      arch/x86/lib/delay.o
  CC      crypto/krb5/krb5_api.o
  AS      arch/x86/lib/getuser.o
  CC      arch/x86/lib/inat.o
  CC      lib/logic_pio.o
  CC      arch/x86/lib/insn-eval.o
  CC      crypto/krb5/rfc3961_simplified.o
  CC      lib/maple_tree.o
  CC      lib/memcat_p.o
  CC      arch/x86/lib/insn.o
  CC      lib/nmi_backtrace.o
  AS      arch/x86/lib/memcpy_64.o
  AS      arch/x86/lib/memmove_64.o
  AS      arch/x86/lib/memset_64.o
  CC      crypto/krb5/rfc3962_aes.o
  CC      arch/x86/lib/misc.o
  CC      arch/x86/lib/pc-conf-reg.o
  CC      lib/objpool.o
  AS      arch/x86/lib/putuser.o
  CC      arch/x86/lib/usercopy.o
  CC      crypto/krb5/rfc6803_camellia.o
  CC      lib/plist.o
  CC      arch/x86/lib/usercopy_64.o
  CC      crypto/krb5/rfc8009_aes2.o
  CC      lib/radix-tree.o
  CC      arch/x86/lib/msr.o
  CC      lib/ratelimit.o
  AR      crypto/krb5/built-in.a
  CC      crypto/mldsa.o
  CC      lib/rbtree.o
  CC      lib/seq_buf.o
  AS      arch/x86/lib/msr-reg.o
  CC      arch/x86/lib/msr-reg-export.o
  CC      crypto/cmac.o
  AS      arch/x86/lib/hweight.o
  CC      arch/x86/lib/iomem.o
  AR      arch/x86/lib/lib.a
  CC      lib/siphash.o
  CC      lib/string.o
  CC      lib/sys_info.o
  AR      arch/x86/lib/built-in.a
  CC      crypto/sha1.o
  AR      drivers/bus/mhi/built-in.a
  AR      drivers/bus/built-in.a
  AR      drivers/phy/built-in.a
  CC      lib/timerqueue.o
  CC      drivers/video/console/dummycon.o
  CC      drivers/video/console/vgacon.o
  CC      lib/vsprintf.o
  CC      crypto/sha256.o
  CC      crypto/cts.o
  CC      crypto/camellia_generic.o
  AR      drivers/video/console/built-in.a
  AR      drivers/video/built-in.a
  CC      drivers/idle/intel_idle.o
  CC      crypto/crc32c.o
  CC      crypto/842.o
  CC      lib/win_minmax.o
  AR      drivers/soc/nuvoton/built-in.a
  AR      drivers/idle/built-in.a
  AR      drivers/soc/built-in.a
  CC      drivers/char/mem.o
  CC      drivers/tty/tty_io.o
  CC      lib/xarray.o
  AR      crypto/built-in.a
  CC      drivers/tty/n_tty.o
  CC      drivers/char/random.o
  CC      lib/lockref.o
  CC      lib/bcd.o
  CC      drivers/tty/tty_ioctl.o
  CC      lib/sort.o
  CC      drivers/tty/tty_ldisc.o
  CC      lib/parser.o
  CC      drivers/char/misc.o
  CC      drivers/tty/tty_buffer.o
  CC      lib/debug_locks.o
  CC      drivers/tty/tty_port.o
  CC      lib/random32.o
  CC      drivers/char/tpm/tpm-chip.o
  CC      lib/bust_spinlocks.o
  CC      drivers/tty/tty_mutex.o
  CC      drivers/char/tpm/tpm-dev-common.o
  CC      drivers/char/tpm/tpm-dev.o
  CC      lib/kasprintf.o
  CC      drivers/tty/tty_ldsem.o
  CC      drivers/char/tpm/tpm-interface.o
  CC      lib/bitmap.o
  CC      drivers/tty/tty_baudrate.o
  CC      drivers/char/tpm/tpm1-cmd.o
  CC      drivers/char/tpm/tpm2-cmd.o
  CC      drivers/tty/tty_jobctrl.o
  CC      lib/scatterlist.o
  CC      drivers/char/tpm/tpmrm-dev.o
  CC      drivers/tty/n_null.o
  CC      drivers/char/tpm/tpm2-space.o
  CC      lib/list_sort.o
  CC      drivers/char/tpm/tpm-sysfs.o
  CC      lib/uuid.o
  CC      drivers/tty/pty.o
  CC      lib/iov_iter.o
  CC      drivers/char/tpm/eventlog/common.o
  CC      drivers/tty/vt/vt_ioctl.o
  CC      drivers/char/tpm/eventlog/tpm1.o
  CC      drivers/char/tpm/eventlog/tpm2.o
  CC      lib/clz_ctz.o
  CC      drivers/tty/vt/vc_screen.o
  CC      lib/bsearch.o
  CC      lib/find_bit.o
  CC      lib/llist.o
  CC      lib/lwq.o
  CC      drivers/char/tpm/tpm-buf.o
  CC      lib/memweight.o
  CC      drivers/tty/vt/selection.o
  CC      lib/kfifo.o
  CC      lib/percpu-refcount.o
  CC      lib/rhashtable.o
  CC      drivers/tty/vt/keyboard.o
  CC      drivers/char/tpm/tpm2-sessions.o
  CC      lib/base64.o
  CC      drivers/tty/vt/vt.o
  CC      drivers/char/tpm/tpm_atmel.o
  CC      lib/once.o
  CC      drivers/tty/vt/defkeymap.o
  CC      lib/refcount.o
  CC      lib/rcuref.o
  AR      drivers/char/tpm/built-in.a
  AR      drivers/char/built-in.a
  CC      lib/usercopy.o
  CC      lib/errseq.o
  CC      drivers/base/component.o
  CC      lib/bucket_locks.o
  CC      lib/generic-radix-tree.o
  CC      drivers/tty/vt/consolemap.o
  CC      drivers/base/core.o
  CC      lib/bitmap-str.o
  CC      drivers/base/bus.o
  CC      lib/string_helpers.o
  CC      drivers/tty/vt/consolemap_deftbl.o
  CC      drivers/tty/vt/ucs.o
  CC      drivers/base/dd.o
  AR      drivers/tty/vt/built-in.a
  CC      drivers/tty/serial/serial_core.o
  CC      lib/hexdump.o
  CC      lib/kstrtox.o
  CC      drivers/tty/serial/serial_base_bus.o
  CC      drivers/base/syscore.o
  CC      lib/math/div64.o
  CC      lib/math/gcd.o
  CC      drivers/tty/serial/serial_ctrl.o
  CC      lib/math/lcm.o
  CC      drivers/tty/serial/serial_port.o
  CC      lib/math/int_log.o
  CC      drivers/base/driver.o
  CC      lib/math/int_pow.o
  CC      lib/math/int_sqrt.o
  CC      drivers/base/class.o
  CC      drivers/base/platform.o
  CC      lib/math/reciprocal_div.o
  CC      drivers/tty/serial/earlycon.o
  AR      lib/math/built-in.a
  CC      lib/crc/crc32-main.o
  CC      drivers/base/cpu.o
  AR      lib/crc/built-in.a
  CC      drivers/tty/serial/8250/8250_core.o
  CC      lib/crypto/hash_info.o
  CC      drivers/base/firmware.o
  CC      lib/crypto/memneq.o
  CC      drivers/base/init.o
  CC      lib/crypto/utils.o
  CC      lib/crypto/aes.o
  CC      drivers/tty/serial/8250/8250_platform.o
  AS      lib/crypto/x86/aes-aesni.o
  CC      lib/crypto/gf128mul.o
  CC      drivers/base/map.o
  AR      drivers/misc/eeprom/built-in.a
  CC      drivers/misc/altera-stapl/altera-jtag.o
  CC      lib/crypto/blake2s.o
  CC      drivers/base/devres.o
  CC      drivers/tty/serial/8250/8250_port.o
  AS      lib/crypto/x86/blake2s-core.o
  CC      drivers/misc/altera-stapl/altera-comp.o
  CC      lib/crypto/chacha-block-generic.o
  CC      drivers/base/attribute_container.o
  CC      drivers/misc/altera-stapl/altera.o
  CC      lib/crypto/sha1.o
  CC      drivers/base/transport_class.o
  CC      drivers/tty/serial/8250/8250_early.o
  AS      lib/crypto/x86/sha1-ssse3-and-avx.o
  CC      drivers/base/topology.o
  AS      lib/crypto/x86/sha1-avx2-asm.o
  AS      lib/crypto/x86/sha1-ni-asm.o
  CC      lib/crypto/sha256.o
  CC      drivers/misc/altera-stapl/altera-lpt.o
  AR      drivers/tty/serial/8250/built-in.a
  CC      drivers/tty/serial/sc16is7xx.o
  AR      drivers/misc/altera-stapl/built-in.a
  CC      drivers/misc/sram.o
  CC      drivers/base/container.o
  AS      lib/crypto/x86/sha256-ssse3-asm.o
  AS      lib/crypto/x86/sha256-avx-asm.o
  AS      lib/crypto/x86/sha256-avx2-asm.o
  CC      drivers/base/property.o
  CC      drivers/misc/enclosure.o
  AS      lib/crypto/x86/sha256-ni-asm.o
  CC      lib/crypto/sha512.o
  CC      drivers/tty/serial/sc16is7xx_i2c.o
  AR      drivers/misc/built-in.a
  CC      drivers/mfd/mfd-core.o
  AS      lib/crypto/x86/sha512-ssse3-asm.o
  AS      lib/crypto/x86/sha512-avx-asm.o
  AR      drivers/tty/serial/built-in.a
  AS      lib/crypto/x86/sha512-avx2-asm.o
  CC      drivers/tty/goldfish.o
  CC      lib/crypto/sha3.o
  CC      drivers/base/cacheinfo.o
  CC      drivers/mfd/88pm800.o
  CC      lib/crypto/mldsa.o
  AR      drivers/tty/built-in.a
  CC      drivers/base/swnode.o
  CC      drivers/base/faux.o
  AR      lib/crypto/built-in.a
  CC      lib/vdso/datastore.o
  CC      drivers/mfd/88pm80x.o
  AR      drivers/base/power/built-in.a
  CC      drivers/base/firmware_loader/main.o
  CC      drivers/base/regmap/regmap.o
  AR      lib/vdso/built-in.a
  CC      lib/iomap.o
  CC      drivers/mfd/bd9571mwv.o
  CC      drivers/base/firmware_loader/builtin/main.o
  CC      lib/iomap_copy.o
  CC      lib/devres.o
  CC      drivers/mfd/cgbc-core.o
  CC      drivers/base/regmap/regcache.o
  AR      drivers/base/firmware_loader/builtin/built-in.a
  AR      drivers/base/firmware_loader/built-in.a
  CC      drivers/base/memory.o
  CC      lib/bitrev.o
  CC      drivers/mfd/tps65912-core.o
  CC      drivers/base/regmap/regcache-rbtree.o
  CC      lib/xxhash.o
  CC      drivers/mfd/tps65912-i2c.o
  CC      drivers/mfd/lp8788.o
  CC      lib/genalloc.o
  CC      drivers/base/regmap/regcache-flat.o
  CC      drivers/base/regmap/regcache-maple.o
  CC      drivers/mfd/lp8788-irq.o
  CC      drivers/base/regmap/regmap-i2c.o
  CC      lib/842/842_compress.o
  CC      drivers/mfd/da9063-core.o
  CC      lib/842/842_decompress.o
  CC      drivers/mfd/da9063-irq.o
  CC      drivers/base/regmap/regmap-irq.o
  CC      drivers/mfd/da9063-i2c.o
  AR      lib/842/built-in.a
  CC      lib/zlib_inflate/inffast.o
  CC      drivers/mfd/max77705.o
  CC      lib/zlib_inflate/inflate.o
  CC      drivers/mfd/mp2629.o
  AR      drivers/base/regmap/built-in.a
  AR      drivers/base/built-in.a
  CC      lib/zlib_inflate/infutil.o
  AR      drivers/dax/built-in.a
  CC      drivers/mfd/palmas.o
  CC      drivers/input/serio/serio.o
  CC      lib/zlib_inflate/inftrees.o
  CC      lib/zlib_inflate/inflate_syms.o
  CC      drivers/mfd/as3711.o
  CC      drivers/input/serio/i8042.o
  AR      lib/zlib_inflate/built-in.a
  CC      lib/lzo/lzo1x_decompress_safe.o
  CC      drivers/mfd/simple-mfd-i2c.o
  AR      lib/lzo/built-in.a
  CC      lib/lz4/lz4_decompress.o
  CC      drivers/input/serio/serport.o
  CC      drivers/input/serio/libps2.o
  AR      drivers/mfd/built-in.a
  CC      drivers/input/input.o
  CC      drivers/input/input-compat.o
  AR      lib/lz4/built-in.a
  CC      lib/zstd/zstd_decompress_module.o
  CC      lib/zstd/decompress/huf_decompress.o
  AR      drivers/input/serio/built-in.a
  CC      drivers/rtc/lib.o
  CC      drivers/rtc/rtc-mc146818-lib.o
  CC      drivers/input/input-mt.o
  CC      drivers/input/input-poller.o
  AR      drivers/rtc/built-in.a
  CC      drivers/i2c/busses/i2c-xiic.o
  CC      drivers/input/ff-core.o
  CC      drivers/input/touchscreen.o
  CC      lib/zstd/decompress/zstd_ddict.o
  CC      lib/zstd/decompress/zstd_decompress.o
  CC      drivers/input/touch-overlay.o
  CC      drivers/input/vivaldi-fmap.o
  CC      lib/zstd/decompress/zstd_decompress_block.o
  CC      drivers/i2c/busses/i2c-taos-evm.o
  CC      lib/zstd/zstd_common_module.o
  CC      drivers/input/keyboard/atkbd.o
  CC      lib/zstd/common/debug.o
  CC      lib/zstd/common/entropy_common.o
  AR      drivers/i2c/busses/built-in.a
  CC      drivers/i2c/i2c-boardinfo.o
  CC      drivers/i2c/i2c-core-base.o
  AR      drivers/input/keyboard/built-in.a
  CC      drivers/input/mouse/psmouse-base.o
  CC      lib/zstd/common/error_private.o
  CC      lib/zstd/common/fse_decompress.o
  CC      drivers/i2c/i2c-core-smbus.o
  CC      lib/zstd/common/zstd_common.o
  CC      drivers/input/mouse/synaptics.o
  AR      lib/zstd/built-in.a
  CC      lib/xz/xz_dec_syms.o
  CC      drivers/input/mouse/focaltech.o
  AR      drivers/i2c/built-in.a
  AR      drivers/i3c/master/built-in.a
  CC      lib/xz/xz_dec_stream.o
  CC      drivers/i3c/device.o
  CC      drivers/input/mouse/alps.o
  CC      drivers/input/mouse/byd.o
  CC      lib/xz/xz_dec_lzma2.o
  CC      drivers/i3c/master.o
  CC      lib/xz/xz_dec_bcj.o
  CC      drivers/input/mouse/logips2pp.o
  AR      lib/xz/built-in.a
  CC      lib/syscall.o
  CC      lib/strncpy_from_user.o
  CC      drivers/input/mouse/trackpoint.o
  CC      drivers/input/mouse/cypress_ps2.o
  AR      drivers/i3c/built-in.a
  CC      lib/strnlen_user.o
  CC      drivers/input/mouse/sentelic.o
  CC      drivers/input/mouse/psmouse-smbus.o
  CC      drivers/pps/clients/pps-ldisc.o
  CC      lib/group_cpus.o
  AR      drivers/pps/clients/built-in.a
  CC      drivers/pps/pps.o
  AR      drivers/input/mouse/built-in.a
  CC      drivers/pps/kapi.o
  AR      drivers/input/built-in.a
  CC      drivers/power/supply/power_supply_core.o
  CC      lib/test_bitops.o
  CC      drivers/pps/sysfs.o
  CC      lib/test_maple_tree.o
  CC      drivers/power/supply/samsung-sdi-battery.o
  CC      drivers/power/supply/adc-battery-helper.o
  AR      drivers/pps/built-in.a
  CC      lib/test_memcat_p.o
  CC      drivers/power/supply/max1720x_battery.o
  CC      drivers/power/supply/ug3105_battery.o
  CC      lib/list_debug.o
  CC      lib/packing.o
  AR      drivers/power/supply/built-in.a
  AR      drivers/power/built-in.a
  AR      lib/lib.a
  CC      drivers/cpuidle/governors/ladder.o
  CC      drivers/cpuidle/cpuidle.o
  CC      drivers/cpuidle/driver.o
  AR      lib/built-in.a
  CC      drivers/cpuidle/governor.o
  AR      drivers/cpuidle/governors/built-in.a
  CC      drivers/cpuidle/sysfs.o
  CC      drivers/cpuidle/poll_state.o
  CC      drivers/mmc/core/core.o
  CC      drivers/mmc/host/sdhci.o
  CC      drivers/mmc/host/usdhi6rol0.o
  AR      drivers/cpuidle/built-in.a
  CC      drivers/clocksource/i8253.o
  CC      drivers/mmc/core/bus.o
  CC      drivers/mmc/core/host.o
  AR      drivers/clocksource/built-in.a
  CC      drivers/hid/hid-core.o
  AR      drivers/mmc/host/built-in.a
  CC      drivers/mmc/core/mmc.o
  AR      drivers/platform/built-in.a
  CC      drivers/extcon/extcon.o
  CC      drivers/extcon/devres.o
  CC      drivers/mmc/core/mmc_ops.o
  CC      drivers/hid/hid-input.o
  AR      drivers/extcon/built-in.a
  CC      drivers/ras/ras.o
  CC      drivers/mmc/core/sd.o
  AR      drivers/ras/built-in.a
  CC      drivers/mmc/core/sd_ops.o
  AR      drivers/peci/controller/built-in.a
  CC      drivers/peci/core.o
  CC      drivers/mmc/core/sdio.o
  CC      drivers/peci/request.o
  CC      drivers/hid/hid-quirks.o
  CC      drivers/mmc/core/sdio_ops.o
  CC      drivers/mmc/core/sdio_bus.o
  CC      drivers/peci/device.o
  CC      drivers/mmc/core/sdio_cis.o
  CC      drivers/hid/hid-generic.o
  CC      drivers/peci/sysfs.o
  CC      drivers/mmc/core/sdio_io.o
  CC      drivers/mmc/core/sdio_irq.o
  AR      drivers/peci/built-in.a
  CC      drivers/mmc/core/sd_uhs2.o
  AR      drivers/hid/built-in.a
  CC      drivers/mmc/core/slot-gpio.o
  CC      drivers/mmc/core/regulator.o
  AR      drivers/mmc/core/built-in.a
  AR      drivers/mmc/built-in.a
  AR      drivers/built-in.a
  AR      built-in.a
  AR      vmlinux.a
  LD      vmlinux.o
  MODPOST vmlinux.symvers
  CC      .vmlinux.export.o
  UPD     include/generated/utsversion.h
  CC      init/version-timestamp.o
  KSYMS   .tmp_vmlinux0.kallsyms.S
  AS      .tmp_vmlinux0.kallsyms.o
  LD      .tmp_vmlinux1
  NM      .tmp_vmlinux1.syms
  KSYMS   .tmp_vmlinux1.kallsyms.S
  AS      .tmp_vmlinux1.kallsyms.o
  LD      .tmp_vmlinux2
  NM      .tmp_vmlinux2.syms
  KSYMS   .tmp_vmlinux2.kallsyms.S
  AS      .tmp_vmlinux2.kallsyms.o
  LD      vmlinux.unstripped
  NM      System.map
  SORTTAB vmlinux.unstripped
  OBJCOPY vmlinux
  GEN     modules.builtin.modinfo
  GEN     modules.builtin
  CC      arch/x86/boot/a20.o
  CC      arch/x86/boot/cmdline.o
  CC      arch/x86/boot/cpu.o
  CC      arch/x86/boot/cpuflags.o
  CC      arch/x86/boot/cpucheck.o
  CC      arch/x86/boot/early_serial_console.o
  CC      arch/x86/boot/edd.o
  CC      arch/x86/boot/main.o
  CC      arch/x86/boot/memory.o
  CC      arch/x86/boot/pm.o
  LDS     arch/x86/boot/compressed/vmlinux.lds
  AS      arch/x86/boot/pmjump.o
  AS      arch/x86/boot/compressed/head_64.o
  CC      arch/x86/boot/printf.o
  CC      arch/x86/boot/regs.o
  CC      arch/x86/boot/string.o
  VOFFSET arch/x86/boot/compressed/../voffset.h
  CC      arch/x86/boot/tty.o
  CC      arch/x86/boot/compressed/string.o
  CC      arch/x86/boot/video.o
  CC      arch/x86/boot/compressed/cmdline.o
  CC      arch/x86/boot/video-mode.o
  CC      arch/x86/boot/version.o
  CC      arch/x86/boot/video-vga.o
  CC      arch/x86/boot/video-vesa.o
  CC      arch/x86/boot/video-bios.o
  CC      arch/x86/boot/compressed/error.o
  OBJCOPY arch/x86/boot/compressed/vmlinux.bin
  CC      arch/x86/boot/compressed/cpuflags.o
  CC      arch/x86/boot/compressed/ident_map_64.o
  CC      arch/x86/boot/compressed/idt_64.o
  AS      arch/x86/boot/compressed/idt_handlers_64.o
  CC      arch/x86/boot/compressed/pgtable_64.o
  CC      arch/x86/boot/compressed/misc.o
  GZIP    arch/x86/boot/compressed/vmlinux.bin.gz
  MKPIGGY arch/x86/boot/compressed/piggy.S
  AS      arch/x86/boot/compressed/piggy.o
  LD      arch/x86/boot/compressed/vmlinux
  ZOFFSET arch/x86/boot/zoffset.h
  OBJCOPY arch/x86/boot/vmlinux.bin
  AS      arch/x86/boot/header.o
  LD      arch/x86/boot/setup.elf
  OBJCOPY arch/x86/boot/setup.bin
  BUILD   arch/x86/boot/bzImage
Kernel: arch/x86/boot/bzImage is ready  (#4)
make[4]: Leaving directory '/mnt/git-volume/kernel-test-stable/build/rand500config-x86_64'
make[3]: Leaving directory '/mnt/git-volume/linux-stable'
