make[4]: Entering directory '/mnt/git-volume/linux-stable'
make[5]: Entering directory '/mnt/git-volume/kernel-test-stable/build/rand500nsconfig-riscv'
#
# configuration written to .config
#
Using .config as base
Merging /mnt/git-volume/linux-stable/kernel/configs/tiny.config
Value of CONFIG_KERNEL_XZ is redefined by fragment /mnt/git-volume/linux-stable/kernel/configs/tiny.config:
Previous value: # CONFIG_KERNEL_XZ is not set
New value: CONFIG_KERNEL_XZ=y

Value of CONFIG_CC_OPTIMIZE_FOR_SIZE is redefined by fragment /mnt/git-volume/linux-stable/kernel/configs/tiny.config:
Previous value: # CONFIG_CC_OPTIMIZE_FOR_SIZE is not set
New value: CONFIG_CC_OPTIMIZE_FOR_SIZE=y

Value of CONFIG_LD_DEAD_CODE_DATA_ELIMINATION is redefined by fragment /mnt/git-volume/linux-stable/kernel/configs/tiny.config:
Previous value: # CONFIG_LD_DEAD_CODE_DATA_ELIMINATION is not set
New value: CONFIG_LD_DEAD_CODE_DATA_ELIMINATION=y

Value of CONFIG_SLUB_TINY is redefined by fragment /mnt/git-volume/linux-stable/kernel/configs/tiny.config:
Previous value: # CONFIG_SLUB_TINY is not set
New value: CONFIG_SLUB_TINY=y

#
# merged configuration written to .config (needs make)
#
#
# configuration written to .config
#
make[5]: Leaving directory '/mnt/git-volume/kernel-test-stable/build/rand500nsconfig-riscv'
make[4]: Leaving directory '/mnt/git-volume/linux-stable'
make[4]: Entering directory '/mnt/git-volume/linux-stable'
make[5]: Entering directory '/tmp/tmp.yacjeaQseD'
  UPD     /tmp/tmp.yacjeaQseD/Makefile
  HOSTCC  scripts/basic/fixdep
  HOSTCC  scripts/kconfig/conf.o
  HOSTCC  scripts/kconfig/confdata.o
  HOSTCC  scripts/kconfig/expr.o
  LEX     scripts/kconfig/lexer.lex.c
  YACC    scripts/kconfig/parser.tab.[ch]
  HOSTCC  scripts/kconfig/lexer.lex.o
  HOSTCC  scripts/kconfig/menu.o
  HOSTCC  scripts/kconfig/parser.tab.o
  HOSTCC  scripts/kconfig/preprocess.o
  HOSTCC  scripts/kconfig/symbol.o
  HOSTCC  scripts/kconfig/util.o
  HOSTLD  scripts/kconfig/conf
KCONFIG_SEED=0x6E738699
#
# configuration written to .config
#
make[5]: Leaving directory '/tmp/tmp.yacjeaQseD'
make[4]: Leaving directory '/mnt/git-volume/linux-stable'
make[4]: Entering directory '/mnt/git-volume/linux-stable'
make[5]: Entering directory '/tmp/tmp.yacjeaQseD'
.config:9610:warning: override: reassigning to symbol PRINTK
.config:9614:warning: override: reassigning to symbol TTY
.config:9617:warning: override: reassigning to symbol BLK_DEV_INITRD
.config:9618:warning: override: reassigning to symbol RD_GZIP
.config:9621:warning: override: reassigning to symbol BINFMT_ELF
.config:9622:warning: override: reassigning to symbol BINFMT_SCRIPT
.config:9625:warning: override: reassigning to symbol TMPFS
.config:9628:warning: override: reassigning to symbol KERNEL_GZIP
.config:9634:warning: override: reassigning to symbol KERNEL_BZIP2
.config:9635:warning: override: reassigning to symbol KERNEL_LZMA
.config:9636:warning: override: reassigning to symbol KERNEL_XZ
.config:9637:warning: override: reassigning to symbol KERNEL_LZO
.config:9638:warning: override: reassigning to symbol KERNEL_LZ4
.config:9639:warning: override: reassigning to symbol KERNEL_ZSTD
.config:9642:warning: override: reassigning to symbol MODULES
.config:9645:warning: override: reassigning to symbol DRM
.config:9646:warning: override: reassigning to symbol SOUND
.config:9647:warning: override: reassigning to symbol STAGING
.config:9649:warning: override: reassigning to symbol MEDIA_SUPPORT
.config:9655:warning: override: reassigning to symbol KCOV
.config:9659:warning: override: reassigning to symbol KFENCE
.config:9660:warning: override: reassigning to symbol UBSAN
.config:9667:warning: override: reassigning to symbol RCU_TORTURE_TEST
.config:9668:warning: override: reassigning to symbol RCU_SCALE_TEST
.config:9669:warning: override: reassigning to symbol LOCK_TORTURE_TEST
.config:9679:warning: override: reassigning to symbol DEBUG_PREEMPT
.config:9680:warning: override: reassigning to symbol DEBUG_ATOMIC_SLEEP
.config:9687:warning: override: reassigning to symbol KUNIT
.config:9695:warning: override: reassigning to symbol OF_UNITTEST
#
# configuration written to .config
#
make[5]: Leaving directory '/tmp/tmp.yacjeaQseD'
make[4]: Leaving directory '/mnt/git-volume/linux-stable'
make[4]: Entering directory '/mnt/git-volume/linux-stable'
make[5]: Entering directory '/mnt/git-volume/kernel-test-stable/build/rand500nsconfig-riscv'
.config:1376:warning: override: reassigning to symbol I2C
.config:1383:warning: override: reassigning to symbol LIST_HARDENED
.config:1393:warning: override: reassigning to symbol EFI_PARAMS_FROM_FDT
.config:1394:warning: override: reassigning to symbol ARCH_PROC_KCORE_TEXT
.config:1399:warning: override: reassigning to symbol OF_IRQ
.config:1417:warning: override: reassigning to symbol EFI_STUB
.config:1419:warning: override: reassigning to symbol NLS
.config:1423:warning: override: reassigning to symbol RISCV_MISALIGNED
.config:1428:warning: override: reassigning to symbol ARCH_HAS_STRICT_KERNEL_RWX
.config:1430:warning: override: reassigning to symbol RCU_EQS_DEBUG
.config:1433:warning: override: reassigning to symbol RISCV_ISA_ZICBOP
.config:1436:warning: override: reassigning to symbol GPIOLIB_LEGACY
.config:1451:warning: override: reassigning to symbol HAVE_KERNEL_LZMA
.config:1453:warning: override: reassigning to symbol DMA_DECLARE_COHERENT
.config:1460:warning: override: reassigning to symbol GCC_ASM_GOTO_OUTPUT_BROKEN
.config:1471:warning: override: reassigning to symbol ARCH_SUPPORTS_DEBUG_PAGEALLOC
.config:1475:warning: override: reassigning to symbol TIMER_PROBE
.config:1484:warning: override: reassigning to symbol HAVE_ARCH_KSTACK_ERASE
.config:1488:warning: override: reassigning to symbol HAVE_KRETPROBES
.config:1513:warning: override: reassigning to symbol ARCH_SPACEMIT
.config:1518:warning: override: reassigning to symbol MTD
.config:1529:warning: override: reassigning to symbol SOFTLOCKUP_DETECTOR
.config:1533:warning: override: reassigning to symbol MFD_MT6397
.config:1542:warning: override: reassigning to symbol HAVE_CLK
.config:1570:warning: override: reassigning to symbol GENERIC_BITREVERSE
.config:1579:warning: override: reassigning to symbol VCPU_STALL_DETECTOR
.config:1585:warning: override: reassigning to symbol KALLSYMS
.config:1600:warning: override: reassigning to symbol ARCH_WANT_GENERAL_HUGETLB
.config:1609:warning: override: reassigning to symbol PSI
.config:1617:warning: override: reassigning to symbol ARCH_HAS_GIGANTIC_PAGE
.config:1622:warning: override: reassigning to symbol HAVE_FTRACE_GRAPH_FUNC
.config:1625:warning: override: reassigning to symbol MULTIUSER
.config:1628:warning: override: reassigning to symbol UEVENT_HELPER
.config:1635:warning: override: reassigning to symbol DUMMY_IRQ
.config:1636:warning: override: reassigning to symbol ARCH_HAS_NON_OVERLAPPING_ADDRESS_SPACE
.config:1645:warning: override: reassigning to symbol MSEAL_SYSTEM_MAPPINGS
.config:1656:warning: override: reassigning to symbol DEBUG_STACK_USAGE
.config:1658:warning: override: reassigning to symbol SYSFB_SIMPLEFB
.config:1665:warning: override: reassigning to symbol HAVE_ARCH_GET_SECUREBOOT
.config:1667:warning: override: reassigning to symbol ARCH_HAS_PREPARE_SYNC_CORE_CMD
.config:1680:warning: override: reassigning to symbol CC_HAS_ASM_INLINE
.config:1688:warning: override: reassigning to symbol RCU_REF_SCALE_TEST
.config:1689:warning: override: reassigning to symbol EVENTFD
.config:1698:warning: override: reassigning to symbol HARDENED_USERCOPY
.config:1716:warning: override: reassigning to symbol LWQ_TEST
.config:1719:warning: override: reassigning to symbol ARCH_SUPPORTS_MSEAL_SYSTEM_MAPPINGS
.config:1745:warning: override: reassigning to symbol BPF_SYSCALL
.config:1760:warning: override: reassigning to symbol ARCH_SUPPORTS_KEXEC_PURGATORY
.config:1762:warning: override: reassigning to symbol SIGNALFD
.config:1765:warning: override: reassigning to symbol IOMMU_SUPPORT
.config:1767:warning: override: reassigning to symbol SECURITY_DMESG_RESTRICT
.config:1770:warning: override: reassigning to symbol UIO
.config:1776:warning: override: reassigning to symbol LIBFDT
.config:1785:warning: override: reassigning to symbol LD_CAN_USE_KEEP_IN_OVERLAY
.config:1793:warning: override: reassigning to symbol HAVE_GENERIC_TIF_BITS
.config:1796:warning: override: reassigning to symbol EPOLL
.config:1797:warning: override: reassigning to symbol PROFILING
.config:1809:warning: override: reassigning to symbol SPARSEMEM_VMEMMAP_ENABLE
.config:1813:warning: override: reassigning to symbol HAVE_PERF_EVENTS
.config:1817:warning: override: reassigning to symbol USER_STACKTRACE_SUPPORT
.config:1824:warning: override: reassigning to symbol ARCH_HAS_VDSO_ARCH_DATA
.config:1837:warning: override: reassigning to symbol ARCH_SUPPORTS_KEXEC
.config:1848:warning: override: reassigning to symbol GENERIC_HWEIGHT
.config:1860:warning: override: reassigning to symbol GCC_NO_STRINGOP_OVERFLOW
.config:1873:warning: override: reassigning to symbol PRINTK
.config:1877:warning: override: reassigning to symbol TTY
.config:1880:warning: override: reassigning to symbol BLK_DEV_INITRD
.config:1884:warning: override: reassigning to symbol BINFMT_ELF
.config:1885:warning: override: reassigning to symbol BINFMT_SCRIPT
.config:1891:warning: override: reassigning to symbol KERNEL_GZIP
.config:1910:warning: override: reassigning to symbol CGROUPS
.config:1914:warning: override: reassigning to symbol PROC_FS
.config:1915:warning: override: reassigning to symbol NET
.config:1917:warning: override: reassigning to symbol TMPFS
.config:1918:warning: override: reassigning to symbol SYSVIPC
.config:1919:warning: override: reassigning to symbol FUTEX
.config:1927:warning: override: reassigning to symbol FPU
#
# configuration written to .config
#
make[5]: Leaving directory '/mnt/git-volume/kernel-test-stable/build/rand500nsconfig-riscv'
make[4]: Leaving directory '/mnt/git-volume/linux-stable'
make[4]: Entering directory '/mnt/git-volume/linux-stable'
make[5]: Entering directory '/mnt/git-volume/kernel-test-stable/build/rand500nsconfig-riscv'
  SYNC    include/config/auto.conf.cmd
  UPD     include/generated/uapi/linux/version.h
  UPD     include/config/kernel.release
  UPD     include/generated/utsrelease.h
  CC      scripts/mod/empty.o
  CC      scripts/mod/devicetable-offsets.s
  MKELF   scripts/mod/elfconfig.h
  HOSTCC  scripts/mod/modpost.o
  HOSTCC  scripts/mod/sumversion.o
  HOSTCC  scripts/mod/symsearch.o
  HOSTCC  scripts/mod/file2alias.o
  HOSTLD  scripts/mod/modpost
  CC      kernel/bounds.s
  UPD     include/generated/bounds.h
  CC      arch/riscv/kernel/asm-offsets.s
  UPD     include/generated/asm-offsets.h
  CC      kernel/sched/rq-offsets.s
  UPD     include/generated/rq-offsets.h
  CALL    /mnt/git-volume/linux-stable/scripts/checksyscalls.sh 
  AS      arch/riscv/kernel/vdso/rt_sigreturn.o
  CC      arch/riscv/kernel/vdso/vgettimeofday.o
  AS      arch/riscv/kernel/vdso/getcpu.o
  AS      arch/riscv/kernel/vdso/flush_icache.o
  AS      arch/riscv/kernel/vdso/sys_hwprobe.o
  CC      arch/riscv/kernel/vdso/hwprobe.o
  CC      arch/riscv/kernel/vdso/getrandom.o
  AS      arch/riscv/kernel/vdso/note.o
  AS      arch/riscv/kernel/vdso/vgetrandom-chacha.o
  VDSOLD  arch/riscv/kernel/vdso/vdso.so.dbg
  VDSOSYM include/generated/vdso-offsets.h
  GEN     usr/initramfs_data.cpio
  COPY    usr/initramfs_inc_data
  AS      usr/initramfs_data.o
  CC      init/main.o
  AR      usr/built-in.a
  AS      arch/riscv/kernel/head.o
  CC      arch/riscv/kernel/soc.o
  CC      kernel/fork.o
  CC      mm/filemap.o
  CC      arch/riscv/kernel/alternative.o
  UPD     init/utsversion-tmp.h
  CC      init/do_mounts.o
  CC      arch/riscv/kernel/cpu.o
  CC      kernel/exec_domain.o
  CC      arch/riscv/kernel/cpufeature.o
  CC      mm/mempool.o
  CC      init/do_mounts_initrd.o
  AS      arch/riscv/kernel/entry.o
  CC      kernel/exec_state.o
  CC      arch/riscv/kernel/irq.o
  CC      kernel/panic.o
  CC      mm/oom_kill.o
  CC      init/initramfs.o
  CC      arch/riscv/kernel/process.o
  CC      kernel/cpu.o
  CC      init/calibrate.o
  CC      mm/fadvise.o
  CC      arch/riscv/kernel/ptrace.o
  CC      init/init_task.o
  CC      kernel/exit.o
  CC      arch/riscv/kernel/reset.o
  CC      mm/maccess.o
  CC      init/version.o
  CC      arch/riscv/kernel/return_address.o
  AR      init/built-in.a
  CC      arch/riscv/kernel/setup.o
  CC      mm/page-writeback.o
  CC      fs/open.o
  CC      kernel/softirq.o
  CC      arch/riscv/kernel/signal.o
  CC      kernel/resource.o
  CC      fs/read_write.o
  CC      mm/folio-compat.o
  CC      arch/riscv/kernel/syscall_table.o
  CC      mm/readahead.o
  CC      kernel/sysctl.o
  CC      arch/riscv/kernel/sys_riscv.o
  CC      fs/file_table.o
  CC      mm/swap.o
  CC      kernel/capability.o
  CC      arch/riscv/kernel/sys_hwprobe.o
  CC      fs/super.o
  CC      kernel/ptrace.o
  CC      mm/truncate.o
  CC      arch/riscv/kernel/time.o
  CC      fs/char_dev.o
  CC      arch/riscv/kernel/traps.o
  CC      mm/vmscan.o
  CC      kernel/user.o
  CC      fs/stat.o
  CC      arch/riscv/kernel/riscv_ksyms.o
  CC      kernel/signal.o
  CC      arch/riscv/kernel/stacktrace.o
  CC      fs/exec.o
  CC      mm/shrinker.o
  CC      arch/riscv/kernel/cacheinfo.o
  CC      kernel/sys.o
  CC      arch/riscv/kernel/patch.o
  CC      mm/shmem.o
  CC      fs/pipe.o
  CC      arch/riscv/kernel/vendor_extensions.o
  CC      arch/riscv/kernel/vdso.o
  CC      mm/util.o
  CC      fs/namei.o
  OBJCOPY arch/riscv/kernel/vdso/vdso.so
  AS      arch/riscv/kernel/vdso/vdso.o
  CC      kernel/umh.o
  AR      arch/riscv/kernel/vdso/built-in.a
  CC      arch/riscv/kernel/traps_misaligned.o
  CC      mm/mmzone.o
  CC      kernel/workqueue.o
  CC      arch/riscv/kernel/unaligned_access_speed.o
  CC      mm/vmstat.o
  CC      fs/fcntl.o
  AS      arch/riscv/kernel/copy-unaligned.o
  AS      arch/riscv/kernel/vec-copy-unaligned.o
  AS      arch/riscv/kernel/fpu.o
  CC      arch/riscv/kernel/kernel_mode_fpu.o
  CC      mm/backing-dev.o
  CC      arch/riscv/kernel/vector.o
  CC      fs/ioctl.o
  CC      arch/riscv/kernel/kernel_mode_vector.o
  CC      kernel/pid.o
  CC      mm/mm_init.o
  CC      arch/riscv/kernel/perf_regs.o
  CC      fs/readdir.o
  CC      kernel/task_work.o
  CC      mm/percpu.o
  CC      arch/riscv/kernel/sbi.o
  CC      fs/select.o
  CC      kernel/extable.o
  CC      arch/riscv/kernel/sbi_ecall.o
  CC      mm/slab_common.o
  CC      arch/riscv/kernel/efi.o
  CC      fs/dcache.o
  CC      kernel/params.o
  CC      arch/riscv/kernel/pi/cmdline_early.o
  CC      mm/compaction.o
  CC      arch/riscv/kernel/pi/fdt_early.o
  CC      kernel/kthread.o
  CC      arch/riscv/kernel/pi/string.o
  CC      arch/riscv/kernel/pi/ctype.o
  CC      arch/riscv/kernel/pi/lib-fdt.o
  CC      arch/riscv/kernel/pi/lib-fdt_ro.o
  CC      fs/inode.o
  CC      mm/show_mem.o
  CC      arch/riscv/kernel/pi/archrandom_early.o
  OBJCOPY arch/riscv/kernel/pi/cmdline_early.pi.o
  OBJCOPY arch/riscv/kernel/pi/fdt_early.pi.o
  OBJCOPY arch/riscv/kernel/pi/string.pi.o
  OBJCOPY arch/riscv/kernel/pi/ctype.pi.o
  OBJCOPY arch/riscv/kernel/pi/lib-fdt.pi.o
  OBJCOPY arch/riscv/kernel/pi/lib-fdt_ro.pi.o
  OBJCOPY arch/riscv/kernel/pi/archrandom_early.pi.o
  AR      arch/riscv/kernel/pi/built-in.a
  CC      arch/riscv/kernel/bugs.o
  CC      kernel/sys_ni.o
  CC      kernel/nsproxy.o
  LDS     arch/riscv/kernel/vmlinux.lds
  AR      arch/riscv/kernel/built-in.a
  CC      arch/riscv/mm/init.o
  CC      mm/interval_tree.o
  CC      fs/attr.o
  CC      kernel/nstree.o
  CC      mm/list_lru.o
  CC      arch/riscv/mm/extable.o
  CC      arch/riscv/mm/fault.o
  CC      fs/bad_inode.o
  CC      mm/workingset.o
  CC      kernel/nscommon.o
  CC      fs/file.o
  CC      kernel/notifier.o
  CC      arch/riscv/mm/pageattr.o
  CC      mm/debug.o
  CC      arch/riscv/mm/pgtable.o
  CC      kernel/ksysfs.o
  CC      fs/filesystems.o
  CC      mm/gup.o
  CC      kernel/cred.o
  CC      arch/riscv/mm/tlbflush.o
  CC      fs/namespace.o
  CC      arch/riscv/mm/cacheflush.o
  CC      kernel/reboot.o
  CC      mm/mmap_lock.o
  CC      arch/riscv/mm/context.o
  CC      mm/vma_init.o
  CC      kernel/async.o
  CC      arch/riscv/mm/pmem.o
  CC      fs/seq_file.o
  AR      arch/riscv/mm/built-in.a
  AR      arch/riscv/errata/built-in.a
  CC      kernel/range.o
  CC      arch/riscv/purgatory/purgatory.o
  CC      arch/riscv/purgatory/sha256.o
  CC      kernel/smpboot.o
  CC      mm/highmem.o
  CC      fs/xattr.o
  CC      mm/memory.o
  AS      arch/riscv/purgatory/entry.o
  CC      kernel/ucount.o
  CC      arch/riscv/purgatory/string.o
  CC      arch/riscv/purgatory/ctype.o
  AS      arch/riscv/purgatory/memcpy.o
  AS      arch/riscv/purgatory/memset.o
  AS      arch/riscv/purgatory/strcmp.o
  AS      arch/riscv/purgatory/strlen.o
  AS      arch/riscv/purgatory/strncmp.o
  AS      arch/riscv/purgatory/strnlen.o
  AS      arch/riscv/purgatory/strchr.o
  AS      arch/riscv/purgatory/strrchr.o
  LD      arch/riscv/purgatory/purgatory.ro
  LD      arch/riscv/purgatory/purgatory.chk
  AS      arch/riscv/purgatory/kexec-purgatory.o
  AR      arch/riscv/purgatory/built-in.a
  AR      arch/riscv/built-in.a
  CC      kernel/regset.o
  CC      ipc/util.o
  CC      kernel/ksyms_common.o
  CC      fs/libfs.o
  CC      ipc/msgutil.o
  CC      kernel/sched/core.o
  CC      mm/mincore.o
  CC      ipc/msg.o
  CC      fs/fs-writeback.o
  CC      mm/mlock.o
  CC      ipc/sem.o
  CC      fs/pnode.o
  CC      kernel/sched/fair.o
  CC      fs/splice.o
  CC      mm/mmap.o
  CC      ipc/shm.o
  CC      mm/mmu_gather.o
  CC      fs/sync.o
  CC      ipc/syscall.o
  CC      kernel/sched/build_policy.o
  CC      mm/mprotect.o
  CC      fs/utimes.o
  CC      ipc/ipc_sysctl.o
  CC      ipc/namespace.o
  CC      fs/d_path.o
  CC      mm/mremap.o
  AR      ipc/built-in.a
  CC      security/commoncap.o
  CC      fs/stack.o
  CC      mm/msync.o
  CC      kernel/sched/build_utility.o
  CC      fs/fs_struct.o
  CC      security/min_addr.o
  CC      mm/page_vma_mapped.o
  CC      fs/statfs.o
  CC      security/device_cgroup.o
  CC      mm/pagewalk.o
  CC      fs/fs_pin.o
  AR      security/built-in.a
  AR      kernel/sched/built-in.a
  CC      kernel/locking/mutex.o
  CC      mm/pgtable-generic.o
  CC      lib/argv_split.o
  CC      fs/nsfs.o
  CC      lib/buildid.o
  CC      mm/rmap.o
  CC      kernel/locking/semaphore.o
  CC      lib/cmdline.o
  CC      fs/fs_dirent.o
  CC      lib/ctype.o
  CC      lib/dec_and_lock.o
  CC      fs/fs_context.o
  CC      kernel/locking/rwsem.o
  CC      lib/decompress.o
  CC      lib/decompress_bunzip2.o
  CC      mm/vmalloc.o
  CC      kernel/locking/percpu-rwsem.o
  CC      lib/decompress_inflate.o
  CC      fs/fs_parser.o
  CC      lib/decompress_unlz4.o
  CC      lib/decompress_unlzma.o
  CC      kernel/locking/rtmutex_api.o
  CC      fs/fsopen.o
  CC      mm/vma.o
  CC      lib/decompress_unlzo.o
  AR      kernel/locking/built-in.a
  CC      fs/init.o
  CC      kernel/power/qos.o
  CC      lib/decompress_unxz.o
  CC      lib/decompress_unzstd.o
  CC      mm/vma_exec.o
  CC      fs/kernel_read_file.o
  CC      kernel/power/process.o
  CC      lib/dump_stack.o
  CC      mm/mseal.o
  CC      fs/mnt_idmapping.o
  CC      lib/earlycpio.o
  CC      lib/extable.o
  AR      kernel/power/built-in.a
  CC      kernel/printk/printk.o
  CC      fs/remap_range.o
  CC      mm/page_alloc.o
  CC      lib/fdt.o
  CC      lib/fdt_addresses.o
  CC      lib/fdt_empty_tree.o
  CC      lib/fdt_ro.o
  CC      lib/fdt_rw.o
  CC      lib/fdt_strerror.o
  CC      fs/pidfs.o
  CC      lib/fdt_sw.o
  CC      lib/fdt_wip.o
  CC      lib/flex_proportions.o
  CC      kernel/printk/printk_safe.o
  CC      lib/idr.o
  CC      mm/page_frag_cache.o
  CC      kernel/printk/nbcon.o
  CC      lib/iomem_copy.o
  CC      fs/file_attr.o
  CC      lib/irq_regs.o
  CC      mm/init-mm.o
  CC      kernel/printk/printk_ringbuffer.o
  CC      lib/is_single_threaded.o
  CC      lib/klist.o
  CC      kernel/printk/sysctl.o
  CC      mm/memblock.o
  CC      fs/fserror.o
  CC      lib/kobject.o
  AR      kernel/printk/built-in.a
  CC      kernel/irq/irqdesc.o
  CC      fs/nullfs.o
  CC      lib/kobject_uevent.o
  CC      mm/slub.o
  CC      fs/proc_namespace.o
  CC      kernel/irq/handle.o
  CC      lib/logic_pio.o
  CC      kernel/irq/manage.o
  CC      fs/anon_inodes.o
  CC      lib/maple_tree.o
  CC      mm/dmapool.o
  CC      fs/signalfd.o
  CC      kernel/irq/spurious.o
  CC      mm/early_ioremap.o
  CC      kernel/irq/resend.o
  CC      fs/binfmt_script.o
  CC      lib/memcat_p.o
  CC      lib/nmi_backtrace.o
  CC      fs/binfmt_elf.o
  CC      kernel/irq/chip.o
  CC      mm/ioremap.o
  CC      lib/objpool.o
  CC      mm/page_counter.o
  CC      kernel/irq/dummychip.o
  CC      lib/plist.o
  CC      lib/radix-tree.o
  CC      fs/drop_caches.o
  CC      mm/usercopy.o
  CC      kernel/irq/devres.o
  CC      fs/sysctls.o
  AR      mm/built-in.a
  CC      arch/riscv/lib/csum.o
  CC      lib/ratelimit.o
  CC      fs/proc/task_mmu.o
  CC      kernel/irq/kexec.o
  CC      arch/riscv/lib/delay.o
  CC      lib/rbtree.o
  AS      arch/riscv/lib/memcpy.o
  AS      arch/riscv/lib/memmove.o
  AS      arch/riscv/lib/memset.o
  CC      arch/riscv/lib/riscv_v_helpers.o
  CC      lib/seq_buf.o
  CC      kernel/irq/irqdomain.o
  CC      lib/siphash.o
  AS      arch/riscv/lib/strchr.o
  AS      arch/riscv/lib/strcmp.o
  AS      arch/riscv/lib/strlen.o
  AS      arch/riscv/lib/strncmp.o
  AS      arch/riscv/lib/strnlen.o
  AS      arch/riscv/lib/strrchr.o
  AS      arch/riscv/lib/uaccess.o
  AS      arch/riscv/lib/uaccess_vector.o
  AR      arch/riscv/lib/lib.a
  CC      fs/proc/inode.o
  CC      drivers/irqchip/irqchip.o
  CC      lib/string.o
  CC      lib/sys_info.o
  CC      kernel/irq/proc.o
  CC      fs/proc/root.o
  CC      drivers/irqchip/irq-msi-lib.o
  CC      lib/timerqueue.o
  CC      kernel/irq/msi.o
  CC      drivers/irqchip/irq-riscv-intc.o
  CC      lib/vsprintf.o
  CC      fs/proc/base.o
  CC      drivers/irqchip/irq-riscv-aplic-main.o
  CC      kernel/irq/matrix.o
  CC      drivers/irqchip/irq-riscv-aplic-direct.o
  CC      fs/proc/generic.o
  AR      kernel/irq/built-in.a
  CC      lib/win_minmax.o
  CC      kernel/rcu/update.o
  CC      drivers/irqchip/irq-riscv-aplic-msi.o
  CC      fs/proc/array.o
  CC      lib/xarray.o
  CC      kernel/rcu/sync.o
  CC      drivers/irqchip/irq-riscv-imsic-state.o
  CC      kernel/rcu/rcu_segcblist.o
  CC      fs/proc/fd.o
  CC      lib/lockref.o
  CC      lib/bcd.o
  CC      lib/sort.o
  CC      kernel/rcu/srcutiny.o
  CC      drivers/irqchip/irq-riscv-imsic-early.o
  CC      lib/parser.o
  CC      lib/debug_locks.o
  CC      fs/proc/proc_tty.o
  CC      kernel/rcu/refscale.o
  CC      drivers/irqchip/irq-riscv-imsic-platform.o
  CC      lib/random32.o
  CC      lib/bust_spinlocks.o
  CC      fs/proc/cmdline.o
  CC      drivers/irqchip/irq-sifive-plic.o
  CC      kernel/rcu/tiny.o
  CC      fs/proc/consoles.o
  CC      lib/kasprintf.o
  CC      lib/bitmap.o
  AR      drivers/irqchip/built-in.a
  CC      fs/proc/cpuinfo.o
  CC      drivers/bus/simple-pm-bus.o
  AR      kernel/rcu/built-in.a
  CC      kernel/dma/mapping.o
  CC      fs/proc/devices.o
  AR      drivers/bus/built-in.a
  AR      drivers/phy/allwinner/built-in.a
  AR      drivers/phy/amlogic/built-in.a
  AR      drivers/phy/apple/built-in.a
  AR      drivers/phy/axiado/built-in.a
  AR      drivers/phy/broadcom/built-in.a
  AR      drivers/phy/cadence/built-in.a
  AR      drivers/phy/canaan/built-in.a
  AR      drivers/phy/eswin/built-in.a
  AR      drivers/phy/freescale/built-in.a
  AR      drivers/phy/hisilicon/built-in.a
  AR      drivers/phy/ingenic/built-in.a
  AR      drivers/phy/intel/built-in.a
  AR      drivers/phy/lantiq/built-in.a
  AR      drivers/phy/marvell/built-in.a
  AR      drivers/phy/mediatek/built-in.a
  AR      drivers/phy/microchip/built-in.a
  AR      drivers/phy/motorola/built-in.a
  AR      drivers/phy/mscc/built-in.a
  AR      drivers/phy/nuvoton/built-in.a
  AR      drivers/phy/qualcomm/built-in.a
  CC      lib/scatterlist.o
  AR      drivers/phy/ralink/built-in.a
  AR      drivers/phy/realtek/built-in.a
  AR      drivers/phy/renesas/built-in.a
  AR      drivers/phy/rockchip/built-in.a
  AR      drivers/phy/samsung/built-in.a
  AR      drivers/phy/socionext/built-in.a
  AR      drivers/phy/sophgo/built-in.a
  CC      drivers/phy/spacemit/phy-k1-pcie.o
  CC      kernel/dma/direct.o
  CC      fs/proc/loadavg.o
  AR      drivers/phy/spacemit/built-in.a
  AR      drivers/phy/st/built-in.a
  AR      drivers/phy/starfive/built-in.a
  AR      drivers/phy/sunplus/built-in.a
  AR      drivers/phy/tegra/built-in.a
  AR      drivers/phy/ti/built-in.a
  CC      lib/list_sort.o
  AR      drivers/phy/xilinx/built-in.a
  CC      drivers/phy/phy-core.o
  CC      lib/uuid.o
  CC      fs/proc/meminfo.o
  CC      kernel/dma/coherent.o
  CC      lib/iov_iter.o
  AR      drivers/phy/built-in.a
  CC      fs/proc/stat.o
  CC      kernel/dma/swiotlb.o
  AR      drivers/pinctrl/actions/built-in.a
  AR      drivers/pinctrl/airoha/built-in.a
  AR      drivers/pinctrl/bcm/built-in.a
  AR      drivers/pinctrl/cirrus/built-in.a
  AR      drivers/pinctrl/cix/built-in.a
  AR      drivers/pinctrl/freescale/built-in.a
  AR      drivers/pinctrl/mediatek/built-in.a
  AR      drivers/pinctrl/microchip/built-in.a
  AR      drivers/pinctrl/mvebu/built-in.a
  AR      drivers/pinctrl/nomadik/built-in.a
  AR      drivers/pinctrl/nuvoton/built-in.a
  AR      drivers/pinctrl/nxp/built-in.a
  AR      drivers/pinctrl/qcom/built-in.a
  AR      drivers/pinctrl/sophgo/built-in.a
  CC      drivers/pinctrl/spacemit/pinctrl-k1.o
  CC      fs/proc/uptime.o
  CC      lib/clz_ctz.o
  CC      lib/bsearch.o
  CC      kernel/dma/remap.o
  CC      fs/proc/util.o
  CC      lib/find_bit.o
  AR      kernel/dma/built-in.a
  CC      kernel/entry/common.o
  AR      drivers/pinctrl/spacemit/built-in.a
  AR      drivers/pinctrl/sprd/built-in.a
  AR      drivers/pinctrl/starfive/built-in.a
  AR      drivers/pinctrl/sunplus/built-in.a
  AR      drivers/pinctrl/tegra/built-in.a
  AR      drivers/pinctrl/ti/built-in.a
  CC      drivers/pinctrl/core.o
  CC      fs/proc/version.o
  CC      lib/llist.o
  CC      lib/lwq.o
  CC      fs/proc/softirqs.o
  CC      kernel/entry/syscall-common.o
  CC      drivers/pinctrl/pinctrl-utils.o
  CC      lib/memweight.o
  CC      lib/kfifo.o
  CC      fs/proc/namespaces.o
  CC      drivers/pinctrl/pinmux.o
  CC      kernel/entry/syscall_user_dispatch.o
  CC      lib/percpu-refcount.o
  CC      fs/proc/self.o
  CC      drivers/pinctrl/pinconf.o
  AR      kernel/entry/built-in.a
  CC      kernel/freezer.o
  CC      fs/proc/thread_self.o
  CC      lib/rhashtable.o
  CC      drivers/pinctrl/pinconf-generic.o
  CC      fs/proc/proc_sysctl.o
  CC      kernel/time/time.o
  CC      drivers/pinctrl/pinctrl-generic.o
  CC      lib/base64.o
  CC      lib/once.o
  CC      drivers/pinctrl/devicetree.o
  CC      lib/refcount.o
  CC      kernel/time/timer.o
  CC      fs/proc/proc_net.o
  CC      lib/rcuref.o
  CC      lib/usercopy.o
  CC      drivers/pinctrl/pinctrl-tps6594.o
  CC      lib/errseq.o
  CC      kernel/time/hrtimer.o
  CC      lib/bucket_locks.o
  CC      fs/proc/kmsg.o
  AR      drivers/pinctrl/built-in.a
  CC      drivers/gpio/gpiolib.o
  CC      lib/generic-radix-tree.o
  CC      fs/proc/page.o
  CC      kernel/time/sleep_timeout.o
  CC      lib/bitmap-str.o
  AR      fs/proc/built-in.a
  CC      fs/kernfs/mount.o
  CC      kernel/time/timekeeping.o
  CC      lib/string_helpers.o
  CC      drivers/gpio/gpiolib-devres.o
  CC      lib/hexdump.o
  CC      fs/kernfs/inode.o
  CC      lib/kstrtox.o
  CC      drivers/gpio/gpiolib-legacy.o
  CC      kernel/time/ntp.o
  CC      lib/math/div64.o
  CC      lib/math/gcd.o
  CC      lib/math/lcm.o
  CC      fs/kernfs/dir.o
  CC      lib/math/int_log.o
  CC      lib/math/int_pow.o
  CC      lib/math/int_sqrt.o
  CC      drivers/gpio/gpiolib-of.o
  CC      lib/math/reciprocal_div.o
  CC      lib/math/rational.o
  CC      kernel/time/clocksource.o
  AR      lib/math/built-in.a
  CC      lib/crc/crc32-main.o
  CC      drivers/gpio/gpiolib-cdev.o
  CC      fs/kernfs/file.o
  CC      kernel/time/jiffies.o
  CC      lib/crc/crc8.o
  CC      kernel/time/timer_list.o
  AR      lib/crc/built-in.a
  CC      lib/crypto/blake2s.o
  CC      drivers/gpio/gpiolib-swnode.o
  CC      fs/kernfs/symlink.o
  CC      kernel/time/timeconv.o
  CC      drivers/gpio/gpio-regmap.o
  CC      lib/crypto/chacha-block-generic.o
  AR      fs/kernfs/built-in.a
  CC      fs/configfs/inode.o
  CC      lib/crypto/sha1.o
  CC      kernel/time/timecounter.o
  CC      kernel/time/alarmtimer.o
  CC      drivers/gpio/gpio-mmio.o
  CC      lib/crypto/sha256.o
  CC      fs/configfs/file.o
  CC      kernel/time/posix-stubs.o
  AR      lib/crypto/built-in.a
  CC      lib/vdso/datastore.o
  CC      drivers/gpio/gpio-bd9571mwv.o
  CC      fs/configfs/dir.o
  CC      kernel/time/clockevents.o
  AR      lib/vdso/built-in.a
  CC      lib/iomap_copy.o
  CC      drivers/gpio/gpio-dwapb.o
  CC      lib/devres.o
  CC      kernel/time/tick-common.o
  CC      fs/configfs/symlink.o
  CC      drivers/gpio/gpio-tps65219.o
  CC      lib/hweight.o
  CC      fs/configfs/mount.o
  CC      lib/bitrev.o
  CC      kernel/time/sched_clock.o
  CC      drivers/gpio/gpio-virtuser.o
  CC      kernel/time/vsyscall.o
  CC      lib/xxhash.o
  CC      fs/configfs/item.o
  CC      kernel/time/timekeeping_debug.o
  AR      fs/configfs/built-in.a
  CC      lib/zlib_inflate/inffast.o
  CC      fs/devpts/inode.o
  CC      lib/zlib_inflate/inflate.o
  AR      drivers/gpio/built-in.a
  CC      drivers/pci/of.o
  CC      lib/zlib_inflate/infutil.o
  CC      kernel/time/namespace.o
  CC      lib/zlib_inflate/inftrees.o
  AR      drivers/pci/built-in.a
  CC      drivers/video/console/dummycon.o
  CC      lib/zlib_inflate/inflate_syms.o
  AR      fs/devpts/built-in.a
  CC      fs/ramfs/inode.o
  CC      kernel/time/namespace_vdso.o
  AR      lib/zlib_inflate/built-in.a
  CC      lib/lzo/lzo1x_decompress_safe.o
  AR      drivers/video/console/built-in.a
  CC      drivers/video/screen_info_generic.o
  AR      kernel/time/built-in.a
  CC      kernel/futex/core.o
  AR      drivers/video/built-in.a
  CC      fs/ramfs/file-mmu.o
  CC      drivers/clk/clk-devres.o
  AR      lib/lzo/built-in.a
  CC      lib/lz4/lz4_decompress.o
  CC      drivers/clk/clk-bulk.o
  AR      fs/ramfs/built-in.a
  CC      fs/nls/nls_base.o
  CC      kernel/futex/syscalls.o
  CC      drivers/clk/clkdev.o
  CC      fs/nls/nls_cp861.o
  AR      lib/lz4/built-in.a
  CC      lib/zstd/zstd_decompress_module.o
  CC      kernel/futex/pi.o
  CC      drivers/clk/clk.o
  CC      fs/nls/nls_cp863.o
  CC      lib/zstd/decompress/huf_decompress.o
  CC      lib/zstd/decompress/zstd_ddict.o
  CC      lib/zstd/decompress/zstd_decompress.o
  CC      lib/zstd/decompress/zstd_decompress_block.o
  CC      lib/zstd/zstd_common_module.o
  AR      fs/nls/built-in.a
  CC      fs/debugfs/inode.o
  CC      kernel/futex/requeue.o
  CC      lib/zstd/common/debug.o
  CC      lib/zstd/common/entropy_common.o
  CC      lib/zstd/common/error_private.o
  CC      lib/zstd/common/fse_decompress.o
  CC      lib/zstd/common/zstd_common.o
  AR      lib/zstd/built-in.a
  CC      lib/xz/xz_dec_syms.o
  CC      kernel/futex/waitwake.o
  CC      drivers/clk/clk-divider.o
  CC      fs/debugfs/file.o
  CC      lib/xz/xz_dec_stream.o
  AR      kernel/futex/built-in.a
  CC      kernel/up.o
  CC      lib/xz/xz_dec_lzma2.o
  CC      drivers/clk/clk-fixed-factor.o
  AR      fs/debugfs/built-in.a
  CC      fs/eventpoll.o
  CC      lib/xz/xz_dec_bcj.o
  CC      kernel/kallsyms.o
  CC      drivers/clk/clk-fixed-rate.o
  AR      lib/xz/built-in.a
  CC      lib/syscall.o
  CC      drivers/clk/clk-gate.o
  CC      lib/nlattr.o
  CC      kernel/cgroup/cgroup.o
  CC      fs/eventfd.o
  CC      drivers/clk/clk-multiplier.o
  CC      drivers/clk/clk-mux.o
  CC      lib/checksum.o
  AR      fs/built-in.a
  CC      net/devres.o
  CC      lib/dim/dim.o
  CC      drivers/clk/clk-composite.o
  CC      lib/dim/net_dim.o
  CC      drivers/clk/clk-fractional-divider.o
  CC      net/socket.o
  CC      kernel/cgroup/rstat.o
  CC      drivers/clk/clk-gpio.o
  CC      lib/dim/rdma_dim.o
  CC      kernel/cgroup/namespace.o
  CC      drivers/clk/clk-conf.o
  AR      lib/dim/built-in.a
  CC      lib/strncpy_from_user.o
  CC      lib/strnlen_user.o
  CC      kernel/cgroup/cgroup-v1.o
  CC      drivers/clk/clk-si521xx.o
  CC      net/core/sock.o
  CC      lib/net_utils.o
  CC      drivers/clk/clk-versaclock3.o
  CC      kernel/cgroup/freezer.o
  CC      lib/fonts/fonts.o
  CC      lib/fonts/font_8x16.o
  AR      drivers/clk/built-in.a
  AR      drivers/virtio/built-in.a
  CC      kernel/cgroup/legacy_freezer.o
  CC      drivers/tty/tty_io.o
  CC      net/core/skbuff.o
  AR      lib/fonts/built-in.a
  CC      lib/ucs2_string.o
  CC      kernel/cgroup/dmem.o
  CC      lib/group_cpus.o
  CC      drivers/tty/n_tty.o
  AR      kernel/cgroup/built-in.a
  CC      kernel/utsname_sysctl.o
  CC      lib/devmem_is_allowed.o
  CC      kernel/irq_work.o
  CC      lib/list_debug.o
  AR      lib/lib.a
  CC      drivers/tty/tty_ioctl.o
  AR      lib/built-in.a
  CC      kernel/iomem.o
  CC      kernel/bpf/core.o
  CC      kernel/bpf/syscall.o
  CC      drivers/tty/tty_ldisc.o
  CC      net/core/datagram.o
  CC      drivers/tty/tty_buffer.o
  CC      kernel/bpf/verifier.o
  CC      drivers/tty/tty_port.o
  CC      net/core/stream.o
  CC      drivers/tty/tty_mutex.o
  CC      kernel/bpf/inode.o
  CC      drivers/tty/tty_ldsem.o
  CC      net/core/scm.o
  CC      drivers/tty/tty_baudrate.o
  CC      kernel/bpf/helpers.o
  CC      drivers/tty/tty_jobctrl.o
  CC      net/core/gen_stats.o
  CC      drivers/tty/n_null.o
  CC      drivers/tty/pty.o
  CC      net/core/gen_estimator.o
  CC      kernel/bpf/tnum.o
  CC      kernel/bpf/cnum.o
  CC      kernel/bpf/log.o
  CC      drivers/tty/vt/vt_ioctl.o
  CC      net/core/net_namespace.o
  CC      drivers/tty/vt/vc_screen.o
  CC      kernel/bpf/token.o
  CC      drivers/tty/serial/serial_core.o
  CC      drivers/tty/vt/selection.o
  CC      net/core/secure_seq.o
  CC      kernel/bpf/liveness.o
  CC      drivers/tty/vt/keyboard.o
  CC      drivers/tty/serial/serial_base_bus.o
  CC      net/core/flow_dissector.o
  CC      drivers/tty/serial/serial_ctrl.o
  CC      drivers/tty/vt/vt.o
  CC      kernel/bpf/const_fold.o
  CC      drivers/tty/serial/serial_port.o
  CC      kernel/bpf/bpf_iter.o
  CC      net/core/sysctl_net_core.o
  CC      drivers/tty/serial/earlycon.o
  CC      drivers/tty/vt/defkeymap.o
  CC      drivers/tty/vt/consolemap.o
  CC      kernel/bpf/map_iter.o
  CC      drivers/tty/serial/8250/8250_core.o
  CC      net/core/dev.o
  CC      drivers/tty/vt/consolemap_deftbl.o
  CC      drivers/tty/vt/ucs.o
  AR      drivers/tty/vt/built-in.a
  CC      drivers/tty/serial/8250/8250_platform.o
  CC      kernel/bpf/task_iter.o
  CC      drivers/tty/serial/8250/8250_port.o
  CC      drivers/tty/serial/8250/8250_early.o
  CC      kernel/bpf/prog_iter.o
  CC      drivers/tty/serial/8250/8250_of.o
  CC      kernel/bpf/link_iter.o
  CC      kernel/bpf/hashtab.o
  AR      drivers/tty/serial/8250/built-in.a
  CC      drivers/tty/serial/serial_mctrl_gpio.o
  CC      kernel/bpf/arraymap.o
  AR      drivers/tty/serial/built-in.a
  AR      drivers/tty/built-in.a
  CC      drivers/char/mem.o
  CC      net/core/dev_api.o
  CC      drivers/char/random.o
  CC      drivers/char/misc.o
  CC      kernel/bpf/percpu_freelist.o
  CC      net/core/dev_addr_lists.o
  CC      kernel/bpf/bpf_lru_list.o
  CC      kernel/bpf/lpm_trie.o
  CC      kernel/bpf/map_in_map.o
  AR      drivers/char/built-in.a
  CC      drivers/iommu/riscv/iommu.o
  CC      net/core/dst.o
  CC      drivers/iommu/riscv/iommu-platform.o
  CC      kernel/bpf/bloom_filter.o
  CC      kernel/bpf/local_storage.o
  CC      kernel/bpf/queue_stack_maps.o
  AR      drivers/iommu/riscv/built-in.a
  CC      drivers/iommu/generic_pt/fmt/iommu_riscv64.o
  CC      net/core/netevent.o
  CC      kernel/bpf/ringbuf.o
  CC      kernel/bpf/bpf_insn_array.o
  CC      net/core/neighbour.o
  AR      drivers/iommu/generic_pt/fmt/built-in.a
  CC      drivers/iommu/iommu.o
  CC      kernel/bpf/bpf_local_storage.o
  CC      drivers/iommu/iommu-pages.o
  CC      drivers/iommu/iommu-traces.o
  CC      drivers/iommu/iommu-sysfs.o
  CC      drivers/iommu/of_iommu.o
  CC      kernel/bpf/bpf_task_storage.o
  CC      net/core/rtnetlink.o
  CC      net/core/utils.o
  AR      drivers/iommu/built-in.a
  AR      drivers/gpu/built-in.a
  CC      drivers/base/component.o
  CC      kernel/bpf/fixups.o
  CC      drivers/base/core.o
  CC      drivers/base/bus.o
  CC      drivers/base/dd.o
  CC      net/core/link_watch.o
  CC      kernel/bpf/cfg.o
  CC      drivers/base/syscore.o
  CC      drivers/base/driver.o
  CC      net/core/filter.o
  CC      kernel/bpf/states.o
  CC      net/core/sock_diag.o
  CC      drivers/base/class.o
  CC      drivers/base/platform.o
  CC      net/core/dev_ioctl.o
  CC      kernel/bpf/backtrack.o
  CC      drivers/base/cpu.o
  CC      net/core/tso.o
  CC      kernel/bpf/check_btf.o
  CC      drivers/base/firmware.o
  CC      drivers/base/init.o
  CC      kernel/bpf/disasm.o
  CC      net/core/sock_reuseport.o
  CC      drivers/base/map.o
  CC      net/core/fib_notifier.o
  CC      drivers/base/devres.o
  CC      kernel/bpf/mprog.o
  CC      drivers/base/attribute_container.o
  CC      net/core/xdp.o
  CC      net/core/flow_offload.o
  CC      kernel/bpf/btf.o
  CC      drivers/base/transport_class.o
  CC      drivers/base/topology.o
  CC      net/core/gro.o
  CC      net/core/netdev-genl.o
  CC      drivers/base/container.o
  CC      drivers/base/property.o
  CC      net/core/netdev-genl-gen.o
  CC      net/core/netdev_work.o
  CC      drivers/base/cacheinfo.o
  CC      net/core/gso.o
  CC      kernel/bpf/memalloc.o
  CC      net/core/net-sysfs.o
  CC      drivers/base/swnode.o
  CC      net/core/hotdata.o
  CC      drivers/base/faux.o
  CC      kernel/bpf/rqspinlock.o
  CC      net/core/netdev_config.o
  CC      drivers/base/power/clock_ops.o
  CC      kernel/bpf/stream.o
  CC      net/core/netdev_rx_queue.o
  AR      drivers/base/power/built-in.a
  CC      net/core/netdev_queues.o
  CC      drivers/base/firmware_loader/builtin/main.o
  AR      drivers/base/firmware_loader/builtin/built-in.a
  AR      drivers/base/firmware_loader/built-in.a
  CC      drivers/base/regmap/regmap.o
  CC      kernel/bpf/arena.o
  CC      drivers/base/regmap/regcache.o
  CC      net/core/page_pool.o
  CC      drivers/base/regmap/regcache-rbtree.o
  CC      drivers/base/regmap/regcache-flat.o
  CC      kernel/bpf/range_tree.o
  CC      drivers/base/regmap/regcache-maple.o
  CC      drivers/base/regmap/regmap-debugfs.o
  CC      net/core/page_pool_user.o
  CC      kernel/bpf/devmap.o
  CC      drivers/base/regmap/regmap-i2c.o
  CC      drivers/base/regmap/regmap-irq.o
  CC      net/core/net-procfs.o
  CC      net/core/dst_cache.o
  AR      drivers/base/regmap/built-in.a
  CC      drivers/base/platform-msi.o
  CC      kernel/bpf/cpumap.o
  CC      drivers/base/arch_topology.o
  CC      net/core/gro_cells.o
  CC      net/core/skmsg.o
  CC      kernel/bpf/offload.o
  CC      drivers/base/pinctrl.o
  CC      net/core/sock_map.o
  AR      drivers/base/built-in.a
  CC      drivers/misc/altera-stapl/altera-jtag.o
  CC      kernel/bpf/net_namespace.o
  CC      net/core/bpf_sk_storage.o
  CC      drivers/misc/altera-stapl/altera-comp.o
  CC      drivers/misc/altera-stapl/altera.o
  CC      net/core/of_net.o
  CC      kernel/bpf/tcx.o
  CC      kernel/bpf/cgroup_iter.o
  CC      drivers/misc/altera-stapl/altera-lpt.o
  AR      net/core/built-in.a
  CC      net/ethernet/eth.o
  AR      drivers/misc/altera-stapl/built-in.a
  CC      drivers/misc/dummy-irq.o
  CC      kernel/bpf/bpf_cgrp_storage.o
  CC      kernel/bpf/reuseport_array.o
  CC      drivers/misc/apds9802als.o
  AR      net/ethernet/built-in.a
  CC      net/sched/sch_generic.o
  CC      kernel/bpf/relo_core.o
  CC      kernel/bpf/btf_iter.o
  CC      drivers/misc/vcpu_stall_detector.o
  CC      kernel/bpf/btf_relocate.o
  CC      drivers/misc/tps6594-esm.o
  CC      drivers/misc/tps6594-pfsm.o
  CC      net/sched/sch_mq.o
  CC      net/sched/sch_frag.o
  AR      drivers/misc/built-in.a
  CC      drivers/mfd/mfd-core.o
  CC      kernel/bpf/kmem_cache_iter.o
  CC      drivers/mfd/bcm590xx.o
  AR      kernel/bpf/built-in.a
  CC      kernel/groups.o
  CC      drivers/mfd/bd9571mwv.o
  AR      net/sched/built-in.a
  CC      net/netlink/af_netlink.o
  CC      drivers/mfd/cs40l50-core.o
  CC      kernel/profile.o
  CC      kernel/utsname.o
  CC      drivers/mfd/cs40l50-i2c.o
  CC      kernel/user_namespace.o
  CC      kernel/pid_namespace.o
  CC      net/netlink/genetlink.o
  CC      drivers/mfd/tps65219.o
  CC      kernel/watchdog.o
  CC      kernel/torture.o
  CC      drivers/mfd/tps6594-core.o
  CC      drivers/mfd/tps6594-i2c.o
  AR      kernel/built-in.a
  CC      drivers/mfd/mt6397-core.o
  CC      net/netlink/policy.o
  CC      drivers/mfd/mt6397-irq.o
  CC      drivers/mfd/mt6358-irq.o
  CC      drivers/mfd/stpmic1.o
  AR      net/netlink/built-in.a
  CC      net/bpf/test_run.o
  CC      drivers/mfd/rohm-bd9576.o
  CC      drivers/mfd/simple-mfd-i2c.o
  CC      net/ethtool/ioctl.o
  CC      net/ethtool/common.o
  AR      drivers/mfd/built-in.a
  AR      drivers/scsi/built-in.a
  CC      drivers/mtd/parsers/ofpart_core.o
  AR      drivers/mtd/parsers/built-in.a
  CC      drivers/mtd/chips/chipreg.o
  AR      net/bpf/built-in.a
  CC      net/ipv4/route.o
  CC      net/ipv4/inetpeer.o
  CC      drivers/mtd/chips/cfi_util.o
  CC      net/ethtool/netlink.o
  CC      drivers/mtd/chips/cfi_cmdset_0020.o
  CC      drivers/mtd/chips/gen_probe.o
  CC      net/ethtool/bitset.o
  CC      net/ipv4/protocol.o
  CC      drivers/mtd/chips/jedec_probe.o
  CC      net/ipv4/ip_input.o
  AR      drivers/mtd/chips/built-in.a
  AR      drivers/mtd/lpddr/built-in.a
  AR      drivers/mtd/maps/built-in.a
  AR      drivers/mtd/devices/built-in.a
  AR      drivers/mtd/nand/onenand/built-in.a
  AR      drivers/mtd/nand/raw/ingenic/built-in.a
  CC      net/ethtool/strset.o
  AR      drivers/mtd/nand/raw/built-in.a
  AR      drivers/mtd/nand/spi/built-in.a
  AR      drivers/mtd/nand/built-in.a
  AR      drivers/mtd/tests/built-in.a
  CC      drivers/mtd/mtdcore.o
  CC      drivers/mtd/mtdsuper.o
  CC      drivers/mtd/mtdconcat.o
  CC      net/ipv4/ip_fragment.o
  CC      net/ethtool/linkinfo.o
  CC      net/ipv4/ip_forward.o
  CC      drivers/mtd/mtdpart.o
  CC      net/ethtool/linkmodes.o
  CC      net/ipv4/ip_options.o
  CC      drivers/mtd/mtdchar.o
  CC      net/ipv6/af_inet6.o
  CC      net/ethtool/rss.o
  AR      drivers/mtd/built-in.a
  CC      drivers/net/loopback.o
  CC      net/ipv4/ip_output.o
  CC      net/ipv6/anycast.o
  AR      drivers/net/built-in.a
  CC      drivers/uio/uio.o
  CC      net/ethtool/linkstate.o
  CC      net/ipv6/ip6_output.o
  AR      drivers/uio/built-in.a
  CC      drivers/input/serio/serio.o
  CC      net/ipv4/ip_sockglue.o
  CC      net/ethtool/debug.o
  CC      drivers/input/serio/serport.o
  CC      net/ethtool/wol.o
  CC      drivers/input/serio/libps2.o
  CC      net/ipv4/inet_hashtables.o
  CC      net/ipv6/ip6_input.o
  CC      drivers/input/serio/apbps2.o
  CC      net/ethtool/features.o
  AR      drivers/input/serio/built-in.a
  CC      drivers/input/input.o
  CC      net/ipv6/addrconf.o
  CC      net/ipv4/inet_timewait_sock.o
  CC      net/ethtool/privflags.o
  CC      drivers/input/input-compat.o
  CC      net/ethtool/rings.o
  CC      net/ipv4/inet_connection_sock.o
  CC      drivers/input/input-mt.o
  CC      drivers/input/input-poller.o
  CC      net/ethtool/channels.o
  CC      net/ipv6/addrlabel.o
  CC      drivers/input/ff-core.o
  CC      net/ipv4/tcp.o
  CC      drivers/input/touchscreen.o
  CC      net/ethtool/coalesce.o
  CC      net/ipv6/route.o
  CC      drivers/input/touch-overlay.o
  CC      drivers/input/matrix-keymap.o
  CC      net/ethtool/pause.o
  CC      drivers/input/vivaldi-fmap.o
  CC      net/ipv4/tcp_input.o
  CC      drivers/input/keyboard/atkbd.o
  CC      net/ethtool/eee.o
  CC      net/ipv6/ip6_fib.o
  AR      drivers/input/keyboard/built-in.a
  CC      drivers/input/mouse/psmouse-base.o
  CC      net/ethtool/tsinfo.o
  CC      drivers/input/mouse/synaptics.o
  CC      net/ipv6/ipv6_sockglue.o
  CC      net/ethtool/cabletest.o
  CC      net/ipv4/tcp_output.o
  CC      drivers/input/mouse/focaltech.o
  CC      net/ethtool/tunnels.o
  CC      net/ipv6/ndisc.o
  CC      drivers/input/mouse/alps.o
  CC      net/ethtool/fec.o
  CC      drivers/input/mouse/byd.o
  CC      net/ipv6/udp.o
  CC      net/ipv4/tcp_timer.o
  CC      drivers/input/mouse/logips2pp.o
  CC      net/ethtool/eeprom.o
  CC      drivers/input/mouse/trackpoint.o
  CC      net/ethtool/stats.o
  CC      net/ipv4/tcp_ipv4.o
  CC      drivers/input/mouse/cypress_ps2.o
  CC      net/ipv6/raw.o
  CC      drivers/input/mouse/psmouse-smbus.o
  CC      net/ethtool/phc_vclocks.o
  AR      drivers/input/mouse/built-in.a
  AR      drivers/input/built-in.a
  CC      drivers/i2c/busses/i2c-k1.o
  CC      net/ipv6/icmp.o
  CC      net/ipv4/tcp_minisocks.o
  CC      net/ethtool/mm.o
  AR      drivers/i2c/busses/built-in.a
  CC      drivers/i2c/i2c-boardinfo.o
  CC      net/ethtool/module.o
  CC      drivers/i2c/i2c-core-base.o
  CC      net/ipv6/mcast.o
  CC      net/ipv4/tcp_cong.o
  CC      net/ethtool/cmis_fw_update.o
  CC      drivers/i2c/i2c-core-smbus.o
  CC      net/ipv4/tcp_metrics.o
  CC      net/ethtool/cmis_cdb.o
  CC      drivers/i2c/i2c-core-of.o
  CC      net/ipv6/reassembly.o
  CC      net/ipv4/tcp_fastopen.o
  AR      drivers/i2c/built-in.a
  AR      drivers/media/rc/keymaps/built-in.a
  AR      drivers/media/rc/built-in.a
  CC      net/ethtool/pse-pd.o
  CC      net/ipv6/tcp_ipv6.o
  AR      drivers/media/built-in.a
  CC      drivers/firmware/cirrus/cs_dsp.o
  CC      net/ethtool/plca.o
  CC      net/ipv4/tcp_recovery.o
  AR      drivers/firmware/cirrus/built-in.a
  CC      drivers/firmware/efi/efi.o
  CC      net/ipv6/ping.o
  CC      net/ethtool/phy.o
  CC      net/ipv4/tcp_ulp.o
  CC      drivers/firmware/efi/vars.o
  CC      net/ipv6/exthdrs.o
  CC      net/ethtool/tsconfig.o
  CC      drivers/firmware/efi/reboot.o
  CC      net/ipv4/tcp_offload.o
  CC      drivers/firmware/efi/memattr.o
  CC      net/ethtool/mse.o
  CC      net/ipv6/datagram.o
  CC      drivers/firmware/efi/tpm.o
  CC      net/ipv4/tcp_plb.o
  CC      drivers/firmware/efi/memmap.o
  AR      net/ethtool/built-in.a
  CC      drivers/firmware/efi/fdtparams.o
  CC      net/ipv6/ip6_flowlabel.o
  CC      net/sysctl_net.o
  CC      drivers/firmware/efi/esrt.o
  CC      net/ipv4/datagram.o
  CC      drivers/firmware/efi/runtime-wrappers.o
  CC      net/ipv6/inet6_connection_sock.o
  CC      drivers/firmware/efi/efi-init.o
  CC      drivers/firmware/efi/riscv-runtime.o
  CC      net/ipv4/raw.o
  CC      drivers/firmware/efi/earlycon.o
  CC      net/ipv6/udp_offload.o
  CC      drivers/firmware/efi/sysfb_efi.o
  CC      net/ipv4/udp.o
  AR      drivers/firmware/efi/built-in.a
  CC      net/ipv4/udp_offload.o
  CC      drivers/firmware/efi/libstub/alignedmem.o
  CC      net/ipv6/seg6.o
  CC      drivers/firmware/efi/libstub/efi-stub-entry.o
  CC      net/ipv6/fib6_notifier.o
  CC      drivers/firmware/efi/libstub/efi-stub-helper.o
  CC      net/ipv4/arp.o
  CC      drivers/firmware/efi/libstub/efi-stub.o
  CC      drivers/firmware/efi/libstub/fdt.o
  CC      net/ipv6/rpl.o
  CC      net/ipv6/ioam6.o
  CC      drivers/firmware/efi/libstub/file.o
  CC      net/ipv4/icmp.o
  CC      net/ipv6/sysctl_net_ipv6.o
  CC      drivers/firmware/efi/libstub/gop.o
  CC      net/ipv6/proc.o
  CC      net/ipv6/sit.o
  CC      drivers/firmware/efi/libstub/intrinsics.o
  CC      net/ipv4/devinet.o
  CC      drivers/firmware/efi/libstub/kaslr.o
  CC      net/ipv6/addrconf_core.o
  CC      net/ipv6/exthdrs_core.o
  CC      drivers/firmware/efi/libstub/lib-cmdline.o
  CC      drivers/firmware/efi/libstub/lib-ctype.o
  CC      drivers/firmware/efi/libstub/lib-fdt.o
  CC      drivers/firmware/efi/libstub/lib-fdt_empty_tree.o
  CC      drivers/firmware/efi/libstub/lib-fdt_ro.o
  CC      net/ipv6/ip6_checksum.o
  CC      drivers/firmware/efi/libstub/lib-fdt_rw.o
  CC      net/ipv4/af_inet.o
  CC      drivers/firmware/efi/libstub/lib-fdt_sw.o
  CC      drivers/firmware/efi/libstub/lib-fdt_wip.o
  CC      drivers/firmware/efi/libstub/mem.o
  CC      net/ipv6/ip6_icmp.o
  CC      net/ipv6/output_core.o
  CC      drivers/firmware/efi/libstub/pci.o
  CC      net/ipv6/protocol.o
  CC      net/ipv4/igmp.o
  CC      net/ipv6/ip6_offload.o
  CC      drivers/firmware/efi/libstub/primary_display.o
  CC      net/ipv6/exthdrs_offload.o
  CC      drivers/firmware/efi/libstub/printk.o
  CC      net/ipv6/inet6_hashtables.o
  CC      net/ipv4/fib_frontend.o
  CC      net/ipv4/fib_semantics.o
  CC      drivers/firmware/efi/libstub/random.o
  CC      drivers/firmware/efi/libstub/randomalloc.o
  CC      net/ipv6/mcast_snoop.o
  CC      net/ipv4/fib_trie.o
  CC      net/ipv4/fib_notifier.o
  CC      drivers/firmware/efi/libstub/riscv-stub.o
  AR      net/ipv6/built-in.a
  CC      drivers/firmware/efi/libstub/riscv.o
  CC      drivers/firmware/efi/libstub/secureboot.o
  CC      net/ipv4/inet_fragment.o
  CC      drivers/firmware/efi/libstub/skip_spaces.o
  CC      drivers/firmware/efi/libstub/string.o
  CC      net/ipv4/ping.o
  CC      net/ipv4/ip_tunnel_core.o
  CC      drivers/firmware/efi/libstub/systable.o
  CC      net/ipv4/gre_offload.o
  CC      drivers/firmware/efi/libstub/tpm.o
  CC      net/ipv4/metrics.o
  CC      net/ipv4/netlink.o
  CC      drivers/firmware/efi/libstub/vsprintf.o
  STUBCPY drivers/firmware/efi/libstub/alignedmem.stub.o
  STUBCPY drivers/firmware/efi/libstub/efi-stub-entry.stub.o
  STUBCPY drivers/firmware/efi/libstub/efi-stub-helper.stub.o
  STUBCPY drivers/firmware/efi/libstub/efi-stub.stub.o
  STUBCPY drivers/firmware/efi/libstub/fdt.stub.o
  STUBCPY drivers/firmware/efi/libstub/file.stub.o
  STUBCPY drivers/firmware/efi/libstub/gop.stub.o
  STUBCPY drivers/firmware/efi/libstub/intrinsics.stub.o
  STUBCPY drivers/firmware/efi/libstub/kaslr.stub.o
  STUBCPY drivers/firmware/efi/libstub/lib-cmdline.stub.o
  STUBCPY drivers/firmware/efi/libstub/lib-ctype.stub.o
  STUBCPY drivers/firmware/efi/libstub/lib-fdt.stub.o
  STUBCPY drivers/firmware/efi/libstub/lib-fdt_empty_tree.stub.o
  STUBCPY drivers/firmware/efi/libstub/lib-fdt_ro.stub.o
  CC      net/ipv4/nexthop.o
  STUBCPY drivers/firmware/efi/libstub/lib-fdt_rw.stub.o
  STUBCPY drivers/firmware/efi/libstub/lib-fdt_sw.stub.o
  STUBCPY drivers/firmware/efi/libstub/lib-fdt_wip.stub.o
  STUBCPY drivers/firmware/efi/libstub/mem.stub.o
  STUBCPY drivers/firmware/efi/libstub/pci.stub.o
  STUBCPY drivers/firmware/efi/libstub/primary_display.stub.o
  STUBCPY drivers/firmware/efi/libstub/printk.stub.o
  STUBCPY drivers/firmware/efi/libstub/random.stub.o
  STUBCPY drivers/firmware/efi/libstub/randomalloc.stub.o
  STUBCPY drivers/firmware/efi/libstub/riscv-stub.stub.o
  STUBCPY drivers/firmware/efi/libstub/riscv.stub.o
  STUBCPY drivers/firmware/efi/libstub/secureboot.stub.o
  STUBCPY drivers/firmware/efi/libstub/skip_spaces.stub.o
  STUBCPY drivers/firmware/efi/libstub/string.stub.o
  STUBCPY drivers/firmware/efi/libstub/systable.stub.o
  STUBCPY drivers/firmware/efi/libstub/tpm.stub.o
  STUBCPY drivers/firmware/efi/libstub/vsprintf.stub.o
  AR      drivers/firmware/efi/libstub/lib.a
  CC      drivers/firmware/sysfb.o
  CC      net/ipv4/udp_tunnel_stub.o
  CC      drivers/firmware/sysfb_simplefb.o
  CC      net/ipv4/ip_tunnel.o
  CC      net/ipv4/sysctl_net_ipv4.o
  AR      drivers/firmware/built-in.a
  CC      drivers/clocksource/timer-of.o
  CC      drivers/clocksource/timer-probe.o
  CC      net/ipv4/proc.o
  CC      net/ipv4/tunnel4.o
  CC      drivers/clocksource/timer-riscv.o
  CC      net/ipv4/inet_diag.o
  AR      drivers/clocksource/built-in.a
  CC      drivers/hid/hid-core.o
  CC      net/ipv4/tcp_diag.o
  CC      net/ipv4/tcp_cubic.o
  CC      net/ipv4/tcp_bpf.o
  CC      drivers/hid/hid-input.o
  CC      net/ipv4/udp_bpf.o
  CC      drivers/hid/hid-quirks.o
  CC      drivers/hid/hid-generic.o
  CC      drivers/hid/hid-debug.o
  AR      net/ipv4/built-in.a
  AR      net/built-in.a
  CC      drivers/of/base.o
  CC      drivers/of/cpu.o
  CC      drivers/of/device.o
  CC      drivers/of/module.o
  AR      drivers/hid/built-in.a
  CC      drivers/of/platform.o
  CC      drivers/of/property.o
  CC      drivers/of/fdt.o
  AS      drivers/of/empty_root.dtb.o
  CC      drivers/of/fdt_address.o
  CC      drivers/of/address.o
  CC      drivers/of/irq.o
  CC      drivers/of/of_reserved_mem.o
  AR      drivers/of/built-in.a
  AR      drivers/built-in.a
  AR      built-in.a
  AR      built-in-fixup.a
  COPY    vmlinux.a
  LD      vmlinux.o
  MODPOST vmlinux.symvers
  CC      .vmlinux.export.o
  UPD     include/generated/utsversion.h
  CC      init/version-timestamp.o
  KSYMS   .tmp_vmlinux0.kallsyms.S
  AS      .tmp_vmlinux0.kallsyms.o
  LD      .tmp_vmlinux1
  NM      .tmp_vmlinux1.syms
  KSYMS   .tmp_vmlinux1.kallsyms.S
  AS      .tmp_vmlinux1.kallsyms.o
  LD      .tmp_vmlinux2
  NM      .tmp_vmlinux2.syms
  KSYMS   .tmp_vmlinux2.kallsyms.S
  AS      .tmp_vmlinux2.kallsyms.o
  LD      vmlinux.unstripped
  NM      System.map
  SORTTAB vmlinux.unstripped
  OBJCOPY vmlinux
  GEN     modules.builtin.modinfo
  GEN     modules.builtin
  OBJCOPY arch/riscv/boot/Image
  Kernel: arch/riscv/boot/Image is ready
make[5]: Leaving directory '/mnt/git-volume/kernel-test-stable/build/rand500nsconfig-riscv'
make[4]: Leaving directory '/mnt/git-volume/linux-stable'
