make[4]: Entering directory '/mnt/git-volume/linux-stable'
make[5]: Entering directory '/mnt/git-volume/kernel-test-stable/build/rand500config-x86_64'
#
# configuration written to .config
#
Using .config as base
Merging /mnt/git-volume/linux-stable/kernel/configs/tiny.config
Value of CONFIG_KERNEL_XZ is redefined by fragment /mnt/git-volume/linux-stable/kernel/configs/tiny.config:
Previous value: # CONFIG_KERNEL_XZ is not set
New value: CONFIG_KERNEL_XZ=y

Value of CONFIG_CC_OPTIMIZE_FOR_SIZE is redefined by fragment /mnt/git-volume/linux-stable/kernel/configs/tiny.config:
Previous value: # CONFIG_CC_OPTIMIZE_FOR_SIZE is not set
New value: CONFIG_CC_OPTIMIZE_FOR_SIZE=y

Value of CONFIG_SLUB_TINY is redefined by fragment /mnt/git-volume/linux-stable/kernel/configs/tiny.config:
Previous value: # CONFIG_SLUB_TINY is not set
New value: CONFIG_SLUB_TINY=y

Merging /mnt/git-volume/linux-stable/arch/x86/configs/tiny.config
Value of CONFIG_UNWINDER_GUESS is redefined by fragment /mnt/git-volume/linux-stable/arch/x86/configs/tiny.config:
Previous value: # CONFIG_UNWINDER_GUESS is not set
New value: CONFIG_UNWINDER_GUESS=y

#
# merged configuration written to .config (needs make)
#
#
# configuration written to .config
#
make[5]: Leaving directory '/mnt/git-volume/kernel-test-stable/build/rand500config-x86_64'
make[4]: Leaving directory '/mnt/git-volume/linux-stable'
make[4]: Entering directory '/mnt/git-volume/linux-stable'
make[5]: Entering directory '/tmp/tmp.0rwU1cUXqw'
  UPD     /tmp/tmp.0rwU1cUXqw/Makefile
  HOSTCC  scripts/basic/fixdep
  HOSTCC  scripts/kconfig/conf.o
  HOSTCC  scripts/kconfig/confdata.o
  HOSTCC  scripts/kconfig/expr.o
  LEX     scripts/kconfig/lexer.lex.c
  YACC    scripts/kconfig/parser.tab.[ch]
  HOSTCC  scripts/kconfig/lexer.lex.o
  HOSTCC  scripts/kconfig/menu.o
  HOSTCC  scripts/kconfig/parser.tab.o
  HOSTCC  scripts/kconfig/preprocess.o
  HOSTCC  scripts/kconfig/symbol.o
  HOSTCC  scripts/kconfig/util.o
  HOSTLD  scripts/kconfig/conf
KCONFIG_SEED=0x3751F97C
#
# configuration written to .config
#
make[5]: Leaving directory '/tmp/tmp.0rwU1cUXqw'
make[4]: Leaving directory '/mnt/git-volume/linux-stable'
make[4]: Entering directory '/mnt/git-volume/linux-stable'
make[5]: Entering directory '/tmp/tmp.0rwU1cUXqw'
.config:6877:warning: override: reassigning to symbol PRINTK
.config:6881:warning: override: reassigning to symbol TTY
.config:6884:warning: override: reassigning to symbol BLK_DEV_INITRD
.config:6888:warning: override: reassigning to symbol BINFMT_ELF
.config:6889:warning: override: reassigning to symbol BINFMT_SCRIPT
.config:6892:warning: override: reassigning to symbol TMPFS
.config:6895:warning: override: reassigning to symbol KERNEL_GZIP
.config:6901:warning: override: reassigning to symbol KERNEL_BZIP2
.config:6902:warning: override: reassigning to symbol KERNEL_LZMA
.config:6903:warning: override: reassigning to symbol KERNEL_XZ
.config:6904:warning: override: reassigning to symbol KERNEL_LZO
.config:6905:warning: override: reassigning to symbol KERNEL_LZ4
.config:6906:warning: override: reassigning to symbol KERNEL_ZSTD
.config:6909:warning: override: reassigning to symbol MODULES
.config:6912:warning: override: reassigning to symbol DRM
.config:6913:warning: override: reassigning to symbol SOUND
.config:6914:warning: override: reassigning to symbol STAGING
.config:6916:warning: override: reassigning to symbol MEDIA_SUPPORT
.config:6922:warning: override: reassigning to symbol KCOV
.config:6925:warning: override: reassigning to symbol KCSAN
.config:6926:warning: override: reassigning to symbol KFENCE
.config:6927:warning: override: reassigning to symbol UBSAN
.config:6934:warning: override: reassigning to symbol RCU_TORTURE_TEST
.config:6935:warning: override: reassigning to symbol RCU_SCALE_TEST
.config:6936:warning: override: reassigning to symbol LOCK_TORTURE_TEST
.config:6946:warning: override: reassigning to symbol DEBUG_PREEMPT
.config:6947:warning: override: reassigning to symbol DEBUG_ATOMIC_SLEEP
.config:6954:warning: override: reassigning to symbol KUNIT
#
# configuration written to .config
#
make[5]: Leaving directory '/tmp/tmp.0rwU1cUXqw'
make[4]: Leaving directory '/mnt/git-volume/linux-stable'
make[4]: Entering directory '/mnt/git-volume/linux-stable'
make[5]: Entering directory '/mnt/git-volume/kernel-test-stable/build/rand500config-x86_64'
.config:1448:warning: override: reassigning to symbol PWM
.config:1453:warning: override: reassigning to symbol ARCH_HAVE_EXTRA_ELF_NOTES
.config:1462:warning: override: reassigning to symbol MEMBARRIER
.config:1476:warning: override: reassigning to symbol LTO_NONE
.config:1478:warning: override: reassigning to symbol HAVE_CMPXCHG_DOUBLE
.config:1479:warning: override: reassigning to symbol GCC_NO_STRINGOP_OVERFLOW
.config:1481:warning: override: reassigning to symbol THERMAL
.config:1490:warning: override: reassigning to symbol BACKLIGHT_CLASS_DEVICE
.config:1492:warning: override: reassigning to symbol TICK_CPU_ACCOUNTING
.config:1499:warning: override: reassigning to symbol X86_CMOV
.config:1515:warning: override: reassigning to symbol SYMBOLIC_ERRNAME
.config:1516:warning: override: reassigning to symbol CC_NO_ARRAY_BOUNDS
.config:1524:warning: override: reassigning to symbol RELAY
.config:1525:warning: override: reassigning to symbol ARCH_HAS_STRICT_MODULE_RWX
.config:1527:warning: override: reassigning to symbol WPCM450_SOC
.config:1529:warning: override: reassigning to symbol LWQ_TEST
.config:1542:warning: override: reassigning to symbol INSTRUCTION_DECODER
.config:1543:warning: override: reassigning to symbol SSB_POSSIBLE
.config:1553:warning: override: reassigning to symbol ARCH_SUSPEND_POSSIBLE
.config:1560:warning: override: reassigning to symbol HZ_250
.config:1583:warning: override: reassigning to symbol DEBUG_KERNEL
.config:1585:warning: override: reassigning to symbol X86_DISABLED_FEATURE_CYRIX_ARR
.config:1587:warning: override: reassigning to symbol NVRAM
.config:1590:warning: override: reassigning to symbol PM_DEVFREQ
.config:1597:warning: override: reassigning to symbol HAVE_GUP_FAST
.config:1608:warning: override: reassigning to symbol HAVE_PCSPKR_PLATFORM
.config:1609:warning: override: reassigning to symbol EXPORTFS_BLOCK_OPS
.config:1611:warning: override: reassigning to symbol HAVE_ARCH_TRACEHOOK
.config:1616:warning: override: reassigning to symbol HAVE_ARCH_RANDOMIZE_KSTACK_OFFSET
.config:1628:warning: override: reassigning to symbol HAVE_KCSAN_COMPILER
.config:1636:warning: override: reassigning to symbol CLKEVT_I8253
.config:1638:warning: override: reassigning to symbol SCHED_AUTOGROUP
.config:1642:warning: override: reassigning to symbol MMU
.config:1649:warning: override: reassigning to symbol X86_DISABLED_FEATURE_UMIP
.config:1653:warning: override: reassigning to symbol HAVE_FUNCTION_TRACER
.config:1657:warning: override: reassigning to symbol ARCH_SUPPORTS_KEXEC
.config:1659:warning: override: reassigning to symbol NEED_PER_CPU_KM
.config:1661:warning: override: reassigning to symbol CC_IS_GCC
.config:1669:warning: override: reassigning to symbol FTRACE
.config:1675:warning: override: reassigning to symbol HAVE_FUNCTION_ARG_ACCESS_API
.config:1682:warning: override: reassigning to symbol HAVE_SETUP_PER_CPU_AREA
.config:1690:warning: override: reassigning to symbol SCF_TORTURE_TEST
.config:1704:warning: override: reassigning to symbol PAGE_EXTENSION
.config:1716:warning: override: reassigning to symbol GPIOLIB_LEGACY
.config:1717:warning: override: reassigning to symbol COMPAT_BRK
.config:1718:warning: override: reassigning to symbol X86_REQUIRED_FEATURE_FPU
.config:1721:warning: override: reassigning to symbol CC_HAS_ASM_INLINE
.config:1736:warning: override: reassigning to symbol GPIOLIB
.config:1745:warning: override: reassigning to symbol HAVE_ARCH_TRANSPARENT_HUGEPAGE_PUD
.config:1746:warning: override: reassigning to symbol EDAC_SUPPORT
.config:1755:warning: override: reassigning to symbol ARCH_HAS_MEMBARRIER_SYNC_CORE
.config:1756:warning: override: reassigning to symbol CRYPTO_LIB_SHA256
.config:1759:warning: override: reassigning to symbol SYSCTL_EXCEPTION_TRACE
.config:1763:warning: override: reassigning to symbol ARCH_SUPPORTS_HUGETLBFS
.config:1765:warning: override: reassigning to symbol SURFACE_PLATFORMS
.config:1767:warning: override: reassigning to symbol VDSO_GETRANDOM
.config:1768:warning: override: reassigning to symbol CC_NO_STRINGOP_OVERFLOW
.config:1770:warning: override: reassigning to symbol HAVE_RSEQ
.config:1772:warning: override: reassigning to symbol ARCH_SPARSEMEM_DEFAULT
.config:1774:warning: override: reassigning to symbol SPARSEMEM
.config:1775:warning: override: reassigning to symbol GCC_ASM_GOTO_OUTPUT_BROKEN
.config:1777:warning: override: reassigning to symbol SYSFB_SIMPLEFB
.config:1780:warning: override: reassigning to symbol PHY_INTEL_LGM_EMMC
.config:1794:warning: override: reassigning to symbol PT_RECLAIM
.config:1801:warning: override: reassigning to symbol ARCH_HAS_SYSCALL_WRAPPER
.config:1808:warning: override: reassigning to symbol CC_HAS_RETURN_THUNK
.config:1812:warning: override: reassigning to symbol COMPACTION
.config:1814:warning: override: reassigning to symbol ARCH_HAS_PREEMPT_LAZY
.config:1818:warning: override: reassigning to symbol PERF_EVENTS_AMD_UNCORE
.config:1822:warning: override: reassigning to symbol HAVE_ARCH_TRANSPARENT_HUGEPAGE
.config:1835:warning: override: reassigning to symbol DETECT_HUNG_TASK
.config:1845:warning: override: reassigning to symbol HAS_IOPORT_MAP
.config:1850:warning: override: reassigning to symbol X86_REQUIRED_FEATURE_ALWAYS
.config:1855:warning: override: reassigning to symbol GENERIC_IRQ_PROBE
.config:1865:warning: override: reassigning to symbol DNOTIFY
.config:1866:warning: override: reassigning to symbol ARCH_USE_MEMTEST
.config:1883:warning: override: reassigning to symbol CC_HAS_IBT
.config:1893:warning: override: reassigning to symbol SYSFS_SYSCALL
.config:1898:warning: override: reassigning to symbol HAVE_IRQ_TIME_ACCOUNTING
.config:1899:warning: override: reassigning to symbol GAMEPORT
.config:1906:warning: override: reassigning to symbol RTC_LIB
.config:1914:warning: override: reassigning to symbol HAVE_ARCH_KCSAN
.config:1915:warning: override: reassigning to symbol CC_HAS_KASAN_GENERIC
.config:1919:warning: override: reassigning to symbol STRICT_KERNEL_RWX
.config:1921:warning: override: reassigning to symbol EXTCON
.config:1923:warning: override: reassigning to symbol ARCH_SUPPORTS_INT128
.config:1925:warning: override: reassigning to symbol HAVE_EXIT_THREAD
.config:1929:warning: override: reassigning to symbol PREEMPT
.config:1931:warning: override: reassigning to symbol GENERIC_CALIBRATE_DELAY
.config:1932:warning: override: reassigning to symbol DEVPORT
.config:1935:warning: override: reassigning to symbol CPU_SUP_HYGON
.config:1948:warning: override: reassigning to symbol PRINTK
.config:1952:warning: override: reassigning to symbol TTY
.config:1955:warning: override: reassigning to symbol BLK_DEV_INITRD
.config:1959:warning: override: reassigning to symbol BINFMT_ELF
.config:1960:warning: override: reassigning to symbol BINFMT_SCRIPT
.config:1966:warning: override: reassigning to symbol KERNEL_GZIP
#
# configuration written to .config
#
make[5]: Leaving directory '/mnt/git-volume/kernel-test-stable/build/rand500config-x86_64'
make[4]: Leaving directory '/mnt/git-volume/linux-stable'
make[4]: Entering directory '/mnt/git-volume/linux-stable'
make[5]: Entering directory '/mnt/git-volume/kernel-test-stable/build/rand500config-x86_64'
  SYNC    include/config/auto.conf.cmd
  UPD     arch/x86/include/generated/asm/cpufeaturemasks.h
  UPD     include/generated/uapi/linux/version.h
  HOSTCC  arch/x86/tools/vdso2c
  HOSTCC  scripts/sorttable.o
  DESCEND objtool
  UPD     include/config/kernel.release
  UPD     include/generated/utsrelease.h
  HOSTLD  scripts/sorttable
  CC      scripts/mod/empty.o
  CC      scripts/mod/devicetable-offsets.s
  CC      /mnt/git-volume/kernel-test-stable/build/rand500config-x86_64/tools/objtool/libsubcmd/exec-cmd.o
  CC      /mnt/git-volume/kernel-test-stable/build/rand500config-x86_64/tools/objtool/libsubcmd/help.o
  MKELF   scripts/mod/elfconfig.h
  HOSTCC  scripts/mod/modpost.o
  HOSTCC  scripts/mod/sumversion.o
  HOSTCC  scripts/mod/symsearch.o
  CC      /mnt/git-volume/kernel-test-stable/build/rand500config-x86_64/tools/objtool/libsubcmd/parse-options.o
  HOSTCC  scripts/mod/file2alias.o
  HOSTLD  scripts/mod/modpost
  CC      /mnt/git-volume/kernel-test-stable/build/rand500config-x86_64/tools/objtool/libsubcmd/run-command.o
  CC      kernel/bounds.s
  CC      /mnt/git-volume/kernel-test-stable/build/rand500config-x86_64/tools/objtool/libsubcmd/sigchain.o
  UPD     include/generated/bounds.h
  CC      arch/x86/kernel/asm-offsets.s
  LD      /mnt/git-volume/kernel-test-stable/build/rand500config-x86_64/tools/objtool/libsubcmd/libsubcmd-in.o
  AR      /mnt/git-volume/kernel-test-stable/build/rand500config-x86_64/tools/objtool/libsubcmd/libsubcmd.a
  CC      /mnt/git-volume/kernel-test-stable/build/rand500config-x86_64/tools/objtool/weak.o
  CC      /mnt/git-volume/kernel-test-stable/build/rand500config-x86_64/tools/objtool/check.o
  CC      /mnt/git-volume/kernel-test-stable/build/rand500config-x86_64/tools/objtool/arch/x86/decode.o
  CC      /mnt/git-volume/kernel-test-stable/build/rand500config-x86_64/tools/objtool/special.o
  CC      /mnt/git-volume/kernel-test-stable/build/rand500config-x86_64/tools/objtool/builtin-check.o
  UPD     include/generated/asm-offsets.h
  CC      kernel/sched/rq-offsets.s
  CC      /mnt/git-volume/kernel-test-stable/build/rand500config-x86_64/tools/objtool/elf.o
  CC      /mnt/git-volume/kernel-test-stable/build/rand500config-x86_64/tools/objtool/arch/x86/special.o
  CC      /mnt/git-volume/kernel-test-stable/build/rand500config-x86_64/tools/objtool/arch/x86/orc.o
  LD      /mnt/git-volume/kernel-test-stable/build/rand500config-x86_64/tools/objtool/arch/x86/objtool-in.o
  CC      /mnt/git-volume/kernel-test-stable/build/rand500config-x86_64/tools/objtool/objtool.o
  CC      /mnt/git-volume/kernel-test-stable/build/rand500config-x86_64/tools/objtool/orc_gen.o
  CC      /mnt/git-volume/kernel-test-stable/build/rand500config-x86_64/tools/objtool/orc_dump.o
  UPD     include/generated/rq-offsets.h
  CALL    /mnt/git-volume/linux-stable/scripts/checksyscalls.sh 
  CC      /mnt/git-volume/kernel-test-stable/build/rand500config-x86_64/tools/objtool/libstring.o
  CC      /mnt/git-volume/kernel-test-stable/build/rand500config-x86_64/tools/objtool/libctype.o
  CC      /mnt/git-volume/kernel-test-stable/build/rand500config-x86_64/tools/objtool/librbtree.o
  CC      /mnt/git-volume/kernel-test-stable/build/rand500config-x86_64/tools/objtool/signal.o
  LD      /mnt/git-volume/kernel-test-stable/build/rand500config-x86_64/tools/objtool/objtool-in.o
  LINK    /mnt/git-volume/kernel-test-stable/build/rand500config-x86_64/tools/objtool/objtool
  GEN     usr/initramfs_data.cpio
  AS      arch/x86/boot/startup/la57toggle.o
  COPY    usr/initramfs_inc_data
  AS      usr/initramfs_data.o
  CC      init/main.o
  CC      arch/x86/boot/startup/gdt_idt.o
  AR      usr/built-in.a
  CC      kernel/fork.o
  CC      mm/filemap.o
  CC      arch/x86/boot/startup/map_kernel.o
  AR      arch/x86/boot/startup/lib.a
  OBJCOPY arch/x86/boot/startup/gdt_idt.pi.o
  OBJCOPY arch/x86/boot/startup/map_kernel.pi.o
  AR      arch/x86/boot/startup/built-in.a
  AS      arch/x86/entry/entry.o
  AS      arch/x86/entry/entry_64.o
  CC      arch/x86/entry/syscall_64.o
  UPD     init/utsversion-tmp.h
  CC      init/do_mounts.o
  CC      arch/x86/entry/common.o
  CC      kernel/exec_domain.o
  CC      mm/mempool.o
  CC      init/do_mounts_initrd.o
  CC      arch/x86/entry/vdso/vma.o
  CC      kernel/exec_state.o
  CC      mm/oom_kill.o
  CC      kernel/panic.o
  CC      init/initramfs.o
  CC      arch/x86/entry/vdso/extable.o
  CC      kernel/cpu.o
  CC      init/calibrate.o
  LDS     arch/x86/entry/vdso/vdso64/vdso64.lds
  AS      arch/x86/entry/vdso/vdso64/note.o
  CC      mm/fadvise.o
  CC      arch/x86/entry/vdso/vdso64/vclock_gettime.o
  CC      init/init_task.o
  CC      arch/x86/entry/vdso/vdso64/vgetcpu.o
  CC      arch/x86/entry/vdso/vdso64/vgetrandom.o
  CC      kernel/exit.o
  AS      arch/x86/entry/vdso/vdso64/vgetrandom-chacha.o
  VDSO    arch/x86/entry/vdso/vdso64/vdso64.so.dbg
  OBJCOPY arch/x86/entry/vdso/vdso64/vdso64.so
  VDSO2C  arch/x86/entry/vdso/vdso64/vdso64-image.c
  CC      arch/x86/entry/vdso/vdso64/vdso64-image.o
  CC      init/version.o
  CC      mm/maccess.o
  AR      arch/x86/entry/vdso/vdso64/built-in.a
  AR      arch/x86/entry/vdso/built-in.a
  AS      arch/x86/entry/thunk.o
  AR      arch/x86/entry/built-in.a
  CC      arch/x86/events/core.o
  AR      init/built-in.a
  CC      mm/page-writeback.o
  CC      fs/open.o
  CC      kernel/softirq.o
  CC      arch/x86/events/probe.o
  CC      arch/x86/events/utils.o
  CC      fs/read_write.o
  CC      mm/folio-compat.o
  CC      kernel/resource.o
  CC      arch/x86/events/amd/core.o
  CC      mm/readahead.o
  CC      kernel/sysctl.o
  CC      fs/file_table.o
  CC      arch/x86/events/amd/lbr.o
  CC      mm/swap.o
  CC      kernel/capability.o
  CC      fs/super.o
  CC      arch/x86/events/amd/ibs.o
  CC      kernel/ptrace.o
  CC      mm/truncate.o
  CC      fs/char_dev.o
  CC      arch/x86/events/amd/uncore.o
  CC      kernel/user.o
  CC      fs/stat.o
  CC      mm/vmscan.o
  CC      kernel/signal.o
  AR      arch/x86/events/amd/built-in.a
  CC      arch/x86/events/msr.o
  CC      fs/exec.o
  CC      arch/x86/events/intel/core.o
  CC      kernel/sys.o
  CC      mm/shrinker.o
  CC      fs/pipe.o
  CC      mm/shmem.o
  CC      fs/namei.o
  CC      kernel/umh.o
  CC      mm/util.o
  CC      kernel/workqueue.o
  CC      arch/x86/events/intel/bts.o
  CC      mm/mmzone.o
  CC      arch/x86/events/intel/ds.o
  CC      mm/vmstat.o
  CC      fs/fcntl.o
  CC      mm/backing-dev.o
  CC      kernel/pid.o
  CC      fs/ioctl.o
  CC      arch/x86/events/intel/knc.o
  CC      mm/mm_init.o
  CC      fs/readdir.o
  CC      kernel/task_work.o
  CC      arch/x86/events/intel/lbr.o
  CC      mm/percpu.o
  CC      kernel/extable.o
  CC      fs/select.o
  CC      arch/x86/events/intel/p4.o
  CC      kernel/params.o
  CC      mm/slab_common.o
  CC      arch/x86/events/intel/p6.o
  CC      fs/dcache.o
  CC      kernel/kthread.o
  CC      arch/x86/events/intel/pt.o
  CC      mm/compaction.o
  CC      kernel/sys_ni.o
  CC      fs/inode.o
  CC      kernel/nsproxy.o
  AR      arch/x86/events/intel/built-in.a
  CC      arch/x86/events/zhaoxin/core.o
  AR      arch/x86/events/zhaoxin/built-in.a
  AR      arch/x86/events/built-in.a
  CC      arch/x86/realmode/init.o
  CC      kernel/nstree.o
  CC      mm/show_mem.o
  CC      fs/attr.o
  AS      arch/x86/realmode/rm/header.o
  AS      arch/x86/realmode/rm/trampoline_64.o
  AS      arch/x86/realmode/rm/stack.o
  AS      arch/x86/realmode/rm/reboot.o
  PASYMS  arch/x86/realmode/rm/pasyms.h
  LDS     arch/x86/realmode/rm/realmode.lds
  LD      arch/x86/realmode/rm/realmode.elf
  RELOCS  arch/x86/realmode/rm/realmode.relocs
  OBJCOPY arch/x86/realmode/rm/realmode.bin
  AS      arch/x86/realmode/rmpiggy.o
  AR      arch/x86/realmode/built-in.a
  CC      kernel/nscommon.o
  AS      arch/x86/kernel/head_64.o
  CC      arch/x86/kernel/head64.o
  CC      mm/interval_tree.o
  CC      fs/bad_inode.o
  CC      kernel/notifier.o
  CC      arch/x86/kernel/ebda.o
  CC      fs/file.o
  CC      mm/list_lru.o
  CC      arch/x86/kernel/platform-quirks.o
  CC      kernel/ksysfs.o
  CC      mm/workingset.o
  CC      arch/x86/kernel/process_64.o
  CC      fs/filesystems.o
  CC      kernel/cred.o
  CC      mm/debug.o
  CC      arch/x86/kernel/signal.o
  CC      fs/namespace.o
  CC      kernel/reboot.o
  CC      mm/gup.o
  CC      arch/x86/kernel/signal_64.o
  CC      kernel/async.o
  CC      arch/x86/kernel/traps.o
  CC      kernel/range.o
  CC      kernel/smpboot.o
  CC      mm/mmap_lock.o
  CC      fs/seq_file.o
  CC      kernel/ucount.o
  CC      arch/x86/kernel/idt.o
  CC      mm/vma_init.o
  CC      kernel/regset.o
  CC      fs/xattr.o
  CC      kernel/ksyms_common.o
  CC      arch/x86/kernel/irq.o
  CC      mm/highmem.o
  CC      kernel/sched/core.o
  CC      mm/memory.o
  CC      fs/libfs.o
  CC      arch/x86/kernel/irq_64.o
  CC      arch/x86/kernel/dumpstack_64.o
  CC      fs/fs-writeback.o
  CC      arch/x86/kernel/time.o
  CC      arch/x86/kernel/ioport.o
  CC      mm/mincore.o
  CC      kernel/sched/fair.o
  CC      arch/x86/kernel/dumpstack.o
  CC      fs/pnode.o
  CC      mm/mlock.o
  CC      arch/x86/kernel/nmi.o
  CC      fs/splice.o
  CC      mm/mmap.o
  CC      arch/x86/kernel/setup.o
  CC      fs/sync.o
  CC      kernel/sched/build_policy.o
  CC      arch/x86/kernel/x86_init.o
  CC      fs/utimes.o
  CC      mm/mmu_gather.o
  CC      arch/x86/kernel/i8259.o
  CC      fs/d_path.o
  CC      mm/mprotect.o
  CC      arch/x86/kernel/irqinit.o
  CC      fs/stack.o
  CC      kernel/sched/build_utility.o
  CC      arch/x86/kernel/irq_work.o
  CC      mm/mremap.o
  CC      fs/fs_struct.o
  CC      arch/x86/kernel/probe_roms.o
  CC      fs/statfs.o
  CC      mm/msync.o
  CC      arch/x86/kernel/sys_x86_64.o
  CC      fs/fs_pin.o
  AR      kernel/sched/built-in.a
  CC      kernel/locking/mutex.o
  CC      mm/page_vma_mapped.o
  CC      arch/x86/kernel/bootflag.o
  CC      fs/nsfs.o
  CC      arch/x86/kernel/e820.o
  CC      mm/pagewalk.o
  CC      kernel/locking/semaphore.o
  CC      fs/fs_dirent.o
  CC      arch/x86/kernel/pci-dma.o
  CC      kernel/locking/rwsem.o
  CC      fs/fs_context.o
  CC      mm/pgtable-generic.o
  CC      arch/x86/kernel/quirks.o
  CC      kernel/locking/percpu-rwsem.o
  CC      mm/rmap.o
  CC      fs/fs_parser.o
  AR      kernel/locking/built-in.a
  CC      arch/x86/kernel/kdebugfs.o
  CC      kernel/power/qos.o
  CC      arch/x86/kernel/alternative.o
  CC      fs/fsopen.o
  AR      kernel/power/built-in.a
  CC      kernel/printk/printk.o
  CC      mm/vmalloc.o
  CC      fs/init.o
  CC      arch/x86/kernel/i8253.o
  CC      arch/x86/kernel/hw_breakpoint.o
  CC      fs/kernel_read_file.o
  CC      kernel/printk/printk_safe.o
  CC      arch/x86/kernel/tsc.o
  CC      mm/vma.o
  CC      fs/mnt_idmapping.o
  CC      kernel/printk/nbcon.o
  CC      arch/x86/kernel/tsc_msr.o
  CC      fs/remap_range.o
  CC      kernel/printk/printk_ringbuffer.o
  CC      arch/x86/kernel/io_delay.o
  CC      arch/x86/kernel/rtc.o
  CC      mm/vma_exec.o
  AR      kernel/printk/built-in.a
  CC      kernel/irq/irqdesc.o
  CC      fs/pidfs.o
  CC      arch/x86/kernel/resource.o
  AS      arch/x86/kernel/irqflags.o
  CC      arch/x86/kernel/static_call.o
  CC      kernel/irq/handle.o
  CC      mm/mseal.o
  CC      arch/x86/kernel/process.o
  CC      kernel/irq/manage.o
  CC      fs/file_attr.o
  CC      mm/page_alloc.o
  CC      arch/x86/kernel/fpu/init.o
  CC      kernel/irq/spurious.o
  CC      fs/fserror.o
  CC      arch/x86/kernel/fpu/bugs.o
  CC      arch/x86/kernel/fpu/core.o
  CC      kernel/irq/resend.o
  CC      fs/nullfs.o
  CC      kernel/irq/chip.o
  CC      arch/x86/kernel/fpu/regset.o
  CC      mm/page_frag_cache.o
  CC      fs/notify/fsnotify.o
  CC      arch/x86/kernel/fpu/signal.o
  CC      kernel/irq/dummychip.o
  CC      mm/init-mm.o
  CC      kernel/irq/devres.o
  CC      arch/x86/kernel/fpu/xstate.o
  CC      fs/notify/notification.o
  CC      mm/memblock.o
  CC      kernel/irq/kexec.o
  CC      fs/notify/group.o
  AR      arch/x86/kernel/fpu/built-in.a
  CC      arch/x86/kernel/ptrace.o
  CC      kernel/irq/autoprobe.o
  CC      fs/notify/mark.o
  CC      kernel/irq/irqdomain.o
  CC      mm/slub.o
  CC      arch/x86/kernel/step.o
  CC      fs/notify/fdinfo.o
  CC      kernel/irq/irq_sim.o
  CC      arch/x86/kernel/stacktrace.o
  CC      fs/notify/dnotify/dnotify.o
  CC      kernel/irq/matrix.o
  CC      arch/x86/kernel/cpu/cacheinfo.o
  CC      mm/dmapool.o
  AR      fs/notify/dnotify/built-in.a
  AR      fs/notify/built-in.a
  CC      fs/anon_inodes.o
  CC      arch/x86/kernel/cpu/scattered.o
  AR      kernel/irq/built-in.a
  CC      kernel/rcu/update.o
  CC      mm/sparse.o
  CC      arch/x86/kernel/cpu/topology_common.o
  CC      fs/binfmt_script.o
  CC      arch/x86/kernel/cpu/topology_ext.o
  CC      mm/sparse-vmemmap.o
  CC      fs/binfmt_elf.o
  CC      kernel/rcu/sync.o
  CC      arch/x86/kernel/cpu/topology_amd.o
  CC      kernel/rcu/srcutree.o
  CC      arch/x86/kernel/cpu/cpuid_parser.o
  CC      mm/migrate.o
  CC      arch/x86/kernel/cpu/common.o
  AR      fs/quota/built-in.a
  CC      fs/kernfs/mount.o
  CC      kernel/rcu/tree.o
  CC      mm/page_counter.o
  CC      fs/kernfs/inode.o
  CC      arch/x86/kernel/cpu/rdrand.o
  CC      mm/early_ioremap.o
  CC      arch/x86/kernel/cpu/match.o
  CC      arch/x86/kernel/cpu/bugs.o
  CC      mm/page_ext.o
  CC      fs/kernfs/dir.o
  CC      mm/execmem.o
  CC      kernel/rcu/rcu_segcblist.o
  CC      fs/kernfs/file.o
  AR      kernel/rcu/built-in.a
  CC      kernel/dma/mapping.o
  CC      arch/x86/kernel/cpu/aperfmperf.o
  AR      mm/built-in.a
  CC      kernel/dma/direct.o
  CC      arch/x86/kernel/cpu/cpuid-deps.o
  CC      fs/kernfs/symlink.o
  CC      arch/x86/kernel/cpu/cpuid_0x2_table.o
  CC      kernel/dma/swiotlb.o
  CC      arch/x86/kernel/cpu/umwait.o
  AR      fs/kernfs/built-in.a
  CC      fs/devpts/inode.o
  CC      kernel/dma/remap.o
  CC      arch/x86/kernel/cpu/capflags.o
  CC      arch/x86/kernel/cpu/powerflags.o
  CC      arch/x86/kernel/cpu/topology.o
  CC      arch/x86/kernel/cpu/feat_ctl.o
  AR      kernel/dma/built-in.a
  CC      kernel/entry/common.o
  CC      arch/x86/kernel/cpu/intel.o
  AR      fs/devpts/built-in.a
  CC      fs/ramfs/inode.o
  CC      fs/ramfs/file-mmu.o
  CC      arch/x86/kernel/cpu/tsx.o
  CC      kernel/entry/syscall-common.o
  CC      kernel/entry/syscall_user_dispatch.o
  AR      fs/ramfs/built-in.a
  CC      arch/x86/kernel/cpu/amd.o
  CC      fs/tracefs/inode.o
  CC      fs/tracefs/event_inode.o
  AR      kernel/entry/built-in.a
  CC      kernel/unwind/user.o
  CC      arch/x86/kernel/cpu/hygon.o
  CC      arch/x86/kernel/cpu/centaur.o
  CC      kernel/unwind/deferred.o
  CC      arch/x86/kernel/cpu/zhaoxin.o
  CC      arch/x86/kernel/cpu/microcode/core.o
  CC      arch/x86/kernel/cpu/perfctr-watchdog.o
  AR      fs/tracefs/built-in.a
  AR      fs/built-in.a
  CC      security/commoncap.o
  AR      kernel/unwind/built-in.a
  CC      kernel/stacktrace.o
  CC      arch/x86/kernel/cpu/microcode/intel.o
  CC      kernel/time/time.o
  CC      kernel/up.o
  CC      arch/x86/kernel/cpu/microcode/amd.o
  CC      kernel/kallsyms.o
  CC      security/min_addr.o
  CC      kernel/time/timer.o
  CC      security/device_cgroup.o
  AR      arch/x86/kernel/cpu/microcode/built-in.a
  AR      arch/x86/kernel/cpu/built-in.a
  CC      arch/x86/kernel/reboot.o
  CC      arch/x86/kernel/tsc_sync.o
  CC      arch/x86/kernel/mpparse.o
  CC      arch/x86/kernel/apic/apic.o
  AR      security/built-in.a
  AR      crypto/built-in.a
  CC      kernel/time/hrtimer.o
  CC      lib/argv_split.o
  CC      arch/x86/kernel/ftrace.o
  CC      lib/buildid.o
  CC      arch/x86/kernel/apic/apic_common.o
  AS      arch/x86/kernel/ftrace_64.o
  CC      kernel/time/sleep_timeout.o
  CC      arch/x86/kernel/trace_clock.o
  CC      lib/cmdline.o
  CC      arch/x86/kernel/trace.o
  CC      lib/ctype.o
  CC      lib/dec_and_lock.o
  CC      arch/x86/kernel/apic/apic_noop.o
  CC      kernel/time/timekeeping.o
  CC      lib/decompress.o
  CC      lib/decompress_bunzip2.o
  CC      arch/x86/kernel/apic/ipi.o
  CC      arch/x86/kernel/apic/vector.o
  CC      arch/x86/kernel/apic/init.o
  CC      lib/decompress_inflate.o
  CC      arch/x86/kernel/apic/hw_nmi.o
  CC      kernel/time/ntp.o
  CC      lib/decompress_unlz4.o
  CC      arch/x86/mm/init.o
  CC      arch/x86/kernel/apic/io_apic.o
  CC      kernel/time/clocksource.o
  CC      lib/decompress_unlzma.o
  CC      arch/x86/mm/init_64.o
  CC      kernel/time/jiffies.o
  CC      lib/decompress_unlzo.o
  CC      arch/x86/kernel/apic/apic_flat_64.o
  CC      kernel/time/timer_list.o
  CC      arch/x86/kernel/apic/probe_64.o
  CC      lib/decompress_unxz.o
  CC      arch/x86/mm/fault.o
  CC      kernel/time/timeconv.o
  AR      arch/x86/kernel/apic/built-in.a
  CC      arch/x86/kernel/hpet.o
  CC      lib/decompress_unzstd.o
  CC      kernel/time/timecounter.o
  CC      kernel/time/alarmtimer.o
  CC      arch/x86/kernel/uprobes.o
  CC      lib/dump_stack.o
  CC      arch/x86/mm/ioremap.o
  CC      kernel/time/posix-stubs.o
  CC      lib/earlycpio.o
  CC      lib/extable.o
  CC      arch/x86/kernel/perf_regs.o
  CC      lib/flex_proportions.o
  CC      arch/x86/mm/extable.o
  CC      kernel/time/clockevents.o
  CC      lib/idr.o
  CC      arch/x86/kernel/unwind_guess.o
  CC      kernel/time/tick-common.o
  CC      lib/iomem_copy.o
  CC      arch/x86/mm/mmap.o
  CC      lib/irq_regs.o
  CC      arch/x86/kernel/vsmp_64.o
  CC      lib/is_single_threaded.o
  LDS     arch/x86/kernel/vmlinux.lds
  AR      arch/x86/kernel/built-in.a
  AR      arch/x86/crypto/built-in.a
  CC      arch/x86/mm/pgtable.o
  CC      kernel/time/tick-broadcast.o
  CC      arch/x86/virt/svm/cmdline.o
  CC      lib/klist.o
  AR      arch/x86/virt/svm/built-in.a
  AR      arch/x86/virt/built-in.a
  CC      lib/kobject.o
  CC      lib/kobject_uevent.o
  CC      kernel/time/vsyscall.o
  CC      arch/x86/mm/physaddr.o
  CC      lib/logic_pio.o
  AR      kernel/time/built-in.a
  CC      kernel/cgroup/cgroup.o
  CC      arch/x86/mm/tlb.o
  CC      lib/maple_tree.o
  CC      lib/memcat_p.o
  CC      lib/nmi_backtrace.o
  CC      arch/x86/mm/cpu_entry_area.o
  CC      lib/objpool.o
  CC      arch/x86/mm/maccess.o
  CC      lib/plist.o
  CC      lib/radix-tree.o
  CC      arch/x86/mm/pgprot.o
  CC      lib/ratelimit.o
  CC      kernel/cgroup/rstat.o
  CC      lib/rbtree.o
  CC      lib/seq_buf.o
  CC      arch/x86/mm/pat/set_memory.o
  CC      lib/siphash.o
  CC      lib/string.o
  CC      lib/sys_info.o
  CC      lib/timerqueue.o
  CC      kernel/cgroup/namespace.o
  CC      lib/vsprintf.o
  CC      arch/x86/mm/pat/memtype.o
  CC      lib/win_minmax.o
  CC      kernel/cgroup/cgroup-v1.o
  CC      lib/xarray.o
  AR      arch/x86/mm/pat/built-in.a
  AR      arch/x86/mm/built-in.a
  AR      arch/x86/built-in.a
  AS      arch/x86/lib/bhi.o
  AS      arch/x86/lib/clear_page_64.o
  CC      arch/x86/lib/cmdline.o
  AS      arch/x86/lib/cmpxchg16b_emu.o
  CC      arch/x86/lib/copy_mc.o
  CC      lib/lockref.o
  CC      lib/bcd.o
  CC      kernel/cgroup/freezer.o
  CC      lib/sort.o
  AS      arch/x86/lib/copy_mc_64.o
  AS      arch/x86/lib/copy_page_64.o
  CC      lib/parser.o
  AS      arch/x86/lib/copy_user_64.o
  AS      arch/x86/lib/copy_user_uncached_64.o
  CC      arch/x86/lib/cpu.o
  CC      lib/debug_locks.o
  CC      lib/random32.o
  CC      lib/bust_spinlocks.o
  AS      arch/x86/lib/csum-copy_64.o
  CC      arch/x86/lib/csum-partial_64.o
  CC      arch/x86/lib/csum-wrappers_64.o
  CC      lib/kasprintf.o
  CC      kernel/cgroup/dmem.o
  CC      kernel/hung_task.o
  CC      arch/x86/lib/delay.o
  CC      lib/bitmap.o
  AS      arch/x86/lib/getuser.o
  CC      arch/x86/lib/inat.o
  AR      kernel/cgroup/built-in.a
  CC      lib/scatterlist.o
  CC      arch/x86/lib/insn-eval.o
  CC      lib/list_sort.o
  CC      lib/uuid.o
  CC      kernel/relay.o
  CC      kernel/tracepoint.o
  CC      arch/x86/lib/insn.o
  CC      lib/iov_iter.o
  AS      arch/x86/lib/memcpy_64.o
  AS      arch/x86/lib/memmove_64.o
  AS      arch/x86/lib/memset_64.o
  CC      arch/x86/lib/misc.o
  CC      arch/x86/lib/pc-conf-reg.o
  AS      arch/x86/lib/putuser.o
  CC      arch/x86/lib/usercopy.o
  CC      kernel/trace/trace_clock.o
  CC      arch/x86/lib/usercopy_64.o
  CC      arch/x86/lib/msr.o
  CC      kernel/trace/ftrace.o
  AS      arch/x86/lib/msr-reg.o
  CC      arch/x86/lib/msr-reg-export.o
  CC      lib/clz_ctz.o
  AS      arch/x86/lib/hweight.o
  CC      arch/x86/lib/iomem.o
  CC      lib/bsearch.o
  CC      lib/find_bit.o
  AR      arch/x86/lib/lib.a
  AR      arch/x86/lib/built-in.a
  CC      drivers/phy/phy-core.o
  CC      lib/llist.o
  CC      lib/lwq.o
  CC      lib/memweight.o
  CC      lib/kfifo.o
  CC      lib/percpu-refcount.o
  CC      drivers/phy/intel/phy-intel-lgm-emmc.o
  CC      lib/rhashtable.o
  CC      lib/base64.o
  CC      lib/once.o
  CC      kernel/trace/ring_buffer.o
  AR      drivers/phy/intel/built-in.a
  AR      drivers/phy/marvell/built-in.a
  AR      drivers/phy/built-in.a
  CC      kernel/trace/trace.o
  CC      drivers/gpio/gpiolib.o
  CC      lib/refcount.o
  CC      lib/rcuref.o
  CC      lib/usercopy.o
  CC      lib/errseq.o
  CC      lib/bucket_locks.o
  CC      kernel/trace/trace_output.o
  CC      lib/generic-radix-tree.o
  CC      drivers/gpio/gpiolib-devres.o
  CC      lib/bitmap-str.o
  CC      drivers/gpio/gpiolib-legacy.o
  CC      kernel/trace/trace_seq.o
  CC      kernel/trace/trace_stat.o
  CC      lib/string_helpers.o
  CC      kernel/trace/trace_printk.o
  CC      drivers/gpio/gpiolib-cdev.o
  CC      kernel/trace/trace_pid.o
  CC      lib/hexdump.o
  CC      lib/kstrtox.o
  CC      kernel/trace/pid_list.o
  CC      drivers/gpio/gpiolib-swnode.o
  CC      lib/math/div64.o
  CC      lib/math/gcd.o
  CC      drivers/gpio/gpio-mockup.o
  CC      kernel/trace/trace_sched_switch.o
  CC      lib/math/lcm.o
  CC      lib/math/int_log.o
  CC      lib/math/int_pow.o
  CC      lib/math/int_sqrt.o
  CC      lib/math/reciprocal_div.o
  CC      kernel/trace/trace_functions.o
  AR      lib/math/built-in.a
  CC      lib/crc/crc32-main.o
  AR      drivers/gpio/built-in.a
  CC      drivers/pwm/core.o
  AR      lib/crc/built-in.a
  CC      lib/crypto/blake2s.o
  CC      kernel/trace/trace_nop.o
  CC      kernel/trace/trace_functions_graph.o
  AS      lib/crypto/x86/blake2s-core.o
  CC      lib/crypto/chacha-block-generic.o
  CC      lib/crypto/sha256.o
  CC      kernel/trace/fgraph.o
  AS      lib/crypto/x86/sha256-ssse3-asm.o
  AS      lib/crypto/x86/sha256-avx-asm.o
  AS      lib/crypto/x86/sha256-avx2-asm.o
  AS      lib/crypto/x86/sha256-ni-asm.o
  AR      lib/crypto/built-in.a
  CC      lib/vdso/datastore.o
  AR      drivers/pwm/built-in.a
  CC      drivers/pci/trace.o
  CC      kernel/trace/trace_events.o
  AR      lib/vdso/built-in.a
  CC      lib/iomap.o
  CC      kernel/trace/trace_export.o
  AR      drivers/pci/built-in.a
  CC      drivers/video/screen_info_generic.o
  CC      drivers/video/console/dummycon.o
  CC      lib/iomap_copy.o
  CC      lib/devres.o
  CC      drivers/video/console/vgacon.o
  CC      kernel/trace/trace_event_perf.o
  CC      kernel/trace/trace_events_filter.o
  CC      lib/bitrev.o
  CC      lib/xxhash.o
  AR      drivers/video/console/built-in.a
  CC      drivers/video/backlight/backlight.o
  CC      kernel/trace/trace_events_trigger.o
  CC      lib/zlib_inflate/inffast.o
  CC      kernel/trace/trace_eprobe.o
  CC      lib/zlib_inflate/inflate.o
  CC      drivers/video/backlight/ktd253-backlight.o
  CC      lib/zlib_inflate/infutil.o
  CC      lib/zlib_inflate/inftrees.o
  AR      drivers/video/backlight/built-in.a
  AR      drivers/video/built-in.a
  CC      lib/zlib_inflate/inflate_syms.o
  AR      drivers/clk/built-in.a
  CC      drivers/soc/nuvoton/wpcm450-soc.o
  CC      kernel/trace/error_report-traces.o
  CC      kernel/trace/power-traces.o
  AR      lib/zlib_inflate/built-in.a
  CC      lib/lzo/lzo1x_decompress_safe.o
  AR      drivers/soc/nuvoton/built-in.a
  AR      drivers/soc/built-in.a
  CC      drivers/virtio/virtio.o
  AR      lib/lzo/built-in.a
  CC      lib/lz4/lz4_decompress.o
  CC      kernel/trace/trace_dynevent.o
  CC      kernel/trace/trace_probe.o
  CC      drivers/virtio/virtio_ring.o
  AR      lib/lz4/built-in.a
  CC      lib/zstd/zstd_decompress_module.o
  CC      kernel/trace/trace_uprobe.o
  CC      lib/zstd/decompress/huf_decompress.o
  CC      drivers/virtio/virtio_anchor.o
  CC      kernel/trace/trace_stack.o
  AR      drivers/virtio/built-in.a
  CC      drivers/tty/tty_io.o
  CC      lib/zstd/decompress/zstd_ddict.o
  CC      lib/zstd/decompress/zstd_decompress.o
  CC      kernel/trace/trace_branch.o
  CC      kernel/trace/trace_events_user.o
  CC      lib/zstd/decompress/zstd_decompress_block.o
  CC      kernel/irq_work.o
  CC      drivers/tty/n_tty.o
  CC      kernel/static_call.o
  AR      kernel/trace/built-in.a
  CC      kernel/static_call_inline.o
  CC      kernel/events/core.o
  CC      lib/zstd/zstd_common_module.o
  CC      drivers/tty/tty_ioctl.o
  CC      kernel/context_tracking.o
  CC      lib/zstd/common/debug.o
  CC      lib/zstd/common/entropy_common.o
  CC      lib/zstd/common/error_private.o
  CC      lib/zstd/common/fse_decompress.o
  CC      kernel/torture.o
  CC      drivers/tty/tty_ldisc.o
  CC      lib/zstd/common/zstd_common.o
  AR      lib/zstd/built-in.a
  CC      lib/xz/xz_dec_syms.o
  CC      lib/xz/xz_dec_stream.o
  CC      kernel/iomem.o
  CC      drivers/tty/tty_buffer.o
  CC      lib/xz/xz_dec_lzma2.o
  CC      kernel/scftorture.o
  CC      drivers/tty/tty_port.o
  CC      lib/xz/xz_dec_bcj.o
  AR      lib/xz/built-in.a
  CC      lib/syscall.o
  CC      lib/glob.o
  CC      drivers/tty/tty_mutex.o
  CC      lib/strncpy_from_user.o
  CC      lib/strnlen_user.o
  CC      drivers/tty/tty_ldsem.o
  CC      kernel/events/ring_buffer.o
  CC      lib/group_cpus.o
  CC      lib/errname.o
  AR      lib/lib.a
  CC      kernel/events/callchain.o
  CC      drivers/tty/tty_baudrate.o
  AR      lib/built-in.a
  CC      drivers/tty/tty_jobctrl.o
  CC      drivers/tty/n_null.o
  CC      kernel/events/hw_breakpoint.o
  CC      kernel/events/uprobes.o
  CC      drivers/tty/pty.o
  CC      drivers/tty/vt/vt_ioctl.o
  CC      drivers/tty/hvc/hvc_console.o
  CC      drivers/tty/serial/serial_core.o
  CC      drivers/tty/vt/vc_screen.o
  AR      kernel/events/built-in.a
  AR      kernel/built-in.a
  CC      drivers/tty/vt/selection.o
  AR      drivers/tty/hvc/built-in.a
  CC      drivers/tty/vt/keyboard.o
  CC      drivers/tty/vt/vt.o
  CC      drivers/tty/vt/defkeymap.o
  CC      drivers/tty/serial/serial_base_bus.o
  CC      drivers/tty/vt/consolemap.o
  CC      drivers/tty/vt/consolemap_deftbl.o
  CC      drivers/tty/vt/ucs.o
  CC      drivers/tty/serial/serial_ctrl.o
  CC      drivers/tty/serial/serial_port.o
  CC      drivers/tty/serial/earlycon.o
  AR      drivers/tty/vt/built-in.a
  CC      drivers/tty/serial/8250/8250_core.o
  CC      drivers/tty/serial/8250/8250_platform.o
  CC      drivers/tty/serial/altera_jtaguart.o
  CC      drivers/tty/serial/serial_mctrl_gpio.o
  CC      drivers/char/mem.o
  CC      drivers/tty/serial/8250/8250_port.o
  CC      drivers/tty/serial/8250/8250_early.o
  CC      drivers/char/random.o
  CC      drivers/char/misc.o
  CC      drivers/char/nvram.o
  AR      drivers/tty/serial/8250/built-in.a
  AR      drivers/tty/serial/built-in.a
  AR      drivers/tty/built-in.a
  CC      drivers/char/virtio_console.o
  AR      drivers/misc/built-in.a
  AR      drivers/mfd/built-in.a
  CC      drivers/base/component.o
  CC      drivers/input/gameport/gameport.o
  CC      drivers/input/serio/serio.o
  AR      drivers/input/gameport/built-in.a
  CC      drivers/base/core.o
  CC      drivers/input/input.o
  CC      drivers/input/serio/i8042.o
  AR      drivers/char/built-in.a
  CC      drivers/rtc/lib.o
  CC      drivers/rtc/rtc-mc146818-lib.o
  CC      drivers/input/serio/serport.o
  CC      drivers/input/input-compat.o
  AR      drivers/rtc/built-in.a
  AR      drivers/i2c/busses/built-in.a
  AR      drivers/i2c/built-in.a
  AR      drivers/i3c/built-in.a
  CC      drivers/input/serio/libps2.o
  CC      drivers/base/bus.o
  CC      drivers/input/input-mt.o
  CC      drivers/input/input-poller.o
  AR      drivers/input/serio/built-in.a
  AR      drivers/power/built-in.a
  AR      drivers/thermal/broadcom/built-in.a
  CC      drivers/base/dd.o
  AR      drivers/thermal/renesas/built-in.a
  AR      drivers/thermal/samsung/built-in.a
  CC      drivers/thermal/intel/therm_throt.o
  CC      drivers/input/ff-core.o
  CC      drivers/input/touchscreen.o
  CC      drivers/input/touch-overlay.o
  CC      drivers/input/vivaldi-fmap.o
  CC      drivers/base/syscore.o
  AR      drivers/thermal/intel/built-in.a
  AR      drivers/thermal/st/built-in.a
  AR      drivers/thermal/qcom/built-in.a
  AR      drivers/thermal/tegra/built-in.a
  AR      drivers/thermal/mediatek/built-in.a
  AR      drivers/thermal/spacemit/built-in.a
  CC      drivers/thermal/thermal_core.o
  CC      drivers/input/keyboard/atkbd.o
  CC      drivers/input/mouse/psmouse-base.o
  CC      drivers/base/driver.o
  AR      drivers/input/keyboard/built-in.a
  CC      drivers/input/mouse/synaptics.o
  CC      drivers/base/class.o
  CC      drivers/input/mouse/focaltech.o
  CC      drivers/thermal/thermal_sysfs.o
  CC      drivers/thermal/thermal_trip.o
  CC      drivers/input/mouse/alps.o
  CC      drivers/base/platform.o
  CC      drivers/input/mouse/byd.o
  CC      drivers/thermal/thermal_helpers.o
  CC      drivers/input/mouse/logips2pp.o
  CC      drivers/base/cpu.o
  CC      drivers/thermal/thermal_thresholds.o
  CC      drivers/input/mouse/trackpoint.o
  CC      drivers/thermal/gov_step_wise.o
  CC      drivers/base/firmware.o
  CC      drivers/input/mouse/cypress_ps2.o
  AR      drivers/thermal/built-in.a
  CC      drivers/opp/core.o
  CC      drivers/opp/cpu.o
  CC      drivers/base/init.o
  AR      drivers/input/mouse/built-in.a
  CC      drivers/input/mousedev.o
  CC      drivers/base/map.o
  CC      drivers/base/devres.o
  CC      drivers/base/attribute_container.o
  AR      drivers/input/built-in.a
  AR      drivers/mmc/built-in.a
  CC      drivers/firmware/efi/sysfb_efi.o
  AR      drivers/opp/built-in.a
  CC      drivers/clocksource/i8253.o
  CC      drivers/base/transport_class.o
  CC      drivers/base/topology.o
  AR      drivers/clocksource/built-in.a
  CC      drivers/hid/hid-core.o
  CC      drivers/hid/hid-input.o
  AR      drivers/firmware/efi/built-in.a
  CC      drivers/firmware/sysfb.o
  CC      drivers/base/container.o
  CC      drivers/base/property.o
  CC      drivers/firmware/sysfb_simplefb.o
  CC      drivers/hid/hid-quirks.o
  CC      drivers/hid/hid-generic.o
  AR      drivers/firmware/built-in.a
  AR      drivers/platform/surface/built-in.a
  AR      drivers/platform/built-in.a
  CC      drivers/devfreq/devfreq.o
  CC      drivers/base/cacheinfo.o
  CC      drivers/base/swnode.o
  AR      drivers/hid/built-in.a
  CC      drivers/extcon/extcon.o
  CC      drivers/base/faux.o
  AR      drivers/base/power/built-in.a
  CC      drivers/base/firmware_loader/builtin/main.o
  CC      drivers/base/soc.o
  CC      drivers/extcon/devres.o
  AR      drivers/devfreq/built-in.a
  AR      drivers/base/firmware_loader/builtin/built-in.a
  AR      drivers/hwtracing/intel_th/built-in.a
  AR      drivers/base/firmware_loader/built-in.a
  CC      drivers/base/trace.o
  AR      drivers/extcon/built-in.a
  AR      drivers/base/built-in.a
  AR      drivers/built-in.a
  AR      built-in.a
  AR      built-in-fixup.a
  COPY    vmlinux.a
  LD      vmlinux.o
  MODPOST vmlinux.symvers
  CC      .vmlinux.export.o
  UPD     include/generated/utsversion.h
  CC      init/version-timestamp.o
  KSYMS   .tmp_vmlinux0.kallsyms.S
  AS      .tmp_vmlinux0.kallsyms.o
  LD      .tmp_vmlinux1
  NM      .tmp_vmlinux1.syms
  KSYMS   .tmp_vmlinux1.kallsyms.S
  AS      .tmp_vmlinux1.kallsyms.o
  LD      .tmp_vmlinux2
  NM      .tmp_vmlinux2.syms
  KSYMS   .tmp_vmlinux2.kallsyms.S
  AS      .tmp_vmlinux2.kallsyms.o
  LD      vmlinux.unstripped
  NM      System.map
  SORTTAB vmlinux.unstripped
  OBJCOPY vmlinux
  GEN     modules.builtin.modinfo
  GEN     modules.builtin
  CC      arch/x86/boot/a20.o
  CC      arch/x86/boot/cmdline.o
  AS      arch/x86/boot/copy.o
  CC      arch/x86/boot/cpu.o
  CC      arch/x86/boot/cpuflags.o
  CC      arch/x86/boot/cpucheck.o
  CC      arch/x86/boot/early_serial_console.o
  CC      arch/x86/boot/edd.o
  CC      arch/x86/boot/main.o
  CC      arch/x86/boot/memory.o
  CC      arch/x86/boot/pm.o
  AS      arch/x86/boot/pmjump.o
  LDS     arch/x86/boot/compressed/vmlinux.lds
  CC      arch/x86/boot/printf.o
  AS      arch/x86/boot/compressed/head_64.o
  CC      arch/x86/boot/regs.o
  VOFFSET arch/x86/boot/compressed/../voffset.h
  CC      arch/x86/boot/string.o
  CC      arch/x86/boot/tty.o
  CC      arch/x86/boot/compressed/string.o
  CC      arch/x86/boot/video.o
  CC      arch/x86/boot/compressed/cmdline.o
  CC      arch/x86/boot/compressed/error.o
  CC      arch/x86/boot/video-mode.o
  CC      arch/x86/boot/version.o
  CC      arch/x86/boot/video-vga.o
  CC      arch/x86/boot/video-vesa.o
  CC      arch/x86/boot/video-bios.o
  OBJCOPY arch/x86/boot/compressed/vmlinux.bin
  CC      arch/x86/boot/compressed/cpuflags.o
  CC      arch/x86/boot/compressed/ident_map_64.o
  CC      arch/x86/boot/compressed/idt_64.o
  AS      arch/x86/boot/compressed/idt_handlers_64.o
  CC      arch/x86/boot/compressed/pgtable_64.o
  CC      arch/x86/boot/compressed/misc.o
  GZIP    arch/x86/boot/compressed/vmlinux.bin.gz
  MKPIGGY arch/x86/boot/compressed/piggy.S
  AS      arch/x86/boot/compressed/piggy.o
  LD      arch/x86/boot/compressed/vmlinux
  ZOFFSET arch/x86/boot/zoffset.h
  OBJCOPY arch/x86/boot/vmlinux.bin
  AS      arch/x86/boot/header.o
  LD      arch/x86/boot/setup.elf
  OBJCOPY arch/x86/boot/setup.bin
  BUILD   arch/x86/boot/bzImage
Kernel: arch/x86/boot/bzImage is ready  (#14)
make[5]: Leaving directory '/mnt/git-volume/kernel-test-stable/build/rand500config-x86_64'
make[4]: Leaving directory '/mnt/git-volume/linux-stable'
