make[4]: Entering directory '/mnt/git-volume/linux-stable'
make[5]: Entering directory '/mnt/git-volume/kernel-test-stable/build/kunitconfig-riscv'
  HOSTCC  scripts/basic/fixdep
  HOSTCC  scripts/kconfig/conf.o
  HOSTCC  scripts/kconfig/confdata.o
  HOSTCC  scripts/kconfig/expr.o
  HOSTCC  scripts/kconfig/lexer.lex.o
  HOSTCC  scripts/kconfig/menu.o
  HOSTCC  scripts/kconfig/parser.tab.o
  HOSTCC  scripts/kconfig/preprocess.o
  HOSTCC  scripts/kconfig/symbol.o
  HOSTCC  scripts/kconfig/util.o
  HOSTLD  scripts/kconfig/conf
*** Default configuration is based on 'defconfig'
#
# configuration written to .config
#
make[5]: Leaving directory '/mnt/git-volume/kernel-test-stable/build/kunitconfig-riscv'
make[4]: Leaving directory '/mnt/git-volume/linux-stable'
make[4]: Entering directory '/mnt/git-volume/linux-stable'
make[5]: Entering directory '/mnt/git-volume/kernel-test-stable/build/kunitconfig-riscv'
.config:7262:warning: override: reassigning to symbol PRINTK
.config:7266:warning: override: reassigning to symbol TTY
.config:7269:warning: override: reassigning to symbol BLK_DEV_INITRD
.config:7270:warning: override: reassigning to symbol RD_GZIP
.config:7273:warning: override: reassigning to symbol BINFMT_ELF
.config:7274:warning: override: reassigning to symbol BINFMT_SCRIPT
.config:7277:warning: override: reassigning to symbol TMPFS
.config:7280:warning: override: reassigning to symbol KUNIT
.config:7296:warning: override: reassigning to symbol OF_UNITTEST
.config:7301:warning: override: reassigning to symbol WATCHDOG
.config:7302:warning: override: reassigning to symbol SOFT_WATCHDOG
.config:7303:warning: override: reassigning to symbol WATCHDOG_SYSFS
.config:7307:warning: override: reassigning to symbol SERIAL_8250
.config:7308:warning: override: reassigning to symbol SERIAL_8250_CONSOLE
.config:7309:warning: override: reassigning to symbol SERIAL_OF_PLATFORM
.config:7311:warning: override: reassigning to symbol FPU
#
# configuration written to .config
#
make[5]: Leaving directory '/mnt/git-volume/kernel-test-stable/build/kunitconfig-riscv'
make[4]: Leaving directory '/mnt/git-volume/linux-stable'
make[4]: Entering directory '/mnt/git-volume/linux-stable'
make[5]: Entering directory '/mnt/git-volume/kernel-test-stable/build/kunitconfig-riscv'
  SYNC    include/config/auto.conf.cmd
  UPD     include/generated/uapi/linux/version.h
  HOSTCC  scripts/dtc/dtc.o
  HOSTCC  scripts/dtc/flattree.o
  HOSTCC  scripts/dtc/fstree.o
  HOSTCC  scripts/dtc/data.o
  HOSTCC  scripts/dtc/livetree.o
  HOSTCC  scripts/dtc/treesource.o
  UPD     include/config/kernel.release
  HOSTCC  scripts/dtc/srcpos.o
  HOSTCC  scripts/dtc/checks.o
  HOSTCC  scripts/dtc/util.o
  UPD     include/generated/utsrelease.h
  HOSTCC  scripts/dtc/dtc-lexer.lex.o
  HOSTCC  scripts/dtc/dtc-parser.tab.o
  HOSTCC  scripts/dtc/libfdt/fdt.o
  HOSTCC  scripts/dtc/libfdt/fdt_ro.o
  HOSTCC  scripts/dtc/libfdt/fdt_wip.o
  HOSTCC  scripts/dtc/libfdt/fdt_sw.o
  HOSTCC  scripts/dtc/libfdt/fdt_rw.o
  HOSTCC  scripts/dtc/libfdt/fdt_strerror.o
  HOSTCC  scripts/dtc/libfdt/fdt_empty_tree.o
  HOSTCC  scripts/dtc/libfdt/fdt_addresses.o
  HOSTCC  scripts/dtc/libfdt/fdt_overlay.o
  HOSTCC  scripts/dtc/fdtoverlay.o
  HOSTLD  scripts/dtc/dtc
  HOSTLD  scripts/dtc/fdtoverlay
  HOSTCC  scripts/kallsyms
  HOSTCC  scripts/sorttable.o
  HOSTCC  scripts/elf-parse.o
  HOSTCC  scripts/tracepoint-update.o
  HOSTCC  scripts/asn1_compiler
  HOSTCC  scripts/selinux/mdp/mdp
  HOSTLD  scripts/sorttable
  HOSTLD  scripts/tracepoint-update
  HOSTCC  scripts/mod/mk_elfconfig
  MKELF   scripts/mod/elfconfig.h
  HOSTCC  scripts/mod/modpost.o
  HOSTCC  scripts/mod/file2alias.o
  HOSTCC  scripts/mod/sumversion.o
  HOSTCC  scripts/mod/symsearch.o
  HOSTLD  scripts/mod/modpost
  AS      arch/riscv/kernel/vdso/note.o
  VDSOLD  arch/riscv/kernel/vdso/vdso.so.dbg
  VDSOSYM include/generated/vdso-offsets.h
  VDSOAS  arch/riscv/kernel/compat_vdso/note.o
  VDSOLD  arch/riscv/kernel/compat_vdso/compat_vdso.so.dbg
  VDSOSYM include/generated/compat_vdso-offsets.h
  HOSTCC  usr/gen_init_cpio
  CC      init/main.o
  GEN     usr/initramfs_data.cpio
  CC      arch/riscv/kernel/alternative.o
  COPY    usr/initramfs_inc_data
  AS      usr/initramfs_data.o
  AR      usr/built-in.a
  CC      kernel/fork.o
  CC      arch/riscv/kernel/signal.o
  CC      mm/swapfile.o
  CC      arch/riscv/kernel/vdso.o
  OBJCOPY arch/riscv/kernel/vdso/vdso.so
  AS      arch/riscv/kernel/vdso/vdso.o
  AR      arch/riscv/kernel/vdso/built-in.a
  CC      arch/riscv/kernel/compat_signal.o
  UPD     init/utsversion-tmp.h
  CC      init/do_mounts.o
  OBJCOPY arch/riscv/kernel/compat_vdso/compat_vdso.so
  AS      arch/riscv/kernel/compat_vdso/compat_vdso.o
  AR      arch/riscv/kernel/compat_vdso/built-in.a
  AR      arch/riscv/kernel/built-in.a
  AR      arch/riscv/built-in.a
  CC      fs/namei.o
  CC      kernel/exit.o
  CC      mm/memcontrol.o
  CC      init/init_task.o
  CC      init/version.o
  CC      kernel/sys.o
  AR      init/built-in.a
  CC      ipc/mqueue.o
  CC      fs/select.o
  CC      kernel/pid.o
  AR      mm/built-in.a
  AR      ipc/built-in.a
  CC      security/commoncap.o
  CC      security/keys/keyring.o
  CC      fs/file.o
  CC      kernel/extable.o
  CC      security/keys/process_keys.o
  CC      security/keys/request_key.o
  CC      fs/fs_struct.o
  CC      kernel/nsproxy.o
  CC      fs/nsfs.o
  AR      security/keys/built-in.a
  CC      security/security.o
  CC      kernel/cred.o
  CC      fs/fs_context.o
  HOSTCC  security/selinux/genheaders
  GEN     security/selinux/flask.h security/selinux/av_permissions.h
  CC      security/selinux/avc.o
  CC      kernel/sched/core.o
  CC      fs/pidfs.o
  CC      security/selinux/hooks.o
  CC      io_uring/io_uring.o
  CC      fs/eventpoll.o
  CC      fs/nfs_common/grace.o
  AR      kernel/sched/built-in.a
  CC      kernel/module/main.o
  CC      security/selinux/selinuxfs.o
  CC      io_uring/notif.o
  CC      fs/nfs_common/nfs_ssc.o
  CC      io_uring/poll.o
  CC      fs/nfs_common/common.o
  AR      kernel/module/built-in.a
  CC      security/selinux/netlink.o
  CC      kernel/kallsyms.o
  AR      fs/nfs_common/built-in.a
  CC      fs/coredump.o
  CC      security/selinux/nlmsgtab.o
  CC      io_uring/wait.o
  CC      kernel/cgroup/cgroup.o
  CC      security/selinux/netif.o
  CC      fs/proc/namespaces.o
  CC      io_uring/sqpoll.o
  CC      security/selinux/netnode.o
  CC      fs/proc/proc_sysctl.o
  CC      io_uring/register.o
  CC      security/selinux/netport.o
  AR      kernel/cgroup/built-in.a
  UPD     kernel/config_data
  CC      kernel/audit.o
  CC      fs/proc/proc_net.o
  CC      io_uring/zcrx.o
  CC      security/selinux/status.o
  AR      fs/proc/built-in.a
  CC      fs/sysfs/mount.o
  CC      kernel/auditfilter.o
  AR      fs/sysfs/built-in.a
  CC      security/selinux/initcalls.o
  CC      security/selinux/ss/ebitmap.o
  CC      io_uring/napi.o
  CC      fs/nfs/client.o
  CC      kernel/auditsc.o
  CC      security/selinux/ss/hashtab.o
  CC      security/selinux/ss/symtab.o
  CC      security/selinux/ss/sidtab.o
  CC      io_uring/net.o
  CC      fs/nfs/dir.o
  CC      kernel/audit_watch.o
  CC      security/selinux/ss/avtab.o
  CC      io_uring/cmd_net.o
  CC      kernel/audit_fsnotify.o
  CC      security/selinux/ss/policydb.o
  CC      kernel/audit_tree.o
  CC      fs/nfs/file.o
  CC      io_uring/bpf_filter.o
  CC      kernel/seccomp.o
  AR      io_uring/built-in.a
  CC      fs/nfs/getroot.o
  CC      lib/kobject_uevent.o
  CC      security/selinux/ss/services.o
  CC      kernel/trace/bpf_trace.o
  CC      lib/vsprintf.o
  CC      fs/nfs/inode.o
  CC      security/selinux/ss/conditional.o
  CC      fs/nfs/super.o
  HOSTCC  lib/crc/gen_crc32table
  GEN     lib/crc/crc32table.h
  CC      lib/crc/crc32-main.o
  CC      kernel/trace/trace_uprobe.o
  CC      security/selinux/ss/mls.o
  AR      lib/crc/built-in.a
  CC      lib/nlattr.o
  CC      fs/nfs/io.o
  CC      security/selinux/ss/context.o
  AR      kernel/trace/built-in.a
  CC      lib/dynamic_queue_limits.o
  CC      kernel/bpf/core.o
  AR      security/selinux/built-in.a
  CC      security/lsm_audit.o
  CC      fs/nfs/direct.o
  CC      lib/dim/net_dim.o
  CC      security/apparmor/apparmorfs.o
  AR      lib/dim/built-in.a
  CC      lib/net_utils.o
  CC      fs/nfs/pagelist.o
  CC      kernel/bpf/syscall.o
  AR      lib/lib.a
  AR      lib/built-in.a
  CC      security/apparmor/audit.o
  CC      security/apparmor/capability.o
  CC      fs/nfs/read.o
  CC      fs/nfs/symlink.o
  CC      security/apparmor/task.o
  CC      fs/nfs/unlink.o
  CC      kernel/bpf/verifier.o
  CC      fs/nfs/write.o
  CC      security/apparmor/ipc.o
  CC      fs/nfs/namespace.o
  CC      fs/nfs/mount_clnt.o
  CC      security/apparmor/lib.o
  CC      fs/nfs/nfstrace.o
  CC      fs/nfs/export.o
  CC      security/apparmor/path.o
  CC      fs/nfs/sysfs.o
  CC      security/apparmor/domain.o
  CC      fs/nfs/fs_context.o
  CC      fs/nfs/nfsroot.o
  CC      kernel/bpf/inode.o
  CC      security/apparmor/policy.o
  CC      fs/nfs/sysctl.o
  CC      fs/nfs/nfs3super.o
  CC      kernel/bpf/helpers.o
  CC      fs/nfs/nfs3client.o
  CC      security/apparmor/policy_unpack.o
  CC      fs/nfs/nfs3proc.o
  CC      security/apparmor/procattr.o
  CC      kernel/bpf/log.o
  CC      fs/nfs/nfs3xdr.o
  CC      security/apparmor/lsm.o
  CC      security/apparmor/resource.o
  CC      kernel/bpf/liveness.o
  CC      fs/nfs/nfs4proc.o
  CC      security/apparmor/secid.o
  CC      kernel/bpf/const_fold.o
  CC      security/apparmor/file.o
  CC      security/apparmor/policy_ns.o
  CC      kernel/bpf/bpf_iter.o
  CC      security/apparmor/label.o
  CC      security/device_cgroup.o
  CC      kernel/bpf/map_iter.o
  CC      fs/nfs/nfs4xdr.o
  CC      fs/nfs/nfs4state.o
  CC      security/apparmor/mount.o
  CC      kernel/bpf/task_iter.o
  CC      security/apparmor/net.o
  CC      fs/nfs/nfs4renewd.o
  CC      kernel/bpf/prog_iter.o
  CC      security/apparmor/policy_compat.o
  CC      kernel/bpf/link_iter.o
  CC      fs/nfs/nfs4super.o
  CC      security/apparmor/af_unix.o
  CC      kernel/bpf/hashtab.o
  CC      security/apparmor/crypto.o
  CC      fs/nfs/nfs4file.o
  CC      fs/nfs/delegation.o
  AR      security/apparmor/built-in.a
  AR      security/built-in.a
  CC      fs/nfs/nfs4idmap.o
  CC      drivers/acpi/event.o
  CC      kernel/bpf/arraymap.o
  CC      fs/nfs/callback.o
  CC      kernel/events/core.o
  AR      drivers/acpi/built-in.a
  CC      kernel/bpf/lpm_trie.o
  CC      fs/nfs/callback_xdr.o
  CC      drivers/tty/tty_io.o
  CC      kernel/bpf/local_storage.o
  CC      fs/nfs/callback_proc.o
  HOSTCC  drivers/tty/vt/conmakehash
  CONMK   drivers/tty/vt/consolemap_deftbl.c
  CC      drivers/tty/vt/consolemap_deftbl.o
  AR      drivers/tty/vt/built-in.a
  AR      drivers/tty/built-in.a
  CC      kernel/bpf/ringbuf.o
  CC      drivers/base/core.o
  CC      fs/nfs/nfs4namespace.o
  CC      kernel/bpf/bpf_local_storage.o
  AR      kernel/events/built-in.a
  CC      fs/lockd/clntlock.o
  CC      fs/nfs/nfs4getroot.o
  CC      drivers/base/property.o
  CC      kernel/bpf/bpf_task_storage.o
  CC      fs/lockd/clntproc.o
  CC      fs/nfs/nfs4client.o
  CC      drivers/base/firmware_loader/main.o
  CC      kernel/bpf/fixups.o
  CC      fs/lockd/clntxdr.o
  CC      fs/nfs/nfs4session.o
  AR      drivers/base/firmware_loader/built-in.a
  AR      drivers/base/built-in.a
  CC      kernel/bpf/cfg.o
  CC      fs/lockd/host.o
  CC      fs/nfs/dns_resolve.o
  CC      drivers/spi/spi.o
  CC      kernel/bpf/states.o
  CC      fs/lockd/svc.o
  CC      fs/nfs/nfs4trace.o
  CC      kernel/bpf/backtrack.o
  CC      fs/lockd/svclock.o
  AR      drivers/spi/built-in.a
  CC      drivers/net/loopback.o
  CC      kernel/bpf/check_btf.o
  CC      fs/lockd/svcshare.o
  CC      drivers/net/phy/stubs.o
  CC      kernel/bpf/btf.o
  CC      drivers/net/phy/mdio_bus.o
  CC      fs/lockd/svcproc.o
  CC      fs/nfs/pnfs.o
  CC      drivers/net/phy/phylink.o
  CC      fs/lockd/svcsubs.o
  CC      fs/lockd/mon.o
  CC      drivers/net/phy/phy.o
  CC      fs/nfs/pnfs_dev.o
  CC      fs/lockd/trace.o
  CC      kernel/bpf/stream.o
  CC      drivers/net/phy/phy-c45.o
  CC      fs/nfs/pnfs_nfs.o
  CC      fs/lockd/netlink.o
  CC      kernel/bpf/arena.o
  CC      drivers/net/phy/phy-core.o
  CC      fs/lockd/nlm3xdr_gen.o
  CC      fs/nfs/nfs4sysctl.o
  CC      kernel/bpf/devmap.o
  CC      drivers/net/phy/phy_device.o
  CC      fs/lockd/clnt4xdr.o
  CC      fs/nfs/nfs40client.o
  CC      kernel/bpf/cpumap.o
  CC      fs/lockd/svc4proc.o
  CC      fs/nfs/nfs40proc.o
  CC      drivers/net/phy/linkmode.o
  CC      drivers/net/phy/phy_link_topology.o
  CC      kernel/bpf/offload.o
  CC      fs/lockd/nlm4xdr_gen.o
  CC      fs/nfs/nfs42proc.o
  CC      drivers/net/phy/phy_caps.o
  CC      kernel/bpf/net_namespace.o
  CC      fs/lockd/procfs.o
  CC      drivers/net/phy/mdio_bus_provider.o
  CC      fs/nfs/nfs42xattr.o
  AR      fs/lockd/built-in.a
  CC      kernel/bpf/tcx.o
  CC      drivers/usb/core/hub.o
  CC      drivers/net/phy/phy_port.o
  CC      kernel/bpf/stackmap.o
  CC      fs/nfs/filelayout/filelayout.o
  CC      drivers/net/phy/mdio_device.o
  CC      drivers/usb/core/hcd.o
  CC      kernel/bpf/bpf_cgrp_storage.o
  CC      drivers/usb/core/devio.o
  CC      drivers/net/phy/swphy.o
  CC      fs/nfs/filelayout/filelayoutdev.o
  CC      kernel/bpf/cgroup.o
  CC      drivers/net/phy/mdio_devres.o
  AR      drivers/usb/core/built-in.a
  AR      fs/nfs/filelayout/built-in.a
  CC      fs/nfs/flexfilelayout/flexfilelayout.o
  CC      drivers/usb/host/xhci.o
  CC      drivers/net/phy/phy_package.o
  CC      drivers/net/phy/fixed_phy.o
  CC      kernel/bpf/reuseport_array.o
  CC      drivers/net/phy/micrel.o
  CC      drivers/usb/host/xhci-ring.o
  CC      fs/nfs/flexfilelayout/flexfilelayoutdev.o
  CC      kernel/bpf/crypto.o
  CC      kernel/bpf/relo_core.o
  CC      drivers/net/phy/mscc/mscc_main.o
  AR      fs/nfs/flexfilelayout/built-in.a
  AR      fs/nfs/built-in.a
  AR      fs/built-in.a
  AR      drivers/usb/host/built-in.a
  AR      drivers/usb/built-in.a
  CC      net/devres.o
  CC      net/socket.o
  CC      kernel/bpf/btf_relocate.o
  CC      drivers/net/phy/mscc/mscc_serdes.o
  AR      kernel/bpf/built-in.a
  GZIP    kernel/config_data.gz
  CC      kernel/configs.o
  CC      net/core/sock.o
  AR      drivers/net/phy/mscc/built-in.a
  CC      drivers/net/phy/motorcomm.o
  AR      kernel/built-in.a
  CC      drivers/net/phy/realtek/realtek_main.o
  CC      net/compat.o
  CC      net/core/skbuff.o
  CC      net/core/datagram.o
  AR      drivers/net/phy/realtek/built-in.a
  AR      drivers/net/phy/built-in.a
  CC      drivers/net/mdio/acpi_mdio.o
  CC      net/core/stream.o
  CC      drivers/net/mdio/fwnode_mdio.o
  CC      net/core/scm.o
  CC      net/core/gen_stats.o
  CC      drivers/net/mdio/of_mdio.o
  CC      net/core/gen_estimator.o
  CC      net/core/net_namespace.o
  AR      drivers/net/mdio/built-in.a
  CC      drivers/net/virtio_net.o
  CC      net/core/secure_seq.o
  CC      drivers/net/ethernet/cadence/macb_main.o
  CC      net/core/flow_dissector.o
  CC      drivers/net/net_failover.o
  CC      drivers/net/ethernet/intel/e1000e/82571.o
  CC      drivers/net/ethernet/intel/e1000e/ich8lan.o
  AR      drivers/net/ethernet/cadence/built-in.a
  CC      net/ethernet/eth.o
  CC      net/core/sysctl_net_core.o
  CC      drivers/net/ethernet/intel/e1000e/80003es2lan.o
  AR      net/ethernet/built-in.a
  CC      drivers/net/ethernet/intel/e1000e/mac.o
  CC      net/core/dev.o
  CC      drivers/net/ethernet/intel/e1000e/manage.o
  CC      net/core/dev_api.o
  CC      drivers/net/ethernet/intel/e1000e/nvm.o
  CC      drivers/net/ethernet/intel/e1000e/phy.o
  CC      drivers/net/ethernet/intel/e1000e/param.o
  CC      drivers/net/ethernet/intel/e1000e/ethtool.o
  CC      drivers/net/ethernet/intel/e1000e/netdev.o
  CC      net/core/dev_addr_lists.o
  CC      drivers/net/ethernet/intel/e1000e/ptp.o
  CC      net/core/dst.o
  AR      drivers/net/ethernet/intel/e1000e/built-in.a
  AR      drivers/net/ethernet/intel/built-in.a
  CC      drivers/net/ethernet/realtek/r8169_main.o
  CC      net/core/netevent.o
  CC      drivers/net/ethernet/realtek/r8169_phy_config.o
  CC      net/core/neighbour.o
  CC      net/core/rtnetlink.o
  CC      net/core/utils.o
  AR      drivers/net/ethernet/realtek/built-in.a
  AR      drivers/net/ethernet/built-in.a
  AR      drivers/net/built-in.a
  DTC     drivers/of/empty_root.dtb
  DTC     drivers/of/unittest-data/testcases.dtbo
  WRAP    drivers/of/unittest-data/testcases.dtbo.S
  AS      drivers/of/unittest-data/testcases.dtbo.o
  AR      drivers/of/unittest-data/built-in.a
  WRAP    drivers/of/empty_root.dtb.S
  AS      drivers/of/empty_root.dtb.o
  CC      net/core/link_watch.o
  AR      drivers/of/built-in.a
  CC      drivers/rpmsg/rpmsg_char.o
  CC      net/core/filter.o
  CC      drivers/rpmsg/rpmsg_ctrl.o
  CC      net/sched/sch_generic.o
  CC      net/core/sock_diag.o
  AR      drivers/rpmsg/built-in.a
  AR      drivers/built-in.a
  CC      net/core/dev_ioctl.o
  CC      net/core/tso.o
  CC      net/sched/sch_mq.o
  CC      net/core/sock_reuseport.o
  CC      net/core/fib_notifier.o
  CC      net/sched/sch_frag.o
  CC      net/core/xdp.o
  CC      net/core/flow_offload.o
  CC      net/core/gro.o
  CC      net/sched/sch_api.o
  CC      net/core/netdev-genl.o
  CC      net/core/netdev-genl-gen.o
  CC      net/core/netdev_work.o
  CC      net/sched/sch_blackhole.o
  CC      net/core/gso.o
  CC      net/core/net-sysfs.o
  CC      net/sched/cls_api.o
  CC      net/core/hotdata.o
  CC      net/core/netdev_config.o
  CC      net/core/netdev_rx_queue.o
  CC      net/core/netdev_queues.o
  CC      net/core/page_pool.o
  CC      net/sched/sch_fifo.o
  CC      net/core/page_pool_user.o
  CC      net/core/net-procfs.o
  CC      net/core/net-traces.o
  AR      net/sched/built-in.a
  CC      net/netlink/af_netlink.o
  CC      net/core/selftests.o
  CC      net/core/netprio_cgroup.o
  CC      net/core/netclassid_cgroup.o
  CC      net/core/dst_cache.o
  CC      net/netlink/genetlink.o
  CC      net/core/gro_cells.o
  CC      net/core/failover.o
  CC      net/core/skmsg.o
  CC      net/core/sock_map.o
  CC      net/netlink/policy.o
  CC      net/core/bpf_sk_storage.o
  CC      net/netlink/diag.o
  CC      net/core/of_net.o
  CC      net/core/devmem.o
  CC      net/bpf/test_run.o
  AR      net/netlink/built-in.a
  CC      net/ethtool/ioctl.o
  CC      net/ethtool/common.o
  AR      net/core/built-in.a
  CC      net/netfilter/core.o
  AR      net/bpf/built-in.a
  CC      net/ethtool/netlink.o
  CC      net/ipv4/route.o
  CC      net/xfrm/xfrm_policy.o
  CC      net/netfilter/nf_log.o
  CC      net/ethtool/bitset.o
  CC      net/netfilter/nf_queue.o
  CC      net/ipv4/inetpeer.o
  CC      net/ethtool/strset.o
  CC      net/netfilter/nf_sockopt.o
  CC      net/xfrm/xfrm_state.o
  CC      net/ipv4/protocol.o
  CC      net/ethtool/linkinfo.o
  CC      net/netfilter/utils.o
  CC      net/ipv4/ip_input.o
  CC      net/ethtool/linkmodes.o
  CC      net/netfilter/nf_bpf_link.o
  CC      net/xfrm/xfrm_input.o
  CC      net/ethtool/rss.o
  CC      net/ipv4/ip_fragment.o
  AR      net/netfilter/built-in.a
  CC      net/unix/af_unix.o
  CC      net/xfrm/xfrm_output.o
  CC      net/ethtool/linkstate.o
  CC      net/ipv4/ip_forward.o
  CC      net/ethtool/debug.o
  CC      net/unix/garbage.o
  CC      net/ipv4/ip_options.o
  CC      net/xfrm/xfrm_sysctl.o
  CC      net/ethtool/wol.o
  CC      net/unix/sysctl_net_unix.o
  CC      net/xfrm/xfrm_replay.o
  CC      net/ipv4/ip_output.o
  CC      net/ethtool/features.o
  CC      net/unix/unix_bpf.o
  CC      net/xfrm/xfrm_device.o
  CC      net/ethtool/privflags.o
  AR      net/unix/built-in.a
  CC      net/ipv4/ip_sockglue.o
  CC      net/ipv6/af_inet6.o
  CC      net/xfrm/xfrm_nat_keepalive.o
  CC      net/ethtool/rings.o
  CC      net/ethtool/channels.o
  CC      net/ipv4/inet_hashtables.o
  AR      net/xfrm/built-in.a
  CC      net/packet/af_packet.o
  CC      net/ipv6/anycast.o
  CC      net/ethtool/coalesce.o
  CC      net/ipv6/ip6_output.o
  CC      net/ipv4/inet_timewait_sock.o
  CC      net/ethtool/pause.o
  AR      net/packet/built-in.a
  CC      net/devlink/core.o
  CC      net/ipv4/inet_connection_sock.o
  CC      net/ethtool/eee.o
  CC      net/ipv6/ip6_input.o
  CC      net/devlink/netlink.o
  CC      net/ethtool/tsinfo.o
  CC      net/ipv4/tcp.o
  CC      net/ipv6/addrconf.o
  CC      net/ethtool/cabletest.o
  CC      net/devlink/netlink_gen.o
  CC      net/devlink/dev.o
  CC      net/ethtool/tunnels.o
  CC      net/ipv4/tcp_input.o
  CC      net/devlink/port.o
  CC      net/ethtool/fec.o
  CC      net/ipv6/addrlabel.o
  CC      net/ethtool/eeprom.o
  CC      net/devlink/sb.o
  CC      net/ipv6/route.o
  CC      net/ethtool/stats.o
  CC      net/devlink/dpipe.o
  CC      net/ipv4/tcp_output.o
  CC      net/ethtool/phc_vclocks.o
  CC      net/ethtool/mm.o
  CC      net/devlink/resource.o
  CC      net/ipv6/ip6_fib.o
  CC      net/ethtool/module.o
  CC      net/ipv4/tcp_timer.o
  CC      net/devlink/param.o
  CC      net/ipv6/ipv6_sockglue.o
  CC      net/ethtool/cmis_fw_update.o
  CC      net/devlink/region.o
  CC      net/ipv4/tcp_ipv4.o
  CC      net/ethtool/cmis_cdb.o
  CC      net/ipv6/ndisc.o
  CC      net/devlink/health.o
  CC      net/ethtool/pse-pd.o
  CC      net/ipv4/tcp_minisocks.o
  CC      net/ipv6/udp.o
  CC      net/ethtool/plca.o
  CC      net/devlink/trap.o
  CC      net/ipv4/tcp_cong.o
  CC      net/ethtool/phy.o
  CC      net/devlink/rate.o
  CC      net/ipv6/raw.o
  CC      net/ethtool/tsconfig.o
  CC      net/ipv4/tcp_metrics.o
  CC      net/ethtool/mse.o
  CC      net/devlink/linecard.o
  CC      net/ipv4/tcp_fastopen.o
  CC      net/ipv6/icmp.o
  AR      net/ethtool/built-in.a
  CC      net/sunrpc/clnt.o
  CC      net/devlink/sh_dev.o
  CC      net/ipv4/tcp_recovery.o
  CC      net/ipv6/mcast.o
  AR      net/devlink/built-in.a
  CC      net/8021q/vlan_core.o
  CC      net/ipv4/tcp_ulp.o
  CC      net/sunrpc/xprt.o
  AR      net/8021q/built-in.a
  CC      net/9p/trans_fd.o
  CC      net/ipv6/reassembly.o
  CC      net/ipv4/tcp_offload.o
  CC      net/sunrpc/socklib.o
  CC      net/9p/trans_virtio.o
  CC      net/ipv6/tcp_ipv6.o
  CC      net/ipv4/tcp_plb.o
  CC      net/sunrpc/xprtsock.o
  AR      net/9p/built-in.a
  CC      net/sysctl_net.o
  CC      net/ipv4/datagram.o
  CC      net/dns_resolver/dns_query.o
  CC      net/ipv6/ping.o
  AR      net/dns_resolver/built-in.a
  CC      net/ipv6/exthdrs.o
  CC      net/sunrpc/sched.o
  CC      net/ipv4/raw.o
  CC      net/ipv6/datagram.o
  CC      net/ipv6/ip6_flowlabel.o
  CC      net/ipv4/udp.o
  CC      net/ipv6/inet6_connection_sock.o
  CC      net/ipv6/udp_offload.o
  CC      net/ipv6/seg6.o
  CC      net/ipv6/fib6_notifier.o
  CC      net/ipv4/udp_offload.o
  CC      net/sunrpc/auth.o
  CC      net/ipv6/rpl.o
  CC      net/ipv6/ioam6.o
  CC      net/ipv4/arp.o
  CC      net/ipv6/sysctl_net_ipv6.o
  CC      net/sunrpc/auth_null.o
  CC      net/ipv6/xfrm6_policy.o
  CC      net/ipv6/xfrm6_state.o
  CC      net/sunrpc/auth_tls.o
  CC      net/ipv4/icmp.o
  CC      net/ipv4/devinet.o
  CC      net/ipv6/xfrm6_input.o
  CC      net/sunrpc/auth_unix.o
  CC      net/ipv4/af_inet.o
  CC      net/sunrpc/svc.o
  CC      net/ipv4/igmp.o
  CC      net/ipv6/xfrm6_output.o
  CC      net/ipv4/fib_frontend.o
  CC      net/ipv6/xfrm6_protocol.o
  CC      net/sunrpc/svcsock.o
  CC      net/ipv6/netfilter.o
  CC      net/ipv6/proc.o
  CC      net/ipv4/fib_semantics.o
  CC      net/ipv6/addrconf_core.o
  CC      net/sunrpc/svcauth.o
  CC      net/ipv6/exthdrs_core.o
  CC      net/ipv6/ip6_checksum.o
  CC      net/ipv4/fib_trie.o
  CC      net/sunrpc/svcauth_unix.o
  CC      net/ipv6/ip6_icmp.o
  CC      net/ipv6/output_core.o
  CC      net/ipv6/protocol.o
  CC      net/sunrpc/addr.o
  CC      net/ipv4/fib_notifier.o
  CC      net/ipv6/ip6_offload.o
  CC      net/ipv6/exthdrs_offload.o
  CC      net/sunrpc/rpcb_clnt.o
  CC      net/ipv4/inet_fragment.o
  CC      net/ipv6/inet6_hashtables.o
  CC      net/ipv6/mcast_snoop.o
  CC      net/sunrpc/timer.o
  CC      net/ipv4/ping.o
  CC      net/ipv4/ip_tunnel_core.o
  AR      net/ipv6/built-in.a
  CC      net/l3mdev/l3mdev.o
  CC      net/sunrpc/xdr.o
  CC      net/ipv4/gre_offload.o
  CC      net/ipv4/metrics.o
  AR      net/l3mdev/built-in.a
  CC      net/handshake/alert.o
  CC      net/ipv4/netlink.o
  CC      net/sunrpc/sunrpc_syms.o
  CC      net/ipv4/nexthop.o
  CC      net/handshake/genl.o
  CC      net/ipv4/udp_tunnel_stub.o
  CC      net/sunrpc/cache.o
  CC      net/handshake/netlink.o
  CC      net/ipv4/sysctl_net_ipv4.o
  CC      net/ipv4/proc.o
  CC      net/handshake/request.o
  CC      net/sunrpc/rpc_pipe.o
  CC      net/ipv4/ipconfig.o
  CC      net/handshake/tlshd.o
  CC      net/ipv4/netfilter.o
  CC      net/sunrpc/sysfs.o
  CC      net/handshake/trace.o
  CC      net/ipv4/inet_diag.o
  CC      net/ipv4/tcp_diag.o
  CC      net/sunrpc/svc_xprt.o
  AR      net/handshake/built-in.a
  CC      net/sunrpc/xprtmultipath.o
  CC      net/ipv4/tcp_cubic.o
  CC      net/ipv4/tcp_bpf.o
  CC      net/sunrpc/netlink.o
  CC      net/sunrpc/backchannel_rqst.o
  CC      net/ipv4/udp_bpf.o
  CC      net/ipv4/xfrm4_policy.o
  CC      net/sunrpc/stats.o
  CC      net/sunrpc/sysctl.o
  CC      net/ipv4/xfrm4_state.o
  CC      net/ipv4/xfrm4_input.o
  CC      net/ipv4/xfrm4_output.o
  AR      net/sunrpc/built-in.a
  CC      net/ipv4/xfrm4_protocol.o
  AR      net/ipv4/built-in.a
  AR      net/built-in.a
  AR      built-in.a
  AR      built-in-fixup.a
  COPY    vmlinux.a
  LD      vmlinux.o
  MODPOST vmlinux.symvers
  UPD     include/generated/utsversion.h
  CC      init/version-timestamp.o
  KSYMS   .tmp_vmlinux0.kallsyms.S
  AS      .tmp_vmlinux0.kallsyms.o
  LD      .tmp_vmlinux1
  NM      .tmp_vmlinux1.syms
  KSYMS   .tmp_vmlinux1.kallsyms.S
  AS      .tmp_vmlinux1.kallsyms.o
  LD      .tmp_vmlinux2
  NM      .tmp_vmlinux2.syms
  KSYMS   .tmp_vmlinux2.kallsyms.S
  AS      .tmp_vmlinux2.kallsyms.o
  LD      vmlinux.unstripped
  NM      System.map
  SORTTAB vmlinux.unstripped
  OBJCOPY vmlinux
  GEN     modules.builtin.modinfo
  GEN     modules.builtin
  OBJCOPY arch/riscv/boot/Image
  Kernel: arch/riscv/boot/Image is ready
make[5]: Leaving directory '/mnt/git-volume/kernel-test-stable/build/kunitconfig-riscv'
make[4]: Leaving directory '/mnt/git-volume/linux-stable'
