make[2]: Entering directory '/home/benni/git/linux'
make[3]: Entering directory '/home/benni/git/kernel-test/build/kunitconfig-arm64'
.config:12120:warning: override: reassigning to symbol PRINTK
.config:12124:warning: override: reassigning to symbol TTY
.config:12127:warning: override: reassigning to symbol BLK_DEV_INITRD
.config:12128:warning: override: reassigning to symbol RD_GZIP
.config:12131:warning: override: reassigning to symbol BINFMT_ELF
.config:12132:warning: override: reassigning to symbol BINFMT_SCRIPT
.config:12135:warning: override: reassigning to symbol TMPFS
.config:12138:warning: override: reassigning to symbol KUNIT
.config:12154:warning: override: reassigning to symbol OF_UNITTEST
.config:12159:warning: override: reassigning to symbol WATCHDOG
.config:12160:warning: override: reassigning to symbol SOFT_WATCHDOG
.config:12161:warning: override: reassigning to symbol WATCHDOG_SYSFS
.config:12163:warning: override: reassigning to symbol SERIAL_AMBA_PL011
.config:12164:warning: override: reassigning to symbol SERIAL_AMBA_PL011_CONSOLE
#
# configuration written to .config
#
make[3]: Leaving directory '/home/benni/git/kernel-test/build/kunitconfig-arm64'
make[2]: Leaving directory '/home/benni/git/linux'
make[2]: Entering directory '/home/benni/git/linux'
make[3]: Entering directory '/home/benni/git/kernel-test/build/kunitconfig-arm64'
  SYNC    include/config/auto.conf
  GEN     usr/initramfs_data.cpio
  UPD     init/utsversion-tmp.h
  CC      init/version.o
  COPY    usr/initramfs_inc_data
  AS      usr/initramfs_data.o
  AR      usr/built-in.a
  AR      init/built-in.a
  AR      built-in.a
  AR      built-in-fixup.a
  COPY    vmlinux.a
  LD      vmlinux.o
  MODPOST vmlinux.symvers
  UPD     include/generated/utsversion.h
  CC      init/version-timestamp.o
  KSYMS   .tmp_vmlinux0.kallsyms.S
  AS      .tmp_vmlinux0.kallsyms.o
  LD      .tmp_vmlinux1
  NM      .tmp_vmlinux1.syms
  KSYMS   .tmp_vmlinux1.kallsyms.S
  AS      .tmp_vmlinux1.kallsyms.o
  LD      .tmp_vmlinux2
  NM      .tmp_vmlinux2.syms
  KSYMS   .tmp_vmlinux2.kallsyms.S
  AS      .tmp_vmlinux2.kallsyms.o
  LD      vmlinux.unstripped
  NM      System.map
  SORTTAB vmlinux.unstripped
  OBJCOPY vmlinux
  GEN     modules.builtin.modinfo
  GEN     modules.builtin
  OBJCOPY arch/arm64/boot/Image
make[3]: Leaving directory '/home/benni/git/kernel-test/build/kunitconfig-arm64'
make[2]: Leaving directory '/home/benni/git/linux'
