make[2]: Entering directory '/home/benni/git/linux'
make[3]: Entering directory '/home/benni/git/kernel-test/build/rand500config-x86_64'
  UPD     Makefile
  HOSTCC  scripts/basic/fixdep
  HOSTCC  scripts/kconfig/conf.o
  HOSTCC  scripts/kconfig/confdata.o
  HOSTCC  scripts/kconfig/expr.o
  LEX     scripts/kconfig/lexer.lex.c
  YACC    scripts/kconfig/parser.tab.[ch]
  HOSTCC  scripts/kconfig/lexer.lex.o
  HOSTCC  scripts/kconfig/menu.o
  HOSTCC  scripts/kconfig/parser.tab.o
  HOSTCC  scripts/kconfig/preprocess.o
  HOSTCC  scripts/kconfig/symbol.o
  HOSTCC  scripts/kconfig/util.o
  HOSTLD  scripts/kconfig/conf
#
# configuration written to .config
#
Using .config as base
Merging /home/benni/git/linux/kernel/configs/tiny.config
Value of CONFIG_KERNEL_XZ is redefined by fragment /home/benni/git/linux/kernel/configs/tiny.config:
Previous value: # CONFIG_KERNEL_XZ is not set
New value: CONFIG_KERNEL_XZ=y

Value of CONFIG_CC_OPTIMIZE_FOR_SIZE is redefined by fragment /home/benni/git/linux/kernel/configs/tiny.config:
Previous value: # CONFIG_CC_OPTIMIZE_FOR_SIZE is not set
New value: CONFIG_CC_OPTIMIZE_FOR_SIZE=y

Value of CONFIG_SLUB_TINY is redefined by fragment /home/benni/git/linux/kernel/configs/tiny.config:
Previous value: # CONFIG_SLUB_TINY is not set
New value: CONFIG_SLUB_TINY=y

Merging /home/benni/git/linux/arch/x86/configs/tiny.config
Value of CONFIG_UNWINDER_GUESS is redefined by fragment /home/benni/git/linux/arch/x86/configs/tiny.config:
Previous value: # CONFIG_UNWINDER_GUESS is not set
New value: CONFIG_UNWINDER_GUESS=y

#
# merged configuration written to .config (needs make)
#
#
# configuration written to .config
#
make[3]: Leaving directory '/home/benni/git/kernel-test/build/rand500config-x86_64'
make[2]: Leaving directory '/home/benni/git/linux'
make[2]: Entering directory '/home/benni/git/linux'
make[3]: Entering directory '/tmp/tmp.BTL9V7GsOk'
  UPD     Makefile
  HOSTCC  scripts/basic/fixdep
  HOSTCC  scripts/kconfig/conf.o
  HOSTCC  scripts/kconfig/confdata.o
  HOSTCC  scripts/kconfig/expr.o
  LEX     scripts/kconfig/lexer.lex.c
  YACC    scripts/kconfig/parser.tab.[ch]
  HOSTCC  scripts/kconfig/lexer.lex.o
  HOSTCC  scripts/kconfig/menu.o
  HOSTCC  scripts/kconfig/parser.tab.o
  HOSTCC  scripts/kconfig/preprocess.o
  HOSTCC  scripts/kconfig/symbol.o
  HOSTCC  scripts/kconfig/util.o
  HOSTLD  scripts/kconfig/conf
KCONFIG_SEED=0x8E0F1D7E
#
# configuration written to .config
#
make[3]: Leaving directory '/tmp/tmp.BTL9V7GsOk'
make[2]: Leaving directory '/home/benni/git/linux'
make[2]: Entering directory '/home/benni/git/linux'
make[3]: Entering directory '/tmp/tmp.BTL9V7GsOk'
  GENSEED scripts/basic/randstruct.seed
.config:5407:warning: override: reassigning to symbol PRINTK
.config:5411:warning: override: reassigning to symbol TTY
.config:5414:warning: override: reassigning to symbol BLK_DEV_INITRD
.config:5415:warning: override: reassigning to symbol RD_GZIP
.config:5418:warning: override: reassigning to symbol BINFMT_ELF
.config:5419:warning: override: reassigning to symbol BINFMT_SCRIPT
.config:5422:warning: override: reassigning to symbol TMPFS
.config:5425:warning: override: reassigning to symbol KERNEL_GZIP
.config:5431:warning: override: reassigning to symbol KERNEL_BZIP2
.config:5432:warning: override: reassigning to symbol KERNEL_LZMA
.config:5433:warning: override: reassigning to symbol KERNEL_XZ
.config:5434:warning: override: reassigning to symbol KERNEL_LZO
.config:5435:warning: override: reassigning to symbol KERNEL_LZ4
.config:5436:warning: override: reassigning to symbol KERNEL_ZSTD
.config:5439:warning: override: reassigning to symbol MODULES
.config:5442:warning: override: reassigning to symbol DRM
.config:5443:warning: override: reassigning to symbol SOUND
.config:5444:warning: override: reassigning to symbol STAGING
.config:5446:warning: override: reassigning to symbol MEDIA_SUPPORT
.config:5452:warning: override: reassigning to symbol KCOV
.config:5455:warning: override: reassigning to symbol KCSAN
.config:5456:warning: override: reassigning to symbol KFENCE
.config:5457:warning: override: reassigning to symbol UBSAN
.config:5462:warning: override: reassigning to symbol RCU_TORTURE_TEST
.config:5463:warning: override: reassigning to symbol LOCK_TORTURE_TEST
.config:5470:warning: override: reassigning to symbol KUNIT
#
# configuration written to .config
#
make[3]: Leaving directory '/tmp/tmp.BTL9V7GsOk'
make[2]: Leaving directory '/home/benni/git/linux'
make[2]: Entering directory '/home/benni/git/linux'
make[3]: Entering directory '/home/benni/git/kernel-test/build/rand500config-x86_64'
.config:1448:warning: override: reassigning to symbol DEBUG_SG
.config:1456:warning: override: reassigning to symbol STACKPROTECTOR
.config:1459:warning: override: reassigning to symbol MMU_LAZY_TLB_REFCOUNT
.config:1462:warning: override: reassigning to symbol HANGCHECK_TIMER
.config:1470:warning: override: reassigning to symbol HAVE_OBJTOOL_MCOUNT
.config:1477:warning: override: reassigning to symbol PCI
.config:1480:warning: override: reassigning to symbol HAVE_CMPXCHG_LOCAL
.config:1489:warning: override: reassigning to symbol ARCH_HAS_ELFCORE_COMPAT
.config:1492:warning: override: reassigning to symbol HAVE_ARCH_RANDOMIZE_KSTACK_OFFSET
.config:1499:warning: override: reassigning to symbol X86_CMOV
.config:1502:warning: override: reassigning to symbol X86_DISABLED_FEATURE_RETHUNK
.config:1509:warning: override: reassigning to symbol HAVE_NOINSTR_VALIDATION
.config:1520:warning: override: reassigning to symbol PREEMPT_BUILD
.config:1521:warning: override: reassigning to symbol CC_HAS_ASM_GOTO_OUTPUT
.config:1526:warning: override: reassigning to symbol ARCH_HAS_FORTIFY_SOURCE
.config:1527:warning: override: reassigning to symbol ARCH_HAS_COPY_MC
.config:1528:warning: override: reassigning to symbol X86_REQUIRED_FEATURE_CPUID
.config:1530:warning: override: reassigning to symbol DEBUG_KERNEL
.config:1540:warning: override: reassigning to symbol HAVE_IRQ_TIME_ACCOUNTING
.config:1546:warning: override: reassigning to symbol ARCH_SUPPORTS_MSEAL_SYSTEM_MAPPINGS
.config:1547:warning: override: reassigning to symbol ARCH_HAS_CPU_RELAX
.config:1551:warning: override: reassigning to symbol HAVE_KERNEL_LZ4
.config:1555:warning: override: reassigning to symbol ARCH_SUPPORTS_UPROBES
.config:1557:warning: override: reassigning to symbol ZONE_DMA
.config:1565:warning: override: reassigning to symbol X86_DISABLED_FEATURE_CYRIX_ARR
.config:1566:warning: override: reassigning to symbol ARCH_HAS_MEM_ENCRYPT
.config:1573:warning: override: reassigning to symbol PAGE_EXTENSION
.config:1575:warning: override: reassigning to symbol DEBUG_KMAP_LOCAL_FORCE_MAP
.config:1577:warning: override: reassigning to symbol DEBUG_INFO_DWARF4
.config:1586:warning: override: reassigning to symbol DEBUG_FORCE_WEAK_PER_CPU
.config:1587:warning: override: reassigning to symbol SWIOTLB
.config:1592:warning: override: reassigning to symbol WQ_CPU_INTENSIVE_REPORT
.config:1593:warning: override: reassigning to symbol ARCH_WANT_HUGETLB_VMEMMAP_PREINIT
.config:1605:warning: override: reassigning to symbol PHY_CAN_TRANSCEIVER
.config:1618:warning: override: reassigning to symbol HAVE_ARCH_PREL32_RELOCATIONS
.config:1628:warning: override: reassigning to symbol GENERIC_CPU_DEVICES
.config:1631:warning: override: reassigning to symbol COMPACTION
.config:1635:warning: override: reassigning to symbol IO_DELAY_0XED
.config:1640:warning: override: reassigning to symbol X86_REQUIRED_FEATURE_PAE
.config:1641:warning: override: reassigning to symbol HYPERVISOR_GUEST
.config:1648:warning: override: reassigning to symbol EDAC_ATOMIC_SCRUB
.config:1651:warning: override: reassigning to symbol X86_REQUIRED_FEATURE_XMM
.config:1654:warning: override: reassigning to symbol BOOT_CONFIG
.config:1656:warning: override: reassigning to symbol DEBUG_ATOMIC
.config:1660:warning: override: reassigning to symbol CC_HAS_KASAN_SW_TAGS
.config:1665:warning: override: reassigning to symbol GCC_NO_STRINGOP_OVERFLOW
.config:1670:warning: override: reassigning to symbol CC_HAS_ASM_GOTO_TIED_OUTPUT
.config:1671:warning: override: reassigning to symbol ARCH_HAS_ELF_RANDOMIZE
.config:1672:warning: override: reassigning to symbol HAVE_ARCH_TRACEHOOK
.config:1674:warning: override: reassigning to symbol FAULT_INJECTION
.config:1682:warning: override: reassigning to symbol HAVE_FUNCTION_TRACER
.config:1685:warning: override: reassigning to symbol USB_SUPPORT
.config:1698:warning: override: reassigning to symbol SLAB_MERGE_DEFAULT
.config:1705:warning: override: reassigning to symbol X86_VSYSCALL_EMULATION
.config:1706:warning: override: reassigning to symbol IKCONFIG
.config:1711:warning: override: reassigning to symbol X86_MSR
.config:1713:warning: override: reassigning to symbol MFD_CGBC
.config:1714:warning: override: reassigning to symbol TRACING_SUPPORT
.config:1720:warning: override: reassigning to symbol RTC_LIB
.config:1724:warning: override: reassigning to symbol HAVE_SAMPLE_FTRACE_DIRECT
.config:1725:warning: override: reassigning to symbol CORDIC
.config:1727:warning: override: reassigning to symbol LEGACY_VSYSCALL_NONE
.config:1737:warning: override: reassigning to symbol ARCH_WANTS_DYNAMIC_TASK_STRUCT
.config:1739:warning: override: reassigning to symbol ZERO_CALL_USED_REGS
.config:1746:warning: override: reassigning to symbol SYSCTL_EXCEPTION_TRACE
.config:1751:warning: override: reassigning to symbol FORCE_NR_CPUS
.config:1754:warning: override: reassigning to symbol CC_CAN_LINK
.config:1764:warning: override: reassigning to symbol FANOTIFY
.config:1768:warning: override: reassigning to symbol LTO_NONE
.config:1773:warning: override: reassigning to symbol RESET_CONTROLLER
.config:1782:warning: override: reassigning to symbol WW_MUTEX_SELFTEST
.config:1792:warning: override: reassigning to symbol SECTION_MISMATCH_WARN_ONLY
.config:1801:warning: override: reassigning to symbol X86_REQUIRED_FEATURE_LM
.config:1808:warning: override: reassigning to symbol IRQ_WORK
.config:1810:warning: override: reassigning to symbol TCG_TPM
.config:1812:warning: override: reassigning to symbol BINFMT_SCRIPT
.config:1819:warning: override: reassigning to symbol BCMA_POSSIBLE
.config:1829:warning: override: reassigning to symbol OVERLAY_FS
.config:1830:warning: override: reassigning to symbol SIOX
.config:1837:warning: override: reassigning to symbol X86_MCE
.config:1843:warning: override: reassigning to symbol HAVE_PERF_EVENTS
.config:1850:warning: override: reassigning to symbol GENERIC_IOMAP
.config:1851:warning: override: reassigning to symbol PREVENT_FIRMWARE_BUILD
.config:1854:warning: override: reassigning to symbol CC_HAS_NAMED_AS_FIXED_SANITIZERS
.config:1857:warning: override: reassigning to symbol THERMAL
.config:1858:warning: override: reassigning to symbol CONFIGFS_FS
.config:1874:warning: override: reassigning to symbol ARCH_HAS_SYNC_CORE_BEFORE_USERMODE
.config:1876:warning: override: reassigning to symbol DYNAMIC_SIGFRAME
.config:1879:warning: override: reassigning to symbol MTRR
.config:1880:warning: override: reassigning to symbol HAVE_KERNEL_ZSTD
.config:1890:warning: override: reassigning to symbol 64BIT
.config:1892:warning: override: reassigning to symbol HAVE_NOINSTR_HACK
.config:1906:warning: override: reassigning to symbol HAVE_ARCH_SECCOMP_FILTER
.config:1907:warning: override: reassigning to symbol X86_DISABLED_FEATURE_RETPOLINE
.config:1911:warning: override: reassigning to symbol ARCH_HAS_PTDUMP
.config:1912:warning: override: reassigning to symbol GENERIC_STRNCPY_FROM_USER
.config:1914:warning: override: reassigning to symbol DMABUF_HEAPS
.config:1922:warning: override: reassigning to symbol MMU_GATHER_MERGE_VMAS
.config:1937:warning: override: reassigning to symbol NEED_PER_CPU_PAGE_FIRST_CHUNK
.config:1943:warning: override: reassigning to symbol HAVE_PERF_USER_STACK_DUMP
.config:1960:warning: override: reassigning to symbol PRINTK
.config:1964:warning: override: reassigning to symbol TTY
.config:1967:warning: override: reassigning to symbol BLK_DEV_INITRD
.config:1968:warning: override: reassigning to symbol RD_GZIP
.config:1971:warning: override: reassigning to symbol BINFMT_ELF
.config:1972:warning: override: reassigning to symbol BINFMT_SCRIPT
.config:1978:warning: override: reassigning to symbol KERNEL_GZIP
#
# configuration written to .config
#
make[3]: Leaving directory '/home/benni/git/kernel-test/build/rand500config-x86_64'
make[2]: Leaving directory '/home/benni/git/linux'
make[2]: Entering directory '/home/benni/git/linux'
make[3]: Entering directory '/home/benni/git/kernel-test/build/rand500config-x86_64'
  SYNC    include/config/auto.conf
  WRAP    arch/x86/include/generated/uapi/asm/bpf_perf_event.h
  WRAP    arch/x86/include/generated/uapi/asm/errno.h
  WRAP    arch/x86/include/generated/uapi/asm/fcntl.h
  UPD     include/generated/uapi/linux/version.h
  WRAP    arch/x86/include/generated/uapi/asm/ioctl.h
  SYSHDR  arch/x86/include/generated/uapi/asm/unistd_32.h
  WRAP    arch/x86/include/generated/uapi/asm/ioctls.h
  SYSHDR  arch/x86/include/generated/uapi/asm/unistd_64.h
  WRAP    arch/x86/include/generated/uapi/asm/ipcbuf.h
  SYSHDR  arch/x86/include/generated/uapi/asm/unistd_x32.h
  SYSTBL  arch/x86/include/generated/asm/syscalls_32.h
  SYSHDR  arch/x86/include/generated/asm/unistd_32_ia32.h
  WRAP    arch/x86/include/generated/uapi/asm/param.h
  WRAP    arch/x86/include/generated/uapi/asm/poll.h
  WRAP    arch/x86/include/generated/uapi/asm/resource.h
  SYSHDR  arch/x86/include/generated/asm/unistd_64_x32.h
  WRAP    arch/x86/include/generated/uapi/asm/socket.h
  SYSTBL  arch/x86/include/generated/asm/syscalls_64.h
  WRAP    arch/x86/include/generated/uapi/asm/sockios.h
  UPD     arch/x86/include/generated/asm/cpufeaturemasks.h
  HOSTCC  arch/x86/tools/relocs_32.o
  WRAP    arch/x86/include/generated/uapi/asm/termios.h
  HOSTCC  arch/x86/tools/relocs_64.o
  WRAP    arch/x86/include/generated/uapi/asm/termbits.h
  HOSTCC  arch/x86/tools/relocs_common.o
  HOSTCC  scripts/sorttable.o
  HOSTCC  arch/x86/tools/vdso2c
  WRAP    arch/x86/include/generated/uapi/asm/types.h
  UPD     include/generated/compile.h
  HOSTCC  scripts/elf-parse.o
  HOSTCC  scripts/asn1_compiler
  DESCEND objtool
  WRAP    arch/x86/include/generated/asm/fprobe.h
  WRAP    arch/x86/include/generated/asm/early_ioremap.h
  WRAP    arch/x86/include/generated/asm/mcs_spinlock.h
  WRAP    arch/x86/include/generated/asm/mmzone.h
  WRAP    arch/x86/include/generated/asm/ring_buffer.h
  HOSTLD  scripts/sorttable
  WRAP    arch/x86/include/generated/asm/irq_regs.h
  WRAP    arch/x86/include/generated/asm/device.h
  WRAP    arch/x86/include/generated/asm/kmap_size.h
  WRAP    arch/x86/include/generated/asm/local64.h
  WRAP    arch/x86/include/generated/asm/mmiowb.h
  WRAP    arch/x86/include/generated/asm/module.lds.h
  WRAP    arch/x86/include/generated/asm/rwonce.h
  UPD     include/config/kernel.release
  UPD     include/generated/utsrelease.h
  HOSTLD  arch/x86/tools/relocs
  CC      scripts/mod/empty.o
  HOSTCC  scripts/mod/mk_elfconfig
  CC      scripts/mod/devicetable-offsets.s
  MKELF   scripts/mod/elfconfig.h
  HOSTCC  scripts/mod/modpost.o
  HOSTCC  scripts/mod/sumversion.o
  HOSTCC  scripts/mod/symsearch.o
  UPD     scripts/mod/devicetable-offsets.h
  HOSTCC  scripts/mod/file2alias.o
  HOSTLD  scripts/mod/modpost
  CC      kernel/bounds.s
  CHKSHA1 /home/benni/git/linux/include/linux/atomic/atomic-arch-fallback.h
  CHKSHA1 /home/benni/git/linux/include/linux/atomic/atomic-instrumented.h
  CHKSHA1 /home/benni/git/linux/include/linux/atomic/atomic-long.h
  UPD     include/generated/timeconst.h
  UPD     include/generated/bounds.h
  CC      arch/x86/kernel/asm-offsets.s
  CC      /home/benni/git/kernel-test/build/rand500config-x86_64/tools/objtool/libsubcmd/exec-cmd.o
  CC      /home/benni/git/kernel-test/build/rand500config-x86_64/tools/objtool/libsubcmd/help.o
  CC      /home/benni/git/kernel-test/build/rand500config-x86_64/tools/objtool/libsubcmd/pager.o
  CC      /home/benni/git/kernel-test/build/rand500config-x86_64/tools/objtool/libsubcmd/parse-options.o
  CC      /home/benni/git/kernel-test/build/rand500config-x86_64/tools/objtool/libsubcmd/run-command.o
  CC      /home/benni/git/kernel-test/build/rand500config-x86_64/tools/objtool/libsubcmd/sigchain.o
  CC      /home/benni/git/kernel-test/build/rand500config-x86_64/tools/objtool/libsubcmd/subcmd-config.o
  LD      /home/benni/git/kernel-test/build/rand500config-x86_64/tools/objtool/libsubcmd/libsubcmd-in.o
  AR      /home/benni/git/kernel-test/build/rand500config-x86_64/tools/objtool/libsubcmd/libsubcmd.a
  CC      /home/benni/git/kernel-test/build/rand500config-x86_64/tools/objtool/weak.o
  CC      /home/benni/git/kernel-test/build/rand500config-x86_64/tools/objtool/check.o
  CC      /home/benni/git/kernel-test/build/rand500config-x86_64/tools/objtool/special.o
  CC      /home/benni/git/kernel-test/build/rand500config-x86_64/tools/objtool/builtin-check.o
  CC      /home/benni/git/kernel-test/build/rand500config-x86_64/tools/objtool/elf.o
  MKDIR   /home/benni/git/kernel-test/build/rand500config-x86_64/tools/objtool/arch/x86/lib/
  CC      /home/benni/git/kernel-test/build/rand500config-x86_64/tools/objtool/objtool.o
  MKDIR   /home/benni/git/kernel-test/build/rand500config-x86_64/tools/objtool/arch/x86/lib/
  CC      /home/benni/git/kernel-test/build/rand500config-x86_64/tools/objtool/disas.o
  MKDIR   /home/benni/git/kernel-test/build/rand500config-x86_64/tools/objtool/arch/x86/
  CC      /home/benni/git/kernel-test/build/rand500config-x86_64/tools/objtool/trace.o
  CC      /home/benni/git/kernel-test/build/rand500config-x86_64/tools/objtool/orc_gen.o
  CC      /home/benni/git/kernel-test/build/rand500config-x86_64/tools/objtool/orc_dump.o
  GEN     /home/benni/git/kernel-test/build/rand500config-x86_64/tools/objtool/arch/x86/lib/inat-tables.c
  GEN     /home/benni/git/kernel-test/build/rand500config-x86_64/tools/objtool/arch/x86/lib/cpu-feature-names.c
  CC      /home/benni/git/kernel-test/build/rand500config-x86_64/tools/objtool/builtin-klp.o
  CC      /home/benni/git/kernel-test/build/rand500config-x86_64/tools/objtool/arch/x86/orc.o
  CC      /home/benni/git/kernel-test/build/rand500config-x86_64/tools/objtool/klp-checksum.o
  CC      /home/benni/git/kernel-test/build/rand500config-x86_64/tools/objtool/klp-diff.o
  UPD     include/generated/asm-offsets.h
  CC      /home/benni/git/kernel-test/build/rand500config-x86_64/tools/objtool/arch/x86/special.o
  CC      kernel/sched/rq-offsets.s
  CC      /home/benni/git/kernel-test/build/rand500config-x86_64/tools/objtool/klp-post-link.o
  CC      /home/benni/git/kernel-test/build/rand500config-x86_64/tools/objtool/arch/x86/decode.o
  CC      /home/benni/git/kernel-test/build/rand500config-x86_64/tools/objtool/libstring.o
  CC      /home/benni/git/kernel-test/build/rand500config-x86_64/tools/objtool/libctype.o
  CC      /home/benni/git/kernel-test/build/rand500config-x86_64/tools/objtool/librbtree.o
  CC      /home/benni/git/kernel-test/build/rand500config-x86_64/tools/objtool/str_error_r.o
  CC      /home/benni/git/kernel-test/build/rand500config-x86_64/tools/objtool/signal.o
  UPD     include/generated/rq-offsets.h
  CALL    /home/benni/git/linux/scripts/checksyscalls.sh 
  LD      /home/benni/git/kernel-test/build/rand500config-x86_64/tools/objtool/arch/x86/objtool-in.o
  LD      /home/benni/git/kernel-test/build/rand500config-x86_64/tools/objtool/objtool-in.o
  LINK    /home/benni/git/kernel-test/build/rand500config-x86_64/tools/objtool/objtool
  CC      init/main.o
  HOSTCC  usr/gen_init_cpio
  AR      certs/built-in.a
  AR      ipc/built-in.a
  CC      mm/filemap.o
  CC      security/commoncap.o
  CC      fs/open.o
  AS      arch/x86/lib/bhi.o
  AS      arch/x86/boot/startup/la57toggle.o
  UPD     init/utsversion-tmp.h
  AR      sound/built-in.a
  AS      arch/x86/entry/entry.o
  CC      fs/read_write.o
  CC      lib/argv_split.o
  AR      drivers/cache/built-in.a
  AS      arch/x86/lib/clear_page_64.o
  AR      drivers/irqchip/built-in.a
  CC      arch/x86/events/core.o
  CC      lib/buildid.o
  AR      drivers/bus/mhi/built-in.a
  AR      drivers/bus/built-in.a
  CC      kernel/fork.o
  CC      arch/x86/boot/startup/gdt_idt.o
  CC      arch/x86/events/probe.o
  CC      arch/x86/lib/cmdline.o
  AS      arch/x86/entry/entry_64.o
  CC      drivers/phy/phy-core.o
  CC      crypto/api.o
  CC      arch/x86/entry/syscall_64.o
  AS      arch/x86/lib/cmpxchg16b_emu.o
  GEN     usr/initramfs_data.cpio
  COPY    usr/initramfs_inc_data
  CC      arch/x86/lib/copy_mc.o
  AS      usr/initramfs_data.o
  AR      usr/built-in.a
  CC      kernel/exec_domain.o
  CC      arch/x86/entry/common.o
  CC      arch/x86/boot/startup/map_kernel.o
  CC      arch/x86/entry/vdso/vma.o
  AS      arch/x86/lib/copy_mc_64.o
  CC      lib/clz_tab.o
  AS      arch/x86/lib/copy_page_64.o
  CC      lib/cmdline.o
  AR      arch/x86/boot/startup/lib.a
  AS      arch/x86/lib/copy_user_64.o
  OBJCOPY arch/x86/boot/startup/gdt_idt.pi.o
  OBJCOPY arch/x86/boot/startup/map_kernel.pi.o
  CC      crypto/cipher.o
  AR      arch/x86/boot/startup/built-in.a
  CC      init/do_mounts.o
  AS      arch/x86/lib/copy_user_uncached_64.o
  CC      security/min_addr.o
  CC      drivers/phy/phy-can-transceiver.o
  CC      arch/x86/lib/cpu.o
  CC      lib/ctype.o
  CC      lib/dec_and_lock.o
  AR      virt/lib/built-in.a
  CC      init/do_mounts_initrd.o
  AR      virt/built-in.a
  CC      arch/x86/pci/i386.o
  CC      lib/decompress.o
  CC      fs/file_table.o
  CC      lib/decompress_bunzip2.o
  CC      arch/x86/entry/vdso/extable.o
  CC      arch/x86/realmode/init.o
  CC      init/initramfs.o
  AS      arch/x86/kernel/head_64.o
  AS      arch/x86/lib/csum-copy_64.o
  CC      arch/x86/kernel/head64.o
  CC      arch/x86/lib/csum-partial_64.o
  CC      crypto/crypto_engine.o
  CC      arch/x86/lib/csum-wrappers_64.o
  AR      security/built-in.a
  CC      arch/x86/kernel/ebda.o
  CC      arch/x86/events/utils.o
  AR      drivers/phy/allwinner/built-in.a
  AR      drivers/phy/amlogic/built-in.a
  AR      drivers/phy/apple/built-in.a
  CC      kernel/exec_state.o
  AR      drivers/phy/axiado/built-in.a
  AR      drivers/phy/broadcom/built-in.a
  AR      drivers/phy/cadence/built-in.a
  AR      drivers/phy/canaan/built-in.a
  AR      drivers/phy/eswin/built-in.a
  AR      drivers/phy/freescale/built-in.a
  CC      lib/decompress_inflate.o
  AR      drivers/phy/hisilicon/built-in.a
  CC      arch/x86/pci/init.o
  LDS     arch/x86/entry/vdso/vdso64/vdso64.lds
  AR      drivers/phy/ingenic/built-in.a
  AR      drivers/phy/intel/built-in.a
  AS      arch/x86/entry/vdso/vdso64/note.o
  AR      drivers/phy/lantiq/built-in.a
  AR      drivers/phy/marvell/built-in.a
  CC      arch/x86/entry/vdso/vdso64/vclock_gettime.o
  AR      drivers/phy/mediatek/built-in.a
  AS      arch/x86/realmode/rm/header.o
  AR      drivers/phy/microchip/built-in.a
  AR      drivers/phy/motorola/built-in.a
  AR      drivers/phy/mscc/built-in.a
  AS      arch/x86/realmode/rm/trampoline_64.o
  CC      arch/x86/lib/delay.o
  AR      drivers/phy/nuvoton/built-in.a
  AR      drivers/phy/qualcomm/built-in.a
  CC      mm/mempool.o
  AR      drivers/phy/ralink/built-in.a
  AS      arch/x86/realmode/rm/stack.o
  AR      drivers/phy/realtek/built-in.a
  AR      drivers/phy/renesas/built-in.a
  CC      arch/x86/kernel/platform-quirks.o
  CC      crypto/algapi.o
  AR      drivers/phy/rockchip/built-in.a
  AS      arch/x86/realmode/rm/reboot.o
  CC      mm/oom_kill.o
  AR      drivers/phy/samsung/built-in.a
  AR      drivers/phy/socionext/built-in.a
  AR      drivers/phy/sophgo/built-in.a
  PASYMS  arch/x86/realmode/rm/pasyms.h
  AR      drivers/phy/spacemit/built-in.a
  CC      fs/super.o
  AR      drivers/phy/st/built-in.a
  LDS     arch/x86/realmode/rm/realmode.lds
  AR      drivers/phy/starfive/built-in.a
  LD      arch/x86/realmode/rm/realmode.elf
  RELOCS  arch/x86/realmode/rm/realmode.relocs
  OBJCOPY arch/x86/realmode/rm/realmode.bin
  AR      drivers/phy/sunplus/built-in.a
  AS      arch/x86/realmode/rmpiggy.o
  CC      init/calibrate.o
  AR      drivers/phy/tegra/built-in.a
  CC      fs/char_dev.o
  CC      kernel/panic.o
  AR      drivers/phy/ti/built-in.a
  AR      arch/x86/realmode/built-in.a
  AR      drivers/phy/xilinx/built-in.a
  AR      drivers/phy/built-in.a
  CC      arch/x86/mm/init.o
  CC      lib/decompress_unlz4.o
  CC      drivers/gpio/gpiolib.o
  AS      arch/x86/lib/getuser.o
  GEN     arch/x86/lib/inat-tables.c
  AR      drivers/pwm/built-in.a
  CC      fs/stat.o
  CC      arch/x86/lib/insn-eval.o
  CC      arch/x86/entry/vdso/vdso64/vgetcpu.o
  CC      arch/x86/events/rapl.o
  CC      init/init_task.o
  CC      arch/x86/pci/direct.o
  CC      arch/x86/entry/vdso/vdso64/vgetrandom.o
  CC      arch/x86/kernel/process_64.o
  AS      arch/x86/entry/vdso/vdso64/vgetrandom-chacha.o
  VDSO    arch/x86/entry/vdso/vdso64/vdso64.so.dbg
  OBJCOPY arch/x86/entry/vdso/vdso64/vdso64.so
  VDSO2C  arch/x86/entry/vdso/vdso64/vdso64-image.c
  CC      lib/decompress_unlzma.o
  CC      arch/x86/entry/vdso/vdso64/vdso64-image.o
  CC      lib/decompress_unlzo.o
  CC      kernel/cpu.o
  AR      drivers/leds/blink/built-in.a
  AR      drivers/leds/simatic/built-in.a
  AR      drivers/leds/built-in.a
  CC      arch/x86/entry/vsyscall/vsyscall_64.o
  AR      arch/x86/entry/vdso/vdso64/built-in.a
  AR      arch/x86/entry/vdso/built-in.a
  CC      arch/x86/pci/fixup.o
  CC      init/version.o
  CC      arch/x86/mm/init_64.o
  AS      arch/x86/crypto/twofish-x86_64-asm_64.o
  CC      mm/fadvise.o
  CC      crypto/scatterwalk.o
  CC      arch/x86/lib/insn.o
  CC      arch/x86/crypto/twofish_glue.o
  AS      arch/x86/lib/memcpy_64.o
  CC      crypto/aead.o
  AS      arch/x86/crypto/twofish-x86_64-asm_64-3way.o
  CC      fs/exec.o
  CC      arch/x86/events/amd/core.o
  CC      arch/x86/mm/fault.o
  CC      lib/decompress_unxz.o
  CC      arch/x86/kernel/signal.o
  AS      arch/x86/lib/memmove_64.o
  AS      arch/x86/lib/memset_64.o
  CC      arch/x86/crypto/twofish_glue_3way.o
  CC      arch/x86/lib/misc.o
  AR      init/built-in.a
  CC      arch/x86/lib/pc-conf-reg.o
  CC      crypto/lskcipher.o
  CC      kernel/exit.o
  AS      arch/x86/entry/vsyscall/vsyscall_emu_64.o
  AS      arch/x86/crypto/twofish-avx-x86_64-asm_64.o
  AS      arch/x86/lib/putuser.o
  CC      arch/x86/pci/legacy.o
  AR      arch/x86/entry/vsyscall/built-in.a
  CC      mm/maccess.o
  CC      lib/decompress_unzstd.o
  AS      arch/x86/entry/thunk.o
  CC      arch/x86/lib/usercopy.o
  CC      arch/x86/mm/ioremap.o
  AR      arch/x86/entry/built-in.a
  CC      arch/x86/crypto/twofish_avx_glue.o
  CC      arch/x86/lib/usercopy_64.o
  CC      fs/pipe.o
  CC      drivers/gpio/gpiolib-devres.o
  CC      drivers/gpio/gpiolib-legacy.o
  CC      arch/x86/kernel/signal_64.o
  CC      drivers/gpio/gpiolib-cdev.o
  CC      arch/x86/events/amd/lbr.o
  CC      arch/x86/pci/irq.o
  CC      lib/dump_stack.o
  CC      drivers/gpio/gpiolib-swnode.o
  AS      arch/x86/crypto/cast5-avx-x86_64-asm_64.o
  CC      mm/page-writeback.o
  CC      arch/x86/lib/msr.o
  CC      crypto/skcipher.o
  CC      arch/x86/kernel/traps.o
  CC      arch/x86/crypto/cast5_avx_glue.o
  AR      arch/x86/platform/atom/built-in.a
  AR      arch/x86/platform/ce4100/built-in.a
  AR      arch/x86/platform/efi/built-in.a
  AR      arch/x86/platform/geode/built-in.a
  AR      arch/x86/platform/iris/built-in.a
  CC      arch/x86/mm/extable.o
  AR      arch/x86/platform/intel/built-in.a
  AR      arch/x86/net/built-in.a
  CC      drivers/gpio/gpio-regmap.o
  AR      arch/x86/platform/intel-mid/built-in.a
  AR      arch/x86/platform/intel-quark/built-in.a
  AR      arch/x86/platform/olpc/built-in.a
  AR      arch/x86/platform/scx200/built-in.a
  AR      arch/x86/platform/ts5500/built-in.a
  AR      arch/x86/platform/uv/built-in.a
  AR      arch/x86/platform/built-in.a
  CC      mm/folio-compat.o
  CC      lib/earlycpio.o
  AS      arch/x86/lib/msr-reg.o
  CC      lib/extable.o
  CC      arch/x86/lib/msr-reg-export.o
  CC      arch/x86/events/msr.o
  AS      arch/x86/crypto/sm4-aesni-avx-asm_64.o
  CC      kernel/softirq.o
  CC      arch/x86/crypto/sm4_aesni_avx_glue.o
  CC      fs/namei.o
  CC      arch/x86/mm/mmap.o
  CC      arch/x86/events/amd/ibs.o
  AS      arch/x86/lib/hweight.o
  CC      arch/x86/lib/iomem.o
  CC      arch/x86/events/intel/core.o
  CC      lib/flex_proportions.o
  CC      drivers/gpio/gpio-mmio.o
  CC      arch/x86/pci/common.o
  AR      arch/x86/crypto/built-in.a
  CC      arch/x86/kernel/idt.o
  CC      arch/x86/pci/early.o
  CC      arch/x86/pci/bus_numa.o
  CC      crypto/ahash.o
  CC      arch/x86/kernel/irq.o
  CC      arch/x86/mm/pgtable.o
  CC      arch/x86/lib/inat.o
  CC      lib/idr.o
  CC      arch/x86/events/zhaoxin/core.o
  CC      mm/readahead.o
  CC      kernel/resource.o
  AR      arch/x86/lib/built-in.a
  AR      arch/x86/lib/lib.a
  CC      arch/x86/pci/amd_bus.o
  CC      drivers/gpio/gpio-altera.o
  CC      mm/swap.o
  CC      fs/fcntl.o
  CC      arch/x86/virt/svm/cmdline.o
  CC      lib/iomem_copy.o
  AR      arch/x86/virt/vmx/built-in.a
  CC      arch/x86/kernel/irq_64.o
  AR      arch/x86/events/amd/built-in.a
  CC      drivers/gpio/gpio-f7188x.o
  CC      mm/truncate.o
  AR      arch/x86/virt/svm/built-in.a
  AR      arch/x86/virt/built-in.a
  CC      lib/irq_regs.o
  CC      drivers/gpio/gpio-ml-ioh.o
  CC      arch/x86/mm/physaddr.o
  AR      arch/x86/events/zhaoxin/built-in.a
  CC      crypto/shash.o
  CC      mm/vmscan.o
  AR      arch/x86/pci/built-in.a
  CC      drivers/pci/access.o
  CC      lib/is_single_threaded.o
  CC      drivers/pci/bus.o
  CC      lib/klist.o
  CC      kernel/sysctl.o
  CC      arch/x86/kernel/dumpstack_64.o
  CC      drivers/pci/probe.o
  CC      arch/x86/mm/tlb.o
  CC      arch/x86/events/intel/bts.o
  CC      mm/shrinker.o
  CC      lib/kobject.o
  CC      drivers/gpio/gpio-pcie-idio-24.o
  CC      arch/x86/events/intel/ds.o
  CC      fs/ioctl.o
  CC      crypto/akcipher.o
  CC      fs/readdir.o
  CC      drivers/video/screen_info_generic.o
  CC      arch/x86/kernel/time.o
  CC      drivers/video/screen_info_pci.o
  CC      kernel/capability.o
  CC      crypto/sig.o
  CC      lib/kobject_uevent.o
  CC      drivers/gpio/gpio-rdc321x.o
  CC      fs/select.o
  CC      arch/x86/mm/cpu_entry_area.o
  CC      arch/x86/kernel/ioport.o
  CC      crypto/kpp.o
  CC      arch/x86/mm/maccess.o
  CC      kernel/ptrace.o
  CC      drivers/pci/host-bridge.o
  CC      mm/shmem.o
  CC      drivers/video/console/dummycon.o
  CC      drivers/pci/remove.o
  CC      arch/x86/mm/pgprot.o
  CC      drivers/video/console/vgacon.o
  CC      mm/util.o
  CC      drivers/gpio/gpio-virtuser.o
  CC      drivers/gpio/gpio-winbond.o
  CC      lib/logic_pio.o
  CC      arch/x86/kernel/dumpstack.o
  CC      fs/dcache.o
  CC      crypto/dh.o
  CC      kernel/user.o
  CC      arch/x86/mm/pat/set_memory.o
  CC      fs/inode.o
  CC      arch/x86/kernel/nmi.o
  CC      drivers/pci/pci.o
  CC      arch/x86/events/intel/knc.o
  CC      lib/maple_tree.o
  CC      arch/x86/events/intel/lbr.o
  CC      arch/x86/mm/pat/memtype.o
  CC      mm/mmzone.o
  CC      crypto/dh_helper.o
  AR      drivers/video/console/built-in.a
  CC      arch/x86/kernel/setup.o
  AR      drivers/video/backlight/built-in.a
  AR      drivers/video/fbdev/core/built-in.a
  CC      drivers/gpio/gpio-xilinx.o
  AR      drivers/video/fbdev/omap/built-in.a
  AR      drivers/video/fbdev/omap2/omapfb/dss/built-in.a
  AR      drivers/video/fbdev/omap2/omapfb/displays/built-in.a
  AR      drivers/video/fbdev/omap2/omapfb/built-in.a
  AR      drivers/video/fbdev/omap2/built-in.a
  CC      kernel/signal.o
  AR      drivers/video/fbdev/built-in.a
  AR      drivers/video/built-in.a
  CC      arch/x86/kernel/x86_init.o
  CC      arch/x86/kernel/i8259.o
  ASN.1   crypto/rsapubkey.asn1.[ch]
  ASN.1   crypto/rsaprivkey.asn1.[ch]
  CC      crypto/rsa.o
  CC      mm/vmstat.o
  CC      fs/attr.o
  CC      kernel/sys.o
  CC      kernel/umh.o
  AR      drivers/gpio/built-in.a
  CC      arch/x86/kernel/irqinit.o
  CC      arch/x86/mm/pat/memtype_interval.o
  CC      lib/memcat_p.o
  AR      drivers/idle/built-in.a
  CC      arch/x86/events/intel/p4.o
  CC      arch/x86/kernel/irq_work.o
  AR      drivers/char/ipmi/built-in.a
  CC      crypto/rsa_helper.o
  CC      drivers/pci/pci-driver.o
  CC      drivers/pci/search.o
  CC      drivers/pci/rebar.o
  CC      drivers/pci/rom.o
  CC      mm/backing-dev.o
  CC      fs/bad_inode.o
  CC      crypto/rsa-pkcs1pad.o
  AR      arch/x86/mm/pat/built-in.a
  CC      fs/file.o
  AR      arch/x86/mm/built-in.a
  CC      drivers/pci/setup-res.o
  CC      lib/nmi_backtrace.o
  CC      lib/objpool.o
  CC      lib/plist.o
  CC      kernel/workqueue.o
  CC      arch/x86/events/intel/p6.o
  CC      arch/x86/kernel/probe_roms.o
  CC      crypto/rsassa-pkcs1.o
  AR      drivers/amba/built-in.a
  CC      mm/mm_init.o
  CC      arch/x86/events/intel/pt.o
  AR      drivers/clk/actions/built-in.a
  CC      mm/percpu.o
  CC      crypto/ecdsa.o
  AR      drivers/clk/analogbits/built-in.a
  CC      drivers/pci/irq.o
  AR      drivers/clk/aspeed/built-in.a
  AR      drivers/clk/bcm/built-in.a
  AR      drivers/clk/imgtec/built-in.a
  AR      drivers/clk/imx/built-in.a
  AR      drivers/clk/ingenic/built-in.a
  AR      drivers/clk/keystone/built-in.a
  CC      drivers/pci/vpd.o
  AR      drivers/clk/mediatek/built-in.a
  AR      drivers/clk/microchip/built-in.a
  AR      drivers/clk/mstar/built-in.a
  AR      drivers/clk/mvebu/built-in.a
  CC      drivers/pci/setup-bus.o
  AR      drivers/clk/ralink/built-in.a
  AR      drivers/clk/renesas/built-in.a
  AR      drivers/clk/socfpga/built-in.a
  CC      lib/radix-tree.o
  AR      drivers/clk/sophgo/built-in.a
  AR      drivers/clk/spacemit/built-in.a
  AR      drivers/clk/sprd/built-in.a
  AR      drivers/clk/starfive/built-in.a
  AR      drivers/clk/sunxi-ng/built-in.a
  CC      lib/ratelimit.o
  CC      arch/x86/events/intel/uncore.o
  AR      drivers/clk/tenstorrent/built-in.a
  AR      drivers/clk/ti/built-in.a
  AR      drivers/clk/versatile/built-in.a
  AR      drivers/clk/xilinx/built-in.a
  AR      drivers/clk/built-in.a
  AR      drivers/soc/apple/built-in.a
  CC      mm/slab_common.o
  AR      drivers/soc/aspeed/built-in.a
  AR      drivers/soc/bcm/built-in.a
  AR      drivers/soc/fsl/built-in.a
  AR      drivers/soc/fujitsu/built-in.a
  AR      drivers/soc/hisilicon/built-in.a
  AR      drivers/soc/imx/built-in.a
  AR      drivers/soc/ixp4xx/built-in.a
  AR      drivers/soc/loongson/built-in.a
  CC      arch/x86/kernel/sys_x86_64.o
  AR      drivers/soc/mediatek/built-in.a
  AR      drivers/soc/microchip/built-in.a
  AR      drivers/soc/nuvoton/built-in.a
  ASN.1   crypto/ecdsasignature.asn1.[ch]
  AR      drivers/soc/pxa/built-in.a
  CC      arch/x86/kernel/bootflag.o
  CC      crypto/ecdsa-p1363.o
  AR      drivers/soc/amlogic/built-in.a
  CC      mm/compaction.o
  AR      drivers/soc/qcom/built-in.a
  AR      drivers/soc/renesas/built-in.a
  AR      drivers/soc/rockchip/built-in.a
  AR      drivers/soc/sophgo/built-in.a
  AR      drivers/soc/sunxi/built-in.a
  AR      drivers/soc/ti/built-in.a
  CC      arch/x86/kernel/e820.o
  AR      drivers/soc/versatile/built-in.a
  AR      drivers/soc/vt8500/built-in.a
  AR      drivers/soc/xilinx/built-in.a
  AR      drivers/soc/built-in.a
  CC      drivers/virtio/virtio.o
  CC      fs/filesystems.o
  CC      fs/namespace.o
  CC      crypto/ecdsasignature.asn1.o
  CC      lib/rbtree.o
  CC      kernel/pid.o
  CC      crypto/acompress.o
  CC      fs/seq_file.o
  CC      drivers/pci/vc.o
  CC      fs/xattr.o
  CC      fs/libfs.o
  CC      arch/x86/events/intel/uncore_nhmex.o
  CC      kernel/task_work.o
  CC      lib/seq_buf.o
  CC      drivers/virtio/virtio_ring.o
  CC      arch/x86/kernel/pci-dma.o
  CC      crypto/scompress.o
  CC      mm/show_mem.o
  CC      mm/interval_tree.o
  CC      drivers/pci/mmap.o
  CC      drivers/virtio/virtio_anchor.o
  CC      lib/siphash.o
  CC      drivers/reset/core.o
  CC      arch/x86/kernel/quirks.o
  CC      drivers/pci/devres.o
  CC      kernel/extable.o
  CC      drivers/pci/msi/pcidev_msi.o
  CC      arch/x86/events/intel/uncore_snb.o
  CC      arch/x86/kernel/kdebugfs.o
  CC      lib/string.o
  AR      drivers/reset/amlogic/built-in.a
  CC      kernel/params.o
  CC      crypto/algboss.o
  CC      lib/sys_info.o
  CC      arch/x86/events/intel/uncore_snbep.o
  CC      fs/fs-writeback.o
  CC      mm/list_lru.o
  CC      drivers/pci/pcie/portdrv.o
  AR      drivers/pci/pwrctrl/built-in.a
  CC      arch/x86/kernel/alternative.o
  AR      drivers/reset/hisilicon/built-in.a
  CC      drivers/pci/iomap.o
  AR      drivers/reset/spacemit/built-in.a
  AR      drivers/reset/starfive/built-in.a
  AR      drivers/reset/sti/built-in.a
  AR      drivers/virtio/built-in.a
  AR      drivers/reset/tegra/built-in.a
  AR      drivers/pci/msi/built-in.a
  CC      drivers/reset/reset-tps380x.o
  CC      drivers/pci/quirks.o
  CC      crypto/testmgr.o
  CC      arch/x86/kernel/i8253.o
  CC      drivers/pci/ats.o
  CC      lib/timerqueue.o
  CC      drivers/pci/pcie/rcec.o
  CC      drivers/pci/iov.o
  AR      drivers/reset/built-in.a
  CC      kernel/kthread.o
  CC      lib/vsprintf.o
  CC      arch/x86/kernel/hw_breakpoint.o
  CC      mm/workingset.o
  CC      drivers/pci/pci-pf-stub.o
  CC      fs/pnode.o
  CC      crypto/cmac.o
  CC      crypto/crypto_null.o
  CC      fs/splice.o
  CC      arch/x86/kernel/tsc.o
  CC      arch/x86/kernel/tsc_msr.o
  CC      kernel/sys_ni.o
  CC      drivers/pci/pcie/bwctrl.o
  CC      fs/sync.o
  CC      drivers/pci/pcie/aspm.o
  CC      fs/utimes.o
  CC      lib/win_minmax.o
  CC      crypto/sm3.o
  CC      lib/xarray.o
  CC      arch/x86/kernel/io_delay.o
  CC      lib/lockref.o
  CC      mm/debug.o
  CC      kernel/nsproxy.o
  CC      arch/x86/events/intel/uncore_discovery.o
  CC      fs/d_path.o
  CC      fs/stack.o
  CC      crypto/ecb.o
  CC      lib/bcd.o
  CC      arch/x86/kernel/rtc.o
  CC      drivers/pci/vgaarb.o
  CC      drivers/tty/tty_io.o
  CC      drivers/char/mem.o
  CC      drivers/char/random.o
  AR      drivers/pci/controller/dwc/built-in.a
  AR      drivers/pci/controller/mobiveil/built-in.a
  AR      drivers/pci/controller/plda/built-in.a
  AR      drivers/pci/controller/built-in.a
  CC      crypto/xts.o
  CC      mm/gup.o
  CC      mm/mmap_lock.o
  CC      drivers/char/misc.o
  CC      drivers/char/virtio_console.o
  CC      lib/sort.o
  CC      mm/vma_init.o
  AR      drivers/pci/pcie/built-in.a
  CC      arch/x86/kernel/resource.o
  AR      drivers/char/agp/built-in.a
  CC      crypto/ctr.o
  CC      kernel/nstree.o
  CC      arch/x86/events/intel/cstate.o
  CC      fs/fs_struct.o
  CC      lib/parser.o
  AS      arch/x86/kernel/irqflags.o
  CC      arch/x86/kernel/static_call.o
  CC      fs/statfs.o
  CC      lib/debug_locks.o
  AR      drivers/pci/switch/built-in.a
  AR      drivers/pci/built-in.a
  CC      kernel/nscommon.o
  CC      drivers/tty/n_tty.o
  CC      arch/x86/kernel/process.o
  CC      crypto/twofish_common.o
  CC      fs/fs_pin.o
  CC      lib/random32.o
  CC      lib/bust_spinlocks.o
  CC      crypto/aes.o
  CC      arch/x86/kernel/fpu/init.o
  CC      fs/nsfs.o
  CC      kernel/notifier.o
  CC      arch/x86/kernel/ptrace.o
  CC      kernel/ksysfs.o
  CC      drivers/char/hangcheck-timer.o
  CC      drivers/char/tpm/tpm-chip.o
  AR      arch/x86/events/intel/built-in.a
  AR      arch/x86/events/built-in.a
  CC      arch/x86/kernel/step.o
  CC      drivers/tty/tty_ioctl.o
  CC      mm/highmem.o
  AR      drivers/iommu/arm/arm-smmu/built-in.a
  CC      arch/x86/kernel/fpu/bugs.o
  AR      drivers/iommu/arm/arm-smmu-v3/built-in.a
  AR      drivers/iommu/arm/built-in.a
  CC      lib/kasprintf.o
  CC      crypto/sm4.o
  AR      drivers/iommu/iommufd/built-in.a
  AR      drivers/iommu/built-in.a
  CC      drivers/char/tpm/tpm-dev-common.o
  AR      drivers/gpu/host1x/built-in.a
  CC      arch/x86/kernel/fpu/core.o
  CC      arch/x86/kernel/fpu/regset.o
  CC      kernel/cred.o
  CC      arch/x86/kernel/stacktrace.o
  CC      kernel/reboot.o
  CC      kernel/async.o
  CC      lib/bitmap.o
  CC      drivers/base/component.o
  AR      drivers/gpu/drm/tests/built-in.a
  CC      crypto/camellia_generic.o
  AR      drivers/gpu/drm/arm/built-in.a
  AR      drivers/gpu/drm/clients/built-in.a
  CC      mm/memory.o
  AR      drivers/gpu/drm/display/built-in.a
  CC      fs/fs_dirent.o
  AR      drivers/gpu/drm/renesas/rcar-du/built-in.a
  AR      drivers/gpu/drm/renesas/rz-du/built-in.a
  AR      drivers/gpu/drm/renesas/built-in.a
  AR      drivers/gpu/drm/omapdrm/built-in.a
  AR      drivers/gpu/drm/tilcdc/built-in.a
  AR      drivers/gpu/drm/imx/built-in.a
  AR      drivers/gpu/drm/panel/built-in.a
  CC      fs/fs_context.o
  CC      drivers/base/core.o
  AR      drivers/gpu/drm/bridge/analogix/built-in.a
  AR      drivers/gpu/drm/bridge/cadence/built-in.a
  CC      drivers/tty/tty_ldisc.o
  AR      drivers/gpu/drm/bridge/imx/built-in.a
  AR      drivers/gpu/drm/bridge/synopsys/built-in.a
  AR      drivers/gpu/drm/bridge/built-in.a
  AR      drivers/gpu/drm/hisilicon/built-in.a
  AR      drivers/gpu/drm/mxsfb/built-in.a
  CC      kernel/range.o
  CC      drivers/char/tpm/tpm-dev.o
  AR      drivers/gpu/drm/sysfb/built-in.a
  AR      drivers/gpu/drm/tiny/built-in.a
  AR      drivers/gpu/drm/xlnx/built-in.a
  AR      drivers/gpu/drm/gud/built-in.a
  AR      drivers/gpu/drm/sitronix/built-in.a
  CC      drivers/tty/tty_buffer.o
  AR      drivers/gpu/drm/solomon/built-in.a
  AR      drivers/gpu/drm/built-in.a
  AR      drivers/gpu/vga/built-in.a
  AR      drivers/gpu/tests/built-in.a
  CC      drivers/base/bus.o
  CC      crypto/cast_common.o
  AR      drivers/gpu/built-in.a
  AR      drivers/block/built-in.a
  CC      lib/scatterlist.o
  CC      mm/mincore.o
  CC      arch/x86/kernel/fpu/signal.o
  CC      crypto/cast5_generic.o
  CC      crypto/aria_generic.o
  CC      drivers/char/tpm/tpm-interface.o
  CC      kernel/smpboot.o
  CC      kernel/ucount.o
  CC      kernel/regset.o
  CC      drivers/misc/eeprom/eeprom_93cx6.o
  CC      lib/list_sort.o
  CC      fs/fs_parser.o
  CC      arch/x86/kernel/fpu/xstate.o
  CC      drivers/tty/tty_port.o
  CC      drivers/char/tpm/tpm1-cmd.o
  CC      drivers/tty/tty_mutex.o
  CC      crypto/chacha.o
  AR      drivers/misc/cb710/built-in.a
  CC      crypto/crc32.o
  CC      drivers/mfd/cgbc-core.o
  CC      kernel/ksyms_common.o
  CC      crypto/authenc.o
  AR      drivers/misc/eeprom/built-in.a
  CC      lib/uuid.o
  CC      drivers/tty/tty_ldsem.o
  AR      drivers/misc/lis3lv02d/built-in.a
  CC      drivers/misc/mei/init.o
  CC      lib/iov_iter.o
  CC      drivers/mfd/nct6694.o
  CC      fs/fsopen.o
  CC      drivers/char/tpm/tpm2-cmd.o
  CC      crypto/authencesn.o
  AR      drivers/nfc/built-in.a
  CC      drivers/base/dd.o
  CC      mm/mlock.o
  CC      crypto/rng.o
  CC      drivers/tty/tty_baudrate.o
  CC      kernel/sched/core.o
  AR      arch/x86/kernel/fpu/built-in.a
  CC      drivers/tty/tty_jobctrl.o
  CC      drivers/misc/dw-xdata-pcie.o
  CC      arch/x86/kernel/cpu/cacheinfo.o
  CC      drivers/misc/mei/hbm.o
  CC      drivers/mfd/mfd-core.o
  CC      arch/x86/kernel/cpu/scattered.o
  CC      fs/init.o
  CC      drivers/misc/pci_endpoint_test.o
  CC      drivers/char/tpm/tpmrm-dev.o
  CC      drivers/base/syscore.o
  CC      drivers/misc/cardreader/rtsx_pcr.o
  CC      drivers/tty/n_null.o
  CC      lib/clz_ctz.o
  CC      lib/bsearch.o
  AR      arch/x86/kernel/acpi/built-in.a
  CC      drivers/mfd/rdc321x-southbridge.o
  CC      crypto/jitterentropy.o
  CC      crypto/jitterentropy-kcapi.o
  CC      drivers/misc/mei/interrupt.o
  CC      drivers/misc/cardreader/rts5209.o
  CC      arch/x86/kernel/cpu/topology_common.o
  CC      mm/mmap.o
  CC      mm/mmu_gather.o
  CC      drivers/char/tpm/tpm2-space.o
  CC      drivers/tty/pty.o
  CC      kernel/locking/mutex.o
  CC      crypto/zstd.o
  CC      fs/kernel_read_file.o
  CC      lib/find_bit.o
  CC      arch/x86/kernel/cpu/topology_ext.o
  CC      drivers/mfd/dln2.o
  CC      drivers/base/driver.o
  CC      drivers/base/class.o
  CC      mm/mprotect.o
  CC      drivers/misc/mei/client.o
  CC      lib/llist.o
  CC      lib/lwq.o
  CC      fs/mnt_idmapping.o
  CC      arch/x86/kernel/cpu/topology_amd.o
  CC      drivers/misc/cardreader/rts5229.o
  CC      crypto/ecc.o
  AR      drivers/dax/hmem/built-in.a
  AR      drivers/dax/built-in.a
  CC      kernel/sched/fair.o
  CC      fs/remap_range.o
  CC      drivers/char/tpm/tpm-sysfs.o
  CC      drivers/tty/vt/vt_ioctl.o
  CC      lib/memweight.o
  CC      kernel/locking/semaphore.o
  CC      drivers/tty/hvc/hvc_console.o
  CC      drivers/base/platform.o
  AR      drivers/mfd/built-in.a
  CC      drivers/misc/mei/main.o
  AR      drivers/misc/keba/built-in.a
  CC      kernel/sched/build_policy.o
  CC      lib/kfifo.o
  CC      arch/x86/kernel/cpu/cpuid_parser.o
  CC      crypto/ecdh.o
  CC      arch/x86/kernel/cpu/common.o
  CC      drivers/misc/cardreader/rtl8411.o
  CC      lib/percpu-refcount.o
  CC      drivers/char/tpm/eventlog/common.o
  CC      kernel/sched/build_utility.o
  CC      mm/mremap.o
  CC      kernel/locking/rwsem.o
  AR      drivers/tty/hvc/built-in.a
  CC      fs/pidfs.o
  CC      mm/msync.o
  CC      drivers/tty/vt/vc_screen.o
  CC      crypto/ecdh_helper.o
  CC      arch/x86/kernel/reboot.o
  CC      drivers/misc/mei/dma-ring.o
  CC      drivers/base/cpu.o
  CC      drivers/misc/cardreader/rts5227.o
  CC      lib/rhashtable.o
  CC      crypto/rsapubkey.asn1.o
  CC      crypto/rsaprivkey.asn1.o
  CC      kernel/locking/percpu-rwsem.o
  CC      drivers/char/tpm/eventlog/tpm1.o
  CC      crypto/ecdsa-x962.o
  CC      drivers/char/tpm/eventlog/tpm2.o
  CC      drivers/base/firmware.o
  CC      drivers/tty/vt/selection.o
  CC      drivers/misc/mei/bus.o
  CC      drivers/tty/vt/keyboard.o
  CC      arch/x86/kernel/cpu/rdrand.o
  CC      drivers/misc/cardreader/rts5249.o
  CC      mm/page_vma_mapped.o
  CC      arch/x86/kernel/cpu/match.o
  AR      crypto/built-in.a
  CC      lib/base64.o
  CC      kernel/locking/test-ww_mutex.o
  CC      fs/file_attr.o
  CC      drivers/base/init.o
  CC      drivers/base/map.o
  CC      drivers/base/devres.o
  CC      lib/once.o
  CC      mm/pagewalk.o
  CC      arch/x86/kernel/cpu/bugs.o
  CC      drivers/char/tpm/tpm-buf.o
  CC      mm/pgtable-generic.o
  CC      drivers/misc/mei/bus-fixup.o
  CC      drivers/misc/cardreader/rts5260.o
  CC      drivers/misc/mei/debugfs.o
  AR      kernel/locking/built-in.a
  CC      fs/fserror.o
  CC      arch/x86/kernel/msr.o
  CC      drivers/tty/vt/vt.o
  CC      lib/refcount.o
  CC      drivers/misc/mei/pci-me.o
  CC      drivers/char/tpm/tpm2-sessions.o
  AR      kernel/sched/built-in.a
  CC      drivers/base/attribute_container.o
  CC      kernel/power/qos.o
  CC      lib/rcuref.o
  CC      drivers/tty/serial/serial_core.o
  AR      drivers/misc/amd-sbi/built-in.a
  CC      drivers/base/transport_class.o
  CC      mm/rmap.o
  CC      drivers/misc/mei/hw-me.o
  CC      drivers/misc/cardreader/rts5261.o
  CC      lib/usercopy.o
  CC      lib/errseq.o
  CC      fs/nullfs.o
  CC      arch/x86/kernel/cpu/aperfmperf.o
  CC      arch/x86/kernel/cpu/cpuid-deps.o
  AR      drivers/tty/ipwireless/built-in.a
  CC      drivers/misc/cardreader/rts5228.o
  CC      drivers/dma-buf/dma-buf.o
  CC      drivers/tty/serial/serial_base_bus.o
  CC      drivers/base/topology.o
  CC      drivers/char/tpm/tpm_nsc.o
  CC      lib/bucket_locks.o
  COPY    drivers/tty/vt/defkeymap.c
  CC      drivers/tty/serial/serial_ctrl.o
  AR      kernel/power/built-in.a
  CC      drivers/misc/cardreader/rts5264.o
  CC      kernel/printk/printk.o
  CC      arch/x86/kernel/cpu/cpuid_0x2_table.o
  CC      arch/x86/kernel/early-quirks.o
  CC      fs/notify/fsnotify.o
  CC      arch/x86/kernel/cpu/umwait.o
  CC      kernel/irq/irqdesc.o
  AR      drivers/misc/mei/built-in.a
  CC      drivers/base/container.o
  AR      drivers/cxl/core/built-in.a
  AR      drivers/cxl/built-in.a
  CC      mm/vmalloc.o
  CC      lib/generic-radix-tree.o
  CC      kernel/irq/handle.o
  AR      drivers/char/tpm/built-in.a
  AR      drivers/char/built-in.a
  CC      drivers/tty/vt/consolemap.o
  CC      kernel/irq/manage.o
  HOSTCC  drivers/tty/vt/conmakehash
  CC      drivers/tty/serial/serial_port.o
  CC      kernel/irq/spurious.o
  CC      drivers/dma-buf/dma-fence.o
  CC      drivers/base/property.o
  AR      drivers/misc/cardreader/built-in.a
  CC      lib/bitmap-str.o
  AR      drivers/misc/built-in.a
  CC      drivers/base/cacheinfo.o
  CC      drivers/base/swnode.o
  COPY    drivers/tty/vt/ucs_width_table.h
  CC      drivers/base/faux.o
  MKCAP   arch/x86/kernel/cpu/capflags.c
  CC      fs/notify/notification.o
  CC      drivers/tty/serial/earlycon.o
  AR      drivers/base/power/built-in.a
  CC      drivers/tty/serial/8250/8250_core.o
  CC      drivers/tty/serial/8250/8250_platform.o
  CC      drivers/dma-buf/dma-fence-array.o
  CC      lib/string_helpers.o
  COPY    drivers/tty/vt/ucs_recompose_table.h
  COPY    drivers/tty/vt/ucs_fallback_table.h
  CC      kernel/printk/printk_safe.o
  CC      drivers/tty/vt/defkeymap.o
  CC      drivers/dma-buf/dma-fence-chain.o
  CC      kernel/irq/resend.o
  CC      kernel/rcu/update.o
  CC      kernel/rcu/sync.o
  CC      fs/notify/group.o
  CC      kernel/rcu/srcutiny.o
  CONMK   drivers/tty/vt/consolemap_deftbl.c
  CC      drivers/tty/vt/ucs.o
  CC      fs/notify/mark.o
  CC      drivers/base/isa.o
  CC      drivers/tty/vt/consolemap_deftbl.o
  CC      kernel/printk/nbcon.o
  CC      fs/anon_inodes.o
  AR      drivers/tty/vt/built-in.a
  CC      lib/hexdump.o
  CC      drivers/dma-buf/dma-fence-unwrap.o
  CC      mm/vma.o
  CC      fs/binfmt_script.o
  CC      drivers/tty/serial/8250/8250_port.o
  CC      drivers/dma-buf/dma-resv.o
  CC      kernel/irq/chip.o
  CC      lib/kstrtox.o
  CC      drivers/dma-buf/dma-buf-mapping.o
  CC      kernel/rcu/tiny.o
  CC      fs/binfmt_elf.o
  CC      drivers/dma-buf/dma-heap.o
  CC      drivers/base/firmware_loader/main.o
  CC      drivers/base/firmware_loader/builtin/main.o
  CC      kernel/irq/dummychip.o
  CC      kernel/printk/printk_ringbuffer.o
  CC      fs/notify/fdinfo.o
  CC      arch/x86/kernel/tsc_sync.o
  AR      lib/kunit/built-in.a
  CC      lib/math/div64.o
  CC      lib/math/gcd.o
  AR      drivers/dma-buf/heaps/built-in.a
  CC      kernel/irq/devres.o
  AR      kernel/livepatch/built-in.a
  CC      drivers/tty/serial/8250/8250_dwlib.o
  AR      kernel/rcu/built-in.a
  AR      drivers/base/firmware_loader/builtin/built-in.a
  CC      lib/crc/crc8.o
  CC      arch/x86/kernel/cpu/powerflags.o
  AR      kernel/liveupdate/built-in.a
  CC      fs/backing-file.o
  CC      lib/math/lcm.o
  AR      fs/notify/dnotify/built-in.a
  CC      drivers/tty/serial/8250/8250_pcilib.o
  CC      lib/crypto/hash_info.o
  CC      lib/math/int_log.o
  CC      kernel/dma/mapping.o
  CC      lib/math/int_pow.o
  AR      fs/notify/inotify/built-in.a
  CC      fs/notify/fanotify/fanotify.o
  CC      lib/math/int_sqrt.o
  HOSTCC  lib/crc/gen_crc32table
  AR      drivers/dma-buf/built-in.a
  CC      fs/notify/fanotify/fanotify_user.o
  AR      kernel/printk/built-in.a
  CC      arch/x86/kernel/cpu/topology.o
  CC      lib/math/reciprocal_div.o
  AR      drivers/base/firmware_loader/built-in.a
  AR      lib/crc/tests/built-in.a
  GEN     lib/crc/crc32table.h
  CC      lib/crc/crc32-main.o
  CC      lib/crypto/memneq.o
  CC      drivers/base/regmap/regmap.o
  CC      kernel/irq/kexec.o
  CC      mm/vma_exec.o
  CC      lib/math/cordic.o
  CC      kernel/dma/direct.o
  CC      lib/crypto/utils.o
  AR      lib/tests/built-in.a
  AR      drivers/base/test/built-in.a
  AR      fs/iomap/built-in.a
  CC      drivers/tty/serial/8250/8250_early.o
  CC      kernel/entry/common.o
  AR      lib/crc/built-in.a
  CC      kernel/entry/syscall-common.o
  CC      arch/x86/kernel/cpu/feat_ctl.o
  CC      kernel/irq/generic-chip.o
  CC      lib/math/rational.o
  CC      kernel/irq/autoprobe.o
  CC      drivers/tty/serial/altera_jtaguart.o
  CC      lib/crypto/aes.o
  CC      drivers/tty/serial/serial_mctrl_gpio.o
  CC      mm/mseal.o
  CC      drivers/tty/serial/8250/8250_exar.o
  CC      drivers/tty/serial/8250/8250_lpss.o
  AR      lib/math/tests/built-in.a
  AR      lib/math/built-in.a
  CC      kernel/dma/swiotlb.o
  CC      arch/x86/kernel/mpparse.o
  AS      lib/crypto/x86/aes-aesni.o
  CC      kernel/unwind/user.o
  CC      kernel/entry/syscall_user_dispatch.o
  CC      mm/page_alloc.o
  CC      drivers/tty/serial/8250/8250_mid.o
  CC      kernel/irq/irqdomain.o
  AR      fs/notify/fanotify/built-in.a
  CC      lib/crypto/blake2s.o
  AR      fs/notify/built-in.a
  CC      kernel/time/time.o
  AR      fs/quota/built-in.a
  CC      fs/configfs/inode.o
  CC      drivers/base/regmap/regcache.o
  CC      arch/x86/kernel/apic/apic.o
  CC      kernel/unwind/deferred.o
  CC      drivers/tty/serial/8250/8250_ni.o
  CC      fs/devpts/inode.o
  CC      kernel/time/timer.o
  CC      kernel/dma/remap.o
  CC      kernel/time/hrtimer.o
  AS      lib/crypto/x86/blake2s-core.o
  CC      kernel/up.o
  AR      kernel/entry/built-in.a
  CC      drivers/base/regmap/regcache-rbtree.o
  CC      lib/crypto/chacha-block-generic.o
  CC      fs/configfs/file.o
  UPD     kernel/config_data
  CC      mm/page_frag_cache.o
  AR      kernel/unwind/built-in.a
  CC      lib/crypto/chacha.o
  CC      drivers/base/regmap/regcache-flat.o
  CC      kernel/irq/matrix.o
  AR      drivers/macintosh/built-in.a
  CC      arch/x86/kernel/apic/apic_common.o
  CC      arch/x86/kernel/cpu/intel.o
  CC      drivers/tty/serial/8250/8250_pci.o
  AR      kernel/dma/built-in.a
  AR      fs/devpts/built-in.a
  CC      arch/x86/kernel/cpu/tsx.o
  CC      mm/init-mm.o
  AS      lib/crypto/x86/chacha-ssse3-x86_64.o
  CC      fs/configfs/dir.o
  CC      arch/x86/kernel/cpu/amd.o
  CC      drivers/tty/serial/8250/8250_pericom.o
  AS      lib/crypto/x86/chacha-avx2-x86_64.o
  AS      lib/crypto/x86/chacha-avx512vl-x86_64.o
  CC      arch/x86/kernel/apic/apic_noop.o
  CC      lib/crypto/sha1.o
  CC      drivers/base/regmap/regcache-maple.o
  CC      mm/memblock.o
  AR      kernel/irq/built-in.a
  CC      fs/ramfs/inode.o
  CC      arch/x86/kernel/cpu/hygon.o
  CC      fs/ramfs/file-mmu.o
  CC      kernel/time/sleep_timeout.o
  CC      drivers/base/regmap/regmap-debugfs.o
  CC      arch/x86/kernel/apic/ipi.o
  CC      fs/configfs/symlink.o
  AS      lib/crypto/x86/sha1-ssse3-and-avx.o
  AR      drivers/scsi/built-in.a
  CC      mm/slub.o
  AS      lib/crypto/x86/sha1-avx2-asm.o
  CC      kernel/irq_work.o
  CC      fs/exportfs/expfs.o
  AS      lib/crypto/x86/sha1-ni-asm.o
  CC      arch/x86/kernel/cpu/centaur.o
  CC      kernel/time/timekeeping.o
  CC      lib/vdso/datastore.o
  CC      lib/crypto/sha256.o
  CC      arch/x86/kernel/apic/vector.o
  AR      drivers/tty/serial/8250/built-in.a
  AR      drivers/tty/serial/built-in.a
  AR      fs/ramfs/built-in.a
  AR      lib/raid/xor/tests/built-in.a
  AR      drivers/tty/built-in.a
  AR      lib/raid/xor/built-in.a
  CC      arch/x86/kernel/apic/init.o
  CC      kernel/time/ntp.o
  CC      arch/x86/kernel/cpu/zhaoxin.o
  AR      lib/raid/raid6/built-in.a
  AR      lib/raid/built-in.a
  CC      kernel/time/clocksource.o
  CC      drivers/base/regmap/regmap-mmio.o
  CC      fs/configfs/mount.o
  CC      mm/dmapool.o
  CC      arch/x86/kernel/trace_clock.o
  AR      fs/exportfs/built-in.a
  AR      lib/vdso/built-in.a
  AR      arch/x86/kernel/kprobes/built-in.a
  CC      fs/nls/nls_base.o
  CC      kernel/static_call.o
  CC      kernel/static_call_inline.o
  AR      drivers/nvme/common/built-in.a
  CC      kernel/events/core.o
  AR      drivers/nvme/host/built-in.a
  AR      drivers/nvme/target/built-in.a
  AS      lib/crypto/x86/sha256-ssse3-asm.o
  AR      drivers/nvme/built-in.a
  CC      kernel/time/jiffies.o
  CC      drivers/base/regmap/regmap-irq.o
  AS      lib/crypto/x86/sha256-avx-asm.o
  AS      lib/crypto/x86/sha256-avx2-asm.o
  AS      lib/crypto/x86/sha256-ni-asm.o
  CC      lib/crypto/sha512.o
  CC      fs/configfs/item.o
  CC      fs/nls/nls_cp949.o
  CC      arch/x86/kernel/hpet.o
  CC      arch/x86/kernel/cpu/mce/core.o
  CC      arch/x86/kernel/cpu/mce/severity.o
  CC      kernel/events/ring_buffer.o
  CC      arch/x86/kernel/cpu/mce/genpool.o
  AS      lib/crypto/x86/sha512-ssse3-asm.o
  AR      fs/unicode/built-in.a
  CC      fs/nls/nls_cp950.o
  CC      mm/sparse.o
  CC      arch/x86/kernel/apic/hw_nmi.o
  CC      kernel/time/timer_list.o
  CC      arch/x86/kernel/apic/io_apic.o
  AR      fs/configfs/built-in.a
  CC      mm/sparse-vmemmap.o
  AS      lib/crypto/x86/sha512-avx-asm.o
  CC      arch/x86/kernel/apic/x2apic_phys.o
  AS      lib/crypto/x86/sha512-avx2-asm.o
  CC      lib/crypto/sha3.o
  CC      fs/nls/nls_iso8859-2.o
  AR      drivers/base/regmap/built-in.a
  AR      drivers/base/built-in.a
  CC      drivers/firewire/init_ohci1394_dma.o
  AR      drivers/net/phy/mediatek/built-in.a
  CC      arch/x86/kernel/apic/x2apic_cluster.o
  AR      drivers/net/phy/qcom/built-in.a
  AR      drivers/net/phy/built-in.a
  CC      kernel/events/callchain.o
  AR      drivers/net/pse-pd/built-in.a
  AR      drivers/net/mdio/built-in.a
  AR      drivers/net/pcs/built-in.a
  AR      drivers/net/built-in.a
  CC      lib/iomap.o
  CC      mm/fail_page_alloc.o
  CC      lib/crypto/sm3.o
  CC      arch/x86/kernel/cpu/mtrr/mtrr.o
  CC      kernel/time/timeconv.o
  CC      fs/nls/nls_iso8859-7.o
  CC      arch/x86/kernel/amd_nb.o
  CC      kernel/iomem.o
  CC      arch/x86/kernel/amd_node.o
  CC      fs/overlayfs/super.o
  AR      drivers/firewire/built-in.a
  CC      kernel/time/timecounter.o
  AR      drivers/cdrom/built-in.a
  AR      drivers/auxdisplay/built-in.a
  CC      fs/overlayfs/namei.o
  CC      fs/nls/nls_iso8859-9.o
  CC      drivers/usb/common/common.o
  CC      kernel/time/alarmtimer.o
  CC      mm/migrate.o
  CC      arch/x86/kernel/cpu/mce/intel.o
  CC      kernel/time/posix-stubs.o
  CC      drivers/usb/core/usb.o
  CC      arch/x86/kernel/cpu/mtrr/if.o
  CC      arch/x86/kernel/perf_regs.o
  CC      arch/x86/kernel/apic/apic_flat_64.o
  AS      lib/crypto/x86/sm3-avx-asm_64.o
  AR      fs/nls/built-in.a
  CC      arch/x86/kernel/unwind_guess.o
  AR      drivers/usb/phy/built-in.a
  CC      fs/overlayfs/util.o
  CC      lib/crypto/mpi/generic_mpih-lshift.o
  CC      fs/overlayfs/inode.o
  CC      arch/x86/kernel/cpu/mce/amd.o
  CC      arch/x86/kernel/cpu/mce/threshold.o
  CC      arch/x86/kernel/apic/probe_64.o
  CC      arch/x86/kernel/cpu/mtrr/generic.o
  AR      drivers/usb/common/built-in.a
  CC      kernel/time/clockevents.o
  AR      fs/hostfs/built-in.a
  CC      arch/x86/kernel/cpu/mce/dev-mcelog.o
  GZIP    kernel/config_data.gz
  CC      kernel/time/tick-common.o
  CC      drivers/usb/core/hub.o
  CC      lib/crypto/mpi/generic_mpih-mul1.o
  CC      lib/iomap_copy.o
  CC      drivers/input/serio/serio.o
  AR      arch/x86/kernel/apic/built-in.a
  CC      drivers/input/input.o
  CC      drivers/usb/host/pci-quirks.o
  CC      arch/x86/kernel/vsmp_64.o
  LDS     arch/x86/kernel/vmlinux.lds
  CC      kernel/time/tick-broadcast.o
  CC      mm/early_ioremap.o
  CC      lib/devres.o
  CC      fs/overlayfs/file.o
  CC      drivers/rtc/lib.o
  CC      arch/x86/kernel/cpu/mtrr/cleanup.o
  CC      lib/crypto/mpi/generic_mpih-mul2.o
  CC      lib/bitrev.o
  AR      arch/x86/kernel/cpu/mce/built-in.a
  CC      lib/crypto/mpi/generic_mpih-mul3.o
  CC      drivers/usb/core/hcd.o
  CC      drivers/input/serio/i8042.o
  CC      drivers/input/input-compat.o
  CC      kernel/time/vsyscall.o
  CC      drivers/input/input-mt.o
  CC      drivers/input/input-poller.o
  CC      drivers/usb/host/oxu210hp-hcd.o
  CC      mm/page_ext.o
  CC      drivers/rtc/rtc-mc146818-lib.o
  CC      drivers/input/serio/serport.o
  CC      lib/crypto/mpi/generic_mpih-rshift.o
  CC      kernel/time/timekeeping_debug.o
  CC      fs/overlayfs/dir.o
  CC      kernel/events/hw_breakpoint.o
  CC      lib/crypto/mpi/generic_mpih-sub1.o
  CC      lib/crypto/mpi/generic_mpih-add1.o
  AR      arch/x86/kernel/cpu/mtrr/built-in.a
  CC      arch/x86/kernel/cpu/microcode/core.o
  CC      arch/x86/kernel/cpu/microcode/intel.o
  CC      drivers/input/ff-core.o
  AR      mm/built-in.a
  AR      drivers/rtc/built-in.a
  AR      drivers/usb/storage/built-in.a
  CC      drivers/input/touchscreen.o
  CC      drivers/input/serio/libps2.o
  CC      lib/xxhash.o
  AR      drivers/i2c/algos/built-in.a
  CC      fs/debugfs/inode.o
  AR      drivers/i2c/busses/built-in.a
  CC      lib/crypto/mpi/mpicoder.o
  AR      drivers/i2c/muxes/built-in.a
  AR      drivers/i2c/built-in.a
  CC      arch/x86/kernel/cpu/perfctr-watchdog.o
  CC      fs/debugfs/file.o
  CC      drivers/input/serio/arc_ps2.o
  AR      kernel/time/built-in.a
  CC      fs/overlayfs/readdir.o
  CC      drivers/usb/core/urb.o
  CC      lib/genalloc.o
  CC      arch/x86/kernel/cpu/microcode/amd.o
  CC      drivers/input/touch-overlay.o
  AR      kernel/events/built-in.a
  CC      drivers/usb/core/message.o
  CC      kernel/configs.o
  CC      drivers/usb/core/driver.o
  CC      drivers/usb/host/uhci-hcd.o
  CC      drivers/input/vivaldi-fmap.o
  CC      drivers/usb/misc/adutux.o
  CC      lib/crypto/mpi/mpi-add.o
  CC      fs/overlayfs/copy_up.o
  AR      drivers/input/serio/built-in.a
  CC      drivers/usb/core/config.o
  CC      arch/x86/kernel/cpu/vmware.o
  CC      lib/zlib_inflate/inffast.o
  CC      drivers/input/keyboard/atkbd.o
  CC      lib/zlib_inflate/inflate.o
  AR      kernel/built-in.a
  CC      lib/crypto/mpi/mpi-bit.o
  CC      arch/x86/kernel/cpu/hypervisor.o
  AR      fs/debugfs/built-in.a
  CC      lib/crypto/mpi/mpi-cmp.o
  CC      fs/overlayfs/export.o
  CC      drivers/input/keyboard/lkkbd.o
  CC      drivers/usb/misc/emi26.o
  AR      arch/x86/kernel/cpu/microcode/built-in.a
  CC      lib/zlib_inflate/infutil.o
  CC      drivers/usb/musb/musb_core.o
  CC      drivers/input/mouse/psmouse-base.o
  CC      drivers/input/mouse/synaptics.o
  CC      drivers/usb/typec/class.o
  CC      arch/x86/kernel/cpu/mshyperv.o
  CC      lib/lzo/lzo1x_decompress_safe.o
  CC      lib/crypto/mpi/mpi-sub-ui.o
  CC      drivers/usb/core/file.o
  CC      lib/zlib_inflate/inftrees.o
  CC      drivers/usb/core/buffer.o
  CC      drivers/usb/misc/ezusb.o
  CC      drivers/input/misc/ati_remote2.o
  CC      lib/crypto/mpi/mpi-div.o
  CC      fs/overlayfs/params.o
  AR      drivers/input/keyboard/built-in.a
  CC      lib/zlib_inflate/inflate_syms.o
  CC      drivers/usb/misc/iowarrior.o
  AR      drivers/usb/host/built-in.a
  CC      drivers/usb/musb/musb_trace.o
  AR      lib/lzo/built-in.a
  CC      drivers/usb/core/sysfs.o
  CC      drivers/input/mouse/focaltech.o
  CC      drivers/usb/musb/musb_virthub.o
  AR      lib/zlib_inflate/built-in.a
  CC      drivers/input/mouse/alps.o
  AR      drivers/i3c/built-in.a
  CC      arch/x86/kernel/cpu/debugfs.o
  CC      drivers/usb/musb/musb_host.o
  CC      drivers/input/mouse/byd.o
  CC      drivers/input/misc/uinput.o
  CC      lib/crypto/mpi/mpi-mod.o
  CC      fs/overlayfs/xattrs.o
  CC      drivers/usb/musb/musb_debugfs.o
  CC      drivers/usb/typec/mux.o
  AR      drivers/media/i2c/built-in.a
  AR      drivers/media/tuners/built-in.a
  AR      drivers/media/rc/keymaps/built-in.a
  AR      drivers/media/rc/built-in.a
  CC      drivers/input/mouse/logips2pp.o
  AR      drivers/media/common/b2c2/built-in.a
  AR      drivers/media/common/saa7146/built-in.a
  AR      drivers/media/common/siano/built-in.a
  AR      drivers/media/common/v4l2-tpg/built-in.a
  CC      drivers/usb/misc/legousbtower.o
  AR      drivers/media/common/videobuf2/built-in.a
  AR      drivers/media/common/built-in.a
  AR      drivers/media/platform/allegro-dvt/built-in.a
  AR      drivers/media/platform/amd/isp4/built-in.a
  AR      drivers/media/platform/amd/built-in.a
  CC      drivers/usb/core/endpoint.o
  AR      drivers/media/platform/amlogic/c3/isp/built-in.a
  CC      drivers/usb/core/devio.o
  CC      drivers/usb/core/notify.o
  AR      drivers/media/platform/amlogic/c3/mipi-adapter/built-in.a
  AR      drivers/media/platform/amlogic/c3/mipi-csi2/built-in.a
  AR      drivers/media/platform/amlogic/c3/built-in.a
  AR      drivers/media/platform/amlogic/meson-ge2d/built-in.a
  CC      arch/x86/kernel/cpu/capflags.o
  AR      drivers/media/platform/amlogic/built-in.a
  AR      drivers/media/platform/amphion/built-in.a
  AR      arch/x86/kernel/cpu/built-in.a
  AR      drivers/media/platform/arm/mali-c55/built-in.a
  CC      lib/crypto/mpi/mpi-mul.o
  AR      drivers/media/platform/arm/built-in.a
  AR      arch/x86/kernel/built-in.a
  AR      drivers/media/platform/aspeed/built-in.a
  CC      drivers/input/mouse/trackpoint.o
  AR      drivers/media/platform/atmel/built-in.a
  AR      arch/x86/built-in.a
  CC      lib/lz4/lz4_decompress.o
  AR      drivers/media/platform/broadcom/built-in.a
  CC      drivers/usb/typec/bus.o
  AR      drivers/media/platform/cadence/built-in.a
  AR      drivers/ptp/built-in.a
  AR      drivers/media/platform/chips-media/coda/built-in.a
  AR      drivers/media/pci/ttpci/built-in.a
  AR      drivers/media/platform/chips-media/wave5/built-in.a
  AR      drivers/media/platform/chips-media/built-in.a
  AR      drivers/media/pci/b2c2/built-in.a
  AR      drivers/media/pci/pluto2/built-in.a
  AR      fs/overlayfs/built-in.a
  AR      drivers/media/pci/dm1105/built-in.a
  AR      drivers/media/platform/imagination/built-in.a
  AR      drivers/media/pci/pt1/built-in.a
  AR      drivers/media/platform/intel/built-in.a
  AR      fs/built-in.a
  AR      drivers/media/pci/pt3/built-in.a
  AR      drivers/media/platform/marvell/built-in.a
  AR      drivers/media/pci/mantis/built-in.a
  AR      drivers/media/platform/mediatek/jpeg/built-in.a
  AR      drivers/media/pci/ngene/built-in.a
  AR      drivers/media/pci/ddbridge/built-in.a
  AR      drivers/media/platform/mediatek/mdp/built-in.a
  CC      drivers/input/mouse/cypress_ps2.o
  AR      drivers/media/pci/saa7146/built-in.a
  AR      drivers/media/platform/mediatek/vcodec/common/built-in.a
  AR      drivers/media/pci/smipcie/built-in.a
  AR      drivers/media/platform/mediatek/vcodec/encoder/built-in.a
  AR      drivers/media/pci/netup_unidvb/built-in.a
  AR      drivers/media/platform/mediatek/vpu/built-in.a
  AR      drivers/media/platform/mediatek/vcodec/decoder/built-in.a
  CC      drivers/usb/core/generic.o
  AR      drivers/media/platform/mediatek/vcodec/built-in.a
  AR      drivers/media/pci/intel/ipu3/built-in.a
  AR      drivers/media/pci/intel/ivsc/built-in.a
  AR      drivers/media/pci/intel/built-in.a
  AR      drivers/input/misc/built-in.a
  AR      drivers/media/platform/mediatek/mdp3/built-in.a
  AR      drivers/media/platform/mediatek/built-in.a
  AR      drivers/media/pci/built-in.a
  CC      lib/zstd/zstd_compress_module.o
  CC      drivers/usb/core/quirks.o
  CC      drivers/usb/typec/pd.o
  AR      drivers/media/platform/microchip/built-in.a
  AR      drivers/media/platform/nuvoton/built-in.a
  AR      drivers/media/platform/nvidia/tegra-vde/built-in.a
  AR      drivers/media/platform/nvidia/built-in.a
  AR      drivers/media/platform/nxp/dw100/built-in.a
  AR      drivers/media/platform/nxp/imx-jpeg/built-in.a
  CC      lib/zstd/compress/fse_compress.o
  AR      drivers/media/platform/nxp/imx8-isi/built-in.a
  AR      drivers/media/platform/nxp/built-in.a
  AR      drivers/media/platform/qcom/camss/built-in.a
  CC      lib/xz/xz_dec_syms.o
  AR      drivers/media/platform/qcom/iris/built-in.a
  AR      drivers/media/platform/qcom/venus/built-in.a
  AR      drivers/media/platform/qcom/built-in.a
  AR      drivers/usb/misc/built-in.a
  CC      lib/crypto/mpi/mpih-cmp.o
  CC      drivers/usb/core/devices.o
  CC      lib/crypto/mpi/mpih-div.o
  AR      drivers/usb/musb/built-in.a
  AR      drivers/media/platform/raspberrypi/pisp_be/built-in.a
  AR      drivers/media/platform/raspberrypi/rp1-cfe/built-in.a
  AR      drivers/media/platform/raspberrypi/built-in.a
  CC      lib/zstd/compress/hist.o
  AR      drivers/media/platform/renesas/rcar-isp/built-in.a
  AR      drivers/media/usb/b2c2/built-in.a
  AR      drivers/media/platform/renesas/rcar-vin/built-in.a
  AR      drivers/media/usb/dvb-usb/built-in.a
  AR      drivers/media/platform/renesas/rzg2l-cru/built-in.a
  AR      drivers/media/usb/dvb-usb-v2/built-in.a
  AR      drivers/media/platform/renesas/rzv2h-ivc/built-in.a
  AR      drivers/media/usb/s2255/built-in.a
  AR      drivers/media/platform/renesas/vsp1/built-in.a
  AR      drivers/media/platform/renesas/built-in.a
  AR      drivers/media/usb/siano/built-in.a
  AR      drivers/media/usb/ttusb-budget/built-in.a
  AR      drivers/media/usb/ttusb-dec/built-in.a
  AR      drivers/media/platform/rockchip/rga/built-in.a
  AR      drivers/media/usb/built-in.a
  CC      drivers/usb/typec/retimer.o
  CC      drivers/usb/typec/mode_selection.o
  AR      drivers/media/platform/rockchip/rkcif/built-in.a
  AR      drivers/media/platform/rockchip/rkisp1/built-in.a
  CC      lib/fault-inject.o
  AR      drivers/media/platform/rockchip/rkvdec/built-in.a
  AR      drivers/media/platform/rockchip/built-in.a
  CC      drivers/usb/typec/altmodes/thunderbolt.o
  CC      lib/zstd/compress/huf_compress.o
  AR      drivers/media/platform/samsung/exynos-gsc/built-in.a
  AR      drivers/media/platform/samsung/exynos4-is/built-in.a
  AR      drivers/media/platform/samsung/s3c-camif/built-in.a
  AR      drivers/media/platform/samsung/s5p-g2d/built-in.a
  AR      drivers/media/platform/samsung/s5p-jpeg/built-in.a
  CC      lib/xz/xz_dec_stream.o
  AR      drivers/media/platform/samsung/s5p-mfc/built-in.a
  AR      drivers/media/platform/samsung/built-in.a
  AR      drivers/usb/typec/mux/built-in.a
  CC      lib/fault-inject-usercopy.o
  AR      drivers/media/platform/st/sti/bdisp/built-in.a
  CC      lib/xz/xz_dec_lzma2.o
  AR      drivers/media/platform/st/sti/delta/built-in.a
  AR      drivers/media/platform/st/sti/hva/built-in.a
  AR      drivers/media/platform/st/stm32/built-in.a
  AR      drivers/media/platform/st/built-in.a
  AR      drivers/input/mouse/built-in.a
  AR      drivers/input/built-in.a
  AR      drivers/media/platform/sunxi/sun4i-csi/built-in.a
  AR      drivers/media/platform/sunxi/sun6i-csi/built-in.a
  AR      drivers/media/platform/synopsys/hdmirx/built-in.a
  AR      drivers/media/platform/synopsys/built-in.a
  AR      drivers/power/built-in.a
  AR      drivers/media/platform/sunxi/sun6i-mipi-csi2/built-in.a
  CC      drivers/thermal/thermal_core.o
  AR      drivers/media/platform/sunxi/sun8i-a83t-mipi-csi2/built-in.a
  AR      drivers/media/platform/sunxi/sun8i-di/built-in.a
  CC      lib/zstd/compress/zstd_compress.o
  AR      drivers/media/platform/sunxi/sun8i-rotate/built-in.a
  AR      drivers/media/platform/sunxi/built-in.a
  CC      lib/zstd/compress/zstd_compress_literals.o
  AR      drivers/media/platform/ti/am437x/built-in.a
  AR      drivers/media/platform/ti/cal/built-in.a
  CC      lib/crypto/mpi/mpih-mul.o
  AR      drivers/media/platform/ti/vpe/built-in.a
  AR      drivers/media/platform/ti/davinci/built-in.a
  AR      drivers/media/mmc/siano/built-in.a
  AR      drivers/media/platform/ti/j721e-csi2rx/built-in.a
  AR      drivers/media/mmc/built-in.a
  AR      drivers/media/platform/ti/omap/built-in.a
  AR      drivers/media/firewire/built-in.a
  AR      drivers/media/platform/ti/omap3isp/built-in.a
  CC      lib/xz/xz_dec_bcj.o
  AR      drivers/media/platform/ti/built-in.a
  AR      drivers/media/spi/built-in.a
  CC      drivers/usb/core/phy.o
  AR      drivers/media/platform/verisilicon/built-in.a
  AR      drivers/media/platform/via/built-in.a
  CC      drivers/usb/core/port.o
  AR      drivers/media/platform/xilinx/built-in.a
  AR      drivers/media/platform/built-in.a
  CC      lib/zstd/compress/zstd_compress_sequences.o
  AR      drivers/mmc/built-in.a
  AR      drivers/usb/typec/altmodes/built-in.a
  CC      lib/syscall.o
  AR      drivers/media/test-drivers/built-in.a
  AR      drivers/media/built-in.a
  CC      lib/strncpy_from_user.o
  AR      drivers/usb/typec/built-in.a
  CC      drivers/usb/core/trace.o
  CC      lib/crypto/mpi/mpi-pow.o
  CC      lib/crypto/mpi/mpiutil.o
  AR      lib/lz4/built-in.a
  CC      lib/zstd/compress/zstd_compress_superblock.o
  CC      drivers/usb/core/hcd-pci.o
  CC      drivers/thermal/thermal_sysfs.o
  AR      drivers/ufs/built-in.a
  CC      lib/zstd/compress/zstd_double_fast.o
  AR      lib/xz/built-in.a
  CC      lib/strnlen_user.o
  CC      lib/zstd/compress/zstd_fast.o
  CC      drivers/thermal/thermal_trip.o
  AR      drivers/firmware/arm_ffa/built-in.a
  CC      lib/zstd/compress/zstd_lazy.o
  CC      lib/zstd/compress/zstd_ldm.o
  AR      drivers/firmware/arm_scmi/built-in.a
  AR      drivers/firmware/broadcom/built-in.a
  AR      drivers/firmware/cirrus/test/built-in.a
  AR      drivers/firmware/cirrus/built-in.a
  AR      drivers/firmware/meson/built-in.a
  AR      drivers/firmware/microchip/built-in.a
  AR      drivers/crypto/stm32/built-in.a
  CC      drivers/clocksource/i8253.o
  CC      drivers/hid/hid-core.o
  CC      drivers/crypto/virtio/virtio_crypto_skcipher_algs.o
  AR      drivers/firmware/efi/built-in.a
  AR      drivers/firmware/imx/built-in.a
  AR      drivers/firmware/psci/built-in.a
  AR      drivers/firmware/qcom/built-in.a
  AR      drivers/firmware/samsung/built-in.a
  AR      drivers/firmware/smccc/built-in.a
  AR      drivers/firmware/tegra/built-in.a
  AR      lib/crypto/mpi/built-in.a
  AR      drivers/firmware/xilinx/built-in.a
  AR      drivers/firmware/built-in.a
  AR      lib/crypto/built-in.a
  CC      drivers/thermal/thermal_helpers.o
  CC      drivers/crypto/virtio/virtio_crypto_akcipher_algs.o
  CC      drivers/crypto/virtio/virtio_crypto_mgr.o
  CC      lib/zstd/compress/zstd_opt.o
  CC      lib/zstd/compress/zstd_preSplit.o
  CC      lib/bootconfig.o
  AR      drivers/platform/x86/amd/built-in.a
  AR      drivers/platform/x86/lenovo/built-in.a
  AR      drivers/usb/core/built-in.a
  AR      drivers/platform/x86/intel/built-in.a
  AR      drivers/virt/vboxguest/built-in.a
  AR      drivers/platform/x86/uniwill/built-in.a
  AR      drivers/virt/coco/built-in.a
  AR      drivers/virt/built-in.a
  AR      drivers/usb/built-in.a
  AR      drivers/perf/built-in.a
  AR      drivers/platform/x86/tuxedo/nb04/built-in.a
  AR      drivers/platform/x86/tuxedo/built-in.a
  AR      drivers/crypto/inside-secure/eip93/built-in.a
  CC      drivers/crypto/virtio/virtio_crypto_core.o
  CC      lib/zstd/zstd_decompress_module.o
  AR      drivers/crypto/inside-secure/built-in.a
  AR      drivers/platform/x86/built-in.a
  AR      drivers/clocksource/built-in.a
  CC      lib/asn1_decoder.o
  AR      drivers/platform/built-in.a
  CC      drivers/hid/hid-input.o
  CC      drivers/thermal/thermal_thresholds.o
  CC      drivers/thermal/gov_step_wise.o
  CC      drivers/hid/hid-quirks.o
  CC      lib/group_cpus.o
  AR      drivers/thermal/broadcom/built-in.a
  CC      drivers/thunderbolt/nhi.o
  AR      drivers/crypto/xilinx/built-in.a
  CC      lib/zstd/decompress/huf_decompress.o
  AR      drivers/thermal/renesas/built-in.a
  CC      drivers/hid/hid-debug.o
  AR      drivers/crypto/hisilicon/built-in.a
  AR      drivers/hwtracing/intel_th/built-in.a
  CC      lib/zstd/decompress/zstd_ddict.o
  AR      drivers/android/built-in.a
  CC      lib/zstd/decompress/zstd_decompress.o
  CC      drivers/thunderbolt/ctl.o
  CC      drivers/thunderbolt/tb.o
  AR      drivers/crypto/virtio/built-in.a
  AR      drivers/thermal/samsung/built-in.a
  CC      drivers/thermal/intel/therm_throt.o
  AR      drivers/crypto/intel/keembay/built-in.a
  AR      drivers/crypto/intel/ixp4xx/built-in.a
  CC      drivers/crypto/intel/qat/qat_common/adf_accel_engine.o
  AR      lib/lib.a
  AR      drivers/crypto/starfive/built-in.a
  AR      drivers/crypto/cavium/built-in.a
  CC      drivers/crypto/intel/qat/qat_common/adf_admin.o
  AR      drivers/crypto/ti/built-in.a
  CC      drivers/hid/hid-generic.o
  AR      drivers/thermal/st/built-in.a
  CC      drivers/thunderbolt/switch.o
  CC      drivers/crypto/intel/qat/qat_4xxx/adf_drv.o
  CC      drivers/crypto/intel/qat/qat_4xxx/adf_4xxx_hw_data.o
  CC      drivers/nvmem/core.o
  AR      drivers/nvmem/layouts/built-in.a
  CC      drivers/mux/core.o
  CC      drivers/siox/siox-core.o
  CC      drivers/crypto/intel/qat/qat_common/adf_aer.o
  AR      drivers/resctrl/built-in.a
  CC      drivers/crypto/intel/qat/qat_c3xxxvf/adf_drv.o
  CC      drivers/thunderbolt/cap.o
  CC      drivers/crypto/intel/qat/qat_c3xxxvf/adf_c3xxxvf_hw_data.o
  CC      drivers/hid/hid-cmedia.o
  AR      drivers/thermal/intel/built-in.a
  AR      drivers/thermal/qcom/built-in.a
  AR      drivers/thermal/tegra/built-in.a
  AR      drivers/thermal/mediatek/built-in.a
  AR      drivers/thermal/spacemit/built-in.a
  AR      drivers/thermal/built-in.a
  AR      drivers/mux/built-in.a
  CC      drivers/crypto/intel/qat/qat_common/adf_anti_rb.o
  CC      lib/zstd/decompress/zstd_decompress_block.o
  AR      drivers/crypto/intel/qat/qat_4xxx/built-in.a
  CC      drivers/thunderbolt/pci.o
  CC      drivers/hid/hid-keytouch.o
  CC      lib/zstd/zstd_common_module.o
  AR      drivers/nvmem/built-in.a
  CC      drivers/crypto/intel/qat/qat_common/adf_bank_state.o
  AR      drivers/siox/built-in.a
  CC      drivers/crypto/intel/qat/qat_common/adf_cfg.o
  CC      drivers/hid/hid-nti.o
  CC      lib/zstd/common/debug.o
  CC      lib/zstd/common/entropy_common.o
  AR      drivers/crypto/intel/qat/qat_c3xxxvf/built-in.a
  CC      drivers/thunderbolt/path.o
  CC      drivers/hid/hid-plantronics.o
  CC      lib/zstd/common/error_private.o
  CC      drivers/hid/hid-waltop.o
  CC      drivers/hid/usbhid/hid-core.o
  CC      lib/zstd/common/fse_decompress.o
  CC      drivers/crypto/intel/qat/qat_common/adf_cfg_services.o
  CC      drivers/crypto/intel/qat/qat_common/adf_clock.o
  CC      drivers/crypto/intel/qat/qat_common/adf_dc.o
  CC      drivers/hid/intel-ish-hid/ishtp/init.o
  CC      lib/zstd/common/zstd_common.o
  CC      drivers/hid/usbhid/hid-pidff.o
  CC      drivers/thunderbolt/tunnel.o
  CC      drivers/crypto/intel/qat/qat_common/adf_dev_mgr.o
  CC      drivers/hid/intel-ish-hid/ishtp/hbm.o
  CC      drivers/crypto/intel/qat/qat_common/adf_gen2_config.o
  CC      drivers/hid/intel-ish-hid/ishtp/client.o
  CC      drivers/thunderbolt/eeprom.o
  CC      drivers/thunderbolt/domain.o
  CC      drivers/thunderbolt/dma_port.o
  CC      drivers/hid/intel-ish-hid/ishtp/bus.o
  CC      drivers/crypto/intel/qat/qat_common/adf_gen2_hw_csr_data.o
  CC      drivers/hid/intel-ish-hid/ishtp/dma-if.o
  CC      drivers/crypto/intel/qat/qat_common/adf_gen2_hw_data.o
  CC      drivers/thunderbolt/icm.o
  CC      drivers/hid/intel-ish-hid/ishtp/client-buffers.o
  CC      drivers/thunderbolt/property.o
  CC      drivers/thunderbolt/xdomain.o
  CC      drivers/hid/intel-ish-hid/ishtp/loader.o
  CC      drivers/thunderbolt/lc.o
  AR      drivers/hid/usbhid/built-in.a
  CC      drivers/hid/intel-ish-hid/ipc/ipc.o
  CC      drivers/thunderbolt/tmu.o
  CC      drivers/crypto/intel/qat/qat_common/adf_gen4_config.o
  CC      drivers/thunderbolt/usb4.o
  CC      drivers/hid/intel-ish-hid/ipc/pci-ish.o
  CC      drivers/crypto/intel/qat/qat_common/adf_gen4_hw_csr_data.o
  CC      drivers/thunderbolt/usb4_port.o
  CC      drivers/hid/intel-ish-hid/ishtp-hid.o
  CC      drivers/thunderbolt/nvm.o
  CC      drivers/crypto/intel/qat/qat_common/adf_gen4_hw_data.o
  CC      drivers/hid/intel-ish-hid/ishtp-hid-client.o
  CC      drivers/thunderbolt/retimer.o
  CC      drivers/crypto/intel/qat/qat_common/adf_gen4_pm.o
  CC      drivers/thunderbolt/quirks.o
  CC      drivers/thunderbolt/clx.o
  CC      drivers/thunderbolt/debugfs.o
  CC      drivers/crypto/intel/qat/qat_common/adf_gen4_ras.o
  CC      drivers/thunderbolt/configfs.o
  CC      drivers/crypto/intel/qat/qat_common/adf_gen4_vf_mig.o
  CC      drivers/crypto/intel/qat/qat_common/adf_gen6_ras.o
  CC      drivers/crypto/intel/qat/qat_common/adf_gen6_shared.o
  CC      drivers/crypto/intel/qat/qat_common/adf_hw_arbiter.o
  CC      drivers/crypto/intel/qat/qat_common/adf_init.o
  CC      drivers/crypto/intel/qat/qat_common/adf_isr.o
  CC      drivers/crypto/intel/qat/qat_common/adf_kpt.o
  CC      drivers/crypto/intel/qat/qat_common/adf_module.o
  CC      drivers/crypto/intel/qat/qat_common/adf_mstate_mgr.o
  CC      drivers/crypto/intel/qat/qat_common/adf_rl_admin.o
  CC      drivers/crypto/intel/qat/qat_common/adf_rl.o
  AR      drivers/hid/intel-ish-hid/built-in.a
  AR      drivers/hid/built-in.a
  CC      drivers/crypto/intel/qat/qat_common/adf_sysfs.o
  CC      drivers/crypto/intel/qat/qat_common/adf_sysfs_anti_rb.o
  CC      drivers/crypto/intel/qat/qat_common/adf_sysfs_kpt.o
  CC      drivers/crypto/intel/qat/qat_common/adf_sysfs_ras_counters.o
  CC      drivers/crypto/intel/qat/qat_common/adf_sysfs_rl.o
  AR      drivers/thunderbolt/built-in.a
  CC      drivers/crypto/intel/qat/qat_common/adf_timer.o
  CC      drivers/crypto/intel/qat/qat_common/adf_transport.o
  CC      drivers/crypto/intel/qat/qat_common/qat_algs.o
  CC      drivers/crypto/intel/qat/qat_common/qat_algs_send.o
  CC      drivers/crypto/intel/qat/qat_common/qat_asym_algs.o
  CC      drivers/crypto/intel/qat/qat_common/qat_bl.o
  CC      drivers/crypto/intel/qat/qat_common/qat_comp_algs.o
  CC      drivers/crypto/intel/qat/qat_common/qat_compression.o
  CC      drivers/crypto/intel/qat/qat_common/qat_comp_zstd_utils.o
  CC      drivers/crypto/intel/qat/qat_common/qat_crypto.o
  CC      drivers/crypto/intel/qat/qat_common/qat_hal.o
  CC      drivers/crypto/intel/qat/qat_common/qat_mig_dev.o
  CC      drivers/crypto/intel/qat/qat_common/qat_uclo.o
  CC      drivers/crypto/intel/qat/qat_common/adf_cnv_dbgfs.o
  CC      drivers/crypto/intel/qat/qat_common/adf_dbgfs.o
  CC      drivers/crypto/intel/qat/qat_common/adf_fw_counters.o
  CC      drivers/crypto/intel/qat/qat_common/adf_gen4_pm_debugfs.o
  CC      drivers/crypto/intel/qat/qat_common/adf_gen4_tl.o
  CC      drivers/crypto/intel/qat/qat_common/adf_gen6_pm_dbgfs.o
  CC      drivers/crypto/intel/qat/qat_common/adf_gen6_tl.o
  CC      drivers/crypto/intel/qat/qat_common/adf_heartbeat_dbgfs.o
  CC      drivers/crypto/intel/qat/qat_common/adf_heartbeat.o
  CC      drivers/crypto/intel/qat/qat_common/adf_pm_dbgfs.o
  CC      drivers/crypto/intel/qat/qat_common/adf_pm_dbgfs_utils.o
  CC      drivers/crypto/intel/qat/qat_common/adf_telemetry.o
  CC      drivers/crypto/intel/qat/qat_common/adf_tl_debugfs.o
  CC      drivers/crypto/intel/qat/qat_common/adf_transport_debug.o
  CC      drivers/crypto/intel/qat/qat_common/adf_gen2_pfvf.o
  CC      drivers/crypto/intel/qat/qat_common/adf_gen4_pfvf.o
  CC      drivers/crypto/intel/qat/qat_common/adf_pfvf_pf_msg.o
  CC      drivers/crypto/intel/qat/qat_common/adf_pfvf_pf_proto.o
  CC      drivers/crypto/intel/qat/qat_common/adf_pfvf_utils.o
  AR      lib/zstd/built-in.a
  AR      lib/built-in.a
  CC      drivers/crypto/intel/qat/qat_common/adf_pfvf_vf_msg.o
  CC      drivers/crypto/intel/qat/qat_common/adf_pfvf_vf_proto.o
  CC      drivers/crypto/intel/qat/qat_common/adf_sriov.o
  CC      drivers/crypto/intel/qat/qat_common/adf_vf_isr.o
  AR      drivers/crypto/intel/qat/qat_common/built-in.a
  AR      drivers/crypto/intel/qat/built-in.a
  AR      drivers/crypto/intel/built-in.a
  AR      drivers/crypto/built-in.a
  AR      drivers/built-in.a
  AR      built-in.a
  AR      built-in-fixup.a
  COPY    vmlinux.a
  LD      vmlinux.o
  MODPOST vmlinux.symvers
  CC      .vmlinux.export.o
  UPD     include/generated/utsversion.h
  CC      init/version-timestamp.o
  LD      vmlinux.unstripped
  NM      System.map
  SORTTAB vmlinux.unstripped
  OBJCOPY vmlinux
  GEN     modules.builtin.modinfo
  GEN     modules.builtin
  CC      arch/x86/boot/a20.o
  AS      arch/x86/boot/bioscall.o
  CC      arch/x86/boot/cmdline.o
  AS      arch/x86/boot/copy.o
  HOSTCC  arch/x86/boot/mkcpustr
  CC      arch/x86/boot/cpuflags.o
  CC      arch/x86/boot/cpucheck.o
  CC      arch/x86/boot/early_serial_console.o
  CC      arch/x86/boot/edd.o
  CC      arch/x86/boot/main.o
  CC      arch/x86/boot/memory.o
  CC      arch/x86/boot/pm.o
  AS      arch/x86/boot/pmjump.o
  CC      arch/x86/boot/printf.o
  CC      arch/x86/boot/regs.o
  CC      arch/x86/boot/string.o
  CC      arch/x86/boot/tty.o
  CC      arch/x86/boot/video.o
  CC      arch/x86/boot/video-mode.o
  CC      arch/x86/boot/version.o
  CC      arch/x86/boot/video-vga.o
  CC      arch/x86/boot/video-vesa.o
  CC      arch/x86/boot/video-bios.o
  CPUSTR  arch/x86/boot/cpustr.h
  CC      arch/x86/boot/cpu.o
  LDS     arch/x86/boot/compressed/vmlinux.lds
  AS      arch/x86/boot/compressed/kernel_info.o
  AS      arch/x86/boot/compressed/head_64.o
  VOFFSET arch/x86/boot/compressed/../voffset.h
  CC      arch/x86/boot/compressed/string.o
  CC      arch/x86/boot/compressed/cmdline.o
  OBJCOPY arch/x86/boot/compressed/vmlinux.bin
  CC      arch/x86/boot/compressed/error.o
  HOSTCC  arch/x86/boot/compressed/mkpiggy
  CC      arch/x86/boot/compressed/cpuflags.o
  CC      arch/x86/boot/compressed/ident_map_64.o
  CC      arch/x86/boot/compressed/idt_64.o
  AS      arch/x86/boot/compressed/idt_handlers_64.o
  CC      arch/x86/boot/compressed/pgtable_64.o
  CC      arch/x86/boot/compressed/misc.o
  GZIP    arch/x86/boot/compressed/vmlinux.bin.gz
  MKPIGGY arch/x86/boot/compressed/piggy.S
  AS      arch/x86/boot/compressed/piggy.o
  LD      arch/x86/boot/compressed/vmlinux
  ZOFFSET arch/x86/boot/zoffset.h
  OBJCOPY arch/x86/boot/vmlinux.bin
  AS      arch/x86/boot/header.o
  LD      arch/x86/boot/setup.elf
  OBJCOPY arch/x86/boot/setup.bin
  BUILD   arch/x86/boot/bzImage
Kernel: arch/x86/boot/bzImage is ready  (#1)
make[3]: Leaving directory '/home/benni/git/kernel-test/build/rand500config-x86_64'
make[2]: Leaving directory '/home/benni/git/linux'
