make[4]: Entering directory '/mnt/git-volume/linux-stable'
make[5]: Entering directory '/mnt/git-volume/kernel-test-stable/build/kunitnsconfig-riscv'
*** Default configuration is based on 'defconfig'
#
# configuration written to .config
#
make[5]: Leaving directory '/mnt/git-volume/kernel-test-stable/build/kunitnsconfig-riscv'
make[4]: Leaving directory '/mnt/git-volume/linux-stable'
make[4]: Entering directory '/mnt/git-volume/linux-stable'
make[5]: Entering directory '/mnt/git-volume/kernel-test-stable/build/kunitnsconfig-riscv'
.config:7262:warning: override: reassigning to symbol PRINTK
.config:7266:warning: override: reassigning to symbol TTY
.config:7269:warning: override: reassigning to symbol BLK_DEV_INITRD
.config:7270:warning: override: reassigning to symbol RD_GZIP
.config:7273:warning: override: reassigning to symbol BINFMT_ELF
.config:7274:warning: override: reassigning to symbol BINFMT_SCRIPT
.config:7277:warning: override: reassigning to symbol TMPFS
.config:7280:warning: override: reassigning to symbol KUNIT
.config:7296:warning: override: reassigning to symbol OF_UNITTEST
.config:7301:warning: override: reassigning to symbol WATCHDOG
.config:7302:warning: override: reassigning to symbol SOFT_WATCHDOG
.config:7303:warning: override: reassigning to symbol WATCHDOG_SYSFS
.config:7313:warning: override: reassigning to symbol NAMESPACES
.config:7314:warning: override: reassigning to symbol UTS_NS
.config:7315:warning: override: reassigning to symbol IPC_NS
.config:7316:warning: override: reassigning to symbol PID_NS
.config:7317:warning: override: reassigning to symbol NET_NS
.config:7318:warning: override: reassigning to symbol USER_NS
.config:7319:warning: override: reassigning to symbol TIME_NS
.config:7322:warning: override: reassigning to symbol CGROUPS
.config:7326:warning: override: reassigning to symbol PROC_FS
.config:7327:warning: override: reassigning to symbol NET
.config:7328:warning: override: reassigning to symbol INET
.config:7329:warning: override: reassigning to symbol TMPFS
.config:7330:warning: override: reassigning to symbol SYSVIPC
.config:7331:warning: override: reassigning to symbol FUTEX
.config:7335:warning: override: reassigning to symbol SERIAL_8250
.config:7336:warning: override: reassigning to symbol SERIAL_8250_CONSOLE
.config:7337:warning: override: reassigning to symbol SERIAL_OF_PLATFORM
.config:7339:warning: override: reassigning to symbol FPU
#
# configuration written to .config
#
make[5]: Leaving directory '/mnt/git-volume/kernel-test-stable/build/kunitnsconfig-riscv'
make[4]: Leaving directory '/mnt/git-volume/linux-stable'
make[4]: Entering directory '/mnt/git-volume/linux-stable'
make[5]: Entering directory '/mnt/git-volume/kernel-test-stable/build/kunitnsconfig-riscv'
  SYNC    include/config/auto.conf.cmd
  UPD     include/generated/uapi/linux/version.h
  UPD     include/config/kernel.release
  UPD     include/generated/utsrelease.h
  CC      arch/riscv/kernel/asm-offsets.s
  CC      kernel/sched/rq-offsets.s
  CC      arch/riscv/kernel/vdso/getrandom.o
  AS      arch/riscv/kernel/vdso/note.o
  VDSOLD  arch/riscv/kernel/vdso/vdso.so.dbg
  VDSOSYM include/generated/vdso-offsets.h
  VDSOAS  arch/riscv/kernel/compat_vdso/note.o
  VDSOLD  arch/riscv/kernel/compat_vdso/compat_vdso.so.dbg
  VDSOSYM include/generated/compat_vdso-offsets.h
  GEN     usr/initramfs_data.cpio
  CC      init/main.o
  COPY    usr/initramfs_inc_data
  AS      usr/initramfs_data.o
  UPD     init/utsversion-tmp.h
  CC      init/do_mounts.o
  AR      usr/built-in.a
  CC      init/do_mounts_initrd.o
  CC      arch/riscv/kernel/alternative.o
  CC      kernel/fork.o
  CC      init/initramfs.o
  CC      arch/riscv/kernel/cpu.o
  CC      kernel/exec_domain.o
  CC      init/init_task.o
  CC      arch/riscv/kernel/cpufeature.o
  CC      kernel/exec_state.o
  CC      init/version.o
  CC      arch/riscv/kernel/irq.o
  AR      init/built-in.a
  CC      kernel/panic.o
  CC      arch/riscv/kernel/process.o
  CC      kernel/cpu.o
  CC      arch/riscv/kernel/ptrace.o
  CC      arch/riscv/kernel/return_address.o
  CC      mm/filemap.o
  CC      kernel/exit.o
  CC      arch/riscv/kernel/setup.o
  CC      kernel/softirq.o
  CC      arch/riscv/kernel/signal.o
  CC      mm/mempool.o
  CC      kernel/resource.o
  CC      mm/oom_kill.o
  CC      kernel/sysctl.o
  CC      fs/open.o
  CC      arch/riscv/kernel/syscall_table.o
  CC      mm/fadvise.o
  CC      kernel/capability.o
  CC      arch/riscv/kernel/sys_riscv.o
  CC      fs/read_write.o
  CC      mm/maccess.o
  CC      arch/riscv/kernel/sys_hwprobe.o
  CC      fs/file_table.o
  CC      kernel/ptrace.o
  CC      mm/page-writeback.o
  CC      kernel/user.o
  CC      fs/super.o
  CC      arch/riscv/kernel/time.o
  CC      kernel/signal.o
  CC      mm/folio-compat.o
  CC      fs/char_dev.o
  CC      arch/riscv/kernel/traps.o
  CC      kernel/sys.o
  CC      mm/readahead.o
  CC      fs/stat.o
  CC      arch/riscv/kernel/stacktrace.o
  CC      kernel/umh.o
  CC      mm/swap.o
  CC      arch/riscv/kernel/cacheinfo.o
  CC      fs/exec.o
  CC      kernel/workqueue.o
  CC      mm/truncate.o
  CC      arch/riscv/kernel/patch.o
  CC      fs/pipe.o
  CC      kernel/pid.o
  CC      mm/vmscan.o
  CC      fs/namei.o
  CC      mm/shrinker.o
  CC      kernel/task_work.o
  CC      arch/riscv/kernel/probes/uprobes.o
  CC      fs/fcntl.o
  CC      kernel/extable.o
  CC      arch/riscv/kernel/probes/decode-insn.o
  CC      mm/shmem.o
  CC      arch/riscv/kernel/probes/simulate-insn.o
  CC      fs/ioctl.o
  CC      kernel/params.o
  CC      mm/util.o
  AR      arch/riscv/kernel/probes/built-in.a
  CC      fs/readdir.o
  CC      kernel/kthread.o
  CC      mm/mmzone.o
  CC      arch/riscv/kernel/vdso.o
  CC      fs/select.o
  CC      kernel/nsproxy.o
  CC      mm/vmstat.o
  OBJCOPY arch/riscv/kernel/vdso/vdso.so
  AS      arch/riscv/kernel/vdso/vdso.o
  CC      fs/dcache.o
  CC      mm/backing-dev.o
  CC      kernel/nstree.o
  CC      mm/mm_init.o
  AR      arch/riscv/kernel/vdso/built-in.a
  CC      kernel/nscommon.o
  CC      fs/inode.o
  CC      arch/riscv/kernel/traps_misaligned.o
  CC      mm/percpu.o
  CC      fs/attr.o
  CC      kernel/notifier.o
  CC      arch/riscv/kernel/unaligned_access_speed.o
  CC      mm/slab_common.o
  CC      fs/bad_inode.o
  CC      kernel/ksysfs.o
  CC      arch/riscv/kernel/vector.o
  CC      fs/file.o
  CC      mm/compaction.o
  CC      kernel/cred.o
  CC      arch/riscv/kernel/kernel_mode_vector.o
  CC      fs/filesystems.o
  CC      mm/show_mem.o
  CC      kernel/reboot.o
  CC      fs/namespace.o
  CC      arch/riscv/kernel/smpboot.o
  CC      mm/interval_tree.o
  CC      kernel/async.o
  CC      fs/seq_file.o
  CC      arch/riscv/kernel/smp.o
  CC      mm/list_lru.o
  CC      fs/xattr.o
  CC      kernel/smpboot.o
  CC      arch/riscv/kernel/cpu_ops.o
  CC      mm/workingset.o
  CC      kernel/ucount.o
  CC      fs/libfs.o
  CC      arch/riscv/kernel/module.o
  CC      kernel/ksyms_common.o
  CC      mm/debug.o
  CC      fs/fs-writeback.o
  CC      arch/riscv/kernel/suspend.o
  CC      kernel/groups.o
  CC      mm/gup.o
  CC      arch/riscv/kernel/perf_callchain.o
  CC      mm/mmap_lock.o
  CC      fs/pnode.o
  CC      mm/vma_init.o
  CC      kernel/sched/core.o
  CC      arch/riscv/kernel/perf_regs.o
  CC      fs/splice.o
  CC      mm/highmem.o
  CC      fs/sync.o
  CC      kernel/sched/fair.o
  CC      arch/riscv/kernel/sbi.o
  CC      mm/memory.o
  CC      fs/utimes.o
  CC      arch/riscv/kernel/sbi_ecall.o
  CC      kernel/sched/build_policy.o
  CC      mm/mincore.o
  CC      fs/d_path.o
  CC      arch/riscv/kernel/sbi-ipi.o
  CC      kernel/sched/build_utility.o
  CC      mm/mlock.o
  CC      fs/stack.o
  CC      arch/riscv/kernel/cpu_ops_sbi.o
  AR      kernel/sched/built-in.a
  CC      arch/riscv/kernel/cpu-hotplug.o
  CC      mm/mmap.o
  CC      fs/fs_struct.o
  CC      arch/riscv/kernel/jump_label.o
  CC      mm/mmu_gather.o
  CC      kernel/locking/mutex.o
  CC      fs/statfs.o
  CC      mm/mprotect.o
  CC      arch/riscv/kernel/efi.o
  CC      fs/fs_pin.o
  CC      kernel/locking/semaphore.o
  CC      mm/mremap.o
  CC      fs/nsfs.o
  CC      kernel/locking/rwsem.o
  CC      arch/riscv/kernel/compat_syscall_table.o
  CC      mm/msync.o
  CC      fs/fs_context.o
  CC      kernel/locking/percpu-rwsem.o
  CC      mm/page_vma_mapped.o
  CC      arch/riscv/kernel/compat_signal.o
  CC      kernel/locking/spinlock.o
  CC      fs/fs_parser.o
  CC      mm/pagewalk.o
  CC      kernel/locking/qspinlock.o
  CC      fs/fsopen.o
  CC      mm/pgtable-generic.o
  OBJCOPY arch/riscv/kernel/compat_vdso/compat_vdso.so
  CC      fs/init.o
  CC      kernel/locking/rtmutex_api.o
  AS      arch/riscv/kernel/compat_vdso/compat_vdso.o
  CC      mm/rmap.o
  CC      kernel/locking/qrwlock.o
  CC      fs/kernel_read_file.o
  CC      mm/vmalloc.o
  CC      fs/mnt_idmapping.o
  AR      arch/riscv/kernel/compat_vdso/built-in.a
  AR      kernel/locking/built-in.a
  CC      mm/vma.o
  CC      fs/remap_range.o
  CC      fs/pidfs.o
  CC      mm/vma_exec.o
  CC      kernel/power/qos.o
  CC      fs/file_attr.o
  CC      mm/process_vm_access.o
  CC      arch/riscv/kernel/acpi.o
  CC      mm/mseal.o
  CC      fs/fserror.o
  CC      kernel/power/main.o
  CC      arch/riscv/kernel/bugs.o
  CC      fs/nullfs.o
  CC      mm/page_alloc.o
  CC      kernel/power/console.o
  AR      arch/riscv/kernel/built-in.a
  CC      mm/page_frag_cache.o
  CC      kernel/power/process.o
  CC      fs/buffer.o
  CC      kernel/power/suspend.o
  CC      mm/init-mm.o
  CC      arch/riscv/mm/init.o
  CC      fs/mpage.o
  AR      kernel/power/built-in.a
  CC      arch/riscv/mm/extable.o
  CC      mm/memblock.o
  CC      fs/proc_namespace.o
  CC      kernel/printk/printk.o
  CC      arch/riscv/mm/fault.o
  CC      mm/slub.o
  CC      fs/direct-io.o
  CC      mm/madvise.o
  CC      kernel/printk/printk_safe.o
  CC      arch/riscv/mm/pageattr.o
  CC      mm/page_io.o
  CC      kernel/printk/nbcon.o
  CC      arch/riscv/mm/pgtable.o
  CC      fs/notify/fsnotify.o
  CC      mm/swap_state.o
  CC      kernel/printk/printk_ringbuffer.o
  CC      arch/riscv/mm/tlbflush.o
  CC      fs/notify/notification.o
  CC      mm/swapfile.o
  CC      kernel/printk/sysctl.o
  CC      arch/riscv/mm/cacheflush.o
  AR      kernel/printk/built-in.a
  CC      fs/notify/group.o
  CC      mm/dmapool.o
  CC      arch/riscv/mm/context.o
  CC      mm/hugetlb.o
  CC      fs/notify/mark.o
  CC      arch/riscv/mm/pmem.o
  CC      fs/notify/fdinfo.o
  CC      mm/hugetlb_sysfs.o
  CC      kernel/irq/irqdesc.o
  CC      arch/riscv/mm/hugetlbpage.o
  CC      mm/hugetlb_sysctl.o
  CC      arch/riscv/mm/dma-noncoherent.o
  CC      kernel/irq/handle.o
  CC      fs/notify/dnotify/dnotify.o
  CC      mm/hugetlb_vmemmap.o
  CC      arch/riscv/mm/cache-ops.o
  CC      kernel/irq/manage.o
  CC      mm/sparse.o
  AR      arch/riscv/mm/built-in.a
  AR      fs/notify/dnotify/built-in.a
  CC      kernel/irq/spurious.o
  CC      mm/sparse-vmemmap.o
  CC      fs/notify/inotify/inotify_fsnotify.o
  CC      arch/riscv/errata/andes/errata.o
  CC      mm/mmu_notifier.o
  CC      kernel/irq/resend.o
  CC      fs/notify/inotify/inotify_user.o
  AR      arch/riscv/errata/andes/built-in.a
  CC      kernel/irq/chip.o
  CC      mm/memtest.o
  AR      fs/notify/inotify/built-in.a
  CC      arch/riscv/errata/sifive/errata.o
  CC      mm/migrate.o
  CC      kernel/irq/dummychip.o
  AR      fs/notify/built-in.a
  AR      arch/riscv/errata/sifive/built-in.a
  CC      mm/memcontrol.o
  CC      fs/eventpoll.o
  CC      kernel/irq/devres.o
  CC      arch/riscv/errata/thead/errata.o
  CC      mm/vmpressure.o
  CC      fs/anon_inodes.o
  AR      arch/riscv/errata/thead/built-in.a
  CC      kernel/irq/kexec.o
  AR      arch/riscv/errata/built-in.a
  CC      mm/bpf_memcontrol.o
  CC      kernel/irq/irqdomain.o
  CC      fs/signalfd.o
  CC      arch/riscv/purgatory/sha256.o
  CC      mm/hugetlb_cgroup.o
  CC      kernel/irq/proc.o
  CC      fs/timerfd.o
  LD      arch/riscv/purgatory/purgatory.ro
  LD      arch/riscv/purgatory/purgatory.chk
  CC      mm/early_ioremap.o
  CC      fs/eventfd.o
  AS      arch/riscv/purgatory/kexec-purgatory.o
  CC      kernel/irq/migration.o
  CC      mm/balloon.o
  CC      kernel/irq/cpuhotplug.o
  CC      fs/aio.o
  AR      arch/riscv/purgatory/built-in.a
  CC      kernel/irq/pm.o
  CC      mm/secretmem.o
  CC      fs/locks.o
  CC      fs/binfmt_script.o
  CC      mm/memfd.o
  CC      kernel/irq/msi.o
  AR      arch/riscv/built-in.a
  CC      mm/page_reporting.o
  CC      kernel/irq/ipi.o
  CC      fs/binfmt_elf.o
  CC      mm/ioremap.o
  CC      fs/compat_binfmt_elf.o
  CC      kernel/irq/ipi-mux.o
  CC      mm/execmem.o
  CC      ipc/compat.o
  CC      kernel/irq/affinity.o
  CC      fs/backing-file.o
  AR      mm/built-in.a
  CC      kernel/irq/matrix.o
  CC      ipc/util.o
  CC      fs/mbcache.o
  CC      ipc/msgutil.o
  CC      ipc/msg.o
  AR      kernel/irq/built-in.a
  CC      ipc/sem.o
  CC      fs/posix_acl.o
  CC      ipc/shm.o
  CC      kernel/rcu/update.o
  CC      ipc/syscall.o
  CC      fs/nfs_common/grace.o
  CC      ipc/ipc_sysctl.o
  CC      fs/nfs_common/nfs_ssc.o
  CC      kernel/rcu/srcutree.o
  CC      ipc/mqueue.o
  CC      fs/nfs_common/common.o
  CC      kernel/rcu/tree.o
  CC      ipc/namespace.o
  AR      fs/nfs_common/built-in.a
  CC      kernel/rcu/rcu_segcblist.o
  CC      ipc/mq_sysctl.o
  CC      fs/coredump.o
  AR      kernel/rcu/built-in.a
  AR      ipc/built-in.a
  CC      fs/drop_caches.o
  CC      kernel/dma/mapping.o
  CC      kernel/entry/common.o
  CC      fs/fhandle.o
  CC      kernel/dma/direct.o
  CC      kernel/entry/syscall-common.o
  CC      security/keys/gc.o
  CC      kernel/dma/coherent.o
  CC      kernel/entry/syscall_user_dispatch.o
  CC      security/keys/key.o
  CC      fs/iomap/trace.o
  CC      kernel/dma/swiotlb.o
  CC      kernel/entry/virt.o
  CC      security/keys/keyring.o
  CC      fs/iomap/iter.o
  CC      kernel/dma/pool.o
  AR      kernel/entry/built-in.a
  CC      security/keys/keyctl.o
  CC      fs/iomap/buffered-io.o
  CC      kernel/dma/remap.o
  CC      security/keys/permission.o
  CC      security/keys/process_keys.o
  CC      fs/iomap/direct-io.o
  AR      kernel/dma/built-in.a
  CC      security/commoncap.o
  CC      fs/iomap/ioend.o
  CC      security/keys/request_key.o
  CC      security/lsm_syscalls.o
  CC      kernel/module/main.o
  CC      fs/iomap/fiemap.o
  CC      security/min_addr.o
  CC      security/keys/request_key_auth.o
  CC      kernel/module/strict_rwx.o
  CC      fs/iomap/seek.o
  CC      security/keys/user_defined.o
  CC      security/keys/compat.o
  CC      kernel/module/kmod.o
  CC      fs/iomap/bio.o
  CC      fs/iomap/swapfile.o
  CC      security/keys/proc.o
  CC      security/security.o
  CC      kernel/module/tree_lookup.o
  AR      fs/iomap/built-in.a
  CC      security/keys/sysctl.o
  CC      kernel/module/kallsyms.o
  CC      kernel/kcmp.o
  AR      security/keys/built-in.a
  CC      kernel/module/procfs.o
  CC      kernel/freezer.o
  CC      security/lsm_notifier.o
  CC      fs/proc/task_mmu.o
  CC      kernel/module/sysfs.o
  CC      security/lsm_init.o
  CC      kernel/profile.o
  AR      kernel/module/built-in.a
  CC      fs/proc/inode.o
  CC      kernel/stacktrace.o
  CC      security/inode.o
  CC      fs/proc/root.o
  CC      fs/proc/base.o
  CC      kernel/futex/core.o
  CC      fs/proc/generic.o
  CC      fs/proc/array.o
  CC      kernel/time/time.o
  CC      kernel/futex/syscalls.o
  CC      fs/proc/fd.o
  CC      kernel/time/timer.o
  CC      kernel/futex/pi.o
  CC      security/selinux/avc.o
  CC      kernel/futex/requeue.o
  CC      fs/proc/proc_tty.o
  CC      kernel/time/hrtimer.o
  CC      kernel/futex/waitwake.o
  CC      security/selinux/hooks.o
  CC      fs/proc/cmdline.o
  AR      kernel/futex/built-in.a
  CC      kernel/time/sleep_timeout.o
  CC      security/selinux/selinuxfs.o
  CC      kernel/smp.o
  CC      fs/proc/consoles.o
  CC      kernel/time/timekeeping.o
  CC      security/selinux/netlink.o
  CC      fs/proc/cpuinfo.o
  CC      kernel/kallsyms.o
  CC      kernel/time/ntp.o
  CC      security/selinux/nlmsgtab.o
  CC      fs/proc/devices.o
  CC      fs/proc/loadavg.o
  CC      kernel/time/clocksource.o
  CC      security/selinux/netif.o
  CC      fs/proc/meminfo.o
  CC      fs/kernfs/mount.o
  CC      kernel/time/jiffies.o
  CC      security/selinux/netnode.o
  CC      fs/proc/stat.o
  CC      kernel/time/timer_list.o
  CC      fs/proc/uptime.o
  CC      fs/kernfs/inode.o
  CC      security/selinux/netport.o
  CC      fs/proc/util.o
  CC      security/selinux/status.o
  CC      kernel/time/timeconv.o
  CC      fs/kernfs/dir.o
  CC      fs/proc/version.o
  CC      kernel/time/alarmtimer.o
  CC      fs/proc/softirqs.o
  CC      security/selinux/ss/ebitmap.o
  CC      fs/kernfs/file.o
  CC      kernel/time/posix-timers.o
  CC      fs/proc/namespaces.o
  CC      security/selinux/ss/sidtab.o
  CC      fs/kernfs/symlink.o
  CC      kernel/time/posix-cpu-timers.o
  CC      fs/proc/self.o
  AR      fs/kernfs/built-in.a
  CC      security/selinux/ss/avtab.o
  CC      fs/proc/thread_self.o
  CC      kernel/time/posix-clock.o
  CC      security/selinux/ss/policydb.o
  CC      fs/proc/proc_sysctl.o
  CC      kernel/compat.o
  CC      kernel/time/itimer.o
  CC      security/selinux/ss/services.o
  CC      fs/proc/proc_net.o
  CC      kernel/time/clockevents.o
  CC      fs/proc/kmsg.o
  CC      security/selinux/ss/conditional.o
  CC      fs/proc/page.o
  CC      kernel/time/tick-common.o
  CC      security/selinux/ss/mls.o
  CC      kernel/cgroup/cgroup.o
  AR      fs/proc/built-in.a
  CC      security/selinux/ss/context.o
  CC      kernel/cgroup/rstat.o
  CC      kernel/time/tick-broadcast.o
  AR      security/selinux/built-in.a
  CC      kernel/cgroup/namespace.o
  CC      kernel/time/tick-broadcast-hrtimer.o
  CC      security/lsm_audit.o
  CC      fs/sysfs/file.o
  CC      kernel/time/tick-oneshot.o
  CC      fs/sysfs/dir.o
  CC      kernel/cgroup/cgroup-v1.o
  CC      fs/sysfs/symlink.o
  CC      kernel/time/tick-sched.o
  CC      kernel/cgroup/freezer.o
  CC      fs/sysfs/mount.o
  CC      kernel/time/timer_migration.o
  CC      kernel/cgroup/legacy_freezer.o
  CC      fs/sysfs/group.o
  CC      kernel/time/timekeeping_debug.o
  CC      security/apparmor/apparmorfs.o
  AR      fs/sysfs/built-in.a
  CC      kernel/cgroup/pids.o
  CC      fs/devpts/inode.o
  CC      security/apparmor/audit.o
  CC      kernel/time/namespace.o
  CC      kernel/cgroup/cpuset.o
  AR      fs/devpts/built-in.a
  AR      kernel/cgroup/built-in.a
  CC      kernel/time/namespace_vdso.o
  CC      security/apparmor/capability.o
  CC      kernel/utsname.o
  AR      kernel/time/built-in.a
  CC      security/apparmor/task.o
  CC      security/apparmor/ipc.o
  CC      fs/netfs/buffered_read.o
  CC      kernel/user_namespace.o
  CC      fs/netfs/buffered_write.o
  CC      security/apparmor/lib.o
  CC      kernel/pid_namespace.o
  CC      fs/netfs/direct_read.o
  CC      fs/netfs/direct_write.o
  CC      security/apparmor/match.o
  CC      fs/netfs/iterator.o
  CC      fs/netfs/locking.o
  UPD     kernel/config_data
  CC      security/apparmor/path.o
  CC      fs/netfs/main.o
  CC      kernel/stop_machine.o
  CC      security/apparmor/domain.o
  CC      kernel/audit.o
  CC      fs/netfs/misc.o
  CC      security/apparmor/policy.o
  CC      kernel/auditfilter.o
  CC      fs/netfs/objects.o
  CC      security/apparmor/policy_unpack.o
  CC      kernel/auditsc.o
  CC      fs/netfs/read_collect.o
  CC      fs/ext4/balloc.o
  CC      security/apparmor/procattr.o
  CC      kernel/audit_watch.o
  CC      fs/netfs/read_pgpriv2.o
  CC      fs/ext4/bitmap.o
  CC      kernel/audit_fsnotify.o
  CC      security/apparmor/lsm.o
  CC      fs/netfs/read_retry.o
  CC      fs/ext4/block_validity.o
  CC      kernel/audit_tree.o
  CC      fs/netfs/read_single.o
  CC      security/apparmor/resource.o
  CC      fs/ext4/dir.o
  CC      kernel/seccomp.o
  CC      fs/netfs/rolling_buffer.o
  CC      security/apparmor/secid.o
  CC      fs/ext4/ext4_jbd2.o
  CC      kernel/tracepoint.o
  CC      fs/netfs/write_collect.o
  CC      fs/ext4/extents.o
  CC      security/apparmor/file.o
  CC      fs/netfs/write_issue.o
  CC      fs/ext4/extents_status.o
  CC      security/apparmor/policy_ns.o
  CC      fs/netfs/write_retry.o
  CC      fs/ext4/file.o
  CC      security/apparmor/label.o
  AR      fs/netfs/built-in.a
  CC      kernel/trace/trace_clock.o
  CC      fs/ext4/fsmap.o
  CC      security/apparmor/mount.o
  CC      security/apparmor/net.o
  CC      kernel/trace/ring_buffer.o
  CC      fs/ext4/fsync.o
  CC      security/apparmor/policy_compat.o
  CC      kernel/trace/trace.o
  CC      fs/jbd2/transaction.o
  CC      security/apparmor/af_unix.o
  CC      fs/ext4/hash.o
  CC      fs/jbd2/commit.o
  CC      kernel/trace/trace_output.o
  CC      security/apparmor/crypto.o
  CC      fs/jbd2/recovery.o
  CC      fs/ext4/ialloc.o
  CC      kernel/trace/trace_seq.o
  AR      security/apparmor/built-in.a
  CC      fs/jbd2/checkpoint.o
  CC      security/device_cgroup.o
  CC      kernel/trace/trace_stat.o
  CC      fs/ext4/indirect.o
  CC      fs/jbd2/revoke.o
  CC      kernel/trace/trace_printk.o
  CC      fs/ext4/inline.o
  CC      fs/jbd2/journal.o
  CC      security/integrity/iint.o
  CC      fs/ext4/inode.o
  CC      kernel/trace/trace_pid.o
  AR      fs/jbd2/built-in.a
  CC      fs/ext4/ioctl.o
  CC      security/integrity/integrity_audit.o
  CC      fs/ramfs/inode.o
  CC      kernel/trace/pid_list.o
  CC      fs/ext4/mballoc.o
  CC      security/integrity/efi_secureboot.o
  CC      fs/ramfs/file-mmu.o
  CC      kernel/trace/trace_sched_switch.o
  CC      fs/ext4/migrate.o
  AR      security/integrity/built-in.a
  AR      fs/ramfs/built-in.a
  CC      kernel/trace/trace_nop.o
  AR      security/built-in.a
  CC      fs/ext4/mmp.o
  CC      fs/hugetlbfs/inode.o
  CC      kernel/trace/blktrace.o
  CC      fs/ext4/move_extent.o
  AR      fs/hugetlbfs/built-in.a
  CC      fs/ext4/namei.o
  CC      kernel/trace/trace_events.o
  CC      fs/ext4/page-io.o
  CC      kernel/trace/trace_export.o
  CC      fs/ext4/readpage.o
  CC      fs/fat/cache.o
  CC      kernel/trace/trace_event_perf.o
  CC      fs/ext4/resize.o
  CC      fs/fat/dir.o
  CC      fs/fat/fatent.o
  CC      kernel/trace/trace_events_filter.o
  CC      fs/ext4/super.o
  CC      fs/fat/file.o
  CC      kernel/trace/trace_events_trigger.o
  CC      fs/fat/inode.o
  CC      fs/ext4/symlink.o
  CC      kernel/trace/trace_eprobe.o
  CC      fs/fat/misc.o
  CC      block/bdev.o
  CC      fs/ext4/sysfs.o
  CC      kernel/trace/bpf_trace.o
  CC      fs/fat/nfs.o
  CC      block/fops.o
  CC      fs/ext4/xattr.o
  CC      fs/fat/namei_vfat.o
  CC      kernel/trace/error_report-traces.o
  CC      block/bio.o
  CC      fs/ext4/xattr_hurd.o
  CC      kernel/trace/power-traces.o
  CC      fs/fat/namei_msdos.o
  CC      fs/ext4/xattr_trusted.o
  CC      block/elevator.o
  CC      kernel/trace/rpm-traces.o
  CC      fs/ext4/xattr_user.o
  AR      fs/fat/built-in.a
  CC      block/blk-core.o
  CC      kernel/trace/trace_dynevent.o
  CC      fs/ext4/fast_commit.o
  CC      block/blk-sysfs.o
  CC      kernel/trace/trace_probe.o
  CC      fs/ext4/orphan.o
  CC      fs/isofs/namei.o
  CC      block/blk-flush.o
  CC      fs/ext4/acl.o
  CC      kernel/trace/trace_uprobe.o
  CC      fs/isofs/inode.o
  CC      block/blk-settings.o
  CC      fs/ext4/xattr_security.o
  AR      kernel/trace/built-in.a
  CC      kernel/irq_work.o
  CC      block/blk-ioc.o
  AR      fs/ext4/built-in.a
  CC      fs/isofs/dir.o
  CC      kernel/cpu_pm.o
  CC      fs/isofs/util.o
  CC      block/blk-map.o
  CC      fs/isofs/rock.o
  CC      block/blk-merge.o
  CC      block/blk-timeout.o
  CC      fs/isofs/export.o
  CC      block/blk-lib.o
  CC      fs/isofs/joliet.o
  CC      block/blk-mq.o
  CC      fs/isofs/compress.o
  CC      block/blk-mq-tag.o
  AR      fs/isofs/built-in.a
  CC      block/blk-mq-dma.o
  CC      block/blk-stat.o
  CC      block/blk-mq-sysfs.o
  CC      block/blk-mq-cpumap.o
  CC      block/blk-mq-sched.o
  CC      block/ioctl.o
  CC      kernel/events/core.o
  CC      block/genhd.o
  CC      fs/nfs/client.o
  CC      kernel/events/ring_buffer.o
  CC      block/ioprio.o
  CC      fs/nfs/dir.o
  CC      kernel/events/callchain.o
  CC      block/badblocks.o
  CC      kernel/bpf/core.o
  CC      fs/nfs/file.o
  CC      kernel/events/uprobes.o
  CC      block/partitions/core.o
  AR      kernel/events/built-in.a
  CC      fs/nfs/getroot.o
  CC      kernel/bpf/syscall.o
  CC      block/partitions/msdos.o
  CC      fs/nfs/inode.o
  CC      kernel/bpf/verifier.o
  CC      block/partitions/efi.o
  CC      fs/nfs/super.o
  CC      kernel/bpf/inode.o
  AR      block/partitions/built-in.a
  CC      block/blk-rq-qos.o
  CC      kernel/bpf/helpers.o
  CC      block/disk-events.o
  CC      fs/nfs/io.o
  CC      kernel/bpf/log.o
  CC      block/blk-ia-ranges.o
  CC      fs/nfs/direct.o
  CC      kernel/bpf/token.o
  CC      block/early-lookup.o
  CC      fs/nfs/pagelist.o
  CC      kernel/bpf/liveness.o
  CC      block/bsg.o
  CC      kernel/bpf/const_fold.o
  CC      block/blk-cgroup.o
  CC      fs/nfs/read.o
  CC      kernel/bpf/bpf_iter.o
  CC      block/blk-cgroup-rwstat.o
  CC      io_uring/io_uring.o
  CC      fs/nfs/symlink.o
  CC      kernel/bpf/map_iter.o
  CC      block/blk-throttle.o
  CC      fs/nfs/unlink.o
  CC      block/mq-deadline.o
  CC      kernel/bpf/task_iter.o
  CC      io_uring/opdef.o
  CC      fs/nfs/write.o
  CC      block/kyber-iosched.o
  CC      kernel/bpf/prog_iter.o
  CC      io_uring/kbuf.o
  CC      fs/nfs/namespace.o
  CC      io_uring/rsrc.o
  CC      kernel/bpf/link_iter.o
  CC      block/bfq-iosched.o
  CC      fs/nfs/mount_clnt.o
  CC      io_uring/notif.o
  CC      kernel/bpf/hashtab.o
  CC      block/bfq-wf2q.o
  CC      fs/nfs/nfstrace.o
  CC      io_uring/tctx.o
  CC      block/bfq-cgroup.o
  CC      io_uring/filetable.o
  CC      kernel/bpf/arraymap.o
  CC      block/blk-mq-debugfs.o
  CC      fs/nfs/export.o
  CC      kernel/bpf/percpu_freelist.o
  CC      io_uring/rw.o
  CC      block/blk-pm.o
  CC      fs/nfs/sysfs.o
  CC      kernel/bpf/lpm_trie.o
  CC      io_uring/poll.o
  CC      block/holder.o
  CC      kernel/bpf/map_in_map.o
  AR      block/built-in.a
  CC      fs/nfs/fs_context.o
  CC      fs/nfs/nfsroot.o
  CC      io_uring/tw.o
  CC      kernel/bpf/bloom_filter.o
  CC      fs/nfs/sysctl.o
  CC      io_uring/wait.o
  CC      kernel/bpf/local_storage.o
  CC      fs/nfs/nfs3super.o
  CC      io_uring/eventfd.o
  CC      kernel/bpf/queue_stack_maps.o
  CC      io_uring/uring_cmd.o
  CC      kernel/bpf/ringbuf.o
  CC      fs/nfs/nfs3client.o
  CC      io_uring/openclose.o
  CC      kernel/bpf/bpf_insn_array.o
  CC      fs/nfs/nfs3proc.o
  CC      kernel/bpf/bpf_local_storage.o
  CC      io_uring/sqpoll.o
  CC      io_uring/xattr.o
  CC      fs/nfs/nfs3xdr.o
  CC      kernel/bpf/bpf_task_storage.o
  CC      io_uring/nop.o
  CC      kernel/bpf/fixups.o
  CC      fs/nfs/nfs4proc.o
  CC      io_uring/fs.o
  CC      io_uring/splice.o
  CC      fs/nfs/nfs4xdr.o
  CC      kernel/bpf/cfg.o
  CC      io_uring/sync.o
  CC      fs/nfs/nfs4state.o
  CC      kernel/bpf/states.o
  CC      io_uring/msg_ring.o
  CC      kernel/bpf/backtrack.o
  CC      io_uring/advise.o
  CC      fs/nfs/nfs4renewd.o
  CC      kernel/bpf/check_btf.o
  CC      io_uring/statx.o
  CC      fs/nfs/nfs4super.o
  CC      io_uring/timeout.o
  CC      kernel/bpf/disasm.o
  CC      io_uring/cancel.o
  CC      fs/nfs/nfs4file.o
  CC      kernel/bpf/mprog.o
  CC      lib/bug.o
  CC      io_uring/waitid.o
  CC      kernel/bpf/btf.o
  CC      fs/nfs/delegation.o
  CC      lib/buildid.o
  CC      io_uring/register.o
  CC      fs/nfs/nfs4idmap.o
  CC      lib/cpumask.o
  CC      kernel/bpf/memalloc.o
  CC      io_uring/truncate.o
  CC      lib/decompress_bunzip2.o
  CC      fs/nfs/callback.o
  CC      kernel/bpf/rqspinlock.o
  CC      io_uring/memmap.o
  CC      lib/decompress_inflate.o
  CC      fs/nfs/callback_xdr.o
  CC      kernel/bpf/stream.o
  CC      io_uring/alloc_cache.o
  CC      lib/decompress_unlz4.o
  CC      fs/nfs/callback_proc.o
  CC      kernel/bpf/arena.o
  CC      io_uring/query.o
  CC      lib/decompress_unlzma.o
  CC      fs/nfs/nfs4namespace.o
  CC      io_uring/loop.o
  CC      lib/decompress_unlzo.o
  CC      kernel/bpf/range_tree.o
  CC      fs/nfs/nfs4getroot.o
  CC      io_uring/zcrx.o
  CC      kernel/bpf/devmap.o
  CC      lib/decompress_unxz.o
  CC      lib/decompress_unzstd.o
  CC      kernel/bpf/cpumap.o
  CC      fs/nfs/nfs4client.o
  CC      io_uring/io-wq.o
  CC      lib/dump_stack.o
  CC      io_uring/futex.o
  CC      kernel/bpf/offload.o
  CC      lib/extable.o
  CC      fs/nfs/nfs4session.o
  CC      io_uring/epoll.o
  CC      lib/is_single_threaded.o
  CC      kernel/bpf/net_namespace.o
  CC      fs/nfs/dns_resolve.o
  CC      lib/kobject_uevent.o
  CC      io_uring/napi.o
  CC      kernel/bpf/tcx.o
  CC      fs/nfs/nfs4trace.o
  CC      lib/logic_pio.o
  CC      io_uring/net.o
  CC      kernel/bpf/stackmap.o
  CC      lib/maple_tree.o
  CC      fs/nfs/pnfs.o
  CC      io_uring/cmd_net.o
  CC      kernel/bpf/cgroup_iter.o
  CC      lib/nmi_backtrace.o
  CC      fs/nfs/pnfs_dev.o
  CC      io_uring/fdinfo.o
  CC      io_uring/bpf_filter.o
  CC      kernel/bpf/bpf_cgrp_storage.o
  CC      lib/radix-tree.o
  CC      fs/nfs/pnfs_nfs.o
  AR      io_uring/built-in.a
  CC      lib/seq_buf.o
  CC      kernel/bpf/cgroup.o
  CC      fs/nfs/nfs4sysctl.o
  CC      lib/sys_info.o
  CC      arch/riscv/lib/riscv_v_helpers.o
  CC      kernel/bpf/reuseport_array.o
  CC      fs/nfs/nfs40client.o
  AR      arch/riscv/lib/lib.a
  CC      lib/vsprintf.o
  CC      kernel/bpf/crypto.o
  CC      fs/nfs/nfs40proc.o
  CC      lib/win_minmax.o
  CC      kernel/bpf/relo_core.o
  CC      drivers/cache/sifive_ccache.o
  CC      lib/bust_spinlocks.o
  CC      fs/nfs/nfs42proc.o
  CC      kernel/bpf/btf_iter.o
  AR      drivers/cache/built-in.a
  CC      lib/bitmap.o
  CC      kernel/bpf/btf_relocate.o
  CC      fs/nfs/nfs42xattr.o
  CC      lib/scatterlist.o
  CC      lib/iov_iter.o
  CC      drivers/irqchip/irqchip.o
  CC      kernel/bpf/kmem_cache_iter.o
  CC      drivers/irqchip/irq-msi-lib.o
  CC      kernel/bpf/dmabuf_iter.o
  CC      lib/bsearch.o
  CC      fs/nfs/filelayout/filelayout.o
  CC      drivers/irqchip/irq-riscv-intc.o
  AR      kernel/bpf/built-in.a
  CC      fs/nfs/filelayout/filelayoutdev.o
  CC      lib/kfifo.o
  CC      drivers/irqchip/irq-riscv-aplic-main.o
  CC      kernel/padata.o
  CC      lib/percpu-refcount.o
  CC      drivers/irqchip/irq-riscv-aplic-direct.o
  AR      fs/nfs/filelayout/built-in.a
  CC      kernel/jump_label.o
  CC      fs/nfs/flexfilelayout/flexfilelayout.o
  CC      drivers/irqchip/irq-riscv-aplic-msi.o
  CC      lib/rhashtable.o
  CC      kernel/context_tracking.o
  CC      lib/once.o
  CC      drivers/irqchip/irq-riscv-imsic-state.o
  CC      fs/nfs/flexfilelayout/flexfilelayoutdev.o
  CC      kernel/iomem.o
  CC      lib/bucket_locks.o
  CC      drivers/irqchip/irq-riscv-imsic-early.o
  CC      kernel/rseq.o
  AR      fs/nfs/flexfilelayout/built-in.a
  CC      lib/bitmap-str.o
  AR      fs/nfs/built-in.a
  CC      drivers/irqchip/irq-riscv-imsic-platform.o
  GZIP    kernel/config_data.gz
  CC      lib/string_helpers.o
  CC      fs/exportfs/expfs.o
  CC      drivers/irqchip/irq-riscv-rpmi-sysmsi.o
  CC      kernel/configs.o
  AR      fs/exportfs/built-in.a
  CC      drivers/irqchip/irq-sifive-plic.o
  CC      lib/kunit/test.o
  CC      drivers/irqchip/irq-starfive-jhb100-intc.o
  CC      lib/kunit/resource.o
  AR      drivers/irqchip/built-in.a
  CC      lib/kunit/user_alloc.o
  CC      fs/lockd/clntlock.o
  CC      drivers/bus/simple-pm-bus.o
  CC      lib/kunit/static_stub.o
  CC      fs/lockd/clntproc.o
  CC      lib/kunit/string-stream.o
  AR      drivers/bus/built-in.a
  CC      fs/lockd/clntxdr.o
  CC      lib/kunit/assert.o
  CC      lib/kunit/try-catch.o
  CC      drivers/phy/phy-core.o
  CC      fs/lockd/host.o
  CC      lib/kunit/executor.o
  CC      drivers/phy/phy-core-mipi-dphy.o
  CC      lib/kunit/attributes.o
  CC      fs/lockd/svc.o
  CC      lib/kunit/device.o
  CC      fs/lockd/svclock.o
  CC      lib/kunit/platform.o
  CC      fs/lockd/svcshare.o
  CC      lib/kunit/bug.o
  CC      fs/lockd/svcproc.o
  CC      lib/kunit/debugfs.o
  CC      fs/lockd/svcsubs.o
  CC      lib/kunit/kunit-example-test.o
  AR      lib/kunit/built-in.a
  CC      fs/lockd/mon.o
  CC      fs/lockd/trace.o
  CC      lib/math/rational.o
  CC      fs/lockd/netlink.o
  AR      lib/math/built-in.a
  AR      kernel/built-in.a
  CC      drivers/phy/spacemit/phy-k1-pcie.o
  CC      fs/lockd/nlm3xdr_gen.o
  CC      sound/sound_core.o
  AR      drivers/phy/spacemit/built-in.a
  CC      lib/crc/crc7.o
  CC      fs/lockd/clnt4xdr.o
  CC      lib/crc/crc16.o
  AR      drivers/phy/built-in.a
  CC      fs/lockd/svc4proc.o
  CC      lib/crc/crc-itu-t.o
  CC      lib/crc/crc32-main.o
  CC      fs/lockd/nlm4xdr_gen.o
  CC      sound/core/sound.o
  CC      fs/lockd/procfs.o
  CC      drivers/pinctrl/core.o
  AR      lib/crc/built-in.a
  AR      fs/lockd/built-in.a
  CC      sound/core/init.o
  CC      drivers/pinctrl/pinctrl-utils.o
  CC      lib/crypto/hash_info.o
  CC      fs/nls/nls_base.o
  CC      drivers/pinctrl/pinmux.o
  CC      sound/core/memory.o
  CC      fs/nls/nls_cp437.o
  CC      lib/crypto/blake2s.o
  CC      fs/nls/nls_iso8859-1.o
  CC      drivers/pinctrl/pinconf.o
  CC      sound/core/control.o
  CC      lib/crypto/sha1.o
  CC      drivers/pinctrl/pinconf-generic.o
  CC      lib/crypto/sha256.o
  CC      sound/core/misc.o
  AR      fs/nls/built-in.a
  CC      drivers/pinctrl/pinctrl-generic.o
  AR      lib/crypto/built-in.a
  CC      sound/core/device.o
  CC      drivers/pinctrl/devicetree.o
  CC      sound/core/info.o
  CC      lib/vdso/datastore.o
  CC      drivers/pinctrl/pinctrl-th1520.o
  CC      fs/autofs/init.o
  CC      sound/core/ctljack.o
  AR      lib/vdso/built-in.a
  CC      sound/core/jack.o
  CC      fs/autofs/inode.o
  CC      sound/core/timer.o
  CC      fs/autofs/root.o
  CC      lib/devres.o
  CC      lib/bitrev.o
  CC      sound/core/pcm.o
  CC      fs/autofs/symlink.o
  CC      lib/linear_ranges.o
  CC      sound/core/pcm_native.o
  CC      fs/autofs/waitq.o
  CC      lib/xxhash.o
  CC      fs/autofs/expire.o
  CC      sound/core/pcm_lib.o
  CC      lib/genalloc.o
  CC      drivers/pinctrl/sophgo/pinctrl-sophgo-common.o
  CC      fs/autofs/dev-ioctl.o
  CC      drivers/pinctrl/sophgo/pinctrl-cv18xx.o
  CC      sound/core/pcm_misc.o
  AR      fs/autofs/built-in.a
  CC      lib/zlib_inflate/inflate_syms.o
  CC      drivers/pinctrl/sophgo/pinctrl-cv1800b.o
  CC      sound/core/pcm_memory.o
  AR      lib/zlib_inflate/built-in.a
  CC      drivers/pinctrl/sophgo/pinctrl-cv1812h.o
  CC      sound/core/memalloc.o
  CC      lib/lzo/lzo1x_decompress_safe.o
  CC      drivers/pinctrl/sophgo/pinctrl-sg2000.o
  CC      fs/9p/vfs_super.o
  CC      sound/core/pcm_timer.o
  CC      drivers/pinctrl/sophgo/pinctrl-sg2002.o
  AR      lib/lzo/built-in.a
  CC      sound/core/pcm_dmaengine.o
  CC      lib/lz4/lz4_decompress.o
  AR      drivers/pinctrl/sophgo/built-in.a
  CC      fs/9p/vfs_inode.o
  CC      drivers/pinctrl/spacemit/pinctrl-k1.o
  AR      lib/lz4/built-in.a
  AR      sound/core/built-in.a
  CC      fs/9p/vfs_inode_dotl.o
  AR      drivers/pinctrl/spacemit/built-in.a
  CC      fs/9p/vfs_addr.o
  CC      lib/zstd/zstd_compress_module.o
  CC      drivers/pinctrl/starfive/pinctrl-starfive-jh7100.o
  CC      fs/9p/vfs_file.o
  CC      lib/zstd/zstd_decompress_module.o
  CC      fs/9p/vfs_dir.o
  CC      drivers/pinctrl/starfive/pinctrl-starfive-jh7110.o
  CC      lib/zstd/zstd_common_module.o
  CC      fs/9p/vfs_dentry.o
  CC      drivers/pinctrl/starfive/pinctrl-starfive-jh7110-sys.o
  AR      lib/zstd/built-in.a
  CC      fs/9p/v9fs.o
  CC      drivers/pinctrl/starfive/pinctrl-starfive-jh7110-aon.o
  CC      fs/9p/fid.o
  AR      drivers/pinctrl/starfive/built-in.a
  CC      lib/xz/xz_dec_syms.o
  CC      fs/9p/xattr.o
  CC      drivers/pinctrl/sunxi/pinctrl-sunxi.o
  AR      lib/xz/built-in.a
  AR      fs/9p/built-in.a
  CC      drivers/pinctrl/sunxi/pinctrl-sunxi-dt.o
  CC      lib/percpu_counter.o
  CC      drivers/pinctrl/sunxi/pinctrl-sun20i-d1.o
  CC      fs/debugfs/inode.o
  CC      lib/audit.o
  AR      drivers/pinctrl/sunxi/built-in.a
  CC      fs/debugfs/file.o
  CC      lib/syscall.o
  CC      lib/nlattr.o
  AR      fs/debugfs/built-in.a
  CC      drivers/pinctrl/ultrarisc/pinctrl-ultrarisc.o
  CC      lib/cpu_rmap.o
  CC      fs/tracefs/inode.o
  CC      drivers/pinctrl/ultrarisc/pinctrl-dp1000.o
  CC      fs/tracefs/event_inode.o
  CC      lib/dynamic_queue_limits.o
  AR      drivers/pinctrl/ultrarisc/built-in.a
  AR      drivers/pinctrl/built-in.a
  AR      fs/tracefs/built-in.a
  CC      lib/glob.o
  CC      lib/dim/dim.o
  AR      fs/built-in.a
  CC      drivers/gpio/gpiolib.o
  CC      lib/dim/net_dim.o
  CC      sound/soc/soc-core.o
  CC      lib/dim/rdma_dim.o
  CC      drivers/gpio/gpiolib-devres.o
  CC      drivers/gpio/gpiolib-legacy.o
  CC      sound/soc/soc-dapm.o
  AR      lib/dim/built-in.a
  CC      lib/strncpy_from_user.o
  CC      net/devres.o
  CC      drivers/gpio/gpiolib-of.o
  CC      lib/strnlen_user.o
  CC      sound/soc/soc-jack.o
  CC      net/socket.o
  CC      lib/net_utils.o
  CC      drivers/gpio/gpiolib-cdev.o
  CC      sound/soc/soc-utils.o
  CC      lib/sg_pool.o
  CC      drivers/gpio/gpiolib-acpi-core.o
  CC      lib/stackdepot.o
  CC      sound/soc/soc-dai.o
  CC      drivers/gpio/gpiolib-acpi-quirks.o
  CC      sound/soc/soc-component.o
  CC      drivers/gpio/gpiolib-swnode.o
  CC      lib/fonts/fonts.o
  CC      sound/soc/soc-pcm.o
  CC      drivers/gpio/gpio-mmio.o
  CC      sound/soc/soc-devres.o
  CC      lib/fonts/font_8x16.o
  CC      drivers/gpio/gpio-dwapb.o
  CC      sound/soc/soc-ops.o
  CC      drivers/gpio/gpio-sifive.o
  AR      lib/fonts/built-in.a
  CC      lib/ucs2_string.o
  CC      sound/soc/soc-link.o
  CC      drivers/gpio/gpio-spacemit-k1.o
  AR      drivers/gpio/built-in.a
  CC      lib/sbitmap.o
  CC      sound/soc/soc-card.o
  CC      lib/group_cpus.o
  CC      drivers/pwm/core.o
  CC      sound/soc/soc-generic-dmaengine-pcm.o
  CC      lib/devmem_is_allowed.o
  AR      drivers/pwm/built-in.a
  CC      lib/fw_table.o
  AR      lib/lib.a
  CC      net/core/sock.o
  AR      lib/built-in.a
  CC      net/core/skbuff.o
  CC      net/core/datagram.o
  CC      drivers/pci/access.o
  CC      net/core/stream.o
  CC      drivers/pci/bus.o
  CC      net/core/scm.o
  CC      drivers/pci/probe.o
  CC      net/core/gen_stats.o
  CC      sound/last.o
  CC      drivers/pci/host-bridge.o
  CC      net/core/gen_estimator.o
  CC      drivers/pci/remove.o
  CC      net/core/net_namespace.o
  CC      drivers/pci/pci.o
  CC      net/core/secure_seq.o
  CC      drivers/video/cmdline.o
  CC      drivers/pci/pci-driver.o
  AR      sound/soc/built-in.a
  CC      net/core/flow_dissector.o
  CC      drivers/video/nomodeset.o
  CC      drivers/pci/search.o
  AR      sound/built-in.a
  CC      drivers/video/hdmi.o
  CC      net/core/sysctl_net_core.o
  CC      drivers/pci/rebar.o
  CC      drivers/video/console/dummycon.o
  CC      drivers/pci/rom.o
  CC      net/core/dev.o
  AR      drivers/video/console/built-in.a
  CC      net/core/dev_api.o
  CC      drivers/pci/setup-res.o
  CC      drivers/pci/irq.o
  CC      net/core/dev_addr_lists.o
  CC      drivers/pci/vpd.o
  CC      drivers/pci/setup-bus.o
  CC      net/core/dst.o
  CC      drivers/pci/vc.o
  CC      drivers/pci/devres.o
  CC      drivers/pci/mmap.o
  CC      net/core/netevent.o
  CC      net/core/neighbour.o
  CC      drivers/video/fbdev/core/fb_notify.o
  CC      drivers/video/fbdev/core/fb_info.o
  CC      drivers/pci/msi/pcidev_msi.o
  CC      drivers/pci/msi/api.o
  CC      drivers/video/fbdev/core/fbmem.o
  CC      net/core/rtnetlink.o
  CC      drivers/video/fbdev/core/fbcmap.o
  CC      drivers/pci/msi/msi.o
  CC      drivers/pci/msi/irqdomain.o
  CC      net/core/utils.o
  CC      drivers/video/fbdev/core/modedb.o
  CC      drivers/video/fbdev/core/fbcvt.o
  AR      drivers/pci/msi/built-in.a
  CC      net/core/link_watch.o
  CC      net/core/filter.o
  CC      drivers/video/fbdev/core/fb_cmdline.o
  CC      drivers/video/fbdev/core/fb_backlight.o
  CC      net/core/sock_diag.o
  CC      drivers/pci/pcie/portdrv.o
  CC      drivers/video/fbdev/core/fbmon.o
  CC      net/compat.o
  CC      net/core/dev_ioctl.o
  CC      drivers/video/fbdev/core/fb_defio.o
  CC      drivers/pci/pcie/rcec.o
  CC      drivers/pci/pcie/bwctrl.o
  CC      drivers/video/fbdev/core/fb_chrdev.o
  CC      net/core/tso.o
  CC      drivers/pci/pcie/aspm.o
  CC      net/ethernet/eth.o
  CC      drivers/video/fbdev/core/fb_procfs.o
  CC      drivers/pci/pcie/pme.o
  CC      net/core/sock_reuseport.o
  AR      net/ethernet/built-in.a
  CC      drivers/video/fbdev/core/fbsysfs.o
  CC      drivers/video/fbdev/core/fbcon.o
  AR      drivers/pci/pcie/built-in.a
  CC      drivers/video/fbdev/core/bitblit.o
  CC      net/core/fib_notifier.o
  CC      net/core/xdp.o
  CC      drivers/pci/pwrctrl/core.o
  CC      drivers/video/fbdev/core/softcursor.o
  CC      net/core/flow_offload.o
  CC      drivers/pci/pwrctrl/generic.o
  CC      drivers/video/fbdev/core/cfbfillrect.o
  AR      drivers/pci/pwrctrl/built-in.a
  CC      net/core/gro.o
  CC      drivers/pci/proc.o
  CC      drivers/video/fbdev/core/cfbcopyarea.o
  CC      drivers/pci/pci-sysfs.o
  CC      net/core/netdev-genl.o
  CC      drivers/video/fbdev/core/cfbimgblt.o
  CC      drivers/pci/slot.o
  CC      net/core/netdev-genl-gen.o
  CC      drivers/video/fbdev/core/fb_io_fops.o
  CC      drivers/pci/pci-acpi.o
  CC      drivers/video/fbdev/core/sysfillrect.o
  CC      net/core/netdev_work.o
  CC      drivers/pci/iomap.o
  CC      drivers/video/fbdev/core/syscopyarea.o
  CC      net/core/gso.o
  CC      drivers/pci/of.o
  CC      net/core/net-sysfs.o
  CC      drivers/pci/quirks.o
  CC      drivers/video/fbdev/core/sysimgblt.o
  CC      net/core/hotdata.o
  CC      drivers/pci/pci-label.o
  CC      net/core/netdev_config.o
  CC      drivers/pci/ecam.o
  CC      drivers/video/fbdev/core/fb_sys_fops.o
  CC      drivers/pci/vgaarb.o
  CC      drivers/acpi/tables.o
  CC      net/core/netdev_rx_queue.o
  AR      drivers/video/fbdev/core/built-in.a
  AR      drivers/video/fbdev/built-in.a
  AR      drivers/video/built-in.a
  CC      drivers/acpi/osi.o
  CC      drivers/pci/controller/pci-host-common.o
  CC      net/core/netdev_queues.o
  CC      drivers/acpi/osl.o
  CC      drivers/pci/controller/pci-host-generic.o
  CC      drivers/pnp/core.o
  CC      net/core/page_pool.o
  CC      drivers/pci/controller/pcie-xilinx.o
  CC      drivers/pnp/card.o
  CC      drivers/acpi/utils.o
  CC      net/core/page_pool_user.o
  CC      drivers/pnp/driver.o
  CC      drivers/acpi/reboot.o
  CC      drivers/pnp/resource.o
  CC      net/core/net-procfs.o
  CC      drivers/pci/controller/dwc/pcie-designware.o
  CC      drivers/acpi/nvs.o
  CC      drivers/pnp/manager.o
  CC      drivers/acpi/wakeup.o
  CC      drivers/pci/controller/dwc/pcie-designware-host.o
  CC      net/core/net-traces.o
  CC      drivers/pnp/support.o
  CC      drivers/acpi/device_sysfs.o
  CC      drivers/pci/controller/dwc/pcie-fu740.o
  CC      drivers/pnp/interface.o
  CC      net/core/selftests.o
  CC      drivers/acpi/device_pm.o
  CC      net/core/netprio_cgroup.o
  CC      drivers/pci/controller/dwc/pcie-spacemit-k1.o
  CC      drivers/pnp/quirks.o
  CC      drivers/pnp/system.o
  CC      net/core/netclassid_cgroup.o
  CC      drivers/acpi/bus.o
  CC      drivers/pci/controller/dwc/pcie-ultrarisc.o
  CC      drivers/acpi/glue.o
  CC      net/core/dst_cache.o
  AR      drivers/pci/controller/dwc/built-in.a
  CC      drivers/pnp/pnpacpi/core.o
  CC      net/core/gro_cells.o
  CC      drivers/acpi/scan.o
  CC      drivers/pnp/pnpacpi/rsparser.o
  CC      drivers/pci/controller/plda/pcie-plda-host.o
  CC      drivers/acpi/mipi-disco-img.o
  CC      net/core/failover.o
  AR      drivers/pnp/pnpacpi/built-in.a
  AR      drivers/pnp/built-in.a
  CC      net/core/skmsg.o
  CC      drivers/acpi/resource.o
  CC      drivers/amba/bus.o
  AR      drivers/pci/controller/plda/built-in.a
  CC      drivers/acpi/acpi_processor.o
  AR      drivers/pci/controller/built-in.a
  AR      drivers/amba/built-in.a
  CC      net/core/sock_map.o
  CC      drivers/pci/trace.o
  CC      drivers/acpi/processor_core.o
  CC      net/core/bpf_sk_storage.o
  AR      drivers/pci/built-in.a
  CC      drivers/acpi/pci_root.o
  CC      net/core/of_net.o
  CC      drivers/dma/dmaengine.o
  CC      drivers/clk/clk-devres.o
  CC      drivers/acpi/pci_link.o
  CC      net/core/devmem.o
  CC      drivers/clk/clk-bulk.o
  CC      drivers/dma/virt-dma.o
  CC      drivers/clk/clkdev.o
  AR      net/core/built-in.a
  CC      drivers/acpi/pci_irq.o
  CC      drivers/dma/acpi-dma.o
  CC      drivers/clk/clk.o
  CC      drivers/dma/of-dma.o
  CC      drivers/acpi/acpi_apd.o
  CC      net/sched/sch_generic.o
  CC      drivers/clk/clk-divider.o
  CC      drivers/dma/dw-axi-dmac/dw-axi-dmac-platform.o
  CC      drivers/acpi/acpi_platform.o
  CC      drivers/clk/clk-fixed-factor.o
  CC      net/sched/sch_mq.o
  AR      drivers/dma/dw-axi-dmac/built-in.a
  CC      drivers/acpi/acpi_pnp.o
  CC      drivers/clk/clk-fixed-rate.o
  CC      net/sched/sch_frag.o
  CC      drivers/clk/clk-gate.o
  CC      drivers/acpi/power.o
  CC      net/sched/sch_api.o
  CC      drivers/acpi/event.o
  CC      drivers/clk/clk-mux.o
  CC      net/sched/sch_blackhole.o
  CC      drivers/acpi/evged.o
  CC      drivers/clk/clk-composite.o
  AR      drivers/dma/built-in.a
  CC      net/sched/cls_api.o
  CC      drivers/acpi/sysfs.o
  CC      drivers/clk/clk-fractional-divider.o
  CC      drivers/clk/clk-gpio.o
  CC      net/sched/sch_fifo.o
  CC      drivers/clk/clk-conf.o
  CC      drivers/acpi/property.o
  CC      drivers/acpi/debugfs.o
  AR      net/sched/built-in.a
  CC      drivers/clk/clk_kunit_helpers.o
  CC      drivers/acpi/acpi_lpat.o
  CC      drivers/acpi/irq.o
  CC      drivers/clk/clk-rpmi.o
  CC      net/netlink/af_netlink.o
  CC      drivers/acpi/acpi_pcc.o
  CC      net/netlink/genetlink.o
  CC      drivers/clk/analogbits/wrpll-cln28hpc.o
  CC      net/netlink/policy.o
  CC      net/netlink/diag.o
  AR      drivers/clk/analogbits/built-in.a
  AR      net/netlink/built-in.a
  CC      drivers/clk/eswin/clk.o
  CC      net/bpf/test_run.o
  CC      drivers/clk/microchip/clk-mpfs.o
  CC      drivers/clk/eswin/clk-eic7700.o
  AR      net/bpf/built-in.a
  CC      drivers/clk/microchip/clk-mpfs-ccc.o
  AR      drivers/clk/eswin/built-in.a
  AR      drivers/clk/microchip/built-in.a
  CC      drivers/clk/sifive/sifive-prci.o
  CC      net/netfilter/core.o
  AR      drivers/clk/sifive/built-in.a
  CC      net/netfilter/nf_log.o
  CC      drivers/clk/sophgo/clk-cv1800.o
  CC      net/netfilter/nf_queue.o
  CC      drivers/clk/sophgo/clk-sg2042-clkgen.o
  CC      net/netfilter/nf_sockopt.o
  CC      net/ethtool/ioctl.o
  CC      drivers/clk/sophgo/clk-sg2042-pll.o
  CC      net/netfilter/utils.o
  CC      drivers/clk/sophgo/clk-sg2042-rpgate.o
  CC      net/ethtool/common.o
  CC      net/netfilter/nf_bpf_link.o
  AR      drivers/clk/sophgo/built-in.a
  CC      net/ethtool/netlink.o
  AR      net/netfilter/built-in.a
  CC      net/ethtool/bitset.o
  CC      drivers/clk/starfive/clk-starfive-jh71x0.o
  CC      drivers/clk/spacemit/ccu_common.o
  CC      net/ethtool/strset.o
  CC      drivers/clk/starfive/clk-starfive-jh7100.o
  CC      drivers/clk/spacemit/ccu_pll.o
  CC      net/ethtool/linkinfo.o
  CC      drivers/clk/spacemit/ccu_mix.o
  CC      drivers/clk/starfive/clk-starfive-jh7110-pll.o
  CC      drivers/clk/starfive/clk-starfive-jh7110-sys.o
  CC      net/ethtool/linkmodes.o
  CC      drivers/clk/spacemit/ccu_ddn.o
  AR      drivers/clk/starfive/built-in.a
  CC      drivers/clk/spacemit/ccu-k1.o
  CC      net/ethtool/rss.o
  CC      drivers/clk/spacemit/ccu-k3.o
  CC      net/ethtool/linkstate.o
  CC      net/ethtool/debug.o
  AR      drivers/clk/spacemit/built-in.a
  CC      net/ethtool/wol.o
  CC      drivers/acpi/pci_mcfg.o
  CC      net/ethtool/features.o
  CC      drivers/soc/microchip/mpfs-irqmux.o
  CC      drivers/soc/microchip/mpfs-control-scb.o
  CC      drivers/acpi/ac.o
  CC      net/ethtool/privflags.o
  CC      drivers/clk/sunxi-ng/ccu_common.o
  CC      drivers/soc/microchip/mpfs-mss-top-sysreg.o
  CC      drivers/acpi/button.o
  CC      net/ethtool/rings.o
  CC      drivers/clk/sunxi-ng/ccu-sun20i-d1.o
  CC      drivers/acpi/fan_core.o
  AR      drivers/soc/microchip/built-in.a
  CC      net/ethtool/channels.o
  CC      drivers/clk/sunxi-ng/ccu-sun20i-d1-r.o
  CC      drivers/acpi/fan_attr.o
  CC      net/ethtool/coalesce.o
  CC      drivers/clk/sunxi-ng/ccu-sun6i-rtc.o
  CC      drivers/acpi/fan_hwmon.o
  AR      drivers/clk/sunxi-ng/built-in.a
  CC      net/ethtool/pause.o
  CC      drivers/soc/sunxi/sunxi_sram.o
  CC      drivers/acpi/processor_driver.o
  CC      drivers/clk/tenstorrent/atlantis-prcm.o
  CC      drivers/acpi/processor_thermal.o
  CC      net/ethtool/eee.o
  AR      drivers/soc/sunxi/built-in.a
  CC      drivers/acpi/processor_idle.o
  AR      drivers/clk/tenstorrent/built-in.a
  CC      net/ethtool/tsinfo.o
  AR      drivers/soc/built-in.a
  CC      drivers/acpi/processor_perflib.o
  CC      drivers/clk/thead/clk-th1520-ap.o
  CC      drivers/acpi/container.o
  CC      net/ethtool/cabletest.o
  AR      drivers/clk/thead/built-in.a
  CC      drivers/acpi/thermal_lib.o
  CC      net/ethtool/tunnels.o
  AR      drivers/clk/built-in.a
  CC      drivers/acpi/thermal.o
  CC      net/ethtool/fec.o
  CC      drivers/acpi/acpi_memhotplug.o
  CC      net/ethtool/eeprom.o
  CC      drivers/acpi/battery.o
  CC      drivers/pmdomain/starfive/jh71xx-pmu.o
  CC      net/ethtool/stats.o
  CC      drivers/virtio/virtio.o
  CC      drivers/acpi/cppc_acpi.o
  CC      drivers/virtio/virtio_ring.o
  CC      drivers/acpi/spcr.o
  AR      drivers/pmdomain/starfive/built-in.a
  CC      net/ethtool/phc_vclocks.o
  CC      drivers/virtio/virtio_anchor.o
  CC      drivers/acpi/pptt.o
  CC      net/ethtool/mm.o
  CC      drivers/virtio/virtio_pci_modern_dev.o
  CC      drivers/pmdomain/sunxi/sun20i-ppu.o
  CC      drivers/virtio/virtio_pci_legacy_dev.o
  CC      drivers/pmdomain/sunxi/sun55i-pck600.o
  CC      net/ethtool/module.o
  AR      drivers/pmdomain/sunxi/built-in.a
  CC      drivers/virtio/virtio_mmio.o
  CC      net/ethtool/cmis_fw_update.o
  CC      drivers/virtio/virtio_pci_modern.o
  CC      drivers/pmdomain/core.o
  CC      drivers/acpi/riscv/rhct.o
  CC      net/ethtool/cmis_cdb.o
  CC      drivers/pmdomain/governor.o
  CC      drivers/virtio/virtio_pci_common.o
  CC      drivers/acpi/riscv/init.o
  CC      net/ethtool/pse-pd.o
  AR      drivers/pmdomain/built-in.a
  CC      drivers/virtio/virtio_pci_legacy.o
  CC      drivers/acpi/riscv/irq.o
  CC      net/ethtool/plca.o
  CC      drivers/virtio/virtio_balloon.o
  CC      drivers/acpi/riscv/cpuidle.o
  CC      drivers/virtio/virtio_input.o
  CC      net/ethtool/phy.o
  CC      drivers/acpi/riscv/cppc.o
  AR      drivers/virtio/built-in.a
  CC      drivers/acpi/riscv/rimt.o
  CC      drivers/regulator/core.o
  CC      net/ethtool/tsconfig.o
  AR      drivers/acpi/riscv/built-in.a
  CC      drivers/regulator/dummy.o
  AR      drivers/acpi/built-in.a
  CC      net/ethtool/mse.o
  CC      drivers/regulator/fixed-helper.o
  CC      drivers/reset/core.o
  AR      net/ethtool/built-in.a
  CC      drivers/regulator/helpers.o
  CC      drivers/regulator/devres.o
  CC      drivers/reset/spacemit/reset-spacemit-common.o
  CC      drivers/regulator/irq_helpers.o
  CC      drivers/reset/spacemit/reset-spacemit-k1.o
  CC      drivers/regulator/of_regulator.o
  CC      drivers/reset/spacemit/reset-spacemit-k3.o
  CC      drivers/regulator/fixed.o
  AR      drivers/reset/spacemit/built-in.a
  CC      drivers/regulator/axp20x-regulator.o
  CC      drivers/reset/starfive/reset-starfive-jh71x0.o
  CC      drivers/regulator/gpio-regulator.o
  CC      drivers/reset/starfive/reset-starfive-jh7100.o
  CC      drivers/tty/tty_io.o
  CC      drivers/regulator/spacemit-p1.o
  CC      drivers/reset/starfive/reset-starfive-jh7110.o
  CC      drivers/tty/n_tty.o
  CC      drivers/regulator/sun20i-regulator.o
  CC      drivers/tty/tty_ioctl.o
  AR      drivers/reset/starfive/built-in.a
  AR      drivers/regulator/built-in.a
  CC      drivers/tty/tty_ldisc.o
  CC      drivers/reset/reset-eic7700.o
  CC      drivers/tty/tty_buffer.o
  CC      drivers/reset/reset-k230.o
  CC      drivers/char/mem.o
  CC      drivers/tty/tty_port.o
  CC      drivers/reset/reset-mpfs.o
  CC      drivers/char/random.o
  CC      drivers/tty/tty_mutex.o
  CC      drivers/reset/reset-simple.o
  CC      drivers/tty/tty_ldsem.o
  CC      drivers/char/misc.o
  CC      drivers/reset/reset-sunxi.o
  CC      drivers/tty/tty_baudrate.o
  CC      drivers/char/virtio_console.o
  CC      drivers/reset/reset-tenstorrent-atlantis.o
  CC      net/ipv4/route.o
  CC      drivers/tty/tty_jobctrl.o
  AR      drivers/reset/built-in.a
  CC      net/ipv4/inetpeer.o
  CC      drivers/char/hw_random/core.o
  CC      drivers/char/hw_random/atmel-rng.o
  CC      drivers/tty/n_null.o
  CC      drivers/tty/pty.o
  CC      drivers/char/hw_random/virtio-rng.o
  CC      drivers/tty/tty_audit.o
  CC      net/ipv4/protocol.o
  AR      drivers/char/hw_random/built-in.a
  CC      net/ipv4/ip_input.o
  AR      drivers/char/built-in.a
  CC      drivers/tty/hvc/hvc_console.o
  CC      net/ipv4/ip_fragment.o
  CC      drivers/tty/vt/vt_ioctl.o
  AR      drivers/tty/hvc/built-in.a
  CC      drivers/tty/vt/vc_screen.o
  CC      net/ipv4/ip_forward.o
  CC      net/xfrm/xfrm_policy.o
  CC      drivers/tty/vt/selection.o
  CC      net/ipv4/ip_options.o
  CC      drivers/tty/serial/serial_core.o
  CC      net/xfrm/xfrm_state.o
  CC      drivers/tty/vt/keyboard.o
  CC      drivers/tty/serial/serial_base_bus.o
  CC      net/xfrm/xfrm_hash.o
  CC      net/ipv4/ip_output.o
  CC      drivers/tty/serial/serial_ctrl.o
  CC      drivers/tty/vt/vt.o
  CC      net/xfrm/xfrm_input.o
  CC      net/ipv4/ip_sockglue.o
  CC      drivers/tty/serial/serial_port.o
  CC      drivers/tty/vt/consolemap.o
  CC      drivers/tty/serial/earlycon.o
  CC      net/xfrm/xfrm_output.o
  CC      net/ipv4/inet_hashtables.o
  AR      drivers/tty/vt/built-in.a
  CC      drivers/tty/serial/earlycon-riscv-sbi.o
  CC      net/ipv4/inet_timewait_sock.o
  CC      net/xfrm/xfrm_sysctl.o
  CC      net/ipv4/inet_connection_sock.o
  CC      net/xfrm/xfrm_replay.o
  CC      net/unix/af_unix.o
  CC      net/xfrm/xfrm_device.o
  CC      net/ipv4/tcp.o
  CC      drivers/tty/serial/8250/8250_core.o
  CC      net/xfrm/xfrm_nat_keepalive.o
  CC      net/unix/garbage.o
  CC      net/ipv4/tcp_input.o
  CC      net/unix/sysctl_net_unix.o
  AR      net/xfrm/built-in.a
  CC      drivers/tty/serial/8250/8250_platform.o
  CC      net/ipv4/tcp_output.o
  CC      net/ipv4/tcp_timer.o
  CC      net/unix/unix_bpf.o
  CC      drivers/tty/serial/8250/8250_pnp.o
  CC      net/ipv4/tcp_ipv4.o
  AR      net/unix/built-in.a
  CC      net/ipv4/tcp_minisocks.o
  CC      drivers/tty/serial/8250/8250_port.o
  CC      net/ipv4/tcp_cong.o
  CC      drivers/tty/serial/8250/8250_dma.o
  CC      net/ipv4/tcp_metrics.o
  CC      drivers/tty/serial/8250/8250_dwlib.o
  CC      net/ipv4/tcp_fastopen.o
  CC      drivers/tty/serial/8250/8250_pcilib.o
  CC      net/ipv4/tcp_recovery.o
  CC      drivers/tty/serial/8250/8250_early.o
  CC      drivers/iommu/riscv/iommu.o
  CC      net/ipv4/tcp_ulp.o
  CC      drivers/tty/serial/8250/8250_dw.o
  CC      drivers/tty/serial/8250/8250_exar.o
  CC      drivers/iommu/riscv/iommu-platform.o
  CC      net/ipv4/tcp_offload.o
  CC      drivers/tty/serial/8250/8250_of.o
  CC      drivers/iommu/riscv/iommu-pci.o
  CC      drivers/tty/serial/8250/8250_pci.o
  CC      net/ipv4/tcp_plb.o
  AR      drivers/iommu/riscv/built-in.a
  CC      net/ipv6/af_inet6.o
  CC      drivers/tty/serial/8250/8250_pericom.o
  CC      net/ipv6/anycast.o
  CC      drivers/iommu/generic_pt/fmt/iommu_riscv64.o
  CC      net/ipv4/datagram.o
  AR      drivers/tty/serial/8250/built-in.a
  CC      drivers/tty/serial/sifive.o
  CC      net/ipv6/ip6_output.o
  CC      net/ipv4/raw.o
  CC      drivers/tty/serial/serial_mctrl_gpio.o
  AR      drivers/iommu/generic_pt/fmt/built-in.a
  CC      drivers/iommu/iommu.o
  CC      net/ipv6/ip6_input.o
  CC      net/ipv4/udp.o
  AR      drivers/tty/serial/built-in.a
  CC      drivers/iommu/iommu-pages.o
  AR      drivers/tty/built-in.a
  CC      drivers/iommu/iommu-traces.o
  CC      net/ipv6/addrconf.o
  CC      net/ipv4/udp_offload.o
  CC      drivers/iommu/iommu-sysfs.o
  CC      net/ipv4/arp.o
  CC      net/ipv6/addrlabel.o
  CC      drivers/iommu/of_iommu.o
  CC      net/ipv4/icmp.o
  CC      drivers/iommu/sun50i-iommu.o
  CC      net/ipv6/route.o
  CC      drivers/gpu/drm/drm_mipi_dsi.o
  AR      drivers/iommu/built-in.a
  CC      net/ipv4/devinet.o
  CC      net/ipv4/af_inet.o
  CC      net/ipv6/ip6_fib.o
  CC      net/ipv4/igmp.o
  CC      net/ipv6/ipv6_sockglue.o
  CC      net/ipv6/ndisc.o
  CC      net/ipv4/fib_frontend.o
  CC      net/ipv4/fib_semantics.o
  CC      net/ipv6/udp.o
  CC      net/ipv4/fib_trie.o
  CC      net/ipv6/raw.o
  CC      net/ipv4/fib_notifier.o
  CC      net/ipv6/icmp.o
  CC      net/ipv4/inet_fragment.o
  CC      net/ipv6/mcast.o
  CC      net/ipv4/ping.o
  CC      net/ipv4/ip_tunnel_core.o
  CC      net/ipv6/reassembly.o
  CC      net/ipv4/gre_offload.o
  CC      net/ipv6/tcp_ipv6.o
  CC      drivers/base/component.o
  CC      net/ipv6/ping.o
  CC      net/ipv4/metrics.o
  CC      drivers/base/core.o
  CC      net/ipv6/exthdrs.o
  CC      drivers/base/bus.o
  CC      net/ipv4/netlink.o
  CC      drivers/base/dd.o
  CC      net/ipv6/datagram.o
  CC      net/ipv4/nexthop.o
  CC      drivers/base/syscore.o
  CC      net/ipv6/ip6_flowlabel.o
  CC      net/ipv4/udp_tunnel_stub.o
  CC      drivers/base/driver.o
  AR      drivers/gpu/drm/built-in.a
  CC      net/ipv6/inet6_connection_sock.o
  CC      net/ipv4/sysctl_net_ipv4.o
  CC      drivers/base/class.o
  AR      drivers/gpu/built-in.a
  CC      drivers/base/platform.o
  CC      net/ipv4/proc.o
  CC      net/ipv6/udp_offload.o
  CC      drivers/block/loop.o
  CC      drivers/base/cpu.o
  CC      net/ipv4/ipconfig.o
  CC      net/ipv6/seg6.o
  CC      drivers/block/virtio_blk.o
  CC      drivers/base/firmware.o
  CC      net/ipv4/netfilter.o
  CC      drivers/base/init.o
  AR      drivers/block/built-in.a
  CC      net/ipv6/fib6_notifier.o
  CC      drivers/base/map.o
  CC      net/ipv6/rpl.o
  CC      net/ipv4/inet_diag.o
  CC      drivers/misc/eeprom/eeprom_93cx6.o
  CC      drivers/base/devres.o
  AR      drivers/misc/eeprom/built-in.a
  CC      net/ipv4/tcp_diag.o
  CC      net/ipv6/ioam6.o
  CC      drivers/base/attribute_container.o
  CC      net/ipv4/tcp_cubic.o
  AR      drivers/misc/built-in.a
  CC      net/ipv6/sysctl_net_ipv6.o
  CC      drivers/base/transport_class.o
  CC      net/ipv4/tcp_bpf.o
  CC      drivers/base/topology.o
  CC      drivers/base/container.o
  CC      net/ipv6/xfrm6_policy.o
  CC      drivers/base/property.o
  CC      net/ipv4/udp_bpf.o
  CC      net/ipv6/xfrm6_state.o
  CC      drivers/base/cacheinfo.o
  CC      net/packet/af_packet.o
  CC      net/ipv4/xfrm4_policy.o
  CC      net/ipv6/xfrm6_input.o
  AR      net/packet/built-in.a
  CC      drivers/base/swnode.o
  CC      drivers/base/faux.o
  CC      net/ipv4/xfrm4_state.o
  CC      net/ipv6/xfrm6_output.o
  CC      drivers/base/auxiliary.o
  CC      net/ipv6/xfrm6_protocol.o
  CC      drivers/base/devtmpfs.o
  CC      net/ipv4/xfrm4_input.o
  CC      net/ipv6/netfilter.o
  CC      net/ipv4/xfrm4_output.o
  CC      net/ipv4/xfrm4_protocol.o
  CC      net/devlink/core.o
  CC      net/ipv6/proc.o
  CC      drivers/base/power/sysfs.o
  AR      net/ipv4/built-in.a
  CC      net/devlink/netlink.o
  CC      net/ipv6/addrconf_core.o
  CC      drivers/base/power/generic_ops.o
  CC      net/ipv6/exthdrs_core.o
  CC      net/devlink/netlink_gen.o
  CC      drivers/base/power/common.o
  CC      net/ipv6/ip6_checksum.o
  CC      net/devlink/dev.o
  CC      drivers/base/power/qos.o
  CC      net/ipv6/ip6_icmp.o
  CC      net/devlink/port.o
  CC      net/ipv6/output_core.o
  CC      drivers/base/power/runtime.o
  CC      net/ipv6/protocol.o
  CC      net/devlink/sb.o
  CC      net/sunrpc/clnt.o
  CC      drivers/base/power/wakeirq.o
  CC      net/devlink/dpipe.o
  CC      net/ipv6/ip6_offload.o
  CC      drivers/base/power/main.o
  CC      net/devlink/resource.o
  CC      net/ipv6/exthdrs_offload.o
  CC      net/sunrpc/xprt.o
  CC      drivers/base/power/wakeup.o
  CC      net/ipv6/inet6_hashtables.o
  CC      net/devlink/param.o
  CC      net/sunrpc/socklib.o
  CC      net/ipv6/mcast_snoop.o
  CC      net/devlink/region.o
  CC      drivers/base/power/wakeup_stats.o
  CC      net/sunrpc/xprtsock.o
  AR      net/ipv6/built-in.a
  CC      drivers/base/power/clock_ops.o
  CC      net/devlink/health.o
  CC      net/devlink/trap.o
  CC      net/sunrpc/sched.o
  AR      drivers/base/power/built-in.a
  CC      net/devlink/rate.o
  CC      net/sunrpc/auth.o
  CC      net/devlink/linecard.o
  CC      drivers/base/firmware_loader/main.o
  CC      net/sunrpc/auth_null.o
  CC      net/devlink/sh_dev.o
  AR      drivers/base/firmware_loader/built-in.a
  CC      drivers/mfd/mfd-core.o
  CC      drivers/base/module.o
  AR      net/devlink/built-in.a
  CC      net/sunrpc/auth_tls.o
  CC      drivers/base/auxiliary_sysfs.o
  CC      drivers/mfd/axp20x.o
  CC      drivers/mfd/axp20x-i2c.o
  CC      net/sunrpc/auth_unix.o
  CC      drivers/mfd/simple-mfd-i2c.o
  AR      drivers/mfd/built-in.a
  CC      drivers/base/regmap/regmap.o
  CC      net/sunrpc/svc.o
  CC      drivers/dax/super.o
  CC      net/sunrpc/svcsock.o
  CC      drivers/dax/bus.o
  CC      drivers/nvdimm/core.o
  CC      drivers/base/regmap/regcache.o
  CC      drivers/base/regmap/regcache-rbtree.o
  CC      net/sunrpc/svcauth.o
  AR      drivers/dax/built-in.a
  CC      drivers/nvdimm/bus.o
  CC      net/sunrpc/svcauth_unix.o
  CC      drivers/base/regmap/regcache-flat.o
  CC      drivers/nvdimm/dimm_devs.o
  CC      drivers/dma-buf/dma-buf.o
  CC      drivers/base/regmap/regcache-maple.o
  CC      net/sunrpc/addr.o
  CC      drivers/nvdimm/nd_perf.o
  CC      drivers/dma-buf/dma-fence.o
  CC      drivers/base/regmap/regmap-debugfs.o
  CC      net/sunrpc/rpcb_clnt.o
  CC      drivers/nvdimm/dimm.o
  CC      drivers/dma-buf/dma-fence-array.o
  CC      drivers/base/regmap/regmap-i2c.o
  CC      net/sunrpc/timer.o
  CC      drivers/dma-buf/dma-fence-chain.o
  CC      drivers/base/regmap/regmap-spi.o
  CC      drivers/nvdimm/region_devs.o
  CC      net/sunrpc/xdr.o
  CC      drivers/dma-buf/dma-fence-unwrap.o
  CC      drivers/base/regmap/regmap-mmio.o
  CC      drivers/nvdimm/region.o
  CC      drivers/dma-buf/dma-resv.o
  CC      net/sunrpc/sunrpc_syms.o
  CC      drivers/base/regmap/regmap-irq.o
  CC      drivers/nvdimm/namespace_devs.o
  CC      drivers/dma-buf/dma-buf-mapping.o
  CC      net/sunrpc/cache.o
  AR      drivers/base/regmap/built-in.a
  CC      drivers/dma-buf/sync_file.o
  CC      drivers/nvdimm/label.o
  CC      drivers/base/pinctrl.o
  CC      net/sunrpc/rpc_pipe.o
  CC      drivers/base/platform-msi.o
  AR      drivers/dma-buf/built-in.a
  CC      drivers/nvdimm/badrange.o
  CC      net/sunrpc/sysfs.o
  CC      drivers/base/arch_topology.o
  CC      drivers/nvdimm/claim.o
  CC      drivers/nvdimm/btt_devs.o
  CC      net/sunrpc/svc_xprt.o
  CC      drivers/base/physical_location.o
  CC      net/sunrpc/xprtmultipath.o
  CC      drivers/nvdimm/pmem.o
  CC      drivers/base/trace.o
  CC      net/sunrpc/netlink.o
  CC      drivers/nvdimm/btt.o
  CC      net/sunrpc/backchannel_rqst.o
  AR      drivers/base/built-in.a
  CC      drivers/scsi/scsi.o
  CC      drivers/nvdimm/of_pmem.o
  CC      drivers/scsi/hosts.o
  CC      net/sunrpc/stats.o
  CC      drivers/nvdimm/ramdax.o
  CC      drivers/scsi/scsi_ioctl.o
  CC      drivers/scsi/scsicam.o
  AR      drivers/nvdimm/built-in.a
  CC      net/sunrpc/sysctl.o
  CC      drivers/scsi/scsi_error.o
  CC      drivers/scsi/scsi_lib.o
  AR      net/sunrpc/built-in.a
  CC      drivers/scsi/scsi_lib_dma.o
  CC      net/8021q/vlan_core.o
  CC      drivers/scsi/scsi_scan.o
  AR      net/8021q/built-in.a
  CC      net/sysctl_net.o
  CC      net/9p/mod.o
  CC      drivers/scsi/scsi_sysfs.o
  CC      drivers/ata/libata-core.o
  CC      drivers/scsi/scsi_devinfo.o
  CC      drivers/scsi/scsi_sysctl.o
  CC      net/9p/client.o
  CC      drivers/ata/libata-scsi.o
  CC      net/9p/error.o
  CC      drivers/scsi/scsi_proc.o
  CC      net/9p/protocol.o
  CC      drivers/ata/libata-eh.o
  CC      net/9p/trans_common.o
  CC      drivers/scsi/scsi_debugfs.o
  CC      net/9p/trans_fd.o
  CC      drivers/ata/libata-transport.o
  CC      drivers/ata/libata-trace.o
  CC      drivers/scsi/scsi_trace.o
  CC      net/9p/trans_virtio.o
  CC      drivers/scsi/scsi_logging.o
  CC      drivers/ata/libata-sata.o
  CC      drivers/scsi/scsi_pm.o
  CC      drivers/scsi/scsi_bsg.o
  AR      net/9p/built-in.a
  CC      drivers/ata/libata-sff.o
  CC      drivers/scsi/scsi_common.o
  CC      drivers/scsi/virtio_scsi.o
  CC      net/dns_resolver/dns_key.o
  CC      drivers/ata/libata-pmp.o
  CC      net/dns_resolver/dns_query.o
  CC      drivers/scsi/sd.o
  CC      drivers/scsi/sr.o
  CC      drivers/ata/libata-acpi.o
  AR      net/dns_resolver/built-in.a
  CC      drivers/ata/libata-pata-timings.o
  CC      drivers/scsi/sr_ioctl.o
  CC      net/l3mdev/l3mdev.o
  CC      drivers/scsi/sr_vendor.o
  CC      drivers/ata/ahci.o
  AR      drivers/scsi/built-in.a
  CC      drivers/ata/libahci.o
  AR      net/l3mdev/built-in.a
  CC      net/handshake/alert.o
  CC      net/handshake/genl.o
  CC      drivers/ata/ahci_platform.o
  CC      drivers/ata/libahci_platform.o
  CC      drivers/mtd/mtdcore.o
  CC      net/handshake/netlink.o
  AR      drivers/ata/built-in.a
  CC      drivers/mtd/mtdsuper.o
  CC      net/handshake/request.o
  CC      drivers/mtd/mtdconcat.o
  CC      net/handshake/tlshd.o
  CC      drivers/spi/spi.o
  CC      net/handshake/trace.o
  CC      drivers/mtd/mtdpart.o
  CC      drivers/spi/spi-mem.o
  AR      net/handshake/built-in.a
  CC      drivers/spi/spi-sifive.o
  AR      net/built-in.a
  CC      drivers/mtd/mtdchar.o
  CC      drivers/spi/spi-sun6i.o
  CC      drivers/mtd/mtd_blkdevs.o
  CC      drivers/mtd/parsers/ofpart_core.o
  AR      drivers/spi/built-in.a
  CC      drivers/net/loopback.o
  AR      drivers/mtd/parsers/built-in.a
  CC      drivers/mtd/mtdblock.o
  CC      drivers/cdrom/cdrom.o
  CC      drivers/net/mdio/acpi_mdio.o
  CC      drivers/mtd/chips/chipreg.o
  AR      drivers/cdrom/built-in.a
  CC      drivers/mtd/chips/cfi_probe.o
  CC      drivers/mtd/chips/cfi_util.o
  CC      drivers/net/mdio/fwnode_mdio.o
  CC      drivers/usb/common/common.o
  CC      drivers/net/mdio/of_mdio.o
  AR      drivers/usb/common/built-in.a
  CC      drivers/mtd/chips/gen_probe.o
  CC      drivers/net/phy/stubs.o
  AR      drivers/mtd/chips/built-in.a
  AR      drivers/net/mdio/built-in.a
  CC      drivers/usb/phy/phy.o
  CC      drivers/net/phy/mdio_bus.o
  CC      drivers/usb/phy/of.o
  CC      drivers/net/phy/phylink.o
  AR      drivers/usb/phy/built-in.a
  CC      drivers/usb/core/usb.o
  CC      drivers/net/phy/phy.o
  CC      drivers/usb/core/hub.o
  CC      drivers/usb/core/hcd.o
  CC      drivers/net/phy/phy-c45.o
  CC      drivers/mtd/spi-nor/core.o
  CC      drivers/net/phy/phy-core.o
  CC      drivers/usb/core/urb.o
  CC      drivers/usb/host/pci-quirks.o
  CC      drivers/mtd/spi-nor/sfdp.o
  CC      drivers/net/phy/phy_device.o
  CC      drivers/usb/core/message.o
  CC      drivers/usb/host/ehci-hcd.o
  CC      drivers/mtd/spi-nor/swp.o
  CC      drivers/usb/core/driver.o
  CC      drivers/net/phy/linkmode.o
  CC      drivers/usb/host/ehci-pci.o
  CC      drivers/mtd/spi-nor/otp.o
  CC      drivers/usb/core/config.o
  CC      drivers/usb/host/ehci-platform.o
  CC      drivers/net/phy/phy_link_topology.o
  CC      drivers/mtd/spi-nor/sysfs.o
  CC      drivers/usb/core/file.o
  CC      drivers/usb/host/ohci-hcd.o
  CC      drivers/usb/core/buffer.o
  CC      drivers/mtd/spi-nor/atmel.o
  CC      drivers/net/phy/phy_caps.o
  CC      drivers/usb/host/ohci-pci.o
  CC      drivers/usb/core/sysfs.o
  CC      drivers/net/phy/mdio_bus_provider.o
  CC      drivers/mtd/spi-nor/eon.o
  CC      drivers/usb/core/endpoint.o
  CC      drivers/usb/host/ohci-platform.o
  CC      drivers/net/phy/phy_port.o
  CC      drivers/mtd/spi-nor/esmt.o
  CC      drivers/usb/host/xhci.o
  CC      drivers/usb/core/devio.o
  CC      drivers/net/phy/mdio_device.o
  CC      drivers/mtd/spi-nor/everspin.o
  CC      drivers/usb/core/notify.o
  CC      drivers/usb/host/xhci-mem.o
  CC      drivers/mtd/spi-nor/gigadevice.o
  CC      drivers/net/phy/swphy.o
  CC      drivers/usb/host/xhci-ext-caps.o
  CC      drivers/usb/core/generic.o
  CC      drivers/mtd/spi-nor/intel.o
  CC      drivers/net/phy/mdio_devres.o
  CC      drivers/usb/host/xhci-ring.o
  CC      drivers/usb/core/quirks.o
  CC      drivers/mtd/spi-nor/issi.o
  CC      drivers/usb/host/xhci-hub.o
  CC      drivers/net/phy/phy_package.o
  CC      drivers/usb/core/devices.o
  CC      drivers/usb/host/xhci-dbg.o
  CC      drivers/mtd/spi-nor/macronix.o
  CC      drivers/net/phy/fixed_phy.o
  CC      drivers/mtd/spi-nor/micron-st.o
  CC      drivers/usb/core/phy.o
  CC      drivers/usb/host/xhci-trace.o
  CC      drivers/mtd/spi-nor/spansion.o
  CC      drivers/net/phy/micrel.o
  CC      drivers/usb/core/port.o
  CC      drivers/mtd/spi-nor/sst.o
  CC      drivers/usb/host/xhci-debugfs.o
  CC      drivers/usb/core/trace.o
  CC      drivers/mtd/spi-nor/winbond.o
  CC      drivers/net/phy/mscc/mscc_main.o
  CC      drivers/usb/host/xhci-pci.o
  CC      drivers/mtd/spi-nor/xmc.o
  CC      drivers/usb/core/of.o
  CC      drivers/usb/host/xhci-plat.o
  CC      drivers/net/phy/mscc/mscc_serdes.o
  CC      drivers/usb/core/hcd-pci.o
  CC      drivers/mtd/spi-nor/debugfs.o
  AR      drivers/net/phy/mscc/built-in.a
  AR      drivers/usb/host/built-in.a
  CC      drivers/usb/core/usb-acpi.o
  CC      drivers/net/phy/motorcomm.o
  AR      drivers/mtd/spi-nor/built-in.a
  AR      drivers/mtd/built-in.a
  CC      drivers/net/phy/realtek/realtek_main.o
  AR      drivers/usb/core/built-in.a
  CC      drivers/input/serio/serio.o
  AR      drivers/net/phy/realtek/built-in.a
  AR      drivers/net/phy/built-in.a
  CC      drivers/input/serio/serport.o
  CC      drivers/net/virtio_net.o
  CC      drivers/input/input.o
  CC      drivers/usb/storage/uas.o
  CC      drivers/input/serio/libps2.o
  CC      drivers/input/input-compat.o
  AR      drivers/input/serio/built-in.a
  CC      drivers/input/input-mt.o
  CC      drivers/usb/storage/scsiglue.o
  CC      drivers/input/input-poller.o
  CC      drivers/usb/storage/protocol.o
  CC      drivers/input/ff-core.o
  CC      drivers/usb/storage/transport.o
  CC      drivers/input/touchscreen.o
  CC      drivers/usb/storage/usb.o
  CC      drivers/net/ethernet/cadence/macb_main.o
  CC      drivers/input/touch-overlay.o
  CC      drivers/usb/storage/initializers.o
  CC      drivers/input/vivaldi-fmap.o
  CC      drivers/usb/storage/sierra_ms.o
  AR      drivers/net/ethernet/cadence/built-in.a
  CC      drivers/net/net_failover.o
  CC      drivers/input/mousedev.o
  CC      drivers/usb/storage/option_ms.o
  CC      drivers/input/evdev.o
  CC      drivers/usb/storage/usual-tables.o
  CC      drivers/input/keyboard/atkbd.o
  AR      drivers/usb/storage/built-in.a
  CC      drivers/input/keyboard/gpio_keys.o
  CC      drivers/usb/gadget/udc/core.o
  CC      drivers/usb/gadget/udc/trace.o
  AR      drivers/input/keyboard/built-in.a
  AR      drivers/usb/gadget/udc/built-in.a
  AR      drivers/usb/gadget/built-in.a
  CC      drivers/input/mouse/psmouse-base.o
  AR      drivers/usb/built-in.a
  CC      drivers/input/mouse/synaptics.o
  CC      drivers/net/ethernet/intel/e1000e/82571.o
  CC      drivers/input/mouse/focaltech.o
  CC      drivers/i2c/i2c-boardinfo.o
  CC      drivers/rtc/lib.o
  CC      drivers/input/mouse/alps.o
  CC      drivers/net/ethernet/intel/e1000e/ich8lan.o
  CC      drivers/rtc/class.o
  CC      drivers/i2c/i2c-core-base.o
  CC      drivers/rtc/interface.o
  CC      drivers/input/mouse/byd.o
  CC      drivers/net/ethernet/intel/e1000e/80003es2lan.o
  CC      drivers/i2c/i2c-core-smbus.o
  CC      drivers/input/mouse/logips2pp.o
  CC      drivers/rtc/nvmem.o
  CC      drivers/net/ethernet/intel/e1000e/mac.o
  CC      drivers/input/mouse/trackpoint.o
  CC      drivers/i2c/i2c-core-acpi.o
  CC      drivers/rtc/dev.o
  CC      drivers/i2c/i2c-core-of.o
  CC      drivers/input/mouse/cypress_ps2.o
  CC      drivers/net/ethernet/intel/e1000e/manage.o
  CC      drivers/rtc/proc.o
  CC      drivers/input/mouse/psmouse-smbus.o
  CC      drivers/rtc/sysfs.o
  CC      drivers/net/ethernet/intel/e1000e/nvm.o
  AR      drivers/input/mouse/built-in.a
  CC      drivers/i2c/busses/i2c-designware-common.o
  AR      drivers/input/built-in.a
  CC      drivers/rtc/rtc-goldfish.o
  CC      drivers/net/ethernet/intel/e1000e/phy.o
  CC      drivers/rtc/rtc-spacemit-p1.o
  CC      drivers/i2c/busses/i2c-designware-master.o
  CC      drivers/net/ethernet/intel/e1000e/param.o
  CC      drivers/rtc/rtc-sun6i.o
  CC      drivers/i2c/busses/i2c-designware-platdrv.o
  AR      drivers/rtc/built-in.a
  CC      drivers/net/ethernet/intel/e1000e/ethtool.o
  CC      drivers/i2c/busses/i2c-k1.o
  CC      drivers/net/ethernet/intel/e1000e/netdev.o
  AR      drivers/i2c/busses/built-in.a
  CC      drivers/net/ethernet/intel/e1000e/ptp.o
  AR      drivers/i2c/built-in.a
  AR      drivers/net/ethernet/intel/e1000e/built-in.a
  AR      drivers/net/ethernet/intel/built-in.a
  CC      drivers/power/reset/gpio-restart.o
  CC      drivers/power/reset/spacemit-p1-reboot.o
  CC      drivers/net/ethernet/realtek/r8169_main.o
  CC      drivers/power/reset/syscon-reboot.o
  CC      drivers/net/ethernet/realtek/r8169_firmware.o
  CC      drivers/power/reset/syscon-poweroff.o
  CC      drivers/net/ethernet/realtek/r8169_phy_config.o
  AR      drivers/power/reset/built-in.a
  AR      drivers/net/ethernet/realtek/built-in.a
  CC      drivers/power/sequencing/core.o
  AR      drivers/power/sequencing/built-in.a
  CC      drivers/power/supply/power_supply_core.o
  CC      drivers/power/supply/power_supply_sysfs.o
  CC      drivers/power/supply/power_supply_hwmon.o
  AR      drivers/net/ethernet/built-in.a
  AR      drivers/power/supply/built-in.a
  AR      drivers/power/built-in.a
  AR      drivers/net/built-in.a
  CC      drivers/hwmon/hwmon.o
  AR      drivers/hwmon/built-in.a
  CC      drivers/thermal/thermal_core.o
  CC      drivers/md/dm-builtin.o
  CC      drivers/watchdog/watchdog_core.o
  CC      drivers/opp/core.o
  CC      drivers/watchdog/watchdog_dev.o
  CC      drivers/opp/cpu.o
  AR      drivers/md/built-in.a
  CC      drivers/thermal/thermal_sysfs.o
  CC      drivers/watchdog/sunxi_wdt.o
  CC      drivers/opp/of.o
  CC      drivers/watchdog/starfive-wdt.o
  CC      drivers/thermal/thermal_trip.o
  CC      drivers/watchdog/softdog.o
  CC      drivers/thermal/thermal_helpers.o
  CC      drivers/thermal/thermal_thresholds.o
  CC      drivers/opp/debugfs.o
  AR      drivers/watchdog/built-in.a
  CC      drivers/thermal/thermal_hwmon.o
  AR      drivers/opp/built-in.a
  CC      drivers/thermal/thermal_of.o
  CC      drivers/thermal/gov_step_wise.o
  CC      drivers/thermal/cpufreq_cooling.o
  CC      drivers/cpuidle/cpuidle.o
  CC      drivers/cpufreq/cpufreq.o
  CC      drivers/thermal/devfreq_cooling.o
  CC      drivers/cpufreq/freq_table.o
  CC      drivers/cpuidle/driver.o
  CC      drivers/cpufreq/cpufreq_stats.o
  CC      drivers/cpufreq/cpufreq_performance.o
  CC      drivers/cpuidle/governor.o
  CC      drivers/cpufreq/cpufreq_userspace.o
  CC      drivers/cpuidle/sysfs.o
  CC      drivers/cpufreq/cpufreq_ondemand.o
  CC      drivers/cpufreq/cpufreq_governor.o
  AR      drivers/thermal/built-in.a
  CC      drivers/cpuidle/dt_idle_states.o
  CC      drivers/cpufreq/cpufreq_governor_attr_set.o
  CC      drivers/cpufreq/cpufreq-dt.o
  CC      drivers/cpuidle/dt_idle_genpd.o
  CC      drivers/cpuidle/cpuidle-riscv-sbi.o
  CC      drivers/cpufreq/cpufreq-dt-platdev.o
  AR      drivers/cpufreq/built-in.a
  AR      drivers/cpuidle/built-in.a
  CC      drivers/firmware/dmi_scan.o
  CC      drivers/mmc/host/sdhci.o
  CC      drivers/clocksource/timer-of.o
  CC      drivers/firmware/dmi-id.o
  CC      drivers/mmc/core/core.o
  CC      drivers/mmc/host/mmc_spi.o
  CC      drivers/clocksource/timer-probe.o
  CC      drivers/mmc/host/of_mmc_spi.o
  CC      drivers/clocksource/timer-sun4i.o
  CC      drivers/mmc/core/bus.o
  CC      drivers/mmc/core/host.o
  CC      drivers/clocksource/dummy_timer.o
  CC      drivers/mmc/host/dw_mmc.o
  CC      drivers/clocksource/timer-riscv.o
  CC      drivers/mmc/core/mmc.o
  CC      drivers/mmc/host/dw_mmc-pltfm.o
  AR      drivers/clocksource/built-in.a
  CC      drivers/mmc/core/mmc_ops.o
  CC      drivers/firmware/efi/efi.o
  CC      drivers/mmc/host/dw_mmc-starfive.o
  CC      drivers/mmc/core/sd.o
  CC      drivers/firmware/efi/vars.o
  CC      drivers/mmc/host/sunxi-mmc.o
  CC      drivers/hid/hid-core.o
  CC      drivers/firmware/efi/reboot.o
  CC      drivers/mmc/core/sd_ops.o
  CC      drivers/mmc/host/sdhci-pltfm.o
  CC      drivers/hid/hid-input.o
  CC      drivers/firmware/efi/memattr.o
  CC      drivers/mmc/core/sdio.o
  CC      drivers/mmc/host/sdhci-cadence.o
  CC      drivers/firmware/efi/tpm.o
  CC      drivers/hid/hid-quirks.o
  CC      drivers/mmc/core/sdio_ops.o
  CC      drivers/firmware/efi/memmap.o
  CC      drivers/hid/hid-debug.o
  CC      drivers/mmc/host/sdhci-of-dwcmshc.o
  CC      drivers/mmc/core/sdio_bus.o
  CC      drivers/hid/hid-generic.o
  CC      drivers/firmware/efi/fdtparams.o
  CC      drivers/mmc/core/sdio_cis.o
  CC      drivers/mmc/host/sdhci-of-k1.o
  CC      drivers/firmware/efi/esrt.o
  CC      drivers/hid/usbhid/hid-core.o
  CC      drivers/mmc/host/cqhci-core.o
  CC      drivers/firmware/efi/runtime-wrappers.o
  CC      drivers/mmc/core/sdio_io.o
  AR      drivers/hid/usbhid/built-in.a
  CC      drivers/firmware/efi/efi-init.o
  AR      drivers/mmc/host/built-in.a
  CC      drivers/mmc/core/sdio_irq.o
  AR      drivers/hid/built-in.a
  CC      drivers/mmc/core/sd_uhs2.o
  CC      drivers/firmware/efi/riscv-runtime.o
  CC      drivers/mmc/core/slot-gpio.o
  CC      drivers/mmc/core/regulator.o
  CC      drivers/firmware/efi/earlycon.o
  CC      drivers/mmc/core/debugfs.o
  CC      drivers/mmc/core/pwrseq.o
  CC      drivers/of/base.o
  CC      drivers/mmc/core/pwrseq_simple.o
  CC      drivers/of/cpu.o
  CC      drivers/mmc/core/pwrseq_emmc.o
  CC      drivers/mailbox/mailbox.o
  CC      drivers/mmc/core/block.o
  CC      drivers/of/device.o
  CC      drivers/mailbox/pcc.o
  CC      drivers/mmc/core/queue.o
  CC      drivers/of/module.o
  CC      drivers/mailbox/sun6i-msgbox.o
  CC      drivers/of/platform.o
  AR      drivers/mmc/core/built-in.a
  CC      drivers/mailbox/riscv-sbi-mpxy-mbox.o
  AR      drivers/mmc/built-in.a
  CC      drivers/of/property.o
  AR      drivers/mailbox/built-in.a
  CC      drivers/of/fdt.o
  CC      drivers/rpmsg/rpmsg_core.o
  CC      drivers/devfreq/devfreq.o
  CC      drivers/rpmsg/rpmsg_char.o
  CC      drivers/of/address.o
  AR      drivers/devfreq/built-in.a
  CC      drivers/rpmsg/rpmsg_ctrl.o
  CC      drivers/firmware/efi/libstub/alignedmem.o
  CC      drivers/extcon/extcon.o
  CC      drivers/of/irq.o
  CC      drivers/rpmsg/rpmsg_ns.o
  CC      drivers/firmware/efi/libstub/efi-stub-entry.o
  CC      drivers/rpmsg/virtio_rpmsg_bus.o
  CC      drivers/extcon/devres.o
  CC      drivers/firmware/efi/libstub/efi-stub-helper.o
  AR      drivers/rpmsg/built-in.a
  CC      drivers/of/unittest.o
  AR      drivers/extcon/built-in.a
  CC      drivers/of/of_reserved_mem.o
  CC      drivers/iio/industrialio-core.o
  CC      drivers/firmware/efi/libstub/efi-stub.o
  CC      drivers/perf/riscv_pmu.o
  CC      drivers/iio/industrialio-event.o
  CC      drivers/of/resolver.o
  CC      drivers/firmware/efi/libstub/fdt.o
  CC      drivers/iio/inkern.o
  CC      drivers/of/of_kunit_helpers.o
  CC      drivers/perf/riscv_pmu_legacy.o
  CC      drivers/firmware/efi/libstub/file.o
  CC      drivers/iio/industrialio-acpi.o
  CC      drivers/perf/riscv_pmu_sbi.o
  AR      drivers/of/built-in.a
  CC      drivers/firmware/efi/libstub/gop.o
  AR      drivers/perf/built-in.a
  CC      drivers/firmware/efi/libstub/intrinsics.o
  CC      drivers/nvmem/core.o
  CC      drivers/nvmem/layouts.o
  CC      drivers/firmware/efi/libstub/kaslr.o
  CC      drivers/nvmem/layouts/fixed-layout.o
  CC      drivers/firmware/efi/libstub/mem.o
  AR      drivers/nvmem/layouts/built-in.a
  CC      drivers/nvmem/sunxi_sid.o
  CC      drivers/firmware/efi/libstub/pci.o
  AR      drivers/nvmem/built-in.a
  CC      drivers/firmware/efi/libstub/primary_display.o
  CC      drivers/firmware/efi/libstub/printk.o
  AR      drivers/iio/built-in.a
  CC      drivers/firmware/efi/libstub/random.o
  CC      drivers/firmware/efi/libstub/randomalloc.o
  CC      drivers/firmware/efi/libstub/riscv-stub.o
  CC      drivers/firmware/efi/libstub/riscv.o
  CC      drivers/firmware/efi/libstub/secureboot.o
  CC      drivers/firmware/efi/libstub/systable.o
  CC      drivers/firmware/efi/libstub/tpm.o
  STUBCPY drivers/firmware/efi/libstub/alignedmem.stub.o
  STUBCPY drivers/firmware/efi/libstub/efi-stub-entry.stub.o
  STUBCPY drivers/firmware/efi/libstub/efi-stub-helper.stub.o
  STUBCPY drivers/firmware/efi/libstub/efi-stub.stub.o
  STUBCPY drivers/firmware/efi/libstub/fdt.stub.o
  STUBCPY drivers/firmware/efi/libstub/file.stub.o
  STUBCPY drivers/firmware/efi/libstub/gop.stub.o
  STUBCPY drivers/firmware/efi/libstub/kaslr.stub.o
  STUBCPY drivers/firmware/efi/libstub/intrinsics.stub.o
  STUBCPY drivers/firmware/efi/libstub/mem.stub.o
  STUBCPY drivers/firmware/efi/libstub/pci.stub.o
  STUBCPY drivers/firmware/efi/libstub/primary_display.stub.o
  STUBCPY drivers/firmware/efi/libstub/printk.stub.o
  STUBCPY drivers/firmware/efi/libstub/random.stub.o
  STUBCPY drivers/firmware/efi/libstub/randomalloc.stub.o
  STUBCPY drivers/firmware/efi/libstub/riscv-stub.stub.o
  STUBCPY drivers/firmware/efi/libstub/riscv.stub.o
  STUBCPY drivers/firmware/efi/libstub/secureboot.stub.o
  STUBCPY drivers/firmware/efi/libstub/systable.stub.o
  STUBCPY drivers/firmware/efi/libstub/tpm.stub.o
  AR      drivers/firmware/efi/libstub/lib.a
  AR      drivers/firmware/efi/built-in.a
  AR      drivers/firmware/built-in.a
  AR      drivers/built-in.a
  AR      built-in.a
  AR      built-in-fixup.a
  COPY    vmlinux.a
  LD      vmlinux.o
  MODPOST vmlinux.symvers
  CC      .vmlinux.export.o
  UPD     include/generated/utsversion.h
  CC      init/version-timestamp.o
  KSYMS   .tmp_vmlinux0.kallsyms.S
  AS      .tmp_vmlinux0.kallsyms.o
  LD      .tmp_vmlinux1
  NM      .tmp_vmlinux1.syms
  KSYMS   .tmp_vmlinux1.kallsyms.S
  AS      .tmp_vmlinux1.kallsyms.o
  LD      .tmp_vmlinux2
  NM      .tmp_vmlinux2.syms
  KSYMS   .tmp_vmlinux2.kallsyms.S
  AS      .tmp_vmlinux2.kallsyms.o
  LD      vmlinux.unstripped
  NM      System.map
  SORTTAB vmlinux.unstripped
  OBJCOPY vmlinux
  GEN     modules.builtin.modinfo
  GEN     modules.builtin
  OBJCOPY arch/riscv/boot/Image
  Kernel: arch/riscv/boot/Image is ready
make[5]: Leaving directory '/mnt/git-volume/kernel-test-stable/build/kunitnsconfig-riscv'
make[4]: Leaving directory '/mnt/git-volume/linux-stable'
