make[4]: Entering directory '/mnt/git-volume/linux-stable-rc'
make[5]: Entering directory '/mnt/git-volume/kernel-test-stable-rc/build/rand500nsconfig-arm64'
  UPD     /mnt/git-volume/kernel-test-stable-rc/build/rand500nsconfig-arm64/Makefile
  HOSTCC  scripts/basic/fixdep
  HOSTCC  scripts/kconfig/conf.o
  HOSTCC  scripts/kconfig/confdata.o
  HOSTCC  scripts/kconfig/expr.o
  LEX     scripts/kconfig/lexer.lex.c
  YACC    scripts/kconfig/parser.tab.[ch]
  HOSTCC  scripts/kconfig/lexer.lex.o
  HOSTCC  scripts/kconfig/menu.o
  HOSTCC  scripts/kconfig/parser.tab.o
  HOSTCC  scripts/kconfig/preprocess.o
  HOSTCC  scripts/kconfig/symbol.o
  HOSTCC  scripts/kconfig/util.o
  HOSTLD  scripts/kconfig/conf
#
# configuration written to .config
#
Using .config as base
Merging /mnt/git-volume/linux-stable-rc/kernel/configs/tiny.config
Value of CONFIG_CC_OPTIMIZE_FOR_SIZE is redefined by fragment /mnt/git-volume/linux-stable-rc/kernel/configs/tiny.config:
Previous value: # CONFIG_CC_OPTIMIZE_FOR_SIZE is not set
New value: CONFIG_CC_OPTIMIZE_FOR_SIZE=y

Value of CONFIG_SLUB_TINY is redefined by fragment /mnt/git-volume/linux-stable-rc/kernel/configs/tiny.config:
Previous value: # CONFIG_SLUB_TINY is not set
New value: CONFIG_SLUB_TINY=y

#
# merged configuration written to .config (needs make)
#
#
# configuration written to .config
#
make[5]: Leaving directory '/mnt/git-volume/kernel-test-stable-rc/build/rand500nsconfig-arm64'
make[4]: Leaving directory '/mnt/git-volume/linux-stable-rc'
make[4]: Entering directory '/mnt/git-volume/linux-stable-rc'
make[5]: Entering directory '/tmp/tmp.57Xvs5XMdz'
  UPD     /tmp/tmp.57Xvs5XMdz/Makefile
  HOSTCC  scripts/basic/fixdep
  HOSTCC  scripts/kconfig/conf.o
  HOSTCC  scripts/kconfig/confdata.o
  HOSTCC  scripts/kconfig/expr.o
  LEX     scripts/kconfig/lexer.lex.c
  YACC    scripts/kconfig/parser.tab.[ch]
  HOSTCC  scripts/kconfig/lexer.lex.o
  HOSTCC  scripts/kconfig/menu.o
  HOSTCC  scripts/kconfig/parser.tab.o
  HOSTCC  scripts/kconfig/preprocess.o
  HOSTCC  scripts/kconfig/symbol.o
  HOSTCC  scripts/kconfig/util.o
  HOSTLD  scripts/kconfig/conf
KCONFIG_SEED=0x4FBF41B0
#
# configuration written to .config
#
make[5]: Leaving directory '/tmp/tmp.57Xvs5XMdz'
make[4]: Leaving directory '/mnt/git-volume/linux-stable-rc'
make[4]: Entering directory '/mnt/git-volume/linux-stable-rc'
make[5]: Entering directory '/tmp/tmp.57Xvs5XMdz'
.config:5402:warning: override: reassigning to symbol PRINTK
.config:5406:warning: override: reassigning to symbol TTY
.config:5409:warning: override: reassigning to symbol BLK_DEV_INITRD
.config:5413:warning: override: reassigning to symbol BINFMT_ELF
.config:5414:warning: override: reassigning to symbol BINFMT_SCRIPT
.config:5417:warning: override: reassigning to symbol TMPFS
.config:5434:warning: override: reassigning to symbol MODULES
.config:5437:warning: override: reassigning to symbol DRM
.config:5438:warning: override: reassigning to symbol SOUND
.config:5439:warning: override: reassigning to symbol STAGING
.config:5441:warning: override: reassigning to symbol MEDIA_SUPPORT
.config:5447:warning: override: reassigning to symbol KCOV
.config:5450:warning: override: reassigning to symbol KCSAN
.config:5451:warning: override: reassigning to symbol KFENCE
.config:5452:warning: override: reassigning to symbol UBSAN
.config:5459:warning: override: reassigning to symbol RCU_TORTURE_TEST
.config:5460:warning: override: reassigning to symbol RCU_SCALE_TEST
.config:5461:warning: override: reassigning to symbol LOCK_TORTURE_TEST
.config:5471:warning: override: reassigning to symbol DEBUG_PREEMPT
.config:5472:warning: override: reassigning to symbol DEBUG_ATOMIC_SLEEP
.config:5479:warning: override: reassigning to symbol KUNIT
#
# configuration written to .config
#
make[5]: Leaving directory '/tmp/tmp.57Xvs5XMdz'
make[4]: Leaving directory '/mnt/git-volume/linux-stable-rc'
make[4]: Entering directory '/mnt/git-volume/linux-stable-rc'
make[5]: Entering directory '/mnt/git-volume/kernel-test-stable-rc/build/rand500nsconfig-arm64'
.config:1539:warning: override: reassigning to symbol ARM64_16K_PAGES
.config:1545:warning: override: reassigning to symbol DMA_API_DEBUG
.config:1553:warning: override: reassigning to symbol COMMON_CLK_XGENE
.config:1555:warning: override: reassigning to symbol HAVE_ALIGNED_STRUCT_PAGE
.config:1559:warning: override: reassigning to symbol HAS_DMA
.config:1561:warning: override: reassigning to symbol ARCH_HAS_STRICT_MODULE_RWX
.config:1562:warning: override: reassigning to symbol HAVE_MOVE_PUD
.config:1568:warning: override: reassigning to symbol CC_HAS_AUTO_VAR_INIT_ZERO
.config:1569:warning: override: reassigning to symbol IOMMU_SUPPORT
.config:1571:warning: override: reassigning to symbol CMA
.config:1577:warning: override: reassigning to symbol HAVE_EFFICIENT_UNALIGNED_ACCESS
.config:1581:warning: override: reassigning to symbol INIT_ON_FREE_DEFAULT_ON
.config:1588:warning: override: reassigning to symbol PER_VMA_LOCK
.config:1592:warning: override: reassigning to symbol 64BIT
.config:1597:warning: override: reassigning to symbol VM_EVENT_COUNTERS
.config:1599:warning: override: reassigning to symbol SPARSEMEM_EXTREME
.config:1600:warning: override: reassigning to symbol MEDIA_CEC_SUPPORT
.config:1606:warning: override: reassigning to symbol GENERIC_CLOCKEVENTS
.config:1614:warning: override: reassigning to symbol COREDUMP
.config:1617:warning: override: reassigning to symbol HAVE_ARCH_THREAD_STRUCT_WHITELIST
.config:1619:warning: override: reassigning to symbol LIBFDT
.config:1626:warning: override: reassigning to symbol CAVIUM_ERRATUM_27456
.config:1629:warning: override: reassigning to symbol PROC_MEM_ALWAYS_FORCE
.config:1637:warning: override: reassigning to symbol INDIRECT_PIO
.config:1642:warning: override: reassigning to symbol AS_HAS_NON_CONST_ULEB128
.config:1645:warning: override: reassigning to symbol SMP
.config:1647:warning: override: reassigning to symbol HAVE_ARCH_PREL32_RELOCATIONS
.config:1666:warning: override: reassigning to symbol ARM64_ERRATUM_1286807
.config:1675:warning: override: reassigning to symbol I3C
.config:1679:warning: override: reassigning to symbol ROCKCHIP_ERRATUM_3588001
.config:1680:warning: override: reassigning to symbol VALIDATE_FS_PARSER
.config:1685:warning: override: reassigning to symbol NEW_LEDS
.config:1686:warning: override: reassigning to symbol PAGE_REPORTING
.config:1687:warning: override: reassigning to symbol GENERIC_CPU_CACHE_MAINTENANCE
.config:1688:warning: override: reassigning to symbol CRC32
.config:1691:warning: override: reassigning to symbol COMMON_CLK
.config:1693:warning: override: reassigning to symbol PCCARD
.config:1694:warning: override: reassigning to symbol PAGE_SIZE_LESS_THAN_256KB
.config:1705:warning: override: reassigning to symbol XILINX_SDFEC
.config:1719:warning: override: reassigning to symbol GENERIC_LIB_DEVMEM_IS_ALLOWED
.config:1721:warning: override: reassigning to symbol DEBUG_MAPLE_TREE
.config:1723:warning: override: reassigning to symbol RWSEM_SPIN_ON_OWNER
.config:1728:warning: override: reassigning to symbol HAVE_FUNCTION_GRAPH_FREGS
.config:1731:warning: override: reassigning to symbol LOCK_MM_AND_FIND_VMA
.config:1732:warning: override: reassigning to symbol HAVE_DYNAMIC_FTRACE
.config:1733:warning: override: reassigning to symbol GENERIC_ALLOCATOR
.config:1736:warning: override: reassigning to symbol ARCH_BINFMT_ELF_STATE
.config:1740:warning: override: reassigning to symbol HAVE_FUNCTION_ARG_ACCESS_API
.config:1745:warning: override: reassigning to symbol VIRT_DRIVERS
.config:1747:warning: override: reassigning to symbol HAVE_ARCH_HUGE_VMAP
.config:1748:warning: override: reassigning to symbol RANDSTRUCT_NONE
.config:1749:warning: override: reassigning to symbol EEPROM_93CX6
.config:1751:warning: override: reassigning to symbol HAVE_CMPXCHG_LOCAL
.config:1762:warning: override: reassigning to symbol FUJITSU_ERRATUM_010001
.config:1763:warning: override: reassigning to symbol BINFMT_ELF
.config:1765:warning: override: reassigning to symbol ARM64_PLATFORM_DEVICES
.config:1769:warning: override: reassigning to symbol CC_IS_GCC
.config:1771:warning: override: reassigning to symbol ARCH_MMP
.config:1774:warning: override: reassigning to symbol ARCH_SUPPORTS_MSEAL_SYSTEM_MAPPINGS
.config:1775:warning: override: reassigning to symbol UNMAP_KERNEL_AT_EL0
.config:1778:warning: override: reassigning to symbol ARCH_BST
.config:1779:warning: override: reassigning to symbol POWER_RESET_RESTART
.config:1783:warning: override: reassigning to symbol FORTIFY_SOURCE
.config:1786:warning: override: reassigning to symbol HARDIRQS_SW_RESEND
.config:1791:warning: override: reassigning to symbol COMMON_CLK_AXI_CLKGEN
.config:1793:warning: override: reassigning to symbol SLAB_MERGE_DEFAULT
.config:1794:warning: override: reassigning to symbol HAVE_ARCH_COMPILER_H
.config:1795:warning: override: reassigning to symbol CPUMASK_OFFSTACK
.config:1797:warning: override: reassigning to symbol ARCH_SUSPEND_POSSIBLE
.config:1799:warning: override: reassigning to symbol ARCH_SUPPORTS_SCHED_MC
.config:1805:warning: override: reassigning to symbol ARCH_SUPPORTS_UPROBES
.config:1809:warning: override: reassigning to symbol ARCH_INTEL_SOCFPGA
.config:1811:warning: override: reassigning to symbol GENERIC_IRQ_IPI
.config:1814:warning: override: reassigning to symbol POWER_RESET_QEMU_VIRT_CTRL
.config:1820:warning: override: reassigning to symbol OF_IRQ
.config:1823:warning: override: reassigning to symbol TEST_POWER
.config:1827:warning: override: reassigning to symbol ARM64_ERRATUM_819472
.config:1828:warning: override: reassigning to symbol CC_CAN_LINK
.config:1833:warning: override: reassigning to symbol DEBUG_FS
.config:1848:warning: override: reassigning to symbol DMA_BOUNCE_UNALIGNED_KMALLOC
.config:1852:warning: override: reassigning to symbol PTP_1588_CLOCK_OPTIONAL
.config:1853:warning: override: reassigning to symbol DEBUG_OBJECTS
.config:1855:warning: override: reassigning to symbol GENERIC_IRQ_SHOW_LEVEL
.config:1862:warning: override: reassigning to symbol HAVE_FUNCTION_GRAPH_TRACER
.config:1866:warning: override: reassigning to symbol ARM64_SVE
.config:1869:warning: override: reassigning to symbol POWER_RESET_SYSCON
.config:1878:warning: override: reassigning to symbol SPLIT_PTE_PTLOCKS
.config:1881:warning: override: reassigning to symbol HAVE_REGS_AND_STACK_ACCESS_API
.config:1888:warning: override: reassigning to symbol DTC
.config:1894:warning: override: reassigning to symbol NO_IOPORT_MAP
.config:1897:warning: override: reassigning to symbol ARCH_HAVE_TRACE_MMIO_ACCESS
.config:1898:warning: override: reassigning to symbol MTD
.config:1900:warning: override: reassigning to symbol ARM64_ERRATUM_1024718
.config:1906:warning: override: reassigning to symbol RESET_CONTROLLER
.config:1910:warning: override: reassigning to symbol MAGIC_SYSRQ
.config:1911:warning: override: reassigning to symbol ARCH_STM32
.config:1920:warning: override: reassigning to symbol ARCH_HAS_GCOV_PROFILE_ALL
.config:1921:warning: override: reassigning to symbol ARM64_ERRATUM_824069
.config:1924:warning: override: reassigning to symbol DCACHE_WORD_ACCESS
.config:1929:warning: override: reassigning to symbol DEBUG_SPINLOCK
.config:1933:warning: override: reassigning to symbol ARCH_HAS_KERNEL_FPU_SUPPORT
.config:1934:warning: override: reassigning to symbol MEMTEST
.config:1939:warning: override: reassigning to symbol PREEMPT
.config:1943:warning: override: reassigning to symbol NTSYNC
.config:1944:warning: override: reassigning to symbol GENERIC_IRQ_ENTRY
.config:1954:warning: override: reassigning to symbol ARCH_HAS_PTE_SPECIAL
.config:1955:warning: override: reassigning to symbol AS_IS_GNU
.config:1960:warning: override: reassigning to symbol CC_HAS_WORKING_NOSANITIZE_ADDRESS
.config:1965:warning: override: reassigning to symbol I2C
.config:1971:warning: override: reassigning to symbol TREE_SRCU
.config:1974:warning: override: reassigning to symbol ARCH_HAS_CACHE_LINE_SIZE
.config:1975:warning: override: reassigning to symbol HAVE_KCSAN_COMPILER
.config:1982:warning: override: reassigning to symbol GENERIC_PCI_IOMAP
.config:1987:warning: override: reassigning to symbol MMU_GATHER_RCU_TABLE_FREE
.config:1988:warning: override: reassigning to symbol ARCH_ZYNQMP
.config:1994:warning: override: reassigning to symbol RCU_STALL_COMMON
.config:1999:warning: override: reassigning to symbol ARCH_MA35
.config:2002:warning: override: reassigning to symbol COMPRESSED_INSTALL
.config:2010:warning: override: reassigning to symbol POWER_RESET
.config:2013:warning: override: reassigning to symbol GENERIC_CPU_DEVICES
.config:2014:warning: override: reassigning to symbol HAVE_NMI
.config:2019:warning: override: reassigning to symbol ARCH_USE_QUEUED_RWLOCKS
.config:2028:warning: override: reassigning to symbol GENERIC_STRNCPY_FROM_USER
.config:2032:warning: override: reassigning to symbol HAVE_GCC_PLUGINS
.config:2037:warning: override: reassigning to symbol NOTIFIER_ERROR_INJECTION
.config:2051:warning: override: reassigning to symbol PRINTK
.config:2055:warning: override: reassigning to symbol TTY
.config:2058:warning: override: reassigning to symbol BLK_DEV_INITRD
.config:2062:warning: override: reassigning to symbol BINFMT_ELF
.config:2063:warning: override: reassigning to symbol BINFMT_SCRIPT
.config:2088:warning: override: reassigning to symbol CGROUPS
.config:2092:warning: override: reassigning to symbol PROC_FS
.config:2093:warning: override: reassigning to symbol NET
.config:2095:warning: override: reassigning to symbol TMPFS
.config:2096:warning: override: reassigning to symbol SYSVIPC
.config:2097:warning: override: reassigning to symbol FUTEX
#
# configuration written to .config
#
make[5]: Leaving directory '/mnt/git-volume/kernel-test-stable-rc/build/rand500nsconfig-arm64'
make[4]: Leaving directory '/mnt/git-volume/linux-stable-rc'
make[4]: Entering directory '/mnt/git-volume/linux-stable-rc'
make[5]: Entering directory '/mnt/git-volume/kernel-test-stable-rc/build/rand500nsconfig-arm64'
  SYNC    include/config/auto.conf.cmd
  WRAP    arch/arm64/include/generated/uapi/asm/kvm_para.h
  WRAP    arch/arm64/include/generated/uapi/asm/errno.h
  WRAP    arch/arm64/include/generated/uapi/asm/ioctl.h
  WRAP    arch/arm64/include/generated/uapi/asm/ioctls.h
  WRAP    arch/arm64/include/generated/uapi/asm/ipcbuf.h
  WRAP    arch/arm64/include/generated/uapi/asm/msgbuf.h
  WRAP    arch/arm64/include/generated/uapi/asm/poll.h
  WRAP    arch/arm64/include/generated/uapi/asm/resource.h
  UPD     include/generated/uapi/linux/version.h
  WRAP    arch/arm64/include/generated/uapi/asm/sembuf.h
  WRAP    arch/arm64/include/generated/uapi/asm/shmbuf.h
  WRAP    arch/arm64/include/generated/uapi/asm/siginfo.h
  WRAP    arch/arm64/include/generated/uapi/asm/socket.h
  WRAP    arch/arm64/include/generated/uapi/asm/sockios.h
  WRAP    arch/arm64/include/generated/uapi/asm/stat.h
  WRAP    arch/arm64/include/generated/uapi/asm/swab.h
  WRAP    arch/arm64/include/generated/uapi/asm/termbits.h
  WRAP    arch/arm64/include/generated/uapi/asm/termios.h
  UPD     include/config/kernel.release
  WRAP    arch/arm64/include/generated/uapi/asm/types.h
  SYSHDR  arch/arm64/include/generated/uapi/asm/unistd_64.h
  UPD     include/generated/compile.h
  HOSTCC  scripts/dtc/dtc.o
  UPD     include/generated/utsrelease.h
  HOSTCC  scripts/dtc/flattree.o
  HOSTCC  scripts/dtc/fstree.o
  HOSTCC  scripts/dtc/data.o
  HOSTCC  scripts/dtc/livetree.o
  WRAP    arch/arm64/include/generated/asm/early_ioremap.h
  WRAP    arch/arm64/include/generated/asm/fprobe.h
  WRAP    arch/arm64/include/generated/asm/mcs_spinlock.h
  WRAP    arch/arm64/include/generated/asm/mmzone.h
  HOSTCC  scripts/dtc/treesource.o
  WRAP    arch/arm64/include/generated/asm/qrwlock.h
  HOSTCC  scripts/dtc/srcpos.o
  HOSTCC  scripts/dtc/checks.o
  WRAP    arch/arm64/include/generated/asm/qspinlock.h
  WRAP    arch/arm64/include/generated/asm/parport.h
  WRAP    arch/arm64/include/generated/asm/user.h
  WRAP    arch/arm64/include/generated/asm/delay.h
  WRAP    arch/arm64/include/generated/asm/div64.h
  WRAP    arch/arm64/include/generated/asm/dma-mapping.h
  WRAP    arch/arm64/include/generated/asm/dma.h
  HOSTCC  scripts/dtc/util.o
  WRAP    arch/arm64/include/generated/asm/emergency-restart.h
  LEX     scripts/dtc/dtc-lexer.lex.c
  WRAP    arch/arm64/include/generated/asm/hw_irq.h
  WRAP    arch/arm64/include/generated/asm/irq_regs.h
  WRAP    arch/arm64/include/generated/asm/kdebug.h
  WRAP    arch/arm64/include/generated/asm/kmap_size.h
  WRAP    arch/arm64/include/generated/asm/local.h
  YACC    scripts/dtc/dtc-parser.tab.[ch]
  WRAP    arch/arm64/include/generated/asm/local64.h
  WRAP    arch/arm64/include/generated/asm/mmiowb.h
  WRAP    arch/arm64/include/generated/asm/msi.h
  HOSTCC  scripts/dtc/libfdt/fdt.o
  WRAP    arch/arm64/include/generated/asm/serial.h
  HOSTCC  scripts/dtc/libfdt/fdt_ro.o
  WRAP    arch/arm64/include/generated/asm/softirq_stack.h
  WRAP    arch/arm64/include/generated/asm/switch_to.h
  WRAP    arch/arm64/include/generated/asm/trace_clock.h
  WRAP    arch/arm64/include/generated/asm/unwind_user.h
  WRAP    arch/arm64/include/generated/asm/vga.h
  WRAP    arch/arm64/include/generated/asm/video.h
  SYSTBL  arch/arm64/include/generated/asm/syscall_table_32.h
  HOSTCC  scripts/dtc/libfdt/fdt_wip.o
  SYSTBL  arch/arm64/include/generated/asm/syscall_table_64.h
  SYSHDR  arch/arm64/include/generated/asm/unistd_32.h
  SYSHDR  arch/arm64/include/generated/asm/unistd_compat_32.h
  HOSTCC  scripts/dtc/libfdt/fdt_sw.o
  HOSTCC  scripts/dtc/libfdt/fdt_rw.o
  HOSTCC  scripts/dtc/libfdt/fdt_strerror.o
  HOSTCC  scripts/dtc/libfdt/fdt_empty_tree.o
  HOSTCC  scripts/dtc/libfdt/fdt_addresses.o
  HOSTCC  scripts/dtc/libfdt/fdt_overlay.o
  HOSTCC  scripts/dtc/fdtoverlay.o
  HOSTLD  scripts/dtc/fdtoverlay
  HOSTCC  scripts/dtc/dtc-lexer.lex.o
  HOSTCC  scripts/dtc/dtc-parser.tab.o
  HOSTLD  scripts/dtc/dtc
  HOSTCC  scripts/sorttable.o
  HOSTCC  scripts/elf-parse.o
  HOSTLD  scripts/sorttable
  GEN     arch/arm64/include/generated/asm/kernel-hwcap.h
  GEN     arch/arm64/include/generated/asm/cpucap-defs.h
  GEN     arch/arm64/include/generated/asm/sysreg-defs.h
  CC      scripts/mod/empty.o
  HOSTCC  scripts/mod/mk_elfconfig
  CC      scripts/mod/devicetable-offsets.s
  MKELF   scripts/mod/elfconfig.h
  HOSTCC  scripts/mod/modpost.o
  HOSTCC  scripts/mod/sumversion.o
  HOSTCC  scripts/mod/symsearch.o
  UPD     scripts/mod/devicetable-offsets.h
  HOSTCC  scripts/mod/file2alias.o
  HOSTLD  scripts/mod/modpost
  CC      kernel/bounds.s
  CHKSHA1 /mnt/git-volume/linux-stable-rc/include/linux/atomic/atomic-arch-fallback.h
  CHKSHA1 /mnt/git-volume/linux-stable-rc/include/linux/atomic/atomic-instrumented.h
  UPD     include/generated/timeconst.h
  CHKSHA1 /mnt/git-volume/linux-stable-rc/include/linux/atomic/atomic-long.h
  UPD     include/generated/bounds.h
  CC      arch/arm64/kernel/asm-offsets.s
  UPD     include/generated/asm-offsets.h
  CC      kernel/sched/rq-offsets.s
  UPD     include/generated/rq-offsets.h
  CALL    /mnt/git-volume/linux-stable-rc/scripts/checksyscalls.sh 
  LDS     arch/arm64/kernel/vdso/vdso.lds
  CC      arch/arm64/kernel/vdso/vgettimeofday.o
  AS      arch/arm64/kernel/vdso/note.o
  AS      arch/arm64/kernel/vdso/sigreturn.o
  CC      arch/arm64/kernel/vdso/vgetrandom.o
  AS      arch/arm64/kernel/vdso/vgetrandom-chacha.o
  LD      arch/arm64/kernel/vdso/vdso.so.dbg
  VDSOSYM include/generated/vdso-offsets.h
  OBJCOPY arch/arm64/kernel/vdso/vdso.so
  HOSTCC  usr/gen_init_cpio
  CC      init/main.o
  CC      kernel/sched/core.o
  CC      arch/arm64/kernel/pi/idreg-override.o
  GEN     usr/initramfs_data.cpio
  COPY    usr/initramfs_inc_data
  AS      usr/initramfs_data.o
  AR      usr/built-in.a
  AR      arch/arm64/kernel/probes/built-in.a
  CC      arch/arm64/kernel/debug-monitors.o
  HOSTCC  arch/arm64/kernel/pi/relacheck
  CC      arch/arm64/kernel/pi/map_kernel.o
  AS      arch/arm64/kernel/entry.o
  CC      arch/arm64/kernel/irq.o
  UPD     init/utsversion-tmp.h
  CC      init/do_mounts.o
  CC      arch/arm64/kernel/pi/map_range.o
  CC      kernel/sched/fair.o
  CC      arch/arm64/kernel/fpsimd.o
  CC      arch/arm64/kernel/pi/lib-fdt.o
  CC      arch/arm64/kernel/pi/lib-fdt_ro.o
  OBJCOPY arch/arm64/kernel/pi/idreg-override.pi.o
  OBJCOPY arch/arm64/kernel/pi/map_kernel.pi.o
  OBJCOPY arch/arm64/kernel/pi/map_range.pi.o
  OBJCOPY arch/arm64/kernel/pi/lib-fdt.pi.o
  OBJCOPY arch/arm64/kernel/pi/lib-fdt_ro.pi.o
  AR      arch/arm64/kernel/pi/built-in.a
  CC      arch/arm64/kernel/entry-common.o
  CC      init/do_mounts_initrd.o
  AS      arch/arm64/kernel/entry-fpsimd.o
  CC      arch/arm64/kernel/process.o
  CC      init/initramfs.o
  CC      arch/arm64/kernel/ptrace.o
  CC      kernel/sched/build_policy.o
  CC      arch/arm64/kernel/setup.o
  CC      init/calibrate.o
  CC      arch/arm64/kernel/signal.o
  CC      init/init_task.o
  CC      arch/arm64/kernel/sys.o
  CC      init/version.o
  CC      arch/arm64/kernel/stacktrace.o
  CC      arch/arm64/kernel/time.o
  AR      init/built-in.a
  AR      certs/built-in.a
  CC      mm/filemap.o
  CC      kernel/sched/build_utility.o
  CC      arch/arm64/kernel/traps.o
  CC      arch/arm64/kernel/io.o
  CC      arch/arm64/kernel/vdso.o
  AS      arch/arm64/kernel/hyp-stub.o
  CC      arch/arm64/kernel/psci.o
  CC      mm/mempool.o
  CC      arch/arm64/kernel/cpu_ops.o
  CC      arch/arm64/kernel/return_address.o
  AR      kernel/sched/built-in.a
  CC      kernel/locking/mutex.o
  CC      mm/oom_kill.o
  CC      kernel/locking/semaphore.o
  CC      arch/arm64/kernel/cpuinfo.o
  CC      arch/arm64/kernel/cpu_errata.o
  CC      kernel/locking/rwsem.o
  CC      arch/arm64/kernel/cpufeature.o
  CC      mm/fadvise.o
  CC      arch/arm64/kernel/alternative.o
  CC      kernel/locking/percpu-rwsem.o
  CC      mm/maccess.o
  CC      arch/arm64/kernel/cacheinfo.o
  CC      kernel/locking/spinlock.o
  CC      arch/arm64/kernel/smp.o
  CC      mm/page-writeback.o
  CC      kernel/locking/osq_lock.o
  CC      arch/arm64/kernel/smp_spin_table.o
  CC      kernel/locking/qspinlock.o
  CC      arch/arm64/kernel/topology.o
  AS      arch/arm64/kernel/smccc-call.o
  CC      kernel/locking/rtmutex_api.o
  CC      arch/arm64/kernel/syscall.o
  CC      mm/folio-compat.o
  CC      arch/arm64/kernel/proton-pack.o
  CC      kernel/locking/spinlock_debug.o
  CC      arch/arm64/kernel/idle.o
  CC      mm/readahead.o
  CC      arch/arm64/kernel/patching.o
  CC      kernel/locking/qrwlock.o
  CC      arch/arm64/kernel/rsi.o
  CC      arch/arm64/kernel/jump_label.o
  CC      mm/swap.o
  AR      kernel/locking/built-in.a
  CC      kernel/power/qos.o
  CC      mm/truncate.o
  CC      arch/arm64/kernel/elfcore.o
  AS      arch/arm64/kernel/vdso-wrap.o
  AS      arch/arm64/kernel/head.o
  CC      kernel/power/poweroff.o
  LDS     arch/arm64/kernel/vmlinux.lds
  AR      arch/arm64/kernel/built-in.a
  CC      arch/arm64/mm/dma-mapping.o
  CC      mm/vmscan.o
  AR      kernel/power/built-in.a
  CC      kernel/printk/printk.o
  CC      mm/shrinker.o
  CC      arch/arm64/mm/extable.o
  CC      arch/arm64/mm/fault.o
  CC      arch/arm64/mm/init.o
  CC      mm/shmem.o
  CC      kernel/printk/printk_safe.o
  AS      arch/arm64/mm/cache.o
  CC      arch/arm64/mm/copypage.o
  CC      arch/arm64/mm/flush.o
  CC      mm/util.o
  CC      kernel/printk/nbcon.o
  CC      arch/arm64/mm/ioremap.o
  CC      arch/arm64/mm/mmap.o
  CC      kernel/printk/index.o
  CC      mm/mmzone.o
  CC      arch/arm64/mm/pgd.o
  CC      kernel/printk/printk_ringbuffer.o
  CC      arch/arm64/mm/mem_encrypt.o
  CC      mm/vmstat.o
  CC      kernel/printk/sysctl.o
  CC      arch/arm64/mm/mmu.o
  CC      arch/arm64/mm/context.o
  AR      kernel/printk/built-in.a
  CC      kernel/irq/irqdesc.o
  AS      arch/arm64/mm/proc.o
  CC      arch/arm64/mm/pageattr.o
  CC      mm/backing-dev.o
  CC      kernel/irq/handle.o
  CC      arch/arm64/mm/fixmap.o
  CC      kernel/irq/manage.o
  CC      kernel/irq/spurious.o
  AR      arch/arm64/mm/built-in.a
  AR      arch/arm64/net/built-in.a
  AR      arch/arm64/built-in.a
  CC      mm/mm_init.o
  AR      fs/notify/dnotify/built-in.a
  AR      fs/notify/inotify/built-in.a
  AR      fs/notify/fanotify/built-in.a
  AR      fs/notify/built-in.a
  AR      fs/iomap/built-in.a
  AR      fs/quota/built-in.a
  CC      fs/proc/task_mmu.o
  CC      fs/proc/inode.o
  CC      kernel/irq/resend.o
  CC      mm/percpu.o
  CC      kernel/irq/chip.o
  CC      fs/proc/root.o
  CC      kernel/irq/dummychip.o
  CC      kernel/irq/devres.o
  CC      kernel/irq/kexec.o
  CC      fs/proc/base.o
  CC      mm/slab_common.o
  CC      kernel/irq/generic-chip.o
  CC      kernel/irq/autoprobe.o
  CC      mm/compaction.o
  CC      kernel/irq/irqdomain.o
  CC      fs/proc/generic.o
  CC      kernel/rcu/update.o
  CC      mm/show_mem.o
  CC      fs/proc/array.o
  CC      kernel/rcu/sync.o
  CC      kernel/irq/proc.o
  CC      kernel/rcu/srcutree.o
  CC      mm/interval_tree.o
  CC      kernel/irq/msi.o
  CC      fs/proc/fd.o
  CC      kernel/rcu/tree.o
  CC      mm/list_lru.o
  CC      kernel/irq/ipi.o
  CC      fs/proc/proc_tty.o
  CC      kernel/irq/affinity.o
  CC      mm/workingset.o
  CC      fs/proc/cmdline.o
  AR      kernel/irq/built-in.a
  AR      kernel/livepatch/built-in.a
  AR      kernel/liveupdate/built-in.a
  CC      kernel/dma/mapping.o
  CC      fs/proc/consoles.o
  CC      mm/debug.o
  CC      kernel/rcu/rcu_segcblist.o
  CC      fs/proc/cpuinfo.o
  CC      kernel/dma/direct.o
  CC      mm/gup.o
  AR      kernel/rcu/built-in.a
  CC      kernel/dma/ops_helpers.o
  CC      fs/proc/devices.o
  CC      kernel/dma/coherent.o
  CC      kernel/dma/debug.o
  CC      fs/proc/interrupts.o
  CC      kernel/dma/swiotlb.o
  CC      mm/mmap_lock.o
  CC      fs/proc/loadavg.o
  CC      kernel/dma/pool.o
  CC      mm/vma_init.o
  CC      ipc/util.o
  CC      fs/proc/meminfo.o
  CC      kernel/dma/remap.o
  CC      mm/highmem.o
  CC      fs/proc/stat.o
  CC      ipc/msgutil.o
  AR      kernel/dma/built-in.a
  CC      kernel/entry/common.o
  CC      fs/proc/uptime.o
  CC      mm/memory.o
  CC      ipc/msg.o
  AR      kernel/entry/built-in.a
  AR      kernel/unwind/built-in.a
  CC      kernel/time/time.o
  CC      fs/proc/util.o
  CC      kernel/time/timer.o
  CC      ipc/sem.o
  CC      fs/proc/version.o
  CC      fs/proc/softirqs.o
  CC      kernel/time/hrtimer.o
  CC      mm/mincore.o
  CC      ipc/shm.o
  CC      fs/proc/namespaces.o
  CC      mm/mlock.o
  CC      fs/proc/self.o
  CC      kernel/time/sleep_timeout.o
  CC      ipc/syscall.o
  CC      fs/proc/thread_self.o
  CC      kernel/time/timekeeping.o
  CC      mm/mmap.o
  CC      ipc/ipc_sysctl.o
  CC      fs/proc/proc_sysctl.o
  AR      ipc/built-in.a
  CC      security/commoncap.o
  CC      kernel/time/ntp.o
  CC      mm/mmu_gather.o
  CC      security/min_addr.o
  CC      fs/proc/proc_net.o
  CC      kernel/time/clocksource.o
  CC      mm/mprotect.o
  CC      security/device_cgroup.o
  CC      kernel/time/jiffies.o
  CC      fs/proc/kmsg.o
  CC      kernel/time/timer_list.o
  CC      fs/proc/page.o
  CC      mm/mremap.o
  AR      security/built-in.a
  AR      crypto/built-in.a
  AS      arch/arm64/lib/clear_page.o
  AS      arch/arm64/lib/clear_user.o
  AS      arch/arm64/lib/copy_from_user.o
  AS      arch/arm64/lib/copy_page.o
  AS      arch/arm64/lib/copy_to_user.o
  CC      arch/arm64/lib/csum.o
  CC      kernel/time/timeconv.o
  AR      fs/proc/built-in.a
  CC      fs/kernfs/mount.o
  CC      arch/arm64/lib/delay.o
  CC      mm/msync.o
  CC      kernel/time/timecounter.o
  CC      kernel/time/alarmtimer.o
  CC      arch/arm64/lib/insn.o
  CC      fs/kernfs/inode.o
  AS      arch/arm64/lib/memchr.o
  CC      kernel/time/posix-stubs.o
  AS      arch/arm64/lib/memcmp.o
  CC      mm/page_vma_mapped.o
  AS      arch/arm64/lib/memcpy.o
  AS      arch/arm64/lib/memset.o
  AS      arch/arm64/lib/strchr.o
  AS      arch/arm64/lib/strcmp.o
  AS      arch/arm64/lib/strlen.o
  AS      arch/arm64/lib/strncmp.o
  AS      arch/arm64/lib/strnlen.o
  AS      arch/arm64/lib/strrchr.o
  AS      arch/arm64/lib/tishift.o
  AR      arch/arm64/lib/built-in.a
  AR      arch/arm64/lib/lib.a
  AR      lib/kunit/built-in.a
  AR      lib/math/tests/built-in.a
  CC      lib/math/div64.o
  CC      fs/kernfs/dir.o
  CC      kernel/time/clockevents.o
  CC      lib/math/gcd.o
  CC      mm/pagewalk.o
  CC      lib/math/lcm.o
  CC      lib/math/int_log.o
  CC      lib/math/int_pow.o
  CC      lib/math/int_sqrt.o
  CC      lib/math/reciprocal_div.o
  CC      lib/math/rational.o
  CC      kernel/time/tick-common.o
  CC      mm/pgtable-generic.o
  CC      fs/kernfs/file.o
  AR      lib/math/built-in.a
  AR      lib/crc/tests/built-in.a
  HOSTCC  lib/crc/gen_crc32table
  GEN     lib/crc/crc32table.h
  CC      lib/crc/crc32-main.o
  CC      kernel/time/tick-broadcast.o
  AR      lib/crc/built-in.a
  CC      lib/crypto/blake2s.o
  CC      mm/rmap.o
  CC      fs/kernfs/symlink.o
  CC      kernel/time/sched_clock.o
  CC      lib/crypto/chacha-block-generic.o
  CC      lib/crypto/sha1.o
  CC      kernel/time/vsyscall.o
  AR      fs/kernfs/built-in.a
  CC      fs/configfs/inode.o
  CC      kernel/time/timekeeping_debug.o
  CC      mm/vmalloc.o
  AS      lib/crypto/arm64/sha1-ce-core.o
  CC      lib/crypto/sha256.o
  CC      fs/configfs/file.o
  AR      kernel/time/built-in.a
  CC      kernel/futex/core.o
  AS      lib/crypto/arm64/sha256-ce.o
  PERLASM lib/crypto/arm64/sha256-core.S
  AS      lib/crypto/arm64/sha256-core.o
  AR      lib/crypto/built-in.a
  AR      lib/tests/built-in.a
  CC      lib/vdso/datastore.o
  CC      fs/configfs/dir.o
  AR      lib/vdso/built-in.a
  AR      lib/raid/xor/tests/built-in.a
  AR      lib/raid/xor/built-in.a
  AR      lib/raid/built-in.a
  CC      lib/zlib_inflate/inffast.o
  CC      kernel/futex/syscalls.o
  CC      lib/zlib_inflate/inflate.o
  CC      fs/configfs/symlink.o
  CC      mm/vma.o
  CC      lib/zlib_inflate/infutil.o
  CC      fs/configfs/mount.o
  CC      lib/zlib_inflate/inftrees.o
  CC      kernel/futex/pi.o
  CC      lib/zlib_inflate/inflate_syms.o
  AR      lib/zlib_inflate/built-in.a
  CC      lib/lzo/lzo1x_decompress_safe.o
  CC      fs/configfs/item.o
  CC      kernel/futex/requeue.o
  CC      mm/vma_exec.o
  AR      lib/lzo/built-in.a
  CC      lib/lz4/lz4_decompress.o
  AR      fs/configfs/built-in.a
  CC      fs/devpts/inode.o
  CC      kernel/futex/waitwake.o
  CC      mm/mseal.o
  AR      kernel/futex/built-in.a
  CC      kernel/cgroup/cgroup.o
  AR      fs/devpts/built-in.a
  CC      fs/ramfs/inode.o
  AR      lib/lz4/built-in.a
  CC      lib/zstd/zstd_decompress_module.o
  CC      mm/page_alloc.o
  CC      lib/zstd/decompress/huf_decompress.o
  CC      lib/zstd/decompress/zstd_ddict.o
  CC      lib/zstd/decompress/zstd_decompress.o
  CC      lib/zstd/decompress/zstd_decompress_block.o
  CC      fs/ramfs/file-mmu.o
  CC      lib/zstd/zstd_common_module.o
  CC      lib/zstd/common/debug.o
  CC      lib/zstd/common/entropy_common.o
  CC      lib/zstd/common/error_private.o
  CC      lib/zstd/common/fse_decompress.o
  CC      lib/zstd/common/zstd_common.o
  AR      lib/zstd/built-in.a
  CC      lib/xz/xz_dec_syms.o
  AR      fs/ramfs/built-in.a
  AR      fs/unicode/built-in.a
  AR      fs/hostfs/built-in.a
  CC      fs/debugfs/inode.o
  CC      kernel/cgroup/rstat.o
  CC      lib/xz/xz_dec_stream.o
  CC      mm/page_frag_cache.o
  CC      fs/debugfs/file.o
  CC      lib/xz/xz_dec_lzma2.o
  CC      kernel/cgroup/namespace.o
  CC      mm/init-mm.o
  CC      lib/xz/xz_dec_bcj.o
  AR      fs/debugfs/built-in.a
  CC      fs/open.o
  CC      kernel/cgroup/cgroup-v1.o
  AR      lib/xz/built-in.a
  CC      lib/dim/dim.o
  CC      mm/memblock.o
  CC      lib/dim/net_dim.o
  CC      fs/read_write.o
  CC      kernel/cgroup/freezer.o
  CC      mm/slub.o
  CC      lib/dim/rdma_dim.o
  AR      kernel/cgroup/built-in.a
  CC      kernel/bpf/core.o
  AR      lib/dim/built-in.a
  TEST    lib/test_fortify/read_overflow-memchr.log
  CC      fs/file_table.o
  TEST    lib/test_fortify/read_overflow-memchr_inv.log
  TEST    lib/test_fortify/read_overflow-memcmp.log
  CC      mm/dmapool.o
  CC      fs/super.o
  TEST    lib/test_fortify/read_overflow-memscan.log
  AR      kernel/bpf/built-in.a
  CC      kernel/fork.o
  CC      mm/sparse.o
  TEST    lib/test_fortify/read_overflow2-memcmp.log
  CC      fs/char_dev.o
  TEST    lib/test_fortify/read_overflow2-memcpy.log
  CC      mm/sparse-vmemmap.o
  TEST    lib/test_fortify/read_overflow2-memmove.log
  CC      fs/stat.o
  TEST    lib/test_fortify/read_overflow2_field-memcpy.log
  CC      kernel/exec_domain.o
  CC      mm/memtest.o
  TEST    lib/test_fortify/read_overflow2_field-memmove.log
  CC      fs/exec.o
  CC      kernel/panic.o
  TEST    lib/test_fortify/write_overflow-memcpy.log
  CC      mm/migrate.o
  TEST    lib/test_fortify/write_overflow-memmove.log
  TEST    lib/test_fortify/write_overflow-memset.log
  CC      kernel/cpu.o
  CC      fs/pipe.o
  TEST    lib/test_fortify/write_overflow-strcpy-lit.log
  CC      mm/page_isolation.o
  TEST    lib/test_fortify/write_overflow-strcpy.log
  TEST    lib/test_fortify/write_overflow-strncpy-src.log
  CC      fs/namei.o
  CC      kernel/exit.o
  CC      mm/early_ioremap.o
  TEST    lib/test_fortify/write_overflow-strncpy.log
  TEST    lib/test_fortify/write_overflow-strscpy.log
  CC      mm/cma.o
  TEST    lib/test_fortify/write_overflow_field-memcpy.log
  TEST    lib/test_fortify/write_overflow_field-memmove.log
  CC      kernel/softirq.o
  TEST    lib/test_fortify/write_overflow_field-memset.log
  CC      mm/page_reporting.o
  CC      fs/fcntl.o
  CAT     lib/test_fortify/test_fortify.log
  CC      lib/argv_split.o
  CC      kernel/resource.o
  CC      lib/buildid.o
  CC      mm/ioremap.o
  CC      fs/ioctl.o
  CC      lib/cmdline.o
  CC      kernel/sysctl.o
  CC      lib/cpumask.o
  AR      mm/built-in.a
  AR      drivers/cache/built-in.a
  CC      drivers/irqchip/irqchip.o
  CC      fs/readdir.o
  CC      lib/ctype.o
  CC      lib/dec_and_lock.o
  CC      drivers/irqchip/irq-mmp.o
  CC      kernel/capability.o
  CC      lib/decompress.o
  CC      lib/decompress_bunzip2.o
  CC      drivers/irqchip/irq-gic.o
  CC      fs/select.o
  CC      kernel/ptrace.o
  CC      lib/decompress_inflate.o
  CC      lib/decompress_unlz4.o
  CC      drivers/irqchip/irq-gic-common.o
  CC      lib/decompress_unlzma.o
  CC      fs/dcache.o
  CC      drivers/irqchip/irq-msi-lib.o
  CC      kernel/user.o
  CC      lib/decompress_unlzo.o
  CC      drivers/irqchip/irq-gic-v3.o
  CC      kernel/signal.o
  CC      lib/decompress_unxz.o
  CC      fs/inode.o
  CC      lib/decompress_unzstd.o
  CC      drivers/irqchip/irq-gic-v3-mbi.o
  CC      lib/dump_stack.o
  CC      kernel/sys.o
  CC      fs/attr.o
  CC      drivers/irqchip/irq-gic-its-msi-parent.o
  CC      lib/earlycpio.o
  CC      lib/extable.o
  CC      fs/bad_inode.o
  CC      drivers/irqchip/irq-gic-v3-its.o
  CC      lib/fdt.o
  CC      kernel/umh.o
  CC      lib/fdt_addresses.o
  CC      lib/fdt_empty_tree.o
  CC      lib/fdt_ro.o
  CC      fs/file.o
  CC      lib/fdt_rw.o
  CC      lib/fdt_strerror.o
  CC      lib/fdt_sw.o
  CC      kernel/workqueue.o
  CC      lib/fdt_wip.o
  CC      lib/flex_proportions.o
  CC      lib/idr.o
  CC      fs/filesystems.o
  CC      drivers/irqchip/irq-gic-v4.o
  CC      lib/iomem_copy.o
  CC      lib/irq_regs.o
  CC      fs/namespace.o
  CC      drivers/irqchip/irq-gic-v5.o
  CC      lib/is_single_threaded.o
  CC      kernel/pid.o
  CC      lib/klist.o
  CC      lib/kobject.o
  CC      drivers/irqchip/irq-gic-v5-irs.o
  CC      kernel/task_work.o
  CC      lib/kobject_uevent.o
  CC      fs/seq_file.o
  CC      drivers/irqchip/irq-gic-v5-its.o
  CC      kernel/extable.o
  CC      lib/logic_pio.o
  CC      fs/xattr.o
  CC      drivers/irqchip/irq-gic-v5-iwb.o
  CC      lib/maple_tree.o
  CC      kernel/params.o
  CC      drivers/irqchip/irq-stm32mp-exti.o
  CC      fs/libfs.o
  CC      kernel/kthread.o
  AR      drivers/irqchip/built-in.a
  AR      drivers/bus/mhi/built-in.a
  CC      drivers/bus/stm32_firewall.o
  CC      lib/memcat_p.o
  CC      fs/fs-writeback.o
  CC      kernel/sys_ni.o
  CC      drivers/bus/stm32_rifsc.o
  CC      lib/nmi_backtrace.o
  CC      kernel/nsproxy.o
  CC      drivers/bus/stm32_etzpc.o
  CC      lib/objpool.o
  CC      fs/pnode.o
  CC      kernel/nstree.o
  CC      lib/plist.o
  CC      lib/radix-tree.o
  CC      drivers/bus/simple-pm-bus.o
  CC      fs/splice.o
  AR      drivers/bus/built-in.a
  AR      drivers/phy/allwinner/built-in.a
  AR      drivers/phy/amlogic/built-in.a
  AR      drivers/phy/apple/built-in.a
  AR      drivers/phy/broadcom/built-in.a
  AR      drivers/phy/cadence/built-in.a
  AR      drivers/phy/canaan/built-in.a
  AR      drivers/phy/eswin/built-in.a
  AR      drivers/phy/freescale/built-in.a
  AR      drivers/phy/hisilicon/built-in.a
  AR      drivers/phy/ingenic/built-in.a
  AR      drivers/phy/intel/built-in.a
  AR      drivers/phy/lantiq/built-in.a
  AR      drivers/phy/marvell/built-in.a
  AR      drivers/phy/mediatek/built-in.a
  AR      drivers/phy/microchip/built-in.a
  AR      drivers/phy/motorola/built-in.a
  CC      drivers/phy/mscc/phy-ocelot-serdes.o
  CC      kernel/nscommon.o
  CC      lib/ratelimit.o
  CC      lib/rbtree.o
  CC      kernel/notifier.o
  CC      fs/sync.o
  CC      lib/seq_buf.o
  AR      drivers/phy/mscc/built-in.a
  AR      drivers/phy/nuvoton/built-in.a
  AR      drivers/phy/qualcomm/built-in.a
  AR      drivers/phy/ralink/built-in.a
  AR      drivers/phy/realtek/built-in.a
  AR      drivers/phy/renesas/built-in.a
  AR      drivers/phy/rockchip/built-in.a
  AR      drivers/phy/samsung/built-in.a
  AR      drivers/phy/socionext/built-in.a
  AR      drivers/phy/sophgo/built-in.a
  AR      drivers/phy/spacemit/built-in.a
  AR      drivers/phy/st/built-in.a
  AR      drivers/phy/starfive/built-in.a
  AR      drivers/phy/sunplus/built-in.a
  AR      drivers/phy/tegra/built-in.a
  AR      drivers/phy/ti/built-in.a
  AR      drivers/phy/xilinx/built-in.a
  CC      drivers/phy/phy-core.o
  CC      lib/siphash.o
  CC      kernel/ksysfs.o
  CC      fs/utimes.o
  CC      lib/string.o
  CC      kernel/cred.o
  AR      drivers/phy/built-in.a
  AR      drivers/pinctrl/actions/built-in.a
  AR      drivers/pinctrl/bcm/built-in.a
  AR      drivers/pinctrl/cirrus/built-in.a
  AR      drivers/pinctrl/cix/built-in.a
  AR      drivers/pinctrl/freescale/built-in.a
  AR      drivers/pinctrl/mediatek/built-in.a
  AR      drivers/pinctrl/microchip/built-in.a
  AR      drivers/pinctrl/mvebu/built-in.a
  AR      drivers/pinctrl/nomadik/built-in.a
  AR      drivers/pinctrl/nuvoton/built-in.a
  AR      drivers/pinctrl/nxp/built-in.a
  AR      drivers/pinctrl/qcom/built-in.a
  AR      drivers/pinctrl/sophgo/built-in.a
  AR      drivers/pinctrl/spacemit/built-in.a
  AR      drivers/pinctrl/sprd/built-in.a
  AR      drivers/pinctrl/starfive/built-in.a
  CC      drivers/pinctrl/stm32/pinctrl-stm32.o
  CC      lib/sys_info.o
  CC      fs/d_path.o
  CC      lib/timerqueue.o
  CC      kernel/reboot.o
  CC      lib/vsprintf.o
  CC      drivers/pinctrl/stm32/pinctrl-stm32mp257.o
  CC      fs/stack.o
  CC      kernel/async.o
  CC      drivers/pinctrl/stm32/pinctrl-stm32-hdp.o
  CC      fs/fs_struct.o
  CC      kernel/range.o
  CC      kernel/smpboot.o
  AR      drivers/pinctrl/stm32/built-in.a
  AR      drivers/pinctrl/sunplus/built-in.a
  AR      drivers/pinctrl/ti/built-in.a
  CC      drivers/pinctrl/core.o
  CC      lib/win_minmax.o
  CC      fs/statfs.o
  CC      kernel/ucount.o
  CC      lib/xarray.o
  CC      drivers/pinctrl/pinctrl-utils.o
  CC      kernel/regset.o
  CC      fs/fs_pin.o
  CC      kernel/ksyms_common.o
  CC      lib/lockref.o
  CC      drivers/pinctrl/pinmux.o
  CC      lib/bcd.o
  CC      lib/sort.o
  CC      fs/nsfs.o
  CC      lib/parser.o
  CC      drivers/pinctrl/pinconf.o
  CC      kernel/smp.o
  CC      lib/debug_locks.o
  CC      drivers/pinctrl/pinconf-generic.o
  CC      lib/random32.o
  CC      fs/fs_dirent.o
  CC      kernel/stop_machine.o
  CC      fs/fs_context.o
  CC      lib/bust_spinlocks.o
  CC      drivers/pinctrl/devicetree.o
  CC      kernel/utsname_sysctl.o
  CC      lib/kasprintf.o
  CC      drivers/pinctrl/pinctrl-single.o
  CC      kernel/irq_work.o
  CC      fs/fs_parser.o
  CC      lib/bitmap.o
  CC      drivers/pinctrl/pinctrl-zynqmp.o
  CC      kernel/jump_label.o
  CC      lib/scatterlist.o
  CC      fs/fsopen.o
  CC      kernel/context_tracking.o
  AR      drivers/pinctrl/built-in.a
  CC      drivers/gpio/gpiolib.o
  CC      lib/list_sort.o
  CC      fs/init.o
  CC      lib/uuid.o
  CC      lib/iov_iter.o
  CC      kernel/iomem.o
  AR      kernel/built-in.a
  CC      fs/kernel_read_file.o
  CC      drivers/gpio/gpiolib-devres.o
  CC      drivers/gpio/gpiolib-legacy.o
  CC      lib/clz_ctz.o
  CC      drivers/gpio/gpiolib-of.o
  CC      lib/bsearch.o
  CC      fs/mnt_idmapping.o
  CC      drivers/gpio/gpiolib-cdev.o
  CC      fs/remap_range.o
  CC      lib/find_bit.o
  CC      lib/llist.o
  CC      lib/lwq.o
  CC      lib/memweight.o
  CC      lib/kfifo.o
  CC      lib/percpu-refcount.o
  CC      drivers/gpio/gpiolib-swnode.o
  CC      fs/pidfs.o
  CC      lib/rhashtable.o
  CC      lib/base64.o
  CC      lib/once.o
  CC      drivers/gpio/gpio-mmio.o
  CC      lib/refcount.o
  CC      lib/rcuref.o
  CC      fs/file_attr.o
  CC      lib/usercopy.o
  CC      drivers/gpio/gpio-aggregator.o
  CC      lib/errseq.o
  CC      lib/bucket_locks.o
  CC      lib/generic-radix-tree.o
  CC      fs/fserror.o
  CC      lib/bitmap-str.o
  CC      drivers/gpio/gpio-dwapb.o
  CC      lib/string_helpers.o
  CC      lib/hexdump.o
  CC      fs/nullfs.o
  CC      lib/kstrtox.o
  CC      drivers/gpio/gpio-hlwd.o
  CC      lib/iomap_copy.o
  CC      lib/devres.o
  CC      lib/cache_maint.o
  CC      fs/proc_namespace.o
  CC      drivers/gpio/gpio-line-mux.o
  CC      lib/hweight.o
  CC      lib/interval_tree.o
  CC      lib/debugobjects.o
  CC      drivers/gpio/gpio-mb86s7x.o
  CC      lib/bitrev.o
  CC      lib/linear_ranges.o
  CC      fs/anon_inodes.o
  CC      lib/xxhash.o
  CC      drivers/gpio/gpio-syscon.o
  CC      drivers/gpio/gpio-xilinx.o
  CC      fs/binfmt_script.o
  CC      lib/genalloc.o
  CC      lib/percpu_counter.o
  CC      drivers/gpio/gpio-zynqmp-modepin.o
  CC      fs/binfmt_elf.o
  CC      lib/notifier-error-inject.o
  CC      lib/of-reconfig-notifier-error-inject.o
  AR      drivers/gpio/built-in.a
  AR      drivers/pwm/built-in.a
  AR      drivers/leds/blink/built-in.a
  AR      drivers/leds/simatic/built-in.a
  CC      drivers/leds/led-core.o
  CC      lib/syscall.o
  CC      lib/nlattr.o
  CC      fs/coredump.o
  AR      drivers/leds/built-in.a
  AR      drivers/pci/controller/dwc/built-in.a
  AR      drivers/pci/controller/mobiveil/built-in.a
  AR      drivers/pci/controller/plda/built-in.a
  AR      drivers/pci/controller/built-in.a
  AR      drivers/pci/switch/built-in.a
  CC      drivers/pci/of.o
  CC      lib/checksum.o
  CC      lib/strncpy_from_user.o
  CC      lib/strnlen_user.o
  AR      drivers/pci/built-in.a
  CC      drivers/video/console/dummycon.o
  CC      fs/drop_caches.o
  AR      drivers/video/backlight/built-in.a
  CC      lib/net_utils.o
  CC      lib/group_cpus.o
  AR      drivers/video/console/built-in.a
  AR      drivers/video/fbdev/core/built-in.a
  AR      drivers/video/fbdev/omap/built-in.a
  AR      drivers/video/fbdev/omap2/omapfb/dss/built-in.a
  AR      drivers/video/fbdev/omap2/omapfb/displays/built-in.a
  AR      drivers/video/fbdev/omap2/omapfb/built-in.a
  AR      drivers/video/fbdev/omap2/built-in.a
  AR      drivers/video/fbdev/built-in.a
  AR      drivers/video/built-in.a
  AR      drivers/idle/built-in.a
  AR      drivers/char/ipmi/built-in.a
  CC      drivers/amba/bus.o
  CC      fs/sysctls.o
  CC      lib/devmem_is_allowed.o
  AR      lib/lib.a
  AR      drivers/clk/actions/built-in.a
  AR      drivers/clk/analogbits/built-in.a
  AR      drivers/clk/aspeed/built-in.a
  AR      drivers/clk/bcm/built-in.a
  AR      drivers/clk/imgtec/built-in.a
  AR      drivers/clk/imx/built-in.a
  AR      drivers/clk/ingenic/built-in.a
  AR      drivers/clk/keystone/built-in.a
  AR      drivers/clk/mediatek/built-in.a
  AR      drivers/clk/microchip/built-in.a
  CC      drivers/clk/mmp/clk-apbc.o
  AR      fs/built-in.a
  AR      sound/built-in.a
  CC      net/core/sock.o
  AR      drivers/amba/built-in.a
  AR      drivers/soc/apple/built-in.a
  AR      drivers/soc/aspeed/built-in.a
  AR      drivers/soc/bcm/built-in.a
  AR      drivers/soc/fsl/built-in.a
  AR      drivers/soc/fujitsu/built-in.a
  AR      drivers/soc/hisilicon/built-in.a
  AR      drivers/soc/imx/built-in.a
  AR      drivers/soc/ixp4xx/built-in.a
  AR      drivers/soc/loongson/built-in.a
  AR      drivers/soc/mediatek/built-in.a
  AR      drivers/soc/microchip/built-in.a
  AR      drivers/soc/nuvoton/built-in.a
  CC      drivers/soc/pxa/mfp.o
  AR      lib/built-in.a
  AR      drivers/soc/amlogic/built-in.a
  AR      drivers/soc/qcom/built-in.a
  AR      drivers/soc/renesas/built-in.a
  AR      drivers/soc/rockchip/built-in.a
  AR      drivers/soc/sophgo/built-in.a
  AR      drivers/soc/sunxi/built-in.a
  AR      drivers/soc/ti/built-in.a
  AR      drivers/soc/versatile/built-in.a
  AR      drivers/soc/vt8500/built-in.a
  AR      virt/lib/built-in.a
  AR      virt/built-in.a
  CC      drivers/soc/xilinx/xlnx_event_manager.o
  CC      drivers/clk/mmp/clk-apmu.o
  AR      drivers/soc/pxa/built-in.a
  CC      drivers/clk/mmp/clk-frac.o
  AR      drivers/virtio/built-in.a
  CC      drivers/regulator/core.o
  AR      drivers/soc/xilinx/built-in.a
  AR      drivers/soc/built-in.a
  AR      drivers/reset/amlogic/built-in.a
  AR      drivers/reset/hisilicon/built-in.a
  AR      drivers/reset/spacemit/built-in.a
  AR      drivers/reset/starfive/built-in.a
  AR      drivers/reset/sti/built-in.a
  AR      drivers/reset/tegra/built-in.a
  CC      drivers/reset/core.o
  CC      drivers/clk/mmp/clk-mix.o
  CC      net/core/skbuff.o
  CC      drivers/reset/reset-ma35d1.o
  CC      drivers/clk/mmp/clk-gate.o
  CC      drivers/reset/reset-scmi.o
  CC      drivers/regulator/dummy.o
  CC      drivers/clk/mmp/clk.o
  CC      drivers/reset/reset-simple.o
  CC      drivers/clk/mmp/reset.o
  CC      drivers/regulator/fixed-helper.o
  CC      drivers/reset/reset-tps380x.o
  CC      drivers/clk/mmp/clk-pxa1908-apbc.o
  CC      drivers/regulator/helpers.o
  CC      drivers/reset/reset-zynqmp.o
  CC      net/core/datagram.o
  CC      drivers/clk/mmp/clk-pxa1908-apbcp.o
  AR      drivers/reset/built-in.a
  CC      drivers/tty/vt/vt_ioctl.o
  CC      drivers/clk/mmp/clk-pxa1908-mpmu.o
  CC      drivers/regulator/devres.o
  CC      drivers/clk/mmp/clk-pxa1908-apmu.o
  CC      drivers/tty/vt/vc_screen.o
  CC      net/core/stream.o
  CC      drivers/regulator/irq_helpers.o
  CC      drivers/clk/mmp/clk-of-pxa1928.o
  CC      drivers/tty/vt/selection.o
  AR      drivers/clk/mmp/built-in.a
  AR      drivers/clk/mstar/built-in.a
  AR      drivers/clk/mvebu/built-in.a
  CC      drivers/clk/nuvoton/clk-ma35d1.o
  CC      drivers/regulator/of_regulator.o
  CC      net/core/scm.o
  CC      drivers/tty/vt/keyboard.o
  CC      drivers/clk/nuvoton/clk-ma35d1-divider.o
  CC      drivers/regulator/88pg86x.o
  CC      net/core/gen_stats.o
  CC      drivers/clk/nuvoton/clk-ma35d1-pll.o
  CC      drivers/regulator/scmi-regulator.o
  CC      drivers/tty/vt/vt.o
  AR      drivers/clk/nuvoton/built-in.a
  AR      drivers/clk/ralink/built-in.a
  AR      drivers/clk/renesas/built-in.a
  CC      drivers/clk/socfpga/clk-s10.o
  CC      net/core/gen_estimator.o
  CC      drivers/regulator/atc260x-regulator.o
  CC      drivers/clk/socfpga/clk-pll-s10.o
  CC      net/core/net_namespace.o
  CC      drivers/clk/socfpga/clk-periph-s10.o
  COPY    drivers/tty/vt/defkeymap.c
  CC      drivers/tty/vt/consolemap.o
  CC      drivers/regulator/aw37503-regulator.o
  CC      drivers/clk/socfpga/clk-gate-s10.o
  HOSTCC  drivers/tty/vt/conmakehash
  CC      drivers/regulator/isl6271a-regulator.o
  COPY    drivers/tty/vt/ucs_width_table.h
  COPY    drivers/tty/vt/ucs_recompose_table.h
  COPY    drivers/tty/vt/ucs_fallback_table.h
  CC      drivers/tty/vt/defkeymap.o
  CC      drivers/clk/socfpga/clk-agilex.o
  CC      net/core/secure_seq.o
  CONMK   drivers/tty/vt/consolemap_deftbl.c
  CC      drivers/tty/vt/ucs.o
  CC      drivers/tty/vt/consolemap_deftbl.o
  AR      drivers/tty/vt/built-in.a
  AR      drivers/tty/serial/8250/built-in.a
  CC      drivers/tty/serial/serial_core.o
  CC      drivers/clk/socfpga/clk-agilex5.o
  CC      drivers/regulator/lm363x-regulator.o
  AR      drivers/clk/socfpga/built-in.a
  AR      drivers/clk/sophgo/built-in.a
  AR      drivers/clk/spacemit/built-in.a
  AR      drivers/clk/sprd/built-in.a
  CC      drivers/clk/stm32/clk-stm32mp21.o
  CC      net/core/flow_dissector.o
  CC      drivers/regulator/max8660.o
  CC      drivers/clk/stm32/clk-stm32-core.o
  CC      drivers/tty/serial/serial_base_bus.o
  CC      drivers/regulator/max20411-regulator.o
  CC      drivers/tty/serial/serial_ctrl.o
  CC      drivers/clk/stm32/reset-stm32.o
  CC      net/core/sysctl_net_core.o
  CC      drivers/regulator/mc13783-regulator.o
  CC      drivers/tty/serial/serial_port.o
  CC      drivers/clk/stm32/clk-stm32mp25.o
  CC      drivers/tty/serial/earlycon.o
  AR      drivers/clk/stm32/built-in.a
  AR      drivers/clk/starfive/built-in.a
  AR      drivers/clk/sunxi-ng/built-in.a
  AR      drivers/clk/tenstorrent/built-in.a
  AR      drivers/clk/ti/built-in.a
  AR      drivers/clk/versatile/built-in.a
  AR      drivers/clk/xilinx/built-in.a
  CC      drivers/clk/zynqmp/pll.o
  CC      drivers/regulator/mc13xxx-regulator-core.o
  CC      net/core/dev.o
  CC      drivers/clk/zynqmp/clk-gate-zynqmp.o
  CC      drivers/tty/serial/amba-pl011.o
  CC      drivers/regulator/rt5759-regulator.o
  CC      drivers/clk/zynqmp/divider.o
  CC      drivers/clk/zynqmp/clk-mux-zynqmp.o
  CC      drivers/regulator/rt6160-regulator.o
  CC      drivers/clk/zynqmp/clkc.o
  AR      drivers/tty/serial/built-in.a
  AR      drivers/tty/ipwireless/built-in.a
  CC      drivers/tty/tty_io.o
  CC      drivers/regulator/rt6190-regulator.o
  AR      drivers/clk/zynqmp/built-in.a
  CC      drivers/clk/clk-devres.o
  CC      drivers/tty/n_tty.o
  CC      drivers/clk/clk-bulk.o
  CC      drivers/regulator/rt6245-regulator.o
  CC      net/core/dev_api.o
  CC      drivers/clk/clkdev.o
  CC      drivers/tty/tty_ioctl.o
  CC      drivers/regulator/s2mpa01.o
  CC      drivers/clk/clk.o
  CC      net/core/dev_addr_lists.o
  AR      drivers/regulator/built-in.a
  AR      drivers/char/agp/built-in.a
  CC      drivers/char/mem.o
  CC      drivers/tty/tty_ldisc.o
  CC      drivers/clk/clk-divider.o
  CC      net/core/dst.o
  CC      drivers/char/random.o
  CC      drivers/tty/tty_buffer.o
  CC      drivers/clk/clk-fixed-factor.o
  CC      drivers/tty/tty_port.o
  CC      net/core/netevent.o
  CC      drivers/clk/clk-fixed-rate.o
  CC      drivers/char/misc.o
  CC      drivers/tty/tty_mutex.o
  CC      drivers/clk/clk-gate.o
  AR      drivers/char/built-in.a
  CC      drivers/tty/tty_ldsem.o
  CC      net/core/neighbour.o
  CC      drivers/tty/tty_baudrate.o
  CC      drivers/clk/clk-multiplier.o
  CC      drivers/tty/tty_jobctrl.o
  CC      drivers/tty/n_null.o
  CC      drivers/clk/clk-mux.o
  CC      drivers/tty/pty.o
  CC      drivers/tty/sysrq.o
  CC      drivers/clk/clk-composite.o
  CC      drivers/clk/clk-fractional-divider.o
  CC      net/core/rtnetlink.o
  CC      drivers/clk/clk-gpio.o
  AR      drivers/tty/built-in.a
  CC      net/ethernet/eth.o
  CC      drivers/clk/clk-conf.o
  AR      net/802/built-in.a
  CC      drivers/clk/clk-axi-clkgen.o
  CC      drivers/clk/clk-scmi.o
  CC      drivers/clk/clk-si514.o
  AR      net/ethernet/built-in.a
  CC      net/sched/sch_generic.o
  CC      drivers/clk/clk-xgene.o
  CC      net/sched/sch_mq.o
  AR      drivers/clk/built-in.a
  AR      drivers/iommu/arm/arm-smmu/built-in.a
  AR      drivers/iommu/arm/arm-smmu-v3/built-in.a
  AR      drivers/iommu/arm/built-in.a
  CC      net/core/utils.o
  CC      drivers/iommu/iommufd/device.o
  CC      net/sched/sch_frag.o
  CC      drivers/iommu/iommufd/eventq.o
  CC      drivers/iommu/iommufd/hw_pagetable.o
  CC      net/core/link_watch.o
  AR      net/sched/built-in.a
  CC      net/netlink/af_netlink.o
  CC      drivers/iommu/iommufd/io_pagetable.o
  CC      net/core/filter.o
  CC      net/netlink/genetlink.o
  CC      drivers/iommu/iommufd/ioas.o
  CC      net/netlink/policy.o
  CC      drivers/iommu/iommufd/main.o
  CC      drivers/iommu/iommufd/pages.o
  CC      drivers/iommu/iommufd/vfio_compat.o
  AR      net/netlink/built-in.a
  CC      drivers/iommu/iommufd/viommu.o
  CC      drivers/iommu/iommufd/driver.o
  AR      net/bpf/built-in.a
  CC      net/ethtool/ioctl.o
  CC      net/ethtool/common.o
  AR      drivers/iommu/iommufd/built-in.a
  CC      drivers/iommu/iommu.o
  CC      net/core/sock_diag.o
  CC      net/ethtool/netlink.o
  CC      drivers/iommu/iommu-pages.o
  CC      net/ethtool/bitset.o
  CC      net/core/dev_ioctl.o
  CC      net/ethtool/strset.o
  CC      drivers/iommu/iommu-traces.o
  CC      net/ethtool/linkinfo.o
  CC      drivers/iommu/iommu-sysfs.o
  CC      net/core/tso.o
  CC      net/ethtool/linkmodes.o
  CC      drivers/iommu/dma-iommu.o
  CC      net/ethtool/rss.o
  CC      net/ethtool/linkstate.o
  CC      net/core/sock_reuseport.o
  CC      drivers/iommu/iova.o
  CC      net/ethtool/debug.o
  CC      net/ethtool/wol.o
  CC      net/core/fib_notifier.o
  CC      drivers/iommu/of_iommu.o
  CC      net/ethtool/features.o
  CC      net/ethtool/privflags.o
  AR      drivers/iommu/built-in.a
  AR      drivers/gpu/host1x/built-in.a
  AR      drivers/gpu/drm/tests/built-in.a
  AR      drivers/gpu/drm/arm/built-in.a
  AR      drivers/gpu/drm/clients/built-in.a
  AR      drivers/gpu/drm/display/built-in.a
  CC      net/core/xdp.o
  AR      drivers/gpu/drm/renesas/rcar-du/built-in.a
  AR      drivers/gpu/drm/renesas/rz-du/built-in.a
  AR      drivers/gpu/drm/renesas/built-in.a
  AR      drivers/gpu/drm/omapdrm/built-in.a
  AR      drivers/gpu/drm/tilcdc/built-in.a
  AR      drivers/gpu/drm/imx/built-in.a
  AR      drivers/gpu/drm/panel/built-in.a
  AR      drivers/gpu/drm/bridge/analogix/built-in.a
  AR      drivers/gpu/drm/bridge/cadence/built-in.a
  AR      drivers/gpu/drm/bridge/imx/built-in.a
  AR      drivers/gpu/drm/bridge/synopsys/built-in.a
  AR      drivers/gpu/drm/bridge/built-in.a
  AR      drivers/gpu/drm/hisilicon/built-in.a
  AR      drivers/gpu/drm/mxsfb/built-in.a
  AR      drivers/gpu/drm/sysfb/built-in.a
  AR      drivers/gpu/drm/tiny/built-in.a
  AR      drivers/gpu/drm/xlnx/built-in.a
  AR      drivers/gpu/drm/gud/built-in.a
  AR      drivers/gpu/drm/sitronix/built-in.a
  AR      drivers/gpu/drm/solomon/built-in.a
  AR      drivers/gpu/drm/built-in.a
  AR      drivers/gpu/vga/built-in.a
  AR      drivers/gpu/tests/built-in.a
  AR      drivers/gpu/built-in.a
  CC      drivers/base/power/clock_ops.o
  CC      net/ethtool/rings.o
  AR      drivers/base/power/built-in.a
  CC      drivers/base/firmware_loader/builtin/main.o
  CC      net/ipv4/route.o
  AR      drivers/base/firmware_loader/builtin/built-in.a
  CC      drivers/base/firmware_loader/main.o
  CC      net/core/flow_offload.o
  CC      net/ethtool/channels.o
  AR      drivers/base/firmware_loader/built-in.a
  CC      drivers/base/regmap/regmap.o
  CC      net/core/gro.o
  CC      net/ipv4/inetpeer.o
  CC      net/ethtool/coalesce.o
  CC      drivers/base/regmap/regcache.o
  CC      drivers/base/regmap/regcache-rbtree.o
  CC      net/ipv4/protocol.o
  CC      net/core/netdev-genl.o
  CC      net/ethtool/pause.o
  CC      drivers/base/regmap/regcache-flat.o
  CC      net/ipv4/ip_input.o
  CC      net/ethtool/eee.o
  CC      drivers/base/regmap/regcache-maple.o
  CC      net/core/netdev-genl-gen.o
  CC      drivers/base/regmap/regmap-debugfs.o
  CC      net/ethtool/tsinfo.o
  CC      net/core/gso.o
  CC      net/ipv4/ip_fragment.o
  CC      drivers/base/regmap/regmap-i2c.o
  CC      net/ethtool/cabletest.o
  CC      drivers/base/regmap/regmap-mmio.o
  CC      net/core/net-sysfs.o
  CC      net/ipv4/ip_forward.o
  CC      drivers/base/regmap/regmap-irq.o
  CC      net/ethtool/tunnels.o
  CC      net/core/hotdata.o
  CC      net/ipv4/ip_options.o
  AR      drivers/base/regmap/built-in.a
  AR      drivers/base/test/built-in.a
  CC      drivers/base/component.o
  CC      net/ethtool/fec.o
  CC      drivers/base/core.o
  CC      net/core/netdev_config.o
  CC      net/ipv4/ip_output.o
  CC      net/core/netdev_rx_queue.o
  CC      net/ethtool/eeprom.o
  CC      drivers/base/bus.o
  CC      net/core/netdev_queues.o
  CC      net/ipv4/ip_sockglue.o
  CC      net/ethtool/stats.o
  CC      drivers/base/dd.o
  CC      net/core/net-procfs.o
  CC      drivers/base/syscore.o
  CC      net/ethtool/phc_vclocks.o
  CC      net/ipv4/inet_hashtables.o
  CC      drivers/base/driver.o
  CC      net/core/dst_cache.o
  CC      net/ethtool/mm.o
  CC      drivers/base/class.o
  CC      net/ipv4/inet_timewait_sock.o
  CC      net/core/gro_cells.o
  CC      net/ethtool/module.o
  CC      drivers/base/platform.o
  CC      net/ipv4/inet_connection_sock.o
  CC      drivers/base/cpu.o
  CC      net/ethtool/cmis_fw_update.o
  CC      net/core/of_net.o
  CC      drivers/base/firmware.o
  AR      net/core/built-in.a
  CC      net/ipv6/af_inet6.o
  CC      net/ethtool/cmis_cdb.o
  CC      drivers/base/init.o
  CC      net/ipv4/tcp.o
  CC      drivers/base/map.o
  CC      net/ethtool/pse-pd.o
  CC      net/ipv6/anycast.o
  CC      drivers/base/devres.o
  CC      drivers/base/attribute_container.o
  CC      net/ethtool/plca.o
  CC      net/ipv6/ip6_output.o
  CC      net/ipv4/tcp_input.o
  CC      drivers/base/transport_class.o
  CC      drivers/base/topology.o
  CC      net/ethtool/phy.o
  CC      drivers/base/container.o
  CC      net/ipv6/ip6_input.o
  CC      net/ethtool/tsconfig.o
  CC      drivers/base/property.o
  CC      net/ipv4/tcp_output.o
  CC      net/ethtool/mse.o
  CC      drivers/base/cacheinfo.o
  CC      net/ipv6/addrconf.o
  CC      drivers/base/swnode.o
  AR      net/ethtool/built-in.a
  AR      net/dsa/built-in.a
  AR      net/wireless/tests/built-in.a
  AR      net/wireless/built-in.a
  CC      net/devres.o
  CC      drivers/base/faux.o
  CC      net/socket.o
  CC      drivers/base/auxiliary.o
  CC      net/ipv4/tcp_timer.o
  CC      drivers/base/pinctrl.o
  CC      net/ipv6/addrlabel.o
  CC      drivers/base/platform-msi.o
  CC      net/ipv4/tcp_ipv4.o
  CC      net/ipv4/tcp_minisocks.o
  CC      drivers/base/arch_topology.o
  CC      net/ipv6/route.o
  AR      drivers/base/built-in.a
  AR      drivers/block/built-in.a
  CC      drivers/misc/eeprom/eeprom_93cx6.o
  CC      net/ipv4/tcp_cong.o
  AR      drivers/misc/eeprom/built-in.a
  AR      drivers/misc/cb710/built-in.a
  AR      drivers/misc/lis3lv02d/built-in.a
  AR      drivers/misc/cardreader/built-in.a
  AR      drivers/misc/keba/built-in.a
  AR      drivers/misc/amd-sbi/built-in.a
  CC      drivers/misc/bh1770glc.o
  CC      net/ipv4/tcp_metrics.o
  CC      drivers/misc/ds1682.o
  CC      net/ipv4/tcp_fastopen.o
  CC      net/ipv6/ip6_fib.o
  CC      net/ipv4/tcp_recovery.o
  CC      drivers/misc/xilinx_sdfec.o
  CC      net/ipv4/tcp_ulp.o
  CC      drivers/misc/ntsync.o
  CC      net/ipv6/ipv6_sockglue.o
  CC      net/ipv4/tcp_offload.o
  AR      drivers/misc/built-in.a
  CC      drivers/mfd/88pm805.o
  CC      net/ipv4/tcp_plb.o
  CC      drivers/mfd/88pm80x.o
  CC      net/ipv4/datagram.o
  CC      net/ipv6/ndisc.o
  CC      net/ipv4/raw.o
  CC      drivers/mfd/lp87565.o
  CC      drivers/mfd/tps65086.o
  CC      drivers/mfd/mc13xxx-core.o
  CC      net/ipv6/udp.o
  CC      drivers/mfd/mc13xxx-i2c.o
  CC      net/ipv4/udp.o
  CC      drivers/mfd/mfd-core.o
  CC      drivers/mfd/ti-lmu.o
  CC      drivers/mfd/max77843.o
  CC      net/ipv6/raw.o
  CC      drivers/mfd/si476x-cmd.o
  CC      drivers/mfd/si476x-prop.o
  CC      net/ipv4/udp_offload.o
  CC      drivers/mfd/si476x-i2c.o
  CC      drivers/mfd/palmas.o
  CC      net/ipv6/icmp.o
  CC      drivers/mfd/sec-common.o
  CC      drivers/mfd/sec-irq.o
  CC      net/ipv4/arp.o
  CC      net/ipv6/mcast.o
  CC      drivers/mfd/sec-i2c.o
  CC      drivers/mfd/syscon.o
  CC      drivers/mfd/sky81452.o
  CC      drivers/mfd/atc260x-core.o
  CC      net/ipv4/icmp.o
  CC      drivers/mfd/atc260x-i2c.o
  CC      net/ipv4/devinet.o
  CC      net/ipv6/reassembly.o
  AR      drivers/mfd/built-in.a
  AR      drivers/nfc/built-in.a
  AR      drivers/dax/hmem/built-in.a
  AR      drivers/dax/built-in.a
  AR      drivers/cxl/core/built-in.a
  AR      drivers/cxl/built-in.a
  AR      drivers/macintosh/built-in.a
  AR      drivers/scsi/pcmcia/built-in.a
  AR      drivers/scsi/built-in.a
  AR      drivers/nvme/common/built-in.a
  AR      drivers/nvme/host/built-in.a
  AR      drivers/nvme/target/built-in.a
  AR      drivers/nvme/built-in.a
  CC      drivers/mtd/parsers/ofpart_core.o
  CC      net/ipv4/af_inet.o
  CC      net/ipv6/tcp_ipv6.o
  AR      drivers/mtd/parsers/built-in.a
  CC      drivers/mtd/chips/chipreg.o
  CC      net/ipv4/igmp.o
  AR      drivers/mtd/chips/built-in.a
  AR      drivers/mtd/lpddr/built-in.a
  AR      drivers/mtd/maps/built-in.a
  AR      drivers/mtd/devices/built-in.a
  AR      drivers/mtd/nand/onenand/built-in.a
  AR      drivers/mtd/nand/raw/ingenic/built-in.a
  AR      drivers/mtd/nand/raw/built-in.a
  AR      drivers/mtd/nand/spi/built-in.a
  AR      drivers/mtd/nand/built-in.a
  AR      drivers/mtd/tests/built-in.a
  CC      drivers/mtd/mtdcore.o
  CC      net/ipv4/fib_frontend.o
  CC      net/ipv4/fib_semantics.o
  CC      net/ipv6/ping.o
  CC      drivers/mtd/mtdsuper.o
  CC      drivers/mtd/mtdconcat.o
  CC      net/ipv4/fib_trie.o
  CC      net/ipv6/exthdrs.o
  CC      net/ipv4/fib_notifier.o
  CC      drivers/mtd/mtdpart.o
  CC      drivers/mtd/mtdchar.o
  CC      net/ipv4/inet_fragment.o
  CC      net/ipv6/datagram.o
  CC      net/ipv4/ping.o
  AR      drivers/mtd/built-in.a
  AR      drivers/net/phy/mediatek/built-in.a
  AR      drivers/net/phy/qcom/built-in.a
  AR      drivers/net/phy/built-in.a
  AR      drivers/net/pse-pd/built-in.a
  AR      drivers/net/mdio/built-in.a
  AR      drivers/net/pcs/built-in.a
  CC      drivers/net/loopback.o
  CC      net/ipv6/ip6_flowlabel.o
  CC      net/ipv4/ip_tunnel_core.o
  CC      net/ipv4/gre_offload.o
  AR      drivers/net/built-in.a
  AR      drivers/firewire/built-in.a
  AR      drivers/cdrom/built-in.a
  AR      drivers/auxdisplay/built-in.a
  CC      drivers/pcmcia/cs.o
  CC      net/ipv6/inet6_connection_sock.o
  CC      drivers/pcmcia/socket_sysfs.o
  CC      net/ipv4/metrics.o
  CC      drivers/pcmcia/ds.o
  CC      drivers/pcmcia/pcmcia_resource.o
  CC      drivers/pcmcia/cistpl.o
  CC      net/ipv4/netlink.o
  CC      net/ipv6/udp_offload.o
  CC      drivers/pcmcia/pcmcia_cis.o
  CC      drivers/pcmcia/rsrc_mgr.o
  CC      net/ipv6/seg6.o
  CC      net/ipv4/nexthop.o
  CC      net/ipv4/udp_tunnel_stub.o
  AR      drivers/pcmcia/built-in.a
  AR      drivers/usb/built-in.a
  CC      drivers/input/serio/serio.o
  CC      net/ipv6/fib6_notifier.o
  CC      drivers/input/serio/serport.o
  CC      net/ipv4/ip_tunnel.o
  CC      drivers/input/serio/libps2.o
  CC      net/ipv4/sysctl_net_ipv4.o
  CC      net/ipv6/rpl.o
  AR      drivers/input/serio/built-in.a
  CC      drivers/input/keyboard/atkbd.o
  CC      net/ipv4/proc.o
  CC      net/ipv6/ioam6.o
  CC      net/ipv4/tunnel4.o
  AR      drivers/input/keyboard/built-in.a
  CC      drivers/input/mouse/psmouse-base.o
  CC      net/ipv4/inet_diag.o
  CC      net/ipv4/tcp_diag.o
  CC      drivers/input/mouse/synaptics.o
  CC      net/ipv6/sysctl_net_ipv6.o
  CC      drivers/input/mouse/focaltech.o
  CC      net/ipv4/tcp_cubic.o
  CC      net/ipv6/proc.o
  CC      net/ipv6/sit.o
  CC      drivers/input/mouse/alps.o
  CC      net/ipv6/addrconf_core.o
  AR      net/ipv4/built-in.a
  CC      net/sysctl_net.o
  CC      net/ipv6/exthdrs_core.o
  CC      drivers/input/mouse/byd.o
  CC      drivers/input/mouse/elantech.o
  CC      net/ipv6/ip6_checksum.o
  CC      drivers/input/mouse/logips2pp.o
  CC      net/ipv6/ip6_icmp.o
  CC      drivers/input/mouse/trackpoint.o
  CC      net/ipv6/output_core.o
  CC      drivers/input/mouse/cypress_ps2.o
  CC      net/ipv6/protocol.o
  CC      drivers/input/mouse/psmouse-smbus.o
  CC      drivers/input/mouse/sermouse.o
  CC      net/ipv6/ip6_offload.o
  CC      net/ipv6/exthdrs_offload.o
  CC      net/ipv6/inet6_hashtables.o
  AR      drivers/input/mouse/built-in.a
  CC      drivers/input/input.o
  CC      net/ipv6/mcast_snoop.o
  CC      drivers/input/input-compat.o
  CC      drivers/input/input-mt.o
  CC      drivers/input/input-poller.o
  CC      drivers/input/ff-core.o
  CC      drivers/input/touchscreen.o
  CC      drivers/input/touch-overlay.o
  AR      net/ipv6/built-in.a
  AR      net/built-in.a
  CC      drivers/input/vivaldi-fmap.o
  CC      drivers/input/mousedev.o
  AR      drivers/i2c/algos/built-in.a
  CC      drivers/i2c/busses/i2c-cadence.o
  CC      drivers/i2c/busses/i2c-pxa.o
  AR      drivers/i2c/muxes/built-in.a
  CC      drivers/i2c/i2c-boardinfo.o
  AR      drivers/input/built-in.a
  CC      drivers/i3c/master/adi-i3c-master.o
  CC      drivers/i2c/i2c-core-base.o
  CC      drivers/i2c/i2c-core-smbus.o
  AR      drivers/i2c/busses/built-in.a
  CC      drivers/i2c/i2c-core-slave.o
  AR      drivers/i3c/master/built-in.a
  CC      drivers/i3c/device.o
  CC      drivers/i2c/i2c-core-of.o
  CC      drivers/i2c/i2c-core-of-prober.o
  CC      drivers/i3c/master.o
  AR      drivers/media/i2c/built-in.a
  AR      drivers/media/tuners/built-in.a
  CC      drivers/media/rc/keymaps/rc-adstech-dvb-t-pci.o
  CC      drivers/media/rc/rc-main.o
  AR      drivers/i2c/built-in.a
  AR      drivers/ptp/built-in.a
  CC      drivers/power/reset/restart-poweroff.o
  CC      drivers/media/rc/keymaps/rc-alink-dtu-m.o
  AR      drivers/i3c/built-in.a
  CC      drivers/power/reset/syscon-reboot.o
  CC      drivers/power/reset/reboot-mode.o
  CC      drivers/media/rc/rc-ir-raw.o
  CC      drivers/media/rc/keymaps/rc-anysee.o
  CC      drivers/power/reset/syscon-reboot-mode.o
  CC      drivers/power/reset/qemu-virt-ctrl.o
  CC      drivers/media/rc/keymaps/rc-apac-viewcomp.o
  CC      drivers/media/rc/keymaps/rc-astrometa-t2hybrid.o
  CC      drivers/media/rc/keymaps/rc-asus-pc39.o
  AR      drivers/power/reset/built-in.a
  CC      drivers/power/supply/power_supply_core.o
  CC      drivers/media/rc/keymaps/rc-asus-ps3-100.o
  CC      drivers/media/rc/keymaps/rc-ati-tv-wonder-hd-600.o
  CC      drivers/media/rc/keymaps/rc-ati-x10.o
  CC      drivers/media/rc/keymaps/rc-avermedia-a16d.o
  CC      drivers/power/supply/test_power.o
  CC      drivers/media/rc/keymaps/rc-avermedia-cardbus.o
  CC      drivers/media/rc/keymaps/rc-avermedia-dvbt.o
  CC      drivers/media/rc/keymaps/rc-avermedia-m135a.o
  CC      drivers/power/supply/sbs-battery.o
  CC      drivers/media/rc/keymaps/rc-avermedia-m733a-rm-k6.o
  CC      drivers/media/rc/keymaps/rc-avermedia.o
  CC      drivers/media/rc/keymaps/rc-avermedia-rm-ks.o
  CC      drivers/media/rc/keymaps/rc-avertv-303.o
  CC      drivers/media/rc/keymaps/rc-azurewave-ad-tu700.o
  CC      drivers/media/rc/keymaps/rc-beelink-gs1.o
  CC      drivers/media/rc/keymaps/rc-beelink-mxiii.o
  CC      drivers/power/supply/rt9467-charger.o
  CC      drivers/media/rc/keymaps/rc-behold-columbus.o
  CC      drivers/media/rc/keymaps/rc-behold.o
  CC      drivers/media/cec/core/cec-core.o
  CC      drivers/media/cec/core/cec-adap.o
  CC      drivers/power/supply/charger-manager.o
  CC      drivers/media/rc/keymaps/rc-budget-ci-old.o
  CC      drivers/media/rc/keymaps/rc-cinergy-1400.o
  CC      drivers/media/rc/keymaps/rc-cinergy.o
  CC      drivers/media/cec/core/cec-api.o
  AR      drivers/media/cec/i2c/built-in.a
  CC      drivers/media/cec/platform/cec-gpio/cec-gpio.o
  CC      drivers/power/supply/max14656_charger_detector.o
  CC      drivers/media/rc/keymaps/rc-ct-90405.o
  CC      drivers/media/cec/core/cec-notifier.o
  AR      drivers/media/cec/platform/cec-gpio/built-in.a
  AR      drivers/media/cec/platform/meson/built-in.a
  AR      drivers/media/cec/platform/built-in.a
  CC      drivers/media/cec/core/cec-pin.o
  CC      drivers/media/rc/keymaps/rc-d680-dmb.o
  CC      drivers/power/supply/max77976_charger.o
  CC      drivers/media/rc/keymaps/rc-delock-61959.o
  CC      drivers/media/rc/keymaps/rc-dib0700-nec.o
  AR      drivers/media/cec/core/built-in.a
  AR      drivers/media/cec/usb/built-in.a
  AR      drivers/media/cec/built-in.a
  AR      drivers/media/common/b2c2/built-in.a
  AR      drivers/media/common/saa7146/built-in.a
  AR      drivers/media/common/siano/built-in.a
  AR      drivers/media/common/v4l2-tpg/built-in.a
  AR      drivers/media/common/videobuf2/built-in.a
  AR      drivers/media/common/built-in.a
  AR      drivers/media/platform/allegro-dvt/built-in.a
  AR      drivers/media/platform/amlogic/c3/isp/built-in.a
  AR      drivers/media/platform/amlogic/c3/mipi-adapter/built-in.a
  AR      drivers/media/platform/amlogic/c3/mipi-csi2/built-in.a
  AR      drivers/media/platform/amlogic/c3/built-in.a
  AR      drivers/media/platform/amlogic/meson-ge2d/built-in.a
  AR      drivers/media/platform/amlogic/built-in.a
  AR      drivers/media/platform/amphion/built-in.a
  AR      drivers/media/platform/arm/mali-c55/built-in.a
  AR      drivers/media/platform/arm/built-in.a
  AR      drivers/media/platform/aspeed/built-in.a
  AR      drivers/media/platform/atmel/built-in.a
  CC      drivers/power/supply/bq24190_charger.o
  AR      drivers/media/platform/broadcom/built-in.a
  AR      drivers/media/platform/cadence/built-in.a
  AR      drivers/media/platform/chips-media/coda/built-in.a
  AR      drivers/media/platform/chips-media/wave5/built-in.a
  AR      drivers/media/platform/chips-media/built-in.a
  AR      drivers/media/platform/imagination/built-in.a
  AR      drivers/media/platform/intel/built-in.a
  AR      drivers/media/platform/marvell/built-in.a
  CC      drivers/media/rc/keymaps/rc-dib0700-rc5.o
  AR      drivers/media/platform/mediatek/jpeg/built-in.a
  AR      drivers/media/platform/mediatek/mdp/built-in.a
  AR      drivers/media/platform/mediatek/vcodec/common/built-in.a
  AR      drivers/media/platform/mediatek/vcodec/encoder/built-in.a
  AR      drivers/media/platform/mediatek/vcodec/decoder/built-in.a
  AR      drivers/media/platform/mediatek/vcodec/built-in.a
  AR      drivers/media/platform/mediatek/vpu/built-in.a
  AR      drivers/media/platform/mediatek/mdp3/built-in.a
  AR      drivers/media/platform/mediatek/built-in.a
  AR      drivers/media/platform/microchip/built-in.a
  AR      drivers/media/platform/nuvoton/built-in.a
  AR      drivers/media/platform/nvidia/tegra-vde/built-in.a
  AR      drivers/media/platform/nvidia/built-in.a
  AR      drivers/media/platform/nxp/dw100/built-in.a
  AR      drivers/media/platform/nxp/imx-jpeg/built-in.a
  AR      drivers/media/platform/nxp/imx8-isi/built-in.a
  AR      drivers/media/platform/nxp/built-in.a
  AR      drivers/media/platform/qcom/camss/built-in.a
  AR      drivers/media/platform/qcom/iris/built-in.a
  AR      drivers/media/platform/qcom/venus/built-in.a
  AR      drivers/media/platform/qcom/built-in.a
  AR      drivers/media/platform/raspberrypi/pisp_be/built-in.a
  AR      drivers/media/platform/raspberrypi/rp1-cfe/built-in.a
  AR      drivers/media/platform/raspberrypi/built-in.a
  AR      drivers/media/platform/renesas/rcar-isp/built-in.a
  AR      drivers/media/platform/renesas/rcar-vin/built-in.a
  AR      drivers/media/platform/renesas/rzg2l-cru/built-in.a
  AR      drivers/media/platform/renesas/rzv2h-ivc/built-in.a
  AR      drivers/media/platform/renesas/vsp1/built-in.a
  AR      drivers/media/platform/renesas/built-in.a
  CC      drivers/media/rc/keymaps/rc-digitalnow-tinytwin.o
  AR      drivers/media/platform/rockchip/rga/built-in.a
  AR      drivers/media/platform/rockchip/rkcif/built-in.a
  AR      drivers/media/platform/rockchip/rkisp1/built-in.a
  AR      drivers/media/platform/rockchip/rkvdec/built-in.a
  AR      drivers/media/platform/rockchip/built-in.a
  AR      drivers/media/platform/samsung/exynos-gsc/built-in.a
  AR      drivers/media/platform/samsung/exynos4-is/built-in.a
  AR      drivers/media/platform/samsung/s3c-camif/built-in.a
  AR      drivers/media/platform/samsung/s5p-g2d/built-in.a
  AR      drivers/media/platform/samsung/s5p-jpeg/built-in.a
  AR      drivers/media/platform/samsung/s5p-mfc/built-in.a
  AR      drivers/media/platform/samsung/built-in.a
  AR      drivers/media/platform/st/sti/bdisp/built-in.a
  AR      drivers/media/platform/st/sti/delta/built-in.a
  AR      drivers/media/platform/st/sti/hva/built-in.a
  AR      drivers/media/platform/st/stm32/built-in.a
  AR      drivers/media/platform/st/built-in.a
  AR      drivers/media/platform/sunxi/sun4i-csi/built-in.a
  AR      drivers/media/platform/sunxi/sun6i-csi/built-in.a
  AR      drivers/media/platform/sunxi/sun6i-mipi-csi2/built-in.a
  AR      drivers/media/platform/sunxi/sun8i-a83t-mipi-csi2/built-in.a
  AR      drivers/media/platform/sunxi/sun8i-di/built-in.a
  AR      drivers/media/platform/sunxi/sun8i-rotate/built-in.a
  AR      drivers/media/platform/sunxi/built-in.a
  AR      drivers/media/platform/synopsys/hdmirx/built-in.a
  AR      drivers/media/platform/synopsys/built-in.a
  AR      drivers/media/platform/ti/am437x/built-in.a
  AR      drivers/media/platform/ti/cal/built-in.a
  AR      drivers/media/platform/ti/vpe/built-in.a
  AR      drivers/media/platform/ti/davinci/built-in.a
  AR      drivers/media/platform/ti/j721e-csi2rx/built-in.a
  AR      drivers/media/platform/ti/omap/built-in.a
  AR      drivers/media/platform/ti/omap3isp/built-in.a
  AR      drivers/media/platform/ti/built-in.a
  AR      drivers/media/platform/verisilicon/built-in.a
  AR      drivers/media/platform/via/built-in.a
  AR      drivers/media/platform/xilinx/built-in.a
  AR      drivers/media/platform/built-in.a
  CC      drivers/media/rc/keymaps/rc-digittrade.o
  CC      drivers/media/rc/keymaps/rc-dm1105-nec.o
  CC      drivers/media/rc/keymaps/rc-dntv-live-dvb-t.o
  CC      drivers/power/supply/bq24257_charger.o
  CC      drivers/media/rc/keymaps/rc-dntv-live-dvbt-pro.o
  CC      drivers/media/rc/keymaps/rc-dreambox.o
  CC      drivers/media/rc/keymaps/rc-dtt200u.o
  CC      drivers/media/rc/keymaps/rc-dvbsky.o
  CC      drivers/media/rc/keymaps/rc-dvico-mce.o
  CC      drivers/media/rc/keymaps/rc-dvico-portable.o
  CC      drivers/power/supply/smb347-charger.o
  CC      drivers/media/rc/keymaps/rc-em-terratec.o
  CC      drivers/media/rc/keymaps/rc-encore-enltv2.o
  CC      drivers/media/rc/keymaps/rc-encore-enltv-fm53.o
  CC      drivers/media/rc/keymaps/rc-encore-enltv.o
  CC      drivers/media/rc/keymaps/rc-evga-indtube.o
  AR      drivers/power/supply/built-in.a
  AR      drivers/power/built-in.a
  AR      drivers/mmc/built-in.a
  AR      drivers/ufs/built-in.a
  AR      drivers/firmware/arm_ffa/built-in.a
  CC      drivers/firmware/arm_scmi/transports/smc.o
  AR      drivers/firmware/broadcom/built-in.a
  AR      drivers/firmware/cirrus/test/built-in.a
  AR      drivers/firmware/cirrus/built-in.a
  AR      drivers/firmware/meson/built-in.a
  AR      drivers/firmware/microchip/built-in.a
  AR      drivers/media/pci/ttpci/built-in.a
  AR      drivers/media/pci/b2c2/built-in.a
  AR      drivers/media/pci/pluto2/built-in.a
  AR      drivers/media/pci/dm1105/built-in.a
  AR      drivers/media/pci/pt1/built-in.a
  AR      drivers/media/pci/pt3/built-in.a
  AR      drivers/media/pci/mantis/built-in.a
  AR      drivers/media/pci/ngene/built-in.a
  AR      drivers/media/pci/ddbridge/built-in.a
  AR      drivers/media/pci/saa7146/built-in.a
  AR      drivers/media/pci/smipcie/built-in.a
  AR      drivers/media/pci/netup_unidvb/built-in.a
  AR      drivers/media/pci/intel/ipu3/built-in.a
  AR      drivers/media/pci/intel/ivsc/built-in.a
  AR      drivers/media/pci/intel/built-in.a
  AR      drivers/media/pci/built-in.a
  AR      drivers/media/usb/b2c2/built-in.a
  AR      drivers/media/usb/dvb-usb/built-in.a
  AR      drivers/media/usb/dvb-usb-v2/built-in.a
  AR      drivers/media/usb/s2255/built-in.a
  AR      drivers/media/usb/siano/built-in.a
  AR      drivers/media/usb/ttusb-budget/built-in.a
  AR      drivers/media/usb/ttusb-dec/built-in.a
  AR      drivers/media/usb/built-in.a
  AR      drivers/media/mmc/siano/built-in.a
  AR      drivers/media/mmc/built-in.a
  AR      drivers/media/firewire/built-in.a
  AR      drivers/media/spi/built-in.a
  AR      drivers/media/test-drivers/built-in.a
  AR      drivers/firmware/arm_scmi/vendors/imx/built-in.a
  CC      drivers/firmware/arm_scmi/bus.o
  CC      drivers/media/rc/keymaps/rc-eztv.o
  CC      drivers/media/rc/keymaps/rc-flydvb.o
  AR      drivers/firmware/arm_scmi/transports/built-in.a
  CC      drivers/firmware/arm_scmi/driver.o
  CC      drivers/media/rc/keymaps/rc-flyvideo.o
  CC      drivers/media/rc/keymaps/rc-fusionhdtv-mce.o
  CC      drivers/firmware/arm_scmi/notify.o
  CC      drivers/media/rc/keymaps/rc-gadmei-rm008z.o
  CC      drivers/media/rc/keymaps/rc-geekbox.o
  CC      drivers/firmware/arm_scmi/quirks.o
  CC      drivers/media/rc/keymaps/rc-genius-tvgo-a11mce.o
  CC      drivers/media/rc/keymaps/rc-gotview7135.o
  CC      drivers/firmware/arm_scmi/base.o
  CC      drivers/firmware/arm_scmi/clock.o
  CC      drivers/media/rc/keymaps/rc-hauppauge.o
  CC      drivers/media/rc/keymaps/rc-hisi-poplar.o
  CC      drivers/firmware/arm_scmi/perf.o
  CC      drivers/media/rc/keymaps/rc-hisi-tv-demo.o
  CC      drivers/media/rc/keymaps/rc-imon-mce.o
  CC      drivers/firmware/arm_scmi/power.o
  CC      drivers/media/rc/keymaps/rc-imon-pad.o
  CC      drivers/media/rc/keymaps/rc-imon-rsc.o
  CC      drivers/firmware/arm_scmi/reset.o
  CC      drivers/firmware/arm_scmi/sensors.o
  CC      drivers/media/rc/keymaps/rc-iodata-bctv7e.o
  CC      drivers/media/rc/keymaps/rc-it913x-v1.o
  CC      drivers/firmware/arm_scmi/system.o
  CC      drivers/media/rc/keymaps/rc-it913x-v2.o
  CC      drivers/firmware/arm_scmi/voltage.o
  CC      drivers/firmware/arm_scmi/powercap.o
  CC      drivers/media/rc/keymaps/rc-kaiomy.o
  CC      drivers/media/rc/keymaps/rc-khadas.o
  CC      drivers/firmware/arm_scmi/pinctrl.o
  CC      drivers/media/rc/keymaps/rc-khamsin.o
  CC      drivers/media/rc/keymaps/rc-kworld-315u.o
  CC      drivers/firmware/arm_scmi/shmem.o
  CC      drivers/media/rc/keymaps/rc-kworld-pc150u.o
  CC      drivers/media/rc/keymaps/rc-kworld-plus-tv-analog.o
  CC      drivers/media/rc/keymaps/rc-leadtek-y04g0051.o
  AR      drivers/firmware/arm_scmi/built-in.a
  AR      drivers/firmware/efi/built-in.a
  AR      drivers/firmware/imx/built-in.a
  CC      drivers/firmware/psci/psci.o
  CC      drivers/media/rc/keymaps/rc-lme2510.o
  CC      drivers/media/rc/keymaps/rc-manli.o
  CC      drivers/media/rc/keymaps/rc-mecool-kiii-pro.o
  CC      drivers/media/rc/keymaps/rc-mecool-kii-pro.o
  CC      drivers/media/rc/keymaps/rc-medion-x10-digitainer.o
  AR      drivers/firmware/psci/built-in.a
  AR      drivers/firmware/qcom/built-in.a
  AR      drivers/firmware/samsung/built-in.a
  CC      drivers/firmware/smccc/smccc.o
  CC      drivers/media/rc/keymaps/rc-medion-x10.o
  CC      drivers/media/rc/keymaps/rc-medion-x10-or2x.o
  CC      drivers/firmware/smccc/kvm_guest.o
  CC      drivers/media/rc/keymaps/rc-minix-neo.o
  AR      drivers/firmware/tegra/built-in.a
  CC      drivers/firmware/xilinx/zynqmp.o
  CC      drivers/media/rc/keymaps/rc-msi-digivox-iii.o
  CC      drivers/media/rc/keymaps/rc-msi-digivox-ii.o
  AR      drivers/firmware/smccc/built-in.a
  CC      drivers/media/rc/keymaps/rc-msi-tvanywhere.o
  CC      drivers/media/rc/keymaps/rc-msi-tvanywhere-plus.o
  CC      drivers/firmware/xilinx/zynqmp-ufs.o
  CC      drivers/media/rc/keymaps/rc-mygica-utv3.o
  CC      drivers/media/rc/keymaps/rc-nebula.o
  CC      drivers/media/rc/keymaps/rc-nec-terratec-cinergy-xs.o
  CC      drivers/firmware/xilinx/zynqmp-crypto.o
  CC      drivers/media/rc/keymaps/rc-norwood.o
  CC      drivers/media/rc/keymaps/rc-npgtech.o
  CC      drivers/media/rc/keymaps/rc-odroid.o
  AR      drivers/firmware/xilinx/built-in.a
  AR      drivers/firmware/built-in.a
  CC      drivers/clocksource/timer-of.o
  CC      drivers/clocksource/timer-probe.o
  CC      drivers/media/rc/keymaps/rc-pctv-sedna.o
  CC      drivers/media/rc/keymaps/rc-pine64.o
  CC      drivers/clocksource/arm_arch_timer.o
  CC      drivers/clocksource/arm_arch_timer_mmio.o
  CC      drivers/media/rc/keymaps/rc-pinnacle-color.o
  CC      drivers/media/rc/keymaps/rc-pinnacle-grey.o
  CC      drivers/clocksource/dummy_timer.o
  CC      drivers/media/rc/keymaps/rc-pinnacle-pctv-hd.o
  CC      drivers/media/rc/keymaps/rc-pixelview-002t.o
  CC      drivers/media/rc/keymaps/rc-pixelview-mk12.o
  CC      drivers/media/rc/keymaps/rc-pixelview-new.o
  AR      drivers/clocksource/built-in.a
  CC      drivers/hid/hid-core.o
  CC      drivers/media/rc/keymaps/rc-pixelview.o
  CC      drivers/media/rc/keymaps/rc-powercolor-real-angel.o
  CC      drivers/media/rc/keymaps/rc-proteus-2309.o
  CC      drivers/media/rc/keymaps/rc-purpletv.o
  CC      drivers/media/rc/keymaps/rc-pv951.o
  CC      drivers/media/rc/keymaps/rc-rc6-mce.o
  CC      drivers/media/rc/keymaps/rc-real-audio-220-32-keys.o
  CC      drivers/media/rc/keymaps/rc-reddo.o
  CC      drivers/hid/hid-input.o
  CC      drivers/media/rc/keymaps/rc-siemens-gigaset-rc20.o
  CC      drivers/media/rc/keymaps/rc-snapstream-firefly.o
  CC      drivers/media/rc/keymaps/rc-streamzap.o
  CC      drivers/media/rc/keymaps/rc-su3000.o
  CC      drivers/media/rc/keymaps/rc-tanix-tx3mini.o
  CC      drivers/media/rc/keymaps/rc-tanix-tx5max.o
  CC      drivers/media/rc/keymaps/rc-tbs-nec.o
  CC      drivers/media/rc/keymaps/rc-technisat-ts35.o
  CC      drivers/hid/hid-quirks.o
  CC      drivers/media/rc/keymaps/rc-technisat-usb2.o
  CC      drivers/media/rc/keymaps/rc-terratec-cinergy-c-pci.o
  CC      drivers/media/rc/keymaps/rc-terratec-cinergy-s2-hd.o
  CC      drivers/media/rc/keymaps/rc-terratec-cinergy-xs.o
  CC      drivers/media/rc/keymaps/rc-terratec-slim-2.o
  CC      drivers/media/rc/keymaps/rc-terratec-slim.o
  CC      drivers/media/rc/keymaps/rc-tevii-nec.o
  CC      drivers/hid/hid-debug.o
  CC      drivers/media/rc/keymaps/rc-tivo.o
  CC      drivers/media/rc/keymaps/rc-total-media-in-hand-02.o
  CC      drivers/hid/hid-generic.o
  CC      drivers/media/rc/keymaps/rc-total-media-in-hand.o
  CC      drivers/media/rc/keymaps/rc-trekstor.o
  CC      drivers/media/rc/keymaps/rc-tt-1500.o
  AR      drivers/hid/built-in.a
  CC      drivers/of/base.o
  CC      drivers/media/rc/keymaps/rc-twinhan1027.o
  CC      drivers/media/rc/keymaps/rc-twinhan-dtv-cab-ci.o
  CC      drivers/media/rc/keymaps/rc-vega-s9x.o
  CC      drivers/media/rc/keymaps/rc-videomate-m1f.o
  CC      drivers/of/cpu.o
  CC      drivers/of/device.o
  CC      drivers/media/rc/keymaps/rc-videomate-s350.o
  CC      drivers/media/rc/keymaps/rc-videomate-tv-pvr.o
  CC      drivers/of/module.o
  CC      drivers/of/platform.o
  CC      drivers/media/rc/keymaps/rc-videostrong-kii-pro.o
  CC      drivers/media/rc/keymaps/rc-wetek-hub.o
  CC      drivers/of/property.o
  CC      drivers/media/rc/keymaps/rc-wetek-play2.o
  CC      drivers/media/rc/keymaps/rc-winfast.o
  CC      drivers/of/kobj.o
  CC      drivers/media/rc/keymaps/rc-winfast-usbii-deluxe.o
  CC      drivers/of/dynamic.o
  CC      drivers/media/rc/keymaps/rc-x96max.o
  CC      drivers/of/fdt.o
  CC      drivers/media/rc/keymaps/rc-xbox-360.o
  CC      drivers/media/rc/keymaps/rc-xbox-dvd.o
  DTC     drivers/of/empty_root.dtb
  CC      drivers/of/fdt_address.o
  CC      drivers/media/rc/keymaps/rc-zx-irdec.o
  CC      drivers/of/address.o
  CC      drivers/of/irq.o
  CC      drivers/of/of_reserved_mem.o
  AR      drivers/media/rc/keymaps/built-in.a
  AR      drivers/media/rc/built-in.a
  AR      drivers/media/built-in.a
  AR      drivers/platform/arm64/built-in.a
  AR      drivers/platform/built-in.a
  AR      drivers/virt/vboxguest/built-in.a
  AR      drivers/virt/coco/built-in.a
  CC      drivers/virt/vmgenid.o
  WRAP    drivers/of/empty_root.dtb.S
  AS      drivers/of/empty_root.dtb.o
  CC      drivers/extcon/extcon.o
  CC      drivers/extcon/devres.o
  AR      drivers/of/built-in.a
  AR      drivers/hwtracing/intel_th/built-in.a
  AR      drivers/android/built-in.a
  CC      drivers/mux/core.o
  AR      drivers/virt/built-in.a
  AR      drivers/resctrl/built-in.a
  AR      drivers/extcon/built-in.a
  AR      drivers/mux/built-in.a
  AR      drivers/built-in.a
  AR      built-in.a
  AR      vmlinux.a
  LD      vmlinux.o
  MODPOST vmlinux.symvers
  CC      .vmlinux.export.o
  UPD     include/generated/utsversion.h
  CC      init/version-timestamp.o
  LD      vmlinux.unstripped
  NM      System.map
  SORTTAB vmlinux.unstripped
  OBJCOPY vmlinux
  GEN     modules.builtin.modinfo
  GEN     modules.builtin
  OBJCOPY arch/arm64/boot/Image
make[5]: Leaving directory '/mnt/git-volume/kernel-test-stable-rc/build/rand500nsconfig-arm64'
make[4]: Leaving directory '/mnt/git-volume/linux-stable-rc'
