make[4]: Entering directory '/mnt/git-volume/linux-mainline'
make[5]: Entering directory '/mnt/git-volume/kernel-test-mainline/build/randdefnsconfig-riscv'
*** Default configuration is based on 'defconfig'
#
# configuration written to .config
#
make[5]: Leaving directory '/mnt/git-volume/kernel-test-mainline/build/randdefnsconfig-riscv'
make[4]: Leaving directory '/mnt/git-volume/linux-mainline'
make[4]: Entering directory '/mnt/git-volume/linux-mainline'
make[5]: Entering directory '/mnt/git-volume/kernel-test-mainline/build/randdefnsconfig-riscv'
.config:7252:warning: override: reassigning to symbol TIMERFD
.config:7253:warning: override: reassigning to symbol IPVLAN_L3S
.config:7254:warning: override: reassigning to symbol FRAMEBUFFER_CONSOLE_DETECT_PRIMARY
.config:7255:warning: override: reassigning to symbol FB_SYSMEM_FOPS
.config:7256:warning: override: reassigning to symbol DIMLIB
.config:7257:warning: override: reassigning to symbol DRM_CLIENT_SELECTION
.config:7258:warning: override: reassigning to symbol FB_DMAMEM_HELPERS_DEFERRED
.config:7259:warning: override: reassigning to symbol ARCH_HAS_ELF_RANDOMIZE
.config:7260:warning: override: reassigning to symbol PNFS_FILE_LAYOUT
.config:7261:warning: override: reassigning to symbol ARCH_VIRT
.config:7262:warning: override: reassigning to symbol ARCH_HAS_SETUP_DMA_OPS
.config:7263:warning: override: reassigning to symbol USB_F_ACM
.config:7264:warning: override: reassigning to symbol RT_MUTEXES
.config:7265:warning: override: reassigning to symbol MTD_BLOCK
.config:7266:warning: override: reassigning to symbol SPARSE_IRQ
.config:7267:warning: override: reassigning to symbol USB_CDNSP_PCI
.config:7268:warning: override: reassigning to symbol CRYPTO_AUTHENC
.config:7269:warning: override: reassigning to symbol EFI_GENERIC_STUB
.config:7270:warning: override: reassigning to symbol UNINLINE_SPIN_UNLOCK
.config:7271:warning: override: reassigning to symbol OF_IRQ
.config:7272:warning: override: reassigning to symbol NET_VENDOR_NATSEMI
.config:7273:warning: override: reassigning to symbol LOCK_SPIN_ON_OWNER
.config:7274:warning: override: reassigning to symbol RISCV_APLIC_MSI
.config:7275:warning: override: reassigning to symbol CRYPTO_SHA1
.config:7276:warning: override: reassigning to symbol NF_CONNTRACK_TFTP
.config:7277:warning: override: reassigning to symbol BLK_CGROUP_PUNT_BIO
.config:7278:warning: override: reassigning to symbol HAVE_FUNCTION_ARG_ACCESS_API
.config:7279:warning: override: reassigning to symbol UNIX
.config:7280:warning: override: reassigning to symbol DRM_CLIENT
.config:7281:warning: override: reassigning to symbol RISCV_ISA_ZBA
.config:7282:warning: override: reassigning to symbol GENERIC_PHY_MIPI_DPHY
.config:7283:warning: override: reassigning to symbol BLK_DEV_THROTTLING
.config:7284:warning: override: reassigning to symbol WLAN
.config:7285:warning: override: reassigning to symbol PWRSEQ_EMMC
.config:7286:warning: override: reassigning to symbol NFS_V4_2
.config:7287:warning: override: reassigning to symbol BUILDTIME_TABLE_SORT
.config:7288:warning: override: reassigning to symbol HAVE_KERNEL_LZMA
.config:7289:warning: override: reassigning to symbol USB_LIBCOMPOSITE
.config:7290:warning: override: reassigning to symbol UCS2_STRING
.config:7291:warning: override: reassigning to symbol RD_LZMA
.config:7292:warning: override: reassigning to symbol HID_SUPPORT
.config:7293:warning: override: reassigning to symbol MEDIA_SUBDRV_AUTOSELECT
.config:7294:warning: override: reassigning to symbol SPI_SUN6I
.config:7295:warning: override: reassigning to symbol INOTIFY_USER
.config:7296:warning: override: reassigning to symbol DRM_GEM_DMA_HELPER
.config:7297:warning: override: reassigning to symbol KVM_GENERIC_DIRTYLOG_READ_PROTECT
.config:7298:warning: override: reassigning to symbol SECTION_MISMATCH_WARN_ONLY
.config:7299:warning: override: reassigning to symbol SUNXI_CCU
.config:7300:warning: override: reassigning to symbol SERIAL_CORE
.config:7301:warning: override: reassigning to symbol USB_CONFIGFS_ACM
.config:7302:warning: override: reassigning to symbol EXTCON
.config:7303:warning: override: reassigning to symbol SND_PROC_FS
.config:7304:warning: override: reassigning to symbol BRANCH_PROFILE_NONE
.config:7305:warning: override: reassigning to symbol XPS
.config:7306:warning: override: reassigning to symbol CRYPTO_LIB_UTILS
.config:7307:warning: override: reassigning to symbol USB_CDNS3_HOST
.config:7308:warning: override: reassigning to symbol ACPI
.config:7309:warning: override: reassigning to symbol MIGRATION
.config:7310:warning: override: reassigning to symbol HAVE_ALIGNED_STRUCT_PAGE
.config:7311:warning: override: reassigning to symbol USB_GADGET
.config:7312:warning: override: reassigning to symbol SPACEMIT_K1_CCU
.config:7313:warning: override: reassigning to symbol ZLIB_INFLATE
.config:7314:warning: override: reassigning to symbol HAVE_ARCH_KFENCE
.config:7315:warning: override: reassigning to symbol RESET_SPACEMIT_K1
.config:7316:warning: override: reassigning to symbol PAGE_SIZE_4KB
.config:7317:warning: override: reassigning to symbol BLK_DEV_DM_BUILTIN
.config:7318:warning: override: reassigning to symbol CRYPTO_SKCIPHER
.config:7319:warning: override: reassigning to symbol PINCTRL_SPACEMIT_K1
.config:7320:warning: override: reassigning to symbol STACKPROTECTOR
.config:7321:warning: override: reassigning to symbol USB_EHCI_HCD
.config:7322:warning: override: reassigning to symbol FSNOTIFY
.config:7323:warning: override: reassigning to symbol VIRTUALIZATION
.config:7324:warning: override: reassigning to symbol IP_PNP_RARP
.config:7325:warning: override: reassigning to symbol SERIAL_8250
.config:7326:warning: override: reassigning to symbol XZ_DEC_SPARC
.config:7327:warning: override: reassigning to symbol IOMMU_API
.config:7328:warning: override: reassigning to symbol SND
.config:7329:warning: override: reassigning to symbol REGMAP_IRQ
.config:7330:warning: override: reassigning to symbol NET_UDP_TUNNEL
.config:7331:warning: override: reassigning to symbol RISCV_SCALAR_MISALIGNED
.config:7332:warning: override: reassigning to symbol VIRTIO_MMIO
.config:7333:warning: override: reassigning to symbol NET_VENDOR_WANGXUN
.config:7334:warning: override: reassigning to symbol PCC
.config:7335:warning: override: reassigning to symbol NET_VENDOR_DAVICOM
.config:7336:warning: override: reassigning to symbol TCP_CONG_CUBIC
.config:7337:warning: override: reassigning to symbol BLOCK_LEGACY_AUTOLOAD
.config:7338:warning: override: reassigning to symbol GENERIC_IOREMAP
.config:7339:warning: override: reassigning to symbol USB_SUPPORT
.config:7340:warning: override: reassigning to symbol PCIE_STARFIVE_HOST
.config:7341:warning: override: reassigning to symbol FAILOVER
.config:7342:warning: override: reassigning to symbol HAVE_KERNEL_LZ4
.config:7343:warning: override: reassigning to symbol NET_VENDOR_QUALCOMM
.config:7344:warning: override: reassigning to symbol CRC7
.config:7345:warning: override: reassigning to symbol ARCH_HAS_DMA_PREP_COHERENT
.config:7346:warning: override: reassigning to symbol HAVE_ARCH_SOFT_DIRTY
.config:7347:warning: override: reassigning to symbol HW_RANDOM_VIRTIO
.config:7348:warning: override: reassigning to symbol NET_9P_FD
.config:7349:warning: override: reassigning to symbol IOMMU_PT
.config:7350:warning: override: reassigning to symbol FUTEX
.config:7351:warning: override: reassigning to symbol STRICT_KERNEL_RWX
.config:7352:warning: override: reassigning to symbol CPU_IDLE_GOV_MENU
.config:7353:warning: override: reassigning to symbol ARCH_HAS_MMIOWB
.config:7354:warning: override: reassigning to symbol ARCH_SPARSEMEM_ENABLE
.config:7355:warning: override: reassigning to symbol CRYPTO_CTR
.config:7356:warning: override: reassigning to symbol SECURITY_APPARMOR_HASH
.config:7357:warning: override: reassigning to symbol CLK_STARFIVE_JH7110_SYS
.config:7358:warning: override: reassigning to symbol NET_VENDOR_LITEX
.config:7359:warning: override: reassigning to symbol EXT4_FS_SECURITY
.config:7360:warning: override: reassigning to symbol DM_PERSISTENT_DATA
.config:7361:warning: override: reassigning to symbol DRM_MIPI_DSI
.config:7362:warning: override: reassigning to symbol ACPI_CPPC_CPUFREQ
.config:7363:warning: override: reassigning to symbol CPU_THERMAL
.config:7364:warning: override: reassigning to symbol HAVE_ASM_MODVERSIONS
.config:7365:warning: override: reassigning to symbol NVMEM
.config:7366:warning: override: reassigning to symbol COMMON_CLK_RPMI
.config:7367:warning: override: reassigning to symbol ARCH_HAS_PTE_SPECIAL
.config:7368:warning: override: reassigning to symbol GENERIC_HWEIGHT
.config:7369:warning: override: reassigning to symbol I2C_DESIGNWARE_PLATFORM
.config:7370:warning: override: reassigning to symbol MTD_CFI_I1
.config:7371:warning: override: reassigning to symbol HAVE_KERNEL_GZIP
.config:7372:warning: override: reassigning to symbol DMADEVICES
.config:7373:warning: override: reassigning to symbol I2C_MV64XXX
.config:7374:warning: override: reassigning to symbol IO_URING
.config:7375:warning: override: reassigning to symbol POWER_SUPPLY_HWMON
.config:7376:warning: override: reassigning to symbol XZ_DEC
.config:7377:warning: override: reassigning to symbol MTD_CFI
.config:7378:warning: override: reassigning to symbol NET_DEVLINK
.config:7379:warning: override: reassigning to symbol CRYPTO_SHA256
.config:7380:warning: override: reassigning to symbol GENERIC_PINCTRL_GROUPS
.config:7381:warning: override: reassigning to symbol R8169
.config:7382:warning: override: reassigning to symbol SWPHY
.config:7383:warning: override: reassigning to symbol IP_VS_PROTO_TCP
.config:7384:warning: override: reassigning to symbol GRO_CELLS
.config:7385:warning: override: reassigning to symbol ARCH_HAS_DEBUG_VIRTUAL
.config:7386:warning: override: reassigning to symbol INET
.config:7387:warning: override: reassigning to symbol ARCH_SUPPORTS_LTO_CLANG
.config:7388:warning: override: reassigning to symbol DWMAC_SOPHGO
.config:7389:warning: override: reassigning to symbol ACPI_PROCESSOR
.config:7390:warning: override: reassigning to symbol LZO_COMPRESS
.config:7391:warning: override: reassigning to symbol USB_CONFIGFS_ECM
.config:7392:warning: override: reassigning to symbol PWM
.config:7393:warning: override: reassigning to symbol HAVE_ARCH_KGDB
.config:7394:warning: override: reassigning to symbol ARCH_WANT_LD_ORPHAN_WARN
.config:7395:warning: override: reassigning to symbol FWNODE_MDIO
.config:7396:warning: override: reassigning to symbol USB_STORAGE
.config:7397:warning: override: reassigning to symbol DRM_DISPLAY_DP_HELPER
.config:7398:warning: override: reassigning to symbol COREDUMP
.config:7399:warning: override: reassigning to symbol HAVE_ARCH_BITREVERSE
.config:7400:warning: override: reassigning to symbol SECURITY_APPARMOR
.config:7401:warning: override: reassigning to symbol CRC_CCITT
.config:7402:warning: override: reassigning to symbol VIRTIO_BALLOON
.config:7403:warning: override: reassigning to symbol THERMAL_GOV_STEP_WISE
.config:7404:warning: override: reassigning to symbol RESET_EIC7700
.config:7405:warning: override: reassigning to symbol PINCTRL_ULTRARISC
.config:7406:warning: override: reassigning to symbol HAVE_GUP_FAST
.config:7407:warning: override: reassigning to symbol COMPAT_BRK
.config:7408:warning: override: reassigning to symbol MMU_LAZY_TLB_REFCOUNT
.config:7409:warning: override: reassigning to symbol ARCH_WANT_DEFAULT_TOPDOWN_MMAP_LAYOUT
.config:7410:warning: override: reassigning to symbol GENERIC_CPU_VULNERABILITIES
.config:7411:warning: override: reassigning to symbol DMA_ACPI
.config:7412:warning: override: reassigning to symbol NET_CORE
.config:7413:warning: override: reassigning to symbol NF_CT_PROTO_SCTP
.config:7414:warning: override: reassigning to symbol DRM_TTM
.config:7415:warning: override: reassigning to symbol HAVE_CONTEXT_TRACKING_USER
.config:7416:warning: override: reassigning to symbol GCC_ASM_GOTO_OUTPUT_BROKEN
.config:7417:warning: override: reassigning to symbol RTC_SYSTOHC
.config:7418:warning: override: reassigning to symbol ARCH_SUPPORTS_CFI
.config:7419:warning: override: reassigning to symbol PM_DEVFREQ
.config:7420:warning: override: reassigning to symbol CRYPTO_HASH
.config:7421:warning: override: reassigning to symbol HARDIRQS_SW_RESEND
.config:7422:warning: override: reassigning to symbol CLK_SIFIVE_PRCI
.config:7423:warning: override: reassigning to symbol CGROUP_WRITEBACK
.config:7424:warning: override: reassigning to symbol HAVE_PREEMPT_DYNAMIC_KEY
.config:7425:warning: override: reassigning to symbol PCIE_PLDA_HOST
.config:7426:warning: override: reassigning to symbol RESET_SUNXI
.config:7427:warning: override: reassigning to symbol DRM_NOUVEAU_CH7006
.config:7428:warning: override: reassigning to symbol DRM_DISPLAY_HDMI_HELPER
.config:7429:warning: override: reassigning to symbol KVM_GENERIC_HARDWARE_ENABLING
.config:7430:warning: override: reassigning to symbol USB_F_NCM
.config:7431:warning: override: reassigning to symbol NOP_TRACER
.config:7432:warning: override: reassigning to symbol BLK_DEV_WRITE_MOUNTED
.config:7433:warning: override: reassigning to symbol DRM_BRIDGE
.config:7434:warning: override: reassigning to symbol MEMBARRIER
.config:7435:warning: override: reassigning to symbol DRM_RADEON
.config:7436:warning: override: reassigning to symbol MMU_GATHER_RCU_TABLE_FREE
.config:7437:warning: override: reassigning to symbol JOLIET
.config:7438:warning: override: reassigning to symbol DRM_CLIENT_LIB
.config:7439:warning: override: reassigning to symbol IRQCHIP
.config:7440:warning: override: reassigning to symbol SOCK_CGROUP_DATA
.config:7441:warning: override: reassigning to symbol IP_VS_PROTO_UDP
.config:7442:warning: override: reassigning to symbol NET_VENDOR_MICROCHIP
.config:7443:warning: override: reassigning to symbol HAVE_RETHOOK
.config:7444:warning: override: reassigning to symbol USB_F_EEM
.config:7445:warning: override: reassigning to symbol DMA_NONCOHERENT_MMAP
.config:7446:warning: override: reassigning to symbol ARCH_HAS_ELF_CORE_EFLAGS
.config:7447:warning: override: reassigning to symbol GENERIC_BUG_RELATIVE_POINTERS
.config:7448:warning: override: reassigning to symbol EDAC_SUPPORT
.config:7449:warning: override: reassigning to symbol RTC_DRV_SUN6I
.config:7450:warning: override: reassigning to symbol GENERIC_SMP_IDLE_THREAD
.config:7451:warning: override: reassigning to symbol CPU_FREQ_GOV_CONSERVATIVE
.config:7452:warning: override: reassigning to symbol MTD_SPI_NOR_SWP_DISABLE_ON_VOLATILE
.config:7453:warning: override: reassigning to symbol SECURITY_APPARMOR_INTROSPECT_POLICY
.config:7454:warning: override: reassigning to symbol PROBE_EVENTS
.config:7455:warning: override: reassigning to symbol DTC
.config:7456:warning: override: reassigning to symbol SENSORS_SFCTEMP
.config:7457:warning: override: reassigning to symbol HRTIMER_REARM_DEFERRED
.config:7458:warning: override: reassigning to symbol XFRM_ALGO
.config:7459:warning: override: reassigning to symbol CLK_STARFIVE_JH7110_AON
.config:7460:warning: override: reassigning to symbol RESET_K230
.config:7461:warning: override: reassigning to symbol HUGETLB_PAGE
.config:7462:warning: override: reassigning to symbol FB_DEFERRED_IO
.config:7463:warning: override: reassigning to symbol HZ_250
.config:7464:warning: override: reassigning to symbol CRYPTO_LIB_BLAKE2B
.config:7465:warning: override: reassigning to symbol SERIAL_8250_PERICOM
.config:7466:warning: override: reassigning to symbol HDMI
.config:7467:warning: override: reassigning to symbol SND_SOC_WM8978
.config:7468:warning: override: reassigning to symbol FW_LOADER
.config:7469:warning: override: reassigning to symbol NET_VENDOR_MYRI
.config:7470:warning: override: reassigning to symbol GENERIC_BUG
.config:7471:warning: override: reassigning to symbol NEED_TASKS_RCU
.config:7472:warning: override: reassigning to symbol RISCV_ALTERNATIVE
.config:7473:warning: override: reassigning to symbol HAVE_ARCH_KASAN
.config:7474:warning: override: reassigning to symbol TOOLCHAIN_HAS_ZBC
.config:7475:warning: override: reassigning to symbol BCMA_POSSIBLE
.config:7476:warning: override: reassigning to symbol RD_ZSTD
.config:7477:warning: override: reassigning to symbol CPU_RMAP
.config:7478:warning: override: reassigning to symbol MTD_CFI_NOSWAP
.config:7479:warning: override: reassigning to symbol BRIDGE_VLAN_FILTERING
.config:7480:warning: override: reassigning to symbol MODULES_TREE_LOOKUP
.config:7481:warning: override: reassigning to symbol IP_PNP_BOOTP
.config:7482:warning: override: reassigning to symbol NLATTR
.config:7483:warning: override: reassigning to symbol BUG
.config:7484:warning: override: reassigning to symbol RUSTC_SUPPORTS_RISCV
.config:7485:warning: override: reassigning to symbol ARM_AMBA
.config:7486:warning: override: reassigning to symbol DWMAC_SUNXI
.config:7487:warning: override: reassigning to symbol MODULE_UNLOAD
.config:7488:warning: override: reassigning to symbol WLAN_VENDOR_ZYDAS
.config:7489:warning: override: reassigning to symbol VT_HW_CONSOLE_BINDING
.config:7490:warning: override: reassigning to symbol PINCTRL_SOPHGO_CV18XX_OPS
.config:7491:warning: override: reassigning to symbol RISCV_ISA_VENDOR_EXT_THEAD
.config:7492:warning: override: reassigning to symbol ROOT_NFS
.config:7493:warning: override: reassigning to symbol XOR_BLOCKS
.config:7494:warning: override: reassigning to symbol SATA_HOST
.config:7495:warning: override: reassigning to symbol SUN50I_IOMMU
.config:7496:warning: override: reassigning to symbol DNOTIFY
.config:7497:warning: override: reassigning to symbol USB_ROLE_SWITCH
.config:7498:warning: override: reassigning to symbol TOOLCHAIN_HAS_ZBA
.config:7499:warning: override: reassigning to symbol NF_LOG_IPV6
.config:7500:warning: override: reassigning to symbol ACPI_CPPC_CPUFREQ_FIE
.config:7501:warning: override: reassigning to symbol RISCV_ISA_FALLBACK
.config:7502:warning: override: reassigning to symbol HOTPLUG_PARALLEL
.config:7503:warning: override: reassigning to symbol XZ_DEC_BCJ
.config:7504:warning: override: reassigning to symbol NET_VENDOR_SOLARFLARE
.config:7505:warning: override: reassigning to symbol AIO
.config:7506:warning: override: reassigning to symbol NET_VENDOR_SOCIONEXT
.config:7507:warning: override: reassigning to symbol ARCH_MHP_MEMMAP_ON_MEMORY_ENABLE
.config:7508:warning: override: reassigning to symbol PCI_MSI
.config:7509:warning: override: reassigning to symbol HAVE_ARCH_KSTACK_ERASE
.config:7510:warning: override: reassigning to symbol PM_GENERIC_DOMAINS_SLEEP
.config:7511:warning: override: reassigning to symbol NET_VENDOR_DLINK
.config:7512:warning: override: reassigning to symbol BPF
.config:7513:warning: override: reassigning to symbol SPI_DYNAMIC
.config:7514:warning: override: reassigning to symbol WLAN_VENDOR_QUANTENNA
.config:7515:warning: override: reassigning to symbol RISCV_ISA_V_DEFAULT_ENABLE
.config:7516:warning: override: reassigning to symbol SKB_EXTENSIONS
.config:7517:warning: override: reassigning to symbol CGROUP_PERF
.config:7518:warning: override: reassigning to symbol ACPI_SPCR_TABLE
.config:7519:warning: override: reassigning to symbol MFD_SPACEMIT_P1
.config:7520:warning: override: reassigning to symbol CONTEXT_SWITCH_TRACER
.config:7521:warning: override: reassigning to symbol SCSI_MOD
.config:7522:warning: override: reassigning to symbol HAVE_FUNCTION_ERROR_INJECTION
.config:7523:warning: override: reassigning to symbol HAVE_RSEQ
.config:7524:warning: override: reassigning to symbol DRM_CLIENT_DEFAULT_FBDEV
.config:7525:warning: override: reassigning to symbol MD
.config:7526:warning: override: reassigning to symbol MMC_SDHCI
.config:7527:warning: override: reassigning to symbol I3C_OR_I2C
.config:7528:warning: override: reassigning to symbol MMC_SDHCI_OF_K1
.config:7529:warning: override: reassigning to symbol ARCH_HAS_DEBUG_WX
.config:7530:warning: override: reassigning to symbol CRYPTO_ALGAPI
.config:7531:warning: override: reassigning to symbol HOTPLUG_CORE_SYNC_FULL
.config:7532:warning: override: reassigning to symbol FRAMEBUFFER_CONSOLE
.config:7533:warning: override: reassigning to symbol TOOLCHAIN_NEEDS_EXPLICIT_ZICSR_ZIFENCEI
.config:7534:warning: override: reassigning to symbol ARCH_DMA_ADDR_T_64BIT
.config:7535:warning: override: reassigning to symbol USB_OHCI_HCD_PCI
.config:7536:warning: override: reassigning to symbol HAVE_GIGANTIC_FOLIOS
.config:7537:warning: override: reassigning to symbol NETDEVICES
.config:7538:warning: override: reassigning to symbol HAVE_ARCH_KASAN_VMALLOC
.config:7539:warning: override: reassigning to symbol ARCH_HAS_VDSO_ARCH_DATA
.config:7540:warning: override: reassigning to symbol TRACE_CLOCK
.config:7541:warning: override: reassigning to symbol RD_GZIP
.config:7542:warning: override: reassigning to symbol RISCV_ISA_SVRSW60T59B
.config:7543:warning: override: reassigning to symbol NVMEM_SUNXI_SID
.config:7544:warning: override: reassigning to symbol PM_GENERIC_DOMAINS_OF
.config:7545:warning: override: reassigning to symbol DECOMPRESS_GZIP
.config:7546:warning: override: reassigning to symbol SYSFS
.config:7547:warning: override: reassigning to symbol HAVE_KERNEL_UNCOMPRESSED
.config:7548:warning: override: reassigning to symbol NET_SOCK_MSG
.config:7549:warning: override: reassigning to symbol CRYPTO_CMAC
.config:7550:warning: override: reassigning to symbol ARCH_ENABLE_HUGEPAGE_MIGRATION
.config:7551:warning: override: reassigning to symbol NFS_V4_0
.config:7565:warning: override: reassigning to symbol PRINTK
.config:7569:warning: override: reassigning to symbol TTY
.config:7572:warning: override: reassigning to symbol BLK_DEV_INITRD
.config:7573:warning: override: reassigning to symbol RD_GZIP
.config:7576:warning: override: reassigning to symbol BINFMT_ELF
.config:7577:warning: override: reassigning to symbol BINFMT_SCRIPT
.config:7580:warning: override: reassigning to symbol TMPFS
.config:7583:warning: override: reassigning to symbol KERNEL_GZIP
.config:7586:warning: override: reassigning to symbol DRM
.config:7587:warning: override: reassigning to symbol SOUND
.config:7588:warning: override: reassigning to symbol STAGING
.config:7589:warning: override: reassigning to symbol INFINIBAND
.config:7590:warning: override: reassigning to symbol MEDIA_SUPPORT
.config:7600:warning: override: reassigning to symbol NAMESPACES
.config:7601:warning: override: reassigning to symbol UTS_NS
.config:7602:warning: override: reassigning to symbol IPC_NS
.config:7603:warning: override: reassigning to symbol PID_NS
.config:7604:warning: override: reassigning to symbol NET_NS
.config:7605:warning: override: reassigning to symbol USER_NS
.config:7606:warning: override: reassigning to symbol TIME_NS
.config:7609:warning: override: reassigning to symbol CGROUPS
.config:7613:warning: override: reassigning to symbol PROC_FS
.config:7614:warning: override: reassigning to symbol NET
.config:7615:warning: override: reassigning to symbol INET
.config:7616:warning: override: reassigning to symbol TMPFS
.config:7617:warning: override: reassigning to symbol SYSVIPC
.config:7618:warning: override: reassigning to symbol FUTEX
.config:7622:warning: override: reassigning to symbol SERIAL_8250
.config:7623:warning: override: reassigning to symbol SERIAL_8250_CONSOLE
.config:7624:warning: override: reassigning to symbol SERIAL_OF_PLATFORM
.config:7626:warning: override: reassigning to symbol FPU
#
# configuration written to .config
#
make[5]: Leaving directory '/mnt/git-volume/kernel-test-mainline/build/randdefnsconfig-riscv'
make[4]: Leaving directory '/mnt/git-volume/linux-mainline'
make[4]: Entering directory '/mnt/git-volume/linux-mainline'
make[5]: Entering directory '/mnt/git-volume/kernel-test-mainline/build/randdefnsconfig-riscv'
  SYNC    include/config/auto.conf.cmd
  HOSTCC  scripts/selinux/mdp/mdp
  CC      scripts/mod/empty.o
  CC      scripts/mod/devicetable-offsets.s
  MKELF   scripts/mod/elfconfig.h
  HOSTCC  scripts/mod/modpost.o
  HOSTCC  scripts/mod/sumversion.o
  HOSTCC  scripts/mod/symsearch.o
  HOSTCC  scripts/mod/file2alias.o
  HOSTLD  scripts/mod/modpost
  CC      kernel/bounds.s
  UPD     include/generated/timeconst.h
  CC      arch/riscv/kernel/asm-offsets.s
  UPD     include/generated/asm-offsets.h
  CC      kernel/sched/rq-offsets.s
  UPD     include/generated/rq-offsets.h
  CALL    /mnt/git-volume/linux-mainline/scripts/checksyscalls.sh 
  LDS     arch/riscv/kernel/vdso/vdso.lds
  AS      arch/riscv/kernel/vdso/rt_sigreturn.o
  CC      arch/riscv/kernel/vdso/vgettimeofday.o
  AS      arch/riscv/kernel/vdso/getcpu.o
  AS      arch/riscv/kernel/vdso/flush_icache.o
  CC      arch/riscv/kernel/vdso/hwprobe.o
  AS      arch/riscv/kernel/vdso/sys_hwprobe.o
  CC      arch/riscv/kernel/vdso/getrandom.o
  AS      arch/riscv/kernel/vdso/note.o
  AS      arch/riscv/kernel/vdso/vgetrandom-chacha.o
  VDSOLD  arch/riscv/kernel/vdso/vdso.so.dbg
  VDSOSYM include/generated/vdso-offsets.h
  LDS     arch/riscv/kernel/compat_vdso/compat_vdso.lds
  VDSOAS  arch/riscv/kernel/compat_vdso/rt_sigreturn.o
  VDSOAS  arch/riscv/kernel/compat_vdso/getcpu.o
  VDSOAS  arch/riscv/kernel/compat_vdso/flush_icache.o
  VDSOAS  arch/riscv/kernel/compat_vdso/note.o
  VDSOLD  arch/riscv/kernel/compat_vdso/compat_vdso.so.dbg
  VDSOSYM include/generated/compat_vdso-offsets.h
  GEN     usr/initramfs_data.cpio
  COPY    usr/initramfs_inc_data
  AS      usr/initramfs_data.o
  CC      init/main.o
  AR      usr/built-in.a
  UPD     init/utsversion-tmp.h
  AS      arch/riscv/kernel/head.o
  CC      arch/riscv/kernel/soc.o
  CC      kernel/fork.o
  CC      mm/filemap.o
  CC      arch/riscv/kernel/alternative.o
  CC      init/do_mounts.o
  CC      arch/riscv/kernel/cpu.o
  CC      arch/riscv/kernel/cpufeature.o
  CC      kernel/exec_domain.o
  CC      init/do_mounts_initrd.o
  CC      mm/mempool.o
  AS      arch/riscv/kernel/entry.o
  CC      arch/riscv/kernel/irq.o
  CC      kernel/exec_state.o
  CC      init/initramfs.o
  CC      mm/oom_kill.o
  CC      arch/riscv/kernel/process.o
  CC      kernel/panic.o
  CC      init/calibrate.o
  CC      kernel/cpu.o
  CC      arch/riscv/kernel/ptrace.o
  CC      mm/fadvise.o
  CC      init/init_task.o
  CC      arch/riscv/kernel/reset.o
  CC      arch/riscv/kernel/return_address.o
  CC      mm/maccess.o
  CC      init/version.o
  CC      arch/riscv/kernel/setup.o
  AR      init/built-in.a
  CC      kernel/exit.o
  CC      mm/page-writeback.o
  CC      fs/open.o
  CC      arch/riscv/kernel/signal.o
  CC      kernel/softirq.o
  CC      fs/read_write.o
  CC      arch/riscv/kernel/syscall_table.o
  CC      mm/folio-compat.o
  CC      arch/riscv/kernel/sys_riscv.o
  CC      mm/readahead.o
  CC      kernel/resource.o
  CC      fs/file_table.o
  CC      arch/riscv/kernel/sys_hwprobe.o
  CC      kernel/sysctl.o
  CC      mm/swap.o
  CC      fs/super.o
  CC      arch/riscv/kernel/time.o
  CC      kernel/capability.o
  CC      arch/riscv/kernel/traps.o
  CC      fs/char_dev.o
  CC      mm/truncate.o
  CC      kernel/ptrace.o
  CC      fs/stat.o
  CC      arch/riscv/kernel/riscv_ksyms.o
  CC      mm/vmscan.o
  CC      kernel/user.o
  CC      arch/riscv/kernel/stacktrace.o
  CC      kernel/signal.o
  CC      fs/exec.o
  CC      arch/riscv/kernel/cacheinfo.o
  CC      arch/riscv/kernel/patch.o
  CC      arch/riscv/kernel/vendor_extensions.o
  CC      fs/pipe.o
  CC      arch/riscv/kernel/vendor_extensions/andes.o
  CC      mm/shrinker.o
  CC      arch/riscv/kernel/vendor_extensions/mips.o
  CC      kernel/sys.o
  CC      arch/riscv/kernel/vendor_extensions/mips_hwprobe.o
  CC      arch/riscv/kernel/vendor_extensions/sifive.o
  CC      arch/riscv/kernel/vendor_extensions/sifive_hwprobe.o
  CC      mm/shmem.o
  AR      arch/riscv/kernel/vendor_extensions/built-in.a
  CC      arch/riscv/kernel/probes/uprobes.o
  CC      fs/namei.o
  CC      kernel/umh.o
  CC      arch/riscv/kernel/probes/decode-insn.o
  CC      arch/riscv/kernel/probes/simulate-insn.o
  CC      kernel/workqueue.o
  CC      mm/util.o
  AR      arch/riscv/kernel/probes/built-in.a
  CC      arch/riscv/kernel/vdso.o
  CC      fs/fcntl.o
  OBJCOPY arch/riscv/kernel/vdso/vdso.so
  AS      arch/riscv/kernel/vdso/vdso.o
  AR      arch/riscv/kernel/vdso/built-in.a
  CC      arch/riscv/kernel/traps_misaligned.o
  CC      mm/mmzone.o
  CC      mm/vmstat.o
  CC      arch/riscv/kernel/unaligned_access_speed.o
  CC      fs/ioctl.o
  CC      kernel/pid.o
  AS      arch/riscv/kernel/copy-unaligned.o
  AS      arch/riscv/kernel/vec-copy-unaligned.o
  AS      arch/riscv/kernel/fpu.o
  CC      arch/riscv/kernel/kernel_mode_fpu.o
  CC      arch/riscv/kernel/vector.o
  CC      mm/backing-dev.o
  CC      fs/readdir.o
  CC      arch/riscv/kernel/kernel_mode_vector.o
  CC      kernel/task_work.o
  CC      fs/select.o
  CC      arch/riscv/kernel/smpboot.o
  CC      kernel/extable.o
  CC      mm/mm_init.o
  CC      arch/riscv/kernel/smp.o
  CC      kernel/params.o
  CC      mm/percpu.o
  CC      arch/riscv/kernel/cpu_ops.o
  CC      fs/dcache.o
  CC      arch/riscv/kernel/module.o
  CC      kernel/kthread.o
  AS      arch/riscv/kernel/suspend_entry.o
  CC      arch/riscv/kernel/suspend.o
  CC      fs/inode.o
  CC      mm/slab_common.o
  CC      kernel/sys_ni.o
  CC      arch/riscv/kernel/perf_callchain.o
  CC      kernel/nsproxy.o
  CC      arch/riscv/kernel/perf_regs.o
  CC      kernel/nstree.o
  CC      fs/attr.o
  CC      arch/riscv/kernel/sbi.o
  CC      mm/compaction.o
  CC      kernel/nscommon.o
  CC      arch/riscv/kernel/sbi_ecall.o
  CC      fs/bad_inode.o
  CC      kernel/notifier.o
  CC      fs/file.o
  CC      arch/riscv/kernel/sbi-ipi.o
  CC      kernel/ksysfs.o
  CC      arch/riscv/kernel/cpu_ops_sbi.o
  CC      mm/show_mem.o
  CC      fs/filesystems.o
  CC      kernel/cred.o
  CC      arch/riscv/kernel/cpu-hotplug.o
  CC      mm/interval_tree.o
  CC      arch/riscv/kernel/jump_label.o
  CC      fs/namespace.o
  CC      kernel/reboot.o
  CC      mm/list_lru.o
  CC      arch/riscv/kernel/efi.o
  CC      kernel/async.o
  CC      arch/riscv/kernel/compat_syscall_table.o
  CC      mm/workingset.o
  CC      kernel/range.o
  CC      kernel/smpboot.o
  CC      arch/riscv/kernel/compat_signal.o
  CC      kernel/ucount.o
  CC      mm/debug.o
  CC      fs/seq_file.o
  CC      kernel/regset.o
  OBJCOPY arch/riscv/kernel/compat_vdso/compat_vdso.so
  AS      arch/riscv/kernel/compat_vdso/compat_vdso.o
  AR      arch/riscv/kernel/compat_vdso/built-in.a
  CC      arch/riscv/kernel/pi/cmdline_early.o
  CC      kernel/ksyms_common.o
  CC      mm/gup.o
  CC      arch/riscv/kernel/pi/fdt_early.o
  CC      arch/riscv/kernel/pi/string.o
  CC      fs/xattr.o
  CC      arch/riscv/kernel/pi/ctype.o
  CC      arch/riscv/kernel/pi/lib-fdt.o
  CC      arch/riscv/kernel/pi/lib-fdt_ro.o
  CC      arch/riscv/kernel/pi/archrandom_early.o
  CC      kernel/groups.o
  OBJCOPY arch/riscv/kernel/pi/cmdline_early.pi.o
  OBJCOPY arch/riscv/kernel/pi/fdt_early.pi.o
  OBJCOPY arch/riscv/kernel/pi/string.pi.o
  OBJCOPY arch/riscv/kernel/pi/ctype.pi.o
  OBJCOPY arch/riscv/kernel/pi/lib-fdt.pi.o
  OBJCOPY arch/riscv/kernel/pi/lib-fdt_ro.pi.o
  OBJCOPY arch/riscv/kernel/pi/archrandom_early.pi.o
  AR      arch/riscv/kernel/pi/built-in.a
  CC      arch/riscv/kernel/bugs.o
  LDS     arch/riscv/kernel/vmlinux.lds
  AR      arch/riscv/kernel/built-in.a
  CC      arch/riscv/mm/init.o
  CC      fs/libfs.o
  CC      mm/mmap_lock.o
  CC      kernel/sched/core.o
  CC      arch/riscv/mm/extable.o
  CC      mm/vma_init.o
  CC      fs/fs-writeback.o
  CC      arch/riscv/mm/fault.o
  CC      mm/highmem.o
  CC      arch/riscv/mm/pageattr.o
  CC      mm/memory.o
  CC      arch/riscv/mm/pgtable.o
  CC      fs/pnode.o
  CC      arch/riscv/mm/tlbflush.o
  CC      kernel/sched/fair.o
  CC      fs/splice.o
  CC      arch/riscv/mm/cacheflush.o
  CC      arch/riscv/mm/context.o
  CC      fs/sync.o
  CC      mm/mincore.o
  CC      arch/riscv/mm/pmem.o
  CC      fs/utimes.o
  CC      kernel/sched/build_policy.o
  CC      fs/d_path.o
  CC      arch/riscv/mm/hugetlbpage.o
  CC      mm/mlock.o
  CC      fs/stack.o
  CC      arch/riscv/mm/dma-noncoherent.o
  CC      fs/fs_struct.o
  CC      mm/mmap.o
  CC      arch/riscv/mm/cache-ops.o
  CC      fs/statfs.o
  AR      arch/riscv/mm/built-in.a
  CC      arch/riscv/errata/andes/errata.o
  CC      mm/mmu_gather.o
  CC      kernel/sched/build_utility.o
  AR      arch/riscv/errata/andes/built-in.a
  AS      arch/riscv/errata/sifive/errata_cip_453.o
  CC      arch/riscv/errata/sifive/errata.o
  CC      fs/fs_pin.o
  CC      fs/nsfs.o
  AR      arch/riscv/errata/sifive/built-in.a
  CC      arch/riscv/errata/thead/errata.o
  CC      mm/mprotect.o
  AR      arch/riscv/errata/thead/built-in.a
  AR      arch/riscv/errata/built-in.a
  CC      arch/riscv/purgatory/purgatory.o
  CC      arch/riscv/purgatory/sha256.o
  CC      fs/fs_dirent.o
  CC      fs/fs_context.o
  AS      arch/riscv/purgatory/entry.o
  CC      arch/riscv/purgatory/string.o
  CC      mm/mremap.o
  CC      arch/riscv/purgatory/ctype.o
  AS      arch/riscv/purgatory/memcpy.o
  AS      arch/riscv/purgatory/memset.o
  AS      arch/riscv/purgatory/strcmp.o
  AS      arch/riscv/purgatory/strlen.o
  AS      arch/riscv/purgatory/strncmp.o
  AS      arch/riscv/purgatory/strnlen.o
  AS      arch/riscv/purgatory/strchr.o
  AS      arch/riscv/purgatory/strrchr.o
  LD      arch/riscv/purgatory/purgatory.ro
  LD      arch/riscv/purgatory/purgatory.chk
  AS      arch/riscv/purgatory/kexec-purgatory.o
  AR      arch/riscv/purgatory/built-in.a
  AR      arch/riscv/built-in.a
  AR      kernel/sched/built-in.a
  CC      ipc/compat.o
  CC      kernel/locking/mutex.o
  CC      fs/fs_parser.o
  CC      mm/msync.o
  CC      ipc/util.o
  CC      fs/fsopen.o
  CC      kernel/locking/semaphore.o
  CC      mm/page_vma_mapped.o
  CC      ipc/msgutil.o
  CC      fs/init.o
  CC      mm/pagewalk.o
  CC      kernel/locking/rwsem.o
  CC      ipc/msg.o
  CC      fs/kernel_read_file.o
  CC      mm/pgtable-generic.o
  CC      kernel/locking/percpu-rwsem.o
  CC      fs/mnt_idmapping.o
  CC      kernel/locking/spinlock.o
  CC      ipc/sem.o
  CC      mm/rmap.o
  CC      fs/remap_range.o
  CC      kernel/locking/osq_lock.o
  CC      kernel/locking/qspinlock.o
  CC      fs/pidfs.o
  CC      ipc/shm.o
  CC      kernel/locking/rtmutex_api.o
  CC      mm/vmalloc.o
  CC      kernel/locking/qrwlock.o
  CC      fs/file_attr.o
  CC      ipc/syscall.o
  AR      kernel/locking/built-in.a
  CC      kernel/power/qos.o
  CC      ipc/ipc_sysctl.o
  CC      fs/fserror.o
  CC      ipc/mqueue.o
  CC      mm/vma.o
  CC      fs/nullfs.o
  CC      kernel/power/main.o
  CC      fs/buffer.o
  CC      kernel/power/console.o
  CC      ipc/namespace.o
  CC      mm/vma_exec.o
  CC      kernel/power/process.o
  CC      ipc/mq_sysctl.o
  CC      fs/mpage.o
  AR      ipc/built-in.a
  CC      mm/process_vm_access.o
  CC      security/keys/gc.o
  CC      kernel/power/suspend.o
  CC      fs/proc_namespace.o
  CC      mm/mseal.o
  CC      security/keys/key.o
  CC      fs/direct-io.o
  AR      kernel/power/built-in.a
  CC      kernel/printk/printk.o
  CC      mm/page_alloc.o
  CC      security/keys/keyring.o
  CC      fs/notify/fsnotify.o
  CC      security/keys/keyctl.o
  CC      kernel/printk/printk_safe.o
  CC      fs/notify/notification.o
  CC      kernel/printk/nbcon.o
  CC      fs/notify/group.o
  CC      mm/page_frag_cache.o
  CC      security/keys/permission.o
  CC      kernel/printk/printk_ringbuffer.o
  CC      fs/notify/mark.o
  CC      mm/init-mm.o
  CC      security/keys/process_keys.o
  CC      kernel/printk/sysctl.o
  CC      mm/memblock.o
  AR      kernel/printk/built-in.a
  CC      fs/notify/fdinfo.o
  CC      kernel/irq/irqdesc.o
  CC      security/keys/request_key.o
  AR      fs/notify/dnotify/built-in.a
  AR      fs/notify/inotify/built-in.a
  AR      fs/notify/built-in.a
  CC      fs/eventpoll.o
  CC      kernel/irq/handle.o
  CC      mm/slub.o
  CC      security/keys/request_key_auth.o
  CC      kernel/irq/manage.o
  CC      security/keys/user_defined.o
  CC      fs/anon_inodes.o
  CC      security/keys/compat.o
  CC      kernel/irq/spurious.o
  CC      fs/signalfd.o
  CC      security/keys/proc.o
  CC      kernel/irq/resend.o
  CC      security/keys/sysctl.o
  CC      fs/timerfd.o
  CC      mm/madvise.o
  CC      kernel/irq/chip.o
  AR      security/keys/built-in.a
  CC      security/commoncap.o
  CC      fs/eventfd.o
  CC      kernel/irq/dummychip.o
  CC      mm/page_io.o
  CC      security/lsm_syscalls.o
  CC      kernel/irq/devres.o
  CC      fs/aio.o
  CC      kernel/irq/kexec.o
  CC      security/min_addr.o
  CC      mm/swap_state.o
  CC      kernel/irq/irqdomain.o
  CC      security/security.o
  CC      fs/locks.o
  CC      mm/swapfile.o
  CC      kernel/irq/proc.o
  CC      kernel/irq/migration.o
  CC      fs/binfmt_script.o
  CC      mm/dmapool.o
  CC      security/lsm_notifier.o
  CC      kernel/irq/cpuhotplug.o
  CC      fs/binfmt_elf.o
  CC      mm/hugetlb.o
  CC      security/lsm_init.o
  CC      kernel/irq/pm.o
  CC      fs/compat_binfmt_elf.o
  CC      kernel/irq/msi.o
  CC      security/inode.o
  CC      kernel/irq/ipi.o
  CC      security/selinux/avc.o
  CC      fs/backing-file.o
  CC      mm/hugetlb_sysfs.o
  CC      kernel/irq/ipi-mux.o
  CC      fs/mbcache.o
  CC      mm/hugetlb_sysctl.o
  CC      kernel/irq/affinity.o
  CC      security/selinux/hooks.o
  CC      fs/posix_acl.o
  CC      kernel/irq/matrix.o
  CC      mm/hugetlb_vmemmap.o
  CC      fs/nfs_common/grace.o
  CC      mm/sparse.o
  AR      kernel/irq/built-in.a
  CC      kernel/rcu/update.o
  CC      fs/nfs_common/common.o
  CC      mm/sparse-vmemmap.o
  AR      fs/nfs_common/built-in.a
  CC      fs/coredump.o
  CC      security/selinux/selinuxfs.o
  CC      kernel/rcu/sync.o
  CC      mm/memtest.o
  CC      kernel/rcu/srcutree.o
  CC      mm/migrate.o
  CC      fs/drop_caches.o
  CC      kernel/rcu/tree.o
  CC      security/selinux/netlink.o
  CC      fs/sysctls.o
  CC      mm/page_counter.o
  CC      fs/fhandle.o
  CC      mm/memcontrol.o
  CC      security/selinux/nlmsgtab.o
  CC      fs/iomap/trace.o
  CC      security/selinux/netif.o
  CC      kernel/rcu/rcu_segcblist.o
  CC      fs/iomap/iter.o
  CC      security/selinux/netnode.o
  AR      kernel/rcu/built-in.a
  CC      kernel/dma/mapping.o
  CC      fs/iomap/buffered-io.o
  CC      mm/vmpressure.o
  CC      security/selinux/netport.o
  CC      mm/bpf_memcontrol.o
  CC      fs/iomap/direct-io.o
  CC      kernel/dma/direct.o
  CC      mm/hugetlb_cgroup.o
  CC      security/selinux/status.o
  CC      fs/iomap/ioend.o
  CC      kernel/dma/coherent.o
  CC      mm/early_ioremap.o
  CC      security/selinux/initcalls.o
  CC      security/selinux/ss/ebitmap.o
  CC      kernel/dma/swiotlb.o
  CC      fs/iomap/fiemap.o
  CC      mm/secretmem.o
  CC      fs/iomap/seek.o
  CC      security/selinux/ss/hashtab.o
  CC      kernel/dma/pool.o
  CC      mm/memfd.o
  CC      security/selinux/ss/symtab.o
  CC      fs/iomap/bio.o
  CC      security/selinux/ss/sidtab.o
  CC      kernel/dma/remap.o
  CC      mm/page_reporting.o
  AR      kernel/dma/built-in.a
  CC      kernel/entry/common.o
  CC      fs/iomap/swapfile.o
  CC      security/selinux/ss/avtab.o
  CC      mm/ioremap.o
  AR      fs/iomap/built-in.a
  CC      fs/proc/task_mmu.o
  CC      mm/execmem.o
  CC      kernel/entry/syscall-common.o
  CC      security/selinux/ss/policydb.o
  AR      mm/built-in.a
  CC      fs/proc/inode.o
  CC      block/bdev.o
  CC      kernel/entry/syscall_user_dispatch.o
  CC      fs/proc/root.o
  AR      kernel/entry/built-in.a
  CC      kernel/module/main.o
  CC      block/fops.o
  CC      security/selinux/ss/services.o
  CC      fs/proc/base.o
  CC      block/bio.o
  CC      kernel/module/strict_rwx.o
  CC      kernel/module/kmod.o
  CC      fs/proc/generic.o
  CC      security/selinux/ss/conditional.o
  CC      block/elevator.o
  CC      kernel/module/tree_lookup.o
  CC      fs/proc/array.o
  CC      kernel/module/kallsyms.o
  CC      security/selinux/ss/mls.o
  CC      block/blk-core.o
  CC      fs/proc/fd.o
  CC      kernel/module/procfs.o
  CC      kernel/module/sysfs.o
  CC      fs/proc/proc_tty.o
  CC      security/selinux/ss/context.o
  AR      kernel/module/built-in.a
  CC      kernel/kcmp.o
  CC      fs/proc/cmdline.o
  CC      block/blk-sysfs.o
  CC      fs/proc/consoles.o
  AR      security/selinux/built-in.a
  CC      security/lsm_audit.o
  CC      kernel/freezer.o
  CC      fs/proc/cpuinfo.o
  CC      block/blk-flush.o
  CC      fs/proc/devices.o
  CC      kernel/profile.o
  CC      security/device_cgroup.o
  CC      block/blk-settings.o
  CC      fs/proc/loadavg.o
  CC      kernel/stacktrace.o
  CC      fs/proc/meminfo.o
  CC      kernel/time/time.o
  CC      block/blk-ioc.o
  CC      security/integrity/iint.o
  CC      fs/proc/stat.o
  CC      kernel/time/timer.o
  CC      security/integrity/integrity_audit.o
  CC      block/blk-map.o
  CC      fs/proc/uptime.o
  CC      security/integrity/efi_secureboot.o
  CC      block/blk-merge.o
  CC      fs/proc/util.o
  CC      kernel/time/hrtimer.o
  AR      security/integrity/built-in.a
  AR      security/built-in.a
  CC      fs/proc/version.o
  CC      io_uring/io_uring.o
  CC      fs/proc/softirqs.o
  CC      block/blk-timeout.o
  CC      kernel/time/sleep_timeout.o
  CC      fs/proc/namespaces.o
  CC      block/blk-lib.o
  CC      kernel/time/timekeeping.o
  CC      fs/proc/self.o
  CC      block/blk-mq.o
  CC      fs/proc/thread_self.o
  CC      kernel/time/ntp.o
  CC      io_uring/opdef.o
  CC      fs/proc/proc_sysctl.o
  CC      kernel/time/clocksource.o
  CC      io_uring/kbuf.o
  CC      kernel/time/jiffies.o
  CC      block/blk-mq-tag.o
  CC      fs/proc/proc_net.o
  CC      kernel/time/timer_list.o
  CC      io_uring/rsrc.o
  CC      kernel/time/timeconv.o
  CC      fs/proc/kmsg.o
  CC      block/blk-mq-dma.o
  CC      kernel/time/timecounter.o
  CC      kernel/time/alarmtimer.o
  CC      fs/proc/page.o
  CC      io_uring/notif.o
  CC      block/blk-stat.o
  AR      fs/proc/built-in.a
  CC      fs/kernfs/mount.o
  CC      kernel/time/posix-timers.o
  CC      block/blk-mq-sysfs.o
  CC      io_uring/tctx.o
  CC      fs/kernfs/inode.o
  CC      block/blk-mq-cpumap.o
  CC      kernel/time/posix-cpu-timers.o
  CC      io_uring/filetable.o
  CC      fs/kernfs/dir.o
  CC      block/blk-mq-sched.o
  CC      io_uring/rw.o
  CC      kernel/time/posix-clock.o
  CC      fs/kernfs/file.o
  CC      block/ioctl.o
  CC      kernel/time/itimer.o
  CC      io_uring/poll.o
  CC      fs/kernfs/symlink.o
  CC      block/genhd.o
  CC      kernel/time/clockevents.o
  AR      fs/kernfs/built-in.a
  CC      fs/sysfs/file.o
  CC      kernel/time/tick-common.o
  CC      io_uring/tw.o
  CC      block/ioprio.o
  CC      fs/sysfs/dir.o
  CC      kernel/time/tick-broadcast.o
  CC      block/badblocks.o
  CC      io_uring/wait.o
  CC      fs/sysfs/symlink.o
  CC      block/partitions/core.o
  CC      kernel/time/tick-broadcast-hrtimer.o
  CC      fs/sysfs/mount.o
  CC      kernel/time/sched_clock.o
  CC      block/partitions/msdos.o
  CC      io_uring/eventfd.o
  CC      fs/sysfs/group.o
  CC      kernel/time/tick-oneshot.o
  CC      block/partitions/efi.o
  AR      fs/sysfs/built-in.a
  CC      fs/devpts/inode.o
  CC      kernel/time/tick-sched.o
  CC      io_uring/uring_cmd.o
  AR      block/partitions/built-in.a
  CC      block/blk-rq-qos.o
  AR      fs/devpts/built-in.a
  CC      fs/netfs/buffered_read.o
  CC      kernel/time/timer_migration.o
  CC      io_uring/openclose.o
  CC      block/disk-events.o
  CC      fs/netfs/buffered_write.o
  CC      io_uring/sqpoll.o
  CC      block/blk-ia-ranges.o
  CC      kernel/time/vsyscall.o
  CC      fs/netfs/direct_read.o
  CC      kernel/time/timekeeping_debug.o
  CC      block/early-lookup.o
  CC      io_uring/xattr.o
  CC      fs/netfs/direct_write.o
  CC      kernel/time/namespace.o
  CC      block/bsg.o
  CC      kernel/time/namespace_vdso.o
  CC      io_uring/nop.o
  CC      block/blk-cgroup.o
  CC      fs/netfs/iterator.o
  AR      kernel/time/built-in.a
  CC      kernel/futex/core.o
  CC      io_uring/fs.o
  CC      fs/netfs/locking.o
  CC      block/blk-cgroup-rwstat.o
  CC      kernel/futex/syscalls.o
  CC      io_uring/splice.o
  CC      fs/netfs/main.o
  CC      block/mq-deadline.o
  CC      io_uring/sync.o
  CC      kernel/futex/pi.o
  CC      block/kyber-iosched.o
  CC      fs/netfs/misc.o
  CC      kernel/futex/requeue.o
  CC      io_uring/msg_ring.o
  CC      kernel/futex/waitwake.o
  CC      fs/netfs/objects.o
  CC      block/bfq-iosched.o
  CC      io_uring/advise.o
  AR      kernel/futex/built-in.a
  CC      kernel/smp.o
  CC      fs/netfs/read_collect.o
  CC      io_uring/statx.o
  CC      kernel/kallsyms.o
  CC      io_uring/timeout.o
  CC      fs/netfs/read_pgpriv2.o
  CC      block/bfq-wf2q.o
  CC      io_uring/cancel.o
  CC      kernel/compat.o
  CC      fs/netfs/read_retry.o
  CC      block/bfq-cgroup.o
  CC      io_uring/waitid.o
  CC      fs/netfs/read_single.o
  CC      kernel/cgroup/cgroup.o
  CC      block/blk-mq-debugfs.o
  CC      io_uring/register.o
  CC      fs/netfs/rolling_buffer.o
  CC      block/blk-pm.o
  AR      block/built-in.a
  CC      fs/netfs/write_collect.o
  CC      lib/argv_split.o
  CC      io_uring/truncate.o
  CC      lib/bug.o
  CC      fs/netfs/write_issue.o
  CC      lib/buildid.o
  CC      io_uring/memmap.o
  CC      kernel/cgroup/rstat.o
  CC      fs/netfs/write_retry.o
  CC      lib/clz_tab.o
  CC      lib/cmdline.o
  CC      io_uring/alloc_cache.o
  CC      lib/cpumask.o
  CC      kernel/cgroup/namespace.o
  CC      lib/ctype.o
  CC      lib/dec_and_lock.o
  AR      fs/netfs/built-in.a
  CC      io_uring/query.o
  CC      fs/ext4/balloc.o
  CC      lib/decompress.o
  CC      lib/decompress_bunzip2.o
  CC      kernel/cgroup/cgroup-v1.o
  CC      io_uring/loop.o
  CC      lib/decompress_inflate.o
  CC      lib/decompress_unlz4.o
  CC      kernel/cgroup/freezer.o
  CC      fs/ext4/bitmap.o
  CC      io_uring/zcrx.o
  CC      lib/decompress_unlzo.o
  CC      fs/ext4/block_validity.o
  CC      kernel/cgroup/legacy_freezer.o
  CC      lib/decompress_unxz.o
  CC      lib/dump_stack.o
  CC      kernel/cgroup/pids.o
  CC      fs/ext4/dir.o
  CC      lib/earlycpio.o
  CC      lib/extable.o
  CC      io_uring/io-wq.o
  CC      kernel/cgroup/cpuset.o
  CC      fs/ext4/ext4_jbd2.o
  CC      lib/fdt.o
  CC      lib/fdt_addresses.o
  CC      lib/fdt_empty_tree.o
  CC      lib/fdt_ro.o
  CC      lib/fdt_rw.o
  CC      lib/fdt_strerror.o
  CC      lib/fdt_sw.o
  CC      io_uring/futex.o
  CC      lib/fdt_wip.o
  CC      lib/flex_proportions.o
  CC      fs/ext4/extents.o
  CC      lib/idr.o
  AR      kernel/cgroup/built-in.a
  CC      kernel/utsname.o
  CC      io_uring/epoll.o
  CC      lib/iomem_copy.o
  CC      kernel/user_namespace.o
  CC      lib/irq_regs.o
  CC      lib/is_single_threaded.o
  CC      io_uring/napi.o
  CC      lib/klist.o
  CC      kernel/pid_namespace.o
  CC      lib/kobject.o
  CC      fs/ext4/extents_status.o
  CC      lib/kobject_uevent.o
  CC      io_uring/net.o
  UPD     kernel/config_data
  CC      kernel/stop_machine.o
  CC      kernel/audit.o
  CC      lib/logic_pio.o
  CC      fs/ext4/file.o
  CC      lib/maple_tree.o
  CC      io_uring/cmd_net.o
  CC      fs/ext4/fsmap.o
  CC      kernel/auditfilter.o
  CC      io_uring/fdinfo.o
  CC      fs/ext4/fsync.o
  CC      io_uring/bpf_filter.o
  CC      lib/memcat_p.o
  CC      kernel/auditsc.o
  CC      fs/ext4/hash.o
  CC      lib/nmi_backtrace.o
  AR      io_uring/built-in.a
  AS      arch/riscv/lib/clear_page.o
  CC      arch/riscv/lib/csum.o
  CC      arch/riscv/lib/delay.o
  CC      lib/objpool.o
  CC      fs/ext4/ialloc.o
  AS      arch/riscv/lib/memcpy.o
  AS      arch/riscv/lib/memmove.o
  AS      arch/riscv/lib/memset.o
  CC      arch/riscv/lib/riscv_v_helpers.o
  CC      lib/plist.o
  CC      lib/radix-tree.o
  CC      kernel/audit_watch.o
  AS      arch/riscv/lib/strchr.o
  AS      arch/riscv/lib/strcmp.o
  AS      arch/riscv/lib/strlen.o
  AS      arch/riscv/lib/strncmp.o
  AS      arch/riscv/lib/strnlen.o
  AS      arch/riscv/lib/strrchr.o
  AS      arch/riscv/lib/tishift.o
  AS      arch/riscv/lib/uaccess.o
  AS      arch/riscv/lib/uaccess_vector.o
  AR      arch/riscv/lib/lib.a
  CC      drivers/cache/sifive_ccache.o
  CC      lib/ratelimit.o
  CC      kernel/audit_fsnotify.o
  CC      lib/rbtree.o
  CC      fs/ext4/indirect.o
  AR      drivers/cache/built-in.a
  CC      drivers/irqchip/irqchip.o
  CC      lib/seq_buf.o
  CC      kernel/audit_tree.o
  CC      drivers/irqchip/irq-msi-lib.o
  CC      lib/siphash.o
  CC      lib/string.o
  CC      lib/sys_info.o
  CC      fs/ext4/inline.o
  CC      drivers/irqchip/irq-riscv-intc.o
  CC      kernel/seccomp.o
  CC      lib/timerqueue.o
  CC      lib/union_find.o
  CC      lib/vsprintf.o
  CC      drivers/irqchip/irq-riscv-aplic-main.o
  CC      fs/ext4/inode.o
  CC      drivers/irqchip/irq-riscv-aplic-direct.o
  CC      kernel/utsname_sysctl.o
  CC      kernel/tracepoint.o
  CC      drivers/irqchip/irq-riscv-aplic-msi.o
  CC      kernel/trace/trace_clock.o
  CC      lib/win_minmax.o
  CC      drivers/irqchip/irq-riscv-imsic-state.o
  CC      kernel/trace/ring_buffer.o
  CC      lib/xarray.o
  CC      fs/ext4/ioctl.o
  CC      drivers/irqchip/irq-riscv-imsic-early.o
  CC      lib/lockref.o
  CC      drivers/irqchip/irq-riscv-imsic-platform.o
  CC      lib/bcd.o
  CC      lib/sort.o
  CC      lib/parser.o
  CC      fs/ext4/mballoc.o
  CC      lib/debug_locks.o
  CC      drivers/irqchip/irq-riscv-rpmi-sysmsi.o
  CC      kernel/trace/trace.o
  CC      lib/random32.o
  CC      lib/bust_spinlocks.o
  CC      drivers/irqchip/irq-sifive-plic.o
  CC      lib/kasprintf.o
  CC      lib/bitmap.o
  CC      drivers/irqchip/irq-starfive-jhb100-intc.o
  CC      lib/scatterlist.o
  CC      fs/ext4/migrate.o
  AR      drivers/irqchip/built-in.a
  CC      drivers/bus/simple-pm-bus.o
  CC      kernel/trace/trace_output.o
  AR      drivers/bus/built-in.a
  CC      drivers/phy/phy-core.o
  CC      fs/ext4/mmp.o
  CC      lib/list_sort.o
  CC      lib/uuid.o
  CC      lib/iov_iter.o
  CC      fs/ext4/move_extent.o
  CC      drivers/phy/phy-core-mipi-dphy.o
  CC      kernel/trace/trace_seq.o
  CC      kernel/trace/trace_stat.o
  CC      drivers/phy/spacemit/phy-k1-pcie.o
  CC      lib/clz_ctz.o
  CC      lib/bsearch.o
  CC      fs/ext4/namei.o
  CC      kernel/trace/trace_printk.o
  CC      lib/find_bit.o
  AR      drivers/phy/spacemit/built-in.a
  AR      drivers/phy/built-in.a
  CC      drivers/pinctrl/core.o
  CC      lib/llist.o
  CC      lib/lwq.o
  CC      lib/memweight.o
  CC      lib/kfifo.o
  CC      kernel/trace/trace_pid.o
  CC      drivers/pinctrl/pinctrl-utils.o
  CC      fs/ext4/page-io.o
  CC      lib/percpu-refcount.o
  CC      drivers/pinctrl/pinmux.o
  CC      kernel/trace/pid_list.o
  CC      lib/rhashtable.o
  CC      fs/ext4/readpage.o
  CC      drivers/pinctrl/pinconf.o
  CC      kernel/trace/trace_sched_switch.o
  CC      drivers/pinctrl/pinconf-generic.o
  CC      lib/base64.o
  CC      lib/once.o
  CC      fs/ext4/resize.o
  CC      drivers/pinctrl/pinctrl-generic.o
  CC      lib/refcount.o
  CC      kernel/trace/trace_nop.o
  CC      lib/rcuref.o
  CC      lib/usercopy.o
  CC      drivers/pinctrl/devicetree.o
  CC      kernel/trace/blktrace.o
  CC      lib/errseq.o
  CC      fs/ext4/super.o
  CC      lib/bucket_locks.o
  CC      drivers/pinctrl/pinctrl-th1520.o
  CC      lib/generic-radix-tree.o
  CC      kernel/trace/trace_events.o
  CC      drivers/pinctrl/sophgo/pinctrl-sophgo-common.o
  CC      lib/bitmap-str.o
  CC      drivers/pinctrl/sophgo/pinctrl-cv18xx.o
  CC      lib/string_helpers.o
  CC      drivers/pinctrl/sophgo/pinctrl-cv1800b.o
  CC      kernel/trace/trace_export.o
  CC      lib/hexdump.o
  CC      drivers/pinctrl/sophgo/pinctrl-cv1812h.o
  CC      lib/kstrtox.o
  CC      kernel/trace/trace_event_perf.o
  CC      lib/math/div64.o
  CC      lib/math/gcd.o
  CC      drivers/pinctrl/sophgo/pinctrl-sg2000.o
  CC      lib/math/lcm.o
  CC      lib/math/int_log.o
  CC      lib/math/int_pow.o
  CC      lib/math/int_sqrt.o
  CC      lib/math/reciprocal_div.o
  CC      lib/math/rational.o
  CC      kernel/trace/trace_events_filter.o
  AR      lib/math/built-in.a
  CC      lib/crc/crc7.o
  CC      drivers/pinctrl/sophgo/pinctrl-sg2002.o
  CC      lib/crc/crc16.o
  CC      fs/ext4/symlink.o
  AR      drivers/pinctrl/sophgo/built-in.a
  AR      drivers/pinctrl/spacemit/built-in.a
  CC      drivers/pinctrl/starfive/pinctrl-starfive-jh7100.o
  CC      kernel/trace/trace_events_trigger.o
  CC      lib/crc/crc-itu-t.o
  CC      lib/crc/crc32-main.o
  CC      fs/ext4/sysfs.o
  CC      drivers/pinctrl/starfive/pinctrl-starfive-jh7110.o
  CC      lib/crc/riscv/crc32_lsb.o
  CC      lib/crc/riscv/crc32_msb.o
  CC      kernel/trace/trace_eprobe.o
  AR      lib/crc/built-in.a
  CC      lib/crypto/hash_info.o
  CC      fs/ext4/xattr.o
  CC      drivers/pinctrl/starfive/pinctrl-starfive-jh7110-sys.o
  CC      lib/crypto/blake2s.o
  CC      kernel/trace/bpf_trace.o
  CC      drivers/pinctrl/starfive/pinctrl-starfive-jh7110-aon.o
  CC      lib/crypto/chacha-block-generic.o
  CC      lib/crypto/sha1.o
  AR      drivers/pinctrl/starfive/built-in.a
  CC      drivers/pinctrl/sunxi/pinctrl-sunxi.o
  CC      fs/ext4/xattr_hurd.o
  CC      lib/crypto/sha256.o
  CC      fs/ext4/xattr_trusted.o
  CC      drivers/pinctrl/sunxi/pinctrl-sunxi-dt.o
  AR      lib/crypto/built-in.a
  CC      lib/vdso/datastore.o
  CC      fs/ext4/xattr_user.o
  CC      kernel/trace/error_report-traces.o
  CC      drivers/pinctrl/sunxi/pinctrl-sun20i-d1.o
  AR      lib/vdso/built-in.a
  CC      lib/iomap_copy.o
  CC      fs/ext4/fast_commit.o
  AR      drivers/pinctrl/sunxi/built-in.a
  CC      drivers/pinctrl/ultrarisc/pinctrl-ultrarisc.o
  CC      lib/devres.o
  CC      kernel/trace/power-traces.o
  CC      drivers/pinctrl/ultrarisc/pinctrl-dp1000.o
  CC      lib/hweight.o
  CC      lib/assoc_array.o
  AR      drivers/pinctrl/ultrarisc/built-in.a
  AR      drivers/pinctrl/built-in.a
  CC      drivers/gpio/gpiolib.o
  CC      fs/ext4/orphan.o
  CC      lib/bitrev.o
  CC      kernel/trace/rpm-traces.o
  CC      lib/linear_ranges.o
  CC      fs/ext4/acl.o
  CC      kernel/trace/trace_dynevent.o
  CC      lib/genalloc.o
  AR      fs/ext4/built-in.a
  CC      fs/jbd2/transaction.o
  CC      lib/zlib_inflate/inffast.o
  CC      kernel/trace/trace_probe.o
  CC      drivers/gpio/gpiolib-devres.o
  CC      lib/zlib_inflate/inflate.o
  CC      lib/zlib_inflate/infutil.o
  CC      lib/zlib_inflate/inftrees.o
  CC      drivers/gpio/gpiolib-legacy.o
  CC      lib/zlib_inflate/inflate_syms.o
  CC      fs/jbd2/commit.o
  CC      kernel/trace/trace_uprobe.o
  AR      lib/zlib_inflate/built-in.a
  CC      lib/lzo/lzo1x_decompress_safe.o
  CC      drivers/gpio/gpiolib-of.o
  AR      lib/lzo/built-in.a
  CC      lib/lz4/lz4_decompress.o
  CC      drivers/gpio/gpiolib-cdev.o
  CC      fs/jbd2/recovery.o
  CC      kernel/trace/trace_branch.o
  AR      lib/lz4/built-in.a
  CC      lib/xz/xz_dec_syms.o
  CC      fs/jbd2/checkpoint.o
  CC      drivers/gpio/gpiolib-swnode.o
  CC      lib/xz/xz_dec_stream.o
  AR      kernel/trace/built-in.a
  CC      kernel/irq_work.o
  CC      lib/xz/xz_dec_lzma2.o
  CC      fs/jbd2/revoke.o
  CC      drivers/gpio/gpio-mmio.o
  CC      lib/xz/xz_dec_bcj.o
  CC      kernel/cpu_pm.o
  CC      fs/jbd2/journal.o
  AR      lib/xz/built-in.a
  CC      lib/percpu_counter.o
  CC      drivers/gpio/gpio-dwapb.o
  CC      lib/audit.o
  CC      kernel/bpf/core.o
  CC      drivers/gpio/gpio-sifive.o
  CC      lib/syscall.o
  CC      drivers/gpio/gpio-spacemit-k1.o
  CC      lib/errname.o
  CC      lib/nlattr.o
  AR      fs/jbd2/built-in.a
  CC      fs/ramfs/inode.o
  AR      drivers/gpio/built-in.a
  AR      drivers/pwm/built-in.a
  CC      drivers/pci/access.o
  CC      fs/ramfs/file-mmu.o
  CC      kernel/bpf/syscall.o
  CC      lib/checksum.o
  CC      drivers/pci/bus.o
  CC      lib/cpu_rmap.o
  AR      fs/ramfs/built-in.a
  CC      fs/hugetlbfs/inode.o
  CC      drivers/pci/probe.o
  CC      lib/dynamic_queue_limits.o
  AR      fs/hugetlbfs/built-in.a
  CC      lib/glob.o
  CC      fs/fat/cache.o
  CC      drivers/pci/host-bridge.o
  CC      lib/dim/dim.o
  CC      kernel/bpf/verifier.o
  CC      fs/fat/dir.o
  CC      lib/dim/net_dim.o
  CC      drivers/pci/remove.o
  CC      drivers/pci/pci.o
  CC      lib/dim/rdma_dim.o
  CC      fs/fat/fatent.o
  AR      lib/dim/built-in.a
  CC      lib/strncpy_from_user.o
  CC      lib/strnlen_user.o
  CC      fs/fat/file.o
  CC      lib/net_utils.o
  CC      drivers/pci/pci-driver.o
  CC      fs/fat/inode.o
  CC      lib/sg_pool.o
  CC      lib/memregion.o
  CC      drivers/pci/search.o
  CC      lib/stackdepot.o
  CC      fs/fat/misc.o
  CC      drivers/pci/rebar.o
  CC      lib/fonts/fonts.o
  CC      fs/fat/nfs.o
  CC      lib/fonts/font_8x16.o
  CC      drivers/pci/rom.o
  AR      lib/fonts/built-in.a
  CC      lib/ucs2_string.o
  CC      fs/fat/namei_vfat.o
  CC      drivers/pci/setup-res.o
  CC      kernel/bpf/inode.o
  CC      lib/sbitmap.o
  CC      drivers/pci/irq.o
  CC      fs/fat/namei_msdos.o
  CC      lib/group_cpus.o
  CC      drivers/pci/vpd.o
  CC      kernel/bpf/helpers.o
  AR      fs/fat/built-in.a
  CC      fs/isofs/namei.o
  CC      lib/devmem_is_allowed.o
  CC      drivers/pci/setup-bus.o
  CC      fs/isofs/inode.o
  AR      lib/lib.a
  AR      lib/built-in.a
  CC      net/devres.o
  CC      fs/isofs/dir.o
  CC      kernel/bpf/tnum.o
  CC      drivers/pci/vc.o
  CC      net/socket.o
  CC      kernel/bpf/cnum.o
  CC      kernel/bpf/log.o
  CC      fs/isofs/util.o
  CC      drivers/pci/mmap.o
  CC      fs/isofs/rock.o
  CC      drivers/pci/devres.o
  CC      kernel/bpf/token.o
  CC      fs/isofs/export.o
  CC      drivers/pci/msi/pcidev_msi.o
  CC      net/core/sock.o
  CC      kernel/bpf/liveness.o
  CC      fs/isofs/compress.o
  CC      drivers/pci/msi/api.o
  AR      fs/isofs/built-in.a
  CC      drivers/pci/msi/msi.o
  CC      fs/nfs/client.o
  CC      kernel/bpf/const_fold.o
  CC      drivers/pci/msi/irqdomain.o
  CC      net/core/skbuff.o
  CC      kernel/bpf/bpf_iter.o
  AR      drivers/pci/msi/built-in.a
  CC      fs/nfs/dir.o
  CC      drivers/pci/pcie/portdrv.o
  CC      drivers/pci/pcie/rcec.o
  CC      kernel/bpf/map_iter.o
  CC      drivers/pci/pcie/bwctrl.o
  CC      kernel/bpf/task_iter.o
  CC      fs/nfs/file.o
  CC      drivers/pci/pcie/aspm.o
  CC      net/core/datagram.o
  CC      kernel/bpf/prog_iter.o
  CC      drivers/pci/pcie/pme.o
  CC      fs/nfs/getroot.o
  CC      kernel/bpf/link_iter.o
  AR      drivers/pci/pcie/built-in.a
  CC      drivers/pci/pwrctrl/core.o
  CC      net/core/stream.o
  CC      fs/nfs/inode.o
  CC      kernel/bpf/hashtab.o
  CC      drivers/pci/pwrctrl/generic.o
  AR      drivers/pci/pwrctrl/built-in.a
  CC      drivers/pci/proc.o
  CC      net/core/scm.o
  CC      drivers/pci/pci-sysfs.o
  CC      net/core/gen_stats.o
  CC      fs/nfs/super.o
  CC      kernel/bpf/arraymap.o
  CC      drivers/pci/slot.o
  CC      net/core/gen_estimator.o
  CC      fs/nfs/io.o
  CC      drivers/pci/iomap.o
  CC      kernel/bpf/percpu_freelist.o
  CC      net/core/net_namespace.o
  CC      kernel/bpf/bpf_lru_list.o
  CC      drivers/pci/of.o
  CC      fs/nfs/direct.o
  CC      kernel/bpf/lpm_trie.o
  CC      drivers/pci/quirks.o
  CC      net/core/secure_seq.o
  CC      kernel/bpf/map_in_map.o
  CC      fs/nfs/pagelist.o
  CC      drivers/pci/pci-label.o
  CC      net/core/flow_dissector.o
  CC      kernel/bpf/bloom_filter.o
  CC      drivers/pci/ecam.o
  CC      kernel/bpf/local_storage.o
  CC      drivers/pci/vgaarb.o
  CC      fs/nfs/read.o
  CC      net/core/sysctl_net_core.o
  CC      kernel/bpf/queue_stack_maps.o
  CC      drivers/pci/controller/pci-host-common.o
  CC      kernel/bpf/ringbuf.o
  CC      drivers/pci/controller/pci-host-generic.o
  CC      fs/nfs/symlink.o
  CC      net/core/dev.o
  CC      drivers/pci/controller/pcie-xilinx.o
  CC      kernel/bpf/bpf_insn_array.o
  CC      fs/nfs/unlink.o
  CC      drivers/pci/controller/dwc/pcie-designware.o
  CC      kernel/bpf/bpf_local_storage.o
  CC      drivers/pci/controller/dwc/pcie-designware-host.o
  CC      fs/nfs/write.o
  CC      kernel/bpf/bpf_task_storage.o
  CC      drivers/pci/controller/dwc/pcie-fu740.o
  CC      kernel/bpf/fixups.o
  CC      drivers/pci/controller/dwc/pcie-spacemit-k1.o
  CC      fs/nfs/namespace.o
  CC      drivers/pci/controller/dwc/pcie-ultrarisc.o
  CC      net/core/dev_api.o
  CC      kernel/bpf/cfg.o
  AR      drivers/pci/controller/dwc/built-in.a
  AR      drivers/pci/controller/plda/built-in.a
  AR      drivers/pci/controller/built-in.a
  CC      drivers/pci/trace.o
  CC      fs/nfs/mount_clnt.o
  CC      net/core/dev_addr_lists.o
  AR      drivers/pci/built-in.a
  CC      drivers/video/cmdline.o
  CC      kernel/bpf/states.o
  CC      fs/nfs/nfstrace.o
  CC      drivers/video/nomodeset.o
  CC      net/core/dst.o
  CC      drivers/video/console/dummycon.o
  CC      kernel/bpf/backtrack.o
  AR      drivers/video/console/built-in.a
  CC      drivers/video/fbdev/core/fb_notify.o
  CC      net/core/netevent.o
  CC      drivers/video/fbdev/core/fb_info.o
  CC      kernel/bpf/check_btf.o
  CC      net/core/neighbour.o
  CC      fs/nfs/export.o
  CC      drivers/video/fbdev/core/fbmem.o
  CC      kernel/bpf/disasm.o
  CC      drivers/video/fbdev/core/fbcmap.o
  CC      fs/nfs/sysfs.o
  CC      kernel/bpf/mprog.o
  CC      drivers/video/fbdev/core/modedb.o
  CC      net/core/rtnetlink.o
  CC      kernel/bpf/btf.o
  CC      drivers/video/fbdev/core/fbcvt.o
  CC      fs/nfs/fs_context.o
  CC      drivers/video/fbdev/core/fb_cmdline.o
  CC      drivers/video/fbdev/core/fb_backlight.o
  CC      fs/nfs/sysctl.o
  CC      net/core/utils.o
  CC      drivers/video/fbdev/core/fbmon.o
  CC      fs/nfs/nfs3super.o
  CC      kernel/bpf/memalloc.o
  CC      drivers/video/fbdev/core/fb_chrdev.o
  CC      net/core/link_watch.o
  CC      fs/nfs/nfs3client.o
  CC      drivers/video/fbdev/core/fb_procfs.o
  CC      net/core/filter.o
  CC      kernel/bpf/rqspinlock.o
  CC      fs/nfs/nfs3proc.o
  CC      drivers/video/fbdev/core/fbsysfs.o
  CC      kernel/bpf/stream.o
  AR      drivers/video/fbdev/core/built-in.a
  AR      drivers/video/fbdev/built-in.a
  AR      drivers/video/built-in.a
  CC      drivers/amba/bus.o
  CC      fs/nfs/nfs3xdr.o
  CC      kernel/bpf/arena.o
  AR      drivers/amba/built-in.a
  CC      drivers/clk/clk-devres.o
  CC      drivers/clk/clk-bulk.o
  CC      kernel/bpf/range_tree.o
  CC      fs/nfs/nfs4proc.o
  CC      drivers/clk/clkdev.o
  CC      kernel/bpf/devmap.o
  CC      drivers/clk/clk.o
  CC      net/core/sock_diag.o
  CC      kernel/bpf/cpumap.o
  CC      net/core/dev_ioctl.o
  CC      drivers/clk/clk-divider.o
  CC      kernel/bpf/offload.o
  CC      net/core/tso.o
  CC      drivers/clk/clk-fixed-factor.o
  CC      fs/nfs/nfs4xdr.o
  CC      drivers/clk/clk-fixed-rate.o
  CC      net/core/sock_reuseport.o
  CC      kernel/bpf/net_namespace.o
  CC      drivers/clk/clk-gate.o
  CC      drivers/clk/clk-multiplier.o
  CC      kernel/bpf/tcx.o
  CC      net/core/fib_notifier.o
  CC      drivers/clk/clk-mux.o
  CC      drivers/clk/clk-composite.o
  CC      fs/nfs/nfs4state.o
  CC      net/core/xdp.o
  CC      kernel/bpf/stackmap.o
  CC      drivers/clk/clk-fractional-divider.o
  CC      drivers/clk/clk-gpio.o
  CC      kernel/bpf/cgroup_iter.o
  CC      net/core/flow_offload.o
  CC      drivers/clk/clk-conf.o
  CC      fs/nfs/nfs4renewd.o
  CC      kernel/bpf/bpf_cgrp_storage.o
  CC      drivers/clk/eswin/clk.o
  CC      net/core/gro.o
  CC      fs/nfs/nfs4super.o
  CC      drivers/clk/eswin/clk-eic7700.o
  CC      kernel/bpf/cgroup.o
  AR      drivers/clk/eswin/built-in.a
  CC      drivers/clk/microchip/clk-mpfs.o
  CC      fs/nfs/nfs4file.o
  CC      net/core/netdev-genl.o
  CC      drivers/clk/microchip/clk-mpfs-ccc.o
  AR      drivers/clk/microchip/built-in.a
  CC      drivers/clk/sophgo/clk-cv1800.o
  CC      kernel/bpf/reuseport_array.o
  CC      fs/nfs/delegation.o
  CC      drivers/clk/sophgo/clk-cv18xx-common.o
  CC      net/core/netdev-genl-gen.o
  CC      drivers/clk/sophgo/clk-cv18xx-ip.o
  CC      kernel/bpf/crypto.o
  CC      drivers/clk/sophgo/clk-cv18xx-pll.o
  CC      net/core/netdev_work.o
  CC      drivers/clk/sophgo/clk-sg2042-clkgen.o
  CC      kernel/bpf/relo_core.o
  CC      fs/nfs/nfs4idmap.o
  CC      net/core/gso.o
  CC      drivers/clk/sophgo/clk-sg2042-pll.o
  CC      drivers/clk/sophgo/clk-sg2042-rpgate.o
  CC      kernel/bpf/btf_iter.o
  CC      net/core/net-sysfs.o
  CC      fs/nfs/callback.o
  AR      drivers/clk/sophgo/built-in.a
  CC      drivers/clk/spacemit/ccu_common.o
  CC      kernel/bpf/btf_relocate.o
  CC      drivers/clk/spacemit/ccu_pll.o
  CC      fs/nfs/callback_xdr.o
  CC      drivers/clk/spacemit/ccu_mix.o
  CC      kernel/bpf/kmem_cache_iter.o
  CC      net/core/hotdata.o
  CC      drivers/clk/spacemit/ccu_ddn.o
  CC      kernel/bpf/dmabuf_iter.o
  CC      drivers/clk/spacemit/ccu-k3.o
  CC      net/core/netdev_config.o
  CC      fs/nfs/callback_proc.o
  AR      drivers/clk/spacemit/built-in.a
  CC      drivers/clk/starfive/clk-starfive-jh71x0.o
  AR      kernel/bpf/built-in.a
  CC      kernel/events/core.o
  CC      net/core/netdev_rx_queue.o
  CC      drivers/clk/starfive/clk-starfive-jh7100.o
  CC      fs/nfs/nfs4namespace.o
  CC      drivers/clk/starfive/clk-starfive-jh7110-pll.o
  CC      net/core/netdev_queues.o
  AR      drivers/clk/starfive/built-in.a
  AR      drivers/clk/sunxi-ng/built-in.a
  CC      drivers/clk/tenstorrent/atlantis-prcm.o
  CC      fs/nfs/nfs4getroot.o
  AR      drivers/clk/tenstorrent/built-in.a
  CC      drivers/clk/thead/clk-th1520-ap.o
  CC      net/core/page_pool.o
  AR      drivers/clk/thead/built-in.a
  AR      drivers/clk/built-in.a
  CC      drivers/soc/microchip/mpfs-irqmux.o
  CC      fs/nfs/nfs4client.o
  CC      drivers/soc/microchip/mpfs-control-scb.o
  CC      net/core/page_pool_user.o
  CC      kernel/events/ring_buffer.o
  CC      drivers/soc/microchip/mpfs-mss-top-sysreg.o
  CC      fs/nfs/nfs4session.o
  AR      drivers/soc/microchip/built-in.a
  CC      drivers/soc/sunxi/sunxi_sram.o
  CC      net/core/net-procfs.o
  CC      kernel/events/callchain.o
  AR      drivers/soc/sunxi/built-in.a
  AR      drivers/soc/built-in.a
  CC      drivers/pmdomain/starfive/jh71xx-pmu.o
  CC      fs/nfs/dns_resolve.o
  CC      kernel/events/uprobes.o
  CC      net/core/net-traces.o
  AR      drivers/pmdomain/starfive/built-in.a
  CC      drivers/pmdomain/sunxi/sun20i-ppu.o
  CC      fs/nfs/nfs4trace.o
  CC      drivers/pmdomain/sunxi/sun55i-pck600.o
  AR      kernel/events/built-in.a
  CC      kernel/padata.o
  AR      drivers/pmdomain/sunxi/built-in.a
  CC      drivers/pmdomain/core.o
  CC      kernel/jump_label.o
  CC      kernel/context_tracking.o
  CC      drivers/pmdomain/governor.o
  CC      kernel/iomem.o
  AR      drivers/pmdomain/built-in.a
  CC      drivers/virtio/virtio.o
  CC      net/core/netprio_cgroup.o
  CC      kernel/rseq.o
  CC      fs/nfs/pnfs.o
  CC      drivers/virtio/virtio_ring.o
  CC      net/core/netclassid_cgroup.o
  GZIP    kernel/config_data.gz
  CC      kernel/configs.o
  AR      kernel/built-in.a
  CC      net/core/dst_cache.o
  CC      net/core/gro_cells.o
  CC      drivers/virtio/virtio_anchor.o
  CC      fs/nfs/pnfs_dev.o
  CC      net/core/skmsg.o
  CC      drivers/virtio/virtio_pci_modern_dev.o
  CC      net/core/sock_map.o
  CC      drivers/virtio/virtio_pci_legacy_dev.o
  CC      fs/nfs/pnfs_nfs.o
  CC      net/core/bpf_sk_storage.o
  CC      drivers/virtio/virtio_pci_modern.o
  CC      drivers/virtio/virtio_pci_common.o
  CC      drivers/virtio/virtio_pci_legacy.o
  CC      net/core/of_net.o
  CC      net/core/devmem.o
  CC      fs/nfs/nfs4sysctl.o
  CC      drivers/virtio/virtio_input.o
  CC      fs/nfs/filelayout/filelayout.o
  AR      drivers/virtio/built-in.a
  CC      drivers/regulator/core.o
  AR      net/core/built-in.a
  CC      net/compat.o
  CC      fs/nfs/filelayout/filelayoutdev.o
  CC      fs/nfs/flexfilelayout/flexfilelayout.o
  CC      net/ethernet/eth.o
  AR      fs/nfs/filelayout/built-in.a
  CC      fs/nfs/flexfilelayout/flexfilelayoutdev.o
  CC      drivers/regulator/dummy.o
  AR      net/ethernet/built-in.a
  CC      net/sched/sch_generic.o
  CC      net/sched/sch_mq.o
  CC      drivers/regulator/fixed-helper.o
  AR      fs/nfs/flexfilelayout/built-in.a
  AR      fs/nfs/built-in.a
  CC      fs/exportfs/expfs.o
  AR      fs/exportfs/built-in.a
  CC      drivers/regulator/helpers.o
  CC      fs/lockd/clntlock.o
  CC      net/sched/sch_frag.o
  CC      drivers/regulator/devres.o
  CC      drivers/reset/core.o
  CC      fs/lockd/clntproc.o
  CC      net/sched/sch_api.o
  CC      drivers/regulator/irq_helpers.o
  CC      drivers/reset/spacemit/reset-spacemit-common.o
  CC      drivers/regulator/of_regulator.o
  CC      fs/lockd/clntxdr.o
  CC      drivers/reset/spacemit/reset-spacemit-k3.o
  CC      net/sched/sch_blackhole.o
  AR      drivers/reset/spacemit/built-in.a
  CC      drivers/reset/starfive/reset-starfive-jh71x0.o
  CC      drivers/regulator/fixed.o
  CC      fs/lockd/host.o
  CC      drivers/reset/starfive/reset-starfive-jh7100.o
  CC      drivers/regulator/axp20x-regulator.o
  CC      net/sched/cls_api.o
  AR      drivers/reset/starfive/built-in.a
  CC      drivers/reset/reset-mpfs.o
  CC      fs/lockd/svc.o
  CC      drivers/regulator/gpio-regulator.o
  CC      drivers/reset/reset-simple.o
  CC      drivers/reset/reset-sunxi.o
  CC      drivers/regulator/spacemit-p1.o
  CC      drivers/reset/reset-tenstorrent-atlantis.o
  CC      net/sched/sch_fifo.o
  CC      fs/lockd/svclock.o
  CC      drivers/regulator/sun20i-regulator.o
  AR      drivers/reset/built-in.a
  CC      drivers/tty/tty_io.o
  AR      drivers/regulator/built-in.a
  CC      drivers/char/mem.o
  AR      net/sched/built-in.a
  CC      net/netlink/af_netlink.o
  CC      fs/lockd/svcshare.o
  CC      drivers/char/random.o
  CC      drivers/tty/n_tty.o
  CC      fs/lockd/svcproc.o
  CC      drivers/tty/tty_ioctl.o
  CC      net/netlink/genetlink.o
  CC      drivers/char/misc.o
  CC      fs/lockd/svcsubs.o
  CC      drivers/char/virtio_console.o
  CC      drivers/tty/tty_ldisc.o
  CC      net/netlink/policy.o
  CC      drivers/tty/tty_buffer.o
  CC      drivers/char/hw_random/core.o
  CC      fs/lockd/mon.o
  CC      drivers/tty/tty_port.o
  CC      net/netlink/diag.o
  CC      drivers/char/hw_random/atmel-rng.o
  CC      drivers/tty/tty_mutex.o
  CC      fs/lockd/trace.o
  AR      drivers/char/hw_random/built-in.a
  AR      drivers/char/built-in.a
  CC      drivers/tty/tty_ldsem.o
  AR      net/netlink/built-in.a
  CC      net/bpf/test_run.o
  CC      drivers/tty/tty_baudrate.o
  CC      drivers/tty/tty_jobctrl.o
  CC      drivers/tty/n_null.o
  CC      fs/lockd/netlink.o
  CC      drivers/tty/pty.o
  CC      drivers/tty/tty_audit.o
  CC      fs/lockd/nlm3xdr_gen.o
  AR      net/bpf/built-in.a
  CC      drivers/tty/vt/vt_ioctl.o
  CC      drivers/tty/hvc/hvc_console.o
  CC      net/ethtool/ioctl.o
  CC      fs/lockd/clnt4xdr.o
  AR      drivers/tty/hvc/built-in.a
  CC      net/ethtool/common.o
  CC      drivers/tty/vt/vc_screen.o
  CC      drivers/tty/vt/selection.o
  CC      fs/lockd/svc4proc.o
  CC      net/ethtool/netlink.o
  CC      net/ethtool/bitset.o
  CC      drivers/tty/vt/keyboard.o
  CC      fs/lockd/nlm4xdr_gen.o
  CC      net/ethtool/strset.o
  CC      drivers/tty/vt/vt.o
  CC      drivers/tty/serial/serial_core.o
  CC      net/ethtool/linkinfo.o
  CC      fs/lockd/procfs.o
  CC      drivers/tty/vt/defkeymap.o
  CC      drivers/tty/vt/consolemap.o
  CC      net/ethtool/linkmodes.o
  AR      fs/lockd/built-in.a
  CC      drivers/tty/serial/serial_base_bus.o
  CC      fs/nls/nls_base.o
  CC      fs/nls/nls_cp437.o
  CC      drivers/tty/vt/consolemap_deftbl.o
  CC      drivers/tty/vt/ucs.o
  CC      drivers/tty/serial/serial_ctrl.o
  AR      drivers/tty/vt/built-in.a
  CC      drivers/tty/serial/serial_port.o
  CC      net/ethtool/rss.o
  CC      fs/nls/nls_iso8859-1.o
  CC      net/ethtool/linkstate.o
  CC      drivers/tty/serial/earlycon.o
  AR      fs/nls/built-in.a
  CC      fs/autofs/init.o
  CC      drivers/tty/serial/earlycon-riscv-sbi.o
  CC      net/ethtool/debug.o
  CC      fs/autofs/inode.o
  CC      net/ethtool/wol.o
  CC      drivers/tty/serial/8250/8250_core.o
  CC      fs/autofs/root.o
  CC      drivers/tty/serial/8250/8250_platform.o
  CC      net/ethtool/features.o
  CC      drivers/tty/serial/8250/8250_port.o
  CC      drivers/tty/serial/sifive.o
  CC      fs/autofs/symlink.o
  CC      net/ethtool/privflags.o
  CC      drivers/tty/serial/serial_mctrl_gpio.o
  CC      fs/autofs/waitq.o
  CC      drivers/tty/serial/8250/8250_dwlib.o
  CC      drivers/tty/serial/8250/8250_pcilib.o
  CC      net/ethtool/rings.o
  CC      fs/autofs/expire.o
  CC      drivers/tty/serial/8250/8250_early.o
  CC      drivers/tty/serial/8250/8250_dw.o
  CC      fs/autofs/dev-ioctl.o
  CC      drivers/tty/serial/8250/8250_exar.o
  CC      net/ethtool/channels.o
  CC      net/netfilter/core.o
  AR      fs/autofs/built-in.a
  CC      fs/9p/vfs_super.o
  CC      drivers/tty/serial/8250/8250_of.o
  CC      net/ethtool/coalesce.o
  CC      drivers/tty/serial/8250/8250_pci.o
  CC      net/netfilter/nf_log.o
  CC      fs/9p/vfs_inode.o
  CC      net/ethtool/pause.o
  CC      fs/9p/vfs_inode_dotl.o
  CC      net/netfilter/nf_queue.o
  AR      drivers/tty/serial/8250/built-in.a
  AR      drivers/tty/serial/built-in.a
  AR      drivers/tty/built-in.a
  CC      drivers/iommu/riscv/iommu.o
  CC      net/ethtool/eee.o
  CC      fs/9p/vfs_addr.o
  CC      net/netfilter/nf_sockopt.o
  CC      drivers/iommu/riscv/iommu-platform.o
  CC      fs/9p/vfs_file.o
  CC      net/ethtool/tsinfo.o
  CC      drivers/iommu/riscv/iommu-pci.o
  CC      net/netfilter/utils.o
  CC      fs/9p/vfs_dir.o
  AR      drivers/iommu/riscv/built-in.a
  CC      drivers/iommu/generic_pt/fmt/iommu_riscv64.o
  CC      net/ethtool/cabletest.o
  CC      fs/9p/vfs_dentry.o
  CC      net/netfilter/nf_bpf_link.o
  AR      drivers/iommu/generic_pt/fmt/built-in.a
  CC      drivers/iommu/iommu.o
  CC      net/ethtool/tunnels.o
  CC      fs/9p/v9fs.o
  AR      net/netfilter/built-in.a
  CC      net/ipv4/route.o
  CC      fs/9p/fid.o
  CC      net/ethtool/fec.o
  CC      drivers/iommu/iommu-pages.o
  CC      fs/9p/xattr.o
  CC      drivers/iommu/iommu-traces.o
  CC      net/ethtool/eeprom.o
  AR      fs/9p/built-in.a
  CC      fs/debugfs/inode.o
  CC      net/ipv4/inetpeer.o
  CC      drivers/iommu/iommu-sysfs.o
  CC      net/ethtool/stats.o
  CC      drivers/iommu/of_iommu.o
  CC      fs/debugfs/file.o
  CC      net/ipv4/protocol.o
  AR      drivers/iommu/built-in.a
  CC      net/ethtool/phc_vclocks.o
  CC      drivers/base/component.o
  AR      fs/debugfs/built-in.a
  CC      fs/tracefs/inode.o
  CC      net/ipv4/ip_input.o
  CC      drivers/base/core.o
  CC      fs/tracefs/event_inode.o
  CC      net/ethtool/mm.o
  AR      fs/tracefs/built-in.a
  CC      net/ipv4/ip_fragment.o
  CC      net/ethtool/module.o
  AR      fs/built-in.a
  CC      net/ethtool/cmis_fw_update.o
  CC      drivers/base/bus.o
  CC      net/ipv4/ip_forward.o
  CC      net/ethtool/cmis_cdb.o
  CC      net/ethtool/pse-pd.o
  CC      drivers/base/dd.o
  CC      net/ethtool/plca.o
  CC      net/ethtool/phy.o
  CC      drivers/base/syscore.o
  CC      net/ipv4/ip_options.o
  CC      drivers/base/driver.o
  CC      net/ethtool/tsconfig.o
  CC      net/ethtool/mse.o
  CC      net/ipv4/ip_output.o
  CC      drivers/base/class.o
  CC      drivers/base/platform.o
  CC      drivers/base/cpu.o
  AR      net/ethtool/built-in.a
  CC      net/xfrm/xfrm_policy.o
  CC      drivers/base/firmware.o
  CC      net/ipv4/ip_sockglue.o
  CC      drivers/base/init.o
  CC      drivers/base/map.o
  CC      drivers/base/devres.o
  CC      drivers/base/attribute_container.o
  CC      drivers/base/transport_class.o
  CC      net/ipv4/inet_hashtables.o
  CC      drivers/base/topology.o
  CC      net/xfrm/xfrm_state.o
  CC      drivers/base/container.o
  CC      drivers/base/property.o
  CC      drivers/base/cacheinfo.o
  CC      net/ipv4/inet_timewait_sock.o
  CC      drivers/base/swnode.o
  CC      drivers/base/faux.o
  CC      drivers/base/auxiliary.o
  CC      drivers/block/loop.o
  CC      net/xfrm/xfrm_hash.o
  CC      drivers/base/devtmpfs.o
  CC      net/ipv4/inet_connection_sock.o
  CC      net/xfrm/xfrm_input.o
  CC      drivers/block/virtio_blk.o
  CC      drivers/base/power/sysfs.o
  CC      drivers/base/power/generic_ops.o
  CC      net/ipv4/tcp.o
  AR      drivers/block/built-in.a
  CC      drivers/base/firmware_loader/main.o
  CC      net/xfrm/xfrm_output.o
  CC      drivers/base/power/common.o
  CC      drivers/base/power/qos.o
  CC      drivers/base/firmware_loader/builtin/main.o
  AR      drivers/base/firmware_loader/builtin/built-in.a
  AR      drivers/base/firmware_loader/built-in.a
  CC      drivers/base/module.o
  CC      net/xfrm/xfrm_sysctl.o
  CC      drivers/base/auxiliary_sysfs.o
  CC      drivers/base/power/runtime.o
  CC      drivers/base/regmap/regmap.o
  CC      net/xfrm/xfrm_replay.o
  CC      drivers/base/power/wakeirq.o
  CC      net/ipv4/tcp_input.o
  CC      drivers/base/power/main.o
  CC      net/xfrm/xfrm_device.o
  CC      drivers/base/regmap/regcache.o
  CC      drivers/base/power/wakeup.o
  CC      net/xfrm/xfrm_nat_keepalive.o
  CC      drivers/base/regmap/regcache-rbtree.o
  CC      drivers/base/regmap/regcache-flat.o
  CC      drivers/base/power/wakeup_stats.o
  AR      net/xfrm/built-in.a
  CC      drivers/base/regmap/regcache-maple.o
  CC      net/ipv6/af_inet6.o
  CC      drivers/base/power/clock_ops.o
  CC      net/ipv4/tcp_output.o
  CC      drivers/base/regmap/regmap-debugfs.o
  AR      drivers/base/power/built-in.a
  CC      net/ipv6/anycast.o
  CC      drivers/base/regmap/regmap-i2c.o
  CC      net/ipv6/ip6_output.o
  CC      net/ipv6/ip6_input.o
  CC      drivers/base/regmap/regmap-mmio.o
  CC      net/ipv4/tcp_timer.o
  CC      drivers/base/regmap/regmap-irq.o
  CC      net/ipv6/addrconf.o
  CC      net/ipv6/addrlabel.o
  AR      drivers/base/regmap/built-in.a
  CC      drivers/base/pinctrl.o
  CC      net/ipv4/tcp_ipv4.o
  CC      drivers/base/platform-msi.o
  CC      net/ipv6/route.o
  CC      drivers/base/arch_topology.o
  CC      drivers/base/trace.o
  CC      net/ipv6/ip6_fib.o
  CC      net/ipv4/tcp_minisocks.o
  AR      drivers/base/built-in.a
  CC      drivers/misc/eeprom/eeprom_93cx6.o
  AR      drivers/misc/eeprom/built-in.a
  AR      drivers/misc/built-in.a
  CC      drivers/mfd/mfd-core.o
  CC      net/ipv6/ipv6_sockglue.o
  CC      net/ipv6/ndisc.o
  CC      net/ipv4/tcp_cong.o
  CC      drivers/mfd/axp20x.o
  CC      drivers/mfd/axp20x-i2c.o
  CC      net/ipv4/tcp_metrics.o
  CC      net/ipv6/udp.o
  CC      net/ipv6/raw.o
  CC      drivers/mfd/syscon.o
  CC      drivers/mfd/simple-mfd-i2c.o
  CC      net/ipv4/tcp_fastopen.o
  CC      net/ipv6/icmp.o
  AR      drivers/mfd/built-in.a
  CC      drivers/nvdimm/core.o
  CC      drivers/nvdimm/bus.o
  CC      net/ipv4/tcp_recovery.o
  CC      drivers/nvdimm/dimm_devs.o
  CC      drivers/nvdimm/nd_perf.o
  CC      net/ipv6/mcast.o
  CC      drivers/nvdimm/dimm.o
  CC      drivers/nvdimm/region_devs.o
  CC      net/ipv4/tcp_ulp.o
  CC      drivers/nvdimm/region.o
  CC      drivers/nvdimm/namespace_devs.o
  CC      net/ipv4/tcp_offload.o
  CC      drivers/nvdimm/label.o
  CC      net/ipv6/reassembly.o
  CC      drivers/nvdimm/badrange.o
  CC      drivers/nvdimm/claim.o
  CC      net/ipv4/tcp_plb.o
  CC      net/ipv6/tcp_ipv6.o
  CC      drivers/nvdimm/btt_devs.o
  CC      drivers/nvdimm/pmem.o
  CC      net/ipv4/datagram.o
  CC      drivers/nvdimm/btt.o
  CC      drivers/nvdimm/of_pmem.o
  CC      drivers/nvdimm/ramdax.o
  CC      net/ipv6/ping.o
  CC      net/ipv4/raw.o
  CC      net/ipv4/udp.o
  AR      drivers/nvdimm/built-in.a
  CC      drivers/dax/super.o
  CC      net/ipv6/exthdrs.o
  CC      drivers/dax/bus.o
  CC      net/ipv4/udp_offload.o
  AR      drivers/dax/built-in.a
  CC      drivers/dma-buf/dma-buf.o
  CC      net/ipv6/datagram.o
  CC      net/ipv4/arp.o
  CC      net/ipv4/icmp.o
  CC      drivers/dma-buf/dma-fence.o
  CC      net/ipv6/ip6_flowlabel.o
  CC      net/ipv4/devinet.o
  CC      net/ipv4/af_inet.o
  CC      drivers/dma-buf/dma-fence-array.o
  CC      net/ipv6/inet6_connection_sock.o
  CC      drivers/dma-buf/dma-fence-chain.o
  CC      drivers/dma-buf/dma-fence-unwrap.o
  CC      drivers/dma-buf/dma-resv.o
  CC      drivers/dma-buf/dma-buf-mapping.o
  CC      net/ipv6/udp_offload.o
  CC      net/ipv4/igmp.o
  CC      net/ipv4/fib_frontend.o
  CC      drivers/dma-buf/sync_file.o
  CC      net/ipv6/seg6.o
  AR      drivers/dma-buf/built-in.a
  CC      drivers/scsi/scsi.o
  CC      net/ipv4/fib_semantics.o
  CC      net/ipv4/fib_trie.o
  CC      net/ipv6/fib6_notifier.o
  CC      drivers/scsi/hosts.o
  CC      drivers/scsi/scsi_ioctl.o
  CC      net/ipv6/rpl.o
  CC      net/ipv4/fib_notifier.o
  CC      net/ipv4/inet_fragment.o
  CC      drivers/scsi/scsicam.o
  CC      net/ipv6/ioam6.o
  CC      net/ipv4/ping.o
  CC      drivers/scsi/scsi_error.o
  CC      net/ipv4/ip_tunnel_core.o
  CC      net/ipv6/sysctl_net_ipv6.o
  CC      drivers/scsi/scsi_lib.o
  CC      net/ipv4/gre_offload.o
  CC      net/ipv4/metrics.o
  CC      net/ipv6/xfrm6_policy.o
  CC      net/ipv4/netlink.o
  CC      drivers/scsi/scsi_lib_dma.o
  CC      net/ipv4/nexthop.o
  CC      drivers/scsi/scsi_scan.o
  CC      net/ipv6/xfrm6_state.o
  CC      net/ipv4/udp_tunnel_stub.o
  CC      drivers/scsi/scsi_sysfs.o
  CC      net/ipv6/xfrm6_input.o
  CC      net/ipv4/sysctl_net_ipv4.o
  CC      net/ipv4/proc.o
  CC      drivers/scsi/scsi_devinfo.o
  CC      net/ipv6/xfrm6_output.o
  CC      drivers/scsi/scsi_sysctl.o
  CC      net/ipv4/ipconfig.o
  CC      net/ipv4/netfilter.o
  CC      drivers/scsi/scsi_proc.o
  CC      net/ipv6/xfrm6_protocol.o
  CC      net/ipv4/inet_diag.o
  CC      drivers/scsi/scsi_debugfs.o
  CC      drivers/ata/libata-core.o
  CC      net/ipv6/netfilter.o
  CC      drivers/scsi/scsi_trace.o
  CC      net/ipv4/tcp_diag.o
  CC      drivers/scsi/scsi_logging.o
  CC      net/ipv6/proc.o
  CC      drivers/scsi/scsi_pm.o
  CC      net/ipv4/tcp_cubic.o
  CC      drivers/ata/libata-scsi.o
  CC      drivers/scsi/scsi_bsg.o
  CC      net/ipv6/addrconf_core.o
  CC      drivers/scsi/scsi_common.o
  CC      net/ipv4/tcp_bpf.o
  CC      drivers/scsi/virtio_scsi.o
  CC      drivers/ata/libata-eh.o
  CC      net/ipv6/exthdrs_core.o
  CC      drivers/scsi/sd.o
  CC      net/ipv4/udp_bpf.o
  CC      net/ipv6/ip6_checksum.o
  CC      drivers/ata/libata-transport.o
  CC      net/ipv4/xfrm4_policy.o
  CC      net/ipv6/ip6_icmp.o
  CC      drivers/ata/libata-trace.o
  CC      drivers/scsi/sr.o
  CC      net/ipv4/xfrm4_state.o
  CC      drivers/scsi/sr_ioctl.o
  CC      drivers/ata/libata-sata.o
  CC      net/ipv6/output_core.o
  CC      drivers/scsi/sr_vendor.o
  CC      net/ipv4/xfrm4_input.o
  CC      drivers/ata/libata-sff.o
  CC      net/ipv6/protocol.o
  AR      drivers/scsi/built-in.a
  CC      drivers/mtd/mtdcore.o
  CC      net/ipv4/xfrm4_output.o
  CC      net/ipv6/ip6_offload.o
  CC      drivers/ata/libata-pmp.o
  CC      drivers/mtd/mtdsuper.o
  CC      net/ipv4/xfrm4_protocol.o
  CC      drivers/ata/ahci.o
  CC      net/ipv6/exthdrs_offload.o
  CC      drivers/mtd/mtdconcat.o
  AR      net/ipv4/built-in.a
  CC      net/packet/af_packet.o
  CC      drivers/ata/libahci.o
  CC      drivers/mtd/mtdpart.o
  CC      net/ipv6/inet6_hashtables.o
  CC      drivers/mtd/mtdchar.o
  CC      drivers/ata/ahci_platform.o
  CC      drivers/mtd/parsers/ofpart_core.o
  CC      net/ipv6/mcast_snoop.o
  AR      drivers/mtd/parsers/built-in.a
  CC      drivers/mtd/chips/chipreg.o
  CC      drivers/ata/libahci_platform.o
  AR      drivers/mtd/chips/built-in.a
  AR      net/ipv6/built-in.a
  AR      net/packet/built-in.a
  CC      drivers/mtd/spi-nor/core.o
  CC      net/8021q/vlan_core.o
  CC      net/sunrpc/clnt.o
  AR      drivers/ata/built-in.a
  CC      net/sunrpc/xprt.o
  AR      net/8021q/built-in.a
  CC      net/9p/mod.o
  CC      drivers/mtd/spi-nor/sfdp.o
  CC      net/9p/client.o
  CC      net/sunrpc/socklib.o
  CC      net/sunrpc/xprtsock.o
  CC      drivers/mtd/spi-nor/swp.o
  CC      net/sunrpc/sched.o
  CC      net/9p/error.o
  CC      drivers/mtd/spi-nor/otp.o
  CC      net/9p/protocol.o
  CC      drivers/mtd/spi-nor/sysfs.o
  CC      net/9p/trans_common.o
  CC      net/sunrpc/auth.o
  CC      drivers/mtd/spi-nor/atmel.o
  CC      net/9p/trans_virtio.o
  CC      drivers/mtd/spi-nor/eon.o
  CC      drivers/mtd/spi-nor/esmt.o
  CC      net/sunrpc/auth_null.o
  AR      net/9p/built-in.a
  CC      net/sysctl_net.o
  CC      drivers/mtd/spi-nor/everspin.o
  CC      net/sunrpc/auth_tls.o
  CC      drivers/mtd/spi-nor/gigadevice.o
  CC      net/dns_resolver/dns_key.o
  CC      net/sunrpc/auth_unix.o
  CC      drivers/mtd/spi-nor/intel.o
  CC      net/dns_resolver/dns_query.o
  CC      net/sunrpc/svc.o
  CC      drivers/mtd/spi-nor/issi.o
  CC      net/sunrpc/svcsock.o
  AR      net/dns_resolver/built-in.a
  CC      net/sunrpc/svcauth.o
  CC      drivers/mtd/spi-nor/macronix.o
  CC      drivers/mtd/spi-nor/micron-st.o
  CC      net/sunrpc/svcauth_unix.o
  CC      net/sunrpc/addr.o
  CC      drivers/mtd/spi-nor/spansion.o
  CC      net/sunrpc/rpcb_clnt.o
  CC      drivers/mtd/spi-nor/sst.o
  CC      net/sunrpc/timer.o
  CC      drivers/mtd/spi-nor/winbond.o
  CC      net/sunrpc/xdr.o
  CC      net/sunrpc/sunrpc_syms.o
  CC      net/sunrpc/cache.o
  CC      drivers/mtd/spi-nor/xmc.o
  CC      drivers/mtd/spi-nor/debugfs.o
  CC      net/sunrpc/rpc_pipe.o
  AR      drivers/mtd/spi-nor/built-in.a
  AR      drivers/mtd/built-in.a
  CC      drivers/spi/spi.o
  CC      net/sunrpc/sysfs.o
  CC      net/sunrpc/svc_xprt.o
  CC      net/sunrpc/xprtmultipath.o
  CC      net/sunrpc/netlink.o
  CC      net/sunrpc/backchannel_rqst.o
  CC      net/sunrpc/stats.o
  CC      net/sunrpc/sysctl.o
  CC      drivers/spi/spi-mem.o
  CC      drivers/spi/spi-sifive.o
  CC      drivers/net/loopback.o
  AR      net/sunrpc/built-in.a
  CC      net/l3mdev/l3mdev.o
  CC      net/handshake/alert.o
  AR      drivers/spi/built-in.a
  CC      drivers/cdrom/cdrom.o
  AR      drivers/net/built-in.a
  AR      drivers/usb/built-in.a
  CC      drivers/input/serio/serio.o
  AR      net/l3mdev/built-in.a
  CC      net/handshake/genl.o
  CC      net/handshake/netlink.o
  AR      drivers/cdrom/built-in.a
  CC      drivers/input/serio/serport.o
  CC      drivers/input/serio/libps2.o
  CC      net/handshake/request.o
  CC      drivers/input/input.o
  CC      net/handshake/tlshd.o
  AR      drivers/input/serio/built-in.a
  CC      drivers/rtc/lib.o
  CC      net/handshake/trace.o
  CC      drivers/input/input-compat.o
  CC      drivers/rtc/class.o
  CC      drivers/input/input-mt.o
  CC      drivers/input/input-poller.o
  CC      drivers/rtc/interface.o
  CC      drivers/input/ff-core.o
  CC      drivers/input/touchscreen.o
  AR      net/handshake/built-in.a
  AR      net/built-in.a
  CC      drivers/input/touch-overlay.o
  CC      drivers/input/vivaldi-fmap.o
  CC      drivers/input/mousedev.o
  CC      drivers/input/evdev.o
  CC      drivers/rtc/nvmem.o
  CC      drivers/input/keyboard/atkbd.o
  CC      drivers/rtc/dev.o
  CC      drivers/rtc/proc.o
  CC      drivers/input/mouse/psmouse-base.o
  CC      drivers/input/keyboard/gpio_keys.o
  CC      drivers/rtc/sysfs.o
  CC      drivers/rtc/rtc-goldfish.o
  CC      drivers/input/mouse/synaptics.o
  AR      drivers/input/keyboard/built-in.a
  CC      drivers/input/mouse/focaltech.o
  CC      drivers/rtc/rtc-spacemit-p1.o
  CC      drivers/input/mouse/alps.o
  CC      drivers/input/mouse/byd.o
  AR      drivers/rtc/built-in.a
  CC      drivers/i2c/i2c-boardinfo.o
  CC      drivers/input/mouse/logips2pp.o
  CC      drivers/input/mouse/trackpoint.o
  CC      drivers/input/mouse/cypress_ps2.o
  CC      drivers/input/mouse/psmouse-smbus.o
  CC      drivers/i2c/i2c-core-base.o
  CC      drivers/i2c/i2c-core-smbus.o
  CC      drivers/i2c/i2c-core-of.o
  AR      drivers/input/mouse/built-in.a
  AR      drivers/input/built-in.a
  CC      drivers/i2c/busses/i2c-designware-common.o
  CC      drivers/power/reset/gpio-restart.o
  CC      drivers/power/sequencing/core.o
  CC      drivers/power/supply/power_supply_core.o
  CC      drivers/power/reset/spacemit-p1-reboot.o
  CC      drivers/i2c/busses/i2c-designware-master.o
  AR      drivers/power/sequencing/built-in.a
  CC      drivers/power/supply/power_supply_sysfs.o
  CC      drivers/power/reset/syscon-reboot.o
  CC      drivers/power/reset/syscon-poweroff.o
  AR      drivers/power/supply/built-in.a
  CC      drivers/i2c/busses/i2c-k1.o
  CC      drivers/hwmon/hwmon.o
  AR      drivers/power/reset/built-in.a
  CC      drivers/thermal/thermal_core.o
  AR      drivers/power/built-in.a
  CC      drivers/watchdog/watchdog_core.o
  AR      drivers/i2c/busses/built-in.a
  AR      drivers/i2c/built-in.a
  CC      drivers/opp/core.o
  CC      drivers/watchdog/watchdog_dev.o
  AR      drivers/hwmon/built-in.a
  CC      drivers/cpufreq/cpufreq.o
  CC      drivers/thermal/thermal_sysfs.o
  CC      drivers/watchdog/sunxi_wdt.o
  CC      drivers/thermal/thermal_trip.o
  CC      drivers/opp/cpu.o
  CC      drivers/watchdog/starfive-wdt.o
  CC      drivers/thermal/thermal_helpers.o
  CC      drivers/opp/of.o
  CC      drivers/cpufreq/freq_table.o
  CC      drivers/thermal/thermal_thresholds.o
  AR      drivers/watchdog/built-in.a
  CC      drivers/cpuidle/cpuidle.o
  CC      drivers/cpufreq/cpufreq_stats.o
  CC      drivers/opp/debugfs.o
  CC      drivers/thermal/thermal_hwmon.o
  CC      drivers/cpufreq/cpufreq_performance.o
  AR      drivers/opp/built-in.a
  CC      drivers/cpuidle/driver.o
  CC      drivers/mmc/core/core.o
  CC      drivers/thermal/thermal_of.o
  CC      drivers/cpufreq/cpufreq_userspace.o
  CC      drivers/cpuidle/governor.o
  CC      drivers/thermal/gov_step_wise.o
  CC      drivers/cpufreq/cpufreq_ondemand.o
  CC      drivers/cpuidle/sysfs.o
  AR      drivers/thermal/built-in.a
  CC      drivers/mmc/core/bus.o
  CC      drivers/mmc/core/host.o
  CC      drivers/cpufreq/cpufreq_governor.o
  CC      drivers/cpuidle/governors/menu.o
  CC      drivers/cpuidle/dt_idle_states.o
  CC      drivers/mmc/core/mmc.o
  CC      drivers/cpufreq/cpufreq_governor_attr_set.o
  AR      drivers/cpuidle/governors/built-in.a
  CC      drivers/cpuidle/dt_idle_genpd.o
  CC      drivers/cpuidle/cpuidle-riscv-sbi.o
  CC      drivers/cpufreq/cpufreq-dt.o
  CC      drivers/cpufreq/cpufreq-dt-platdev.o
  AR      drivers/cpuidle/built-in.a
  CC      drivers/firmware/dmi_scan.o
  CC      drivers/mmc/core/mmc_ops.o
  CC      drivers/firmware/dmi-id.o
  AR      drivers/cpufreq/built-in.a
  CC      drivers/clocksource/timer-of.o
  CC      drivers/firmware/efi/efi.o
  CC      drivers/mmc/core/sd.o
  CC      drivers/mmc/core/sd_ops.o
  CC      drivers/clocksource/timer-probe.o
  CC      drivers/clocksource/mmio.o
  CC      drivers/clocksource/timer-sun4i.o
  CC      drivers/firmware/efi/vars.o
  CC      drivers/mmc/core/sdio.o
  CC      drivers/clocksource/dummy_timer.o
  CC      drivers/clocksource/timer-riscv.o
  CC      drivers/firmware/efi/reboot.o
  CC      drivers/firmware/efi/memattr.o
  CC      drivers/mmc/core/sdio_ops.o
  AR      drivers/clocksource/built-in.a
  CC      drivers/firmware/efi/tpm.o
  CC      drivers/mmc/core/sdio_bus.o
  CC      drivers/firmware/efi/memmap.o
  CC      drivers/mmc/core/sdio_cis.o
  CC      drivers/firmware/efi/fdtparams.o
  CC      drivers/firmware/efi/esrt.o
  CC      drivers/firmware/efi/runtime-wrappers.o
  CC      drivers/mmc/core/sdio_io.o
  CC      drivers/mmc/core/sdio_irq.o
  CC      drivers/firmware/efi/efi-init.o
  CC      drivers/firmware/efi/riscv-runtime.o
  CC      drivers/mmc/core/sd_uhs2.o
  CC      drivers/mmc/core/slot-gpio.o
  CC      drivers/firmware/efi/earlycon.o
  CC      drivers/mmc/core/regulator.o
  CC      drivers/firmware/efi/libstub/alignedmem.o
  CC      drivers/mmc/core/pwrseq.o
  CC      drivers/mmc/core/debugfs.o
  CC      drivers/firmware/efi/libstub/efi-stub-entry.o
  CC      drivers/mmc/core/pwrseq_simple.o
  CC      drivers/mmc/core/block.o
  CC      drivers/mmc/core/queue.o
  CC      drivers/firmware/efi/libstub/efi-stub-helper.o
  CC      drivers/firmware/efi/libstub/efi-stub.o
  CC      drivers/firmware/efi/libstub/fdt.o
  AR      drivers/mmc/core/built-in.a
  CC      drivers/mmc/host/mmc_spi.o
  CC      drivers/firmware/efi/libstub/file.o
  CC      drivers/firmware/efi/libstub/gop.o
  CC      drivers/firmware/efi/libstub/intrinsics.o
  CC      drivers/mmc/host/of_mmc_spi.o
  CC      drivers/firmware/efi/libstub/kaslr.o
  CC      drivers/firmware/efi/libstub/lib-cmdline.o
  CC      drivers/firmware/efi/libstub/lib-ctype.o
  CC      drivers/firmware/efi/libstub/lib-fdt.o
  CC      drivers/firmware/efi/libstub/lib-fdt_empty_tree.o
  CC      drivers/mmc/host/dw_mmc.o
  CC      drivers/firmware/efi/libstub/lib-fdt_ro.o
  CC      drivers/of/base.o
  CC      drivers/firmware/efi/libstub/lib-fdt_rw.o
  CC      drivers/mmc/host/dw_mmc-pltfm.o
  CC      drivers/firmware/efi/libstub/lib-fdt_sw.o
  CC      drivers/firmware/efi/libstub/lib-fdt_wip.o
  CC      drivers/firmware/efi/libstub/mem.o
  CC      drivers/firmware/efi/libstub/pci.o
  CC      drivers/of/cpu.o
  CC      drivers/firmware/efi/libstub/primary_display.o
  CC      drivers/mmc/host/dw_mmc-starfive.o
  CC      drivers/firmware/efi/libstub/printk.o
  CC      drivers/of/device.o
  CC      drivers/firmware/efi/libstub/random.o
  CC      drivers/mmc/host/cqhci-core.o
  CC      drivers/firmware/efi/libstub/randomalloc.o
  CC      drivers/of/module.o
  CC      drivers/firmware/efi/libstub/riscv-stub.o
  CC      drivers/of/platform.o
  AR      drivers/mmc/host/built-in.a
  AR      drivers/mmc/built-in.a
  CC      drivers/mailbox/mailbox.o
  CC      drivers/of/property.o
  CC      drivers/firmware/efi/libstub/riscv.o
  CC      drivers/mailbox/sun6i-msgbox.o
  CC      drivers/of/kobj.o
  CC      drivers/firmware/efi/libstub/secureboot.o
  CC      drivers/of/fdt.o
  AS      drivers/of/empty_root.dtb.o
  CC      drivers/of/fdt_address.o
  CC      drivers/mailbox/riscv-sbi-mpxy-mbox.o
  CC      drivers/of/address.o
  CC      drivers/firmware/efi/libstub/skip_spaces.o
  CC      drivers/firmware/efi/libstub/string.o
  CC      drivers/firmware/efi/libstub/systable.o
  CC      drivers/of/irq.o
  AR      drivers/mailbox/built-in.a
  CC      drivers/rpmsg/rpmsg_core.o
  CC      drivers/firmware/efi/libstub/tpm.o
  CC      drivers/of/of_reserved_mem.o
  CC      drivers/firmware/efi/libstub/vsprintf.o
  STUBCPY drivers/firmware/efi/libstub/alignedmem.stub.o
  STUBCPY drivers/firmware/efi/libstub/efi-stub-entry.stub.o
  STUBCPY drivers/firmware/efi/libstub/efi-stub-helper.stub.o
  STUBCPY drivers/firmware/efi/libstub/efi-stub.stub.o
  STUBCPY drivers/firmware/efi/libstub/fdt.stub.o
  CC      drivers/rpmsg/rpmsg_char.o
  CC      drivers/rpmsg/rpmsg_ctrl.o
  STUBCPY drivers/firmware/efi/libstub/file.stub.o
  STUBCPY drivers/firmware/efi/libstub/gop.stub.o
  STUBCPY drivers/firmware/efi/libstub/intrinsics.stub.o
  STUBCPY drivers/firmware/efi/libstub/kaslr.stub.o
  STUBCPY drivers/firmware/efi/libstub/lib-cmdline.stub.o
  STUBCPY drivers/firmware/efi/libstub/lib-ctype.stub.o
  STUBCPY drivers/firmware/efi/libstub/lib-fdt.stub.o
  STUBCPY drivers/firmware/efi/libstub/lib-fdt_empty_tree.stub.o
  STUBCPY drivers/firmware/efi/libstub/lib-fdt_ro.stub.o
  STUBCPY drivers/firmware/efi/libstub/lib-fdt_rw.stub.o
  STUBCPY drivers/firmware/efi/libstub/lib-fdt_sw.stub.o
  STUBCPY drivers/firmware/efi/libstub/lib-fdt_wip.stub.o
  STUBCPY drivers/firmware/efi/libstub/mem.stub.o
  STUBCPY drivers/firmware/efi/libstub/pci.stub.o
  AR      drivers/of/built-in.a
  STUBCPY drivers/firmware/efi/libstub/primary_display.stub.o
  STUBCPY drivers/firmware/efi/libstub/printk.stub.o
  CC      drivers/rpmsg/rpmsg_ns.o
  STUBCPY drivers/firmware/efi/libstub/random.stub.o
  STUBCPY drivers/firmware/efi/libstub/randomalloc.stub.o
  STUBCPY drivers/firmware/efi/libstub/riscv-stub.stub.o
  STUBCPY drivers/firmware/efi/libstub/riscv.stub.o
  STUBCPY drivers/firmware/efi/libstub/secureboot.stub.o
  STUBCPY drivers/firmware/efi/libstub/skip_spaces.stub.o
  STUBCPY drivers/firmware/efi/libstub/string.stub.o
  STUBCPY drivers/firmware/efi/libstub/systable.stub.o
  STUBCPY drivers/firmware/efi/libstub/tpm.stub.o
  STUBCPY drivers/firmware/efi/libstub/vsprintf.stub.o
  AR      drivers/firmware/efi/libstub/lib.a
  AR      drivers/firmware/efi/built-in.a
  AR      drivers/firmware/built-in.a
  CC      drivers/iio/industrialio-core.o
  CC      drivers/rpmsg/virtio_rpmsg_bus.o
  CC      drivers/iio/industrialio-event.o
  CC      drivers/iio/inkern.o
  CC      drivers/perf/riscv_pmu.o
  CC      drivers/nvmem/core.o
  AR      drivers/rpmsg/built-in.a
  CC      drivers/nvmem/layouts.o
  AR      drivers/iio/built-in.a
  CC      drivers/nvmem/layouts/fixed-layout.o
  CC      drivers/perf/riscv_pmu_legacy.o
  AR      drivers/nvmem/layouts/built-in.a
  CC      drivers/perf/riscv_pmu_sbi.o
  AR      drivers/nvmem/built-in.a
  AR      drivers/perf/built-in.a
  AR      drivers/built-in.a
  AR      built-in.a
  AR      built-in-fixup.a
  COPY    vmlinux.a
  LD      vmlinux.o
  MODPOST vmlinux.symvers
  CC      .vmlinux.export.o
  UPD     include/generated/utsversion.h
  CC      init/version-timestamp.o
  KSYMS   .tmp_vmlinux0.kallsyms.S
  AS      .tmp_vmlinux0.kallsyms.o
  LD      .tmp_vmlinux1
  NM      .tmp_vmlinux1.syms
  KSYMS   .tmp_vmlinux1.kallsyms.S
  AS      .tmp_vmlinux1.kallsyms.o
  LD      .tmp_vmlinux2
  NM      .tmp_vmlinux2.syms
  KSYMS   .tmp_vmlinux2.kallsyms.S
  AS      .tmp_vmlinux2.kallsyms.o
  LD      vmlinux.unstripped
  NM      System.map
  SORTTAB vmlinux.unstripped
  OBJCOPY vmlinux
  GEN     modules.builtin.modinfo
  GEN     modules.builtin
  OBJCOPY arch/riscv/boot/Image
  Kernel: arch/riscv/boot/Image is ready
make[5]: Leaving directory '/mnt/git-volume/kernel-test-mainline/build/randdefnsconfig-riscv'
make[4]: Leaving directory '/mnt/git-volume/linux-mainline'
