make[4]: Entering directory '/mnt/git-volume/linux-mainline'
make[5]: Entering directory '/mnt/git-volume/kernel-test-mainline/build/rand500config-i386'
#
# configuration written to .config
#
Using .config as base
Merging /mnt/git-volume/linux-mainline/kernel/configs/tiny.config
Value of CONFIG_KERNEL_XZ is redefined by fragment /mnt/git-volume/linux-mainline/kernel/configs/tiny.config:
Previous value: # CONFIG_KERNEL_XZ is not set
New value: CONFIG_KERNEL_XZ=y

Value of CONFIG_CC_OPTIMIZE_FOR_SIZE is redefined by fragment /mnt/git-volume/linux-mainline/kernel/configs/tiny.config:
Previous value: # CONFIG_CC_OPTIMIZE_FOR_SIZE is not set
New value: CONFIG_CC_OPTIMIZE_FOR_SIZE=y

Value of CONFIG_SLUB_TINY is redefined by fragment /mnt/git-volume/linux-mainline/kernel/configs/tiny.config:
Previous value: # CONFIG_SLUB_TINY is not set
New value: CONFIG_SLUB_TINY=y

Merging /mnt/git-volume/linux-mainline/arch/x86/configs/tiny.config
Value of CONFIG_UNWINDER_GUESS is redefined by fragment /mnt/git-volume/linux-mainline/arch/x86/configs/tiny.config:
Previous value: # CONFIG_UNWINDER_GUESS is not set
New value: CONFIG_UNWINDER_GUESS=y

#
# merged configuration written to .config (needs make)
#
#
# configuration written to .config
#
make[5]: Leaving directory '/mnt/git-volume/kernel-test-mainline/build/rand500config-i386'
make[4]: Leaving directory '/mnt/git-volume/linux-mainline'
make[4]: Entering directory '/mnt/git-volume/linux-mainline'
make[5]: Entering directory '/tmp/tmp.5CGGdzoYJH'
  UPD     /tmp/tmp.5CGGdzoYJH/Makefile
  HOSTCC  scripts/basic/fixdep
  HOSTCC  scripts/kconfig/conf.o
  HOSTCC  scripts/kconfig/confdata.o
  HOSTCC  scripts/kconfig/expr.o
  LEX     scripts/kconfig/lexer.lex.c
  YACC    scripts/kconfig/parser.tab.[ch]
  HOSTCC  scripts/kconfig/lexer.lex.o
  HOSTCC  scripts/kconfig/menu.o
  HOSTCC  scripts/kconfig/parser.tab.o
  HOSTCC  scripts/kconfig/preprocess.o
  HOSTCC  scripts/kconfig/symbol.o
  HOSTCC  scripts/kconfig/util.o
  HOSTLD  scripts/kconfig/conf
KCONFIG_SEED=0xB3221EA4
#
# configuration written to .config
#
make[5]: Leaving directory '/tmp/tmp.5CGGdzoYJH'
make[4]: Leaving directory '/mnt/git-volume/linux-mainline'
make[4]: Entering directory '/mnt/git-volume/linux-mainline'
make[5]: Entering directory '/tmp/tmp.5CGGdzoYJH'
.config:8404:warning: override: reassigning to symbol PRINTK
.config:8408:warning: override: reassigning to symbol TTY
.config:8411:warning: override: reassigning to symbol BLK_DEV_INITRD
.config:8412:warning: override: reassigning to symbol RD_GZIP
.config:8415:warning: override: reassigning to symbol BINFMT_ELF
.config:8416:warning: override: reassigning to symbol BINFMT_SCRIPT
.config:8419:warning: override: reassigning to symbol TMPFS
.config:8422:warning: override: reassigning to symbol KERNEL_GZIP
.config:8428:warning: override: reassigning to symbol KERNEL_BZIP2
.config:8429:warning: override: reassigning to symbol KERNEL_LZMA
.config:8430:warning: override: reassigning to symbol KERNEL_XZ
.config:8431:warning: override: reassigning to symbol KERNEL_LZO
.config:8432:warning: override: reassigning to symbol KERNEL_LZ4
.config:8433:warning: override: reassigning to symbol KERNEL_ZSTD
.config:8436:warning: override: reassigning to symbol MODULES
.config:8439:warning: override: reassigning to symbol DRM
.config:8440:warning: override: reassigning to symbol SOUND
.config:8441:warning: override: reassigning to symbol STAGING
.config:8443:warning: override: reassigning to symbol MEDIA_SUPPORT
.config:8453:warning: override: reassigning to symbol KFENCE
.config:8454:warning: override: reassigning to symbol UBSAN
.config:8461:warning: override: reassigning to symbol RCU_TORTURE_TEST
.config:8462:warning: override: reassigning to symbol RCU_SCALE_TEST
.config:8463:warning: override: reassigning to symbol LOCK_TORTURE_TEST
.config:8473:warning: override: reassigning to symbol DEBUG_PREEMPT
.config:8474:warning: override: reassigning to symbol DEBUG_ATOMIC_SLEEP
.config:8481:warning: override: reassigning to symbol KUNIT
#
# configuration written to .config
#
make[5]: Leaving directory '/tmp/tmp.5CGGdzoYJH'
make[4]: Leaving directory '/mnt/git-volume/linux-mainline'
make[4]: Entering directory '/mnt/git-volume/linux-mainline'
make[5]: Entering directory '/mnt/git-volume/kernel-test-mainline/build/rand500config-i386'
.config:1378:warning: override: reassigning to symbol ARCH_HAS_STRICT_KERNEL_RWX
.config:1392:warning: override: reassigning to symbol CC_HAS_WORKING_NOSANITIZE_ADDRESS
.config:1397:warning: override: reassigning to symbol ARCH_MIGHT_HAVE_PC_SERIO
.config:1408:warning: override: reassigning to symbol HAVE_POSIX_CPU_TIMERS_TASK_WORK
.config:1416:warning: override: reassigning to symbol BCMA_POSSIBLE
.config:1417:warning: override: reassigning to symbol ARCH_WANT_BATCHED_UNMAP_TLB_FLUSH
.config:1419:warning: override: reassigning to symbol DEBUG_NOTIFIERS
.config:1431:warning: override: reassigning to symbol HAVE_GCC_PLUGINS
.config:1439:warning: override: reassigning to symbol ARCH_WANT_IPC_PARSE_VERSION
.config:1440:warning: override: reassigning to symbol HAVE_ARCH_KGDB
.config:1445:warning: override: reassigning to symbol ARCH_HAS_PREEMPT_LAZY
.config:1447:warning: override: reassigning to symbol HAVE_ARCH_PREL32_RELOCATIONS
.config:1452:warning: override: reassigning to symbol DEBUG_MEMORY_INIT
.config:1462:warning: override: reassigning to symbol ISA
.config:1466:warning: override: reassigning to symbol ARCH_SPARSEMEM_ENABLE
.config:1481:warning: override: reassigning to symbol X86_DEBUGCTLMSR
.config:1489:warning: override: reassigning to symbol EEPROM_93CX6
.config:1497:warning: override: reassigning to symbol HZ_PERIODIC
.config:1499:warning: override: reassigning to symbol DEBUG_MUTEXES
.config:1505:warning: override: reassigning to symbol STRICT_KERNEL_RWX
.config:1509:warning: override: reassigning to symbol INIT_ON_ALLOC_DEFAULT_ON
.config:1511:warning: override: reassigning to symbol ARCH_USE_QUEUED_RWLOCKS
.config:1513:warning: override: reassigning to symbol READABLE_ASM
.config:1514:warning: override: reassigning to symbol ARCH_HAS_SET_DIRECT_MAP
.config:1529:warning: override: reassigning to symbol CONFIGFS_FS
.config:1532:warning: override: reassigning to symbol COREDUMP
.config:1534:warning: override: reassigning to symbol HEADERS_INSTALL
.config:1539:warning: override: reassigning to symbol HAVE_MOVE_PUD
.config:1548:warning: override: reassigning to symbol MMU_GATHER_MERGE_VMAS
.config:1560:warning: override: reassigning to symbol KMAP_LOCAL
.config:1563:warning: override: reassigning to symbol HAS_IOPORT_MAP
.config:1571:warning: override: reassigning to symbol HAVE_KERNEL_GZIP
.config:1583:warning: override: reassigning to symbol CC_HAS_NAMED_AS
.config:1591:warning: override: reassigning to symbol PREEMPT_COUNT
.config:1595:warning: override: reassigning to symbol GENERIC_IRQ_RESERVATION_MODE
.config:1600:warning: override: reassigning to symbol NLS
.config:1614:warning: override: reassigning to symbol X86_DISABLED_FEATURE_XENPV
.config:1617:warning: override: reassigning to symbol HAVE_UID16
.config:1620:warning: override: reassigning to symbol HAVE_DYNAMIC_FTRACE
.config:1628:warning: override: reassigning to symbol X86_VMX_FEATURE_NAMES
.config:1630:warning: override: reassigning to symbol TELCLOCK
.config:1632:warning: override: reassigning to symbol DEBUG_PERF_USE_VMALLOC
.config:1642:warning: override: reassigning to symbol SOFTLOCKUP_DETECTOR
.config:1663:warning: override: reassigning to symbol CLKEVT_I8253
.config:1668:warning: override: reassigning to symbol PCCARD
.config:1674:warning: override: reassigning to symbol ARCH_SUPPORTS_KEXEC
.config:1688:warning: override: reassigning to symbol X86_DISABLED_FEATURE_RETPOLINE
.config:1692:warning: override: reassigning to symbol LD_IS_BFD
.config:1698:warning: override: reassigning to symbol CPU_SUP_AMD
.config:1701:warning: override: reassigning to symbol ARCH_HAS_GCOV_PROFILE_ALL
.config:1704:warning: override: reassigning to symbol DEBUG_DRIVER
.config:1709:warning: override: reassigning to symbol PREEMPT_BUILD
.config:1715:warning: override: reassigning to symbol GPIOLIB_LEGACY
.config:1735:warning: override: reassigning to symbol PARPORT
.config:1750:warning: override: reassigning to symbol COUNTER
.config:1753:warning: override: reassigning to symbol DEBUG_OBJECTS
.config:1754:warning: override: reassigning to symbol ARCH_HAS_NON_OVERLAPPING_ADDRESS_SPACE
.config:1770:warning: override: reassigning to symbol SLUB
.config:1772:warning: override: reassigning to symbol BUG
.config:1773:warning: override: reassigning to symbol GENERIC_SMP_IDLE_THREAD
.config:1778:warning: override: reassigning to symbol ARCH_WANTS_NO_INSTR
.config:1782:warning: override: reassigning to symbol X86_REQUIRED_FEATURE_ALWAYS
.config:1784:warning: override: reassigning to symbol GCC10_NO_ARRAY_BOUNDS
.config:1786:warning: override: reassigning to symbol X86_DISABLED_FEATURE_RETPOLINE_LFENCE
.config:1791:warning: override: reassigning to symbol ARCH_WANT_LD_ORPHAN_WARN
.config:1798:warning: override: reassigning to symbol C2PORT
.config:1799:warning: override: reassigning to symbol CMA
.config:1839:warning: override: reassigning to symbol CC_HAS_AUTO_VAR_INIT_PATTERN
.config:1840:warning: override: reassigning to symbol KGDB
.config:1841:warning: override: reassigning to symbol UNINLINE_SPIN_UNLOCK
.config:1846:warning: override: reassigning to symbol SOFTIRQ_ON_OWN_STACK
.config:1861:warning: override: reassigning to symbol WATCH_QUEUE
.config:1862:warning: override: reassigning to symbol EVENTFD
.config:1874:warning: override: reassigning to symbol HAVE_NMI
.config:1889:warning: override: reassigning to symbol PRINTK
.config:1893:warning: override: reassigning to symbol TTY
.config:1896:warning: override: reassigning to symbol BLK_DEV_INITRD
.config:1900:warning: override: reassigning to symbol BINFMT_ELF
.config:1901:warning: override: reassigning to symbol BINFMT_SCRIPT
.config:1907:warning: override: reassigning to symbol KERNEL_GZIP
#
# configuration written to .config
#
make[5]: Leaving directory '/mnt/git-volume/kernel-test-mainline/build/rand500config-i386'
make[4]: Leaving directory '/mnt/git-volume/linux-mainline'
make[4]: Entering directory '/mnt/git-volume/linux-mainline'
make[5]: Entering directory '/mnt/git-volume/kernel-test-mainline/build/rand500config-i386'
  SYNC    include/config/auto.conf.cmd
  HOSTCC  arch/x86/tools/relocs_32.o
  HOSTCC  arch/x86/tools/relocs_64.o
  HOSTLD  arch/x86/tools/relocs
  CC      scripts/mod/empty.o
  CC      scripts/mod/devicetable-offsets.s
  MKELF   scripts/mod/elfconfig.h
  HOSTCC  scripts/mod/modpost.o
  HOSTCC  scripts/mod/sumversion.o
  HOSTCC  scripts/mod/symsearch.o
  HOSTCC  scripts/mod/file2alias.o
  HOSTLD  scripts/mod/modpost
  CC      kernel/bounds.s
  UPD     include/generated/bounds.h
  CC      arch/x86/kernel/asm-offsets.s
  UPD     include/generated/asm-offsets.h
  CC      kernel/sched/rq-offsets.s
  CALL    /mnt/git-volume/linux-mainline/scripts/checksyscalls.sh 
  GEN     usr/initramfs_data.cpio
  AS      arch/x86/entry/entry.o
  CC      init/main.o
  COPY    usr/initramfs_inc_data
  AS      usr/initramfs_data.o
  AS      arch/x86/entry/entry_32.o
  AR      usr/built-in.a
  CC      arch/x86/entry/syscall_32.o
  CC      kernel/fork.o
  CC      mm/filemap.o
  CC      arch/x86/entry/common.o
  UPD     init/utsversion-tmp.h
  CC      init/do_mounts.o
  CC      kernel/exec_domain.o
  CC      arch/x86/entry/vdso/vma.o
  CC      mm/mempool.o
  CC      kernel/exec_state.o
  CC      init/do_mounts_initrd.o
  CC      arch/x86/entry/vdso/extable.o
  CC      kernel/panic.o
  CC      mm/oom_kill.o
  CC      init/initramfs.o
  CC      arch/x86/entry/vdso/vdso32-setup.o
  CC      kernel/cpu.o
  LDS     arch/x86/entry/vdso/vdso32/vdso32.lds
  CC      arch/x86/entry/vdso/vdso32/vclock_gettime.o
  CC      init/calibrate.o
  CC      mm/fadvise.o
  CC      arch/x86/entry/vdso/vdso32/vgetcpu.o
  AS      arch/x86/entry/vdso/vdso32/system_call.o
  CC      init/init_task.o
  AS      arch/x86/entry/vdso/vdso32/sigreturn.o
  VDSO    arch/x86/entry/vdso/vdso32/vdso32.so.dbg
  OBJCOPY arch/x86/entry/vdso/vdso32/vdso32.so
  VDSO2C  arch/x86/entry/vdso/vdso32/vdso32-image.c
  CC      arch/x86/entry/vdso/vdso32/vdso32-image.o
  CC      kernel/exit.o
  AR      arch/x86/entry/vdso/vdso32/built-in.a
  AR      arch/x86/entry/vdso/built-in.a
  AS      arch/x86/entry/thunk.o
  AR      arch/x86/entry/built-in.a
  CC      arch/x86/events/core.o
  CC      mm/maccess.o
  CC      init/version.o
  AR      init/built-in.a
  CC      arch/x86/events/probe.o
  CC      mm/page-writeback.o
  CC      kernel/softirq.o
  CC      arch/x86/events/utils.o
  CC      arch/x86/events/amd/core.o
  CC      kernel/resource.o
  CC      arch/x86/events/intel/core.o
  CC      mm/folio-compat.o
  CC      arch/x86/events/amd/lbr.o
  CC      mm/readahead.o
  CC      kernel/sysctl.o
  AR      arch/x86/events/amd/built-in.a
  CC      arch/x86/events/zhaoxin/core.o
  CC      kernel/capability.o
  CC      mm/swap.o
  AR      arch/x86/events/zhaoxin/built-in.a
  CC      mm/truncate.o
  CC      kernel/ptrace.o
  CC      mm/vmscan.o
  CC      arch/x86/events/intel/bts.o
  CC      mm/shrinker.o
  CC      kernel/user.o
  CC      arch/x86/events/intel/ds.o
  CC      mm/shmem.o
  CC      kernel/signal.o
  CC      mm/util.o
  CC      mm/mmzone.o
  CC      mm/vmstat.o
  CC      arch/x86/events/intel/knc.o
  CC      mm/backing-dev.o
  CC      kernel/sys.o
  CC      kernel/umh.o
  CC      mm/mm_init.o
  CC      arch/x86/events/intel/lbr.o
  CC      mm/percpu.o
  CC      kernel/workqueue.o
  CC      mm/slab_common.o
  CC      arch/x86/events/intel/p4.o
  CC      mm/compaction.o
  CC      mm/show_mem.o
  CC      arch/x86/events/intel/p6.o
  CC      kernel/pid.o
  CC      arch/x86/events/intel/pt.o
  CC      kernel/task_work.o
  CC      mm/interval_tree.o
  CC      kernel/extable.o
  CC      mm/list_lru.o
  CC      kernel/params.o
  AR      arch/x86/events/intel/built-in.a
  AR      arch/x86/events/built-in.a
  CC      arch/x86/realmode/init.o
  CC      mm/workingset.o
  CC      kernel/kthread.o
  AS      arch/x86/realmode/rm/header.o
  AS      arch/x86/realmode/rm/trampoline_32.o
  AS      arch/x86/realmode/rm/stack.o
  AS      arch/x86/realmode/rm/reboot.o
  PASYMS  arch/x86/realmode/rm/pasyms.h
  LDS     arch/x86/realmode/rm/realmode.lds
  LD      arch/x86/realmode/rm/realmode.elf
  RELOCS  arch/x86/realmode/rm/realmode.relocs
  OBJCOPY arch/x86/realmode/rm/realmode.bin
  AS      arch/x86/realmode/rmpiggy.o
  CC      kernel/sys_ni.o
  AR      arch/x86/realmode/built-in.a
  CC      kernel/nsproxy.o
  AS      arch/x86/kernel/head_32.o
  CC      arch/x86/kernel/head32.o
  CC      mm/debug.o
  CC      mm/gup.o
  CC      arch/x86/kernel/ebda.o
  CC      kernel/nstree.o
  CC      mm/mmap_lock.o
  CC      arch/x86/kernel/platform-quirks.o
  CC      arch/x86/kernel/process_32.o
  CC      arch/x86/kernel/signal.o
  CC      mm/vma_init.o
  CC      kernel/nscommon.o
  CC      arch/x86/kernel/signal_32.o
  CC      arch/x86/kernel/traps.o
  CC      kernel/notifier.o
  CC      mm/highmem.o
  CC      arch/x86/kernel/idt.o
  CC      kernel/ksysfs.o
  CC      mm/memory.o
  CC      arch/x86/kernel/irq.o
  CC      kernel/cred.o
  CC      arch/x86/kernel/irq_32.o
  CC      arch/x86/kernel/dumpstack_32.o
  CC      arch/x86/kernel/time.o
  CC      kernel/reboot.o
  CC      kernel/async.o
  CC      arch/x86/kernel/ioport.o
  CC      arch/x86/kernel/dumpstack.o
  CC      mm/mincore.o
  CC      kernel/range.o
  CC      kernel/smpboot.o
  CC      arch/x86/kernel/nmi.o
  CC      kernel/ucount.o
  CC      mm/mlock.o
  CC      kernel/regset.o
  CC      kernel/ksyms_common.o
  CC      arch/x86/kernel/setup.o
  CC      kernel/sched/core.o
  CC      kernel/locking/mutex.o
  CC      mm/mmap.o
  CC      arch/x86/kernel/x86_init.o
  CC      kernel/locking/semaphore.o
  CC      arch/x86/kernel/i8259.o
  CC      mm/mmu_gather.o
  CC      kernel/sched/fair.o
  CC      kernel/locking/rwsem.o
  CC      arch/x86/kernel/irqinit.o
  CC      mm/mprotect.o
  CC      kernel/locking/percpu-rwsem.o
  CC      arch/x86/kernel/irq_work.o
  CC      kernel/locking/mutex-debug.o
  CC      mm/mremap.o
  AR      kernel/locking/built-in.a
  CC      arch/x86/kernel/probe_roms.o
  CC      arch/x86/kernel/sys_ia32.o
  CC      kernel/sched/build_policy.o
  CC      mm/msync.o
  CC      arch/x86/kernel/bootflag.o
  CC      arch/x86/kernel/e820.o
  CC      mm/page_vma_mapped.o
  CC      mm/pagewalk.o
  CC      arch/x86/kernel/pci-dma.o
  CC      mm/pgtable-generic.o
  CC      mm/rmap.o
  CC      arch/x86/kernel/quirks.o
  CC      kernel/sched/build_utility.o
  CC      mm/vmalloc.o
  CC      arch/x86/kernel/kdebugfs.o
  CC      arch/x86/kernel/alternative.o
  CC      mm/vma.o
  AR      kernel/sched/built-in.a
  CC      kernel/power/qos.o
  CC      mm/vma_exec.o
  CC      arch/x86/kernel/i8253.o
  CC      arch/x86/kernel/hw_breakpoint.o
  CC      kernel/power/poweroff.o
  CC      mm/page_alloc.o
  CC      mm/page_frag_cache.o
  AR      kernel/power/built-in.a
  CC      kernel/printk/printk.o
  CC      arch/x86/kernel/tsc.o
  CC      kernel/printk/printk_safe.o
  CC      arch/x86/kernel/tsc_msr.o
  CC      kernel/printk/nbcon.o
  CC      kernel/printk/printk_ringbuffer.o
  CC      mm/init-mm.o
  CC      arch/x86/kernel/io_delay.o
  CC      arch/x86/kernel/rtc.o
  CC      arch/x86/kernel/resource.o
  AR      kernel/printk/built-in.a
  CC      kernel/irq/irqdesc.o
  CC      mm/memblock.o
  AS      arch/x86/kernel/irqflags.o
  CC      arch/x86/kernel/static_call.o
  CC      arch/x86/kernel/process.o
  CC      arch/x86/kernel/fpu/init.o
  CC      kernel/irq/handle.o
  CC      arch/x86/kernel/fpu/bugs.o
  CC      arch/x86/kernel/fpu/core.o
  CC      kernel/irq/manage.o
  CC      mm/slub.o
  CC      arch/x86/kernel/ptrace.o
  CC      arch/x86/kernel/fpu/regset.o
  CC      kernel/irq/spurious.o
  CC      arch/x86/kernel/tls.o
  CC      arch/x86/kernel/fpu/signal.o
  CC      kernel/irq/resend.o
  CC      mm/dmapool.o
  CC      kernel/irq/chip.o
  CC      arch/x86/kernel/step.o
  CC      mm/migrate.o
  CC      arch/x86/kernel/fpu/xstate.o
  CC      arch/x86/kernel/i8237.o
  CC      kernel/irq/dummychip.o
  CC      arch/x86/kernel/stacktrace.o
  AR      arch/x86/kernel/fpu/built-in.a
  CC      mm/page_isolation.o
  CC      arch/x86/kernel/cpu/cacheinfo.o
  CC      kernel/irq/devres.o
  CC      arch/x86/kernel/cpu/scattered.o
  CC      kernel/irq/kexec.o
  CC      mm/early_ioremap.o
  CC      arch/x86/kernel/cpu/topology_common.o
  CC      arch/x86/kernel/cpu/topology_ext.o
  CC      kernel/irq/autoprobe.o
  CC      arch/x86/kernel/cpu/topology_amd.o
  CC      arch/x86/mm/init.o
  CC      mm/cma.o
  AR      kernel/irq/built-in.a
  CC      kernel/rcu/update.o
  CC      arch/x86/kernel/cpu/cpuid_parser.o
  CC      arch/x86/kernel/cpu/common.o
  CC      arch/x86/mm/init_32.o
  AR      mm/built-in.a
  CC      kernel/rcu/sync.o
  CC      kernel/rcu/srcutiny.o
  CC      kernel/rcu/tiny.o
  CC      arch/x86/mm/fault.o
  CC      arch/x86/mm/ioremap.o
  AR      kernel/rcu/built-in.a
  CC      kernel/dma/mapping.o
  CC      arch/x86/kernel/cpu/rdrand.o
  CC      arch/x86/kernel/cpu/match.o
  CC      arch/x86/mm/extable.o
  CC      arch/x86/kernel/cpu/bugs.o
  CC      arch/x86/mm/mmap.o
  CC      kernel/dma/direct.o
  CC      arch/x86/mm/pgtable.o
  CC      arch/x86/mm/physaddr.o
  CC      kernel/dma/remap.o
  CC      arch/x86/mm/tlb.o
  CC      arch/x86/kernel/cpu/aperfmperf.o
  CC      arch/x86/mm/cpu_entry_area.o
  AR      kernel/dma/built-in.a
  CC      kernel/entry/common.o
  CC      arch/x86/kernel/cpu/cpuid-deps.o
  CC      kernel/entry/syscall-common.o
  CC      arch/x86/kernel/cpu/cpuid_0x2_table.o
  CC      arch/x86/mm/maccess.o
  CC      kernel/entry/syscall_user_dispatch.o
  CC      arch/x86/kernel/cpu/umwait.o
  CC      arch/x86/mm/pgprot.o
  CC      arch/x86/mm/pat/set_memory.o
  AR      kernel/entry/built-in.a
  CC      arch/x86/kernel/cpu/capflags.o
  CC      kernel/dma.o
  CC      arch/x86/kernel/cpu/powerflags.o
  CC      kernel/time/time.o
  CC      arch/x86/kernel/cpu/feat_ctl.o
  CC      kernel/time/timer.o
  CC      arch/x86/kernel/cpu/intel.o
  CC      arch/x86/mm/pat/memtype.o
  CC      kernel/time/hrtimer.o
  CC      arch/x86/kernel/cpu/tsx.o
  AR      arch/x86/mm/pat/built-in.a
  CC      arch/x86/mm/pgtable_32.o
  CC      kernel/time/sleep_timeout.o
  CC      arch/x86/kernel/cpu/amd.o
  CC      arch/x86/mm/iomap_32.o
  CC      kernel/time/timekeeping.o
  CC      kernel/time/ntp.o
  CC      arch/x86/kernel/cpu/hygon.o
  AR      arch/x86/mm/built-in.a
  AR      arch/x86/net/built-in.a
  CC      arch/x86/virt/svm/cmdline.o
  AR      arch/x86/virt/svm/built-in.a
  AR      arch/x86/virt/built-in.a
  CC      arch/x86/kernel/cpu/cyrix.o
  CC      arch/x86/kernel/cpu/centaur.o
  CC      kernel/time/clocksource.o
  CC      arch/x86/kernel/cpu/transmeta.o
  CC      kernel/time/jiffies.o
  CC      arch/x86/kernel/cpu/zhaoxin.o
  CC      kernel/time/timer_list.o
  CC      kernel/time/timeconv.o
  CC      arch/x86/kernel/cpu/vortex.o
  CC      arch/x86/kernel/cpu/microcode/core.o
  CC      kernel/time/timecounter.o
  CC      kernel/time/alarmtimer.o
  CC      kernel/time/posix-stubs.o
  CC      kernel/time/clockevents.o
  CC      arch/x86/kernel/cpu/microcode/intel.o
  CC      kernel/time/tick-common.o
  CC      kernel/time/vsyscall.o
  CC      arch/x86/kernel/cpu/microcode/amd.o
  CC      kernel/up.o
  CC      kernel/debug/debug_core.o
  CC      kernel/watchdog.o
  AR      kernel/time/built-in.a
  CC      kernel/irq_work.o
  AR      arch/x86/kernel/cpu/microcode/built-in.a
  AR      arch/x86/kernel/cpu/built-in.a
  CC      arch/x86/kernel/reboot.o
  CC      kernel/static_call.o
  CC      kernel/events/core.o
  CC      kernel/debug/gdbstub.o
  CC      arch/x86/kernel/tsc_sync.o
  CC      kernel/events/ring_buffer.o
  CC      arch/x86/kernel/apic/hw_nmi.o
  AR      kernel/debug/built-in.a
  CC      kernel/iomem.o
  AR      arch/x86/kernel/apic/built-in.a
  CC      arch/x86/kernel/trace_clock.o
  CC      kernel/events/callchain.o
  CC      kernel/watch_queue.o
  CC      arch/x86/kernel/doublefault_32.o
  CC      kernel/events/hw_breakpoint.o
  CC      arch/x86/kernel/kgdb.o
  CC      arch/x86/kernel/perf_regs.o
  CC      arch/x86/kernel/unwind_guess.o
  LDS     arch/x86/kernel/vmlinux.lds
  CC      security/commoncap.o
  CC      fs/open.o
  AR      kernel/events/built-in.a
  AR      kernel/built-in.a
  AR      arch/x86/kernel/built-in.a
  AR      arch/x86/built-in.a
  AS      arch/x86/lib/atomic64_cx8_32.o
  AS      arch/x86/lib/checksum_32.o
  CC      arch/x86/lib/cmdline.o
  AS      arch/x86/lib/cmpxchg8b_emu.o
  CC      arch/x86/lib/cpu.o
  CC      lib/argv_split.o
  CC      lib/bug.o
  CC      security/min_addr.o
  CC      arch/x86/lib/delay.o
  CC      fs/read_write.o
  AS      arch/x86/lib/getuser.o
  CC      arch/x86/lib/inat.o
  CC      arch/x86/lib/insn-eval.o
  CC      lib/buildid.o
  AR      security/built-in.a
  AR      drivers/irqchip/built-in.a
  AR      drivers/bus/built-in.a
  AR      drivers/phy/built-in.a
  CC      drivers/video/console/dummycon.o
  CC      arch/x86/lib/insn.o
  CC      lib/cmdline.o
  CC      arch/x86/lib/memcpy_32.o
  CC      lib/ctype.o
  AS      arch/x86/lib/memmove_32.o
  CC      fs/file_table.o
  CC      arch/x86/lib/misc.o
  CC      lib/dec_and_lock.o
  CC      drivers/video/console/vgacon.o
  CC      arch/x86/lib/pc-conf-reg.o
  AS      arch/x86/lib/putuser.o
  CC      arch/x86/lib/string_32.o
  CC      lib/decompress.o
  CC      lib/decompress_bunzip2.o
  CC      arch/x86/lib/strstr_32.o
  CC      arch/x86/lib/usercopy.o
  CC      arch/x86/lib/usercopy_32.o
  AR      drivers/video/console/built-in.a
  CC      lib/decompress_inflate.o
  CC      fs/super.o
  AR      drivers/video/fbdev/built-in.a
  AR      drivers/video/built-in.a
  CC      arch/x86/lib/msr.o
  AR      drivers/soc/nuvoton/built-in.a
  AR      drivers/soc/amlogic/built-in.a
  AR      drivers/soc/qcom/built-in.a
  AR      drivers/soc/sophgo/built-in.a
  AR      drivers/soc/built-in.a
  CC      drivers/tty/tty_io.o
  CC      lib/decompress_unlz4.o
  AS      arch/x86/lib/msr-reg.o
  CC      arch/x86/lib/msr-reg-export.o
  AS      arch/x86/lib/hweight.o
  CC      lib/decompress_unlzma.o
  CC      arch/x86/lib/iomem.o
  CC      fs/char_dev.o
  CC      arch/x86/lib/atomic64_32.o
  CC      lib/decompress_unlzo.o
  AR      arch/x86/lib/lib.a
  AR      arch/x86/lib/built-in.a
  CC      lib/decompress_unxz.o
  CC      drivers/tty/n_tty.o
  CC      fs/stat.o
  CC      lib/decompress_unzstd.o
  CC      lib/dump_stack.o
  CC      lib/earlycpio.o
  CC      drivers/tty/tty_ioctl.o
  CC      lib/extable.o
  CC      fs/exec.o
  CC      fs/pipe.o
  CC      lib/flex_proportions.o
  CC      drivers/tty/tty_ldisc.o
  CC      lib/idr.o
  CC      fs/namei.o
  CC      fs/fcntl.o
  CC      lib/iomem_copy.o
  CC      lib/irq_regs.o
  CC      drivers/tty/tty_buffer.o
  CC      lib/is_single_threaded.o
  CC      lib/klist.o
  CC      drivers/tty/tty_port.o
  CC      fs/ioctl.o
  CC      lib/kobject.o
  CC      drivers/tty/tty_mutex.o
  CC      lib/kobject_uevent.o
  CC      fs/readdir.o
  CC      fs/select.o
  CC      drivers/tty/tty_ldsem.o
  CC      fs/dcache.o
  CC      lib/logic_pio.o
  CC      drivers/tty/tty_baudrate.o
  CC      drivers/tty/tty_jobctrl.o
  CC      fs/inode.o
  CC      lib/maple_tree.o
  CC      drivers/tty/n_null.o
  CC      fs/attr.o
  CC      drivers/tty/pty.o
  CC      fs/bad_inode.o
  CC      lib/memcat_p.o
  CC      fs/file.o
  CC      fs/filesystems.o
  CC      lib/nmi_backtrace.o
  CC      drivers/tty/sysrq.o
  CC      fs/namespace.o
  CC      lib/objpool.o
  CC      drivers/tty/vt/vt_ioctl.o
  CC      lib/plist.o
  CC      fs/seq_file.o
  CC      lib/radix-tree.o
  CC      fs/xattr.o
  CC      lib/ratelimit.o
  CC      drivers/tty/vt/vc_screen.o
  CC      lib/rbtree.o
  CC      lib/seq_buf.o
  CC      fs/libfs.o
  CC      lib/siphash.o
  CC      fs/fs-writeback.o
  CC      drivers/tty/vt/selection.o
  CC      lib/string.o
  CC      lib/sys_info.o
  CC      drivers/tty/vt/keyboard.o
  CC      drivers/tty/vt/vt.o
  CC      lib/timerqueue.o
  CC      fs/pnode.o
  CC      lib/vsprintf.o
  CC      fs/splice.o
  CC      drivers/tty/vt/defkeymap.o
  CC      drivers/tty/vt/consolemap.o
  CC      drivers/tty/serial/serial_core.o
  CC      fs/sync.o
  CC      lib/win_minmax.o
  CC      drivers/tty/vt/consolemap_deftbl.o
  CC      drivers/tty/vt/ucs.o
  AR      drivers/tty/vt/built-in.a
  CC      drivers/tty/serial/serial_base_bus.o
  CC      lib/xarray.o
  CC      fs/utimes.o
  CC      drivers/tty/serial/serial_ctrl.o
  CC      drivers/tty/serial/serial_port.o
  CC      lib/lockref.o
  CC      lib/bcd.o
  CC      lib/sort.o
  CC      drivers/tty/serial/earlycon.o
  CC      fs/d_path.o
  CC      drivers/tty/serial/8250/8250_core.o
  CC      lib/parser.o
  CC      lib/debug_locks.o
  CC      drivers/tty/serial/kgdboc.o
  CC      lib/random32.o
  CC      fs/stack.o
  CC      drivers/tty/serial/8250/8250_platform.o
  CC      lib/bust_spinlocks.o
  CC      fs/fs_struct.o
  CC      fs/statfs.o
  CC      lib/kasprintf.o
  CC      drivers/tty/serial/8250/8250_port.o
  CC      lib/bitmap.o
  CC      lib/scatterlist.o
  CC      fs/fs_pin.o
  CC      lib/list_sort.o
  CC      fs/nsfs.o
  CC      lib/uuid.o
  CC      lib/iov_iter.o
  CC      drivers/tty/serial/8250/8250_early.o
  CC      lib/clz_ctz.o
  CC      lib/bsearch.o
  AR      drivers/tty/serial/8250/built-in.a
  AR      drivers/tty/serial/built-in.a
  AR      drivers/tty/built-in.a
  CC      lib/find_bit.o
  CC      drivers/char/mem.o
  CC      fs/fs_dirent.o
  CC      drivers/char/random.o
  CC      fs/fs_context.o
  CC      lib/llist.o
  CC      lib/lwq.o
  CC      drivers/char/misc.o
  CC      lib/memweight.o
  CC      lib/kfifo.o
  CC      fs/fs_parser.o
  CC      drivers/char/tlclk.o
  CC      fs/fsopen.o
  CC      lib/percpu-refcount.o
  CC      fs/init.o
  AR      drivers/char/built-in.a
  AR      drivers/iommu/built-in.a
  CC      fs/kernel_read_file.o
  CC      lib/rhashtable.o
  AR      drivers/gpu/built-in.a
  CC      drivers/parport/share.o
  CC      fs/mnt_idmapping.o
  CC      fs/remap_range.o
  CC      drivers/parport/ieee1284.o
  CC      lib/base64.o
  CC      fs/pidfs.o
  CC      lib/once.o
  CC      drivers/parport/ieee1284_ops.o
  CC      lib/refcount.o
  CC      lib/rcuref.o
  CC      lib/usercopy.o
  CC      lib/errseq.o
  CC      lib/bucket_locks.o
  CC      drivers/parport/procfs.o
  CC      fs/file_attr.o
  CC      lib/generic-radix-tree.o
  CC      lib/bitmap-str.o
  CC      drivers/parport/parport_pc.o
  CC      lib/string_helpers.o
  CC      fs/fserror.o
  CC      lib/hexdump.o
  CC      lib/kstrtox.o
  AR      drivers/parport/built-in.a
  CC      lib/math/div64.o
  CC      drivers/base/component.o
  CC      fs/nullfs.o
  CC      lib/math/gcd.o
  CC      lib/math/lcm.o
  CC      drivers/base/core.o
  CC      lib/math/int_log.o
  CC      lib/math/int_pow.o
  CC      lib/math/int_sqrt.o
  CC      lib/math/reciprocal_div.o
  CC      drivers/base/bus.o
  AR      lib/math/built-in.a
  CC      lib/crc/crc32-main.o
  CC      fs/anon_inodes.o
  AR      lib/crc/built-in.a
  CC      lib/crypto/blake2s.o
  CC      drivers/base/dd.o
  CC      fs/eventfd.o
  CC      lib/crypto/chacha-block-generic.o
  CC      lib/crypto/sha256.o
  CC      drivers/base/syscore.o
  CC      drivers/base/driver.o
  CC      fs/binfmt_script.o
  AR      lib/crypto/built-in.a
  CC      lib/vdso/datastore.o
  CC      drivers/base/class.o
  CC      drivers/base/platform.o
  CC      fs/binfmt_elf.o
  AR      lib/vdso/built-in.a
  CC      lib/iomap.o
  CC      drivers/base/cpu.o
  CC      drivers/base/firmware.o
  CC      lib/iomap_copy.o
  CC      drivers/base/init.o
  CC      lib/devres.o
  CC      fs/coredump.o
  CC      drivers/base/map.o
  CC      lib/debugobjects.o
  CC      drivers/base/devres.o
  CC      drivers/base/attribute_container.o
  CC      drivers/base/transport_class.o
  CC      lib/bitrev.o
  CC      drivers/base/topology.o
  CC      drivers/base/container.o
  CC      fs/configfs/inode.o
  CC      lib/xxhash.o
  CC      fs/configfs/file.o
  CC      drivers/base/property.o
  CC      lib/zlib_inflate/inffast.o
  CC      fs/configfs/dir.o
  CC      lib/zlib_inflate/inflate.o
  CC      lib/zlib_inflate/infutil.o
  CC      fs/configfs/symlink.o
  CC      lib/zlib_inflate/inftrees.o
  CC      lib/zlib_inflate/inflate_syms.o
  CC      fs/configfs/mount.o
  CC      fs/configfs/item.o
  CC      drivers/base/cacheinfo.o
  AR      lib/zlib_inflate/built-in.a
  CC      lib/lzo/lzo1x_decompress_safe.o
  CC      lib/lz4/lz4_decompress.o
  CC      drivers/base/swnode.o
  AR      lib/lzo/built-in.a
  CC      drivers/base/faux.o
  AR      fs/configfs/built-in.a
  CC      fs/devpts/inode.o
  CC      drivers/base/isa.o
  CC      fs/ramfs/inode.o
  AR      lib/lz4/built-in.a
  CC      lib/zstd/zstd_decompress_module.o
  AR      fs/devpts/built-in.a
  CC      fs/ramfs/file-mmu.o
  CC      lib/zstd/decompress/huf_decompress.o
  CC      drivers/base/firmware_loader/main.o
  CC      drivers/base/firmware_loader/builtin/main.o
  AR      drivers/base/firmware_loader/builtin/built-in.a
  AR      fs/ramfs/built-in.a
  CC      lib/zstd/decompress/zstd_ddict.o
  CC      fs/nls/nls_base.o
  CC      lib/zstd/decompress/zstd_decompress.o
  AR      drivers/base/firmware_loader/built-in.a
  AR      drivers/base/built-in.a
  CC      lib/zstd/decompress/zstd_decompress_block.o
  CC      drivers/misc/c2port/core.o
  CC      fs/nls/nls_cp865.o
  CC      drivers/misc/eeprom/eeprom_93cx6.o
  CC      fs/nls/nls_cp950.o
  AR      drivers/misc/eeprom/built-in.a
  CC      fs/nls/nls_iso8859-1.o
  AR      drivers/misc/c2port/built-in.a
  AR      drivers/misc/built-in.a
  AR      drivers/mfd/built-in.a
  AR      drivers/scsi/built-in.a
  AR      drivers/net/built-in.a
  AR      drivers/firewire/built-in.a
  CC      drivers/pcmcia/cs.o
  CC      fs/nls/mac-iceland.o
  CC      fs/nls/nls_cp857.o
  CC      fs/nls/nls_iso8859-13.o
  CC      drivers/pcmcia/socket_sysfs.o
  CC      drivers/pcmcia/ds.o
  CC      lib/zstd/zstd_common_module.o
  AR      fs/nls/built-in.a
  AR      fs/unicode/built-in.a
  AR      fs/built-in.a
  CC      lib/zstd/common/debug.o
  CC      lib/zstd/common/entropy_common.o
  CC      lib/zstd/common/error_private.o
  CC      lib/zstd/common/fse_decompress.o
  CC      lib/zstd/common/zstd_common.o
  CC      drivers/pcmcia/pcmcia_resource.o
  CC      drivers/pcmcia/cistpl.o
  AR      lib/zstd/built-in.a
  CC      lib/xz/xz_dec_syms.o
  CC      drivers/pcmcia/pcmcia_cis.o
  CC      lib/xz/xz_dec_stream.o
  CC      lib/xz/xz_dec_lzma2.o
  CC      drivers/pcmcia/rsrc_mgr.o
  CC      lib/xz/xz_dec_bcj.o
  CC      lib/syscall.o
  AR      drivers/pcmcia/built-in.a
  CC      drivers/input/serio/serio.o
  CC      drivers/input/serio/i8042.o
  AR      lib/xz/built-in.a
  CC      lib/strncpy_from_user.o
  CC      lib/strnlen_user.o
  CC      drivers/input/serio/serport.o
  CC      lib/group_cpus.o
  AR      lib/lib.a
  CC      drivers/input/serio/ps2mult.o
  CC      drivers/input/serio/libps2.o
  AR      lib/built-in.a
  CC      drivers/input/input.o
  CC      drivers/input/input-compat.o
  CC      drivers/input/input-mt.o
  AR      drivers/input/serio/built-in.a
  CC      drivers/rtc/lib.o
  CC      drivers/input/input-poller.o
  CC      drivers/input/ff-core.o
  CC      drivers/rtc/rtc-mc146818-lib.o
  CC      drivers/input/touchscreen.o
  CC      drivers/input/touch-overlay.o
  CC      drivers/input/sparse-keymap.o
  CC      drivers/input/vivaldi-fmap.o
  AR      drivers/rtc/built-in.a
  CC      drivers/input/keyboard/atkbd.o
  CC      drivers/clocksource/i8253.o
  CC      drivers/input/mouse/psmouse-base.o
  AR      drivers/firmware/qcom/built-in.a
  AR      drivers/firmware/built-in.a
  CC      drivers/hid/hid-core.o
  AR      drivers/clocksource/built-in.a
  AR      drivers/perf/built-in.a
  AR      drivers/android/built-in.a
  CC      drivers/counter/counter-core.o
  CC      drivers/input/mouse/synaptics.o
  AR      drivers/input/keyboard/built-in.a
  CC      drivers/counter/counter-sysfs.o
  CC      drivers/counter/counter-chrdev.o
  CC      drivers/input/mouse/focaltech.o
  CC      drivers/hid/hid-input.o
  AR      drivers/counter/built-in.a
  CC      drivers/hid/hid-quirks.o
  CC      drivers/input/mouse/alps.o
  CC      drivers/input/mouse/byd.o
  CC      drivers/hid/hid-generic.o
  CC      drivers/input/mouse/logips2pp.o
  CC      drivers/input/mouse/trackpoint.o
  CC      drivers/input/mouse/cypress_ps2.o
  CC      drivers/input/mouse/vsxxxaa.o
  AR      drivers/hid/built-in.a
  AR      drivers/input/mouse/built-in.a
  AR      drivers/input/built-in.a
  AR      drivers/built-in.a
  AR      built-in.a
  AR      built-in-fixup.a
  COPY    vmlinux.a
  LD      vmlinux.o
  MODPOST vmlinux.symvers
  CC      .vmlinux.export.o
  UPD     include/generated/utsversion.h
  CC      init/version-timestamp.o
  LD      vmlinux.unstripped
  NM      System.map
  SORTTAB vmlinux.unstripped
  OBJCOPY vmlinux
  GEN     modules.builtin.modinfo
  GEN     modules.builtin
  CC      arch/x86/boot/a20.o
  CC      arch/x86/boot/cmdline.o
  AS      arch/x86/boot/copy.o
  CC      arch/x86/boot/cpu.o
  CC      arch/x86/boot/cpuflags.o
  CC      arch/x86/boot/cpucheck.o
  CC      arch/x86/boot/early_serial_console.o
  CC      arch/x86/boot/edd.o
  CC      arch/x86/boot/main.o
  CC      arch/x86/boot/memory.o
  CC      arch/x86/boot/pm.o
  AS      arch/x86/boot/pmjump.o
  CC      arch/x86/boot/printf.o
  CC      arch/x86/boot/regs.o
  LDS     arch/x86/boot/compressed/vmlinux.lds
  CC      arch/x86/boot/string.o
  AS      arch/x86/boot/compressed/head_32.o
  CC      arch/x86/boot/tty.o
  CC      arch/x86/boot/video.o
  VOFFSET arch/x86/boot/compressed/../voffset.h
  CC      arch/x86/boot/compressed/string.o
  CC      arch/x86/boot/video-mode.o
  CC      arch/x86/boot/compressed/cmdline.o
  CC      arch/x86/boot/version.o
  CC      arch/x86/boot/compressed/error.o
  CC      arch/x86/boot/video-vga.o
  CC      arch/x86/boot/video-vesa.o
  CC      arch/x86/boot/video-bios.o
  OBJCOPY arch/x86/boot/compressed/vmlinux.bin
  CC      arch/x86/boot/compressed/cpuflags.o
  CC      arch/x86/boot/compressed/misc.o
  GZIP    arch/x86/boot/compressed/vmlinux.bin.gz
  MKPIGGY arch/x86/boot/compressed/piggy.S
  AS      arch/x86/boot/compressed/piggy.o
  LD      arch/x86/boot/compressed/vmlinux
  ZOFFSET arch/x86/boot/zoffset.h
  OBJCOPY arch/x86/boot/vmlinux.bin
  AS      arch/x86/boot/header.o
  LD      arch/x86/boot/setup.elf
  OBJCOPY arch/x86/boot/setup.bin
  BUILD   arch/x86/boot/bzImage
Kernel: arch/x86/boot/bzImage is ready  (#27)
make[5]: Leaving directory '/mnt/git-volume/kernel-test-mainline/build/rand500config-i386'
make[4]: Leaving directory '/mnt/git-volume/linux-mainline'
