make[4]: Entering directory '/mnt/git-volume/linux-stable-rc'
make[5]: Entering directory '/mnt/git-volume/kernel-test-stable-rc/build/rand500config-x86_64'
#
# configuration written to .config
#
Using .config as base
Merging /mnt/git-volume/linux-stable-rc/kernel/configs/tiny.config
Value of CONFIG_KERNEL_XZ is redefined by fragment /mnt/git-volume/linux-stable-rc/kernel/configs/tiny.config:
Previous value: # CONFIG_KERNEL_XZ is not set
New value: CONFIG_KERNEL_XZ=y

Value of CONFIG_CC_OPTIMIZE_FOR_SIZE is redefined by fragment /mnt/git-volume/linux-stable-rc/kernel/configs/tiny.config:
Previous value: # CONFIG_CC_OPTIMIZE_FOR_SIZE is not set
New value: CONFIG_CC_OPTIMIZE_FOR_SIZE=y

Value of CONFIG_SLUB_TINY is redefined by fragment /mnt/git-volume/linux-stable-rc/kernel/configs/tiny.config:
Previous value: # CONFIG_SLUB_TINY is not set
New value: CONFIG_SLUB_TINY=y

Merging /mnt/git-volume/linux-stable-rc/arch/x86/configs/tiny.config
Value of CONFIG_UNWINDER_GUESS is redefined by fragment /mnt/git-volume/linux-stable-rc/arch/x86/configs/tiny.config:
Previous value: # CONFIG_UNWINDER_GUESS is not set
New value: CONFIG_UNWINDER_GUESS=y

#
# merged configuration written to .config (needs make)
#
#
# configuration written to .config
#
make[5]: Leaving directory '/mnt/git-volume/kernel-test-stable-rc/build/rand500config-x86_64'
make[4]: Leaving directory '/mnt/git-volume/linux-stable-rc'
make[4]: Entering directory '/mnt/git-volume/linux-stable-rc'
make[5]: Entering directory '/tmp/tmp.ew2UktMFVl'
  UPD     /tmp/tmp.ew2UktMFVl/Makefile
  HOSTCC  scripts/basic/fixdep
  HOSTCC  scripts/kconfig/conf.o
  HOSTCC  scripts/kconfig/confdata.o
  HOSTCC  scripts/kconfig/expr.o
  LEX     scripts/kconfig/lexer.lex.c
  YACC    scripts/kconfig/parser.tab.[ch]
  HOSTCC  scripts/kconfig/lexer.lex.o
  HOSTCC  scripts/kconfig/menu.o
  HOSTCC  scripts/kconfig/parser.tab.o
  HOSTCC  scripts/kconfig/preprocess.o
  HOSTCC  scripts/kconfig/symbol.o
  HOSTCC  scripts/kconfig/util.o
  HOSTLD  scripts/kconfig/conf
KCONFIG_SEED=0x60D42B28
#
# configuration written to .config
#
make[5]: Leaving directory '/tmp/tmp.ew2UktMFVl'
make[4]: Leaving directory '/mnt/git-volume/linux-stable-rc'
make[4]: Entering directory '/mnt/git-volume/linux-stable-rc'
make[5]: Entering directory '/tmp/tmp.ew2UktMFVl'
.config:8588:warning: override: reassigning to symbol PRINTK
.config:8592:warning: override: reassigning to symbol TTY
.config:8595:warning: override: reassigning to symbol BLK_DEV_INITRD
.config:8596:warning: override: reassigning to symbol RD_GZIP
.config:8599:warning: override: reassigning to symbol BINFMT_ELF
.config:8600:warning: override: reassigning to symbol BINFMT_SCRIPT
.config:8603:warning: override: reassigning to symbol TMPFS
.config:8606:warning: override: reassigning to symbol KERNEL_GZIP
.config:8612:warning: override: reassigning to symbol KERNEL_BZIP2
.config:8613:warning: override: reassigning to symbol KERNEL_LZMA
.config:8614:warning: override: reassigning to symbol KERNEL_XZ
.config:8615:warning: override: reassigning to symbol KERNEL_LZO
.config:8616:warning: override: reassigning to symbol KERNEL_LZ4
.config:8617:warning: override: reassigning to symbol KERNEL_ZSTD
.config:8620:warning: override: reassigning to symbol MODULES
.config:8623:warning: override: reassigning to symbol DRM
.config:8624:warning: override: reassigning to symbol SOUND
.config:8625:warning: override: reassigning to symbol STAGING
.config:8627:warning: override: reassigning to symbol MEDIA_SUPPORT
.config:8633:warning: override: reassigning to symbol KCOV
.config:8634:warning: override: reassigning to symbol KASAN
.config:8637:warning: override: reassigning to symbol KFENCE
.config:8638:warning: override: reassigning to symbol UBSAN
.config:8645:warning: override: reassigning to symbol RCU_TORTURE_TEST
.config:8646:warning: override: reassigning to symbol RCU_SCALE_TEST
.config:8647:warning: override: reassigning to symbol LOCK_TORTURE_TEST
.config:8657:warning: override: reassigning to symbol DEBUG_PREEMPT
.config:8658:warning: override: reassigning to symbol DEBUG_ATOMIC_SLEEP
.config:8665:warning: override: reassigning to symbol KUNIT
#
# configuration written to .config
#
make[5]: Leaving directory '/tmp/tmp.ew2UktMFVl'
make[4]: Leaving directory '/mnt/git-volume/linux-stable-rc'
make[4]: Entering directory '/mnt/git-volume/linux-stable-rc'
make[5]: Entering directory '/mnt/git-volume/kernel-test-stable-rc/build/rand500config-x86_64'
.config:1440:warning: override: reassigning to symbol XILINX_SDFEC
.config:1441:warning: override: reassigning to symbol ARCH_HAS_MEM_ENCRYPT
.config:1443:warning: override: reassigning to symbol ARCH_USE_BUILTIN_BSWAP
.config:1450:warning: override: reassigning to symbol FS_VERITY
.config:1463:warning: override: reassigning to symbol SCF_TORTURE_TEST
.config:1466:warning: override: reassigning to symbol ARCH_WANT_DEFAULT_BPF_JIT
.config:1472:warning: override: reassigning to symbol ARCH_HAS_DEBUG_VIRTUAL
.config:1479:warning: override: reassigning to symbol ARCH_HAS_GCOV_PROFILE_ALL
.config:1481:warning: override: reassigning to symbol SAMPLES
.config:1482:warning: override: reassigning to symbol ZERO_CALL_USED_REGS
.config:1487:warning: override: reassigning to symbol FW_LOADER
.config:1495:warning: override: reassigning to symbol VM_EVENT_COUNTERS
.config:1496:warning: override: reassigning to symbol 64BIT
.config:1497:warning: override: reassigning to symbol ARCH_HAS_COPY_MC
.config:1503:warning: override: reassigning to symbol SHUFFLE_PAGE_ALLOCATOR
.config:1504:warning: override: reassigning to symbol CC_NO_STRINGOP_OVERFLOW
.config:1524:warning: override: reassigning to symbol INSTRUCTION_DECODER
.config:1526:warning: override: reassigning to symbol HAVE_ASM_MODVERSIONS
.config:1534:warning: override: reassigning to symbol GENERIC_CLOCKEVENTS
.config:1546:warning: override: reassigning to symbol DEBUG_LOCK_ALLOC
.config:1550:warning: override: reassigning to symbol GENERIC_CPU_AUTOPROBE
.config:1551:warning: override: reassigning to symbol ARCH_HAS_SYSCALL_WRAPPER
.config:1560:warning: override: reassigning to symbol HYPERVISOR_GUEST
.config:1562:warning: override: reassigning to symbol HAVE_SETUP_PER_CPU_AREA
.config:1573:warning: override: reassigning to symbol ARCH_USE_CMPXCHG_LOCKREF
.config:1576:warning: override: reassigning to symbol KSM
.config:1591:warning: override: reassigning to symbol ARCH_HAS_ZONE_DMA_SET
.config:1596:warning: override: reassigning to symbol GENERIC_IRQ_PROBE
.config:1602:warning: override: reassigning to symbol HAVE_POSIX_CPU_TIMERS_TASK_WORK
.config:1611:warning: override: reassigning to symbol ADDRESS_MASKING
.config:1612:warning: override: reassigning to symbol VIRTUALIZATION
.config:1618:warning: override: reassigning to symbol HARDIRQS_SW_RESEND
.config:1628:warning: override: reassigning to symbol CC_HAS_ENTRY_PADDING
.config:1640:warning: override: reassigning to symbol X86_CX8
.config:1643:warning: override: reassigning to symbol X86_LOCAL_APIC
.config:1650:warning: override: reassigning to symbol GENERIC_IOMAP
.config:1657:warning: override: reassigning to symbol HAVE_RSEQ
.config:1666:warning: override: reassigning to symbol FHANDLE
.config:1667:warning: override: reassigning to symbol COMEDI
.config:1668:warning: override: reassigning to symbol STATIC_USERMODEHELPER
.config:1683:warning: override: reassigning to symbol DEBUG_FORCE_FUNCTION_ALIGN_64B
.config:1688:warning: override: reassigning to symbol INIT_ON_FREE_DEFAULT_ON
.config:1695:warning: override: reassigning to symbol ARCH_USE_SYM_ANNOTATIONS
.config:1699:warning: override: reassigning to symbol AS_WRUSS
.config:1700:warning: override: reassigning to symbol BCMA
.config:1703:warning: override: reassigning to symbol MFD_CGBC
.config:1705:warning: override: reassigning to symbol NTSYNC
.config:1712:warning: override: reassigning to symbol HAVE_C_RECORDMCOUNT
.config:1713:warning: override: reassigning to symbol MEDIA_CEC_SUPPORT
.config:1715:warning: override: reassigning to symbol POWER_RESET
.config:1728:warning: override: reassigning to symbol EXCLUSIVE_SYSTEM_RAM
.config:1731:warning: override: reassigning to symbol HWMON
.config:1733:warning: override: reassigning to symbol HAVE_IRQ_EXIT_ON_IRQ_STACK
.config:1735:warning: override: reassigning to symbol HARDLOCKUP_CHECK_TIMESTAMP
.config:1743:warning: override: reassigning to symbol ARCH_WANT_HUGETLB_VMEMMAP_PREINIT
.config:1744:warning: override: reassigning to symbol X86_DISABLED_FEATURE_RETHUNK
.config:1753:warning: override: reassigning to symbol PREEMPT_DYNAMIC
.config:1758:warning: override: reassigning to symbol ARCH_CORRECT_STACKTRACE_ON_KRETPROBE
.config:1759:warning: override: reassigning to symbol DEBUG_DRIVER
.config:1774:warning: override: reassigning to symbol HAVE_ARCH_KGDB
.config:1777:warning: override: reassigning to symbol USE_X86_SEG_SUPPORT
.config:1781:warning: override: reassigning to symbol PROC_MEM_ALWAYS_FORCE
.config:1785:warning: override: reassigning to symbol LEGACY_VSYSCALL_NONE
.config:1801:warning: override: reassigning to symbol WATCHDOG
.config:1802:warning: override: reassigning to symbol X86_NATIVE_CPU
.config:1809:warning: override: reassigning to symbol BOOT_CONFIG
.config:1810:warning: override: reassigning to symbol CC_HAS_KASAN_GENERIC
.config:1816:warning: override: reassigning to symbol PT_RECLAIM
.config:1823:warning: override: reassigning to symbol ARCH_HAS_PMEM_API
.config:1836:warning: override: reassigning to symbol PAGE_TABLE_CHECK
.config:1839:warning: override: reassigning to symbol ARCH_SUPPORTS_MSEAL_SYSTEM_MAPPINGS
.config:1842:warning: override: reassigning to symbol ARCH_SUPPORTS_INT128
.config:1848:warning: override: reassigning to symbol X86_DISABLED_FEATURE_USER_SHSTK
.config:1864:warning: override: reassigning to symbol MMU_LAZY_TLB_REFCOUNT
.config:1870:warning: override: reassigning to symbol TCG_TPM
.config:1876:warning: override: reassigning to symbol SPARSE_IRQ
.config:1880:warning: override: reassigning to symbol REMOTEPROC
.config:1888:warning: override: reassigning to symbol PM
.config:1897:warning: override: reassigning to symbol ARCH_CLOCKSOURCE_INIT
.config:1906:warning: override: reassigning to symbol ARCH_HAS_FAST_MULTIPLIER
.config:1909:warning: override: reassigning to symbol ARCH_SUPPORTS_ACPI
.config:1912:warning: override: reassigning to symbol IRQ_DOMAIN
.config:1919:warning: override: reassigning to symbol HAVE_DYNAMIC_FTRACE_NO_PATCHABLE
.config:1925:warning: override: reassigning to symbol HEADERS_INSTALL
.config:1935:warning: override: reassigning to symbol HAVE_EXIT_THREAD
.config:1948:warning: override: reassigning to symbol PRINTK
.config:1952:warning: override: reassigning to symbol TTY
.config:1955:warning: override: reassigning to symbol BLK_DEV_INITRD
.config:1959:warning: override: reassigning to symbol BINFMT_ELF
.config:1960:warning: override: reassigning to symbol BINFMT_SCRIPT
.config:1963:warning: override: reassigning to symbol TMPFS
.config:1966:warning: override: reassigning to symbol KERNEL_GZIP
#
# configuration written to .config
#
make[5]: Leaving directory '/mnt/git-volume/kernel-test-stable-rc/build/rand500config-x86_64'
make[4]: Leaving directory '/mnt/git-volume/linux-stable-rc'
make[4]: Entering directory '/mnt/git-volume/linux-stable-rc'
make[5]: Entering directory '/mnt/git-volume/kernel-test-stable-rc/build/rand500config-x86_64'
  SYNC    include/config/auto.conf.cmd
  UPD     include/generated/uapi/linux/version.h
  UPD     include/config/kernel.release
  HOSTCC  scripts/unifdef
  UPD     include/generated/utsrelease.h
  DESCEND objtool
  CC      scripts/mod/empty.o
  CC      scripts/mod/devicetable-offsets.s
  MKELF   scripts/mod/elfconfig.h
  HOSTCC  scripts/mod/modpost.o
  HOSTCC  scripts/mod/sumversion.o
  HOSTCC  scripts/mod/symsearch.o
  HOSTCC  scripts/mod/file2alias.o
  HOSTLD  scripts/mod/modpost
  CC      kernel/bounds.s
  UPD     include/generated/bounds.h
  CC      arch/x86/kernel/asm-offsets.s
  HDRINST usr/include/asm-generic/signal-defs.h
  HDRINST usr/include/asm-generic/bitsperlong.h
  HDRINST usr/include/asm-generic/int-ll64.h
  HDRINST usr/include/asm-generic/ioctl.h
  HDRINST usr/include/asm-generic/fcntl.h
  HDRINST usr/include/asm-generic/types.h
  HDRINST usr/include/asm-generic/errno.h
  HDRINST usr/include/asm-generic/setup.h
  HDRINST usr/include/asm-generic/signal.h
  HDRINST usr/include/asm-generic/sockios.h
  HDRINST usr/include/asm-generic/auxvec.h
  HDRINST usr/include/asm-generic/msgbuf.h
  CC      /mnt/git-volume/kernel-test-stable-rc/build/rand500config-x86_64/tools/objtool/libsubcmd/exec-cmd.o
  HDRINST usr/include/asm-generic/sembuf.h
  HDRINST usr/include/asm-generic/kvm_para.h
  CC      /mnt/git-volume/kernel-test-stable-rc/build/rand500config-x86_64/tools/objtool/libsubcmd/help.o
  HDRINST usr/include/asm-generic/swab.h
  HDRINST usr/include/asm-generic/param.h
  CC      /mnt/git-volume/kernel-test-stable-rc/build/rand500config-x86_64/tools/objtool/libsubcmd/pager.o
  HDRINST usr/include/asm-generic/errno-base.h
  CC      /mnt/git-volume/kernel-test-stable-rc/build/rand500config-x86_64/tools/objtool/libsubcmd/parse-options.o
  HDRINST usr/include/asm-generic/stat.h
  HDRINST usr/include/asm-generic/shmbuf.h
  HDRINST usr/include/asm-generic/termbits.h
  HDRINST usr/include/asm-generic/termios.h
  HDRINST usr/include/asm-generic/resource.h
  CC      /mnt/git-volume/kernel-test-stable-rc/build/rand500config-x86_64/tools/objtool/libsubcmd/run-command.o
  HDRINST usr/include/asm-generic/ioctls.h
  CC      /mnt/git-volume/kernel-test-stable-rc/build/rand500config-x86_64/tools/objtool/libsubcmd/sigchain.o
  HDRINST usr/include/asm-generic/socket.h
  HDRINST usr/include/asm-generic/mman-common.h
  HDRINST usr/include/asm-generic/posix_types.h
  HDRINST usr/include/asm-generic/int-l64.h
  HDRINST usr/include/asm-generic/ucontext.h
  HDRINST usr/include/asm-generic/ipcbuf.h
  HDRINST usr/include/asm-generic/siginfo.h
  HDRINST usr/include/asm-generic/unistd.h
  HDRINST usr/include/asm-generic/statfs.h
  LD      /mnt/git-volume/kernel-test-stable-rc/build/rand500config-x86_64/tools/objtool/libsubcmd/libsubcmd-in.o
  HDRINST usr/include/asm-generic/bpf_perf_event.h
  HDRINST usr/include/asm-generic/termbits-common.h
  HDRINST usr/include/asm-generic/hugetlb_encode.h
  HDRINST usr/include/asm-generic/mman.h
  AR      /mnt/git-volume/kernel-test-stable-rc/build/rand500config-x86_64/tools/objtool/libsubcmd/libsubcmd.a
  HDRINST usr/include/asm-generic/poll.h
  HDRINST usr/include/cxl/features.h
  HDRINST usr/include/drm/pvr_drm.h
  HDRINST usr/include/drm/tegra_drm.h
  HDRINST usr/include/drm/virtgpu_drm.h
  HDRINST usr/include/drm/drm_mode.h
  HDRINST usr/include/drm/armada_drm.h
  HDRINST usr/include/drm/ethosu_accel.h
  HDRINST usr/include/drm/rocket_accel.h
  HDRINST usr/include/drm/msm_drm.h
  HDRINST usr/include/drm/v3d_drm.h
  HDRINST usr/include/drm/panfrost_drm.h
  HDRINST usr/include/drm/drm.h
  HDRINST usr/include/drm/xe_drm.h
  HDRINST usr/include/drm/amdgpu_drm.h
  CC      /mnt/git-volume/kernel-test-stable-rc/build/rand500config-x86_64/tools/objtool/arch/x86/decode.o
  HDRINST usr/include/drm/lima_drm.h
  HDRINST usr/include/drm/ivpu_accel.h
  HDRINST usr/include/drm/asahi_drm.h
  CC      /mnt/git-volume/kernel-test-stable-rc/build/rand500config-x86_64/tools/objtool/weak.o
  HDRINST usr/include/drm/i915_drm.h
  CC      /mnt/git-volume/kernel-test-stable-rc/build/rand500config-x86_64/tools/objtool/arch/x86/special.o
  CC      /mnt/git-volume/kernel-test-stable-rc/build/rand500config-x86_64/tools/objtool/check.o
  CC      /mnt/git-volume/kernel-test-stable-rc/build/rand500config-x86_64/tools/objtool/arch/x86/orc.o
  CC      /mnt/git-volume/kernel-test-stable-rc/build/rand500config-x86_64/tools/objtool/special.o
  LD      /mnt/git-volume/kernel-test-stable-rc/build/rand500config-x86_64/tools/objtool/arch/x86/objtool-in.o
  HDRINST usr/include/drm/qaic_accel.h
  CC      /mnt/git-volume/kernel-test-stable-rc/build/rand500config-x86_64/tools/objtool/builtin-check.o
  CC      /mnt/git-volume/kernel-test-stable-rc/build/rand500config-x86_64/tools/objtool/elf.o
  HDRINST usr/include/drm/vmwgfx_drm.h
  CC      /mnt/git-volume/kernel-test-stable-rc/build/rand500config-x86_64/tools/objtool/objtool.o
  CC      /mnt/git-volume/kernel-test-stable-rc/build/rand500config-x86_64/tools/objtool/orc_gen.o
  HDRINST usr/include/drm/drm_fourcc.h
  HDRINST usr/include/drm/drm_ras.h
  CC      /mnt/git-volume/kernel-test-stable-rc/build/rand500config-x86_64/tools/objtool/orc_dump.o
  HDRINST usr/include/drm/panthor_drm.h
  CC      /mnt/git-volume/kernel-test-stable-rc/build/rand500config-x86_64/tools/objtool/libstring.o
  HDRINST usr/include/drm/drm_sarea.h
  HDRINST usr/include/drm/vc4_drm.h
  HDRINST usr/include/drm/nouveau_drm.h
  CC      /mnt/git-volume/kernel-test-stable-rc/build/rand500config-x86_64/tools/objtool/libctype.o
  HDRINST usr/include/drm/habanalabs_accel.h
  CC      /mnt/git-volume/kernel-test-stable-rc/build/rand500config-x86_64/tools/objtool/str_error_r.o
  CC      /mnt/git-volume/kernel-test-stable-rc/build/rand500config-x86_64/tools/objtool/librbtree.o
  HDRINST usr/include/drm/etnaviv_drm.h
  CC      /mnt/git-volume/kernel-test-stable-rc/build/rand500config-x86_64/tools/objtool/signal.o
  HDRINST usr/include/drm/omap_drm.h
  HDRINST usr/include/drm/exynos_drm.h
  HDRINST usr/include/drm/nova_drm.h
  HDRINST usr/include/drm/radeon_drm.h
  HDRINST usr/include/drm/amdxdna_accel.h
  LD      /mnt/git-volume/kernel-test-stable-rc/build/rand500config-x86_64/tools/objtool/objtool-in.o
  HDRINST usr/include/drm/vgem_drm.h
  HDRINST usr/include/drm/qxl_drm.h
  LINK    /mnt/git-volume/kernel-test-stable-rc/build/rand500config-x86_64/tools/objtool/objtool
  HDRINST usr/include/fwctl/fwctl.h
  HDRINST usr/include/fwctl/cxl.h
  HDRINST usr/include/fwctl/bnxt.h
  HDRINST usr/include/fwctl/mlx5.h
  HDRINST usr/include/fwctl/pds.h
  HDRINST usr/include/linux/psci.h
  HDRINST usr/include/linux/psp-dbc.h
  HDRINST usr/include/linux/auto_fs.h
  HDRINST usr/include/linux/zorro_ids.h
  HDRINST usr/include/linux/seccomp.h
  HDRINST usr/include/linux/virtio_gpio.h
  HDRINST usr/include/linux/vm_sockets.h
  HDRINST usr/include/linux/cdrom.h
  HDRINST usr/include/linux/nfc.h
  HDRINST usr/include/linux/qnx4_fs.h
  HDRINST usr/include/linux/sysinfo.h
  HDRINST usr/include/linux/ublk_cmd.h
  HDRINST usr/include/linux/max2175.h
  HDRINST usr/include/linux/in.h
  HDRINST usr/include/linux/sched/types.h
  HDRINST usr/include/linux/cycx_cfm.h
  HDRINST usr/include/linux/virtio_pcidev.h
  HDRINST usr/include/linux/mmc/ioctl.h
  HDRINST usr/include/linux/i8k.h
  HDRINST usr/include/linux/ipmi.h
  HDRINST usr/include/linux/taskstats.h
  HDRINST usr/include/linux/udp.h
  HDRINST usr/include/linux/byteorder/big_endian.h
  HDRINST usr/include/linux/byteorder/little_endian.h
  HDRINST usr/include/linux/utsname.h
  HDRINST usr/include/linux/virtio_scsi.h
  HDRINST usr/include/linux/nfs4_mount.h
  HDRINST usr/include/linux/atmbr2684.h
  HDRINST usr/include/linux/seg6_genl.h
  HDRINST usr/include/linux/gpio.h
  HDRINST usr/include/linux/netfilter_ipv4/ip_tables.h
  HDRINST usr/include/linux/netfilter_ipv4/ipt_ah.h
  HDRINST usr/include/linux/netfilter_ipv4/ipt_ECN.h
  HDRINST usr/include/linux/netfilter_ipv4/ipt_LOG.h
  HDRINST usr/include/linux/netfilter_ipv4/ipt_ttl.h
  HDRINST usr/include/linux/netfilter_ipv4/ipt_REJECT.h
  HDRINST usr/include/linux/netfilter_ipv4/ipt_TTL.h
  HDRINST usr/include/linux/netfilter_ipv4/ipt_CLUSTERIP.h
  HDRINST usr/include/linux/netfilter_ipv4/ipt_ecn.h
  HDRINST usr/include/linux/fsmap.h
  HDRINST usr/include/linux/ppdev.h
  HDRINST usr/include/linux/dm-log-userspace.h
  HDRINST usr/include/linux/snmp.h
  HDRINST usr/include/linux/um_timetravel.h
  HDRINST usr/include/linux/spi/spi.h
  HDRINST usr/include/linux/spi/spidev.h
  HDRINST usr/include/linux/dlmconstants.h
  HDRINST usr/include/linux/ioctl.h
  HDRINST usr/include/linux/x25.h
  HDRINST usr/include/linux/virtio_ids.h
  HDRINST usr/include/linux/nexthop.h
  HDRINST usr/include/linux/firewire-cdev.h
  HDRINST usr/include/linux/arcfb.h
  HDRINST usr/include/linux/netfilter_arp.h
  UPD     include/generated/asm-offsets.h
  CC      kernel/sched/rq-offsets.s
  HDRINST usr/include/linux/ipc.h
  HDRINST usr/include/linux/mmtimer.h
  HDRINST usr/include/linux/netfilter_ipv6/ip6t_HL.h
  HDRINST usr/include/linux/netfilter_ipv6/ip6t_LOG.h
  HDRINST usr/include/linux/netfilter_ipv6/ip6t_ipv6header.h
  HDRINST usr/include/linux/netfilter_ipv6/ip6t_ah.h
  HDRINST usr/include/linux/netfilter_ipv6/ip6t_frag.h
  HDRINST usr/include/linux/netfilter_ipv6/ip6t_opts.h
  HDRINST usr/include/linux/netfilter_ipv6/ip6t_srh.h
  HDRINST usr/include/linux/netfilter_ipv6/ip6t_rt.h
  HDRINST usr/include/linux/netfilter_ipv6/ip6t_mh.h
  HDRINST usr/include/linux/netfilter_ipv6/ip6t_NPT.h
  HDRINST usr/include/linux/netfilter_ipv6/ip6_tables.h
  HDRINST usr/include/linux/netfilter_ipv6/ip6t_REJECT.h
  HDRINST usr/include/linux/netfilter_ipv6/ip6t_hl.h
  HDRINST usr/include/linux/isst_if.h
  HDRINST usr/include/linux/qnxtypes.h
  HDRINST usr/include/linux/devlink.h
  HDRINST usr/include/linux/can/vxcan.h
  HDRINST usr/include/linux/can/gw.h
  HDRINST usr/include/linux/can/isotp.h
  HDRINST usr/include/linux/can/netlink.h
  HDRINST usr/include/linux/can/raw.h
  HDRINST usr/include/linux/can/bcm.h
  HDRINST usr/include/linux/can/j1939.h
  HDRINST usr/include/linux/can/error.h
  HDRINST usr/include/linux/sonet.h
  HDRINST usr/include/linux/thp7312.h
  HDRINST usr/include/linux/if_xdp.h
  HDRINST usr/include/linux/drbd_limits.h
  HDRINST usr/include/linux/tdx-guest.h
  HDRINST usr/include/linux/vfio.h
  HDRINST usr/include/linux/rio_mport_cdev.h
  HDRINST usr/include/linux/if_hippi.h
  HDRINST usr/include/linux/tc_act/tc_bpf.h
  HDRINST usr/include/linux/tc_act/tc_mirred.h
  HDRINST usr/include/linux/tc_act/tc_tunnel_key.h
  HDRINST usr/include/linux/tc_act/tc_pedit.h
  HDRINST usr/include/linux/tc_act/tc_connmark.h
  HDRINST usr/include/linux/tc_act/tc_skbedit.h
  HDRINST usr/include/linux/tc_act/tc_vlan.h
  HDRINST usr/include/linux/tc_act/tc_gate.h
  HDRINST usr/include/linux/tc_act/tc_gact.h
  HDRINST usr/include/linux/tc_act/tc_nat.h
  HDRINST usr/include/linux/tc_act/tc_mpls.h
  HDRINST usr/include/linux/tc_act/tc_ct.h
  HDRINST usr/include/linux/tc_act/tc_skbmod.h
  HDRINST usr/include/linux/tc_act/tc_defact.h
  HDRINST usr/include/linux/tc_act/tc_sample.h
  HDRINST usr/include/linux/tc_act/tc_csum.h
  HDRINST usr/include/linux/tc_act/tc_ife.h
  HDRINST usr/include/linux/tc_act/tc_ctinfo.h
  HDRINST usr/include/linux/joystick.h
  HDRINST usr/include/linux/vhost.h
  HDRINST usr/include/linux/ila.h
  HDRINST usr/include/linux/coff.h
  HDRINST usr/include/linux/sysctl.h
  HDRINST usr/include/linux/fd.h
  HDRINST usr/include/linux/if_slip.h
  HDRINST usr/include/linux/media/v4l2-isp.h
  HDRINST usr/include/linux/media/raspberrypi/pisp_be_config.h
  HDRINST usr/include/linux/media/raspberrypi/pisp_fe_config.h
  HDRINST usr/include/linux/media/raspberrypi/pisp_fe_statistics.h
  HDRINST usr/include/linux/media/raspberrypi/pisp_common.h
  HDRINST usr/include/linux/media/arm/mali-c55-config.h
  HDRINST usr/include/linux/media/amlogic/c3-isp-config.h
  HDRINST usr/include/linux/zorro.h
  HDRINST usr/include/linux/seg6_local.h
  HDRINST usr/include/linux/typelimits.h
  HDRINST usr/include/linux/ip_vs.h
  HDRINST usr/include/linux/genwqe/genwqe_card.h
  HDRINST usr/include/linux/perf_event.h
  HDRINST usr/include/linux/virtio_pci.h
  HDRINST usr/include/linux/android/binder.h
  HDRINST usr/include/linux/android/binder_netlink.h
  HDRINST usr/include/linux/android/binderfs.h
  HDRINST usr/include/linux/usbdevice_fs.h
  HDRINST usr/include/linux/atmsap.h
  HDRINST usr/include/linux/vdpa.h
  HDRINST usr/include/linux/psp-sfs.h
  HDRINST usr/include/linux/tty.h
  HDRINST usr/include/linux/blktrace_api.h
  HDRINST usr/include/linux/sctp.h
  HDRINST usr/include/linux/fcntl.h
  HDRINST usr/include/linux/bcm933xx_hcs.h
  HDRINST usr/include/linux/rkisp1-config.h
  HDRINST usr/include/linux/i2c-dev.h
  HDRINST usr/include/linux/remoteproc_cdev.h
  HDRINST usr/include/linux/netfilter_arp/arpt_mangle.h
  HDRINST usr/include/linux/netfilter_arp/arp_tables.h
  HDRINST usr/include/linux/lockd_netlink.h
  HDRINST usr/include/linux/fsl_mc.h
  HDRINST usr/include/linux/coda.h
  HDRINST usr/include/linux/tee.h
  HDRINST usr/include/linux/phonet.h
  HDRINST usr/include/linux/mqueue.h
  HDRINST usr/include/linux/smc.h
  HDRINST usr/include/linux/neighbour.h
  HDRINST usr/include/linux/nilfs2_ondisk.h
  HDRINST usr/include/linux/atmdev.h
  HDRINST usr/include/linux/msdos_fs.h
  HDRINST usr/include/linux/nfs_fs.h
  HDRINST usr/include/linux/bsg.h
  HDRINST usr/include/linux/fanotify.h
  HDRINST usr/include/linux/ntsync.h
  HDRINST usr/include/linux/vmclock-abi.h
  HDRINST usr/include/linux/nfsd_netlink.h
  HDRINST usr/include/linux/nsm.h
  HDRINST usr/include/linux/virtio_rng.h
  HDRINST usr/include/linux/vboxguest.h
  HDRINST usr/include/linux/netlink_diag.h
  HDRINST usr/include/linux/if_phonet.h
  HDRINST usr/include/linux/mptcp.h
  HDRINST usr/include/linux/pktcdvd.h
  HDRINST usr/include/linux/pidfd.h
  HDRINST usr/include/linux/vbox_vmmdev_types.h
  HDRINST usr/include/linux/dcbnl.h
  HDRINST usr/include/linux/types.h
  HDRINST usr/include/linux/v4l2-controls.h
  HDRINST usr/include/linux/virtio_mem.h
  HDRINST usr/include/linux/aspeed-lpc-ctrl.h
  HDRINST usr/include/linux/if_bridge.h
  HDRINST usr/include/linux/virtio_crypto.h
  HDRINST usr/include/linux/nl80211.h
  HDRINST usr/include/linux/nfsacl.h
  HDRINST usr/include/linux/netdev.h
  HDRINST usr/include/linux/ipsec.h
  HDRINST usr/include/linux/capability.h
  HDRINST usr/include/linux/tls.h
  HDRINST usr/include/linux/agpgart.h
  HDRINST usr/include/linux/seg6_iptunnel.h
  HDRINST usr/include/linux/cn_proc.h
  HDRINST usr/include/linux/auto_fs4.h
  HDRINST usr/include/linux/ovpn.h
  HDRINST usr/include/linux/if_link.h
  HDRINST usr/include/linux/random.h
  HDRINST usr/include/linux/mpls.h
  HDRINST usr/include/linux/audit.h
  HDRINST usr/include/linux/watch_queue.h
  HDRINST usr/include/linux/loadpin.h
  HDRINST usr/include/linux/sound.h
  HDRINST usr/include/linux/ipv6_route.h
  HDRINST usr/include/linux/map_to_7segment.h
  HDRINST usr/include/linux/batadv_packet.h
  HDRINST usr/include/linux/eventpoll.h
  HDRINST usr/include/linux/libc-compat.h
  HDRINST usr/include/linux/vm_sockets_diag.h
  HDRINST usr/include/linux/lirc.h
  HDRINST usr/include/linux/radeonfb.h
  HDRINST usr/include/linux/counter.h
  HDRINST usr/include/linux/seg6_hmac.h
  HDRINST usr/include/linux/net_dropmon.h
  HDRINST usr/include/linux/signalfd.h
  HDRINST usr/include/linux/landlock.h
  HDRINST usr/include/linux/if_vlan.h
  HDRINST usr/include/linux/switchtec_ioctl.h
  HDRINST usr/include/linux/securebits.h
  HDRINST usr/include/linux/ife.h
  HDRINST usr/include/linux/virtio_input.h
  HDRINST usr/include/linux/wireguard.h
  HDRINST usr/include/linux/errno.h
  HDRINST usr/include/linux/usbip.h
  HDRINST usr/include/linux/userio.h
  HDRINST usr/include/linux/i2o-dev.h
  HDRINST usr/include/linux/vbox_err.h
  HDRINST usr/include/linux/ptp_clock.h
  HDRINST usr/include/linux/mempolicy.h
  HDRINST usr/include/linux/fsl_hypervisor.h
  HDRINST usr/include/linux/membarrier.h
  HDRINST usr/include/linux/posix_acl.h
  HDRINST usr/include/linux/signal.h
  HDRINST usr/include/linux/hw_breakpoint.h
  HDRINST usr/include/linux/if_infiniband.h
  HDRINST usr/include/linux/irqnr.h
  HDRINST usr/include/linux/netfilter.h
  HDRINST usr/include/linux/virtio_scmi.h
  HDRINST usr/include/linux/posix_acl_xattr.h
  HDRINST usr/include/linux/qrtr.h
  HDRINST usr/include/linux/misc/bcm_vk.h
  HDRINST usr/include/linux/llc.h
  HDRINST usr/include/linux/nfs_mount.h
  HDRINST usr/include/linux/nbd-netlink.h
  HDRINST usr/include/linux/mpls_iptunnel.h
  HDRINST usr/include/linux/kexec.h
  HDRINST usr/include/linux/shm.h
  HDRINST usr/include/linux/keyboard.h
  HDRINST usr/include/linux/cec-funcs.h
  HDRINST usr/include/linux/vfio_zdev.h
  HDRINST usr/include/linux/if_x25.h
  HDRINST usr/include/linux/reboot.h
  HDRINST usr/include/linux/sockios.h
  HDRINST usr/include/linux/kfd_ioctl.h
  HDRINST usr/include/linux/uinput.h
  HDRINST usr/include/linux/unix_diag.h
  HDRINST usr/include/linux/smc_diag.h
  HDRINST usr/include/linux/ndctl.h
  HDRINST usr/include/linux/virtio_console.h
  HDRINST usr/include/linux/lwtunnel.h
  HDRINST usr/include/linux/sed-opal.h
  HDRINST usr/include/linux/mtio.h
  HDRINST usr/include/linux/virtio_pmem.h
  HDRINST usr/include/linux/cryptouser.h
  HDRINST usr/include/linux/gameport.h
  HDRINST usr/include/linux/packet_diag.h
  HDRINST usr/include/linux/auxvec.h
  HDRINST usr/include/linux/netfilter/xt_devgroup.h
  HDRINST usr/include/linux/netfilter/xt_CHECKSUM.h
  HDRINST usr/include/linux/netfilter/nf_conntrack_tcp.h
  HDRINST usr/include/linux/netfilter/x_tables.h
  HDRINST usr/include/linux/netfilter/xt_recent.h
  HDRINST usr/include/linux/netfilter/nfnetlink_cttimeout.h
  HDRINST usr/include/linux/netfilter/xt_mark.h
  HDRINST usr/include/linux/netfilter/xt_LED.h
  HDRINST usr/include/linux/netfilter/xt_NFLOG.h
  HDRINST usr/include/linux/netfilter/nf_synproxy.h
  HDRINST usr/include/linux/netfilter/xt_tcpudp.h
  HDRINST usr/include/linux/netfilter/xt_CONNSECMARK.h
  HDRINST usr/include/linux/netfilter/xt_mac.h
  HDRINST usr/include/linux/netfilter/xt_quota.h
  HDRINST usr/include/linux/netfilter/nfnetlink_cthelper.h
  HDRINST usr/include/linux/netfilter/nf_nat.h
  HDRINST usr/include/linux/netfilter/xt_length.h
  HDRINST usr/include/linux/netfilter/xt_DSCP.h
  HDRINST usr/include/linux/netfilter/nfnetlink_acct.h
  HDRINST usr/include/linux/netfilter/nfnetlink_osf.h
  HDRINST usr/include/linux/netfilter/xt_MARK.h
  HDRINST usr/include/linux/netfilter/xt_IDLETIMER.h
  HDRINST usr/include/linux/netfilter/xt_iprange.h
  HDRINST usr/include/linux/netfilter/xt_set.h
  HDRINST usr/include/linux/netfilter/xt_CONNMARK.h
  HDRINST usr/include/linux/netfilter/xt_ipvs.h
  HDRINST usr/include/linux/netfilter/xt_owner.h
  HDRINST usr/include/linux/netfilter/xt_hashlimit.h
  HDRINST usr/include/linux/netfilter/xt_cpu.h
  HDRINST usr/include/linux/netfilter/xt_tcpmss.h
  HDRINST usr/include/linux/netfilter/xt_bpf.h
  HDRINST usr/include/linux/netfilter/xt_SYNPROXY.h
  HDRINST usr/include/linux/netfilter/nfnetlink_queue.h
  HDRINST usr/include/linux/netfilter/xt_multiport.h
  HDRINST usr/include/linux/netfilter/xt_physdev.h
  HDRINST usr/include/linux/netfilter/xt_RATEEST.h
  HDRINST usr/include/linux/netfilter/nf_conntrack_ftp.h
  HDRINST usr/include/linux/netfilter/xt_dccp.h
  HDRINST usr/include/linux/netfilter/xt_policy.h
  HDRINST usr/include/linux/netfilter/nf_tables.h
  HDRINST usr/include/linux/netfilter/xt_TEE.h
  HDRINST usr/include/linux/netfilter/xt_l2tp.h
  HDRINST usr/include/linux/netfilter/xt_socket.h
  HDRINST usr/include/linux/netfilter/xt_time.h
  HDRINST usr/include/linux/netfilter/xt_SECMARK.h
  HDRINST usr/include/linux/netfilter/xt_ipcomp.h
  HDRINST usr/include/linux/netfilter/nf_log.h
  HDRINST usr/include/linux/netfilter/xt_comment.h
  HDRINST usr/include/linux/netfilter/xt_TPROXY.h
  HDRINST usr/include/linux/netfilter/xt_rateest.h
  HDRINST usr/include/linux/netfilter/nf_tables_compat.h
  HDRINST usr/include/linux/netfilter/xt_pkttype.h
  HDRINST usr/include/linux/netfilter/xt_LOG.h
  HDRINST usr/include/linux/netfilter/xt_string.h
  HDRINST usr/include/linux/netfilter/xt_HMARK.h
  HDRINST usr/include/linux/netfilter/xt_u32.h
  HDRINST usr/include/linux/netfilter/ipset/ip_set_list.h
  HDRINST usr/include/linux/netfilter/ipset/ip_set_bitmap.h
  HDRINST usr/include/linux/netfilter/ipset/ip_set.h
  HDRINST usr/include/linux/netfilter/ipset/ip_set_hash.h
  HDRINST usr/include/linux/netfilter/xt_connlimit.h
  HDRINST usr/include/linux/netfilter/xt_dscp.h
  HDRINST usr/include/linux/netfilter/xt_connbytes.h
  HDRINST usr/include/linux/netfilter/xt_realm.h
  HDRINST usr/include/linux/netfilter/nf_conntrack_tuple_common.h
  HDRINST usr/include/linux/netfilter/xt_ecn.h
  HDRINST usr/include/linux/netfilter/xt_cluster.h
  HDRINST usr/include/linux/netfilter/xt_cgroup.h
  HDRINST usr/include/linux/netfilter/xt_TCPMSS.h
  HDRINST usr/include/linux/netfilter/nf_conntrack_common.h
  HDRINST usr/include/linux/netfilter/nfnetlink_hook.h
  HDRINST usr/include/linux/netfilter/xt_esp.h
  HDRINST usr/include/linux/netfilter/xt_limit.h
  HDRINST usr/include/linux/netfilter/xt_connlabel.h
  HDRINST usr/include/linux/netfilter/xt_AUDIT.h
  HDRINST usr/include/linux/netfilter/xt_osf.h
  HDRINST usr/include/linux/netfilter/xt_helper.h
  HDRINST usr/include/linux/netfilter/xt_conntrack.h
  HDRINST usr/include/linux/netfilter/nfnetlink_conntrack.h
  HDRINST usr/include/linux/netfilter/nfnetlink_log.h
  HDRINST usr/include/linux/netfilter/nfnetlink.h
  HDRINST usr/include/linux/netfilter/xt_nfacct.h
  HDRINST usr/include/linux/netfilter/xt_sctp.h
  UPD     include/generated/rq-offsets.h
  HDRINST usr/include/linux/netfilter/xt_rpfilter.h
  CALL    /mnt/git-volume/linux-stable-rc/scripts/checksyscalls.sh 
  HDRINST usr/include/linux/netfilter/xt_NFQUEUE.h
  HDRINST usr/include/linux/netfilter/nfnetlink_compat.h
  HDRINST usr/include/linux/netfilter/xt_statistic.h
  HDRINST usr/include/linux/netfilter/xt_addrtype.h
  HDRINST usr/include/linux/netfilter/nf_conntrack_sctp.h
  HDRINST usr/include/linux/netfilter/xt_TCPOPTSTRIP.h
  HDRINST usr/include/linux/netfilter/xt_CT.h
  HDRINST usr/include/linux/netfilter/xt_state.h
  HDRINST usr/include/linux/netfilter/xt_connmark.h
  HDRINST usr/include/linux/netfilter/xt_CLASSIFY.h
  HDRINST usr/include/linux/acrn.h
  HDRINST usr/include/linux/string.h
  HDRINST usr/include/linux/ipmi_msgdefs.h
  HDRINST usr/include/linux/cciss_ioctl.h
  HDRINST usr/include/linux/v4l2-subdev.h
  HDRINST usr/include/linux/if_alg.h
  HDRINST usr/include/linux/dma-heap.h
  HDRINST usr/include/linux/prctl.h
  HDRINST usr/include/linux/virtio_i2c.h
  HDRINST usr/include/linux/xfrm.h
  HDRINST usr/include/linux/fb.h
  HDRINST usr/include/linux/limits.h
  HDRINST usr/include/linux/papr_pdsm.h
  HDRINST usr/include/linux/videodev2.h
  HDRINST usr/include/linux/vmcore.h
  HDRINST usr/include/linux/blkdev.h
  HDRINST usr/include/linux/fib_rules.h
  HDRINST usr/include/linux/screen_info.h
  HDRINST usr/include/linux/openvswitch.h
  HDRINST usr/include/linux/v4l2-common.h
  HDRINST usr/include/linux/omap3isp.h
  HDRINST usr/include/linux/mei.h
  HDRINST usr/include/linux/wait.h
  HDRINST usr/include/linux/dlm.h
  HDRINST usr/include/linux/btrfs.h
  HDRINST usr/include/linux/sunrpc_netlink.h
  HDRINST usr/include/linux/idxd.h
  HDRINST usr/include/linux/target_core_user.h
  HDRINST usr/include/linux/firewire-constants.h
  HDRINST usr/include/linux/tty_flags.h
  HDRINST usr/include/linux/net_namespace.h
  HDRINST usr/include/linux/if_tunnel.h
  HDRINST usr/include/linux/cifs/cifs_mount.h
  HDRINST usr/include/linux/cifs/cifs_netlink.h
  HDRINST usr/include/linux/connector.h
  HDRINST usr/include/linux/chio.h
  HDRINST usr/include/linux/dlm_device.h
  HDRINST usr/include/linux/xilinx-v4l2-controls.h
  HDRINST usr/include/linux/virtio_config.h
  HDRINST usr/include/linux/rseq.h
  HDRINST usr/include/linux/module_signature.h
  HDRINST usr/include/linux/ip6_tunnel.h
  HDRINST usr/include/linux/io_uring.h
  HDRINST usr/include/linux/f2fs.h
  HDRINST usr/include/linux/kvm_para.h
  HDRINST usr/include/linux/rpl_iptunnel.h
  HDRINST usr/include/linux/vesa.h
  HDRINST usr/include/linux/tcp.h
  HDRINST usr/include/linux/rpl.h
  HDRINST usr/include/linux/phantom.h
  HDRINST usr/include/linux/quota.h
  HDRINST usr/include/linux/bpf_common.h
  HDRINST usr/include/linux/kdev_t.h
  HDRINST usr/include/linux/if_plip.h
  HDRINST usr/include/linux/nubus.h
  HDRINST usr/include/linux/elf.h
  HDRINST usr/include/linux/coresight-stm.h
  HDRINST usr/include/linux/rfkill.h
  HDRINST usr/include/linux/virtio_spi.h
  HDRINST usr/include/linux/nvram.h
  HDRINST usr/include/linux/swab.h
  HDRINST usr/include/linux/virtio_gpu.h
  HDRINST usr/include/linux/hsr_netlink.h
  HDRINST usr/include/linux/user_events.h
  HDRINST usr/include/linux/param.h
  HDRINST usr/include/linux/virtio_fs.h
  HDRINST usr/include/linux/atmioc.h
  HDRINST usr/include/linux/smiapp.h
  HDRINST usr/include/linux/ethtool.h
  HDRINST usr/include/linux/hdreg.h
  HDRINST usr/include/linux/rds.h
  HDRINST usr/include/linux/kernel-page-flags.h
  HDRINST usr/include/linux/if_arp.h
  HDRINST usr/include/linux/jffs2.h
  HDRINST usr/include/linux/netconf.h
  HDRINST usr/include/linux/bits.h
  HDRINST usr/include/linux/elf-em.h
  HDRINST usr/include/linux/major.h
  HDRINST usr/include/linux/tipc_sockets_diag.h
  HDRINST usr/include/linux/atmapi.h
  HDRINST usr/include/linux/exfat.h
  HDRINST usr/include/linux/netlink.h
  HDRINST usr/include/linux/if_fc.h
  HDRINST usr/include/linux/virtio_types.h
  HDRINST usr/include/linux/igmp.h
  HDRINST usr/include/linux/userfaultfd.h
  HDRINST usr/include/linux/rpmsg.h
  HDRINST usr/include/linux/uhid.h
  HDRINST usr/include/linux/stat.h
  HDRINST usr/include/linux/rxrpc.h
  HDRINST usr/include/linux/const.h
  HDRINST usr/include/linux/i2c.h
  HDRINST usr/include/linux/input.h
  HDRINST usr/include/linux/netfilter_ipv6.h
  HDRINST usr/include/linux/oom.h
  HDRINST usr/include/linux/selinux_netlink.h
  HDRINST usr/include/linux/netfilter_ipv4.h
  HDRINST usr/include/linux/fadvise.h
  HDRINST usr/include/linux/trace_mmap.h
  HDRINST usr/include/linux/tiocl.h
  HDRINST usr/include/linux/un.h
  HDRINST usr/include/linux/dccp.h
  HDRINST usr/include/linux/ioam6.h
  HDRINST usr/include/linux/vsockmon.h
  HDRINST usr/include/linux/futex.h
  HDRINST usr/include/linux/aio_abi.h
  HDRINST usr/include/linux/nfsd/debug.h
  HDRINST usr/include/linux/nfsd/stats.h
  HDRINST usr/include/linux/nfsd/export.h
  HDRINST usr/include/linux/nfsd/cld.h
  HDRINST usr/include/linux/cxl_mem.h
  HDRINST usr/include/linux/uvcvideo.h
  HDRINST usr/include/linux/pfkeyv2.h
  HDRINST usr/include/linux/loop.h
  HDRINST usr/include/linux/btf.h
  HDRINST usr/include/linux/ioprio.h
  HDRINST usr/include/linux/iio/types.h
  HDRINST usr/include/linux/iio/events.h
  HDRINST usr/include/linux/iio/buffer.h
  HDRINST usr/include/linux/ethtool_netlink_generated.h
  HDRINST usr/include/linux/erspan.h
  HDRINST usr/include/linux/ivtv.h
  HDRINST usr/include/linux/vtpm_proxy.h
  HDRINST usr/include/linux/sev-guest.h
  HDRINST usr/include/linux/module.h
  HDRINST usr/include/linux/timerfd.h
  HDRINST usr/include/linux/fou.h
  HDRINST usr/include/linux/nilfs2_api.h
  HDRINST usr/include/linux/dev_energymodel.h
  HDRINST usr/include/linux/cachefiles.h
  HDRINST usr/include/linux/pps_gen.h
  HDRINST usr/include/linux/lsm.h
  HDRINST usr/include/linux/nfs2.h
  HDRINST usr/include/linux/mroute.h
  HDRINST usr/include/linux/sem.h
  HDRINST usr/include/linux/media-bus-format.h
  HDRINST usr/include/linux/serio.h
  HDRINST usr/include/linux/ethtool_netlink.h
  HDRINST usr/include/linux/if_ltalk.h
  HDRINST usr/include/linux/bpf.h
  HDRINST usr/include/linux/netdevice.h
  HDRINST usr/include/linux/soundcard.h
  HDRINST usr/include/linux/liveupdate.h
  HDRINST usr/include/linux/inet_diag.h
  HDRINST usr/include/linux/net.h
  HDRINST usr/include/linux/a.out.h
  HDRINST usr/include/linux/udmabuf.h
  HDRINST usr/include/linux/bt-bmc.h
  HDRINST usr/include/linux/termios.h
  HDRINST usr/include/linux/hash_info.h
  HDRINST usr/include/linux/kfd_sysfs.h
  HDRINST usr/include/linux/serial.h
  HDRINST usr/include/linux/errqueue.h
  HDRINST usr/include/linux/lp.h
  HDRINST usr/include/linux/tc_ematch/tc_em_cmp.h
  HDRINST usr/include/linux/tc_ematch/tc_em_ipt.h
  HDRINST usr/include/linux/tc_ematch/tc_em_text.h
  HDRINST usr/include/linux/tc_ematch/tc_em_meta.h
  HDRINST usr/include/linux/tc_ematch/tc_em_nbyte.h
  HDRINST usr/include/linux/bpqether.h
  HDRINST usr/include/linux/stm.h
  HDRINST usr/include/linux/omapfb.h
  HDRINST usr/include/linux/if_eql.h
  HDRINST usr/include/linux/veth.h
  HDRINST usr/include/linux/cgroupstats.h
  HDRINST usr/include/linux/parport.h
  HDRINST usr/include/linux/btrfs_tree.h
  HDRINST usr/include/linux/mount.h
  HDRINST usr/include/linux/bfs_fs.h
  HDRINST usr/include/linux/ipmi_bmc.h
  HDRINST usr/include/linux/if_fddi.h
  HDRINST usr/include/linux/tcp_metrics.h
  HDRINST usr/include/linux/netfilter_bridge.h
  HDRINST usr/include/linux/atm.h
  HDRINST usr/include/linux/ivtvfb.h
  HDRINST usr/include/linux/watchdog.h
  HDRINST usr/include/linux/virtio_iommu.h
  HDRINST usr/include/linux/mshv.h
  HDRINST usr/include/linux/npcm-video.h
  HDRINST usr/include/linux/adb.h
  HDRINST usr/include/linux/if_macsec.h
  HDRINST usr/include/linux/tps6594_pfsm.h
  HDRINST usr/include/linux/hid.h
  HDRINST usr/include/linux/ncsi.h
  HDRINST usr/include/linux/pr.h
  HDRINST usr/include/linux/rtnetlink.h
  HDRINST usr/include/linux/resource.h
  HDRINST usr/include/linux/ext4.h
  HDRINST usr/include/linux/fdreg.h
  HDRINST usr/include/linux/xattr.h
  HDRINST usr/include/linux/pkt_cls.h
  HDRINST usr/include/linux/suspend_ioctls.h
  HDRINST usr/include/linux/psp-sev.h
  HDRINST usr/include/linux/rpmsg_types.h
  HDRINST usr/include/linux/atalk.h
  HDRINST usr/include/linux/aspeed-p2a-ctrl.h
  HDRINST usr/include/linux/socket.h
  HDRINST usr/include/linux/mei_uuid.h
  HDRINST usr/include/linux/ax25.h
  HDRINST usr/include/linux/pci_regs.h
  HDRINST usr/include/linux/hdlc/ioctl.h
  HDRINST usr/include/linux/udf_fs_i.h
  HDRINST usr/include/linux/toshiba.h
  HDRINST usr/include/linux/pkt_sched.h
  HDRINST usr/include/linux/icmpv6.h
  HDRINST usr/include/linux/usb/gadgetfs.h
  HDRINST usr/include/linux/usb/g_printer.h
  HDRINST usr/include/linux/usb/tmc.h
  HDRINST usr/include/linux/usb/ch11.h
  HDRINST usr/include/linux/usb/g_hid.h
  HDRINST usr/include/linux/usb/charger.h
  HDRINST usr/include/linux/usb/ch9.h
  HDRINST usr/include/linux/usb/video.h
  HDRINST usr/include/linux/usb/cdc.h
  HDRINST usr/include/linux/usb/cdc-wdm.h
  HDRINST usr/include/linux/usb/raw_gadget.h
  HDRINST usr/include/linux/usb/g_uvc.h
  HDRINST usr/include/linux/usb/functionfs.h
  HDRINST usr/include/linux/usb/midi.h
  HDRINST usr/include/linux/usb/audio.h
  HDRINST usr/include/linux/blkzoned.h
  HDRINST usr/include/linux/blkpg.h
  HDRINST usr/include/linux/ioam6_iptunnel.h
  HDRINST usr/include/linux/input-event-codes.h
  HDRINST usr/include/linux/time.h
  HDRINST usr/include/linux/falloc.h
  HDRINST usr/include/linux/if_team.h
  HDRINST usr/include/linux/fsi.h
  HDRINST usr/include/linux/hpet.h
  HDRINST usr/include/linux/virtio_ring.h
  HDRINST usr/include/linux/raid/md_p.h
  HDRINST usr/include/linux/raid/md_u.h
  HDRINST usr/include/linux/counter/microchip-tcb-capture.h
  HDRINST usr/include/linux/virtio_9p.h
  HDRINST usr/include/linux/ip.h
  HDRINST usr/include/linux/gsmmux.h
  HDRINST usr/include/linux/netfilter_bridge/ebt_among.h
  HDRINST usr/include/linux/netfilter_bridge/ebt_ip6.h
  HDRINST usr/include/linux/netfilter_bridge/ebt_mark_t.h
  HDRINST usr/include/linux/netfilter_bridge/ebt_arp.h
  HDRINST usr/include/linux/netfilter_bridge/ebt_stp.h
  HDRINST usr/include/linux/netfilter_bridge/ebt_vlan.h
  HDRINST usr/include/linux/netfilter_bridge/ebt_ip.h
  HDRINST usr/include/linux/netfilter_bridge/ebt_nflog.h
  HDRINST usr/include/linux/netfilter_bridge/ebt_redirect.h
  HDRINST usr/include/linux/netfilter_bridge/ebtables.h
  HDRINST usr/include/linux/netfilter_bridge/ebt_log.h
  HDRINST usr/include/linux/netfilter_bridge/ebt_pkttype.h
  HDRINST usr/include/linux/netfilter_bridge/ebt_nat.h
  HDRINST usr/include/linux/netfilter_bridge/ebt_802_3.h
  HDRINST usr/include/linux/netfilter_bridge/ebt_mark_m.h
  HDRINST usr/include/linux/netfilter_bridge/ebt_limit.h
  HDRINST usr/include/linux/netfilter_bridge/ebt_arpreply.h
  HDRINST usr/include/linux/nvme_ioctl.h
  HDRINST usr/include/linux/route.h
  HDRINST usr/include/linux/vfio_ccw.h
  HDRINST usr/include/linux/net_shaper.h
  HDRINST usr/include/linux/posix_types.h
  HDRINST usr/include/linux/fpga-dfl.h
  HDRINST usr/include/linux/utime.h
  HDRINST usr/include/linux/dns_resolver.h
  HDRINST usr/include/linux/uleds.h
  HDRINST usr/include/linux/dw100.h
  HDRINST usr/include/linux/cuda.h
  HDRINST usr/include/linux/kernel.h
  HDRINST usr/include/linux/vhost_types.h
  HDRINST usr/include/linux/if_packet.h
  HDRINST usr/include/linux/uuid.h
  HDRINST usr/include/linux/memfd.h
  HDRINST usr/include/linux/pcitest.h
  HDRINST usr/include/linux/pg.h
  HDRINST usr/include/linux/can.h
  HDRINST usr/include/linux/virtio_rtc.h
  HDRINST usr/include/linux/nfs3.h
  HDRINST usr/include/linux/virtio_snd.h
  HDRINST usr/include/linux/if_addrlabel.h
  HDRINST usr/include/linux/pps.h
  HDRINST usr/include/linux/ptrace.h
  HDRINST usr/include/linux/ioam6_genl.h
  HDRINST usr/include/linux/minix_fs.h
  HDRINST usr/include/linux/am437x-vpfe.h
  HDRINST usr/include/linux/eventfd.h
  HDRINST usr/include/linux/wmi.h
  HDRINST usr/include/linux/magic.h
  HDRINST usr/include/linux/ppp-ioctl.h
  HDRINST usr/include/linux/acct.h
  HDRINST usr/include/linux/if_arcnet.h
  HDRINST usr/include/linux/nsfs.h
  HDRINST usr/include/linux/dqblk_xfs.h
  HDRINST usr/include/linux/blk-crypto.h
  HDRINST usr/include/linux/uio.h
  HDRINST usr/include/linux/if_tun.h
  HDRINST usr/include/linux/auto_dev-ioctl.h
  HDRINST usr/include/linux/romfs_fs.h
  HDRINST usr/include/linux/stddef.h
  HDRINST usr/include/linux/io_uring/mock_file.h
  HDRINST usr/include/linux/io_uring/query.h
  HDRINST usr/include/linux/io_uring/zcrx.h
  HDRINST usr/include/linux/io_uring/bpf_filter.h
  HDRINST usr/include/linux/in_route.h
  HDRINST usr/include/linux/mctp.h
  HDRINST usr/include/linux/map_benchmark.h
  HDRINST usr/include/linux/virtio_blk.h
  HDRINST usr/include/linux/hyperv.h
  HDRINST usr/include/linux/elf-fdpic.h
  HDRINST usr/include/linux/sunrpc/debug.h
  HDRINST usr/include/linux/pfrut.h
  HDRINST usr/include/linux/drbd.h
  HDRINST usr/include/linux/in6.h
  HDRINST usr/include/linux/wwan.h
  HDRINST usr/include/linux/if_bonding.h
  HDRINST usr/include/linux/serial_reg.h
  HDRINST usr/include/linux/apm_bios.h
  HDRINST usr/include/linux/qemu_fw_cfg.h
  HDRINST usr/include/linux/handshake.h
  HDRINST usr/include/linux/v4l2-dv-timings.h
  HDRINST usr/include/linux/nfs4.h
  HDRINST usr/include/linux/arm_sdei.h
  HDRINST usr/include/linux/kcmp.h
  HDRINST usr/include/linux/genetlink.h
  HDRINST usr/include/linux/virtio_mmio.h
  HDRINST usr/include/linux/gen_stats.h
  HDRINST usr/include/linux/psample.h
  HDRINST usr/include/linux/nbd.h
  HDRINST usr/include/linux/batman_adv.h
  HDRINST usr/include/linux/mii.h
  HDRINST usr/include/linux/dpll.h
  HDRINST usr/include/linux/gtp.h
  HDRINST usr/include/linux/edd.h
  HDRINST usr/include/linux/keyctl.h
  HDRINST usr/include/linux/iommufd.h
  HDRINST usr/include/linux/hdlc.h
  HDRINST usr/include/linux/seg6.h
  HDRINST usr/include/linux/kd.h
  HDRINST usr/include/linux/if_ether.h
  HDRINST usr/include/linux/kcov.h
  HDRINST usr/include/linux/tipc_config.h
  HDRINST usr/include/linux/rtc.h
  HDRINST usr/include/linux/close_range.h
  HDRINST usr/include/linux/psp.h
  HDRINST usr/include/linux/ppp_defs.h
  HDRINST usr/include/linux/wireless.h
  HDRINST usr/include/linux/mroute6.h
  HDRINST usr/include/linux/serial_core.h
  HDRINST usr/include/linux/cfm_bridge.h
  HDRINST usr/include/linux/map_to_14segment.h
  HDRINST usr/include/linux/affs_hardblocks.h
  HDRINST usr/include/linux/gfs2_ondisk.h
  HDRINST usr/include/linux/virtio_net.h
  HDRINST usr/include/linux/nfs.h
  HDRINST usr/include/linux/gpib.h
  HDRINST usr/include/linux/rio_cm_cdev.h
  HDRINST usr/include/linux/sched.h
  HDRINST usr/include/linux/tipc_netlink.h
  HDRINST usr/include/linux/hidraw.h
  HDRINST usr/include/linux/gpib_ioctl.h
  HDRINST usr/include/linux/nfs_idmap.h
  HDRINST usr/include/linux/timex.h
  HDRINST usr/include/linux/virtio_can.h
  HDRINST usr/include/linux/comedi.h
  HDRINST usr/include/linux/surface_aggregator/cdev.h
  HDRINST usr/include/linux/surface_aggregator/dtx.h
  HDRINST usr/include/linux/vt.h
  HDRINST usr/include/linux/virtio_vsock.h
  HDRINST usr/include/linux/if_addr.h
  HDRINST usr/include/linux/thermal.h
  HDRINST usr/include/linux/net_tstamp.h
  HDRINST usr/include/linux/fsverity.h
  HDRINST usr/include/linux/ipmi_ssif_bmc.h
  HDRINST usr/include/linux/unistd.h
  HDRINST usr/include/linux/if.h
  HDRINST usr/include/linux/pci.h
  HDRINST usr/include/linux/xdp_diag.h
  HDRINST usr/include/linux/coredump.h
  HDRINST usr/include/linux/dlm_plock.h
  HDRINST usr/include/linux/adfs_fs.h
  HDRINST usr/include/linux/fuse.h
  HDRINST usr/include/linux/cramfs_fs.h
  HDRINST usr/include/linux/hiddev.h
  HDRINST usr/include/linux/tipc.h
  HDRINST usr/include/linux/ppp-comp.h
  HDRINST usr/include/linux/dvb/ca.h
  HDRINST usr/include/linux/dvb/video.h
  HDRINST usr/include/linux/dvb/frontend.h
  HDRINST usr/include/linux/dvb/dmx.h
  HDRINST usr/include/linux/dvb/osd.h
  HDRINST usr/include/linux/dvb/net.h
  HDRINST usr/include/linux/dvb/version.h
  HDRINST usr/include/linux/dvb/audio.h
  HDRINST usr/include/linux/bpf_perf_event.h
  HDRINST usr/include/linux/atmppp.h
  HDRINST usr/include/linux/ccs.h
  HDRINST usr/include/linux/virtio_bt.h
  HDRINST usr/include/linux/cyclades.h
  HDRINST usr/include/linux/efs_fs_sb.h
  HDRINST usr/include/linux/times.h
  HDRINST usr/include/linux/mdio.h
  HDRINST usr/include/linux/amt.h
  HDRINST usr/include/linux/media.h
  HDRINST usr/include/linux/inotify.h
  HDRINST usr/include/linux/cec.h
  HDRINST usr/include/linux/drbd_genl.h
  HDRINST usr/include/linux/aspeed-video.h
  HDRINST usr/include/linux/fscrypt.h
  HDRINST usr/include/linux/if_ppp.h
  HDRINST usr/include/linux/personality.h
  HDRINST usr/include/linux/if_pppox.h
  HDRINST usr/include/linux/filter.h
  HDRINST usr/include/linux/mptcp_pm.h
  HDRINST usr/include/linux/icmp.h
  HDRINST usr/include/linux/msg.h
  HDRINST usr/include/linux/virtio_balloon.h
  HDRINST usr/include/linux/scif_ioctl.h
  HDRINST usr/include/linux/if_pppol2tp.h
  HDRINST usr/include/linux/ipv6.h
  HDRINST usr/include/linux/pmu.h
  HDRINST usr/include/linux/mrp_bridge.h
  HDRINST usr/include/linux/iso_fs.h
  HDRINST usr/include/linux/cciss_defs.h
  HDRINST usr/include/linux/v4l2-mediabus.h
  HDRINST usr/include/linux/vduse.h
  HDRINST usr/include/linux/mman.h
  HDRINST usr/include/linux/kcm.h
  HDRINST usr/include/linux/pwm.h
  HDRINST usr/include/linux/openat2.h
  HDRINST usr/include/linux/time_types.h
  HDRINST usr/include/linux/sonypi.h
  HDRINST usr/include/linux/sock_diag.h
  HDRINST usr/include/linux/nitro_enclaves.h
  HDRINST usr/include/linux/nl80211-vnd-intel.h
  HDRINST usr/include/linux/ultrasound.h
  HDRINST usr/include/linux/fiemap.h
  HDRINST usr/include/linux/patchkey.h
  HDRINST usr/include/linux/matroxfb.h
  HDRINST usr/include/linux/kvm.h
  HDRINST usr/include/linux/dma-buf.h
  HDRINST usr/include/linux/binfmts.h
  HDRINST usr/include/linux/hsi/hsi_char.h
  HDRINST usr/include/linux/hsi/cs-protocol.h
  HDRINST usr/include/linux/dm-ioctl.h
  HDRINST usr/include/linux/sync_file.h
  HDRINST usr/include/linux/poll.h
  HDRINST usr/include/linux/fs.h
  HDRINST usr/include/linux/l2tp.h
  HDRINST usr/include/misc/ocxl.h
  HDRINST usr/include/misc/amd-apml.h
  HDRINST usr/include/misc/mrvl_cn10k_dpi.h
  HDRINST usr/include/misc/uacce/uacce.h
  HDRINST usr/include/misc/uacce/hisi_qm.h
  HDRINST usr/include/misc/fastrpc.h
  HDRINST usr/include/misc/xilinx_sdfec.h
  HDRINST usr/include/misc/pvpanic.h
  HDRINST usr/include/mtd/mtd-abi.h
  HDRINST usr/include/mtd/inftl-user.h
  HDRINST usr/include/mtd/mtd-user.h
  HDRINST usr/include/mtd/nftl-user.h
  HDRINST usr/include/mtd/ubi-user.h
  HDRINST usr/include/rdma/rdma_user_ioctl_cmds.h
  HDRINST usr/include/rdma/ib_user_ioctl_verbs.h
  HDRINST usr/include/rdma/ib_user_verbs.h
  HDRINST usr/include/rdma/mlx5_user_ioctl_verbs.h
  HDRINST usr/include/rdma/qedr-abi.h
  HDRINST usr/include/rdma/ib_user_ioctl_cmds.h
  HDRINST usr/include/rdma/vmw_pvrdma-abi.h
  HDRINST usr/include/rdma/rdma_user_cm.h
  HDRINST usr/include/rdma/ocrdma-abi.h
  HDRINST usr/include/rdma/rdma_user_ioctl.h
  HDRINST usr/include/rdma/rvt-abi.h
  HDRINST usr/include/rdma/rdma_netlink.h
  HDRINST usr/include/rdma/rdma_user_rxe.h
  HDRINST usr/include/rdma/mana-abi.h
  HDRINST usr/include/rdma/erdma-abi.h
  HDRINST usr/include/rdma/mlx5_user_ioctl_cmds.h
  HDRINST usr/include/rdma/ib_user_sa.h
  HDRINST usr/include/rdma/efa-abi.h
  HDRINST usr/include/rdma/siw-abi.h
  HDRINST usr/include/rdma/mthca-abi.h
  HDRINST usr/include/rdma/hns-abi.h
  HDRINST usr/include/rdma/hfi/hfi1_ioctl.h
  HDRINST usr/include/rdma/hfi/hfi1_user.h
  HDRINST usr/include/rdma/ionic-abi.h
  HDRINST usr/include/rdma/ib_user_mad.h
  HDRINST usr/include/rdma/cxgb4-abi.h
  HDRINST usr/include/rdma/mlx4-abi.h
  HDRINST usr/include/rdma/irdma-abi.h
  HDRINST usr/include/rdma/bnxt_re-abi.h
  HDRINST usr/include/rdma/mlx5-abi.h
  HDRINST usr/include/regulator/regulator.h
  HDRINST usr/include/scsi/scsi_netlink.h
  HDRINST usr/include/scsi/scsi_bsg_ufs.h
  HDRINST usr/include/scsi/scsi_bsg_mpi3mr.h
  HDRINST usr/include/scsi/scsi_bsg_fc.h
  HDRINST usr/include/scsi/fc/fc_gs.h
  HDRINST usr/include/scsi/fc/fc_ns.h
  HDRINST usr/include/scsi/fc/fc_fs.h
  HDRINST usr/include/scsi/fc/fc_els.h
  HDRINST usr/include/scsi/scsi_netlink_fc.h
  HDRINST usr/include/sound/emu10k1.h
  HDRINST usr/include/sound/snd_sst_tokens.h
  HDRINST usr/include/sound/tlv.h
  HDRINST usr/include/sound/asound.h
  HDRINST usr/include/sound/skl-tplg-interface.h
  HDRINST usr/include/sound/compress_params.h
  HDRINST usr/include/sound/firewire.h
  HDRINST usr/include/sound/compress_offload.h
  HDRINST usr/include/sound/usb_stream.h
  HDRINST usr/include/sound/sof/abi.h
  HDRINST usr/include/sound/sof/fw.h
  HDRINST usr/include/sound/sof/header.h
  HDRINST usr/include/sound/sof/tokens.h
  HDRINST usr/include/sound/asequencer.h
  HDRINST usr/include/sound/scarlett2.h
  HDRINST usr/include/sound/sb16_csp.h
  HDRINST usr/include/sound/asound_fm.h
  HDRINST usr/include/sound/fcp.h
  HDRINST usr/include/sound/intel/avs/tokens.h
  HDRINST usr/include/sound/snd_ar_tokens.h
  HDRINST usr/include/sound/sfnt_info.h
  HDRINST usr/include/sound/hdspm.h
  HDRINST usr/include/sound/asoc.h
  HDRINST usr/include/sound/hdsp.h
  HDRINST usr/include/video/uvesafb.h
  HDRINST usr/include/video/sisfb.h
  HDRINST usr/include/video/edid.h
  HDRINST usr/include/xen/evtchn.h
  HDRINST usr/include/xen/gntdev.h
  HDRINST usr/include/xen/gntalloc.h
  HDRINST usr/include/xen/privcmd.h
  HDRINST usr/include/linux/version.h
  HDRINST usr/include/asm/sigcontext32.h
  HDRINST usr/include/asm/hwcap2.h
  HDRINST usr/include/asm/bitsperlong.h
  HDRINST usr/include/asm/bootparam.h
  HDRINST usr/include/asm/byteorder.h
  HDRINST usr/include/asm/ist.h
  HDRINST usr/include/asm/vmx.h
  HDRINST usr/include/asm/posix_types_32.h
  HDRINST usr/include/asm/vsyscall.h
  HDRINST usr/include/asm/ldt.h
  HDRINST usr/include/asm/kvm_perf.h
  HDRINST usr/include/asm/msr.h
  HDRINST usr/include/asm/setup.h
  HDRINST usr/include/asm/signal.h
  HDRINST usr/include/asm/hw_breakpoint.h
  HDRINST usr/include/asm/auxvec.h
  HDRINST usr/include/asm/prctl.h
  HDRINST usr/include/asm/msgbuf.h
  HDRINST usr/include/asm/sembuf.h
  HDRINST usr/include/asm/debugreg.h
  HDRINST usr/include/asm/amd_hsmp.h
  HDRINST usr/include/asm/kvm_para.h
  HDRINST usr/include/asm/elf.h
  HDRINST usr/include/asm/swab.h
  HDRINST usr/include/asm/stat.h
  HDRINST usr/include/asm/posix_types_x32.h
  HDRINST usr/include/asm/shmbuf.h
  HDRINST usr/include/asm/perf_regs.h
  HDRINST usr/include/asm/a.out.h
  HDRINST usr/include/asm/sgx.h
  HDRINST usr/include/asm/sigcontext.h
  HDRINST usr/include/asm/processor-flags.h
  HDRINST usr/include/asm/svm.h
  HDRINST usr/include/asm/posix_types.h
  HDRINST usr/include/asm/vm86.h
  HDRINST usr/include/asm/mtrr.h
  HDRINST usr/include/asm/e820.h
  HDRINST usr/include/asm/boot.h
  HDRINST usr/include/asm/ptrace.h
  HDRINST usr/include/asm/mce.h
  HDRINST usr/include/asm/posix_types_64.h
  HDRINST usr/include/asm/ucontext.h
  HDRINST usr/include/asm/siginfo.h
  HDRINST usr/include/asm/ptrace-abi.h
  HDRINST usr/include/asm/unistd.h
  HDRINST usr/include/asm/statfs.h
  HDRINST usr/include/asm/setup_data.h
  HDRINST usr/include/asm/mman.h
  HDRINST usr/include/asm/kvm.h
  HDRINST usr/include/asm/ioctl.h
  HDRINST usr/include/asm/fcntl.h
  HDRINST usr/include/asm/types.h
  HDRINST usr/include/asm/errno.h
  HDRINST usr/include/asm/unistd_64.h
  HDRINST usr/include/asm/sockios.h
  HDRINST usr/include/asm/param.h
  HDRINST usr/include/asm/unistd_32.h
  HDRINST usr/include/asm/termbits.h
  HDRINST usr/include/asm/termios.h
  HDRINST usr/include/asm/resource.h
  HDRINST usr/include/asm/ioctls.h
  HDRINST usr/include/asm/socket.h
  HDRINST usr/include/asm/unistd_x32.h
  HDRINST usr/include/asm/ipcbuf.h
  HDRINST usr/include/asm/bpf_perf_event.h
  HDRINST usr/include/asm/poll.h
  GEN     usr/initramfs_data.cpio
  AS      arch/x86/boot/startup/la57toggle.o
  COPY    usr/initramfs_inc_data
  AS      usr/initramfs_data.o
  CC      init/main.o
  CC      arch/x86/boot/startup/gdt_idt.o
  AR      usr/built-in.a
  CC      arch/x86/boot/startup/map_kernel.o
  CC      kernel/fork.o
  UPD     init/utsversion-tmp.h
  AR      arch/x86/boot/startup/lib.a
  OBJCOPY arch/x86/boot/startup/gdt_idt.pi.o
  OBJCOPY arch/x86/boot/startup/map_kernel.pi.o
  AR      arch/x86/boot/startup/built-in.a
  AS      arch/x86/entry/entry.o
  AS      arch/x86/entry/entry_64.o
  CC      arch/x86/entry/syscall_64.o
  CC      mm/filemap.o
  CC      init/do_mounts.o
  CC      arch/x86/entry/common.o
  CC      kernel/exec_domain.o
  CC      mm/mempool.o
  CC      arch/x86/entry/vdso/vma.o
  CC      kernel/exec_state.o
  CC      init/do_mounts_initrd.o
  CC      kernel/panic.o
  CC      mm/oom_kill.o
  CC      arch/x86/entry/vdso/extable.o
  CC      init/initramfs.o
  CC      kernel/cpu.o
  LDS     arch/x86/entry/vdso/vdso64/vdso64.lds
  AS      arch/x86/entry/vdso/vdso64/note.o
  CC      arch/x86/entry/vdso/vdso64/vclock_gettime.o
  CC      mm/fadvise.o
  CC      init/calibrate.o
  CC      arch/x86/entry/vdso/vdso64/vgetcpu.o
  CC      arch/x86/entry/vdso/vdso64/vgetrandom.o
  CC      init/init_task.o
  CC      kernel/exit.o
  AS      arch/x86/entry/vdso/vdso64/vgetrandom-chacha.o
  VDSO    arch/x86/entry/vdso/vdso64/vdso64.so.dbg
  OBJCOPY arch/x86/entry/vdso/vdso64/vdso64.so
  VDSO2C  arch/x86/entry/vdso/vdso64/vdso64-image.c
  CC      arch/x86/entry/vdso/vdso64/vdso64-image.o
  CC      mm/maccess.o
  AR      arch/x86/entry/vdso/vdso64/built-in.a
  AR      arch/x86/entry/vdso/built-in.a
  AS      arch/x86/entry/thunk.o
  AR      arch/x86/entry/built-in.a
  CC      arch/x86/events/core.o
  CC      init/version.o
  CC      mm/page-writeback.o
  CC      kernel/softirq.o
  AR      init/built-in.a
  CC      fs/open.o
  CC      arch/x86/events/probe.o
  CC      kernel/resource.o
  CC      mm/folio-compat.o
  CC      arch/x86/events/utils.o
  CC      fs/read_write.o
  CC      mm/readahead.o
  CC      kernel/sysctl.o
  CC      arch/x86/events/amd/core.o
  CC      kernel/capability.o
  CC      mm/swap.o
  CC      fs/file_table.o
  CC      arch/x86/events/amd/lbr.o
  CC      kernel/ptrace.o
  CC      arch/x86/events/amd/ibs.o
  CC      fs/super.o
  CC      mm/truncate.o
  CC      kernel/user.o
  CC      mm/vmscan.o
  CC      fs/char_dev.o
  AR      arch/x86/events/amd/built-in.a
  CC      arch/x86/events/msr.o
  CC      kernel/signal.o
  CC      fs/stat.o
  CC      arch/x86/events/intel/core.o
  CC      mm/shrinker.o
  CC      fs/exec.o
  CC      kernel/sys.o
  CC      mm/shmem.o
  CC      fs/pipe.o
  CC      mm/util.o
  CC      kernel/umh.o
  CC      kernel/workqueue.o
  CC      fs/namei.o
  CC      mm/mmzone.o
  CC      arch/x86/events/intel/bts.o
  CC      mm/vmstat.o
  CC      arch/x86/events/intel/ds.o
  CC      mm/backing-dev.o
  CC      kernel/pid.o
  CC      mm/mm_init.o
  CC      fs/fcntl.o
  CC      kernel/task_work.o
  CC      arch/x86/events/intel/knc.o
  CC      mm/percpu.o
  CC      fs/ioctl.o
  CC      kernel/extable.o
  CC      arch/x86/events/intel/lbr.o
  CC      mm/slab_common.o
  CC      fs/readdir.o
  CC      kernel/params.o
  CC      arch/x86/events/intel/p4.o
  CC      mm/compaction.o
  CC      fs/select.o
  CC      kernel/kthread.o
  CC      mm/show_mem.o
  CC      arch/x86/events/intel/p6.o
  CC      kernel/sys_ni.o
  CC      fs/dcache.o
  CC      kernel/nsproxy.o
  CC      mm/interval_tree.o
  CC      arch/x86/events/intel/pt.o
  CC      mm/list_lru.o
  CC      kernel/nstree.o
  AR      arch/x86/events/intel/built-in.a
  CC      arch/x86/events/zhaoxin/core.o
  CC      fs/inode.o
  CC      mm/workingset.o
  CC      kernel/nscommon.o
  AR      arch/x86/events/zhaoxin/built-in.a
  AR      arch/x86/events/built-in.a
  AR      arch/x86/kvm/built-in.a
  CC      arch/x86/realmode/init.o
  CC      kernel/notifier.o
  CC      mm/debug.o
  CC      fs/attr.o
  AS      arch/x86/realmode/rm/header.o
  AS      arch/x86/realmode/rm/trampoline_64.o
  AS      arch/x86/realmode/rm/stack.o
  AS      arch/x86/realmode/rm/reboot.o
  PASYMS  arch/x86/realmode/rm/pasyms.h
  LDS     arch/x86/realmode/rm/realmode.lds
  LD      arch/x86/realmode/rm/realmode.elf
  RELOCS  arch/x86/realmode/rm/realmode.relocs
  OBJCOPY arch/x86/realmode/rm/realmode.bin
  AS      arch/x86/realmode/rmpiggy.o
  AR      arch/x86/realmode/built-in.a
  AS      arch/x86/kernel/head_64.o
  CC      arch/x86/kernel/head64.o
  CC      kernel/ksysfs.o
  CC      mm/gup.o
  CC      fs/bad_inode.o
  CC      arch/x86/kernel/ebda.o
  CC      kernel/cred.o
  CC      fs/file.o
  CC      arch/x86/kernel/platform-quirks.o
  CC      mm/mmap_lock.o
  CC      kernel/reboot.o
  CC      arch/x86/kernel/process_64.o
  CC      fs/filesystems.o
  CC      mm/vma_init.o
  CC      kernel/async.o
  CC      arch/x86/kernel/signal.o
  CC      fs/namespace.o
  CC      mm/highmem.o
  CC      kernel/range.o
  CC      kernel/smpboot.o
  CC      arch/x86/kernel/signal_64.o
  CC      mm/memory.o
  CC      kernel/ucount.o
  CC      kernel/regset.o
  CC      arch/x86/kernel/traps.o
  CC      kernel/ksyms_common.o
  CC      fs/seq_file.o
  CC      kernel/sched/core.o
  CC      arch/x86/kernel/idt.o
  CC      fs/xattr.o
  CC      mm/mincore.o
  CC      arch/x86/kernel/irq.o
  CC      mm/mlock.o
  CC      fs/libfs.o
  CC      arch/x86/kernel/irq_64.o
  CC      kernel/sched/fair.o
  CC      arch/x86/kernel/dumpstack_64.o
  CC      fs/fs-writeback.o
  CC      mm/mmap.o
  CC      arch/x86/kernel/time.o
  CC      arch/x86/kernel/ioport.o
  CC      fs/pnode.o
  CC      mm/mmu_gather.o
  CC      kernel/sched/build_policy.o
  CC      fs/splice.o
  CC      arch/x86/kernel/dumpstack.o
  CC      mm/mprotect.o
  CC      arch/x86/kernel/nmi.o
  CC      fs/sync.o
  CC      mm/mremap.o
  CC      arch/x86/kernel/setup.o
  CC      fs/utimes.o
  CC      kernel/sched/build_utility.o
  CC      mm/msync.o
  CC      fs/d_path.o
  CC      arch/x86/kernel/x86_init.o
  CC      mm/page_vma_mapped.o
  CC      arch/x86/kernel/i8259.o
  CC      fs/stack.o
  CC      mm/pagewalk.o
  AR      kernel/sched/built-in.a
  CC      kernel/locking/mutex.o
  CC      fs/fs_struct.o
  CC      arch/x86/kernel/irqinit.o
  CC      mm/pgtable-generic.o
  CC      kernel/locking/semaphore.o
  CC      fs/statfs.o
  CC      arch/x86/kernel/irq_work.o
  CC      kernel/locking/rwsem.o
  CC      mm/rmap.o
  CC      fs/fs_pin.o
  CC      arch/x86/kernel/probe_roms.o
  CC      kernel/locking/percpu-rwsem.o
  CC      fs/nsfs.o
  CC      kernel/locking/mutex-debug.o
  CC      arch/x86/kernel/sys_x86_64.o
  CC      mm/vmalloc.o
  CC      kernel/locking/lockdep.o
  CC      fs/fs_dirent.o
  CC      arch/x86/kernel/bootflag.o
  CC      fs/fs_context.o
  CC      arch/x86/kernel/e820.o
  CC      kernel/locking/spinlock.o
  CC      fs/fs_parser.o
  CC      mm/vma.o
  CC      kernel/locking/spinlock_debug.o
  CC      arch/x86/kernel/pci-dma.o
  AR      kernel/locking/built-in.a
  CC      kernel/power/qos.o
  CC      fs/fsopen.o
  CC      arch/x86/kernel/quirks.o
  CC      mm/vma_exec.o
  CC      kernel/power/main.o
  CC      fs/init.o
  CC      arch/x86/kernel/kdebugfs.o
  CC      mm/mseal.o
  AR      kernel/power/built-in.a
  CC      kernel/printk/printk.o
  CC      fs/kernel_read_file.o
  CC      arch/x86/kernel/alternative.o
  CC      mm/page_alloc.o
  CC      fs/mnt_idmapping.o
  CC      fs/remap_range.o
  CC      arch/x86/kernel/i8253.o
  CC      kernel/printk/printk_safe.o
  CC      arch/x86/kernel/hw_breakpoint.o
  CC      fs/pidfs.o
  CC      kernel/printk/nbcon.o
  CC      mm/shuffle.o
  CC      arch/x86/kernel/tsc.o
  CC      kernel/printk/printk_ringbuffer.o
  CC      mm/page_frag_cache.o
  CC      arch/x86/kernel/tsc_msr.o
  CC      fs/file_attr.o
  AR      kernel/printk/built-in.a
  CC      kernel/irq/irqdesc.o
  CC      mm/init-mm.o
  CC      arch/x86/kernel/io_delay.o
  CC      fs/fserror.o
  CC      arch/x86/kernel/rtc.o
  CC      mm/memblock.o
  CC      kernel/irq/handle.o
  CC      fs/nullfs.o
  CC      arch/x86/kernel/resource.o
  CC      kernel/irq/manage.o
  AS      arch/x86/kernel/irqflags.o
  CC      arch/x86/kernel/static_call.o
  CC      fs/anon_inodes.o
  CC      mm/slub.o
  CC      arch/x86/kernel/process.o
  CC      kernel/irq/spurious.o
  CC      fs/verity/enable.o
  CC      arch/x86/kernel/fpu/init.o
  CC      kernel/irq/resend.o
  CC      fs/verity/hash_algs.o
  CC      mm/dmapool.o
  CC      arch/x86/kernel/fpu/bugs.o
  CC      arch/x86/kernel/fpu/core.o
  CC      kernel/irq/chip.o
  CC      mm/sparse.o
  CC      fs/verity/init.o
  CC      kernel/irq/dummychip.o
  CC      arch/x86/kernel/fpu/regset.o
  CC      fs/verity/measure.o
  CC      mm/sparse-vmemmap.o
  CC      kernel/irq/devres.o
  CC      arch/x86/kernel/fpu/signal.o
  CC      kernel/irq/kexec.o
  CC      fs/verity/open.o
  CC      mm/early_ioremap.o
  CC      arch/x86/kernel/fpu/xstate.o
  CC      kernel/irq/autoprobe.o
  CC      mm/page_ext.o
  CC      fs/verity/pagecache.o
  CC      kernel/irq/irqdomain.o
  AR      arch/x86/kernel/fpu/built-in.a
  CC      arch/x86/kernel/ptrace.o
  CC      mm/ksm.o
  CC      fs/verity/read_metadata.o
  CC      kernel/irq/matrix.o
  CC      fs/verity/verify.o
  CC      arch/x86/kernel/step.o
  CC      mm/page_table_check.o
  AR      kernel/irq/built-in.a
  CC      kernel/rcu/update.o
  CC      arch/x86/kernel/stacktrace.o
  AR      fs/verity/built-in.a
  CC      fs/binfmt_script.o
  AR      mm/built-in.a
  CC      kernel/rcu/sync.o
  CC      kernel/rcu/srcutree.o
  CC      kernel/rcu/tree.o
  CC      fs/binfmt_elf.o
  CC      arch/x86/kernel/cpu/cacheinfo.o
  CC      kernel/rcu/rcu_segcblist.o
  CC      arch/x86/kernel/cpu/scattered.o
  CC      fs/fhandle.o
  CC      arch/x86/kernel/cpu/topology_common.o
  CC      arch/x86/kernel/cpu/topology_ext.o
  CC      arch/x86/kernel/cpu/topology_amd.o
  CC      arch/x86/kernel/cpu/cpuid_parser.o
  CC      fs/devpts/inode.o
  CC      fs/ramfs/inode.o
  AR      kernel/rcu/built-in.a
  CC      kernel/dma/mapping.o
  CC      arch/x86/kernel/cpu/common.o
  CC      fs/ramfs/file-mmu.o
  AR      fs/devpts/built-in.a
  CC      arch/x86/kernel/cpu/rdrand.o
  CC      kernel/dma/direct.o
  CC      fs/exportfs/expfs.o
  CC      arch/x86/kernel/cpu/match.o
  AR      fs/ramfs/built-in.a
  CC      arch/x86/kernel/cpu/bugs.o
  AR      fs/exportfs/built-in.a
  AR      fs/built-in.a
  CC      security/commoncap.o
  CC      arch/x86/kernel/cpu/aperfmperf.o
  CC      kernel/dma/swiotlb.o
  CC      arch/x86/kernel/cpu/cpuid-deps.o
  CC      kernel/dma/remap.o
  CC      security/min_addr.o
  CC      arch/x86/mm/init.o
  CC      arch/x86/kernel/cpu/cpuid_0x2_table.o
  AR      kernel/dma/built-in.a
  CC      kernel/entry/common.o
  CC      arch/x86/kernel/cpu/umwait.o
  AR      security/built-in.a
  CC      kernel/entry/syscall-common.o
  CC      arch/x86/mm/init_64.o
  CC      kernel/entry/syscall_user_dispatch.o
  CC      arch/x86/kernel/cpu/capflags.o
  AS      arch/x86/crypto/aria-aesni-avx-asm_64.o
  CC      arch/x86/kernel/cpu/powerflags.o
  CC      arch/x86/crypto/aria_aesni_avx_glue.o
  CC      arch/x86/kernel/cpu/topology.o
  CC      arch/x86/mm/fault.o
  AS      arch/x86/crypto/aria-aesni-avx2-asm_64.o
  CC      arch/x86/crypto/aria_aesni_avx2_glue.o
  CC      arch/x86/kernel/cpu/feat_ctl.o
  AR      kernel/entry/built-in.a
  CC      kernel/unwind/user.o
  CC      arch/x86/kernel/cpu/intel.o
  AS      arch/x86/crypto/aria-gfni-avx512-asm_64.o
  CC      kernel/unwind/deferred.o
  CC      arch/x86/crypto/aria_gfni_avx512_glue.o
  CC      arch/x86/mm/ioremap.o
  AS      arch/x86/crypto/cast5-avx-x86_64-asm_64.o
  CC      arch/x86/kernel/cpu/tsx.o
  CC      arch/x86/crypto/cast5_avx_glue.o
  AR      kernel/unwind/built-in.a
  CC      kernel/stacktrace.o
  CC      arch/x86/kernel/cpu/intel_epb.o
  AR      arch/x86/crypto/built-in.a
  CC      arch/x86/mm/extable.o
  CC      arch/x86/mm/mmap.o
  CC      arch/x86/kernel/cpu/amd.o
  CC      kernel/time/time.o
  CC      arch/x86/mm/pgtable.o
  CC      arch/x86/kernel/cpu/hygon.o
  CC      kernel/time/timer.o
  CC      arch/x86/mm/physaddr.o
  CC      arch/x86/kernel/cpu/centaur.o
  CC      kernel/up.o
  CC      arch/x86/kernel/cpu/zhaoxin.o
  CC      kernel/kallsyms.o
  CC      arch/x86/mm/tlb.o
  CC      kernel/time/hrtimer.o
  CC      arch/x86/kernel/cpu/microcode/core.o
  CC      arch/x86/mm/cpu_entry_area.o
  CC      kernel/irq_work.o
  CC      arch/x86/kernel/cpu/microcode/intel.o
  CC      kernel/time/sleep_timeout.o
  CC      kernel/static_call.o
  CC      arch/x86/mm/maccess.o
  CC      kernel/time/timekeeping.o
  CC      arch/x86/kernel/cpu/microcode/amd.o
  CC      kernel/static_call_inline.o
  CC      arch/x86/mm/pgprot.o
  CC      kernel/events/core.o
  CC      arch/x86/mm/pat/set_memory.o
  AR      arch/x86/kernel/cpu/microcode/built-in.a
  CC      arch/x86/kernel/cpu/perfctr-watchdog.o
  CC      kernel/time/ntp.o
  CC      arch/x86/kernel/cpu/vmware.o
  CC      kernel/time/clocksource.o
  CC      arch/x86/mm/pat/memtype.o
  CC      arch/x86/kernel/cpu/hypervisor.o
  CC      kernel/time/jiffies.o
  CC      arch/x86/kernel/cpu/mshyperv.o
  AR      arch/x86/mm/pat/built-in.a
  AR      arch/x86/mm/built-in.a
  CC      arch/x86/virt/svm/cmdline.o
  CC      kernel/time/timer_list.o
  AR      arch/x86/virt/svm/built-in.a
  AR      arch/x86/virt/built-in.a
  CC      kernel/time/timeconv.o
  CC      kernel/time/timecounter.o
  CC      kernel/time/alarmtimer.o
  CC      kernel/time/posix-stubs.o
  AR      arch/x86/kernel/cpu/built-in.a
  CC      arch/x86/kernel/reboot.o
  CC      kernel/time/clockevents.o
  CC      kernel/events/ring_buffer.o
  CC      kernel/time/tick-common.o
  CC      arch/x86/kernel/tsc_sync.o
  CC      kernel/time/tick-broadcast.o
  CC      arch/x86/kernel/mpparse.o
  CC      kernel/time/vsyscall.o
  CC      kernel/events/callchain.o
  CC      arch/x86/kernel/apic/apic.o
  CC      arch/x86/kernel/trace_clock.o
  AR      kernel/time/built-in.a
  CC      kernel/context_tracking.o
  CC      arch/x86/kernel/hpet.o
  CC      kernel/events/hw_breakpoint.o
  CC      kernel/torture.o
  CC      arch/x86/kernel/perf_regs.o
  CC      arch/x86/kernel/apic/apic_common.o
  CC      kernel/iomem.o
  AR      kernel/events/built-in.a
  CC      kernel/scftorture.o
  CC      arch/x86/kernel/apic/apic_noop.o
  CC      arch/x86/kernel/unwind_guess.o
  CC      arch/x86/kernel/apic/ipi.o
  CC      arch/x86/kernel/apic/vector.o
  AR      kernel/built-in.a
  CC      arch/x86/kernel/vsmp_64.o
  LDS     arch/x86/kernel/vmlinux.lds
  CC      arch/x86/kernel/apic/init.o
  CC      crypto/api.o
  CC      arch/x86/kernel/apic/hw_nmi.o
  CC      arch/x86/kernel/apic/io_apic.o
  CC      arch/x86/kernel/apic/apic_flat_64.o
  CC      crypto/cipher.o
  CC      arch/x86/kernel/apic/probe_64.o
  CC      arch/x86/kernel/apic/x2apic_phys.o
  CC      crypto/algapi.o
  CC      arch/x86/kernel/apic/x2apic_cluster.o
  CC      crypto/scatterwalk.o
  CC      crypto/aead.o
  AR      arch/x86/kernel/apic/built-in.a
  AR      arch/x86/kernel/built-in.a
  AR      arch/x86/built-in.a
  CC      crypto/lskcipher.o
  CC      crypto/skcipher.o
  CC      lib/argv_split.o
  CC      crypto/ahash.o
  CC      lib/buildid.o
  CC      crypto/shash.o
  CC      lib/clz_tab.o
  CC      crypto/acompress.o
  CC      lib/cmdline.o
  CC      crypto/scompress.o
  CC      lib/ctype.o
  CC      lib/dec_and_lock.o
  CC      lib/decompress.o
  CC      lib/decompress_bunzip2.o
  CC      crypto/algboss.o
  CC      crypto/testmgr.o
  CC      crypto/sha1.o
  CC      lib/decompress_inflate.o
  CC      crypto/ecb.o
  CC      crypto/cbc.o
  CC      crypto/ctr.o
  CC      lib/decompress_unlz4.o
  CC      crypto/twofish_generic.o
  CC      crypto/twofish_common.o
  CC      crypto/cast_common.o
  CC      lib/decompress_unlzma.o
  CC      crypto/cast5_generic.o
  CC      crypto/aria_generic.o
  CC      lib/decompress_unlzo.o
  CC      lib/decompress_unxz.o
  CC      crypto/chacha.o
  CC      crypto/kpp.o
  CC      lib/decompress_unzstd.o
  CC      crypto/dh.o
  CC      lib/dump_stack.o
  CC      lib/earlycpio.o
  CC      crypto/dh_helper.o
  CC      lib/extable.o
  CC      crypto/rmd160.o
  CC      lib/flex_proportions.o
  CC      crypto/gcm.o
  CC      lib/idr.o
  CC      lib/iomem_copy.o
  CC      lib/irq_regs.o
  CC      crypto/lz4.o
  CC      lib/is_single_threaded.o
  CC      lib/klist.o
  CC      lib/kobject.o
  CC      lib/kobject_uevent.o
  CC      lib/logic_pio.o
  AR      crypto/built-in.a
  CC      lib/maple_tree.o
  CC      lib/memcat_p.o
  CC      lib/nmi_backtrace.o
  CC      lib/objpool.o
  CC      lib/plist.o
  CC      lib/radix-tree.o
  CC      lib/ratelimit.o
  CC      lib/rbtree.o
  CC      lib/seq_buf.o
  CC      lib/siphash.o
  CC      lib/string.o
  CC      lib/sys_info.o
  CC      lib/timerqueue.o
  AS      arch/x86/lib/bhi.o
  AS      arch/x86/lib/clear_page_64.o
  AR      drivers/pci/built-in.a
  CC      arch/x86/lib/cmdline.o
  CC      drivers/video/console/dummycon.o
  CC      lib/vsprintf.o
  AS      arch/x86/lib/cmpxchg16b_emu.o
  CC      arch/x86/lib/copy_mc.o
  CC      lib/win_minmax.o
  AS      arch/x86/lib/copy_mc_64.o
  AS      arch/x86/lib/copy_page_64.o
  AS      arch/x86/lib/copy_user_64.o
  AS      arch/x86/lib/copy_user_uncached_64.o
  CC      drivers/video/console/vgacon.o
  CC      arch/x86/lib/cpu.o
  CC      lib/xarray.o
  AS      arch/x86/lib/csum-copy_64.o
  CC      arch/x86/lib/csum-partial_64.o
  CC      arch/x86/lib/csum-wrappers_64.o
  CC      lib/lockref.o
  AR      drivers/video/console/built-in.a
  AR      drivers/video/built-in.a
  CC      arch/x86/lib/delay.o
  CC      lib/bcd.o
  CC      lib/sort.o
  CC      lib/parser.o
  CC      drivers/virtio/virtio.o
  AS      arch/x86/lib/getuser.o
  CC      arch/x86/lib/inat.o
  CC      lib/debug_locks.o
  CC      arch/x86/lib/insn-eval.o
  CC      lib/random32.o
  CC      lib/bust_spinlocks.o
  CC      drivers/virtio/virtio_ring.o
  CC      drivers/virtio/virtio_anchor.o
  CC      lib/kasprintf.o
  CC      arch/x86/lib/insn.o
  AS      arch/x86/lib/memcpy_64.o
  CC      lib/bitmap.o
  AS      arch/x86/lib/memmove_64.o
  AS      arch/x86/lib/memset_64.o
  CC      arch/x86/lib/misc.o
  CC      arch/x86/lib/pc-conf-reg.o
  AS      arch/x86/lib/putuser.o
  CC      arch/x86/lib/usercopy.o
  CC      arch/x86/lib/usercopy_64.o
  AR      drivers/virtio/built-in.a
  CC      arch/x86/lib/msr.o
  CC      lib/scatterlist.o
  CC      drivers/tty/tty_io.o
  AS      arch/x86/lib/msr-reg.o
  CC      arch/x86/lib/msr-reg-export.o
  AS      arch/x86/lib/hweight.o
  CC      arch/x86/lib/iomem.o
  CC      drivers/char/mem.o
  AR      arch/x86/lib/lib.a
  AR      arch/x86/lib/built-in.a
  CC      lib/list_sort.o
  CC      lib/uuid.o
  CC      lib/iov_iter.o
  CC      lib/clz_ctz.o
  CC      lib/bsearch.o
  CC      drivers/tty/n_tty.o
  CC      drivers/char/random.o
  CC      drivers/char/misc.o
  CC      drivers/char/tpm/tpm-chip.o
  CC      drivers/tty/tty_ioctl.o
  CC      drivers/char/tpm/tpm-dev-common.o
  CC      lib/find_bit.o
  CC      lib/llist.o
  CC      lib/lwq.o
  CC      lib/memweight.o
  CC      drivers/char/tpm/tpm-dev.o
  CC      drivers/tty/tty_ldisc.o
  CC      drivers/char/tpm/tpm-interface.o
  CC      lib/kfifo.o
  CC      drivers/char/tpm/tpm1-cmd.o
  CC      drivers/tty/tty_buffer.o
  CC      lib/percpu-refcount.o
  CC      drivers/char/tpm/tpm2-cmd.o
  CC      drivers/tty/tty_port.o
  CC      lib/rhashtable.o
  CC      drivers/char/tpm/tpmrm-dev.o
  CC      drivers/char/tpm/tpm2-space.o
  CC      drivers/char/tpm/tpm-sysfs.o
  CC      drivers/tty/tty_mutex.o
  CC      lib/base64.o
  CC      lib/once.o
  CC      drivers/char/tpm/eventlog/common.o
  CC      drivers/tty/tty_ldsem.o
  CC      drivers/char/tpm/eventlog/tpm1.o
  CC      lib/refcount.o
  CC      lib/rcuref.o
  CC      drivers/char/tpm/eventlog/tpm2.o
  CC      lib/usercopy.o
  CC      drivers/tty/tty_baudrate.o
  CC      drivers/char/tpm/tpm-buf.o
  CC      lib/errseq.o
  CC      lib/bucket_locks.o
  CC      drivers/tty/tty_jobctrl.o
  CC      drivers/char/tpm/tpm2-sessions.o
  CC      lib/generic-radix-tree.o
  CC      lib/bitmap-str.o
  CC      drivers/tty/n_null.o
  CC      lib/string_helpers.o
  AR      drivers/char/tpm/built-in.a
  AR      drivers/char/built-in.a
  CC      lib/hexdump.o
  CC      lib/kstrtox.o
  CC      drivers/tty/pty.o
  CC      drivers/base/component.o
  AR      arch/x86/power/built-in.a
  CC      lib/math/div64.o
  CC      lib/math/gcd.o
  CC      lib/crc/crc32-main.o
  CC      lib/math/lcm.o
  CC      lib/math/int_log.o
  CC      lib/math/int_pow.o
  CC      lib/math/int_sqrt.o
  CC      drivers/base/core.o
  CC      drivers/tty/vt/vt_ioctl.o
  CC      lib/math/reciprocal_div.o
  AR      lib/crc/built-in.a
  CC      drivers/tty/vt/vc_screen.o
  AR      lib/math/built-in.a
  CC      lib/crypto/hash_info.o
  CC      drivers/tty/vt/selection.o
  CC      drivers/tty/vt/keyboard.o
  CC      lib/crypto/memneq.o
  CC      lib/crypto/utils.o
  CC      drivers/tty/vt/vt.o
  CC      drivers/base/bus.o
  CC      lib/crypto/blake2s.o
  CC      drivers/tty/vt/defkeymap.o
  CC      drivers/tty/vt/consolemap.o
  CC      drivers/base/dd.o
  AS      lib/crypto/x86/blake2s-core.o
  CC      lib/crypto/chacha-block-generic.o
  CC      lib/crypto/chacha.o
  CC      drivers/tty/vt/consolemap_deftbl.o
  CC      drivers/tty/vt/ucs.o
  AS      lib/crypto/x86/chacha-ssse3-x86_64.o
  AS      lib/crypto/x86/chacha-avx2-x86_64.o
  AS      lib/crypto/x86/chacha-avx512vl-x86_64.o
  CC      drivers/base/syscore.o
  CC      lib/crypto/gf128hash.o
  CC      drivers/base/driver.o
  AR      drivers/tty/vt/built-in.a
  CC      drivers/tty/serial/serial_core.o
  CC      drivers/tty/serial/serial_base_bus.o
  AS      lib/crypto/x86/ghash-pclmul.o
  AS      lib/crypto/x86/polyval-pclmul-avx.o
  CC      lib/crypto/sha1.o
  CC      drivers/base/class.o
  AS      lib/crypto/x86/sha1-ssse3-and-avx.o
  AS      lib/crypto/x86/sha1-avx2-asm.o
  CC      drivers/tty/serial/serial_ctrl.o
  AS      lib/crypto/x86/sha1-ni-asm.o
  CC      lib/crypto/sha256.o
  CC      drivers/base/platform.o
  CC      drivers/tty/serial/serial_port.o
  CC      drivers/tty/serial/earlycon.o
  AS      lib/crypto/x86/sha256-ssse3-asm.o
  AS      lib/crypto/x86/sha256-avx-asm.o
  AS      lib/crypto/x86/sha256-avx2-asm.o
  AS      lib/crypto/x86/sha256-ni-asm.o
  CC      lib/crypto/sha512.o
  CC      drivers/tty/serial/8250/8250_core.o
  CC      drivers/tty/serial/8250/8250_platform.o
  AS      lib/crypto/x86/sha512-ssse3-asm.o
  CC      drivers/base/cpu.o
  AS      lib/crypto/x86/sha512-avx-asm.o
  AS      lib/crypto/x86/sha512-avx2-asm.o
  CC      lib/crypto/mpi/generic_mpih-lshift.o
  CC      drivers/base/firmware.o
  CC      drivers/tty/serial/8250/8250_port.o
  CC      drivers/tty/serial/8250/8250_early.o
  CC      lib/crypto/mpi/generic_mpih-mul1.o
  CC      drivers/base/init.o
  CC      lib/crypto/mpi/generic_mpih-mul2.o
  CC      lib/crypto/mpi/generic_mpih-mul3.o
  CC      drivers/base/map.o
  CC      lib/crypto/mpi/generic_mpih-rshift.o
  AR      drivers/tty/serial/8250/built-in.a
  AR      drivers/tty/serial/built-in.a
  AR      drivers/tty/built-in.a
  CC      drivers/misc/xilinx_sdfec.o
  CC      drivers/base/devres.o
  CC      lib/crypto/mpi/generic_mpih-sub1.o
  CC      lib/crypto/mpi/generic_mpih-add1.o
  CC      drivers/base/attribute_container.o
  CC      lib/crypto/mpi/mpicoder.o
  CC      drivers/misc/ntsync.o
  CC      lib/crypto/mpi/mpi-add.o
  CC      drivers/base/transport_class.o
  CC      lib/crypto/mpi/mpi-bit.o
  CC      drivers/base/topology.o
  AR      drivers/misc/built-in.a
  CC      drivers/mfd/mfd-core.o
  CC      lib/crypto/mpi/mpi-cmp.o
  CC      lib/crypto/mpi/mpi-sub-ui.o
  CC      drivers/base/container.o
  CC      lib/crypto/mpi/mpi-div.o
  CC      drivers/mfd/cgbc-core.o
  CC      drivers/base/property.o
  CC      lib/crypto/mpi/mpi-mod.o
  AR      drivers/mfd/built-in.a
  CC      lib/crypto/mpi/mpi-mul.o
  CC      drivers/input/serio/serio.o
  CC      lib/crypto/mpi/mpih-cmp.o
  CC      drivers/base/cacheinfo.o
  CC      lib/crypto/mpi/mpih-div.o
  CC      drivers/input/serio/i8042.o
  CC      lib/crypto/mpi/mpih-mul.o
  CC      drivers/base/swnode.o
  CC      lib/crypto/mpi/mpi-pow.o
  CC      lib/crypto/mpi/mpiutil.o
  CC      drivers/input/serio/serport.o
  CC      drivers/base/faux.o
  CC      drivers/base/power/sysfs.o
  CC      drivers/base/firmware_loader/main.o
  AR      lib/crypto/mpi/built-in.a
  AR      lib/crypto/built-in.a
  CC      drivers/input/serio/libps2.o
  CC      lib/vdso/datastore.o
  CC      drivers/base/power/generic_ops.o
  CC      drivers/base/power/common.o
  AR      lib/vdso/built-in.a
  CC      lib/iomap.o
  AR      drivers/input/serio/built-in.a
  CC      drivers/base/power/qos.o
  CC      drivers/base/firmware_loader/builtin/main.o
  CC      drivers/base/power/runtime.o
  AR      drivers/base/firmware_loader/builtin/built-in.a
  AR      drivers/base/firmware_loader/built-in.a
  CC      drivers/input/input.o
  CC      lib/iomap_copy.o
  CC      lib/devres.o
  CC      drivers/base/power/wakeirq.o
  CC      lib/bitrev.o
  CC      drivers/input/input-compat.o
  CC      lib/xxhash.o
  AR      drivers/base/power/built-in.a
  AR      drivers/base/built-in.a
  CC      drivers/rtc/lib.o
  CC      drivers/input/input-mt.o
  CC      drivers/input/input-poller.o
  CC      lib/zlib_inflate/inffast.o
  CC      lib/zlib_inflate/inflate.o
  CC      drivers/rtc/rtc-mc146818-lib.o
  CC      drivers/input/ff-core.o
  CC      drivers/input/touchscreen.o
  CC      lib/zlib_inflate/infutil.o
  AR      drivers/rtc/built-in.a
  CC      lib/zlib_inflate/inftrees.o
  AR      drivers/i2c/busses/built-in.a
  AR      drivers/i2c/built-in.a
  AR      drivers/i3c/built-in.a
  AR      drivers/power/reset/built-in.a
  AR      drivers/power/built-in.a
  CC      drivers/input/touch-overlay.o
  CC      lib/zlib_inflate/inflate_syms.o
  CC      lib/lzo/lzo1x_decompress_safe.o
  AR      lib/zlib_inflate/built-in.a
  CC      lib/lz4/lz4_decompress.o
  AR      lib/lzo/built-in.a
  CC      lib/lz4/lz4_compress.o
  CC      drivers/input/vivaldi-fmap.o
  CC      drivers/hwmon/hwmon.o
  CC      drivers/input/keyboard/atkbd.o
  CC      drivers/hwmon/hwmon-vid.o
  AR      lib/lz4/built-in.a
  CC      lib/zstd/zstd_decompress_module.o
  CC      drivers/hwmon/as370-hwmon.o
  CC      drivers/hwmon/f71805f.o
  AR      drivers/input/keyboard/built-in.a
  CC      drivers/input/mouse/psmouse-base.o
  CC      lib/zstd/decompress/huf_decompress.o
  CC      drivers/hwmon/pc87360.o
  CC      lib/zstd/decompress/zstd_ddict.o
  CC      lib/zstd/decompress/zstd_decompress.o
  AR      drivers/hwmon/built-in.a
  CC      drivers/watchdog/watchdog_core.o
  CC      drivers/input/mouse/synaptics.o
  CC      lib/zstd/decompress/zstd_decompress_block.o
  CC      drivers/watchdog/watchdog_dev.o
  CC      drivers/watchdog/ib700wdt.o
  CC      drivers/watchdog/sc1200wdt.o
  CC      lib/zstd/zstd_common_module.o
  CC      drivers/input/mouse/focaltech.o
  CC      drivers/input/mouse/alps.o
  CC      lib/zstd/common/debug.o
  CC      lib/zstd/common/entropy_common.o
  AR      drivers/watchdog/built-in.a
  CC      lib/zstd/common/error_private.o
  AR      drivers/firmware/efi/built-in.a
  CC      lib/zstd/common/fse_decompress.o
  AR      drivers/firmware/built-in.a
  CC      drivers/clocksource/i8253.o
  CC      drivers/input/mouse/byd.o
  CC      lib/zstd/common/zstd_common.o
  AR      lib/zstd/built-in.a
  CC      lib/xz/xz_dec_syms.o
  AR      drivers/clocksource/built-in.a
  CC      lib/xz/xz_dec_stream.o
  CC      lib/xz/xz_dec_lzma2.o
  CC      drivers/input/mouse/logips2pp.o
  CC      drivers/input/mouse/trackpoint.o
  CC      lib/xz/xz_dec_bcj.o
  CC      drivers/input/mouse/cypress_ps2.o
  AR      lib/xz/built-in.a
  CC      lib/syscall.o
  CC      lib/strncpy_from_user.o
  CC      lib/strnlen_user.o
  AR      drivers/input/mouse/built-in.a
  AR      drivers/input/built-in.a
  CC      drivers/hid/hid-core.o
  CC      lib/group_cpus.o
  CC      lib/bootconfig.o
  CC      drivers/hid/hid-input.o
  AR      lib/lib.a
  CC      drivers/bcma/main.o
  AR      lib/built-in.a
  CC      drivers/bcma/scan.o
  CC      drivers/hid/hid-quirks.o
  CC      drivers/bcma/core.o
  CC      drivers/bcma/sprom.o
  CC      drivers/hid/hid-generic.o
  CC      drivers/bcma/driver_chipcommon.o
  CC      drivers/bcma/driver_chipcommon_pmu.o
  AR      drivers/hid/built-in.a
  CC      drivers/comedi/comedi_fops.o
  CC      drivers/bcma/driver_chipcommon_b.o
  CC      drivers/comedi/range.o
  CC      drivers/comedi/drivers.o
  AR      drivers/bcma/built-in.a
  CC      drivers/remoteproc/remoteproc_core.o
  CC      drivers/comedi/comedi_buf.o
  CC      drivers/remoteproc/remoteproc_coredump.o
  CC      drivers/remoteproc/remoteproc_debugfs.o
  AR      drivers/comedi/built-in.a
  AR      drivers/virt/built-in.a
  CC      drivers/remoteproc/remoteproc_sysfs.o
  CC      drivers/remoteproc/remoteproc_virtio.o
  CC      drivers/remoteproc/remoteproc_elf_loader.o
  AR      drivers/remoteproc/built-in.a
  AR      drivers/built-in.a
  AR      built-in.a
  AR      built-in-fixup.a
  COPY    vmlinux.a
  LD      vmlinux.o
  MODPOST vmlinux.symvers
  CC      .vmlinux.export.o
  UPD     include/generated/utsversion.h
  CC      init/version-timestamp.o
  KSYMS   .tmp_vmlinux0.kallsyms.S
  AS      .tmp_vmlinux0.kallsyms.o
  LD      .tmp_vmlinux1
  NM      .tmp_vmlinux1.syms
  KSYMS   .tmp_vmlinux1.kallsyms.S
  AS      .tmp_vmlinux1.kallsyms.o
  LD      .tmp_vmlinux2
  NM      .tmp_vmlinux2.syms
  KSYMS   .tmp_vmlinux2.kallsyms.S
  AS      .tmp_vmlinux2.kallsyms.o
  LD      vmlinux.unstripped
  NM      System.map
  SORTTAB vmlinux.unstripped
  OBJCOPY vmlinux
  GEN     modules.builtin.modinfo
  GEN     modules.builtin
  CC      arch/x86/boot/a20.o
  CC      arch/x86/boot/cmdline.o
  AS      arch/x86/boot/copy.o
  CC      arch/x86/boot/cpu.o
  CC      arch/x86/boot/cpuflags.o
  CC      arch/x86/boot/cpucheck.o
  CC      arch/x86/boot/early_serial_console.o
  CC      arch/x86/boot/edd.o
  CC      arch/x86/boot/main.o
  CC      arch/x86/boot/memory.o
  CC      arch/x86/boot/pm.o
  AS      arch/x86/boot/pmjump.o
  CC      arch/x86/boot/printf.o
  CC      arch/x86/boot/regs.o
  CC      arch/x86/boot/string.o
  CC      arch/x86/boot/tty.o
  LDS     arch/x86/boot/compressed/vmlinux.lds
  CC      arch/x86/boot/video.o
  CC      arch/x86/boot/video-mode.o
  AS      arch/x86/boot/compressed/head_64.o
  CC      arch/x86/boot/version.o
  VOFFSET arch/x86/boot/compressed/../voffset.h
  CC      arch/x86/boot/compressed/string.o
  CC      arch/x86/boot/video-vga.o
  CC      arch/x86/boot/compressed/cmdline.o
  CC      arch/x86/boot/compressed/error.o
  CC      arch/x86/boot/video-vesa.o
  CC      arch/x86/boot/video-bios.o
  OBJCOPY arch/x86/boot/compressed/vmlinux.bin
  CC      arch/x86/boot/compressed/cpuflags.o
  CC      arch/x86/boot/compressed/ident_map_64.o
  CC      arch/x86/boot/compressed/idt_64.o
  AS      arch/x86/boot/compressed/idt_handlers_64.o
  CC      arch/x86/boot/compressed/pgtable_64.o
  CC      arch/x86/boot/compressed/misc.o
  GZIP    arch/x86/boot/compressed/vmlinux.bin.gz
  MKPIGGY arch/x86/boot/compressed/piggy.S
  AS      arch/x86/boot/compressed/piggy.o
  LD      arch/x86/boot/compressed/vmlinux
  ZOFFSET arch/x86/boot/zoffset.h
  OBJCOPY arch/x86/boot/vmlinux.bin
  AS      arch/x86/boot/header.o
  LD      arch/x86/boot/setup.elf
  OBJCOPY arch/x86/boot/setup.bin
  BUILD   arch/x86/boot/bzImage
Kernel: arch/x86/boot/bzImage is ready  (#15)
make[5]: Leaving directory '/mnt/git-volume/kernel-test-stable-rc/build/rand500config-x86_64'
make[4]: Leaving directory '/mnt/git-volume/linux-stable-rc'
