make[3]: Entering directory '/home/benni/git/linux-stable-rc'
make[4]: Entering directory '/home/benni/git/kernel-test-stable-rc/build/rand500config-riscv'
#
# configuration written to .config
#
Using .config as base
Merging /home/benni/git/linux-stable-rc/kernel/configs/tiny.config
Value of CONFIG_KERNEL_XZ is redefined by fragment /home/benni/git/linux-stable-rc/kernel/configs/tiny.config:
Previous value: # CONFIG_KERNEL_XZ is not set
New value: CONFIG_KERNEL_XZ=y

Value of CONFIG_CC_OPTIMIZE_FOR_SIZE is redefined by fragment /home/benni/git/linux-stable-rc/kernel/configs/tiny.config:
Previous value: # CONFIG_CC_OPTIMIZE_FOR_SIZE is not set
New value: CONFIG_CC_OPTIMIZE_FOR_SIZE=y

Value of CONFIG_LD_DEAD_CODE_DATA_ELIMINATION is redefined by fragment /home/benni/git/linux-stable-rc/kernel/configs/tiny.config:
Previous value: # CONFIG_LD_DEAD_CODE_DATA_ELIMINATION is not set
New value: CONFIG_LD_DEAD_CODE_DATA_ELIMINATION=y

Value of CONFIG_SLUB_TINY is redefined by fragment /home/benni/git/linux-stable-rc/kernel/configs/tiny.config:
Previous value: # CONFIG_SLUB_TINY is not set
New value: CONFIG_SLUB_TINY=y

#
# merged configuration written to .config (needs make)
#
#
# configuration written to .config
#
make[4]: Leaving directory '/home/benni/git/kernel-test-stable-rc/build/rand500config-riscv'
make[3]: Leaving directory '/home/benni/git/linux-stable-rc'
make[3]: Entering directory '/home/benni/git/linux-stable-rc'
make[4]: Entering directory '/tmp/tmp.L0RazPmkDH'
  UPD     /tmp/tmp.L0RazPmkDH/Makefile
  HOSTCC  scripts/basic/fixdep
  HOSTCC  scripts/kconfig/conf.o
  HOSTCC  scripts/kconfig/confdata.o
  HOSTCC  scripts/kconfig/expr.o
  LEX     scripts/kconfig/lexer.lex.c
  YACC    scripts/kconfig/parser.tab.[ch]
  HOSTCC  scripts/kconfig/lexer.lex.o
  HOSTCC  scripts/kconfig/menu.o
  HOSTCC  scripts/kconfig/parser.tab.o
  HOSTCC  scripts/kconfig/preprocess.o
  HOSTCC  scripts/kconfig/symbol.o
  HOSTCC  scripts/kconfig/util.o
  HOSTLD  scripts/kconfig/conf
KCONFIG_SEED=0x78064068
#
# configuration written to .config
#
make[4]: Leaving directory '/tmp/tmp.L0RazPmkDH'
make[3]: Leaving directory '/home/benni/git/linux-stable-rc'
make[3]: Entering directory '/home/benni/git/linux-stable-rc'
make[4]: Entering directory '/tmp/tmp.L0RazPmkDH'
.config:8891:warning: override: reassigning to symbol PRINTK
.config:8895:warning: override: reassigning to symbol TTY
.config:8898:warning: override: reassigning to symbol BLK_DEV_INITRD
.config:8899:warning: override: reassigning to symbol RD_GZIP
.config:8902:warning: override: reassigning to symbol BINFMT_ELF
.config:8903:warning: override: reassigning to symbol BINFMT_SCRIPT
.config:8906:warning: override: reassigning to symbol TMPFS
.config:8909:warning: override: reassigning to symbol KERNEL_GZIP
.config:8920:warning: override: reassigning to symbol KERNEL_ZSTD
.config:8923:warning: override: reassigning to symbol MODULES
.config:8926:warning: override: reassigning to symbol DRM
.config:8927:warning: override: reassigning to symbol SOUND
.config:8928:warning: override: reassigning to symbol STAGING
.config:8930:warning: override: reassigning to symbol MEDIA_SUPPORT
.config:8936:warning: override: reassigning to symbol KCOV
.config:8937:warning: override: reassigning to symbol KASAN
.config:8940:warning: override: reassigning to symbol KFENCE
.config:8941:warning: override: reassigning to symbol UBSAN
.config:8968:warning: override: reassigning to symbol KUNIT
.config:8976:warning: override: reassigning to symbol OF_UNITTEST
#
# configuration written to .config
#
make[4]: Leaving directory '/tmp/tmp.L0RazPmkDH'
make[3]: Leaving directory '/home/benni/git/linux-stable-rc'
make[3]: Entering directory '/home/benni/git/linux-stable-rc'
make[4]: Entering directory '/home/benni/git/kernel-test-stable-rc/build/rand500config-riscv'
.config:1405:warning: override: reassigning to symbol RPMSG_VIRTIO
.config:1410:warning: override: reassigning to symbol SYSCTL_EXCEPTION_TRACE
.config:1421:warning: override: reassigning to symbol PRINTK
.config:1422:warning: override: reassigning to symbol SYSCTL_ARCH_UNALIGN_ALLOW
.config:1427:warning: override: reassigning to symbol STM
.config:1429:warning: override: reassigning to symbol CC_HAS_NO_PROFILE_FN_ATTR
.config:1440:warning: override: reassigning to symbol HAVE_ARCH_TRACEHOOK
.config:1446:warning: override: reassigning to symbol LRU_GEN
.config:1458:warning: override: reassigning to symbol STANDALONE
.config:1461:warning: override: reassigning to symbol MAILBOX
.config:1462:warning: override: reassigning to symbol NEED_DMA_MAP_STATE
.config:1469:warning: override: reassigning to symbol ZONE_DMA32
.config:1480:warning: override: reassigning to symbol BINFMT_SCRIPT
.config:1488:warning: override: reassigning to symbol PREVENT_FIRMWARE_BUILD
.config:1489:warning: override: reassigning to symbol CPU_MITIGATIONS
.config:1505:warning: override: reassigning to symbol PROC_FS
.config:1508:warning: override: reassigning to symbol ARCH_SUPPORTS_KEXEC_FILE
.config:1510:warning: override: reassigning to symbol MEMFD_CREATE
.config:1545:warning: override: reassigning to symbol HAVE_IRQ_TIME_ACCOUNTING
.config:1562:warning: override: reassigning to symbol PM_DEVFREQ
.config:1567:warning: override: reassigning to symbol BUG
.config:1586:warning: override: reassigning to symbol GPIB
.config:1587:warning: override: reassigning to symbol JUMP_LABEL
.config:1592:warning: override: reassigning to symbol HAVE_RSEQ
.config:1597:warning: override: reassigning to symbol SHMEM
.config:1611:warning: override: reassigning to symbol BOOT_CONFIG
.config:1618:warning: override: reassigning to symbol HAVE_ARCH_KGDB
.config:1626:warning: override: reassigning to symbol RSEQ
.config:1628:warning: override: reassigning to symbol MFD_SYSCON
.config:1630:warning: override: reassigning to symbol GENERIC_CPU_VULNERABILITIES
.config:1632:warning: override: reassigning to symbol PREEMPTION
.config:1645:warning: override: reassigning to symbol ERRATA_THEAD
.config:1661:warning: override: reassigning to symbol WATCHDOG
.config:1678:warning: override: reassigning to symbol UCS2_STRING
.config:1693:warning: override: reassigning to symbol HAVE_FUNCTION_GRAPH_FREGS
.config:1694:warning: override: reassigning to symbol NTSYNC
.config:1703:warning: override: reassigning to symbol ARCH_USE_CMPXCHG_LOCKREF
.config:1712:warning: override: reassigning to symbol RUNTIME_KERNEL_TESTING_MENU
.config:1714:warning: override: reassigning to symbol PARAVIRT
.config:1716:warning: override: reassigning to symbol GENERIC_BITREVERSE
.config:1729:warning: override: reassigning to symbol RPMB
.config:1734:warning: override: reassigning to symbol XZ_DEC
.config:1737:warning: override: reassigning to symbol 64BIT
.config:1749:warning: override: reassigning to symbol IRQ_FORCED_THREADING
.config:1776:warning: override: reassigning to symbol INIT_STACK_ALL_PATTERN
.config:1782:warning: override: reassigning to symbol HAVE_GENERIC_TIF_BITS
.config:1785:warning: override: reassigning to symbol GENERIC_SYSCALL
.config:1800:warning: override: reassigning to symbol HAVE_ARCH_MMAP_RND_BITS
.config:1803:warning: override: reassigning to symbol ARCH_HAS_DEBUG_VM_PGTABLE
.config:1812:warning: override: reassigning to symbol RISCV_MISALIGNED
.config:1817:warning: override: reassigning to symbol HAVE_DYNAMIC_FTRACE_WITH_ARGS
.config:1840:warning: override: reassigning to symbol SIGNALFD
.config:1852:warning: override: reassigning to symbol ARCH_SUPPORTS_ACPI
.config:1856:warning: override: reassigning to symbol FRAME_POINTER
.config:1871:warning: override: reassigning to symbol CC_HAS_ASM_INLINE
.config:1895:warning: override: reassigning to symbol PRINTK
.config:1899:warning: override: reassigning to symbol TTY
.config:1902:warning: override: reassigning to symbol BLK_DEV_INITRD
.config:1906:warning: override: reassigning to symbol BINFMT_ELF
.config:1907:warning: override: reassigning to symbol BINFMT_SCRIPT
.config:1913:warning: override: reassigning to symbol KERNEL_GZIP
.config:1921:warning: override: reassigning to symbol FPU
#
# configuration written to .config
#
make[4]: Leaving directory '/home/benni/git/kernel-test-stable-rc/build/rand500config-riscv'
make[3]: Leaving directory '/home/benni/git/linux-stable-rc'
make[3]: Entering directory '/home/benni/git/linux-stable-rc'
make[4]: Entering directory '/home/benni/git/kernel-test-stable-rc/build/rand500config-riscv'
  SYNC    include/config/auto.conf
  CC      scripts/mod/empty.o
  CC      scripts/mod/devicetable-offsets.s
  MKELF   scripts/mod/elfconfig.h
  HOSTCC  scripts/mod/modpost.o
  HOSTCC  scripts/mod/sumversion.o
  HOSTCC  scripts/mod/symsearch.o
  HOSTCC  scripts/mod/file2alias.o
  HOSTLD  scripts/mod/modpost
  CC      kernel/bounds.s
  UPD     include/generated/bounds.h
  CC      arch/riscv/kernel/asm-offsets.s
  UPD     include/generated/asm-offsets.h
  CC      kernel/sched/rq-offsets.s
  UPD     include/generated/rq-offsets.h
  CALL    /home/benni/git/linux-stable-rc/scripts/checksyscalls.sh 
  AS      arch/riscv/kernel/vdso/rt_sigreturn.o
  CC      arch/riscv/kernel/vdso/vgettimeofday.o
  AS      arch/riscv/kernel/vdso/getcpu.o
  AS      arch/riscv/kernel/vdso/flush_icache.o
  CC      arch/riscv/kernel/vdso/hwprobe.o
  AS      arch/riscv/kernel/vdso/sys_hwprobe.o
  CC      arch/riscv/kernel/vdso/getrandom.o
  AS      arch/riscv/kernel/vdso/note.o
  AS      arch/riscv/kernel/vdso/vgetrandom-chacha.o
  VDSOLD  arch/riscv/kernel/vdso/vdso.so.dbg
  VDSOSYM include/generated/vdso-offsets.h
  GEN     usr/initramfs_data.cpio
  CC      security/commoncap.o
  CC      arch/riscv/errata/thead/errata.o
  CC      arch/riscv/purgatory/purgatory.o
  CC      arch/riscv/lib/csum.o
  CC      drivers/bus/simple-pm-bus.o
  CC      init/main.o
  COPY    usr/initramfs_inc_data
  CC      arch/riscv/lib/delay.o
  AS      usr/initramfs_data.o
  CC      arch/riscv/mm/init.o
  CC      drivers/irqchip/irqchip.o
  AR      usr/built-in.a
  CC      drivers/pci/of.o
  AS      arch/riscv/kernel/head.o
  CC      arch/riscv/purgatory/sha256.o
  CC      arch/riscv/kernel/soc.o
  CC      fs/open.o
  CC      security/min_addr.o
  CC      lib/argv_split.o
  CC      kernel/fork.o
  CC      mm/filemap.o
  CC      kernel/exec_domain.o
  AS      arch/riscv/lib/memcpy.o
  AS      arch/riscv/lib/memmove.o
  AS      arch/riscv/lib/memset.o
  CC      arch/riscv/lib/riscv_v_helpers.o
  CC      arch/riscv/kernel/alternative.o
  CC      lib/bug.o
  AR      drivers/bus/built-in.a
  CC      kernel/exec_state.o
  AR      arch/riscv/errata/thead/built-in.a
  AR      arch/riscv/errata/built-in.a
  CC      drivers/irqchip/irq-msi-lib.o
  CC      kernel/panic.o
  AS      arch/riscv/purgatory/entry.o
  CC      arch/riscv/purgatory/string.o
  AR      drivers/pci/built-in.a
  CC      drivers/video/console/dummycon.o
  AS      arch/riscv/lib/strchr.o
  CC      arch/riscv/mm/extable.o
  CC      arch/riscv/purgatory/ctype.o
  AR      security/built-in.a
  UPD     init/utsversion-tmp.h
  CC      mm/mempool.o
  CC      arch/riscv/kernel/cpu.o
  AS      arch/riscv/lib/strcmp.o
  AS      arch/riscv/purgatory/memcpy.o
  CC      lib/buildid.o
  AS      arch/riscv/purgatory/memset.o
  CC      fs/read_write.o
  AS      arch/riscv/purgatory/strcmp.o
  AS      arch/riscv/purgatory/strlen.o
  AS      arch/riscv/lib/strlen.o
  AS      arch/riscv/purgatory/strncmp.o
  AS      arch/riscv/lib/strncmp.o
  AS      arch/riscv/lib/strnlen.o
  CC      kernel/cpu.o
  AS      arch/riscv/purgatory/strnlen.o
  AS      arch/riscv/purgatory/strchr.o
  CC      lib/cmdline.o
  CC      init/do_mounts.o
  AS      arch/riscv/purgatory/strrchr.o
  AS      arch/riscv/lib/strrchr.o
  LD      arch/riscv/purgatory/purgatory.ro
  AS      arch/riscv/lib/uaccess.o
  LD      arch/riscv/purgatory/purgatory.chk
  AS      arch/riscv/purgatory/kexec-purgatory.o
  AS      arch/riscv/lib/uaccess_vector.o
  AR      arch/riscv/purgatory/built-in.a
  CC      fs/file_table.o
  CC      drivers/irqchip/irq-riscv-intc.o
  AR      arch/riscv/lib/lib.a
  CC      init/do_mounts_initrd.o
  CC      init/initramfs.o
  CC      kernel/exit.o
  AR      drivers/video/console/built-in.a
  CC      arch/riscv/mm/fault.o
  AR      drivers/video/built-in.a
  AR      drivers/char/ipmi/built-in.a
  CC      kernel/softirq.o
  CC      init/calibrate.o
  CC      arch/riscv/kernel/cpufeature.o
  AS      arch/riscv/kernel/entry.o
  CC      lib/ctype.o
  CC      init/init_task.o
  CC      drivers/irqchip/irq-riscv-aplic-main.o
  CC      lib/dec_and_lock.o
  CC      drivers/irqchip/irq-riscv-aplic-direct.o
  CC      mm/oom_kill.o
  CC      init/version.o
  CC      lib/decompress.o
  CC      drivers/irqchip/irq-riscv-aplic-msi.o
  CC      drivers/irqchip/irq-riscv-imsic-state.o
  CC      lib/decompress_bunzip2.o
  CC      drivers/clk/clk-devres.o
  CC      drivers/clk/clk-bulk.o
  CC      fs/super.o
  CC      arch/riscv/mm/pageattr.o
  CC      fs/char_dev.o
  CC      lib/decompress_inflate.o
  CC      arch/riscv/kernel/irq.o
  CC      arch/riscv/kernel/process.o
  CC      drivers/clk/clkdev.o
  AR      init/built-in.a
  CC      drivers/virtio/virtio.o
  CC      kernel/resource.o
  CC      drivers/irqchip/irq-riscv-imsic-early.o
  CC      drivers/clk/clk.o
  CC      drivers/clk/clk-divider.o
  CC      lib/decompress_unlz4.o
  CC      arch/riscv/mm/pgtable.o
  CC      fs/stat.o
  CC      arch/riscv/mm/tlbflush.o
  CC      mm/fadvise.o
  CC      lib/decompress_unlzma.o
  CC      arch/riscv/kernel/ptrace.o
  CC      lib/decompress_unlzo.o
  CC      drivers/tty/tty_io.o
  CC      mm/maccess.o
  CC      drivers/virtio/virtio_ring.o
  CC      drivers/irqchip/irq-riscv-imsic-platform.o
  CC      mm/page-writeback.o
  CC      drivers/clk/clk-fixed-factor.o
  CC      arch/riscv/kernel/reset.o
  CC      arch/riscv/mm/cacheflush.o
  CC      drivers/clk/clk-fixed-rate.o
  CC      lib/decompress_unxz.o
  CC      drivers/char/mem.o
  CC      kernel/sysctl.o
  CC      drivers/clk/clk-gate.o
  CC      drivers/clk/clk-multiplier.o
  CC      fs/exec.o
  CC      arch/riscv/kernel/return_address.o
  CC      drivers/tty/n_tty.o
  CC      drivers/tty/tty_ioctl.o
  CC      drivers/irqchip/irq-riscv-rpmi-sysmsi.o
  CC      drivers/irqchip/irq-sifive-plic.o
  CC      arch/riscv/mm/context.o
  CC      lib/decompress_unzstd.o
  CC      lib/dump_stack.o
  CC      drivers/tty/tty_ldisc.o
  CC      drivers/clk/clk-mux.o
  CC      arch/riscv/kernel/setup.o
  CC      drivers/char/random.o
  CC      drivers/clk/clk-composite.o
  CC      drivers/virtio/virtio_anchor.o
  CC      mm/folio-compat.o
  CC      kernel/capability.o
  CC      fs/pipe.o
  CC      mm/readahead.o
  CC      arch/riscv/mm/pmem.o
  CC      drivers/clk/clk-fractional-divider.o
  CC      lib/earlycpio.o
  CC      lib/extable.o
  CC      mm/swap.o
  AR      drivers/irqchip/built-in.a
  CC      arch/riscv/kernel/signal.o
  CC      drivers/clk/clk-gpio.o
  CC      drivers/clk/clk-conf.o
  CC      drivers/tty/tty_buffer.o
  CC      mm/truncate.o
  AR      drivers/virtio/built-in.a
  CC      drivers/char/misc.o
  CC      lib/fdt.o
  CC      lib/fdt_addresses.o
  CC      lib/fdt_empty_tree.o
  CC      arch/riscv/mm/dma-noncoherent.o
  CC      arch/riscv/mm/cache-ops.o
  CC      kernel/ptrace.o
  CC      mm/vmscan.o
  CC      drivers/tty/tty_port.o
  CC      lib/fdt_ro.o
  CC      drivers/clk/clk-rpmi.o
  CC      mm/shrinker.o
  CC      mm/shmem.o
  CC      kernel/user.o
  CC      drivers/tty/tty_mutex.o
  AR      drivers/char/built-in.a
  CC      lib/fdt_rw.o
  CC      fs/namei.o
  CC      arch/riscv/kernel/syscall_table.o
  CC      lib/fdt_strerror.o
  AR      arch/riscv/mm/built-in.a
  CC      mm/util.o
  CC      drivers/tty/tty_ldsem.o
  CC      fs/fcntl.o
  CC      lib/fdt_sw.o
  CC      drivers/base/component.o
  CC      kernel/signal.o
  CC      arch/riscv/kernel/sys_riscv.o
  CC      lib/fdt_wip.o
  CC      arch/riscv/kernel/sys_hwprobe.o
  CC      fs/ioctl.o
  AR      drivers/clk/tenstorrent/built-in.a
  CC      arch/riscv/kernel/time.o
  AR      drivers/clk/xilinx/built-in.a
  CC      lib/flex_proportions.o
  AR      drivers/clk/built-in.a
  CC      arch/riscv/kernel/traps.o
  CC      fs/readdir.o
  CC      drivers/tty/tty_baudrate.o
  CC      kernel/sys.o
  CC      lib/idr.o
  CC      drivers/base/core.o
  CC      drivers/tty/tty_jobctrl.o
  CC      mm/mmzone.o
  CC      kernel/umh.o
  CC      mm/vmstat.o
  CC      mm/backing-dev.o
  CC      lib/iomem_copy.o
  CC      fs/select.o
  CC      drivers/base/bus.o
  CC      arch/riscv/kernel/riscv_ksyms.o
  CC      mm/mm_init.o
  CC      kernel/workqueue.o
  CC      drivers/tty/n_null.o
  CC      arch/riscv/kernel/stacktrace.o
  CC      kernel/pid.o
  CC      fs/dcache.o
  CC      lib/irq_regs.o
  CC      drivers/base/dd.o
  CC      drivers/misc/rpmb-core.o
  CC      mm/percpu.o
  CC      drivers/tty/pty.o
  CC      lib/is_single_threaded.o
  CC      drivers/tty/vt/vt_ioctl.o
  CC      drivers/tty/vt/vc_screen.o
  CC      arch/riscv/kernel/cacheinfo.o
  CC      kernel/task_work.o
  CC      drivers/tty/vt/selection.o
  CC      lib/klist.o
  CC      mm/slab_common.o
  CC      drivers/misc/ntsync.o
  CC      drivers/tty/vt/keyboard.o
  CC      drivers/mfd/syscon.o
  CC      drivers/base/syscore.o
  CC      arch/riscv/kernel/patch.o
  CC      lib/kobject.o
  CC      kernel/extable.o
  CC      kernel/params.o
  CC      drivers/base/driver.o
  CC      lib/kobject_uevent.o
  CC      kernel/kthread.o
  AR      drivers/mfd/built-in.a
  CC      lib/logic_pio.o
  CC      arch/riscv/kernel/vendor_extensions.o
  CC      fs/inode.o
  CC      drivers/base/class.o
  AR      arch/riscv/kernel/vendor_extensions/built-in.a
  AR      drivers/misc/built-in.a
  CC      kernel/sys_ni.o
  CC      fs/attr.o
  CC      drivers/tty/serial/serial_core.o
  CC      drivers/tty/serial/serial_base_bus.o
  CC      fs/bad_inode.o
  CC      mm/compaction.o
  CC      arch/riscv/kernel/vdso.o
  CC      drivers/tty/serial/serial_ctrl.o
  OBJCOPY arch/riscv/kernel/vdso/vdso.so
  AS      arch/riscv/kernel/vdso/vdso.o
  CC      drivers/base/platform.o
  CC      fs/file.o
  AR      arch/riscv/kernel/vdso/built-in.a
  CC      drivers/base/cpu.o
  CC      drivers/tty/vt/vt.o
  CC      drivers/base/firmware.o
  CC      lib/maple_tree.o
  CC      kernel/nsproxy.o
  CC      drivers/tty/serial/serial_port.o
  CC      lib/memcat_p.o
  CC      fs/filesystems.o
  CC      arch/riscv/kernel/traps_misaligned.o
  CC      kernel/nstree.o
  CC      kernel/nscommon.o
  CC      mm/show_mem.o
  CC      drivers/base/init.o
  CC      mm/interval_tree.o
  CC      arch/riscv/kernel/unaligned_access_speed.o
  CC      drivers/tty/serial/earlycon.o
  CC      drivers/tty/vt/defkeymap.o
  CC      kernel/notifier.o
  CC      drivers/tty/serial/8250/8250_core.o
  CC      drivers/tty/serial/8250/8250_platform.o
  CC      drivers/tty/vt/consolemap.o
  AS      arch/riscv/kernel/copy-unaligned.o
  CC      fs/namespace.o
  CC      lib/nmi_backtrace.o
  CC      drivers/tty/serial/8250/8250_port.o
  CC      kernel/ksysfs.o
  CC      drivers/tty/serial/arc_uart.o
  AS      arch/riscv/kernel/vec-copy-unaligned.o
  CC      mm/list_lru.o
  CC      drivers/base/map.o
  AS      arch/riscv/kernel/fpu.o
  CC      arch/riscv/kernel/kernel_mode_fpu.o
  CC      drivers/base/devres.o
  CC      drivers/base/attribute_container.o
  CC      drivers/tty/serial/digicolor-usart.o
  CC      lib/objpool.o
  CC      arch/riscv/kernel/vector.o
  CC      drivers/tty/serial/8250/8250_early.o
  CC      fs/seq_file.o
  CC      kernel/cred.o
  CC      mm/workingset.o
  CC      fs/xattr.o
  CC      drivers/tty/serial/sccnxp.o
  CC      drivers/tty/vt/consolemap_deftbl.o
  CC      arch/riscv/kernel/kernel_mode_vector.o
  CC      lib/plist.o
  CC      mm/debug.o
  CC      drivers/tty/vt/ucs.o
  CC      lib/radix-tree.o
  CC      mm/gup.o
  CC      drivers/base/transport_class.o
  AR      drivers/tty/vt/built-in.a
  CC      arch/riscv/kernel/perf_regs.o
  CC      arch/riscv/kernel/sbi.o
  CC      drivers/base/topology.o
  CC      mm/mmap_lock.o
  CC      drivers/tty/serial/8250/8250_of.o
  CC      kernel/reboot.o
  CC      mm/vma_init.o
  CC      arch/riscv/kernel/sbi_ecall.o
  CC      arch/riscv/kernel/paravirt.o
  CC      arch/riscv/kernel/jump_label.o
  CC      arch/riscv/kernel/efi.o
  CC      drivers/tty/serial/xilinx_uartps.o
  CC      lib/ratelimit.o
  CC      drivers/base/container.o
  CC      fs/libfs.o
  CC      arch/riscv/kernel/pi/cmdline_early.o
  CC      arch/riscv/kernel/pi/fdt_early.o
  CC      arch/riscv/kernel/bugs.o
  AR      drivers/tty/serial/8250/built-in.a
  CC      lib/rbtree.o
  LDS     arch/riscv/kernel/vmlinux.lds
  CC      mm/highmem.o
  CC      mm/memory.o
  CC      kernel/async.o
  CC      lib/seq_buf.o
  CC      lib/siphash.o
  CC      arch/riscv/kernel/pi/string.o
  CC      arch/riscv/kernel/pi/ctype.o
  CC      lib/string.o
  CC      lib/sys_info.o
  CC      kernel/range.o
  CC      drivers/base/property.o
  CC      lib/timerqueue.o
  CC      fs/fs-writeback.o
  CC      mm/mincore.o
  CC      lib/vsprintf.o
  CC      arch/riscv/kernel/pi/lib-fdt.o
  CC      fs/pnode.o
  CC      drivers/base/cacheinfo.o
  CC      arch/riscv/kernel/pi/lib-fdt_ro.o
  CC      mm/mlock.o
  CC      drivers/base/swnode.o
  AR      drivers/tty/serial/built-in.a
  CC      fs/splice.o
  AR      drivers/tty/built-in.a
  CC      arch/riscv/kernel/pi/archrandom_early.o
  CC      kernel/smpboot.o
  CC      mm/mmap.o
  CC      drivers/base/faux.o
  OBJCOPY arch/riscv/kernel/pi/cmdline_early.pi.o
  OBJCOPY arch/riscv/kernel/pi/fdt_early.pi.o
  OBJCOPY arch/riscv/kernel/pi/string.pi.o
  OBJCOPY arch/riscv/kernel/pi/ctype.pi.o
  OBJCOPY arch/riscv/kernel/pi/lib-fdt.pi.o
  OBJCOPY arch/riscv/kernel/pi/lib-fdt_ro.pi.o
  OBJCOPY arch/riscv/kernel/pi/archrandom_early.pi.o
  AR      arch/riscv/kernel/pi/built-in.a
  AR      arch/riscv/kernel/built-in.a
  AR      arch/riscv/built-in.a
  CC      lib/win_minmax.o
  CC      drivers/input/serio/serio.o
  CC      lib/xarray.o
  CC      lib/lockref.o
  CC      mm/mmu_gather.o
  CC      kernel/ucount.o
  CC      kernel/regset.o
  CC      drivers/input/input.o
  CC      mm/mprotect.o
  CC      lib/bcd.o
  CC      drivers/base/power/clock_ops.o
  CC      fs/sync.o
  CC      drivers/base/firmware_loader/builtin/main.o
  CC      drivers/base/regmap/regmap.o
  CC      drivers/base/platform-msi.o
  CC      drivers/base/regmap/regcache.o
  CC      kernel/ksyms_common.o
  AR      drivers/base/firmware_loader/builtin/built-in.a
  CC      drivers/input/serio/serport.o
  CC      mm/mremap.o
  CC      drivers/base/arch_topology.o
  AR      drivers/base/firmware_loader/built-in.a
  CC      mm/msync.o
  CC      drivers/input/input-compat.o
  AR      drivers/base/power/built-in.a
  CC      drivers/input/input-mt.o
  CC      drivers/input/input-poller.o
  CC      lib/sort.o
  CC      fs/utimes.o
  CC      lib/parser.o
  CC      drivers/base/regmap/regcache-rbtree.o
  CC      drivers/input/serio/ps2mult.o
  CC      mm/page_vma_mapped.o
  CC      mm/pagewalk.o
  CC      kernel/sched/core.o
  CC      drivers/input/serio/libps2.o
  CC      kernel/sched/fair.o
  CC      kernel/sched/build_policy.o
  CC      fs/d_path.o
  CC      drivers/base/regmap/regcache-flat.o
  CC      drivers/input/ff-core.o
  CC      drivers/input/touchscreen.o
  CC      lib/debug_locks.o
  CC      drivers/input/touch-overlay.o
  CC      drivers/input/vivaldi-fmap.o
  CC      lib/random32.o
  CC      kernel/sched/build_utility.o
  CC      kernel/locking/mutex.o
  CC      kernel/locking/semaphore.o
  CC      fs/stack.o
  AR      drivers/input/serio/built-in.a
  CC      drivers/base/regmap/regcache-maple.o
  CC      mm/pgtable-generic.o
  CC      drivers/input/evdev.o
  CC      drivers/input/keyboard/atkbd.o
  CC      kernel/locking/rwsem.o
  CC      drivers/base/regmap/regmap-mmio.o
  CC      lib/bust_spinlocks.o
  CC      fs/fs_struct.o
  CC      drivers/input/mouse/psmouse-base.o
  CC      kernel/power/qos.o
  CC      kernel/locking/percpu-rwsem.o
  CC      kernel/printk/printk.o
  CC      lib/kasprintf.o
  CC      mm/rmap.o
  CC      drivers/input/mouse/synaptics.o
  AR      drivers/base/regmap/built-in.a
  AR      drivers/base/built-in.a
  CC      lib/bitmap.o
  CC      drivers/input/mouse/focaltech.o
  CC      fs/statfs.o
  AR      drivers/input/keyboard/built-in.a
  AR      drivers/watchdog/built-in.a
  CC      kernel/printk/printk_safe.o
  CC      mm/vmalloc.o
  CC      mm/vma.o
  CC      kernel/irq/irqdesc.o
  CC      mm/vma_exec.o
  AR      kernel/locking/built-in.a
  CC      kernel/rcu/update.o
  AR      kernel/power/built-in.a
  CC      kernel/rcu/sync.o
  CC      kernel/rcu/srcutiny.o
  CC      kernel/printk/nbcon.o
  CC      kernel/irq/handle.o
  CC      lib/scatterlist.o
  CC      fs/fs_pin.o
  CC      fs/nsfs.o
  CC      drivers/opp/core.o
  AR      kernel/sched/built-in.a
  CC      fs/fs_dirent.o
  CC      drivers/input/mouse/alps.o
  CC      drivers/opp/cpu.o
  CC      kernel/rcu/tiny.o
  CC      mm/mseal.o
  CC      lib/list_sort.o
  CC      drivers/input/mouse/byd.o
  CC      kernel/irq/manage.o
  CC      drivers/opp/of.o
  CC      fs/fs_context.o
  CC      kernel/printk/printk_ringbuffer.o
  CC      kernel/printk/sysctl.o
  CC      lib/uuid.o
  CC      mm/page_alloc.o
  CC      drivers/clocksource/timer-of.o
  AR      kernel/rcu/built-in.a
  CC      drivers/firmware/efi/efi.o
  CC      lib/iov_iter.o
  CC      drivers/input/mouse/logips2pp.o
  CC      drivers/firmware/efi/vars.o
  CC      drivers/input/mouse/trackpoint.o
  CC      drivers/clocksource/timer-probe.o
  CC      drivers/input/mouse/cypress_ps2.o
  AR      kernel/printk/built-in.a
  CC      drivers/firmware/efi/reboot.o
  AR      drivers/opp/built-in.a
  CC      fs/fs_parser.o
  CC      drivers/hid/hid-core.o
  CC      lib/clz_ctz.o
  CC      kernel/irq/spurious.o
  CC      drivers/firmware/efi/memattr.o
  CC      kernel/dma/mapping.o
  CC      kernel/entry/common.o
  CC      kernel/entry/syscall-common.o
  CC      mm/page_frag_cache.o
  CC      mm/init-mm.o
  CC      drivers/clocksource/timer-riscv.o
  CC      drivers/firmware/efi/tpm.o
  AR      drivers/input/mouse/built-in.a
  AR      drivers/input/built-in.a
  CC      mm/memblock.o
  CC      kernel/dma/direct.o
  CC      kernel/time/time.o
  CC      fs/fsopen.o
  CC      kernel/irq/resend.o
  CC      lib/bsearch.o
  CC      lib/find_bit.o
  CC      kernel/entry/syscall_user_dispatch.o
  CC      kernel/dma/coherent.o
  CC      kernel/up.o
  CC      mm/slub.o
  AR      drivers/clocksource/built-in.a
  CC      kernel/irq/chip.o
  CC      fs/init.o
  CC      drivers/firmware/efi/memmap.o
  CC      kernel/irq/dummychip.o
  CC      mm/dmapool.o
  CC      drivers/hid/hid-input.o
  CC      lib/llist.o
  CC      kernel/utsname_sysctl.o
  CC      kernel/time/timer.o
  CC      mm/early_ioremap.o
  CC      lib/lwq.o
  CC      drivers/firmware/efi/fdtparams.o
  CC      mm/memfd.o
  CC      drivers/hid/hid-quirks.o
  CC      kernel/dma/swiotlb.o
  CC      drivers/of/base.o
  CC      lib/memweight.o
  AR      kernel/entry/built-in.a
  CC      drivers/of/cpu.o
  CC      kernel/dma/pool.o
  CC      lib/kfifo.o
  CC      fs/kernel_read_file.o
  CC      drivers/gpib/common/gpib_os.o
  CC      lib/percpu-refcount.o
  CC      kernel/irq/devres.o
  CC      drivers/gpib/common/iblib.o
  CC      drivers/firmware/efi/esrt.o
  CC      kernel/time/hrtimer.o
  CC      drivers/of/device.o
  CC      kernel/dma/remap.o
  CC      fs/mnt_idmapping.o
  CC      kernel/irq_work.o
  CC      kernel/time/sleep_timeout.o
  CC      drivers/firmware/efi/runtime-wrappers.o
  CC      kernel/irq/kexec.o
  CC      drivers/of/module.o
  CC      mm/ioremap.o
  CC      lib/rhashtable.o
  CC      kernel/irq/irqdomain.o
  CC      drivers/hid/hid-generic.o
  CC      kernel/irq/proc.o
  AR      kernel/dma/built-in.a
  CC      fs/remap_range.o
  CC      lib/base64.o
  CC      drivers/of/platform.o
  CC      kernel/time/timekeeping.o
  CC      kernel/irq/msi.o
  AR      drivers/gpib/common/built-in.a
  AR      drivers/gpib/built-in.a
  CC      fs/pidfs.o
  CC      lib/once.o
  CC      drivers/of/property.o
  CC      kernel/jump_label.o
  CC      kernel/irq/matrix.o
  AR      mm/built-in.a
  CC      kernel/iomem.o
  CC      kernel/time/ntp.o
  CC      drivers/firmware/efi/efi-init.o
  AR      drivers/hid/built-in.a
  CC      drivers/mailbox/mailbox.o
  CC      drivers/firmware/efi/riscv-runtime.o
  CC      drivers/of/fdt.o
  CC      kernel/rseq.o
  CC      lib/refcount.o
  CC      kernel/time/clocksource.o
  CC      drivers/mailbox/riscv-sbi-mpxy-mbox.o
  CC      drivers/rpmsg/rpmsg_core.o
  CC      drivers/firmware/efi/earlycon.o
  CC      drivers/rpmsg/rpmsg_ns.o
  AR      kernel/irq/built-in.a
  CC      lib/rcuref.o
  CC      drivers/rpmsg/virtio_rpmsg_bus.o
  CC      lib/usercopy.o
  CC      fs/file_attr.o
  CC      drivers/devfreq/devfreq.o
  CC      kernel/time/jiffies.o
  CC      drivers/devfreq/governor_simpleondemand.o
  AS      drivers/of/empty_root.dtb.o
  CC      kernel/time/timer_list.o
  CC      drivers/of/fdt_address.o
  CC      lib/errseq.o
  CC      kernel/time/timeconv.o
  CC      lib/bucket_locks.o
  CC      fs/fserror.o
  CC      drivers/of/address.o
  CC      drivers/firmware/efi/libstub/alignedmem.o
  CC      drivers/firmware/efi/libstub/efi-stub-entry.o
  CC      lib/generic-radix-tree.o
  CC      drivers/of/irq.o
  CC      drivers/hwtracing/stm/core.o
  AR      drivers/mailbox/built-in.a
  CC      kernel/time/timecounter.o
  CC      fs/nullfs.o
  AR      drivers/firmware/efi/built-in.a
  CC      drivers/most/core.o
  AR      drivers/rpmsg/built-in.a
  CC      drivers/most/configfs.o
  CC      lib/bitmap-str.o
  CC      drivers/firmware/efi/libstub/efi-stub-helper.o
  CC      fs/proc_namespace.o
  CC      kernel/time/alarmtimer.o
  CC      drivers/of/of_reserved_mem.o
  CC      fs/anon_inodes.o
  CC      drivers/hwtracing/stm/policy.o
  AR      drivers/devfreq/built-in.a
  CC      lib/string_helpers.o
  CC      fs/signalfd.o
  CC      drivers/firmware/efi/libstub/efi-stub.o
  CC      lib/hexdump.o
  CC      kernel/time/posix-stubs.o
  CC      fs/binfmt_script.o
  CC      lib/kstrtox.o
  CC      drivers/firmware/efi/libstub/fdt.o
  CC      lib/math/div64.o
  CC      kernel/time/clockevents.o
  CC      lib/math/gcd.o
  CC      drivers/hwtracing/stm/p_basic.o
  CC      drivers/hwtracing/stm/p_sys-t.o
  CC      kernel/time/tick-common.o
  CC      drivers/hwtracing/stm/heartbeat.o
  CC      lib/math/lcm.o
  CC      lib/crc/crc32-main.o
  AR      drivers/of/built-in.a
  AR      drivers/most/built-in.a
  CC      kernel/time/sched_clock.o
  CC      lib/crypto/blake2s.o
  CC      lib/math/int_log.o
  CC      lib/crypto/chacha-block-generic.o
  CC      drivers/firmware/efi/libstub/file.o
  CC      lib/math/int_pow.o
  CC      fs/binfmt_elf.o
  CC      lib/math/int_sqrt.o
  CC      kernel/time/vsyscall.o
  CC      lib/vdso/datastore.o
  CC      fs/drop_caches.o
  CC      lib/math/reciprocal_div.o
  CC      drivers/firmware/efi/libstub/gop.o
  CC      lib/iomap_copy.o
  CC      drivers/firmware/efi/libstub/intrinsics.o
  CC      fs/sysctls.o
  CC      drivers/firmware/efi/libstub/kaslr.o
  CC      lib/devres.o
  CC      lib/math/rational.o
  AR      drivers/hwtracing/stm/built-in.a
  AR      lib/crc/built-in.a
  CC      fs/proc/task_mmu.o
  CC      lib/hweight.o
  CC      fs/configfs/inode.o
  CC      drivers/firmware/efi/libstub/lib-cmdline.o
  AR      kernel/time/built-in.a
  AR      kernel/built-in.a
  CC      fs/configfs/file.o
  CC      drivers/firmware/efi/libstub/lib-ctype.o
  AR      lib/crypto/built-in.a
  CC      drivers/firmware/efi/libstub/lib-fdt.o
  CC      drivers/firmware/efi/libstub/lib-fdt_empty_tree.o
  CC      fs/devpts/inode.o
  CC      fs/configfs/dir.o
  CC      lib/bitrev.o
  AR      lib/vdso/built-in.a
  CC      lib/xxhash.o
  CC      drivers/firmware/efi/libstub/lib-fdt_ro.o
  AR      lib/math/built-in.a
  CC      fs/proc/inode.o
  CC      lib/genalloc.o
  CC      lib/zlib_inflate/inffast.o
  CC      fs/ramfs/inode.o
  CC      drivers/firmware/efi/libstub/lib-fdt_rw.o
  CC      fs/proc/root.o
  CC      fs/configfs/symlink.o
  CC      fs/ramfs/file-mmu.o
  CC      lib/zlib_inflate/inflate.o
  CC      lib/lzo/lzo1x_decompress_safe.o
  CC      fs/proc/base.o
  CC      fs/configfs/mount.o
  CC      fs/proc/generic.o
  CC      drivers/firmware/efi/libstub/lib-fdt_sw.o
  CC      fs/proc/array.o
  CC      drivers/firmware/efi/libstub/lib-fdt_wip.o
  CC      lib/zlib_inflate/infutil.o
  AR      fs/devpts/built-in.a
  CC      fs/proc/fd.o
  CC      drivers/firmware/efi/libstub/mem.o
  CC      fs/configfs/item.o
  CC      lib/zlib_inflate/inftrees.o
  CC      fs/proc/proc_tty.o
  CC      lib/lz4/lz4_decompress.o
  CC      lib/zstd/zstd_decompress_module.o
  AR      lib/lzo/built-in.a
  CC      lib/zstd/decompress/huf_decompress.o
  CC      drivers/firmware/efi/libstub/pci.o
  AR      fs/ramfs/built-in.a
  CC      fs/proc/cmdline.o
  CC      drivers/firmware/efi/libstub/primary_display.o
  CC      lib/zlib_inflate/inflate_syms.o
  CC      lib/xz/xz_dec_syms.o
  CC      lib/zstd/decompress/zstd_ddict.o
  CC      fs/proc/consoles.o
  CC      lib/syscall.o
  AR      fs/configfs/built-in.a
  CC      lib/xz/xz_dec_stream.o
  CC      lib/zstd/decompress/zstd_decompress.o
  CC      drivers/firmware/efi/libstub/printk.o
  AR      lib/zlib_inflate/built-in.a
  CC      fs/proc/cpuinfo.o
  CC      lib/xz/xz_dec_lzma2.o
  CC      fs/proc/devices.o
  CC      lib/zstd/decompress/zstd_decompress_block.o
  CC      lib/checksum.o
  CC      drivers/firmware/efi/libstub/random.o
  CC      lib/xz/xz_dec_bcj.o
  CC      lib/zstd/zstd_common_module.o
  CC      drivers/firmware/efi/libstub/randomalloc.o
  CC      lib/xz/xz_dec_test.o
  CC      lib/strncpy_from_user.o
  CC      lib/zstd/common/debug.o
  CC      lib/zstd/common/entropy_common.o
  CC      lib/zstd/common/error_private.o
  CC      drivers/firmware/efi/libstub/riscv-stub.o
  CC      fs/proc/loadavg.o
  CC      lib/strnlen_user.o
  CC      fs/proc/meminfo.o
  CC      lib/zstd/common/fse_decompress.o
  CC      drivers/firmware/efi/libstub/riscv.o
  CC      fs/proc/stat.o
  CC      lib/bootconfig.o
  CC      lib/fonts/fonts.o
  AR      lib/lz4/built-in.a
  CC      lib/fonts/font_8x16.o
  CC      fs/proc/uptime.o
  CC      fs/proc/util.o
  CC      lib/zstd/common/zstd_common.o
  AR      lib/xz/built-in.a
  CC      drivers/firmware/efi/libstub/secureboot.o
  CC      fs/proc/version.o
  CC      drivers/firmware/efi/libstub/skip_spaces.o
  CC      lib/ucs2_string.o
  CC      fs/proc/softirqs.o
  CC      drivers/firmware/efi/libstub/string.o
  CC      fs/proc/namespaces.o
  AR      lib/zstd/built-in.a
  CC      lib/group_cpus.o
  CC      drivers/firmware/efi/libstub/systable.o
  CC      lib/devmem_is_allowed.o
  CC      fs/proc/self.o
  AR      lib/fonts/built-in.a
  CC      fs/proc/thread_self.o
  CC      fs/proc/proc_sysctl.o
  AR      lib/lib.a
  CC      fs/proc/kmsg.o
  CC      fs/proc/page.o
  CC      drivers/firmware/efi/libstub/tpm.o
  CC      drivers/firmware/efi/libstub/vsprintf.o
  CC      fs/proc/bootconfig.o
  STUBCPY drivers/firmware/efi/libstub/alignedmem.stub.o
  STUBCPY drivers/firmware/efi/libstub/efi-stub-entry.stub.o
  STUBCPY drivers/firmware/efi/libstub/efi-stub-helper.stub.o
  STUBCPY drivers/firmware/efi/libstub/efi-stub.stub.o
  STUBCPY drivers/firmware/efi/libstub/fdt.stub.o
  STUBCPY drivers/firmware/efi/libstub/file.stub.o
  STUBCPY drivers/firmware/efi/libstub/gop.stub.o
  STUBCPY drivers/firmware/efi/libstub/intrinsics.stub.o
  STUBCPY drivers/firmware/efi/libstub/kaslr.stub.o
  STUBCPY drivers/firmware/efi/libstub/lib-cmdline.stub.o
  STUBCPY drivers/firmware/efi/libstub/lib-ctype.stub.o
  STUBCPY drivers/firmware/efi/libstub/lib-fdt.stub.o
  STUBCPY drivers/firmware/efi/libstub/lib-fdt_empty_tree.stub.o
  STUBCPY drivers/firmware/efi/libstub/lib-fdt_ro.stub.o
  STUBCPY drivers/firmware/efi/libstub/lib-fdt_rw.stub.o
  STUBCPY drivers/firmware/efi/libstub/lib-fdt_sw.stub.o
  STUBCPY drivers/firmware/efi/libstub/lib-fdt_wip.stub.o
  STUBCPY drivers/firmware/efi/libstub/mem.stub.o
  STUBCPY drivers/firmware/efi/libstub/pci.stub.o
  STUBCPY drivers/firmware/efi/libstub/primary_display.stub.o
  STUBCPY drivers/firmware/efi/libstub/printk.stub.o
  STUBCPY drivers/firmware/efi/libstub/random.stub.o
  STUBCPY drivers/firmware/efi/libstub/randomalloc.stub.o
  STUBCPY drivers/firmware/efi/libstub/riscv-stub.stub.o
  STUBCPY drivers/firmware/efi/libstub/riscv.stub.o
  STUBCPY drivers/firmware/efi/libstub/secureboot.stub.o
  STUBCPY drivers/firmware/efi/libstub/skip_spaces.stub.o
  STUBCPY drivers/firmware/efi/libstub/string.stub.o
  STUBCPY drivers/firmware/efi/libstub/vsprintf.stub.o
  AR      lib/built-in.a
  STUBCPY drivers/firmware/efi/libstub/systable.stub.o
  STUBCPY drivers/firmware/efi/libstub/tpm.stub.o
  AR      drivers/firmware/efi/libstub/lib.a
  AR      drivers/firmware/built-in.a
  AR      drivers/built-in.a
  AR      fs/proc/built-in.a
  AR      fs/built-in.a
  AR      built-in.a
  AR      built-in-fixup.a
  COPY    vmlinux.a
  LD      vmlinux.o
  MODPOST vmlinux.symvers
  CC      .vmlinux.export.o
  UPD     include/generated/utsversion.h
  CC      init/version-timestamp.o
  LD      vmlinux.unstripped
  NM      System.map
  SORTTAB vmlinux.unstripped
  OBJCOPY vmlinux
  GEN     modules.builtin.modinfo
  GEN     modules.builtin
  OBJCOPY arch/riscv/boot/Image
  Kernel: arch/riscv/boot/Image is ready
make[4]: Leaving directory '/home/benni/git/kernel-test-stable-rc/build/rand500config-riscv'
make[3]: Leaving directory '/home/benni/git/linux-stable-rc'
