make[4]: Entering directory '/mnt/git-volume/linux-mainline'
make[5]: Entering directory '/mnt/git-volume/kernel-test-mainline/build/rand500config-arm64'
#
# configuration written to .config
#
Using .config as base
Merging /mnt/git-volume/linux-mainline/kernel/configs/tiny.config
Value of CONFIG_CC_OPTIMIZE_FOR_SIZE is redefined by fragment /mnt/git-volume/linux-mainline/kernel/configs/tiny.config:
Previous value: # CONFIG_CC_OPTIMIZE_FOR_SIZE is not set
New value: CONFIG_CC_OPTIMIZE_FOR_SIZE=y

Value of CONFIG_SLUB_TINY is redefined by fragment /mnt/git-volume/linux-mainline/kernel/configs/tiny.config:
Previous value: # CONFIG_SLUB_TINY is not set
New value: CONFIG_SLUB_TINY=y

#
# merged configuration written to .config (needs make)
#
#
# configuration written to .config
#
make[5]: Leaving directory '/mnt/git-volume/kernel-test-mainline/build/rand500config-arm64'
make[4]: Leaving directory '/mnt/git-volume/linux-mainline'
make[4]: Entering directory '/mnt/git-volume/linux-mainline'
make[5]: Entering directory '/tmp/tmp.TR6XxD4dxe'
  UPD     /tmp/tmp.TR6XxD4dxe/Makefile
  HOSTCC  scripts/basic/fixdep
  HOSTCC  scripts/kconfig/conf.o
  HOSTCC  scripts/kconfig/confdata.o
  HOSTCC  scripts/kconfig/expr.o
  LEX     scripts/kconfig/lexer.lex.c
  YACC    scripts/kconfig/parser.tab.[ch]
  HOSTCC  scripts/kconfig/lexer.lex.o
  HOSTCC  scripts/kconfig/menu.o
  HOSTCC  scripts/kconfig/parser.tab.o
  HOSTCC  scripts/kconfig/preprocess.o
  HOSTCC  scripts/kconfig/symbol.o
  HOSTCC  scripts/kconfig/util.o
  HOSTLD  scripts/kconfig/conf
KCONFIG_SEED=0xAFC44C1D
#
# configuration written to .config
#
make[5]: Leaving directory '/tmp/tmp.TR6XxD4dxe'
make[4]: Leaving directory '/mnt/git-volume/linux-mainline'
make[4]: Entering directory '/mnt/git-volume/linux-mainline'
make[5]: Entering directory '/tmp/tmp.TR6XxD4dxe'
.config:9723:warning: override: reassigning to symbol PRINTK
.config:9727:warning: override: reassigning to symbol TTY
.config:9730:warning: override: reassigning to symbol BLK_DEV_INITRD
.config:9731:warning: override: reassigning to symbol RD_GZIP
.config:9734:warning: override: reassigning to symbol BINFMT_ELF
.config:9735:warning: override: reassigning to symbol BINFMT_SCRIPT
.config:9738:warning: override: reassigning to symbol TMPFS
.config:9741:warning: override: reassigning to symbol KERNEL_GZIP
.config:9752:warning: override: reassigning to symbol KERNEL_ZSTD
.config:9755:warning: override: reassigning to symbol MODULES
.config:9758:warning: override: reassigning to symbol DRM
.config:9759:warning: override: reassigning to symbol SOUND
.config:9760:warning: override: reassigning to symbol STAGING
.config:9762:warning: override: reassigning to symbol MEDIA_SUPPORT
.config:9768:warning: override: reassigning to symbol KCOV
.config:9769:warning: override: reassigning to symbol KASAN
.config:9772:warning: override: reassigning to symbol KFENCE
.config:9773:warning: override: reassigning to symbol UBSAN
.config:9778:warning: override: reassigning to symbol RCU_TORTURE_TEST
.config:9779:warning: override: reassigning to symbol LOCK_TORTURE_TEST
.config:9786:warning: override: reassigning to symbol KUNIT
#
# configuration written to .config
#
make[5]: Leaving directory '/tmp/tmp.TR6XxD4dxe'
make[4]: Leaving directory '/mnt/git-volume/linux-mainline'
make[4]: Entering directory '/mnt/git-volume/linux-mainline'
make[5]: Entering directory '/mnt/git-volume/kernel-test-mainline/build/rand500config-arm64'
.config:1543:warning: override: reassigning to symbol HAVE_DYNAMIC_FTRACE_WITH_ARGS
.config:1548:warning: override: reassigning to symbol ARCH_WANT_FRAME_POINTERS
.config:1549:warning: override: reassigning to symbol SPLIT_PTE_PTLOCKS
.config:1551:warning: override: reassigning to symbol HAVE_ASM_MODVERSIONS
.config:1554:warning: override: reassigning to symbol CMA
.config:1562:warning: override: reassigning to symbol ARCH_REALTEK
.config:1573:warning: override: reassigning to symbol PER_VMA_LOCK
.config:1574:warning: override: reassigning to symbol COMPILE_TEST
.config:1577:warning: override: reassigning to symbol DMA_RESTRICTED_POOL
.config:1581:warning: override: reassigning to symbol PHYS_ADDR_T_64BIT
.config:1613:warning: override: reassigning to symbol MHI_BUS_EP
.config:1627:warning: override: reassigning to symbol BITREVERSE
.config:1629:warning: override: reassigning to symbol PERCPU_STATS
.config:1630:warning: override: reassigning to symbol KGDB
.config:1643:warning: override: reassigning to symbol ARM64_ERRATUM_858921
.config:1644:warning: override: reassigning to symbol HAVE_DYNAMIC_FTRACE
.config:1651:warning: override: reassigning to symbol GENERIC_IRQ_KEXEC_CLEAR_VM_FORWARD
.config:1657:warning: override: reassigning to symbol HAVE_DMA_CONTIGUOUS
.config:1661:warning: override: reassigning to symbol GENERIC_IRQ_EFFECTIVE_AFF_MASK
.config:1671:warning: override: reassigning to symbol ARM_FFA_TRANSPORT
.config:1674:warning: override: reassigning to symbol BOOT_CONFIG
.config:1678:warning: override: reassigning to symbol THREAD_INFO_IN_TASK
.config:1686:warning: override: reassigning to symbol ARCH_HAS_PTDUMP
.config:1691:warning: override: reassigning to symbol SECRETMEM
.config:1711:warning: override: reassigning to symbol PAGE_SIZE_LESS_THAN_256KB
.config:1719:warning: override: reassigning to symbol UNMAP_KERNEL_AT_EL0
.config:1723:warning: override: reassigning to symbol CC_HAS_WORKING_NOSANITIZE_ADDRESS
.config:1725:warning: override: reassigning to symbol FUNCTION_ALIGNMENT_4B
.config:1728:warning: override: reassigning to symbol CAVIUM_ERRATUM_23154
.config:1729:warning: override: reassigning to symbol ARCH_SUPPORTS_LTO_CLANG
.config:1734:warning: override: reassigning to symbol ARCH_HAS_DEBUG_VIRTUAL
.config:1752:warning: override: reassigning to symbol CC_HAS_AUTO_VAR_INIT_PATTERN
.config:1753:warning: override: reassigning to symbol DEBUG_DRIVER
.config:1759:warning: override: reassigning to symbol CONTEXT_TRACKING_IDLE
.config:1761:warning: override: reassigning to symbol HAVE_CLK_PREPARE
.config:1764:warning: override: reassigning to symbol DEVTMPFS
.config:1781:warning: override: reassigning to symbol CPUMASK_OFFSTACK
.config:1783:warning: override: reassigning to symbol ARCH_SUSPEND_POSSIBLE
.config:1790:warning: override: reassigning to symbol DMA_COHERENT_POOL
.config:1791:warning: override: reassigning to symbol UNICODE
.config:1798:warning: override: reassigning to symbol GENERIC_GETTIMEOFDAY
.config:1801:warning: override: reassigning to symbol ARCH_HAS_BATCHED_DMA_SYNC
.config:1803:warning: override: reassigning to symbol GCC_SUPPORTS_DYNAMIC_FTRACE_WITH_ARGS
.config:1818:warning: override: reassigning to symbol ARM64_ERRATUM_2077057
.config:1829:warning: override: reassigning to symbol UIO
.config:1838:warning: override: reassigning to symbol VHOST_MENU
.config:1850:warning: override: reassigning to symbol ARCH_SUPPORTS_PER_VMA_LOCK
.config:1877:warning: override: reassigning to symbol HAVE_NMI
.config:1884:warning: override: reassigning to symbol HAVE_LIVEPATCH
.config:1898:warning: override: reassigning to symbol INIT_STACK_NONE
.config:1901:warning: override: reassigning to symbol HAVE_FUNCTION_ARG_ACCESS_API
.config:1906:warning: override: reassigning to symbol ARCH_WANTS_NO_INSTR
.config:1913:warning: override: reassigning to symbol COMMON_CLK_FIXED_MMIO
.config:1917:warning: override: reassigning to symbol ARCH_DMA_ADDR_T_64BIT
.config:1922:warning: override: reassigning to symbol ARCH_HAVE_ELF_PROT
.config:1927:warning: override: reassigning to symbol C2PORT
.config:1932:warning: override: reassigning to symbol LOCK_STAT
.config:1935:warning: override: reassigning to symbol ARCH_WANTS_EXECMEM_LATE
.config:1950:warning: override: reassigning to symbol RSEQ
.config:1952:warning: override: reassigning to symbol ARCH_HAS_DEBUG_WX
.config:1954:warning: override: reassigning to symbol DEBUG_MUTEXES
.config:1957:warning: override: reassigning to symbol DEBUG_LOCKING_API_SELFTESTS
.config:1975:warning: override: reassigning to symbol ARCH_USE_QUEUED_SPINLOCKS
.config:1992:warning: override: reassigning to symbol HW_RANDOM
.config:2008:warning: override: reassigning to symbol HAVE_ARCH_SECCOMP_FILTER
.config:2013:warning: override: reassigning to symbol ARCH_THUNDER
.config:2024:warning: override: reassigning to symbol MMC
.config:2032:warning: override: reassigning to symbol REMOTEPROC
.config:2038:warning: override: reassigning to symbol ARCH_HAS_NMI_SAFE_THIS_CPU_OPS
.config:2054:warning: override: reassigning to symbol PRINTK
.config:2058:warning: override: reassigning to symbol TTY
.config:2061:warning: override: reassigning to symbol BLK_DEV_INITRD
.config:2062:warning: override: reassigning to symbol RD_GZIP
.config:2065:warning: override: reassigning to symbol BINFMT_ELF
.config:2066:warning: override: reassigning to symbol BINFMT_SCRIPT
#
# configuration written to .config
#
make[5]: Leaving directory '/mnt/git-volume/kernel-test-mainline/build/rand500config-arm64'
make[4]: Leaving directory '/mnt/git-volume/linux-mainline'
make[4]: Entering directory '/mnt/git-volume/linux-mainline'
make[5]: Entering directory '/mnt/git-volume/kernel-test-mainline/build/rand500config-arm64'
  SYNC    include/config/auto.conf.cmd
  CC      scripts/mod/empty.o
  CC      scripts/mod/devicetable-offsets.s
  MKELF   scripts/mod/elfconfig.h
  HOSTCC  scripts/mod/modpost.o
  HOSTCC  scripts/mod/sumversion.o
  HOSTCC  scripts/mod/symsearch.o
  HOSTCC  scripts/mod/file2alias.o
  HOSTLD  scripts/mod/modpost
  CC      kernel/bounds.s
  UPD     include/generated/bounds.h
  CC      arch/arm64/kernel/asm-offsets.s
  UPD     include/generated/asm-offsets.h
  CC      kernel/sched/rq-offsets.s
  UPD     include/generated/rq-offsets.h
  CALL    /mnt/git-volume/linux-mainline/scripts/checksyscalls.sh 
  LDS     arch/arm64/kernel/vdso/vdso.lds
  CC      arch/arm64/kernel/vdso/vgettimeofday.o
  AS      arch/arm64/kernel/vdso/note.o
  AS      arch/arm64/kernel/vdso/sigreturn.o
  CC      arch/arm64/kernel/vdso/vgetrandom.o
  AS      arch/arm64/kernel/vdso/vgetrandom-chacha.o
  LD      arch/arm64/kernel/vdso/vdso.so.dbg
  VDSOSYM include/generated/vdso-offsets.h
  OBJCOPY arch/arm64/kernel/vdso/vdso.so
  GEN     usr/initramfs_data.cpio
  COPY    usr/initramfs_inc_data
  CC      init/main.o
  AS      usr/initramfs_data.o
  AR      usr/built-in.a
  CC      arch/arm64/kernel/debug-monitors.o
  CC      kernel/fork.o
  CC      mm/filemap.o
  AS      arch/arm64/kernel/entry.o
  CC      arch/arm64/kernel/irq.o
  UPD     init/utsversion-tmp.h
  CC      init/do_mounts.o
  CC      arch/arm64/kernel/fpsimd.o
  CC      kernel/exec_domain.o
  CC      mm/mempool.o
  CC      init/do_mounts_initrd.o
  CC      arch/arm64/kernel/entry-common.o
  CC      kernel/exec_state.o
  CC      mm/oom_kill.o
  CC      kernel/panic.o
  CC      init/initramfs.o
  CC      arch/arm64/kernel/process.o
  CC      kernel/cpu.o
  CC      mm/fadvise.o
  CC      init/calibrate.o
  CC      init/init_task.o
  CC      arch/arm64/kernel/ptrace.o
  CC      mm/maccess.o
  CC      kernel/exit.o
  CC      init/version.o
  CC      arch/arm64/kernel/setup.o
  CC      mm/page-writeback.o
  AR      init/built-in.a
  CC      fs/open.o
  CC      arch/arm64/kernel/signal.o
  CC      kernel/softirq.o
  CC      mm/folio-compat.o
  CC      kernel/resource.o
  CC      fs/read_write.o
  CC      arch/arm64/kernel/sys.o
  CC      mm/readahead.o
  CC      arch/arm64/kernel/stacktrace.o
  CC      kernel/sysctl.o
  CC      fs/file_table.o
  CC      mm/swap.o
  CC      kernel/capability.o
  CC      arch/arm64/kernel/time.o
  CC      fs/super.o
  CC      mm/truncate.o
  CC      kernel/ptrace.o
  CC      arch/arm64/kernel/traps.o
  CC      fs/char_dev.o
  CC      mm/vmscan.o
  CC      kernel/user.o
  CC      arch/arm64/kernel/io.o
  CC      fs/stat.o
  CC      kernel/signal.o
  CC      arch/arm64/kernel/vdso.o
  CC      mm/shrinker.o
  CC      fs/exec.o
  AS      arch/arm64/kernel/hyp-stub.o
  CC      arch/arm64/kernel/psci.o
  CC      kernel/sys.o
  CC      mm/shmem.o
  CC      arch/arm64/kernel/cpu_ops.o
  CC      fs/pipe.o
  CC      mm/util.o
  CC      arch/arm64/kernel/return_address.o
  CC      kernel/umh.o
  CC      fs/namei.o
  CC      arch/arm64/kernel/cpuinfo.o
  CC      mm/mmzone.o
  CC      kernel/workqueue.o
  CC      arch/arm64/kernel/cpu_errata.o
  CC      mm/vmstat.o
  CC      arch/arm64/kernel/cpufeature.o
  CC      mm/backing-dev.o
  CC      fs/fcntl.o
  CC      kernel/pid.o
  CC      mm/mm_init.o
  CC      arch/arm64/kernel/alternative.o
  CC      fs/ioctl.o
  CC      kernel/task_work.o
  CC      arch/arm64/kernel/cacheinfo.o
  CC      mm/percpu.o
  CC      fs/readdir.o
  CC      kernel/extable.o
  CC      arch/arm64/kernel/smp.o
  CC      fs/select.o
  CC      kernel/params.o
  CC      mm/slab_common.o
  CC      arch/arm64/kernel/smp_spin_table.o
  CC      fs/dcache.o
  CC      kernel/kthread.o
  CC      mm/compaction.o
  CC      arch/arm64/kernel/topology.o
  CC      kernel/sys_ni.o
  AS      arch/arm64/kernel/smccc-call.o
  CC      arch/arm64/kernel/syscall.o
  CC      mm/show_mem.o
  CC      kernel/nsproxy.o
  CC      fs/inode.o
  CC      arch/arm64/kernel/proton-pack.o
  CC      mm/interval_tree.o
  CC      kernel/nstree.o
  CC      arch/arm64/kernel/idle.o
  CC      fs/attr.o
  CC      mm/list_lru.o
  CC      arch/arm64/kernel/patching.o
  CC      kernel/nscommon.o
  CC      fs/bad_inode.o
  CC      mm/workingset.o
  CC      kernel/notifier.o
  CC      arch/arm64/kernel/pi/idreg-override.o
  CC      fs/file.o
  CC      mm/debug.o
  CC      kernel/ksysfs.o
  CC      arch/arm64/kernel/pi/map_kernel.o
  CC      kernel/cred.o
  CC      arch/arm64/kernel/pi/map_range.o
  CC      fs/filesystems.o
  CC      mm/gup.o
  CC      arch/arm64/kernel/pi/lib-fdt.o
  CC      arch/arm64/kernel/pi/lib-fdt_ro.o
  CC      fs/namespace.o
  CC      kernel/reboot.o
  OBJCOPY arch/arm64/kernel/pi/idreg-override.pi.o
  OBJCOPY arch/arm64/kernel/pi/map_kernel.pi.o
  OBJCOPY arch/arm64/kernel/pi/map_range.pi.o
  OBJCOPY arch/arm64/kernel/pi/lib-fdt.pi.o
  OBJCOPY arch/arm64/kernel/pi/lib-fdt_ro.pi.o
  AR      arch/arm64/kernel/pi/built-in.a
  CC      arch/arm64/kernel/rsi.o
  CC      mm/mmap_lock.o
  CC      arch/arm64/kernel/jump_label.o
  CC      kernel/async.o
  AS      arch/arm64/kernel/vdso-wrap.o
  AR      arch/arm64/kernel/probes/built-in.a
  AS      arch/arm64/kernel/head.o
  CC      arch/arm64/kernel/kgdb.o
  CC      kernel/range.o
  CC      mm/vma_init.o
  CC      kernel/smpboot.o
  LDS     arch/arm64/kernel/vmlinux.lds
  AR      arch/arm64/kernel/built-in.a
  CC      arch/arm64/mm/dma-mapping.o
  CC      fs/seq_file.o
  CC      kernel/ucount.o
  CC      mm/highmem.o
  CC      arch/arm64/mm/extable.o
  CC      kernel/regset.o
  CC      fs/xattr.o
  CC      arch/arm64/mm/fault.o
  CC      mm/memory.o
  CC      kernel/ksyms_common.o
  CC      arch/arm64/mm/init.o
  CC      kernel/sched/core.o
  CC      fs/libfs.o
  AS      arch/arm64/mm/cache.o
  CC      arch/arm64/mm/copypage.o
  CC      fs/fs-writeback.o
  CC      mm/mincore.o
  CC      arch/arm64/mm/flush.o
  CC      kernel/sched/fair.o
  CC      mm/mlock.o
  CC      fs/pnode.o
  CC      arch/arm64/mm/ioremap.o
  CC      fs/splice.o
  CC      arch/arm64/mm/mmap.o
  CC      mm/mmap.o
  CC      arch/arm64/mm/pgd.o
  CC      kernel/sched/build_policy.o
  CC      fs/sync.o
  CC      arch/arm64/mm/mem_encrypt.o
  CC      mm/mmu_gather.o
  CC      arch/arm64/mm/mmu.o
  CC      fs/utimes.o
  CC      mm/mprotect.o
  CC      fs/d_path.o
  CC      kernel/sched/build_utility.o
  CC      arch/arm64/mm/context.o
  CC      mm/mremap.o
  CC      fs/stack.o
  AS      arch/arm64/mm/proc.o
  CC      arch/arm64/mm/pageattr.o
  CC      fs/fs_struct.o
  CC      mm/msync.o
  CC      arch/arm64/mm/fixmap.o
  CC      fs/statfs.o
  AR      kernel/sched/built-in.a
  CC      kernel/locking/mutex.o
  CC      mm/page_vma_mapped.o
  AR      arch/arm64/mm/built-in.a
  AR      arch/arm64/built-in.a
  CC      security/commoncap.o
  CC      fs/fs_pin.o
  CC      kernel/locking/semaphore.o
  CC      mm/pagewalk.o
  CC      fs/nsfs.o
  CC      security/min_addr.o
  CC      kernel/locking/rwsem.o
  CC      mm/pgtable-generic.o
  CC      fs/fs_dirent.o
  CC      kernel/locking/percpu-rwsem.o
  AR      security/built-in.a
  AR      crypto/built-in.a
  AS      arch/arm64/lib/clear_page.o
  CC      fs/fs_context.o
  AS      arch/arm64/lib/clear_user.o
  AS      arch/arm64/lib/copy_from_user.o
  AS      arch/arm64/lib/copy_page.o
  AS      arch/arm64/lib/copy_to_user.o
  CC      arch/arm64/lib/csum.o
  CC      kernel/locking/mutex-debug.o
  CC      mm/rmap.o
  CC      arch/arm64/lib/delay.o
  CC      fs/fs_parser.o
  CC      kernel/locking/lockdep.o
  CC      arch/arm64/lib/insn.o
  AS      arch/arm64/lib/memchr.o
  AS      arch/arm64/lib/memcmp.o
  AS      arch/arm64/lib/memcpy.o
  AS      arch/arm64/lib/memset.o
  CC      mm/vmalloc.o
  AS      arch/arm64/lib/strchr.o
  AS      arch/arm64/lib/strcmp.o
  AS      arch/arm64/lib/strlen.o
  AS      arch/arm64/lib/strncmp.o
  CC      fs/fsopen.o
  AS      arch/arm64/lib/strnlen.o
  AS      arch/arm64/lib/strrchr.o
  AS      arch/arm64/lib/tishift.o
  AR      arch/arm64/lib/lib.a
  CC      kernel/locking/spinlock.o
  CC      lib/argv_split.o
  CC      fs/init.o
  CC      lib/buildid.o
  CC      kernel/locking/osq_lock.o
  CC      kernel/locking/qspinlock.o
  CC      mm/vma.o
  CC      fs/kernel_read_file.o
  CC      lib/cmdline.o
  CC      lib/cpumask.o
  CC      kernel/locking/spinlock_debug.o
  CC      fs/mnt_idmapping.o
  CC      lib/ctype.o
  CC      lib/dec_and_lock.o
  CC      kernel/locking/qrwlock.o
  CC      lib/decompress.o
  CC      lib/decompress_bunzip2.o
  CC      fs/remap_range.o
  CC      mm/vma_exec.o
  AR      kernel/locking/built-in.a
  CC      kernel/power/qos.o
  CC      lib/decompress_inflate.o
  CC      mm/mseal.o
  CC      fs/pidfs.o
  CC      lib/decompress_unlz4.o
  CC      kernel/power/poweroff.o
  AR      kernel/power/built-in.a
  CC      kernel/printk/printk.o
  CC      lib/decompress_unlzma.o
  CC      mm/page_alloc.o
  CC      fs/file_attr.o
  CC      lib/decompress_unlzo.o
  CC      fs/fserror.o
  CC      kernel/printk/printk_safe.o
  CC      lib/decompress_unxz.o
  CC      fs/nullfs.o
  CC      mm/page_frag_cache.o
  CC      kernel/printk/nbcon.o
  CC      lib/decompress_unzstd.o
  CC      kernel/printk/printk_ringbuffer.o
  CC      fs/anon_inodes.o
  CC      lib/dump_stack.o
  CC      mm/init-mm.o
  AR      kernel/printk/built-in.a
  CC      kernel/irq/irqdesc.o
  CC      lib/earlycpio.o
  CC      fs/binfmt_script.o
  CC      lib/extable.o
  CC      mm/memblock.o
  CC      fs/binfmt_elf.o
  CC      lib/fdt.o
  CC      kernel/irq/handle.o
  CC      lib/fdt_addresses.o
  CC      lib/fdt_empty_tree.o
  CC      lib/fdt_ro.o
  CC      lib/fdt_rw.o
  CC      mm/slub.o
  CC      lib/fdt_strerror.o
  CC      lib/fdt_sw.o
  CC      kernel/irq/manage.o
  CC      lib/fdt_wip.o
  CC      lib/flex_proportions.o
  AR      fs/quota/built-in.a
  CC      fs/devpts/inode.o
  CC      lib/idr.o
  AR      fs/devpts/built-in.a
  CC      lib/iomem_copy.o
  CC      fs/ramfs/inode.o
  CC      kernel/irq/spurious.o
  CC      lib/irq_regs.o
  CC      mm/dmapool.o
  CC      kernel/irq/resend.o
  CC      lib/is_single_threaded.o
  CC      fs/ramfs/file-mmu.o
  CC      lib/klist.o
  CC      mm/sparse.o
  CC      kernel/irq/chip.o
  CC      lib/kobject.o
  AR      fs/ramfs/built-in.a
  CC      fs/unicode/utf8-norm.o
  CC      lib/kobject_uevent.o
  CC      mm/sparse-vmemmap.o
  CC      fs/unicode/utf8-core.o
  CC      kernel/irq/dummychip.o
  COPY    fs/unicode/utf8data.c
  CC      fs/unicode/utf8data.o
  CC      kernel/irq/devres.o
  CC      lib/logic_pio.o
  CC      mm/migrate.o
  AR      fs/unicode/built-in.a
  AR      fs/built-in.a
  CC      drivers/irqchip/irqchip.o
  CC      kernel/irq/kexec.o
  CC      lib/maple_tree.o
  CC      kernel/irq/generic-chip.o
  CC      drivers/irqchip/irq-gic.o
  CC      mm/page_isolation.o
  CC      kernel/irq/autoprobe.o
  CC      drivers/irqchip/irq-gic-common.o
  CC      mm/early_ioremap.o
  CC      lib/memcat_p.o
  CC      kernel/irq/irqdomain.o
  CC      drivers/irqchip/irq-msi-lib.o
  CC      lib/nmi_backtrace.o
  CC      mm/cma.o
  CC      drivers/irqchip/irq-gic-v3.o
  CC      kernel/irq/msi.o
  CC      lib/objpool.o
  CC      mm/secretmem.o
  CC      drivers/irqchip/irq-gic-v3-mbi.o
  CC      lib/plist.o
  CC      lib/radix-tree.o
  CC      kernel/irq/ipi.o
  CC      mm/percpu-stats.o
  CC      drivers/irqchip/irq-gic-its-msi-parent.o
  CC      kernel/irq/affinity.o
  CC      lib/ratelimit.o
  CC      mm/ioremap.o
  CC      lib/rbtree.o
  AR      kernel/irq/built-in.a
  CC      kernel/rcu/update.o
  CC      drivers/irqchip/irq-gic-v3-its.o
  CC      lib/seq_buf.o
  AR      mm/built-in.a
  CC      kernel/rcu/sync.o
  CC      kernel/rcu/srcutree.o
  CC      kernel/rcu/tree.o
  CC      lib/siphash.o
  CC      lib/string.o
  CC      kernel/rcu/rcu_segcblist.o
  CC      lib/sys_info.o
  CC      drivers/irqchip/irq-gic-v4.o
  CC      drivers/irqchip/irq-gic-v5.o
  CC      lib/timerqueue.o
  AR      kernel/rcu/built-in.a
  CC      kernel/dma/mapping.o
  CC      kernel/dma/direct.o
  CC      lib/vsprintf.o
  CC      drivers/irqchip/irq-gic-v5-irs.o
  CC      kernel/dma/coherent.o
  CC      kernel/dma/swiotlb.o
  CC      lib/win_minmax.o
  CC      drivers/irqchip/irq-gic-v5-its.o
  CC      kernel/dma/pool.o
  CC      kernel/dma/remap.o
  CC      lib/xarray.o
  CC      drivers/irqchip/irq-gic-v5-iwb.o
  AR      kernel/dma/built-in.a
  CC      kernel/entry/common.o
  CC      lib/lockref.o
  CC      kernel/stacktrace.o
  CC      lib/bcd.o
  CC      lib/sort.o
  CC      drivers/irqchip/irq-pic32-evic.o
  CC      lib/parser.o
  AR      kernel/entry/built-in.a
  CC      drivers/bus/simple-pm-bus.o
  CC      kernel/time/time.o
  CC      lib/debug_locks.o
  CC      lib/random32.o
  CC      drivers/bus/mhi/ep/main.o
  AR      drivers/irqchip/built-in.a
  CC      drivers/phy/phy-core.o
  CC      kernel/time/timer.o
  CC      lib/bust_spinlocks.o
  CC      lib/kasprintf.o
  CC      drivers/phy/phy-econet-pcie.o
  CC      drivers/bus/mhi/ep/mmio.o
  CC      kernel/time/hrtimer.o
  CC      lib/bitmap.o
  AR      drivers/phy/broadcom/built-in.a
  CC      drivers/phy/eswin/phy-eic7700-sata.o
  CC      drivers/bus/mhi/ep/ring.o
  CC      lib/scatterlist.o
  CC      kernel/time/sleep_timeout.o
  CC      drivers/bus/mhi/ep/sm.o
  CC      kernel/time/timekeeping.o
  AR      drivers/phy/eswin/built-in.a
  CC      drivers/phy/marvell/phy-armada38x-comphy.o
  CC      lib/list_sort.o
  CC      lib/uuid.o
  CC      lib/iov_iter.o
  AR      drivers/bus/mhi/ep/built-in.a
  AR      drivers/bus/mhi/built-in.a
  CC      drivers/bus/imx-weim.o
  CC      drivers/phy/marvell/phy-berlin-sata.o
  CC      kernel/time/ntp.o
  AR      drivers/bus/built-in.a
  AR      drivers/leds/built-in.a
  CC      drivers/pci/of.o
  AR      drivers/phy/marvell/built-in.a
  AR      drivers/phy/mediatek/built-in.a
  CC      lib/clz_ctz.o
  CC      drivers/phy/qualcomm/phy-qcom-pcie2.o
  CC      kernel/time/clocksource.o
  CC      lib/bsearch.o
  AR      drivers/pci/built-in.a
  CC      drivers/video/console/dummycon.o
  CC      kernel/time/jiffies.o
  CC      lib/find_bit.o
  CC      drivers/phy/qualcomm/phy-qcom-usb-ss.o
  AR      drivers/video/console/built-in.a
  AR      drivers/video/backlight/built-in.a
  AR      drivers/video/fbdev/built-in.a
  AR      drivers/video/built-in.a
  CC      lib/llist.o
  CC      drivers/char/ipmi/kcs_bmc.o
  CC      lib/lwq.o
  CC      kernel/time/timer_list.o
  CC      lib/memweight.o
  CC      drivers/char/ipmi/kcs_bmc_npcm7xx.o
  CC      lib/kfifo.o
  AR      drivers/phy/qualcomm/built-in.a
  AR      drivers/phy/renesas/built-in.a
  CC      drivers/phy/rockchip/phy-rockchip-inno-hdmi.o
  CC      kernel/time/timeconv.o
  AR      drivers/char/ipmi/built-in.a
  CC      drivers/amba/bus.o
  CC      lib/percpu-refcount.o
  CC      kernel/time/timecounter.o
  CC      kernel/time/alarmtimer.o
  AR      drivers/phy/rockchip/built-in.a
  CC      drivers/phy/st/phy-miphy28lp.o
  CC      lib/rhashtable.o
  AR      drivers/amba/built-in.a
  CC      kernel/time/posix-stubs.o
  CC      drivers/clk/clk-devres.o
  AR      drivers/phy/st/built-in.a
  AR      drivers/phy/tegra/built-in.a
  CC      drivers/phy/ti/phy-omap-control.o
  CC      drivers/clk/clk-bulk.o
  CC      lib/base64.o
  CC      kernel/time/clockevents.o
  CC      drivers/phy/ti/phy-da8xx-usb.o
  CC      lib/once.o
  CC      drivers/clk/clkdev.o
  CC      lib/refcount.o
  CC      kernel/time/tick-common.o
  CC      drivers/phy/ti/phy-ti-pipe3.o
  CC      drivers/clk/clk.o
  CC      lib/rcuref.o
  CC      lib/usercopy.o
  CC      kernel/time/tick-broadcast.o
  CC      lib/errseq.o
  AR      drivers/phy/ti/built-in.a
  CC      lib/bucket_locks.o
  CC      drivers/phy/xilinx/phy-zynqmp.o
  CC      kernel/time/sched_clock.o
  CC      drivers/clk/clk-divider.o
  CC      lib/generic-radix-tree.o
  AR      drivers/phy/xilinx/built-in.a
  AR      drivers/phy/built-in.a
  AR      drivers/soc/fsl/built-in.a
  CC      drivers/soc/loongson/loongson2_guts.o
  CC      kernel/time/vsyscall.o
  CC      lib/bitmap-str.o
  CC      drivers/clk/clk-fixed-factor.o
  AR      kernel/time/built-in.a
  CC      kernel/smp.o
  AR      drivers/soc/loongson/built-in.a
  CC      drivers/soc/mediatek/mtk-regulator-coupler.o
  CC      lib/string_helpers.o
  CC      drivers/clk/clk-fixed-rate.o
  CC      drivers/clk/clk-gate.o
  AR      drivers/soc/mediatek/built-in.a
  CC      drivers/soc/qcom/qcom-geni-se.o
  CC      kernel/kallsyms.o
  CC      lib/hexdump.o
  CC      lib/kstrtox.o
  CC      drivers/clk/clk-multiplier.o
  CC      lib/math/div64.o
  CC      lib/math/gcd.o
  CC      drivers/soc/qcom/ramp_controller.o
  CC      lib/math/lcm.o
  CC      kernel/stop_machine.o
  CC      lib/math/int_log.o
  CC      drivers/clk/clk-mux.o
  CC      lib/math/int_pow.o
  CC      lib/math/int_sqrt.o
  CC      lib/math/reciprocal_div.o
  CC      lib/math/rational.o
  CC      drivers/soc/qcom/rpm_master_stats.o
  CC      drivers/clk/clk-composite.o
  CC      kernel/debug/debug_core.o
  AR      lib/math/built-in.a
  CC      lib/crc/crc32-main.o
  AR      drivers/soc/qcom/built-in.a
  AR      drivers/soc/ti/built-in.a
  CC      drivers/soc/versatile/soc-integrator.o
  AR      lib/crc/built-in.a
  CC      lib/crypto/blake2s.o
  CC      drivers/clk/clk-fractional-divider.o
  CC      kernel/debug/gdbstub.o
  AR      drivers/soc/versatile/built-in.a
  AR      drivers/soc/built-in.a
  CC      lib/crypto/chacha-block-generic.o
  CC      drivers/virtio/virtio.o
  AR      lib/crypto/built-in.a
  CC      lib/vdso/datastore.o
  CC      drivers/clk/clk-gpio.o
  CC      drivers/virtio/virtio_ring.o
  AR      kernel/debug/built-in.a
  CC      kernel/irq_work.o
  AR      lib/vdso/built-in.a
  CC      lib/iomap_copy.o
  CC      drivers/clk/clk-conf.o
  CC      kernel/jump_label.o
  CC      lib/devres.o
  CC      drivers/clk/clk-eyeq.o
  CC      drivers/virtio/virtio_anchor.o
  CC      kernel/context_tracking.o
  CC      lib/cache_maint.o
  CC      drivers/clk/clk-fixed-mmio.o
  AR      drivers/virtio/built-in.a
  AR      drivers/clk/actions/built-in.a
  CC      drivers/clk/bcm/clk-iproc-armpll.o
  CC      lib/hweight.o
  CC      lib/linear_ranges.o
  CC      kernel/iomem.o
  CC      drivers/clk/imx/clk.o
  CC      drivers/clk/bcm/clk-iproc-pll.o
  CC      lib/xxhash.o
  CC      kernel/rseq.o
  CC      drivers/clk/imx/clk-busy.o
  CC      lib/genalloc.o
  CC      drivers/clk/bcm/clk-iproc-asiu.o
  CC      drivers/clk/imx/clk-composite-7ulp.o
  AR      kernel/built-in.a
  CC      drivers/clk/imx/clk-composite-8m.o
  CC      drivers/clk/bcm/clk-ns2.o
  CC      lib/zlib_inflate/inffast.o
  CC      drivers/clk/bcm/clk-bcm63268-timer.o
  CC      lib/zlib_inflate/inflate.o
  CC      drivers/clk/imx/clk-composite-93.o
  CC      lib/zlib_inflate/infutil.o
  CC      lib/zlib_inflate/inftrees.o
  AR      drivers/clk/bcm/built-in.a
  CC      drivers/clk/ingenic/cgu.o
  CC      drivers/clk/ingenic/pm.o
  CC      lib/zlib_inflate/inflate_syms.o
  CC      drivers/clk/imx/clk-fracn-gppll.o
  CC      drivers/clk/ingenic/jz4780-cgu.o
  CC      drivers/regulator/core.o
  AR      lib/zlib_inflate/built-in.a
  CC      lib/lzo/lzo1x_decompress_safe.o
  CC      drivers/clk/imx/clk-cpu.o
  AR      drivers/clk/ingenic/built-in.a
  AR      drivers/clk/keystone/built-in.a
  AR      lib/lzo/built-in.a
  CC      drivers/clk/mediatek/clk-mtk.o
  CC      lib/lz4/lz4_decompress.o
  CC      drivers/clk/imx/clk-divider-gate.o
  CC      drivers/clk/imx/clk-fixup-div.o
  CC      drivers/clk/mediatek/clk-pll.o
  CC      drivers/regulator/dummy.o
  AR      lib/lz4/built-in.a
  CC      lib/zstd/zstd_decompress_module.o
  CC      drivers/clk/imx/clk-fixup-mux.o
  CC      drivers/clk/mediatek/clk-gate.o
  CC      drivers/clk/imx/clk-frac-pll.o
  CC      lib/zstd/decompress/huf_decompress.o
  CC      drivers/regulator/fixed-helper.o
  CC      drivers/clk/mediatek/clk-apmixed.o
  CC      drivers/clk/imx/clk-gate2.o
  CC      lib/zstd/decompress/zstd_ddict.o
  CC      drivers/regulator/helpers.o
  CC      lib/zstd/decompress/zstd_decompress.o
  CC      drivers/clk/mediatek/clk-cpumux.o
  CC      drivers/clk/imx/clk-gate-93.o
  CC      lib/zstd/decompress/zstd_decompress_block.o
  CC      drivers/clk/mediatek/reset.o
  CC      drivers/regulator/devres.o
  CC      drivers/clk/imx/clk-gate-exclusive.o
  CC      lib/zstd/zstd_common_module.o
  CC      drivers/clk/imx/clk-pfd.o
  CC      drivers/clk/mediatek/clk-mux.o
  CC      drivers/regulator/irq_helpers.o
  CC      lib/zstd/common/debug.o
  CC      lib/zstd/common/entropy_common.o
  CC      lib/zstd/common/error_private.o
  CC      lib/zstd/common/fse_decompress.o
  CC      drivers/clk/imx/clk-pfdv2.o
  CC      lib/zstd/common/zstd_common.o
  AR      lib/zstd/built-in.a
  CC      lib/xz/xz_dec_syms.o
  CC      drivers/clk/mediatek/clk-fhctl.o
  CC      drivers/regulator/of_regulator.o
  CC      drivers/clk/imx/clk-pllv1.o
  CC      lib/xz/xz_dec_stream.o
  CC      drivers/clk/mediatek/clk-pllfh.o
  CC      drivers/clk/imx/clk-pllv2.o
  CC      lib/xz/xz_dec_lzma2.o
  CC      drivers/regulator/uniphier-regulator.o
  CC      drivers/clk/mediatek/clk-mt8188-apmixedsys.o
  CC      drivers/clk/imx/clk-pllv3.o
  CC      lib/xz/xz_dec_bcj.o
  CC      drivers/clk/imx/clk-pllv4.o
  AR      drivers/regulator/built-in.a
  CC      drivers/reset/core.o
  CC      drivers/clk/mediatek/clk-mt8188-topckgen.o
  AR      lib/xz/built-in.a
  CC      lib/percpu_counter.o
  CC      drivers/clk/imx/clk-pll14xx.o
  CC      drivers/clk/mediatek/clk-mt8188-peri_ao.o
  AR      drivers/reset/spacemit/built-in.a
  CC      lib/syscall.o
  CC      drivers/reset/reset-mpfs.o
  CC      drivers/clk/imx/clk-sscg-pll.o
  CC      drivers/clk/mediatek/clk-mt8188-infra_ao.o
  CC      drivers/reset/reset-simple.o
  CC      lib/checksum.o
  CC      drivers/clk/imx/clk-gpr-mux.o
  CC      lib/glob.o
  CC      drivers/clk/mediatek/clk-mt8188-adsp_audio26m.o
  CC      drivers/reset/reset-brcmstb.o
  CC      drivers/clk/imx/clk-imx8mq.o
  CC      lib/strncpy_from_user.o
  CC      drivers/clk/mediatek/clk-mt8188-cam.o
  AR      drivers/reset/built-in.a
  CC      drivers/tty/tty_io.o
  CC      lib/strnlen_user.o
  AR      drivers/clk/imx/built-in.a
  CC      drivers/clk/microchip/clk-mpfs.o
  CC      drivers/clk/mediatek/clk-mt8188-ccu.o
  CC      lib/group_cpus.o
  CC      drivers/clk/mediatek/clk-mt8188-img.o
  CC      drivers/clk/microchip/clk-mpfs-ccc.o
  CC      drivers/tty/n_tty.o
  CC      lib/devmem_is_allowed.o
  CC      drivers/clk/mediatek/clk-mt8188-imp_iic_wrap.o
  AR      drivers/clk/microchip/built-in.a
  CC      drivers/clk/qcom/common.o
  CC      lib/locking-selftest.o
  CC      drivers/clk/mediatek/clk-mt8188-ipe.o
  CC      drivers/tty/tty_ioctl.o
  CC      drivers/clk/qcom/clk-regmap.o
  CC      drivers/clk/mediatek/clk-mt8188-mfg.o
  CC      drivers/clk/qcom/clk-alpha-pll.o
  CC      drivers/tty/tty_ldisc.o
  CC      drivers/clk/mediatek/clk-mt8188-vdec.o
  CC      drivers/tty/tty_buffer.o
  CC      lib/bootconfig.o
  CC      drivers/clk/qcom/clk-pll.o
  CC      drivers/clk/mediatek/clk-mt8188-vdo0.o
  CC      drivers/tty/tty_port.o
  CC      drivers/clk/qcom/clk-rcg.o
  CC      drivers/clk/mediatek/clk-mt8188-vdo1.o
  CC      lib/parman.o
  CC      drivers/clk/mediatek/clk-mt8188-venc.o
  CC      drivers/clk/qcom/clk-rcg2.o
  CC      drivers/tty/tty_mutex.o
  AR      lib/lib.a
  AR      lib/built-in.a
  CC      drivers/tty/tty_ldsem.o
  CC      drivers/clk/mediatek/clk-mt8188-vpp0.o
  CC      drivers/tty/tty_baudrate.o
  CC      drivers/tty/tty_jobctrl.o
  CC      drivers/clk/qcom/clk-branch.o
  CC      drivers/clk/mediatek/clk-mt8188-vpp1.o
  CC      drivers/tty/n_null.o
  CC      drivers/tty/pty.o
  CC      drivers/clk/qcom/clk-regmap-divider.o
  CC      drivers/clk/mediatek/clk-mt8188-wpe.o
  CC      drivers/clk/qcom/clk-regmap-mux.o
  CC      drivers/tty/vt/vt_ioctl.o
  CC      drivers/tty/vt/vc_screen.o
  CC      drivers/clk/qcom/clk-regmap-mux-div.o
  AR      drivers/clk/mediatek/built-in.a
  AR      drivers/clk/ralink/built-in.a
  CC      drivers/clk/sophgo/clk-sg2044.o
  CC      drivers/tty/vt/selection.o
  CC      drivers/clk/qcom/clk-regmap-phy-mux.o
  CC      drivers/tty/vt/keyboard.o
  AR      drivers/clk/sophgo/built-in.a
  CC      drivers/char/mem.o
  CC      drivers/clk/qcom/clk-hfpll.o
  CC      drivers/char/random.o
  CC      drivers/clk/qcom/reset.o
  CC      drivers/char/misc.o
  CC      drivers/tty/vt/vt.o
  CC      drivers/clk/qcom/gdsc.o
  CC      drivers/char/hw_random/core.o
  AR      drivers/clk/spacemit/built-in.a
  AR      drivers/clk/starfive/built-in.a
  CC      drivers/clk/uniphier/clk-uniphier-core.o
  CC      drivers/clk/qcom/gcc-glymur.o
  CC      drivers/clk/uniphier/clk-uniphier-cpugear.o
  CC      drivers/char/hw_random/airoha-trng.o
  CC      drivers/tty/vt/defkeymap.o
  CC      drivers/tty/vt/consolemap.o
  CC      drivers/clk/qcom/videocc-glymur.o
  CC      drivers/clk/uniphier/clk-uniphier-fixed-factor.o
  CC      drivers/char/hw_random/atmel-rng.o
  CC      drivers/clk/qcom/gcc-x1e80100.o
  CC      drivers/clk/uniphier/clk-uniphier-fixed-rate.o
  CC      drivers/char/hw_random/ixp4xx-rng.o
  CC      drivers/tty/vt/consolemap_deftbl.o
  CC      drivers/tty/vt/ucs.o
  AR      drivers/tty/vt/built-in.a
  CC      drivers/tty/serial/serial_core.o
  CC      drivers/clk/uniphier/clk-uniphier-gate.o
  CC      drivers/clk/qcom/gpucc-x1p42100.o
  CC      drivers/char/hw_random/omap-rng.o
  CC      drivers/clk/uniphier/clk-uniphier-mux.o
  CC      drivers/clk/qcom/videocc-x1p42100.o
  CC      drivers/char/hw_random/omap3-rom-rng.o
  CC      drivers/tty/serial/serial_base_bus.o
  CC      drivers/clk/uniphier/clk-uniphier-sys.o
  CC      drivers/clk/uniphier/clk-uniphier-mio.o
  CC      drivers/clk/uniphier/clk-uniphier-peri.o
  AR      drivers/clk/uniphier/built-in.a
  CC      drivers/clk/qcom/apss-ipq-pll.o
  CC      drivers/char/hw_random/mxc-rnga.o
  CC      drivers/char/hw_random/imx-rngc.o
  CC      drivers/tty/serial/serial_ctrl.o
  CC      drivers/char/hw_random/ingenic-rng.o
  CC      drivers/clk/qcom/apss-ipq5424.o
  CC      drivers/char/hw_random/ingenic-trng.o
  CC      drivers/tty/serial/serial_port.o
  CC      drivers/tty/serial/earlycon.o
  CC      drivers/clk/qcom/gcc-ipq5424.o
  CC      drivers/char/hw_random/nomadik-rng.o
  CC      drivers/clk/clk-loongson2.o
  CC      drivers/clk/qcom/nsscc-ipq5424.o
  CC      drivers/char/hw_random/hisi-rng.o
  CC      drivers/tty/serial/amba-pl011.o
  CC      drivers/tty/serial/liteuart.o
  CC      drivers/char/hw_random/bcm2835-rng.o
  CC      drivers/clk/qcom/gcc-msm8660.o
  CC      drivers/tty/serial/mps2-uart.o
  CC      drivers/char/hw_random/bcm74110-rng.o
  CC      drivers/clk/qcom/gcc-msm8960.o
  CC      drivers/tty/serial/kgdboc.o
  CC      drivers/char/hw_random/iproc-rng200.o
  CC      drivers/char/hw_random/xgene-rng.o
  CC      drivers/clk/qcom/gcc-msm8996.o
  AR      drivers/tty/serial/built-in.a
  CC      drivers/tty/sysrq.o
  CC      drivers/clk/qcom/mmcc-msm8960.o
  CC      drivers/char/hw_random/stm32-rng.o
  CC      drivers/base/component.o
  AR      drivers/tty/built-in.a
  CC      drivers/misc/c2port/core.o
  CC      drivers/clk/qcom/mmcc-msm8996.o
  CC      drivers/char/hw_random/ks-sa-rng.o
  CC      drivers/base/core.o
  AR      drivers/misc/c2port/built-in.a
  AR      drivers/misc/eeprom/built-in.a
  AR      drivers/misc/built-in.a
  CC      drivers/mfd/syscon.o
  CC      drivers/clk/qcom/gcc-qcs615.o
  CC      drivers/char/hw_random/arm_smccc_trng.o
  CC      drivers/mfd/altera-sysmgr.o
  CC      drivers/char/hw_random/rockchip-rng.o
  CC      drivers/clk/qcom/gpucc-qcs615.o
  AR      drivers/mfd/built-in.a
  AR      drivers/dax/built-in.a
  CC      drivers/uio/uio.o
  AR      drivers/char/hw_random/built-in.a
  AR      drivers/char/built-in.a
  CC      drivers/clk/qcom/gcc-qdu1000.o
  CC      drivers/base/bus.o
  CC      drivers/input/serio/serio.o
  CC      drivers/clk/qcom/dispcc-sc7280.o
  CC      drivers/base/dd.o
  AR      drivers/uio/built-in.a
  CC      drivers/clk/qcom/gcc-sa8775p.o
  CC      drivers/input/serio/serport.o
  CC      drivers/input/input.o
  CC      drivers/clk/qcom/gcc-sc7280.o
  CC      drivers/base/syscore.o
  CC      drivers/input/serio/libps2.o
  CC      drivers/clk/qcom/videocc-sc7280.o
  CC      drivers/input/input-compat.o
  CC      drivers/base/driver.o
  CC      drivers/input/serio/ps2mult.o
  CC      drivers/clk/qcom/gcc-sm6125.o
  CC      drivers/base/class.o
  CC      drivers/input/input-mt.o
  AR      drivers/input/serio/built-in.a
  AR      drivers/i2c/busses/built-in.a
  AR      drivers/i2c/built-in.a
  AR      drivers/i3c/built-in.a
  CC      drivers/clk/qcom/gcc-sm6375.o
  CC      drivers/power/reset/regulator-poweroff.o
  CC      drivers/input/input-poller.o
  CC      drivers/base/platform.o
  CC      drivers/clk/qcom/gcc-sm8150.o
  CC      drivers/input/ff-core.o
  AR      drivers/power/reset/built-in.a
  CC      drivers/power/supply/power_supply_core.o
  CC      drivers/base/cpu.o
  CC      drivers/clk/qcom/gpucc-sm6125.o
  CC      drivers/input/touchscreen.o
  CC      drivers/power/supply/pm8916_lbc.o
  CC      drivers/input/touch-overlay.o
  CC      drivers/clk/qcom/gpucc-sm8150.o
  CC      drivers/base/firmware.o
  CC      drivers/power/supply/sc2731_charger.o
  CC      drivers/input/vivaldi-fmap.o
  AR      drivers/clk/qcom/built-in.a
  AR      drivers/clk/built-in.a
  CC      drivers/base/init.o
  CC      drivers/mmc/core/core.o
  CC      drivers/input/keyboard/atkbd.o
  AR      drivers/power/supply/built-in.a
  AR      drivers/power/built-in.a
  CC      drivers/firmware/arm_ffa/bus.o
  CC      drivers/base/map.o
  CC      drivers/firmware/arm_ffa/driver.o
  CC      drivers/mmc/core/bus.o
  CC      drivers/base/devres.o
  AR      drivers/input/keyboard/built-in.a
  CC      drivers/input/mouse/psmouse-base.o
  CC      drivers/base/attribute_container.o
  CC      drivers/mmc/core/host.o
  CC      drivers/input/mouse/synaptics.o
  CC      drivers/base/transport_class.o
  CC      drivers/mmc/core/mmc.o
  CC      drivers/base/topology.o
  CC      drivers/firmware/arm_ffa/smccc.o
  CC      drivers/input/mouse/focaltech.o
  AR      drivers/firmware/arm_ffa/built-in.a
  AR      drivers/firmware/imx/built-in.a
  CC      drivers/firmware/psci/psci.o
  CC      drivers/base/container.o
  CC      drivers/input/mouse/alps.o
  CC      drivers/mmc/core/mmc_ops.o
  CC      drivers/base/property.o
  AR      drivers/firmware/psci/built-in.a
  CC      drivers/firmware/smccc/smccc.o
  CC      drivers/firmware/smccc/kvm_guest.o
  CC      drivers/input/mouse/byd.o
  CC      drivers/mmc/core/sd.o
  CC      drivers/base/cacheinfo.o
  AR      drivers/firmware/smccc/built-in.a
  AR      drivers/firmware/built-in.a
  CC      drivers/clocksource/timer-of.o
  CC      drivers/input/mouse/logips2pp.o
  CC      drivers/base/swnode.o
  CC      drivers/mmc/core/sd_ops.o
  CC      drivers/clocksource/timer-probe.o
  CC      drivers/input/mouse/trackpoint.o
  CC      drivers/base/faux.o
  CC      drivers/mmc/core/sdio.o
  CC      drivers/clocksource/mmio.o
  CC      drivers/input/mouse/cypress_ps2.o
  CC      drivers/clocksource/timer-owl.o
  CC      drivers/base/auxiliary.o
  CC      drivers/mmc/core/sdio_ops.o
  AR      drivers/input/mouse/built-in.a
  AR      drivers/input/built-in.a
  CC      drivers/hid/hid-core.o
  CC      drivers/base/power/clock_ops.o
  CC      drivers/clocksource/arm_arch_timer.o
  AR      drivers/base/power/built-in.a
  CC      drivers/base/firmware_loader/main.o
  CC      drivers/mmc/core/sdio_bus.o
  CC      drivers/clocksource/arm_arch_timer_mmio.o
  CC      drivers/hid/hid-input.o
  CC      drivers/mmc/core/sdio_cis.o
  CC      drivers/clocksource/dummy_timer.o
  CC      drivers/base/firmware_loader/builtin/main.o
  AR      drivers/base/firmware_loader/builtin/built-in.a
  AR      drivers/base/firmware_loader/built-in.a
  CC      drivers/base/regmap/regmap.o
  CC      drivers/clocksource/timer-ixp4xx.o
  CC      drivers/mmc/core/sdio_io.o
  CC      drivers/hid/hid-quirks.o
  CC      drivers/clocksource/ingenic-ost.o
  CC      drivers/base/regmap/regcache.o
  CC      drivers/mmc/core/sdio_irq.o
  AR      drivers/clocksource/built-in.a
  CC      drivers/of/base.o
  CC      drivers/hid/hid-generic.o
  CC      drivers/base/regmap/regcache-rbtree.o
  CC      drivers/mmc/core/sd_uhs2.o
  CC      drivers/of/cpu.o
  CC      drivers/hid/hid-petalynx.o
  CC      drivers/base/regmap/regcache-flat.o
  CC      drivers/of/device.o
  CC      drivers/mmc/core/slot-gpio.o
  CC      drivers/hid/uhid.o
  CC      drivers/base/regmap/regcache-maple.o
  CC      drivers/of/module.o
  CC      drivers/mmc/core/regulator.o
  CC      drivers/base/regmap/regmap-mmio.o
  CC      drivers/hid/hid-evision.o
  CC      drivers/of/platform.o
  CC      drivers/mmc/core/pwrseq.o
  AR      drivers/base/regmap/built-in.a
  CC      drivers/base/soc.o
  CC      drivers/hid/hid-gyration.o
  CC      drivers/of/property.o
  CC      drivers/base/platform-msi.o
  CC      drivers/mmc/core/pwrseq_simple.o
  CC      drivers/hid/hid-pxrc.o
  CC      drivers/base/arch_topology.o
  CC      drivers/of/fdt.o
  CC      drivers/mmc/core/pwrseq_emmc.o
  CC      drivers/hid/hid-sunplus.o
  CC      drivers/base/devtmpfs.o
  AS      drivers/of/empty_root.dtb.o
  CC      drivers/of/fdt_address.o
  CC      drivers/mmc/core/sdio_uart.o
  AR      drivers/hid/built-in.a
  CC      drivers/remoteproc/remoteproc_core.o
  CC      drivers/of/address.o
  AR      drivers/mmc/core/built-in.a
  CC      drivers/mmc/host/mtk-sd.o
  AR      drivers/base/built-in.a
  CC      drivers/interconnect/core.o
  CC      drivers/remoteproc/remoteproc_coredump.o
  CC      drivers/of/irq.o
  CC      drivers/interconnect/bulk.o
  CC      drivers/mmc/host/cqhci-core.o
  CC      drivers/remoteproc/remoteproc_debugfs.o
  CC      drivers/of/of_reserved_mem.o
  CC      drivers/interconnect/debugfs-client.o
  CC      drivers/interconnect/icc-clk.o
  CC      drivers/remoteproc/remoteproc_sysfs.o
  AR      drivers/of/built-in.a
  CC      drivers/remoteproc/remoteproc_virtio.o
  CC      drivers/mmc/host/mmc_hsq.o
  AR      drivers/interconnect/built-in.a
  CC      drivers/remoteproc/remoteproc_elf_loader.o
  AR      drivers/mmc/host/built-in.a
  AR      drivers/mmc/built-in.a
  AR      drivers/remoteproc/built-in.a
  AR      drivers/built-in.a
  AR      built-in.a
  AR      built-in-fixup.a
  COPY    vmlinux.a
  LD      vmlinux.o
  MODPOST vmlinux.symvers
  CC      .vmlinux.export.o
  UPD     include/generated/utsversion.h
  CC      init/version-timestamp.o
  KSYMS   .tmp_vmlinux0.kallsyms.S
  AS      .tmp_vmlinux0.kallsyms.o
  LD      .tmp_vmlinux1
  NM      .tmp_vmlinux1.syms
  KSYMS   .tmp_vmlinux1.kallsyms.S
  AS      .tmp_vmlinux1.kallsyms.o
  LD      .tmp_vmlinux2
  NM      .tmp_vmlinux2.syms
  KSYMS   .tmp_vmlinux2.kallsyms.S
  AS      .tmp_vmlinux2.kallsyms.o
  LD      vmlinux.unstripped
  NM      System.map
  SORTTAB vmlinux.unstripped
  OBJCOPY vmlinux
  GEN     modules.builtin.modinfo
  GEN     modules.builtin
  OBJCOPY arch/arm64/boot/Image
make[5]: Leaving directory '/mnt/git-volume/kernel-test-mainline/build/rand500config-arm64'
make[4]: Leaving directory '/mnt/git-volume/linux-mainline'
