make[4]: Entering directory '/mnt/git-volume/linux-mainline'
make[5]: Entering directory '/mnt/git-volume/kernel-test-mainline/build/rand500config-x86_64'
#
# configuration written to .config
#
Using .config as base
Merging /mnt/git-volume/linux-mainline/kernel/configs/tiny.config
Value of CONFIG_KERNEL_XZ is redefined by fragment /mnt/git-volume/linux-mainline/kernel/configs/tiny.config:
Previous value: # CONFIG_KERNEL_XZ is not set
New value: CONFIG_KERNEL_XZ=y

Value of CONFIG_CC_OPTIMIZE_FOR_SIZE is redefined by fragment /mnt/git-volume/linux-mainline/kernel/configs/tiny.config:
Previous value: # CONFIG_CC_OPTIMIZE_FOR_SIZE is not set
New value: CONFIG_CC_OPTIMIZE_FOR_SIZE=y

Value of CONFIG_SLUB_TINY is redefined by fragment /mnt/git-volume/linux-mainline/kernel/configs/tiny.config:
Previous value: # CONFIG_SLUB_TINY is not set
New value: CONFIG_SLUB_TINY=y

Merging /mnt/git-volume/linux-mainline/arch/x86/configs/tiny.config
Value of CONFIG_UNWINDER_GUESS is redefined by fragment /mnt/git-volume/linux-mainline/arch/x86/configs/tiny.config:
Previous value: # CONFIG_UNWINDER_GUESS is not set
New value: CONFIG_UNWINDER_GUESS=y

#
# merged configuration written to .config (needs make)
#
#
# configuration written to .config
#
make[5]: Leaving directory '/mnt/git-volume/kernel-test-mainline/build/rand500config-x86_64'
make[4]: Leaving directory '/mnt/git-volume/linux-mainline'
make[4]: Entering directory '/mnt/git-volume/linux-mainline'
make[5]: Entering directory '/tmp/tmp.cWOBV9dqBx'
  UPD     /tmp/tmp.cWOBV9dqBx/Makefile
  HOSTCC  scripts/basic/fixdep
  HOSTCC  scripts/kconfig/conf.o
  HOSTCC  scripts/kconfig/confdata.o
  HOSTCC  scripts/kconfig/expr.o
  LEX     scripts/kconfig/lexer.lex.c
  YACC    scripts/kconfig/parser.tab.[ch]
  HOSTCC  scripts/kconfig/lexer.lex.o
  HOSTCC  scripts/kconfig/menu.o
  HOSTCC  scripts/kconfig/parser.tab.o
  HOSTCC  scripts/kconfig/preprocess.o
  HOSTCC  scripts/kconfig/symbol.o
  HOSTCC  scripts/kconfig/util.o
  HOSTLD  scripts/kconfig/conf
KCONFIG_SEED=0x2F25CAAC
#
# configuration written to .config
#
make[5]: Leaving directory '/tmp/tmp.cWOBV9dqBx'
make[4]: Leaving directory '/mnt/git-volume/linux-mainline'
make[4]: Entering directory '/mnt/git-volume/linux-mainline'
make[5]: Entering directory '/tmp/tmp.cWOBV9dqBx'
.config:9864:warning: override: reassigning to symbol PRINTK
.config:9868:warning: override: reassigning to symbol TTY
.config:9871:warning: override: reassigning to symbol BLK_DEV_INITRD
.config:9872:warning: override: reassigning to symbol RD_GZIP
.config:9875:warning: override: reassigning to symbol BINFMT_ELF
.config:9876:warning: override: reassigning to symbol BINFMT_SCRIPT
.config:9879:warning: override: reassigning to symbol TMPFS
.config:9882:warning: override: reassigning to symbol KERNEL_GZIP
.config:9888:warning: override: reassigning to symbol KERNEL_BZIP2
.config:9889:warning: override: reassigning to symbol KERNEL_LZMA
.config:9890:warning: override: reassigning to symbol KERNEL_XZ
.config:9891:warning: override: reassigning to symbol KERNEL_LZO
.config:9892:warning: override: reassigning to symbol KERNEL_LZ4
.config:9893:warning: override: reassigning to symbol KERNEL_ZSTD
.config:9896:warning: override: reassigning to symbol MODULES
.config:9899:warning: override: reassigning to symbol DRM
.config:9900:warning: override: reassigning to symbol SOUND
.config:9901:warning: override: reassigning to symbol STAGING
.config:9903:warning: override: reassigning to symbol MEDIA_SUPPORT
.config:9909:warning: override: reassigning to symbol KCOV
.config:9912:warning: override: reassigning to symbol KCSAN
.config:9913:warning: override: reassigning to symbol KFENCE
.config:9914:warning: override: reassigning to symbol UBSAN
.config:9921:warning: override: reassigning to symbol RCU_TORTURE_TEST
.config:9922:warning: override: reassigning to symbol RCU_SCALE_TEST
.config:9923:warning: override: reassigning to symbol LOCK_TORTURE_TEST
.config:9933:warning: override: reassigning to symbol DEBUG_PREEMPT
.config:9934:warning: override: reassigning to symbol DEBUG_ATOMIC_SLEEP
.config:9941:warning: override: reassigning to symbol KUNIT
.config:9949:warning: override: reassigning to symbol OF_UNITTEST
#
# configuration written to .config
#
make[5]: Leaving directory '/tmp/tmp.cWOBV9dqBx'
make[4]: Leaving directory '/mnt/git-volume/linux-mainline'
make[4]: Entering directory '/mnt/git-volume/linux-mainline'
make[5]: Entering directory '/mnt/git-volume/kernel-test-mainline/build/rand500config-x86_64'
.config:1458:warning: override: reassigning to symbol GENERIC_GETTIMEOFDAY
.config:1459:warning: override: reassigning to symbol HARDIRQS_SW_RESEND
.config:1460:warning: override: reassigning to symbol STRIP_ASM_SYMS
.config:1463:warning: override: reassigning to symbol X86_DISABLED_FEATURE_USER_SHSTK
.config:1469:warning: override: reassigning to symbol FW_LOADER
.config:1483:warning: override: reassigning to symbol HAVE_ARCH_KGDB
.config:1502:warning: override: reassigning to symbol X86_REQUIRED_FEATURE_FXSR
.config:1503:warning: override: reassigning to symbol QUOTA
.config:1514:warning: override: reassigning to symbol HAVE_ARCH_RANDOMIZE_KSTACK_OFFSET
.config:1525:warning: override: reassigning to symbol MMU_GATHER_RCU_TABLE_FREE
.config:1529:warning: override: reassigning to symbol DEBUG_RWSEMS
.config:1532:warning: override: reassigning to symbol MMC
.config:1543:warning: override: reassigning to symbol ARCH_SUPPORTS_KEXEC
.config:1559:warning: override: reassigning to symbol FILE_LOCKING
.config:1563:warning: override: reassigning to symbol DEBUG_FS
.config:1577:warning: override: reassigning to symbol TCG_TPM
.config:1579:warning: override: reassigning to symbol HAVE_GCC_PLUGINS
.config:1588:warning: override: reassigning to symbol HAVE_ARCH_SECCOMP_FILTER
.config:1599:warning: override: reassigning to symbol BASE_SMALL
.config:1602:warning: override: reassigning to symbol RPMB
.config:1611:warning: override: reassigning to symbol X86_DISABLED_FEATURE_K6_MTRR
.config:1614:warning: override: reassigning to symbol DEBUG_STACK_USAGE
.config:1619:warning: override: reassigning to symbol RCU_TRACE
.config:1626:warning: override: reassigning to symbol HAVE_DYNAMIC_FTRACE_WITH_ARGS
.config:1629:warning: override: reassigning to symbol EEPROM_93CX6
.config:1643:warning: override: reassigning to symbol PHYS_ADDR_T_64BIT
.config:1650:warning: override: reassigning to symbol ARCH_HAS_GCOV_PROFILE_ALL
.config:1656:warning: override: reassigning to symbol BCMA_POSSIBLE
.config:1657:warning: override: reassigning to symbol NTSYNC
.config:1665:warning: override: reassigning to symbol X86_DISABLED_FEATURE_FRED
.config:1667:warning: override: reassigning to symbol PECI
.config:1681:warning: override: reassigning to symbol SWIOTLB_DYNAMIC
.config:1682:warning: override: reassigning to symbol PROFILING
.config:1684:warning: override: reassigning to symbol CC_HAS_ZERO_CALL_USED_REGS
.config:1696:warning: override: reassigning to symbol PROVE_LOCKING
.config:1710:warning: override: reassigning to symbol HAVE_ALIGNED_STRUCT_PAGE
.config:1737:warning: override: reassigning to symbol HAVE_ARCH_KMSAN
.config:1744:warning: override: reassigning to symbol DEBUG_LIST
.config:1750:warning: override: reassigning to symbol HAVE_ARCH_SOFT_DIRTY
.config:1752:warning: override: reassigning to symbol SYSCTL_EXCEPTION_TRACE
.config:1759:warning: override: reassigning to symbol X86_REQUIRED_FEATURE_FPU
.config:1776:warning: override: reassigning to symbol GENERIC_VDSO_OVERFLOW_PROTECT
.config:1783:warning: override: reassigning to symbol LEGACY_VSYSCALL_NONE
.config:1785:warning: override: reassigning to symbol CC_HAS_RETURN_THUNK
.config:1789:warning: override: reassigning to symbol IRQ_FORCED_THREADING
.config:1793:warning: override: reassigning to symbol BOOT_CONFIG
.config:1797:warning: override: reassigning to symbol HAVE_ARCH_TRACEHOOK
.config:1799:warning: override: reassigning to symbol CGROUPS
.config:1803:warning: override: reassigning to symbol MUX_CORE
.config:1805:warning: override: reassigning to symbol ARCH_SPARSEMEM_ENABLE
.config:1808:warning: override: reassigning to symbol ARCH_WANT_LD_ORPHAN_WARN
.config:1816:warning: override: reassigning to symbol BCM_KONA_USB2_PHY
.config:1819:warning: override: reassigning to symbol SLUB
.config:1821:warning: override: reassigning to symbol DEBUG_NOTIFIERS
.config:1824:warning: override: reassigning to symbol DEBUG_IRQFLAGS
.config:1833:warning: override: reassigning to symbol MEMORY
.config:1835:warning: override: reassigning to symbol GENERIC_IOMAP
.config:1836:warning: override: reassigning to symbol ARCH_SUPPORTS_RT
.config:1842:warning: override: reassigning to symbol ARCH_USE_MEMTEST
.config:1848:warning: override: reassigning to symbol CC_HAS_INT128
.config:1849:warning: override: reassigning to symbol ARCH_WANT_OPTIMIZE_DAX_VMEMMAP
.config:1850:warning: override: reassigning to symbol ARCH_HAS_MEM_ENCRYPT
.config:1860:warning: override: reassigning to symbol MEMORY_HOTPLUG
.config:1881:warning: override: reassigning to symbol HAVE_FTRACE_REGS_HAVING_PT_REGS
.config:1902:warning: override: reassigning to symbol HAS_IOPORT
.config:1903:warning: override: reassigning to symbol DEBUG_KERNEL
.config:1911:warning: override: reassigning to symbol CC_HAS_AUTO_VAR_INIT_ZERO_BARE
.config:1912:warning: override: reassigning to symbol ARCH_SPARSEMEM_DEFAULT
.config:1921:warning: override: reassigning to symbol UNWINDER_ORC
.config:1924:warning: override: reassigning to symbol RTC_MC146818_LIB
.config:1925:warning: override: reassigning to symbol MULTIUSER
.config:1927:warning: override: reassigning to symbol HAVE_CONTEXT_TRACKING_USER_OFFSTACK
.config:1928:warning: override: reassigning to symbol ARCH_USE_BUILTIN_BSWAP
.config:1948:warning: override: reassigning to symbol PRINTK
.config:1952:warning: override: reassigning to symbol TTY
.config:1955:warning: override: reassigning to symbol BLK_DEV_INITRD
.config:1956:warning: override: reassigning to symbol RD_GZIP
.config:1959:warning: override: reassigning to symbol BINFMT_ELF
.config:1960:warning: override: reassigning to symbol BINFMT_SCRIPT
.config:1966:warning: override: reassigning to symbol KERNEL_GZIP
#
# configuration written to .config
#
make[5]: Leaving directory '/mnt/git-volume/kernel-test-mainline/build/rand500config-x86_64'
make[4]: Leaving directory '/mnt/git-volume/linux-mainline'
make[4]: Entering directory '/mnt/git-volume/linux-mainline'
make[5]: Entering directory '/mnt/git-volume/kernel-test-mainline/build/rand500config-x86_64'
  SYNC    include/config/auto.conf.cmd
  HOSTCC  arch/x86/tools/relocs_32.o
  HOSTCC  arch/x86/tools/relocs_64.o
  HOSTLD  arch/x86/tools/relocs
  DESCEND objtool
  CC      scripts/mod/devicetable-offsets.s
  CC      kernel/bounds.s
  CC      arch/x86/kernel/asm-offsets.s
  UPD     include/generated/asm-offsets.h
  CC      kernel/sched/rq-offsets.s
  UPD     include/generated/rq-offsets.h
  CALL    /mnt/git-volume/linux-mainline/scripts/checksyscalls.sh 
  GEN     usr/initramfs_data.cpio
  AS      arch/x86/boot/startup/la57toggle.o
  COPY    usr/initramfs_inc_data
  CC      init/main.o
  AS      usr/initramfs_data.o
  CC      arch/x86/boot/startup/gdt_idt.o
  AR      usr/built-in.a
  CC      arch/x86/boot/startup/map_kernel.o
  CC      kernel/fork.o
  AR      arch/x86/boot/startup/lib.a
  OBJCOPY arch/x86/boot/startup/gdt_idt.pi.o
  OBJCOPY arch/x86/boot/startup/map_kernel.pi.o
  AR      arch/x86/boot/startup/built-in.a
  AS      arch/x86/entry/entry.o
  AS      arch/x86/entry/entry_64.o
  CC      arch/x86/entry/syscall_64.o
  CC      mm/filemap.o
  UPD     init/utsversion-tmp.h
  CC      init/do_mounts.o
  CC      arch/x86/entry/common.o
  CC      kernel/exec_domain.o
  CC      arch/x86/entry/vdso/vma.o
  CC      init/do_mounts_initrd.o
  CC      mm/mempool.o
  CC      kernel/exec_state.o
  CC      arch/x86/entry/vdso/extable.o
  CC      kernel/panic.o
  CC      mm/oom_kill.o
  CC      init/initramfs.o
  LDS     arch/x86/entry/vdso/vdso64/vdso64.lds
  CC      arch/x86/entry/vdso/vdso64/vclock_gettime.o
  CC      kernel/cpu.o
  CC      init/calibrate.o
  CC      arch/x86/entry/vdso/vdso64/vgetcpu.o
  CC      arch/x86/entry/vdso/vdso64/vgetrandom.o
  AS      arch/x86/entry/vdso/vdso64/vgetrandom-chacha.o
  VDSO    arch/x86/entry/vdso/vdso64/vdso64.so.dbg
  OBJCOPY arch/x86/entry/vdso/vdso64/vdso64.so
  VDSO2C  arch/x86/entry/vdso/vdso64/vdso64-image.c
  CC      arch/x86/entry/vdso/vdso64/vdso64-image.o
  CC      init/init_task.o
  CC      mm/fadvise.o
  AR      arch/x86/entry/vdso/vdso64/built-in.a
  AR      arch/x86/entry/vdso/built-in.a
  AS      arch/x86/entry/thunk.o
  AR      arch/x86/entry/built-in.a
  CC      arch/x86/events/core.o
  CC      kernel/exit.o
  CC      init/version.o
  CC      mm/maccess.o
  AR      init/built-in.a
  CC      fs/open.o
  CC      mm/page-writeback.o
  CC      arch/x86/events/probe.o
  CC      kernel/softirq.o
  CC      arch/x86/events/utils.o
  CC      fs/read_write.o
  CC      mm/folio-compat.o
  CC      arch/x86/events/amd/core.o
  CC      kernel/resource.o
  CC      mm/readahead.o
  CC      fs/file_table.o
  CC      kernel/sysctl.o
  CC      arch/x86/events/amd/lbr.o
  CC      fs/super.o
  CC      mm/swap.o
  CC      kernel/capability.o
  CC      arch/x86/events/amd/ibs.o
  CC      fs/char_dev.o
  CC      kernel/ptrace.o
  CC      mm/truncate.o
  AR      arch/x86/events/amd/built-in.a
  CC      arch/x86/events/msr.o
  CC      fs/stat.o
  CC      kernel/user.o
  CC      mm/vmscan.o
  CC      arch/x86/events/intel/core.o
  CC      kernel/signal.o
  CC      fs/exec.o
  CC      mm/shrinker.o
  CC      fs/pipe.o
  CC      kernel/sys.o
  CC      mm/shmem.o
  CC      arch/x86/events/intel/bts.o
  CC      fs/namei.o
  CC      mm/util.o
  CC      kernel/umh.o
  CC      arch/x86/events/intel/ds.o
  CC      kernel/workqueue.o
  CC      mm/mmzone.o
  CC      mm/vmstat.o
  CC      fs/fcntl.o
  CC      arch/x86/events/intel/knc.o
  CC      mm/backing-dev.o
  CC      fs/ioctl.o
  CC      arch/x86/events/intel/lbr.o
  CC      kernel/pid.o
  CC      mm/mm_init.o
  CC      fs/readdir.o
  CC      arch/x86/events/intel/p4.o
  CC      kernel/task_work.o
  CC      mm/percpu.o
  CC      fs/select.o
  CC      kernel/extable.o
  CC      arch/x86/events/intel/p6.o
  CC      arch/x86/events/intel/pt.o
  CC      kernel/params.o
  CC      mm/slab_common.o
  CC      fs/dcache.o
  CC      kernel/kthread.o
  AR      arch/x86/events/intel/built-in.a
  CC      arch/x86/events/zhaoxin/core.o
  CC      mm/compaction.o
  CC      fs/inode.o
  AR      arch/x86/events/zhaoxin/built-in.a
  AR      arch/x86/events/built-in.a
  CC      kernel/sys_ni.o
  CC      arch/x86/realmode/init.o
  CC      kernel/nsproxy.o
  CC      mm/show_mem.o
  AS      arch/x86/realmode/rm/header.o
  AS      arch/x86/realmode/rm/trampoline_64.o
  AS      arch/x86/realmode/rm/reboot.o
  PASYMS  arch/x86/realmode/rm/pasyms.h
  LDS     arch/x86/realmode/rm/realmode.lds
  LD      arch/x86/realmode/rm/realmode.elf
  RELOCS  arch/x86/realmode/rm/realmode.relocs
  OBJCOPY arch/x86/realmode/rm/realmode.bin
  AS      arch/x86/realmode/rmpiggy.o
  AR      arch/x86/realmode/built-in.a
  AS      arch/x86/kernel/head_64.o
  CC      arch/x86/kernel/head64.o
  CC      kernel/nstree.o
  CC      mm/interval_tree.o
  CC      fs/attr.o
  CC      arch/x86/kernel/ebda.o
  CC      mm/list_lru.o
  CC      fs/bad_inode.o
  CC      kernel/nscommon.o
  CC      arch/x86/kernel/platform-quirks.o
  CC      fs/file.o
  CC      mm/workingset.o
  CC      kernel/notifier.o
  CC      arch/x86/kernel/process_64.o
  CC      mm/debug.o
  CC      kernel/ksysfs.o
  CC      fs/filesystems.o
  CC      arch/x86/kernel/signal.o
  CC      kernel/cred.o
  CC      mm/gup.o
  CC      fs/namespace.o
  CC      arch/x86/kernel/signal_64.o
  CC      kernel/reboot.o
  CC      arch/x86/kernel/traps.o
  CC      mm/mmap_lock.o
  CC      kernel/async.o
  CC      arch/x86/kernel/idt.o
  CC      kernel/range.o
  CC      fs/seq_file.o
  CC      kernel/smpboot.o
  CC      mm/vma_init.o
  CC      kernel/ucount.o
  CC      arch/x86/kernel/irq.o
  CC      fs/xattr.o
  CC      mm/highmem.o
  CC      kernel/regset.o
  CC      kernel/ksyms_common.o
  CC      mm/memory.o
  CC      arch/x86/kernel/irq_64.o
  CC      fs/libfs.o
  CC      kernel/groups.o
  CC      arch/x86/kernel/dumpstack_64.o
  CC      kernel/sched/core.o
  CC      arch/x86/kernel/time.o
  CC      fs/fs-writeback.o
  CC      arch/x86/kernel/ioport.o
  CC      mm/mincore.o
  CC      arch/x86/kernel/dumpstack.o
  CC      mm/mlock.o
  CC      fs/pnode.o
  CC      arch/x86/kernel/nmi.o
  CC      fs/splice.o
  CC      mm/mmap.o
  CC      kernel/sched/fair.o
  CC      arch/x86/kernel/setup.o
  CC      fs/sync.o
  CC      mm/mmu_gather.o
  CC      arch/x86/kernel/x86_init.o
  CC      fs/utimes.o
  CC      mm/mprotect.o
  CC      arch/x86/kernel/i8259.o
  CC      fs/d_path.o
  CC      arch/x86/kernel/irqinit.o
  CC      kernel/sched/build_policy.o
  CC      mm/mremap.o
  CC      fs/stack.o
  CC      arch/x86/kernel/irq_work.o
  CC      fs/fs_struct.o
  CC      mm/msync.o
  CC      arch/x86/kernel/probe_roms.o
  CC      fs/statfs.o
  CC      mm/page_vma_mapped.o
  CC      arch/x86/kernel/sys_x86_64.o
  CC      kernel/sched/build_utility.o
  CC      fs/fs_pin.o
  CC      mm/pagewalk.o
  CC      fs/nsfs.o
  CC      arch/x86/kernel/bootflag.o
  CC      mm/pgtable-generic.o
  CC      arch/x86/kernel/e820.o
  CC      fs/fs_dirent.o
  CC      fs/fs_context.o
  CC      mm/rmap.o
  AR      kernel/sched/built-in.a
  CC      kernel/locking/mutex.o
  CC      arch/x86/kernel/pci-dma.o
  CC      fs/fs_parser.o
  CC      arch/x86/kernel/quirks.o
  CC      mm/vmalloc.o
  CC      kernel/locking/semaphore.o
  CC      fs/fsopen.o
  CC      arch/x86/kernel/kdebugfs.o
  CC      kernel/locking/rwsem.o
  CC      fs/init.o
  CC      arch/x86/kernel/alternative.o
  CC      kernel/locking/percpu-rwsem.o
  CC      fs/kernel_read_file.o
  CC      mm/vma.o
  CC      kernel/locking/irqflag-debug.o
  CC      arch/x86/kernel/i8253.o
  CC      kernel/locking/mutex-debug.o
  CC      fs/mnt_idmapping.o
  CC      arch/x86/kernel/hw_breakpoint.o
  CC      kernel/locking/lockdep.o
  CC      fs/remap_range.o
  CC      mm/vma_exec.o
  CC      arch/x86/kernel/tsc.o
  CC      mm/mseal.o
  CC      fs/pidfs.o
  CC      arch/x86/kernel/tsc_msr.o
  CC      kernel/locking/spinlock.o
  CC      arch/x86/kernel/io_delay.o
  CC      mm/page_alloc.o
  CC      kernel/locking/spinlock_debug.o
  CC      arch/x86/kernel/rtc.o
  CC      fs/file_attr.o
  AR      kernel/locking/built-in.a
  CC      kernel/power/qos.o
  CC      arch/x86/kernel/resource.o
  AS      arch/x86/kernel/irqflags.o
  CC      arch/x86/kernel/static_call.o
  CC      fs/fserror.o
  AR      kernel/power/built-in.a
  CC      kernel/printk/printk.o
  CC      arch/x86/kernel/process.o
  CC      mm/page_frag_cache.o
  CC      fs/nullfs.o
  CC      mm/init-mm.o
  CC      arch/x86/kernel/fpu/init.o
  CC      fs/anon_inodes.o
  CC      arch/x86/kernel/fpu/bugs.o
  CC      kernel/printk/printk_safe.o
  CC      arch/x86/kernel/fpu/core.o
  CC      mm/memblock.o
  CC      fs/locks.o
  CC      kernel/printk/nbcon.o
  CC      arch/x86/kernel/fpu/regset.o
  CC      mm/memory_hotplug.o
  CC      kernel/printk/printk_ringbuffer.o
  CC      arch/x86/kernel/fpu/signal.o
  CC      fs/binfmt_script.o
  AR      kernel/printk/built-in.a
  CC      kernel/irq/irqdesc.o
  CC      mm/slub.o
  CC      arch/x86/kernel/fpu/xstate.o
  CC      fs/binfmt_elf.o
  CC      kernel/irq/handle.o
  AR      arch/x86/kernel/fpu/built-in.a
  CC      arch/x86/kernel/ptrace.o
  CC      kernel/irq/manage.o
  CC      fs/quota/dquot.o
  CC      mm/dmapool.o
  CC      kernel/irq/spurious.o
  CC      arch/x86/kernel/step.o
  CC      mm/sparse.o
  CC      fs/quota/quota.o
  CC      kernel/irq/resend.o
  CC      arch/x86/kernel/stacktrace.o
  CC      mm/sparse-vmemmap.o
  CC      kernel/irq/chip.o
  CC      arch/x86/kernel/cpu/cacheinfo.o
  CC      fs/quota/kqid.o
  CC      mm/page_isolation.o
  CC      kernel/irq/dummychip.o
  AR      fs/quota/built-in.a
  CC      fs/kernfs/mount.o
  CC      arch/x86/kernel/cpu/scattered.o
  CC      kernel/irq/devres.o
  CC      arch/x86/kernel/cpu/topology_common.o
  CC      mm/early_ioremap.o
  CC      fs/kernfs/inode.o
  CC      kernel/irq/kexec.o
  CC      arch/x86/kernel/cpu/topology_ext.o
  AR      mm/built-in.a
  CC      security/commoncap.o
  CC      kernel/irq/autoprobe.o
  CC      arch/x86/kernel/cpu/topology_amd.o
  CC      fs/kernfs/dir.o
  CC      arch/x86/kernel/cpu/cpuid_parser.o
  CC      kernel/irq/irqdomain.o
  CC      arch/x86/kernel/cpu/common.o
  CC      security/min_addr.o
  CC      fs/kernfs/file.o
  CC      kernel/irq/matrix.o
  CC      security/device_cgroup.o
  CC      arch/x86/kernel/cpu/rdrand.o
  CC      arch/x86/kernel/cpu/match.o
  CC      fs/kernfs/symlink.o
  AR      kernel/irq/built-in.a
  CC      kernel/rcu/update.o
  CC      arch/x86/kernel/cpu/bugs.o
  AR      security/built-in.a
  CC      crypto/api.o
  AR      fs/kernfs/built-in.a
  CC      fs/devpts/inode.o
  CC      crypto/cipher.o
  CC      kernel/rcu/sync.o
  CC      arch/x86/kernel/cpu/aperfmperf.o
  AR      fs/devpts/built-in.a
  CC      fs/ramfs/inode.o
  CC      crypto/algapi.o
  CC      kernel/rcu/srcutiny.o
  CC      arch/x86/kernel/cpu/cpuid-deps.o
  CC      kernel/rcu/tiny.o
  CC      fs/ramfs/file-mmu.o
  CC      arch/x86/kernel/cpu/cpuid_0x2_table.o
  CC      crypto/scatterwalk.o
  CC      arch/x86/kernel/cpu/umwait.o
  CC      kernel/rcu/rcu_segcblist.o
  AR      fs/ramfs/built-in.a
  AR      fs/unicode/built-in.a
  CC      fs/debugfs/inode.o
  CC      crypto/aead.o
  AR      kernel/rcu/built-in.a
  CC      arch/x86/kernel/cpu/powerflags.o
  CC      kernel/dma/mapping.o
  CC      arch/x86/kernel/cpu/topology.o
  CC      fs/debugfs/file.o
  CC      arch/x86/kernel/cpu/feat_ctl.o
  CC      crypto/geniv.o
  CC      arch/x86/kernel/cpu/intel.o
  AR      fs/debugfs/built-in.a
  CC      fs/tracefs/inode.o
  CC      arch/x86/kernel/cpu/tsx.o
  CC      crypto/lskcipher.o
  CC      kernel/dma/direct.o
  CC      arch/x86/kernel/cpu/amd.o
  CC      kernel/dma/swiotlb.o
  CC      fs/tracefs/event_inode.o
  CC      crypto/skcipher.o
  CC      arch/x86/kernel/cpu/hygon.o
  AR      fs/tracefs/built-in.a
  AR      fs/built-in.a
  CC      arch/x86/kernel/cpu/centaur.o
  CC      kernel/dma/remap.o
  CC      crypto/ahash.o
  CC      lib/argv_split.o
  CC      arch/x86/kernel/cpu/zhaoxin.o
  AR      kernel/dma/built-in.a
  CC      lib/buildid.o
  CC      kernel/entry/common.o
  CC      arch/x86/kernel/cpu/microcode/core.o
  CC      crypto/shash.o
  CC      lib/cmdline.o
  CC      kernel/entry/syscall-common.o
  CC      arch/x86/kernel/cpu/microcode/intel.o
  CC      lib/dec_and_lock.o
  CC      lib/decompress.o
  CC      lib/decompress_bunzip2.o
  CC      crypto/algboss.o
  CC      kernel/entry/syscall_user_dispatch.o
  CC      arch/x86/kernel/cpu/microcode/amd.o
  CC      lib/decompress_inflate.o
  CC      crypto/testmgr.o
  CC      lib/decompress_unlz4.o
  AR      kernel/entry/built-in.a
  CC      kernel/unwind/user.o
  CC      lib/decompress_unlzma.o
  CC      crypto/cmac.o
  AR      arch/x86/kernel/cpu/microcode/built-in.a
  CC      arch/x86/kernel/cpu/perfctr-watchdog.o
  CC      kernel/unwind/deferred.o
  CC      crypto/sha256.o
  CC      arch/x86/kernel/cpu/debugfs.o
  AR      kernel/unwind/built-in.a
  CC      kernel/profile.o
  CC      lib/decompress_unlzo.o
  AR      arch/x86/kernel/cpu/built-in.a
  CC      arch/x86/kernel/reboot.o
  CC      lib/decompress_unxz.o
  CC      crypto/ecb.o
  CC      kernel/stacktrace.o
  CC      lib/decompress_unzstd.o
  CC      crypto/cts.o
  CC      arch/x86/kernel/tsc_sync.o
  CC      kernel/time/time.o
  CC      lib/dump_stack.o
  CC      arch/x86/kernel/mpparse.o
  CC      crypto/xts.o
  CC      lib/earlycpio.o
  CC      kernel/time/timer.o
  CC      lib/extable.o
  CC      crypto/ctr.o
  CC      arch/x86/kernel/apic/apic.o
  CC      lib/flex_proportions.o
  CC      crypto/cryptd.o
  CC      lib/idr.o
  CC      kernel/time/hrtimer.o
  CC      crypto/cast_common.o
  CC      lib/iomem_copy.o
  CC      lib/irq_regs.o
  CC      arch/x86/kernel/apic/apic_common.o
  CC      lib/is_single_threaded.o
  CC      crypto/cast6_generic.o
  CC      arch/x86/kernel/apic/apic_noop.o
  CC      lib/klist.o
  CC      crypto/echainiv.o
  CC      kernel/time/sleep_timeout.o
  CC      lib/kobject.o
  CC      arch/x86/kernel/apic/ipi.o
  CC      kernel/time/timekeeping.o
  CC      lib/kobject_uevent.o
  CC      crypto/sm3.o
  CC      arch/x86/kernel/apic/vector.o
  CC      crypto/crc32.o
  CC      kernel/time/ntp.o
  CC      lib/logic_pio.o
  CC      arch/x86/kernel/apic/init.o
  AR      crypto/built-in.a
  CC      kernel/time/clocksource.o
  CC      arch/x86/kernel/apic/hw_nmi.o
  CC      kernel/time/jiffies.o
  CC      lib/maple_tree.o
  CC      kernel/time/timer_list.o
  CC      kernel/time/timeconv.o
  CC      arch/x86/kernel/apic/io_apic.o
  CC      arch/x86/kernel/apic/apic_flat_64.o
  CC      kernel/time/alarmtimer.o
  CC      arch/x86/kernel/apic/probe_64.o
  CC      kernel/time/posix-stubs.o
  AR      arch/x86/kernel/apic/built-in.a
  CC      arch/x86/kernel/trace_clock.o
  CC      kernel/time/clockevents.o
  CC      arch/x86/kernel/trace.o
  CC      lib/memcat_p.o
  CC      kernel/time/tick-common.o
  CC      lib/nmi_backtrace.o
  CC      arch/x86/kernel/hpet.o
  CC      lib/objpool.o
  CC      lib/plist.o
  CC      lib/radix-tree.o
  CC      lib/ratelimit.o
  CC      arch/x86/kernel/perf_regs.o
  CC      kernel/time/tick-broadcast.o
  CC      lib/rbtree.o
  CC      lib/seq_buf.o
  CC      lib/siphash.o
  CC      kernel/time/vsyscall.o
  CC      arch/x86/kernel/unwind_orc.o
  CC      lib/string.o
  CC      kernel/time/timekeeping_debug.o
  CC      arch/x86/kernel/vsmp_64.o
  CC      lib/sys_info.o
  CC      lib/timerqueue.o
  LDS     arch/x86/kernel/vmlinux.lds
  AR      arch/x86/kernel/built-in.a
  AR      kernel/time/built-in.a
  CC      kernel/up.o
  AS      arch/x86/crypto/camellia-x86_64-asm_64.o
  CC      lib/vsprintf.o
  CC      arch/x86/mm/init.o
  CC      arch/x86/crypto/camellia_glue.o
  CC      kernel/kallsyms.o
  AS      arch/x86/crypto/camellia-aesni-avx-asm_64.o
  CC      arch/x86/crypto/camellia_aesni_avx_glue.o
  CC      arch/x86/mm/init_64.o
  AR      arch/x86/crypto/built-in.a
  CC      arch/x86/virt/svm/cmdline.o
  CC      kernel/cgroup/cgroup.o
  AR      arch/x86/virt/svm/built-in.a
  AR      arch/x86/virt/built-in.a
  CC      kernel/cgroup/rstat.o
  CC      lib/win_minmax.o
  CC      arch/x86/mm/fault.o
  CC      lib/xarray.o
  CC      kernel/cgroup/namespace.o
  CC      lib/lockref.o
  CC      kernel/cgroup/cgroup-v1.o
  CC      lib/sort.o
  CC      arch/x86/mm/ioremap.o
  CC      lib/parser.o
  CC      lib/debug_locks.o
  CC      kernel/cgroup/freezer.o
  CC      lib/random32.o
  CC      lib/bust_spinlocks.o
  CC      lib/kasprintf.o
  CC      arch/x86/mm/extable.o
  CC      lib/bitmap.o
  CC      lib/scatterlist.o
  AR      kernel/cgroup/built-in.a
  CC      kernel/tracepoint.o
  CC      lib/list_sort.o
  CC      lib/uuid.o
  CC      arch/x86/mm/mmap.o
  CC      lib/iov_iter.o
  CC      kernel/trace/trace_clock.o
  CC      lib/clz_ctz.o
  CC      lib/bsearch.o
  CC      arch/x86/mm/pgtable.o
  CC      kernel/trace/ring_buffer.o
  CC      kernel/trace/trace.o
  CC      lib/find_bit.o
  CC      arch/x86/mm/physaddr.o
  CC      lib/llist.o
  CC      lib/lwq.o
  CC      lib/memweight.o
  CC      lib/kfifo.o
  CC      arch/x86/mm/tlb.o
  CC      arch/x86/mm/cpu_entry_area.o
  CC      lib/percpu-refcount.o
  CC      arch/x86/mm/maccess.o
  CC      kernel/trace/trace_output.o
  CC      arch/x86/mm/pgprot.o
  CC      arch/x86/mm/pat/set_memory.o
  CC      lib/rhashtable.o
  CC      lib/base64.o
  CC      lib/once.o
  CC      kernel/trace/trace_seq.o
  CC      lib/refcount.o
  CC      lib/rcuref.o
  CC      arch/x86/mm/pat/memtype.o
  CC      lib/usercopy.o
  CC      lib/errseq.o
  CC      lib/bucket_locks.o
  CC      kernel/trace/trace_stat.o
  CC      lib/generic-radix-tree.o
  AR      arch/x86/mm/pat/built-in.a
  AR      arch/x86/mm/built-in.a
  AR      arch/x86/built-in.a
  AS      arch/x86/lib/bhi.o
  AS      arch/x86/lib/clear_page_64.o
  CC      arch/x86/lib/cmdline.o
  CC      lib/bitmap-str.o
  CC      lib/string_helpers.o
  CC      arch/x86/lib/copy_mc.o
  CC      kernel/trace/trace_printk.o
  AS      arch/x86/lib/copy_mc_64.o
  AS      arch/x86/lib/copy_page_64.o
  AS      arch/x86/lib/copy_user_64.o
  AS      arch/x86/lib/copy_user_uncached_64.o
  CC      arch/x86/lib/cpu.o
  CC      lib/hexdump.o
  CC      lib/kstrtox.o
  CC      lib/math/div64.o
  CC      lib/math/gcd.o
  AS      arch/x86/lib/csum-copy_64.o
  CC      arch/x86/lib/csum-partial_64.o
  CC      lib/math/lcm.o
  CC      arch/x86/lib/csum-wrappers_64.o
  CC      lib/math/int_log.o
  CC      kernel/trace/trace_pid.o
  CC      lib/math/int_sqrt.o
  CC      lib/math/reciprocal_div.o
  CC      kernel/trace/pid_list.o
  AR      lib/math/built-in.a
  CC      lib/crc/crc32-main.o
  CC      arch/x86/lib/delay.o
  AS      arch/x86/lib/getuser.o
  CC      arch/x86/lib/insn-eval.o
  AR      lib/crc/built-in.a
  CC      lib/crypto/hash_info.o
  CC      lib/crypto/memneq.o
  CC      lib/crypto/utils.o
  CC      arch/x86/lib/insn.o
  CC      kernel/trace/trace_sched_switch.o
  AS      arch/x86/lib/memcpy_64.o
  AS      arch/x86/lib/memmove_64.o
  AS      arch/x86/lib/memset_64.o
  CC      arch/x86/lib/pc-conf-reg.o
  AS      arch/x86/lib/putuser.o
  CC      arch/x86/lib/usercopy.o
  CC      lib/crypto/blake2s.o
  CC      arch/x86/lib/usercopy_64.o
  CC      arch/x86/lib/msr.o
  CC      lib/crypto/chacha-block-generic.o
  CC      kernel/trace/trace_preemptirq.o
  CC      lib/crypto/sha256.o
  AS      arch/x86/lib/msr-reg.o
  CC      arch/x86/lib/msr-reg-export.o
  AS      arch/x86/lib/hweight.o
  CC      arch/x86/lib/iomem.o
  CC      lib/crypto/sm3.o
  CC      kernel/trace/trace_nop.o
  AR      arch/x86/lib/lib.a
  CC      kernel/trace/trace_events.o
  AR      arch/x86/lib/built-in.a
  AR      drivers/irqchip/built-in.a
  CC      drivers/phy/phy-core.o
  AS      lib/crypto/x86/sm3-avx-asm_64.o
  AR      lib/crypto/built-in.a
  CC      lib/vdso/datastore.o
  CC      kernel/trace/trace_export.o
  CC      drivers/phy/broadcom/phy-bcm-kona-usb2.o
  AR      lib/vdso/built-in.a
  CC      lib/iomap.o
  AR      drivers/phy/broadcom/built-in.a
  AR      drivers/phy/hisilicon/built-in.a
  CC      kernel/trace/trace_event_perf.o
  AR      drivers/phy/marvell/built-in.a
  CC      kernel/trace/trace_events_filter.o
  AR      drivers/phy/rockchip/built-in.a
  AR      drivers/phy/tegra/built-in.a
  AR      drivers/phy/built-in.a
  CC      drivers/pci/trace.o
  CC      lib/iomap_copy.o
  CC      lib/devres.o
  CC      kernel/trace/trace_events_trigger.o
  CC      lib/list_debug.o
  AR      drivers/pci/built-in.a
  CC      drivers/video/console/dummycon.o
  CC      lib/bitrev.o
  CC      kernel/trace/error_report-traces.o
  CC      lib/xxhash.o
  CC      drivers/video/console/vgacon.o
  CC      kernel/trace/power-traces.o
  CC      lib/lzo/lzo1x_decompress_safe.o
  CC      lib/zlib_inflate/inffast.o
  CC      lib/zlib_inflate/inflate.o
  AR      lib/lzo/built-in.a
  CC      lib/lz4/lz4_decompress.o
  CC      lib/zlib_inflate/infutil.o
  AR      drivers/video/console/built-in.a
  AR      drivers/video/backlight/built-in.a
  AR      drivers/video/fbdev/built-in.a
  AR      drivers/video/built-in.a
  AR      drivers/soc/imx/built-in.a
  AR      drivers/soc/mediatek/built-in.a
  AR      drivers/soc/nuvoton/built-in.a
  AR      drivers/soc/amlogic/built-in.a
  AR      drivers/soc/qcom/built-in.a
  AR      drivers/soc/built-in.a
  CC      lib/zlib_inflate/inftrees.o
  CC      drivers/tty/tty_io.o
  CC      lib/zlib_inflate/inflate_syms.o
  AR      kernel/trace/built-in.a
  CC      kernel/irq_work.o
  AR      lib/lz4/built-in.a
  CC      drivers/tty/n_tty.o
  AR      lib/zlib_inflate/built-in.a
  CC      lib/zstd/zstd_decompress_module.o
  CC      kernel/static_call.o
  CC      lib/zstd/zstd_common_module.o
  CC      kernel/static_call_inline.o
  CC      drivers/tty/tty_ioctl.o
  AR      lib/zstd/built-in.a
  CC      lib/xz/xz_dec_syms.o
  CC      lib/xz/xz_dec_stream.o
  CC      kernel/events/core.o
  CC      lib/xz/xz_dec_lzma2.o
  CC      lib/xz/xz_dec_bcj.o
  CC      drivers/tty/tty_ldisc.o
  CC      drivers/tty/tty_buffer.o
  AR      lib/xz/built-in.a
  CC      lib/syscall.o
  CC      drivers/tty/tty_port.o
  CC      drivers/tty/tty_mutex.o
  CC      lib/glob.o
  CC      drivers/tty/tty_ldsem.o
  CC      lib/strncpy_from_user.o
  CC      drivers/tty/tty_baudrate.o
  CC      drivers/tty/tty_jobctrl.o
  CC      lib/strnlen_user.o
  CC      drivers/tty/n_null.o
  CC      drivers/tty/pty.o
  CC      lib/bootconfig.o
  CC      drivers/tty/vt/vt_ioctl.o
  CC      lib/group_cpus.o
  CC      drivers/tty/serial/serial_core.o
  CC      kernel/events/ring_buffer.o
  CC      drivers/tty/vt/vc_screen.o
  AR      lib/lib.a
  AR      lib/built-in.a
  CC      drivers/tty/serial/serial_base_bus.o
  CC      drivers/tty/vt/selection.o
  CC      kernel/events/callchain.o
  CC      drivers/tty/serial/serial_ctrl.o
  CC      drivers/tty/serial/serial_port.o
  CC      drivers/tty/vt/keyboard.o
  CC      drivers/tty/serial/earlycon.o
  CC      kernel/events/hw_breakpoint.o
  CC      drivers/tty/serial/8250/8250_core.o
  CC      drivers/tty/serial/8250/8250_platform.o
  CC      drivers/tty/vt/vt.o
  AR      kernel/events/built-in.a
  CC      kernel/iomem.o
  CC      drivers/tty/serial/8250/8250_port.o
  CC      drivers/tty/serial/8250/8250_early.o
  AR      kernel/built-in.a
  CC      drivers/tty/vt/defkeymap.o
  CC      drivers/tty/vt/consolemap.o
  CC      drivers/char/mem.o
  AR      drivers/tty/serial/8250/built-in.a
  AR      drivers/tty/serial/built-in.a
  CC      drivers/char/random.o
  CC      drivers/char/misc.o
  AR      drivers/tty/vt/built-in.a
  AR      drivers/tty/built-in.a
  CC      drivers/char/tpm/tpm-chip.o
  AR      drivers/iommu/built-in.a
  AR      drivers/gpu/host1x/built-in.a
  AR      drivers/gpu/built-in.a
  CC      drivers/base/component.o
  CC      drivers/base/core.o
  CC      drivers/char/tpm/tpm-dev-common.o
  CC      drivers/char/tpm/tpm-dev.o
  CC      drivers/base/bus.o
  CC      drivers/char/tpm/tpm-interface.o
  CC      drivers/char/tpm/tpm1-cmd.o
  CC      drivers/base/dd.o
  CC      drivers/base/syscore.o
  CC      drivers/char/tpm/tpm2-cmd.o
  CC      drivers/char/tpm/tpmrm-dev.o
  CC      drivers/base/driver.o
  CC      drivers/base/class.o
  CC      drivers/char/tpm/tpm2-space.o
  CC      drivers/char/tpm/tpm-sysfs.o
  CC      drivers/base/platform.o
  CC      drivers/base/cpu.o
  CC      drivers/char/tpm/eventlog/common.o
  CC      drivers/char/tpm/eventlog/tpm1.o
  CC      drivers/base/firmware.o
  CC      drivers/base/init.o
  CC      drivers/char/tpm/eventlog/tpm2.o
  CC      drivers/base/map.o
  CC      drivers/char/tpm/tpm-buf.o
  CC      drivers/base/devres.o
  CC      drivers/base/attribute_container.o
  CC      drivers/char/tpm/tpm2-sessions.o
  CC      drivers/char/tpm/tpm_vtpm_proxy.o
  CC      drivers/base/transport_class.o
  CC      drivers/base/topology.o
  CC      drivers/base/container.o
  CC      drivers/base/property.o
  AR      drivers/char/tpm/built-in.a
  AR      drivers/char/built-in.a
  CC      drivers/misc/rpmb-core.o
  CC      drivers/base/cacheinfo.o
  CC      drivers/base/swnode.o
  CC      drivers/misc/eeprom/eeprom_93cx6.o
  CC      drivers/base/faux.o
  CC      drivers/base/firmware_loader/main.o
  AR      drivers/misc/eeprom/built-in.a
  CC      drivers/misc/ntsync.o
  CC      drivers/base/memory.o
  AR      drivers/mfd/built-in.a
  CC      drivers/base/trace.o
  AR      drivers/misc/built-in.a
  CC      drivers/base/firmware_loader/builtin/main.o
  AR      drivers/firewire/built-in.a
  CC      drivers/input/serio/serio.o
  CC      drivers/input/input.o
  CC      drivers/input/serio/i8042.o
  AR      drivers/base/firmware_loader/builtin/built-in.a
  AR      drivers/base/firmware_loader/built-in.a
  AR      drivers/base/built-in.a
  CC      drivers/rtc/lib.o
  CC      drivers/input/serio/serport.o
  CC      drivers/rtc/rtc-mc146818-lib.o
  CC      drivers/input/input-compat.o
  CC      drivers/input/serio/libps2.o
  AR      drivers/rtc/built-in.a
  AR      drivers/power/built-in.a
  CC      drivers/input/input-mt.o
  CC      drivers/mmc/core/core.o
  AR      drivers/input/serio/built-in.a
  CC      drivers/clocksource/i8253.o
  CC      drivers/hid/hid-core.o
  CC      drivers/input/input-poller.o
  AR      drivers/clocksource/built-in.a
  CC      drivers/mux/core.o
  CC      drivers/input/ff-core.o
  CC      drivers/mmc/core/bus.o
  AR      drivers/mux/built-in.a
  CC      drivers/peci/core.o
  CC      drivers/hid/hid-input.o
  CC      drivers/input/touchscreen.o
  CC      drivers/peci/request.o
  CC      drivers/mmc/core/host.o
  CC      drivers/input/touch-overlay.o
  CC      drivers/peci/device.o
  CC      drivers/mmc/core/mmc.o
  CC      drivers/peci/sysfs.o
  CC      drivers/input/vivaldi-fmap.o
  CC      drivers/hid/hid-quirks.o
  AR      drivers/peci/built-in.a
  CC      drivers/hid/hid-debug.o
  CC      drivers/input/keyboard/atkbd.o
  CC      drivers/mmc/core/mmc_ops.o
  CC      drivers/hid/hid-generic.o
  CC      drivers/input/keyboard/xtkbd.o
  CC      drivers/mmc/core/sd.o
  CC      drivers/mmc/core/sd_ops.o
  AR      drivers/hid/built-in.a
  CC      drivers/mmc/core/sdio.o
  AR      drivers/input/keyboard/built-in.a
  CC      drivers/input/mouse/psmouse-base.o
  CC      drivers/mmc/core/sdio_ops.o
  CC      drivers/mmc/core/sdio_bus.o
  CC      drivers/mmc/core/sdio_cis.o
  CC      drivers/mmc/core/sdio_io.o
  CC      drivers/input/mouse/synaptics.o
  CC      drivers/mmc/core/sdio_irq.o
  CC      drivers/mmc/core/sd_uhs2.o
  CC      drivers/mmc/core/slot-gpio.o
  CC      drivers/mmc/core/regulator.o
  CC      drivers/input/mouse/focaltech.o
  CC      drivers/mmc/core/debugfs.o
  CC      drivers/input/mouse/alps.o
  CC      drivers/input/mouse/byd.o
  CC      drivers/input/mouse/logips2pp.o
  AR      drivers/mmc/core/built-in.a
  CC      drivers/mmc/host/sdhci.o
  CC      drivers/input/mouse/trackpoint.o
  CC      drivers/input/mouse/cypress_ps2.o
  CC      drivers/mmc/host/sdhci-pltfm.o
  AR      drivers/input/mouse/built-in.a
  AR      drivers/input/built-in.a
  AR      drivers/mmc/host/built-in.a
  AR      drivers/mmc/built-in.a
  AR      drivers/built-in.a
  AR      built-in.a
  AR      built-in-fixup.a
  COPY    vmlinux.a
  LD      vmlinux.o
  MODPOST vmlinux.symvers
  CC      .vmlinux.export.o
  UPD     include/generated/utsversion.h
  CC      init/version-timestamp.o
  KSYMS   .tmp_vmlinux0.kallsyms.S
  AS      .tmp_vmlinux0.kallsyms.o
  LD      .tmp_vmlinux1
  NM      .tmp_vmlinux1.syms
  KSYMS   .tmp_vmlinux1.kallsyms.S
  AS      .tmp_vmlinux1.kallsyms.o
  LD      .tmp_vmlinux2
  NM      .tmp_vmlinux2.syms
  KSYMS   .tmp_vmlinux2.kallsyms.S
  AS      .tmp_vmlinux2.kallsyms.o
  LD      vmlinux.unstripped
  NM      System.map
  SORTTAB vmlinux.unstripped
  OBJCOPY vmlinux
  GEN     modules.builtin.modinfo
  GEN     modules.builtin
  CC      arch/x86/boot/a20.o
  CC      arch/x86/boot/cmdline.o
  CC      arch/x86/boot/cpu.o
  CC      arch/x86/boot/cpuflags.o
  CC      arch/x86/boot/cpucheck.o
  CC      arch/x86/boot/early_serial_console.o
  CC      arch/x86/boot/edd.o
  CC      arch/x86/boot/main.o
  CC      arch/x86/boot/memory.o
  CC      arch/x86/boot/pm.o
  AS      arch/x86/boot/pmjump.o
  CC      arch/x86/boot/printf.o
  CC      arch/x86/boot/regs.o
  CC      arch/x86/boot/string.o
  CC      arch/x86/boot/tty.o
  LDS     arch/x86/boot/compressed/vmlinux.lds
  CC      arch/x86/boot/video.o
  CC      arch/x86/boot/video-mode.o
  AS      arch/x86/boot/compressed/head_64.o
  VOFFSET arch/x86/boot/compressed/../voffset.h
  CC      arch/x86/boot/version.o
  CC      arch/x86/boot/video-vga.o
  CC      arch/x86/boot/compressed/string.o
  CC      arch/x86/boot/video-vesa.o
  CC      arch/x86/boot/compressed/cmdline.o
  CC      arch/x86/boot/video-bios.o
  CC      arch/x86/boot/compressed/error.o
  OBJCOPY arch/x86/boot/compressed/vmlinux.bin
  CC      arch/x86/boot/compressed/cpuflags.o
  CC      arch/x86/boot/compressed/ident_map_64.o
  CC      arch/x86/boot/compressed/idt_64.o
  AS      arch/x86/boot/compressed/idt_handlers_64.o
  CC      arch/x86/boot/compressed/pgtable_64.o
  CC      arch/x86/boot/compressed/misc.o
  GZIP    arch/x86/boot/compressed/vmlinux.bin.gz
  MKPIGGY arch/x86/boot/compressed/piggy.S
  AS      arch/x86/boot/compressed/piggy.o
  LD      arch/x86/boot/compressed/vmlinux
  ZOFFSET arch/x86/boot/zoffset.h
  OBJCOPY arch/x86/boot/vmlinux.bin
  AS      arch/x86/boot/header.o
  LD      arch/x86/boot/setup.elf
  OBJCOPY arch/x86/boot/setup.bin
  BUILD   arch/x86/boot/bzImage
Kernel: arch/x86/boot/bzImage is ready  (#23)
make[5]: Leaving directory '/mnt/git-volume/kernel-test-mainline/build/rand500config-x86_64'
make[4]: Leaving directory '/mnt/git-volume/linux-mainline'
