make[4]: Entering directory '/mnt/git-volume/linux-mainline'
make[5]: Entering directory '/mnt/git-volume/kernel-test-mainline/build/kunitnsconfig-arm64'
*** Default configuration is based on 'defconfig'
#
# configuration written to .config
#
make[5]: Leaving directory '/mnt/git-volume/kernel-test-mainline/build/kunitnsconfig-arm64'
make[4]: Leaving directory '/mnt/git-volume/linux-mainline'
make[4]: Entering directory '/mnt/git-volume/linux-mainline'
make[5]: Entering directory '/mnt/git-volume/kernel-test-mainline/build/kunitnsconfig-arm64'
.config:11993:warning: override: reassigning to symbol PRINTK
.config:11997:warning: override: reassigning to symbol TTY
.config:12000:warning: override: reassigning to symbol BLK_DEV_INITRD
.config:12001:warning: override: reassigning to symbol RD_GZIP
.config:12004:warning: override: reassigning to symbol BINFMT_ELF
.config:12005:warning: override: reassigning to symbol BINFMT_SCRIPT
.config:12008:warning: override: reassigning to symbol TMPFS
.config:12011:warning: override: reassigning to symbol KUNIT
.config:12027:warning: override: reassigning to symbol OF_UNITTEST
.config:12032:warning: override: reassigning to symbol WATCHDOG
.config:12033:warning: override: reassigning to symbol SOFT_WATCHDOG
.config:12034:warning: override: reassigning to symbol WATCHDOG_SYSFS
.config:12044:warning: override: reassigning to symbol NAMESPACES
.config:12045:warning: override: reassigning to symbol UTS_NS
.config:12046:warning: override: reassigning to symbol IPC_NS
.config:12047:warning: override: reassigning to symbol PID_NS
.config:12048:warning: override: reassigning to symbol NET_NS
.config:12049:warning: override: reassigning to symbol USER_NS
.config:12050:warning: override: reassigning to symbol TIME_NS
.config:12053:warning: override: reassigning to symbol CGROUPS
.config:12057:warning: override: reassigning to symbol PROC_FS
.config:12058:warning: override: reassigning to symbol NET
.config:12059:warning: override: reassigning to symbol INET
.config:12060:warning: override: reassigning to symbol TMPFS
.config:12061:warning: override: reassigning to symbol SYSVIPC
.config:12062:warning: override: reassigning to symbol FUTEX
.config:12064:warning: override: reassigning to symbol SERIAL_AMBA_PL011
.config:12065:warning: override: reassigning to symbol SERIAL_AMBA_PL011_CONSOLE
#
# configuration written to .config
#
make[5]: Leaving directory '/mnt/git-volume/kernel-test-mainline/build/kunitnsconfig-arm64'
make[4]: Leaving directory '/mnt/git-volume/linux-mainline'
make[4]: Entering directory '/mnt/git-volume/linux-mainline'
make[5]: Entering directory '/mnt/git-volume/kernel-test-mainline/build/kunitnsconfig-arm64'
  SYNC    include/config/auto.conf.cmd
  GEN     usr/initramfs_data.cpio
  UPD     init/utsversion-tmp.h
  COPY    usr/initramfs_inc_data
  CC      init/version.o
  AS      usr/initramfs_data.o
  AR      usr/built-in.a
  AR      init/built-in.a
  AR      built-in.a
  AR      built-in-fixup.a
  COPY    vmlinux.a
  LD      vmlinux.o
  MODPOST vmlinux.symvers
  UPD     include/generated/utsversion.h
  CC      init/version-timestamp.o
  KSYMS   .tmp_vmlinux0.kallsyms.S
  AS      .tmp_vmlinux0.kallsyms.o
  LD      .tmp_vmlinux1
  NM      .tmp_vmlinux1.syms
  KSYMS   .tmp_vmlinux1.kallsyms.S
  AS      .tmp_vmlinux1.kallsyms.o
  LD      .tmp_vmlinux2
  NM      .tmp_vmlinux2.syms
  KSYMS   .tmp_vmlinux2.kallsyms.S
  AS      .tmp_vmlinux2.kallsyms.o
  LD      vmlinux.unstripped
  NM      System.map
  SORTTAB vmlinux.unstripped
  OBJCOPY vmlinux
  GEN     modules.builtin.modinfo
  GEN     modules.builtin
  OBJCOPY arch/arm64/boot/Image
make[5]: Leaving directory '/mnt/git-volume/kernel-test-mainline/build/kunitnsconfig-arm64'
make[4]: Leaving directory '/mnt/git-volume/linux-mainline'
