make[4]: Entering directory '/mnt/git-volume/linux-stable'
make[5]: Entering directory '/mnt/git-volume/kernel-test-stable/build/rand500config-i386'
#
# configuration written to .config
#
Using .config as base
Merging /mnt/git-volume/linux-stable/kernel/configs/tiny.config
Value of CONFIG_KERNEL_XZ is redefined by fragment /mnt/git-volume/linux-stable/kernel/configs/tiny.config:
Previous value: # CONFIG_KERNEL_XZ is not set
New value: CONFIG_KERNEL_XZ=y

Value of CONFIG_CC_OPTIMIZE_FOR_SIZE is redefined by fragment /mnt/git-volume/linux-stable/kernel/configs/tiny.config:
Previous value: # CONFIG_CC_OPTIMIZE_FOR_SIZE is not set
New value: CONFIG_CC_OPTIMIZE_FOR_SIZE=y

Value of CONFIG_SLUB_TINY is redefined by fragment /mnt/git-volume/linux-stable/kernel/configs/tiny.config:
Previous value: # CONFIG_SLUB_TINY is not set
New value: CONFIG_SLUB_TINY=y

Merging /mnt/git-volume/linux-stable/arch/x86/configs/tiny.config
Value of CONFIG_UNWINDER_GUESS is redefined by fragment /mnt/git-volume/linux-stable/arch/x86/configs/tiny.config:
Previous value: # CONFIG_UNWINDER_GUESS is not set
New value: CONFIG_UNWINDER_GUESS=y

#
# merged configuration written to .config (needs make)
#
#
# configuration written to .config
#
make[5]: Leaving directory '/mnt/git-volume/kernel-test-stable/build/rand500config-i386'
make[4]: Leaving directory '/mnt/git-volume/linux-stable'
make[4]: Entering directory '/mnt/git-volume/linux-stable'
make[5]: Entering directory '/tmp/tmp.88PDajoocT'
  UPD     /tmp/tmp.88PDajoocT/Makefile
  HOSTCC  scripts/basic/fixdep
  HOSTCC  scripts/kconfig/conf.o
  HOSTCC  scripts/kconfig/confdata.o
  HOSTCC  scripts/kconfig/expr.o
  LEX     scripts/kconfig/lexer.lex.c
  YACC    scripts/kconfig/parser.tab.[ch]
  HOSTCC  scripts/kconfig/lexer.lex.o
  HOSTCC  scripts/kconfig/menu.o
  HOSTCC  scripts/kconfig/parser.tab.o
  HOSTCC  scripts/kconfig/preprocess.o
  HOSTCC  scripts/kconfig/symbol.o
  HOSTCC  scripts/kconfig/util.o
  HOSTLD  scripts/kconfig/conf
KCONFIG_SEED=0xB1F10634
#
# configuration written to .config
#
make[5]: Leaving directory '/tmp/tmp.88PDajoocT'
make[4]: Leaving directory '/mnt/git-volume/linux-stable'
make[4]: Entering directory '/mnt/git-volume/linux-stable'
make[5]: Entering directory '/tmp/tmp.88PDajoocT'
.config:6308:warning: override: reassigning to symbol PRINTK
.config:6312:warning: override: reassigning to symbol TTY
.config:6315:warning: override: reassigning to symbol BLK_DEV_INITRD
.config:6316:warning: override: reassigning to symbol RD_GZIP
.config:6319:warning: override: reassigning to symbol BINFMT_ELF
.config:6320:warning: override: reassigning to symbol BINFMT_SCRIPT
.config:6323:warning: override: reassigning to symbol TMPFS
.config:6326:warning: override: reassigning to symbol KERNEL_GZIP
.config:6332:warning: override: reassigning to symbol KERNEL_BZIP2
.config:6333:warning: override: reassigning to symbol KERNEL_LZMA
.config:6334:warning: override: reassigning to symbol KERNEL_XZ
.config:6335:warning: override: reassigning to symbol KERNEL_LZO
.config:6336:warning: override: reassigning to symbol KERNEL_LZ4
.config:6337:warning: override: reassigning to symbol KERNEL_ZSTD
.config:6340:warning: override: reassigning to symbol MODULES
.config:6343:warning: override: reassigning to symbol DRM
.config:6344:warning: override: reassigning to symbol SOUND
.config:6345:warning: override: reassigning to symbol STAGING
.config:6347:warning: override: reassigning to symbol MEDIA_SUPPORT
.config:6357:warning: override: reassigning to symbol KFENCE
.config:6358:warning: override: reassigning to symbol UBSAN
.config:6371:warning: override: reassigning to symbol KUNIT
#
# configuration written to .config
#
make[5]: Leaving directory '/tmp/tmp.88PDajoocT'
make[4]: Leaving directory '/mnt/git-volume/linux-stable'
make[4]: Entering directory '/mnt/git-volume/linux-stable'
make[5]: Entering directory '/mnt/git-volume/kernel-test-stable/build/rand500config-i386'
.config:1386:warning: override: reassigning to symbol HSI
.config:1390:warning: override: reassigning to symbol PTP_1588_CLOCK_OPTIONAL
.config:1391:warning: override: reassigning to symbol KEXEC
.config:1395:warning: override: reassigning to symbol CC_HAS_KASAN_GENERIC
.config:1399:warning: override: reassigning to symbol DNOTIFY
.config:1409:warning: override: reassigning to symbol GENERIC_IOMAP
.config:1416:warning: override: reassigning to symbol SHUFFLE_PAGE_ALLOCATOR
.config:1431:warning: override: reassigning to symbol HAVE_ARCH_KGDB
.config:1438:warning: override: reassigning to symbol ARCH_HAS_UBSAN
.config:1444:warning: override: reassigning to symbol GENERIC_SYSCALL
.config:1445:warning: override: reassigning to symbol SSB_POSSIBLE
.config:1448:warning: override: reassigning to symbol HAVE_ARCH_SECCOMP
.config:1451:warning: override: reassigning to symbol MHI_BUS
.config:1455:warning: override: reassigning to symbol BINFMT_ELF
.config:1456:warning: override: reassigning to symbol KALLSYMS
.config:1458:warning: override: reassigning to symbol HAVE_ALIGNED_STRUCT_PAGE
.config:1460:warning: override: reassigning to symbol FHANDLE
.config:1479:warning: override: reassigning to symbol PPS
.config:1480:warning: override: reassigning to symbol HAVE_KCSAN_COMPILER
.config:1482:warning: override: reassigning to symbol HAVE_SETUP_PER_CPU_AREA
.config:1490:warning: override: reassigning to symbol ARCH_HAS_PTDUMP
.config:1493:warning: override: reassigning to symbol HUGETLBFS
.config:1500:warning: override: reassigning to symbol GENERIC_CLOCKEVENTS_MIN_ADJUST
.config:1501:warning: override: reassigning to symbol TIMERFD
.config:1502:warning: override: reassigning to symbol X86_DISABLED_FEATURE_USER_SHSTK
.config:1514:warning: override: reassigning to symbol TOOLS_SUPPORT_RELR
.config:1518:warning: override: reassigning to symbol PROC_FS
.config:1519:warning: override: reassigning to symbol CPU_FREQ
.config:1525:warning: override: reassigning to symbol ARCH_SUPPORTS_KEXEC_BZIMAGE_VERIFY_SIG
.config:1526:warning: override: reassigning to symbol HAVE_GUP_FAST
.config:1528:warning: override: reassigning to symbol CRYPTO_LIB_SHA256
.config:1529:warning: override: reassigning to symbol CPU_SUP_INTEL
.config:1538:warning: override: reassigning to symbol FORTIFY_SOURCE
.config:1549:warning: override: reassigning to symbol MMU
.config:1554:warning: override: reassigning to symbol QUOTA
.config:1558:warning: override: reassigning to symbol TRACE_IRQFLAGS_SUPPORT
.config:1568:warning: override: reassigning to symbol GENERIC_CMOS_UPDATE
.config:1584:warning: override: reassigning to symbol X86_DISABLED_FEATURE_PTI
.config:1589:warning: override: reassigning to symbol CPU_IDLE
.config:1593:warning: override: reassigning to symbol HAVE_DYNAMIC_FTRACE_WITH_DIRECT_CALLS
.config:1595:warning: override: reassigning to symbol PRINTK
.config:1606:warning: override: reassigning to symbol PVPANIC
.config:1609:warning: override: reassigning to symbol CPU_SUP_VORTEX_32
.config:1610:warning: override: reassigning to symbol BCM_KONA_USB2_PHY
.config:1612:warning: override: reassigning to symbol GENERIC_CPU_DEVICES
.config:1616:warning: override: reassigning to symbol HAVE_EXIT_THREAD
.config:1625:warning: override: reassigning to symbol PARPORT
.config:1628:warning: override: reassigning to symbol CHROME_PLATFORMS
.config:1632:warning: override: reassigning to symbol HAVE_NMI
.config:1633:warning: override: reassigning to symbol SCHED_AUTOGROUP
.config:1634:warning: override: reassigning to symbol MTRR
.config:1663:warning: override: reassigning to symbol KERNEL_GZIP
.config:1672:warning: override: reassigning to symbol AUTOFS_FS
.config:1674:warning: override: reassigning to symbol RTC_MC146818_LIB
.config:1681:warning: override: reassigning to symbol LOCK_DEBUGGING_SUPPORT
.config:1703:warning: override: reassigning to symbol HAVE_CMPXCHG_LOCAL
.config:1707:warning: override: reassigning to symbol HAVE_GCC_PLUGINS
.config:1711:warning: override: reassigning to symbol HANGCHECK_TIMER
.config:1712:warning: override: reassigning to symbol GENERIC_PHY
.config:1714:warning: override: reassigning to symbol RTC_LIB
.config:1716:warning: override: reassigning to symbol GENERIC_VDSO_OVERFLOW_PROTECT
.config:1731:warning: override: reassigning to symbol DMI
.config:1745:warning: override: reassigning to symbol ARCH_DEFAULT_CRASH_DUMP
.config:1746:warning: override: reassigning to symbol EISA
.config:1747:warning: override: reassigning to symbol CC_HAS_SLS
.config:1754:warning: override: reassigning to symbol PERF_EVENTS
.config:1760:warning: override: reassigning to symbol TOSHIBA
.config:1775:warning: override: reassigning to symbol IPMI_HANDLER
.config:1778:warning: override: reassigning to symbol HAVE_UNSTABLE_SCHED_CLOCK
.config:1783:warning: override: reassigning to symbol HWMON
.config:1785:warning: override: reassigning to symbol VFIO
.config:1788:warning: override: reassigning to symbol HAVE_FUNCTION_ARG_ACCESS_API
.config:1789:warning: override: reassigning to symbol HAVE_ARCH_TRACEHOOK
.config:1798:warning: override: reassigning to symbol MEMORY
.config:1804:warning: override: reassigning to symbol VIRTUALIZATION
.config:1805:warning: override: reassigning to symbol BLOCK
.config:1809:warning: override: reassigning to symbol X86_CX8
.config:1821:warning: override: reassigning to symbol HAVE_BUILDTIME_MCOUNT_SORT
.config:1831:warning: override: reassigning to symbol ARCH_SUPPORTS_DEBUG_PAGEALLOC
.config:1834:warning: override: reassigning to symbol PAGE_SIZE_LESS_THAN_256KB
.config:1837:warning: override: reassigning to symbol GPIOLIB_LEGACY
.config:1844:warning: override: reassigning to symbol CC_HAS_ZERO_CALL_USED_REGS
.config:1846:warning: override: reassigning to symbol ARCH_HAS_CPU_CACHE_INVALIDATE_MEMREGION
.config:1847:warning: override: reassigning to symbol CPU_SUP_ZHAOXIN
.config:1857:warning: override: reassigning to symbol DCACHE_WORD_ACCESS
.config:1858:warning: override: reassigning to symbol MMU_GATHER_RCU_TABLE_FREE
.config:1864:warning: override: reassigning to symbol HAVE_DEBUG_KMEMLEAK
.config:1870:warning: override: reassigning to symbol PREEMPT_LAZY
.config:1873:warning: override: reassigning to symbol HAVE_RETHOOK
.config:1878:warning: override: reassigning to symbol ARCH_SUPPORTS_AUTOFDO_CLANG
.config:1895:warning: override: reassigning to symbol PRINTK
.config:1899:warning: override: reassigning to symbol TTY
.config:1902:warning: override: reassigning to symbol BLK_DEV_INITRD
.config:1906:warning: override: reassigning to symbol BINFMT_ELF
.config:1907:warning: override: reassigning to symbol BINFMT_SCRIPT
.config:1913:warning: override: reassigning to symbol KERNEL_GZIP
#
# configuration written to .config
#
make[5]: Leaving directory '/mnt/git-volume/kernel-test-stable/build/rand500config-i386'
make[4]: Leaving directory '/mnt/git-volume/linux-stable'
make[4]: Entering directory '/mnt/git-volume/linux-stable'
make[5]: Entering directory '/mnt/git-volume/kernel-test-stable/build/rand500config-i386'
  SYNC    include/config/auto.conf.cmd
  UPD     arch/x86/include/generated/asm/cpufeaturemasks.h
  UPD     include/generated/uapi/linux/version.h
  HOSTCC  arch/x86/tools/vdso2c
  UPD     include/config/kernel.release
  UPD     include/generated/utsrelease.h
  CC      scripts/mod/empty.o
  CC      scripts/mod/devicetable-offsets.s
  MKELF   scripts/mod/elfconfig.h
  HOSTCC  scripts/mod/modpost.o
  HOSTCC  scripts/mod/sumversion.o
  HOSTCC  scripts/mod/symsearch.o
  HOSTCC  scripts/mod/file2alias.o
  HOSTLD  scripts/mod/modpost
  CC      kernel/bounds.s
  UPD     include/generated/bounds.h
  CC      arch/x86/kernel/asm-offsets.s
  UPD     include/generated/asm-offsets.h
  CC      kernel/sched/rq-offsets.s
  UPD     include/generated/rq-offsets.h
  CALL    /mnt/git-volume/linux-stable/scripts/checksyscalls.sh 
  GEN     usr/initramfs_data.cpio
  AS      arch/x86/entry/entry.o
  COPY    usr/initramfs_inc_data
  AS      usr/initramfs_data.o
  CC      init/main.o
  AS      arch/x86/entry/entry_32.o
  AR      usr/built-in.a
  CC      arch/x86/entry/syscall_32.o
  CC      kernel/fork.o
  CC      mm/filemap.o
  CC      arch/x86/entry/common.o
  UPD     init/utsversion-tmp.h
  CC      init/do_mounts.o
  CC      arch/x86/entry/vdso/vma.o
  CC      kernel/exec_domain.o
  CC      mm/mempool.o
  CC      arch/x86/entry/vdso/extable.o
  CC      init/do_mounts_initrd.o
  CC      kernel/panic.o
  CC      mm/oom_kill.o
  CC      arch/x86/entry/vdso/vdso32-setup.o
  CC      init/initramfs.o
  CC      kernel/cpu.o
  LDS     arch/x86/entry/vdso/vdso32/vdso32.lds
  AS      arch/x86/entry/vdso/vdso32/note.o
  CC      arch/x86/entry/vdso/vdso32/vclock_gettime.o
  CC      mm/fadvise.o
  CC      arch/x86/entry/vdso/vdso32/vgetcpu.o
  AS      arch/x86/entry/vdso/vdso32/system_call.o
  AS      arch/x86/entry/vdso/vdso32/sigreturn.o
  VDSO    arch/x86/entry/vdso/vdso32/vdso32.so.dbg
  OBJCOPY arch/x86/entry/vdso/vdso32/vdso32.so
  CC      kernel/exit.o
  VDSO2C  arch/x86/entry/vdso/vdso32/vdso32-image.c
  CC      arch/x86/entry/vdso/vdso32/vdso32-image.o
  CC      init/calibrate.o
  AR      arch/x86/entry/vdso/vdso32/built-in.a
  AR      arch/x86/entry/vdso/built-in.a
  AS      arch/x86/entry/thunk.o
  AR      arch/x86/entry/built-in.a
  CC      arch/x86/events/core.o
  CC      init/init_task.o
  CC      mm/maccess.o
  CC      init/do_mounts_rd.o
  CC      mm/page-writeback.o
  CC      kernel/softirq.o
  CC      init/version.o
  CC      arch/x86/events/probe.o
  CC      kernel/resource.o
  CC      arch/x86/events/utils.o
  CC      mm/folio-compat.o
  AR      init/built-in.a
  CC      fs/open.o
  CC      mm/readahead.o
  CC      arch/x86/events/amd/core.o
  CC      kernel/sysctl.o
  CC      mm/swap.o
  CC      fs/read_write.o
  CC      kernel/capability.o
  CC      arch/x86/events/amd/lbr.o
  CC      mm/truncate.o
  CC      kernel/ptrace.o
  AR      arch/x86/events/amd/built-in.a
  CC      fs/file_table.o
  CC      arch/x86/events/intel/core.o
  CC      mm/vmscan.o
  CC      kernel/user.o
  CC      fs/super.o
  CC      kernel/signal.o
  CC      fs/char_dev.o
  CC      mm/shrinker.o
  CC      arch/x86/events/intel/bts.o
  CC      fs/stat.o
  CC      mm/shmem.o
  CC      kernel/sys.o
  CC      arch/x86/events/intel/ds.o
  CC      fs/exec.o
  CC      mm/util.o
  CC      kernel/umh.o
  CC      mm/mmzone.o
  CC      fs/pipe.o
  CC      arch/x86/events/intel/knc.o
  CC      kernel/workqueue.o
  CC      mm/vmstat.o
  CC      arch/x86/events/intel/lbr.o
  CC      fs/namei.o
  CC      mm/backing-dev.o
  CC      arch/x86/events/intel/p4.o
  CC      kernel/pid.o
  CC      mm/mm_init.o
  CC      arch/x86/events/intel/p6.o
  CC      fs/fcntl.o
  CC      kernel/task_work.o
  CC      mm/percpu.o
  CC      arch/x86/events/intel/pt.o
  CC      kernel/extable.o
  CC      fs/ioctl.o
  CC      mm/slab_common.o
  CC      kernel/params.o
  AR      arch/x86/events/intel/built-in.a
  CC      arch/x86/events/zhaoxin/core.o
  CC      fs/readdir.o
  AR      arch/x86/events/zhaoxin/built-in.a
  AR      arch/x86/events/built-in.a
  CC      arch/x86/realmode/init.o
  CC      kernel/kthread.o
  CC      fs/select.o
  CC      mm/compaction.o
  AS      arch/x86/realmode/rm/header.o
  AS      arch/x86/realmode/rm/trampoline_32.o
  AS      arch/x86/realmode/rm/stack.o
  AS      arch/x86/realmode/rm/reboot.o
  PASYMS  arch/x86/realmode/rm/pasyms.h
  LDS     arch/x86/realmode/rm/realmode.lds
  LD      arch/x86/realmode/rm/realmode.elf
  RELOCS  arch/x86/realmode/rm/realmode.relocs
  OBJCOPY arch/x86/realmode/rm/realmode.bin
  AS      arch/x86/realmode/rmpiggy.o
  AR      arch/x86/realmode/built-in.a
  CC      mm/show_mem.o
  CC      kernel/sys_ni.o
  AS      arch/x86/kernel/head_32.o
  CC      arch/x86/kernel/head32.o
  CC      kernel/nsproxy.o
  CC      fs/dcache.o
  CC      mm/interval_tree.o
  CC      arch/x86/kernel/ebda.o
  CC      kernel/nstree.o
  CC      arch/x86/kernel/platform-quirks.o
  CC      mm/list_lru.o
  CC      fs/inode.o
  CC      arch/x86/kernel/process_32.o
  CC      mm/workingset.o
  CC      kernel/nscommon.o
  CC      arch/x86/kernel/signal.o
  CC      kernel/notifier.o
  CC      mm/debug.o
  CC      fs/attr.o
  CC      kernel/ksysfs.o
  CC      arch/x86/kernel/signal_32.o
  CC      mm/gup.o
  CC      kernel/cred.o
  CC      fs/bad_inode.o
  CC      arch/x86/kernel/traps.o
  CC      fs/file.o
  CC      kernel/reboot.o
  CC      mm/mmap_lock.o
  CC      arch/x86/kernel/idt.o
  CC      mm/vma_init.o
  CC      kernel/async.o
  CC      fs/filesystems.o
  CC      arch/x86/kernel/irq.o
  CC      kernel/range.o
  CC      kernel/smpboot.o
  CC      fs/namespace.o
  CC      mm/highmem.o
  CC      arch/x86/kernel/irq_32.o
  CC      kernel/ucount.o
  CC      kernel/regset.o
  CC      arch/x86/kernel/dumpstack_32.o
  CC      mm/memory.o
  CC      kernel/ksyms_common.o
  CC      arch/x86/kernel/time.o
  CC      kernel/sched/core.o
  CC      arch/x86/kernel/ioport.o
  CC      fs/seq_file.o
  CC      arch/x86/kernel/dumpstack.o
  CC      fs/xattr.o
  CC      mm/mincore.o
  CC      arch/x86/kernel/nmi.o
  CC      kernel/sched/fair.o
  CC      mm/mlock.o
  CC      fs/libfs.o
  CC      arch/x86/kernel/setup.o
  CC      mm/mmap.o
  CC      fs/fs-writeback.o
  CC      arch/x86/kernel/x86_init.o
  CC      mm/mmu_gather.o
  CC      kernel/sched/build_policy.o
  CC      arch/x86/kernel/i8259.o
  CC      fs/pnode.o
  CC      arch/x86/kernel/irqinit.o
  CC      mm/mprotect.o
  CC      fs/splice.o
  CC      arch/x86/kernel/irq_work.o
  CC      mm/mremap.o
  CC      fs/sync.o
  CC      kernel/sched/build_utility.o
  CC      arch/x86/kernel/probe_roms.o
  CC      fs/utimes.o
  CC      mm/msync.o
  CC      arch/x86/kernel/sys_ia32.o
  CC      fs/d_path.o
  CC      mm/page_vma_mapped.o
  CC      arch/x86/kernel/bootflag.o
  AR      kernel/sched/built-in.a
  CC      kernel/locking/mutex.o
  CC      arch/x86/kernel/e820.o
  CC      mm/pagewalk.o
  CC      fs/stack.o
  CC      kernel/locking/semaphore.o
  CC      fs/fs_struct.o
  CC      mm/pgtable-generic.o
  CC      arch/x86/kernel/pci-dma.o
  CC      kernel/locking/rwsem.o
  CC      fs/statfs.o
  CC      mm/rmap.o
  CC      arch/x86/kernel/quirks.o
  CC      kernel/locking/percpu-rwsem.o
  CC      fs/fs_pin.o
  AR      kernel/locking/built-in.a
  CC      kernel/power/qos.o
  CC      arch/x86/kernel/kdebugfs.o
  CC      fs/nsfs.o
  CC      mm/vmalloc.o
  CC      arch/x86/kernel/alternative.o
  AR      kernel/power/built-in.a
  CC      kernel/printk/printk.o
  CC      fs/fs_dirent.o
  CC      fs/fs_context.o
  CC      arch/x86/kernel/i8253.o
  CC      mm/vma.o
  CC      arch/x86/kernel/hw_breakpoint.o
  CC      fs/fs_parser.o
  CC      kernel/printk/printk_safe.o
  CC      arch/x86/kernel/tsc.o
  CC      kernel/printk/nbcon.o
  CC      fs/fsopen.o
  CC      mm/vma_exec.o
  CC      kernel/printk/printk_ringbuffer.o
  CC      arch/x86/kernel/tsc_msr.o
  CC      fs/init.o
  CC      kernel/printk/sysctl.o
  CC      arch/x86/kernel/io_delay.o
  CC      mm/page_alloc.o
  AR      kernel/printk/built-in.a
  CC      kernel/irq/irqdesc.o
  CC      arch/x86/kernel/rtc.o
  CC      fs/kernel_read_file.o
  CC      kernel/irq/handle.o
  CC      arch/x86/kernel/resource.o
  AS      arch/x86/kernel/irqflags.o
  CC      fs/mnt_idmapping.o
  CC      arch/x86/kernel/static_call.o
  CC      kernel/irq/manage.o
  CC      mm/page_frag_cache.o
  CC      arch/x86/kernel/process.o
  CC      fs/remap_range.o
  CC      kernel/irq/spurious.o
  CC      mm/init-mm.o
  CC      fs/pidfs.o
  CC      arch/x86/kernel/fpu/init.o
  CC      kernel/irq/resend.o
  CC      mm/memblock.o
  CC      arch/x86/kernel/fpu/bugs.o
  CC      arch/x86/kernel/fpu/core.o
  CC      kernel/irq/chip.o
  CC      fs/file_attr.o
  CC      mm/slub.o
  CC      kernel/irq/dummychip.o
  CC      arch/x86/kernel/fpu/regset.o
  CC      fs/fserror.o
  CC      kernel/irq/devres.o
  CC      arch/x86/kernel/fpu/signal.o
  CC      fs/nullfs.o
  CC      kernel/irq/kexec.o
  CC      mm/page_io.o
  CC      arch/x86/kernel/fpu/xstate.o
  CC      kernel/irq/autoprobe.o
  CC      fs/notify/dnotify/dnotify.o
  CC      kernel/irq/proc.o
  CC      mm/swap_state.o
  AR      arch/x86/kernel/fpu/built-in.a
  CC      arch/x86/kernel/ptrace.o
  AR      fs/notify/dnotify/built-in.a
  CC      fs/notify/fsnotify.o
  AR      kernel/irq/built-in.a
  CC      kernel/rcu/update.o
  CC      fs/notify/notification.o
  CC      arch/x86/kernel/tls.o
  CC      mm/swapfile.o
  CC      kernel/rcu/sync.o
  CC      kernel/rcu/srcutiny.o
  CC      fs/notify/group.o
  CC      arch/x86/kernel/step.o
  CC      kernel/rcu/tiny.o
  CC      fs/notify/mark.o
  CC      arch/x86/kernel/i8237.o
  CC      mm/dmapool.o
  AR      kernel/rcu/built-in.a
  CC      kernel/dma/mapping.o
  CC      arch/x86/kernel/stacktrace.o
  CC      fs/notify/fdinfo.o
  CC      mm/hugetlb.o
  CC      kernel/dma/direct.o
  CC      arch/x86/kernel/cpu/cacheinfo.o
  AR      fs/notify/built-in.a
  CC      fs/anon_inodes.o
  CC      kernel/dma/remap.o
  CC      arch/x86/kernel/cpu/scattered.o
  CC      fs/binfmt_script.o
  CC      arch/x86/kernel/cpu/topology_common.o
  AR      kernel/dma/built-in.a
  CC      kernel/entry/common.o
  CC      fs/binfmt_elf.o
  CC      arch/x86/kernel/cpu/topology_ext.o
  CC      mm/hugetlb_sysfs.o
  CC      arch/x86/kernel/cpu/topology_amd.o
  CC      kernel/entry/syscall-common.o
  CC      mm/hugetlb_sysctl.o
  CC      fs/iomap/trace.o
  CC      arch/x86/kernel/cpu/common.o
  CC      kernel/entry/syscall_user_dispatch.o
  CC      mm/early_ioremap.o
  CC      fs/iomap/iter.o
  AR      kernel/entry/built-in.a
  CC      mm/memfd.o
  CC      fs/iomap/buffered-io.o
  CC      kernel/time/time.o
  CC      arch/x86/kernel/cpu/rdrand.o
  CC      arch/x86/kernel/cpu/match.o
  CC      arch/x86/kernel/cpu/bugs.o
  CC      kernel/time/timer.o
  CC      mm/shuffle.o
  CC      fs/iomap/direct-io.o
  AR      mm/built-in.a
  CC      security/commoncap.o
  CC      kernel/time/hrtimer.o
  CC      fs/iomap/ioend.o
  CC      arch/x86/kernel/cpu/aperfmperf.o
  CC      arch/x86/kernel/cpu/cpuid-deps.o
  CC      security/min_addr.o
  CC      fs/iomap/fiemap.o
  CC      arch/x86/kernel/cpu/cpuid_0x2_table.o
  CC      kernel/time/sleep_timeout.o
  CC      arch/x86/kernel/cpu/umwait.o
  CC      fs/iomap/seek.o
  CC      security/device_cgroup.o
  CC      kernel/time/timekeeping.o
  CC      arch/x86/kernel/cpu/capflags.o
  CC      fs/iomap/bio.o
  CC      arch/x86/kernel/cpu/powerflags.o
  CC      arch/x86/kernel/cpu/feat_ctl.o
  AR      security/built-in.a
  AR      crypto/built-in.a
  CC      block/bdev.o
  CC      kernel/time/ntp.o
  CC      arch/x86/kernel/cpu/intel.o
  CC      fs/iomap/swapfile.o
  CC      arch/x86/kernel/cpu/tsx.o
  CC      kernel/time/clocksource.o
  AR      fs/iomap/built-in.a
  CC      fs/quota/dquot.o
  CC      block/fops.o
  CC      arch/x86/kernel/cpu/amd.o
  CC      kernel/time/jiffies.o
  CC      block/bio.o
  CC      kernel/time/timer_list.o
  CC      arch/x86/kernel/cpu/hygon.o
  CC      arch/x86/kernel/cpu/cyrix.o
  CC      kernel/time/timeconv.o
  CC      fs/quota/quota_v1.o
  CC      kernel/time/timecounter.o
  CC      kernel/time/alarmtimer.o
  CC      block/elevator.o
  CC      arch/x86/kernel/cpu/centaur.o
  CC      fs/quota/quota.o
  CC      arch/x86/kernel/cpu/transmeta.o
  CC      kernel/time/posix-stubs.o
  CC      block/blk-core.o
  CC      arch/x86/kernel/cpu/umc.o
  CC      fs/quota/kqid.o
  CC      kernel/time/clockevents.o
  CC      arch/x86/kernel/cpu/zhaoxin.o
  AR      fs/quota/built-in.a
  CC      fs/proc/task_mmu.o
  CC      arch/x86/kernel/cpu/vortex.o
  CC      kernel/time/tick-common.o
  CC      block/blk-sysfs.o
  CC      arch/x86/kernel/cpu/mtrr/mtrr.o
  CC      kernel/time/vsyscall.o
  CC      block/blk-flush.o
  CC      arch/x86/kernel/cpu/mtrr/if.o
  CC      fs/proc/inode.o
  AR      kernel/time/built-in.a
  CC      kernel/dma.o
  CC      arch/x86/kernel/cpu/mtrr/generic.o
  CC      block/blk-settings.o
  CC      fs/proc/root.o
  CC      kernel/up.o
  CC      kernel/kallsyms.o
  CC      arch/x86/kernel/cpu/mtrr/cleanup.o
  CC      fs/proc/base.o
  CC      block/blk-ioc.o
  CC      kernel/cgroup/cgroup.o
  CC      arch/x86/kernel/cpu/mtrr/amd.o
  CC      block/blk-map.o
  CC      fs/proc/generic.o
  CC      arch/x86/kernel/cpu/mtrr/cyrix.o
  CC      block/blk-merge.o
  CC      arch/x86/kernel/cpu/mtrr/centaur.o
  CC      fs/proc/array.o
  CC      arch/x86/kernel/cpu/mtrr/legacy.o
  CC      kernel/cgroup/rstat.o
  AR      arch/x86/kernel/cpu/mtrr/built-in.a
  CC      arch/x86/kernel/cpu/microcode/core.o
  CC      fs/proc/fd.o
  CC      block/blk-timeout.o
  CC      arch/x86/kernel/cpu/microcode/intel.o
  CC      block/blk-lib.o
  CC      kernel/cgroup/namespace.o
  CC      fs/proc/proc_tty.o
  CC      block/blk-mq.o
  CC      arch/x86/kernel/cpu/microcode/amd.o
  CC      fs/proc/cmdline.o
  CC      kernel/cgroup/cgroup-v1.o
  CC      fs/proc/consoles.o
  AR      arch/x86/kernel/cpu/microcode/built-in.a
  CC      arch/x86/kernel/cpu/proc.o
  CC      fs/proc/cpuinfo.o
  CC      kernel/cgroup/freezer.o
  AR      arch/x86/kernel/cpu/built-in.a
  CC      arch/x86/kernel/reboot.o
  CC      fs/proc/devices.o
  AR      kernel/cgroup/built-in.a
  CC      kernel/irq_work.o
  CC      block/blk-mq-tag.o
  CC      arch/x86/kernel/tsc_sync.o
  CC      fs/proc/interrupts.o
  CC      kernel/static_call.o
  CC      arch/x86/kernel/apic/hw_nmi.o
  CC      fs/proc/loadavg.o
  CC      block/blk-mq-dma.o
  CC      kernel/events/core.o
  AR      arch/x86/kernel/apic/built-in.a
  CC      arch/x86/kernel/trace_clock.o
  CC      fs/proc/meminfo.o
  CC      arch/x86/kernel/doublefault_32.o
  CC      block/blk-stat.o
  CC      fs/proc/stat.o
  CC      block/blk-mq-sysfs.o
  CC      arch/x86/kernel/perf_regs.o
  CC      fs/proc/uptime.o
  CC      block/blk-mq-cpumap.o
  CC      arch/x86/kernel/unwind_guess.o
  CC      fs/proc/util.o
  CC      block/blk-mq-sched.o
  CC      fs/proc/version.o
  CC      arch/x86/kernel/machine_kexec_32.o
  CC      fs/proc/softirqs.o
  AS      arch/x86/kernel/relocate_kernel_32.o
  CC      arch/x86/kernel/eisa.o
  CC      block/ioctl.o
  CC      kernel/events/ring_buffer.o
  CC      fs/proc/namespaces.o
  LDS     arch/x86/kernel/vmlinux.lds
  AR      arch/x86/kernel/built-in.a
  CC      arch/x86/mm/init.o
  CC      block/genhd.o
  CC      kernel/events/callchain.o
  CC      fs/proc/self.o
  CC      arch/x86/mm/init_32.o
  CC      fs/proc/thread_self.o
  CC      kernel/events/hw_breakpoint.o
  CC      block/ioprio.o
  CC      fs/proc/proc_sysctl.o
  CC      arch/x86/mm/fault.o
  AR      kernel/events/built-in.a
  CC      kernel/iomem.o
  CC      block/badblocks.o
  CC      kernel/kexec_core.o
  CC      arch/x86/mm/ioremap.o
  CC      fs/proc/kmsg.o
  CC      block/partitions/core.o
  CC      fs/proc/page.o
  CC      kernel/kexec.o
  CC      arch/x86/mm/extable.o
  CC      block/partitions/msdos.o
  AR      fs/proc/built-in.a
  CC      fs/kernfs/mount.o
  CC      kernel/utsname_sysctl.o
  CC      block/partitions/efi.o
  CC      arch/x86/mm/mmap.o
  AR      kernel/built-in.a
  CC      fs/kernfs/inode.o
  CC      fs/kernfs/dir.o
  CC      arch/x86/mm/pgtable.o
  AR      block/partitions/built-in.a
  CC      block/blk-rq-qos.o
  CC      fs/kernfs/file.o
  CC      arch/x86/mm/physaddr.o
  CC      fs/kernfs/symlink.o
  CC      block/disk-events.o
  CC      block/blk-ia-ranges.o
  CC      arch/x86/mm/tlb.o
  AR      fs/kernfs/built-in.a
  CC      fs/devpts/inode.o
  CC      io_uring/io_uring.o
  CC      block/early-lookup.o
  CC      arch/x86/mm/cpu_entry_area.o
  AR      fs/devpts/built-in.a
  CC      fs/ramfs/inode.o
  CC      block/mq-deadline.o
  CC      arch/x86/mm/maccess.o
  CC      fs/ramfs/file-mmu.o
  CC      arch/x86/mm/pgprot.o
  CC      block/kyber-iosched.o
  AR      fs/ramfs/built-in.a
  CC      fs/hugetlbfs/inode.o
  CC      arch/x86/mm/pat/set_memory.o
  CC      io_uring/opdef.o
  AR      block/built-in.a
  AR      fs/hugetlbfs/built-in.a
  CC      io_uring/kbuf.o
  CC      fs/exportfs/expfs.o
  CC      lib/argv_split.o
  CC      arch/x86/mm/pat/memtype.o
  CC      lib/buildid.o
  AR      fs/exportfs/built-in.a
  CC      fs/autofs/init.o
  CC      io_uring/rsrc.o
  CC      arch/x86/mm/pat/memtype_interval.o
  CC      lib/cmdline.o
  CC      fs/autofs/inode.o
  CC      lib/ctype.o
  CC      lib/dec_and_lock.o
  AR      arch/x86/mm/pat/built-in.a
  CC      arch/x86/mm/pgtable_32.o
  CC      lib/decompress.o
  CC      lib/decompress_bunzip2.o
  CC      io_uring/notif.o
  CC      fs/autofs/root.o
  CC      arch/x86/mm/iomap_32.o
  CC      lib/decompress_inflate.o
  CC      arch/x86/mm/hugetlbpage.o
  CC      lib/decompress_unlz4.o
  CC      fs/autofs/symlink.o
  CC      io_uring/tctx.o
  CC      lib/decompress_unlzma.o
  AR      arch/x86/mm/built-in.a
  AR      arch/x86/crypto/built-in.a
  AR      arch/x86/platform/iris/built-in.a
  AR      arch/x86/platform/built-in.a
  CC      arch/x86/virt/svm/cmdline.o
  AR      arch/x86/virt/svm/built-in.a
  AR      arch/x86/virt/built-in.a
  AR      arch/x86/built-in.a
  CC      fs/autofs/waitq.o
  AS      arch/x86/lib/atomic64_cx8_32.o
  AS      arch/x86/lib/checksum_32.o
  CC      arch/x86/lib/cmdline.o
  CC      io_uring/filetable.o
  AS      arch/x86/lib/cmpxchg8b_emu.o
  CC      arch/x86/lib/cpu.o
  CC      lib/decompress_unlzo.o
  CC      arch/x86/lib/delay.o
  CC      fs/autofs/expire.o
  CC      lib/decompress_unxz.o
  CC      io_uring/rw.o
  AS      arch/x86/lib/getuser.o
  CC      arch/x86/lib/inat.o
  CC      arch/x86/lib/insn-eval.o
  CC      lib/decompress_unzstd.o
  CC      arch/x86/lib/insn.o
  CC      fs/autofs/dev-ioctl.o
  CC      arch/x86/lib/memcpy_32.o
  CC      io_uring/poll.o
  CC      lib/dump_stack.o
  AS      arch/x86/lib/memmove_32.o
  CC      arch/x86/lib/misc.o
  CC      arch/x86/lib/pc-conf-reg.o
  AS      arch/x86/lib/putuser.o
  CC      arch/x86/lib/string_32.o
  CC      arch/x86/lib/strstr_32.o
  CC      arch/x86/lib/usercopy.o
  AR      fs/autofs/built-in.a
  CC      fs/proc_namespace.o
  CC      lib/earlycpio.o
  CC      lib/extable.o
  CC      arch/x86/lib/usercopy_32.o
  CC      lib/flex_proportions.o
  CC      arch/x86/lib/msr.o
  CC      fs/timerfd.o
  CC      io_uring/tw.o
  CC      lib/idr.o
  AS      arch/x86/lib/msr-reg.o
  CC      arch/x86/lib/msr-reg-export.o
  CC      lib/iomem_copy.o
  AS      arch/x86/lib/hweight.o
  CC      arch/x86/lib/iomem.o
  CC      lib/irq_regs.o
  CC      fs/drop_caches.o
  CC      lib/is_single_threaded.o
  CC      arch/x86/lib/atomic64_32.o
  CC      io_uring/wait.o
  AR      arch/x86/lib/lib.a
  AR      arch/x86/lib/built-in.a
  AR      drivers/irqchip/built-in.a
  CC      drivers/bus/mhi/host/init.o
  CC      lib/klist.o
  CC      fs/sysctls.o
  CC      lib/kobject.o
  CC      fs/fhandle.o
  CC      drivers/bus/mhi/host/main.o
  CC      lib/kobject_uevent.o
  CC      io_uring/eventfd.o
  AR      fs/built-in.a
  CC      drivers/bus/mhi/host/pm.o
  CC      io_uring/uring_cmd.o
  CC      lib/logic_pio.o
  CC      drivers/bus/mhi/host/boot.o
  CC      lib/maple_tree.o
  CC      lib/memcat_p.o
  CC      io_uring/openclose.o
  CC      lib/nmi_backtrace.o
  AR      drivers/bus/mhi/host/built-in.a
  AR      drivers/bus/mhi/built-in.a
  AR      drivers/bus/built-in.a
  CC      drivers/phy/phy-core.o
  CC      lib/objpool.o
  CC      io_uring/sqpoll.o
  CC      lib/plist.o
  CC      drivers/phy/broadcom/phy-bcm-kona-usb2.o
  CC      lib/radix-tree.o
  CC      lib/ratelimit.o
  CC      lib/rbtree.o
  AR      drivers/phy/broadcom/built-in.a
  AR      drivers/phy/cadence/built-in.a
  CC      lib/seq_buf.o
  CC      lib/siphash.o
  AR      drivers/phy/built-in.a
  AR      drivers/pci/built-in.a
  CC      drivers/video/console/dummycon.o
  CC      io_uring/xattr.o
  CC      drivers/video/console/vgacon.o
  CC      lib/string.o
  CC      lib/sys_info.o
  CC      lib/timerqueue.o
  CC      io_uring/nop.o
  CC      lib/vsprintf.o
  AR      drivers/video/console/built-in.a
  AR      drivers/video/built-in.a
  CC      drivers/char/ipmi/ipmi_msghandler.o
  CC      io_uring/fs.o
  CC      lib/win_minmax.o
  CC      lib/xarray.o
  CC      io_uring/splice.o
  CC      lib/lockref.o
  CC      drivers/char/ipmi/ipmi_dmi.o
  CC      io_uring/sync.o
  CC      lib/bcd.o
  CC      lib/sort.o
  CC      lib/parser.o
  CC      lib/debug_locks.o
  CC      lib/random32.o
  CC      drivers/char/ipmi/ipmi_plat_data.o
  CC      lib/bust_spinlocks.o
  CC      io_uring/msg_ring.o
  CC      io_uring/advise.o
  AR      drivers/char/ipmi/built-in.a
  CC      lib/kasprintf.o
  CC      drivers/tty/tty_io.o
  CC      drivers/tty/n_tty.o
  CC      io_uring/statx.o
  CC      lib/bitmap.o
  CC      lib/scatterlist.o
  CC      io_uring/timeout.o
  CC      drivers/tty/tty_ioctl.o
  CC      drivers/tty/tty_ldisc.o
  CC      lib/list_sort.o
  CC      lib/uuid.o
  CC      lib/iov_iter.o
  CC      drivers/tty/tty_buffer.o
  CC      io_uring/cancel.o
  CC      drivers/tty/tty_port.o
  CC      drivers/tty/tty_mutex.o
  CC      io_uring/waitid.o
  CC      io_uring/register.o
  CC      drivers/tty/tty_ldsem.o
  CC      lib/clz_ctz.o
  CC      lib/bsearch.o
  CC      drivers/tty/tty_baudrate.o
  CC      io_uring/truncate.o
  CC      lib/find_bit.o
  CC      lib/llist.o
  CC      lib/lwq.o
  CC      io_uring/memmap.o
  CC      drivers/tty/tty_jobctrl.o
  CC      lib/memweight.o
  CC      io_uring/alloc_cache.o
  CC      lib/kfifo.o
  CC      drivers/tty/n_null.o
  CC      io_uring/query.o
  CC      io_uring/loop.o
  CC      lib/percpu-refcount.o
  CC      drivers/tty/pty.o
  CC      io_uring/io-wq.o
  CC      lib/rhashtable.o
  CC      lib/base64.o
  CC      lib/once.o
  CC      drivers/tty/vt/vt_ioctl.o
  CC      drivers/tty/vt/vc_screen.o
  CC      lib/refcount.o
  CC      io_uring/fdinfo.o
  CC      lib/rcuref.o
  CC      lib/usercopy.o
  CC      lib/errseq.o
  CC      lib/bucket_locks.o
  CC      drivers/tty/vt/selection.o
  AR      io_uring/built-in.a
  CC      drivers/tty/vt/keyboard.o
  CC      lib/generic-radix-tree.o
  CC      lib/bitmap-str.o
  CC      lib/string_helpers.o
  CC      drivers/tty/vt/vt.o
  CC      lib/hexdump.o
  CC      lib/kstrtox.o
  CC      drivers/tty/vt/defkeymap.o
  CC      lib/math/div64.o
  CC      drivers/tty/vt/consolemap.o
  CC      lib/math/gcd.o
  CC      lib/math/lcm.o
  CC      lib/math/int_log.o
  CC      lib/math/int_pow.o
  CC      lib/math/int_sqrt.o
  CC      lib/math/reciprocal_div.o
  CC      drivers/tty/vt/consolemap_deftbl.o
  CC      drivers/tty/vt/ucs.o
  CC      lib/crc/crc32-main.o
  AR      lib/math/built-in.a
  CC      lib/crypto/blake2s.o
  CC      drivers/tty/serial/serial_core.o
  HOSTCC  lib/crc/gen_crc64table
  AR      drivers/tty/vt/built-in.a
  CC      drivers/tty/serial/serial_base_bus.o
  GEN     lib/crc/crc64table.h
  CC      lib/crc/crc64-main.o
  CC      lib/crypto/chacha-block-generic.o
  CC      lib/crypto/sha256.o
  AR      lib/crc/built-in.a
  CC      lib/vdso/datastore.o
  CC      drivers/tty/serial/serial_ctrl.o
  AR      lib/crypto/built-in.a
  CC      lib/iomap.o
  CC      drivers/tty/serial/serial_port.o
  AR      lib/vdso/built-in.a
  CC      lib/iomap_copy.o
  CC      lib/devres.o
  CC      lib/interval_tree.o
  CC      lib/bitrev.o
  CC      lib/xxhash.o
  CC      drivers/tty/serial/earlycon.o
  CC      lib/zlib_inflate/inffast.o
  CC      lib/zlib_inflate/inflate.o
  CC      lib/zlib_inflate/infutil.o
  CC      lib/zlib_inflate/inftrees.o
  CC      lib/lzo/lzo1x_decompress_safe.o
  CC      lib/zlib_inflate/inflate_syms.o
  CC      drivers/char/mem.o
  CC      drivers/tty/serial/8250/8250_core.o
  AR      lib/lzo/built-in.a
  AR      lib/zlib_inflate/built-in.a
  CC      lib/lz4/lz4_decompress.o
  CC      lib/zstd/zstd_decompress_module.o
  CC      lib/zstd/decompress/huf_decompress.o
  CC      drivers/char/random.o
  CC      lib/zstd/decompress/zstd_ddict.o
  CC      lib/zstd/decompress/zstd_decompress.o
  CC      drivers/tty/serial/8250/8250_platform.o
  AR      lib/lz4/built-in.a
  CC      lib/xz/xz_dec_syms.o
  CC      lib/zstd/decompress/zstd_decompress_block.o
  CC      lib/xz/xz_dec_stream.o
  CC      drivers/tty/serial/8250/8250_port.o
  CC      drivers/char/misc.o
  CC      lib/xz/xz_dec_lzma2.o
  CC      drivers/char/toshiba.o
  CC      lib/xz/xz_dec_bcj.o
  CC      lib/zstd/zstd_common_module.o
  CC      drivers/tty/serial/8250/8250_early.o
  AR      lib/xz/built-in.a
  CC      lib/zstd/common/debug.o
  CC      lib/syscall.o
  CC      drivers/char/ppdev.o
  CC      lib/zstd/common/entropy_common.o
  CC      lib/zstd/common/error_private.o
  CC      lib/zstd/common/fse_decompress.o
  CC      lib/zstd/common/zstd_common.o
  AR      lib/zstd/built-in.a
  CC      lib/strncpy_from_user.o
  AR      drivers/tty/serial/8250/built-in.a
  AR      drivers/tty/serial/built-in.a
  AR      drivers/tty/built-in.a
  CC      drivers/iommu/iommu.o
  CC      lib/strnlen_user.o
  CC      drivers/char/hangcheck-timer.o
  CC      lib/sbitmap.o
  CC      lib/group_cpus.o
  CC      lib/dynamic_debug.o
  AR      drivers/char/built-in.a
  CC      drivers/iommu/iommu-traces.o
  CC      drivers/iommu/iommu-sysfs.o
  CC      drivers/parport/share.o
  CC      drivers/parport/ieee1284.o
  AR      drivers/iommu/built-in.a
  CC      drivers/base/component.o
  CC      drivers/parport/ieee1284_ops.o
  CC      drivers/parport/procfs.o
  CC      lib/closure.o
  CC      drivers/base/core.o
  CC      drivers/base/bus.o
  AR      drivers/parport/built-in.a
  CC      drivers/block/brd.o
  TEST    lib/test_fortify/read_overflow-memchr.log
  CC      drivers/base/dd.o
  TEST    lib/test_fortify/read_overflow-memchr_inv.log
  CC      drivers/block/ublk_drv.o
  TEST    lib/test_fortify/read_overflow-memcmp.log
  CC      drivers/base/syscore.o
  TEST    lib/test_fortify/read_overflow-memscan.log
  CC      drivers/base/driver.o
  TEST    lib/test_fortify/read_overflow2-memcmp.log
  CC      drivers/base/class.o
  TEST    lib/test_fortify/read_overflow2-memcpy.log
  CC      drivers/base/platform.o
  TEST    lib/test_fortify/read_overflow2-memmove.log
  AR      drivers/block/built-in.a
  AR      drivers/misc/pvpanic/built-in.a
  AR      drivers/misc/built-in.a
  AR      drivers/mfd/built-in.a
  TEST    lib/test_fortify/read_overflow2_field-memcpy.log
  CC      drivers/base/cpu.o
  TEST    lib/test_fortify/read_overflow2_field-memmove.log
  TEST    lib/test_fortify/write_overflow-memcpy.log
  CC      drivers/base/firmware.o
  TEST    lib/test_fortify/write_overflow-memmove.log
  TEST    lib/test_fortify/write_overflow-memset.log
  CC      drivers/base/init.o
  CC      drivers/base/map.o
  TEST    lib/test_fortify/write_overflow-strcpy-lit.log
  TEST    lib/test_fortify/write_overflow-strcpy.log
  TEST    lib/test_fortify/write_overflow-strncpy-src.log
  CC      drivers/base/devres.o
  AR      drivers/dax/built-in.a
  CC      drivers/base/attribute_container.o
  TEST    lib/test_fortify/write_overflow-strncpy.log
  TEST    lib/test_fortify/write_overflow-strscpy.log
  TEST    lib/test_fortify/write_overflow_field-memcpy.log
  CC      drivers/base/transport_class.o
  CC      drivers/base/topology.o
  TEST    lib/test_fortify/write_overflow_field-memmove.log
  TEST    lib/test_fortify/write_overflow_field-memset.log
  CC      drivers/base/container.o
  CC      drivers/base/property.o
  CAT     lib/test_fortify/test_fortify.log
  AR      lib/lib.a
  CC      drivers/base/cacheinfo.o
  AR      lib/built-in.a
  CC      drivers/base/swnode.o
  CC      drivers/base/faux.o
  CC      drivers/base/firmware_loader/builtin/main.o
  AR      drivers/scsi/built-in.a
  AR      drivers/nvme/host/built-in.a
  AR      drivers/nvme/built-in.a
  AR      drivers/hsi/controllers/built-in.a
  AR      drivers/hsi/clients/built-in.a
  CC      drivers/hsi/hsi_core.o
  CC      drivers/vfio/vfio_main.o
  AR      drivers/base/firmware_loader/builtin/built-in.a
  AR      drivers/base/firmware_loader/built-in.a
  CC      drivers/hsi/hsi_boardinfo.o
  AR      drivers/base/built-in.a
  CC      drivers/auxdisplay/charlcd.o
  CC      drivers/auxdisplay/hd44780_common.o
  AR      drivers/hsi/built-in.a
  CC      drivers/input/serio/serio.o
  CC      drivers/auxdisplay/panel.o
  CC      drivers/vfio/group.o
  CC      drivers/vfio/container.o
  CC      drivers/input/serio/i8042.o
  AR      drivers/auxdisplay/built-in.a
  CC      drivers/input/input.o
  CC      drivers/vfio/vfio_iommu_type1.o
  CC      drivers/input/input-compat.o
  CC      drivers/input/input-mt.o
  CC      drivers/input/serio/serport.o
  CC      drivers/input/input-poller.o
  CC      drivers/input/serio/ps2mult.o
  CC      drivers/input/ff-core.o
  AR      drivers/vfio/built-in.a
  CC      drivers/rtc/lib.o
  CC      drivers/input/serio/libps2.o
  CC      drivers/input/touchscreen.o
  CC      drivers/rtc/rtc-mc146818-lib.o
  CC      drivers/pps/pps.o
  AR      drivers/input/serio/built-in.a
  CC      drivers/hwmon/hwmon.o
  CC      drivers/input/touch-overlay.o
  AR      drivers/rtc/built-in.a
  CC      drivers/md/bcache/alloc.o
  CC      drivers/pps/kapi.o
  CC      drivers/input/vivaldi-fmap.o
  CC      drivers/hwmon/hwmon-vid.o
  CC      drivers/input/keyboard/atkbd.o
  CC      drivers/pps/sysfs.o
  CC      drivers/hwmon/f71805f.o
  CC      drivers/md/bcache/bset.o
  CC      drivers/pps/clients/pps-ktimer.o
  CC      drivers/hwmon/max197.o
  AR      drivers/pps/clients/built-in.a
  AR      drivers/pps/built-in.a
  GEN     drivers/eisa/devlist.h
  CC      drivers/eisa/virtual_root.o
  AR      drivers/input/keyboard/built-in.a
  CC      drivers/input/mouse/psmouse-base.o
  CC      drivers/hwmon/nct6683.o
  CC      drivers/md/bcache/btree.o
  CC      drivers/eisa/eisa-bus.o
  CC      drivers/input/mouse/synaptics.o
  CC      drivers/hwmon/vt1211.o
  AR      drivers/eisa/built-in.a
  CC      drivers/md/bcache/debug.o
  AR      drivers/hwmon/built-in.a
  CC      drivers/cpufreq/cpufreq.o
  CC      drivers/md/bcache/extents.o
  CC      drivers/input/mouse/focaltech.o
  CC      drivers/md/bcache/io.o
  CC      drivers/md/bcache/journal.o
  CC      drivers/input/mouse/alps.o
  CC      drivers/md/bcache/movinggc.o
  CC      drivers/cpufreq/freq_table.o
  CC      drivers/md/bcache/request.o
  CC      drivers/cpufreq/cpufreq_performance.o
  CC      drivers/cpufreq/speedstep-lib.o
  CC      drivers/input/mouse/byd.o
  CC      drivers/cpufreq/speedstep-smi.o
  CC      drivers/cpufreq/speedstep-centrino.o
  CC      drivers/input/mouse/logips2pp.o
  CC      drivers/input/mouse/trackpoint.o
  CC      drivers/md/bcache/stats.o
  AR      drivers/cpufreq/built-in.a
  CC      drivers/cpuidle/cpuidle.o
  CC      drivers/input/mouse/cypress_ps2.o
  CC      drivers/input/mouse/lifebook.o
  CC      drivers/md/bcache/super.o
  CC      drivers/cpuidle/driver.o
  CC      drivers/cpuidle/governor.o
  AR      drivers/input/mouse/built-in.a
  CC      drivers/input/touchscreen/mtouch.o
  CC      drivers/cpuidle/sysfs.o
  CC      drivers/cpuidle/governors/ladder.o
  AR      drivers/input/touchscreen/built-in.a
  AR      drivers/input/built-in.a
  CC      drivers/firmware/dmi_scan.o
  CC      drivers/md/bcache/sysfs.o
  CC      drivers/cpuidle/poll_state.o
  AR      drivers/cpuidle/governors/built-in.a
  CC      drivers/md/bcache/trace.o
  AR      drivers/cpuidle/built-in.a
  CC      drivers/clocksource/i8253.o
  CC      drivers/firmware/dmi-id.o
  AR      drivers/clocksource/built-in.a
  CC      drivers/hid/hid-core.o
  CC      drivers/md/bcache/util.o
  CC      drivers/md/bcache/writeback.o
  AR      drivers/firmware/built-in.a
  AR      drivers/platform/chrome/built-in.a
  AR      drivers/platform/built-in.a
  AR      drivers/virt/built-in.a
  AR      drivers/memory/built-in.a
  AR      drivers/hwtracing/intel_th/built-in.a
  CC      drivers/md/bcache/features.o
  CC      drivers/hid/hid-input.o
  CC      drivers/hid/hid-quirks.o
  AR      drivers/md/bcache/built-in.a
  AR      drivers/md/built-in.a
  CC      drivers/hid/hid-generic.o
  AR      drivers/hid/built-in.a
  AR      drivers/built-in.a
  AR      built-in.a
  AR      vmlinux.a
  LD      vmlinux.o
  MODPOST vmlinux.symvers
  CC      .vmlinux.export.o
  UPD     include/generated/utsversion.h
  CC      init/version-timestamp.o
  KSYMS   .tmp_vmlinux0.kallsyms.S
  AS      .tmp_vmlinux0.kallsyms.o
  LD      .tmp_vmlinux1
  NM      .tmp_vmlinux1.syms
  KSYMS   .tmp_vmlinux1.kallsyms.S
  AS      .tmp_vmlinux1.kallsyms.o
  LD      .tmp_vmlinux2
  NM      .tmp_vmlinux2.syms
  KSYMS   .tmp_vmlinux2.kallsyms.S
  AS      .tmp_vmlinux2.kallsyms.o
  LD      vmlinux.unstripped
  NM      System.map
  SORTTAB vmlinux.unstripped
  OBJCOPY vmlinux
  GEN     modules.builtin.modinfo
  GEN     modules.builtin
  CC      arch/x86/boot/a20.o
  CC      arch/x86/boot/cmdline.o
  AS      arch/x86/boot/copy.o
  CC      arch/x86/boot/cpu.o
  CC      arch/x86/boot/cpuflags.o
  CC      arch/x86/boot/cpucheck.o
  CC      arch/x86/boot/early_serial_console.o
  CC      arch/x86/boot/edd.o
  CC      arch/x86/boot/main.o
  CC      arch/x86/boot/memory.o
  CC      arch/x86/boot/pm.o
  AS      arch/x86/boot/pmjump.o
  CC      arch/x86/boot/printf.o
  LDS     arch/x86/boot/compressed/vmlinux.lds
  CC      arch/x86/boot/regs.o
  AS      arch/x86/boot/compressed/head_32.o
  VOFFSET arch/x86/boot/compressed/../voffset.h
  CC      arch/x86/boot/compressed/string.o
  CC      arch/x86/boot/string.o
  CC      arch/x86/boot/compressed/cmdline.o
  CC      arch/x86/boot/compressed/error.o
  OBJCOPY arch/x86/boot/compressed/vmlinux.bin
  CC      arch/x86/boot/compressed/cpuflags.o
  CC      arch/x86/boot/tty.o
  CC      arch/x86/boot/video.o
  CC      arch/x86/boot/video-mode.o
  CC      arch/x86/boot/version.o
  CC      arch/x86/boot/video-vga.o
  CC      arch/x86/boot/video-vesa.o
  CC      arch/x86/boot/video-bios.o
  CC      arch/x86/boot/compressed/misc.o
  GZIP    arch/x86/boot/compressed/vmlinux.bin.gz
  MKPIGGY arch/x86/boot/compressed/piggy.S
  AS      arch/x86/boot/compressed/piggy.o
  LD      arch/x86/boot/compressed/vmlinux
  ZOFFSET arch/x86/boot/zoffset.h
  OBJCOPY arch/x86/boot/vmlinux.bin
  AS      arch/x86/boot/header.o
  LD      arch/x86/boot/setup.elf
  OBJCOPY arch/x86/boot/setup.bin
  BUILD   arch/x86/boot/bzImage
Kernel: arch/x86/boot/bzImage is ready  (#5)
make[5]: Leaving directory '/mnt/git-volume/kernel-test-stable/build/rand500config-i386'
make[4]: Leaving directory '/mnt/git-volume/linux-stable'
