make[4]: Entering directory '/mnt/git-volume/linux-stable'
make[5]: Entering directory '/mnt/git-volume/kernel-test-stable/build/rand500config-riscv'
#
# configuration written to .config
#
Using .config as base
Merging /mnt/git-volume/linux-stable/kernel/configs/tiny.config
Value of CONFIG_KERNEL_XZ is redefined by fragment /mnt/git-volume/linux-stable/kernel/configs/tiny.config:
Previous value: # CONFIG_KERNEL_XZ is not set
New value: CONFIG_KERNEL_XZ=y

Value of CONFIG_CC_OPTIMIZE_FOR_SIZE is redefined by fragment /mnt/git-volume/linux-stable/kernel/configs/tiny.config:
Previous value: # CONFIG_CC_OPTIMIZE_FOR_SIZE is not set
New value: CONFIG_CC_OPTIMIZE_FOR_SIZE=y

Value of CONFIG_LD_DEAD_CODE_DATA_ELIMINATION is redefined by fragment /mnt/git-volume/linux-stable/kernel/configs/tiny.config:
Previous value: # CONFIG_LD_DEAD_CODE_DATA_ELIMINATION is not set
New value: CONFIG_LD_DEAD_CODE_DATA_ELIMINATION=y

Value of CONFIG_SLUB_TINY is redefined by fragment /mnt/git-volume/linux-stable/kernel/configs/tiny.config:
Previous value: # CONFIG_SLUB_TINY is not set
New value: CONFIG_SLUB_TINY=y

#
# merged configuration written to .config (needs make)
#
#
# configuration written to .config
#
make[5]: Leaving directory '/mnt/git-volume/kernel-test-stable/build/rand500config-riscv'
make[4]: Leaving directory '/mnt/git-volume/linux-stable'
make[4]: Entering directory '/mnt/git-volume/linux-stable'
make[5]: Entering directory '/tmp/tmp.KpkNSDVzP2'
  UPD     /tmp/tmp.KpkNSDVzP2/Makefile
  HOSTCC  scripts/basic/fixdep
  HOSTCC  scripts/kconfig/conf.o
  HOSTCC  scripts/kconfig/confdata.o
  HOSTCC  scripts/kconfig/expr.o
  LEX     scripts/kconfig/lexer.lex.c
  YACC    scripts/kconfig/parser.tab.[ch]
  HOSTCC  scripts/kconfig/lexer.lex.o
  HOSTCC  scripts/kconfig/menu.o
  HOSTCC  scripts/kconfig/parser.tab.o
  HOSTCC  scripts/kconfig/preprocess.o
  HOSTCC  scripts/kconfig/symbol.o
  HOSTCC  scripts/kconfig/util.o
  HOSTLD  scripts/kconfig/conf
KCONFIG_SEED=0xFCA6B94A
#
# configuration written to .config
#
make[5]: Leaving directory '/tmp/tmp.KpkNSDVzP2'
make[4]: Leaving directory '/mnt/git-volume/linux-stable'
make[4]: Entering directory '/mnt/git-volume/linux-stable'
make[5]: Entering directory '/tmp/tmp.KpkNSDVzP2'
.config:5938:warning: override: reassigning to symbol PRINTK
.config:5942:warning: override: reassigning to symbol TTY
.config:5945:warning: override: reassigning to symbol BLK_DEV_INITRD
.config:5946:warning: override: reassigning to symbol RD_GZIP
.config:5949:warning: override: reassigning to symbol BINFMT_ELF
.config:5950:warning: override: reassigning to symbol BINFMT_SCRIPT
.config:5953:warning: override: reassigning to symbol TMPFS
.config:5956:warning: override: reassigning to symbol KERNEL_GZIP
.config:5962:warning: override: reassigning to symbol KERNEL_BZIP2
.config:5963:warning: override: reassigning to symbol KERNEL_LZMA
.config:5964:warning: override: reassigning to symbol KERNEL_XZ
.config:5965:warning: override: reassigning to symbol KERNEL_LZO
.config:5966:warning: override: reassigning to symbol KERNEL_LZ4
.config:5967:warning: override: reassigning to symbol KERNEL_ZSTD
.config:5970:warning: override: reassigning to symbol MODULES
.config:5973:warning: override: reassigning to symbol DRM
.config:5974:warning: override: reassigning to symbol SOUND
.config:5975:warning: override: reassigning to symbol STAGING
.config:5977:warning: override: reassigning to symbol MEDIA_SUPPORT
.config:5983:warning: override: reassigning to symbol KCOV
.config:5984:warning: override: reassigning to symbol KASAN
.config:5987:warning: override: reassigning to symbol KFENCE
.config:5988:warning: override: reassigning to symbol UBSAN
.config:5993:warning: override: reassigning to symbol RCU_TORTURE_TEST
.config:5994:warning: override: reassigning to symbol LOCK_TORTURE_TEST
.config:6001:warning: override: reassigning to symbol KUNIT
#
# configuration written to .config
#
make[5]: Leaving directory '/tmp/tmp.KpkNSDVzP2'
make[4]: Leaving directory '/mnt/git-volume/linux-stable'
make[4]: Entering directory '/mnt/git-volume/linux-stable'
make[5]: Entering directory '/mnt/git-volume/kernel-test-stable/build/rand500config-riscv'
.config:1364:warning: override: reassigning to symbol PVPANIC
.config:1366:warning: override: reassigning to symbol ARCH_WANT_LD_ORPHAN_WARN
.config:1369:warning: override: reassigning to symbol PROC_MEM_FORCE_PTRACE
.config:1371:warning: override: reassigning to symbol BCM_KONA_USB2_PHY
.config:1386:warning: override: reassigning to symbol SPMI
.config:1387:warning: override: reassigning to symbol ARCH_DMA_ADDR_T_64BIT
.config:1393:warning: override: reassigning to symbol SSB_POSSIBLE
.config:1394:warning: override: reassigning to symbol HAVE_CLK
.config:1399:warning: override: reassigning to symbol HAS_IOMEM
.config:1400:warning: override: reassigning to symbol GENERIC_CPU_VULNERABILITIES
.config:1408:warning: override: reassigning to symbol UNINLINE_SPIN_UNLOCK
.config:1411:warning: override: reassigning to symbol XILINX_SDFEC
.config:1417:warning: override: reassigning to symbol IPMI_HANDLER
.config:1421:warning: override: reassigning to symbol ARCH_DEFAULT_CRASH_DUMP
.config:1436:warning: override: reassigning to symbol BASE_SMALL
.config:1438:warning: override: reassigning to symbol RISCV_INTC
.config:1439:warning: override: reassigning to symbol ARCH_ANLOGIC
.config:1444:warning: override: reassigning to symbol ARCH_OPTIONAL_KERNEL_RWX
.config:1446:warning: override: reassigning to symbol ARCH_SUPPORTS_PAGE_TABLE_CHECK
.config:1456:warning: override: reassigning to symbol HAVE_KERNEL_LZO
.config:1458:warning: override: reassigning to symbol EDAC_SUPPORT
.config:1459:warning: override: reassigning to symbol OF_IRQ
.config:1460:warning: override: reassigning to symbol HAVE_ARCH_MMAP_RND_BITS
.config:1463:warning: override: reassigning to symbol HAVE_64BIT_ALIGNED_ACCESS
.config:1467:warning: override: reassigning to symbol VALIDATE_FS_PARSER
.config:1479:warning: override: reassigning to symbol HAVE_ARCH_THREAD_STRUCT_WHITELIST
.config:1490:warning: override: reassigning to symbol VCPU_STALL_DETECTOR
.config:1493:warning: override: reassigning to symbol PHY_CADENCE_TORRENT
.config:1494:warning: override: reassigning to symbol GCC_NO_STRINGOP_OVERFLOW
.config:1497:warning: override: reassigning to symbol ARCH_PROC_KCORE_TEXT
.config:1498:warning: override: reassigning to symbol POWER_SEQUENCING
.config:1509:warning: override: reassigning to symbol INIT_ON_ALLOC_DEFAULT_ON
.config:1510:warning: override: reassigning to symbol DEBUG_LIST
.config:1515:warning: override: reassigning to symbol MHI_BUS_EP
.config:1525:warning: override: reassigning to symbol BACKLIGHT_CLASS_DEVICE
.config:1545:warning: override: reassigning to symbol POWER_SUPPLY
.config:1556:warning: override: reassigning to symbol TINY_RCU
.config:1558:warning: override: reassigning to symbol ARCH_HAVE_NMI_SAFE_CMPXCHG
.config:1563:warning: override: reassigning to symbol PAGE_MAPCOUNT
.config:1564:warning: override: reassigning to symbol INPUT
.config:1572:warning: override: reassigning to symbol ARCH_HAS_NON_OVERLAPPING_ADDRESS_SPACE
.config:1575:warning: override: reassigning to symbol EFI_ESRT
.config:1577:warning: override: reassigning to symbol HAVE_CONTEXT_TRACKING_USER
.config:1578:warning: override: reassigning to symbol CMODEL_MEDANY
.config:1580:warning: override: reassigning to symbol ARCH_SUPPORTS_LTO_CLANG_THIN
.config:1581:warning: override: reassigning to symbol PAGE_SIZE_4KB
.config:1582:warning: override: reassigning to symbol ARCH_HAS_MMIOWB
.config:1587:warning: override: reassigning to symbol ARCH_HAS_STRICT_MODULE_RWX
.config:1596:warning: override: reassigning to symbol SELECT_MEMORY_MODEL
.config:1604:warning: override: reassigning to symbol PPS
.config:1618:warning: override: reassigning to symbol HAVE_ARCH_TRANSPARENT_HUGEPAGE_PUD
.config:1625:warning: override: reassigning to symbol DEVTMPFS
.config:1627:warning: override: reassigning to symbol WPCM450_SOC
.config:1634:warning: override: reassigning to symbol LOCK_STAT
.config:1638:warning: override: reassigning to symbol SYNC_FILE
.config:1648:warning: override: reassigning to symbol HAVE_REGS_AND_STACK_ACCESS_API
.config:1671:warning: override: reassigning to symbol FORCE_NR_CPUS
.config:1672:warning: override: reassigning to symbol LWQ_TEST
.config:1673:warning: override: reassigning to symbol HAVE_FUNCTION_ERROR_INJECTION
.config:1681:warning: override: reassigning to symbol OF_OVERLAY
.config:1683:warning: override: reassigning to symbol COMPILE_TEST
.config:1686:warning: override: reassigning to symbol FSI
.config:1692:warning: override: reassigning to symbol PAGE_SIZE_LESS_THAN_64KB
.config:1700:warning: override: reassigning to symbol HAVE_PERF_USER_STACK_DUMP
.config:1712:warning: override: reassigning to symbol ARCH_SUPPORTS_ATOMIC_RMW
.config:1719:warning: override: reassigning to symbol DMADEVICES
.config:1724:warning: override: reassigning to symbol HAVE_SAMPLE_FTRACE_DIRECT_MULTI
.config:1725:warning: override: reassigning to symbol LTO_NONE
.config:1731:warning: override: reassigning to symbol ALLOW_DEV_COREDUMP
.config:1734:warning: override: reassigning to symbol RISCV_ISA_ZBA
.config:1745:warning: override: reassigning to symbol KSM
.config:1752:warning: override: reassigning to symbol DMABUF_HEAPS
.config:1755:warning: override: reassigning to symbol GENERIC_PHY
.config:1756:warning: override: reassigning to symbol HAVE_ARCH_KASAN
.config:1765:warning: override: reassigning to symbol USER_STACKTRACE_SUPPORT
.config:1771:warning: override: reassigning to symbol HAVE_ARCH_JUMP_LABEL
.config:1772:warning: override: reassigning to symbol CRC32
.config:1781:warning: override: reassigning to symbol SECRETMEM
.config:1788:warning: override: reassigning to symbol DEBUG_FS
.config:1790:warning: override: reassigning to symbol ARCH_SELECT_MEMORY_MODEL
.config:1795:warning: override: reassigning to symbol FUSE_FS
.config:1797:warning: override: reassigning to symbol HAVE_MOVE_PMD
.config:1801:warning: override: reassigning to symbol LD_DEAD_CODE_DATA_ELIMINATION
.config:1806:warning: override: reassigning to symbol RISCV_SCALAR_MISALIGNED
.config:1813:warning: override: reassigning to symbol HAVE_POSIX_CPU_TIMERS_TASK_WORK
.config:1815:warning: override: reassigning to symbol LIST_HARDENED
.config:1816:warning: override: reassigning to symbol HARDIRQS_SW_RESEND
.config:1819:warning: override: reassigning to symbol ARCH_HAS_PREEMPT_LAZY
.config:1826:warning: override: reassigning to symbol PINCTRL
.config:1827:warning: override: reassigning to symbol ARCH_HAS_DEBUG_VIRTUAL
.config:1828:warning: override: reassigning to symbol FIX_EARLYCON_MEM
.config:1835:warning: override: reassigning to symbol DEBUG_LOCKING_API_SELFTESTS
.config:1837:warning: override: reassigning to symbol EXPERT
.config:1841:warning: override: reassigning to symbol DEBUG_KOBJECT
.config:1845:warning: override: reassigning to symbol RISCV_PROBE_UNALIGNED_ACCESS
.config:1871:warning: override: reassigning to symbol PRINTK
.config:1875:warning: override: reassigning to symbol TTY
.config:1878:warning: override: reassigning to symbol BLK_DEV_INITRD
.config:1882:warning: override: reassigning to symbol BINFMT_ELF
.config:1883:warning: override: reassigning to symbol BINFMT_SCRIPT
.config:1889:warning: override: reassigning to symbol KERNEL_GZIP
.config:1897:warning: override: reassigning to symbol FPU
#
# configuration written to .config
#
make[5]: Leaving directory '/mnt/git-volume/kernel-test-stable/build/rand500config-riscv'
make[4]: Leaving directory '/mnt/git-volume/linux-stable'
make[4]: Entering directory '/mnt/git-volume/linux-stable'
make[5]: Entering directory '/mnt/git-volume/kernel-test-stable/build/rand500config-riscv'
  SYNC    include/config/auto.conf.cmd
  UPD     include/generated/uapi/linux/version.h
  UPD     include/config/kernel.release
  UPD     include/generated/utsrelease.h
  CC      kernel/bounds.s
  UPD     include/generated/bounds.h
  CC      arch/riscv/kernel/asm-offsets.s
  UPD     include/generated/asm-offsets.h
  CC      kernel/sched/rq-offsets.s
  UPD     include/generated/rq-offsets.h
  CALL    /mnt/git-volume/linux-stable/scripts/checksyscalls.sh 
  LDS     arch/riscv/kernel/vdso/vdso.lds
  AS      arch/riscv/kernel/vdso/rt_sigreturn.o
  CC      arch/riscv/kernel/vdso/vgettimeofday.o
  AS      arch/riscv/kernel/vdso/getcpu.o
  AS      arch/riscv/kernel/vdso/flush_icache.o
  CC      arch/riscv/kernel/vdso/hwprobe.o
  AS      arch/riscv/kernel/vdso/sys_hwprobe.o
  CC      arch/riscv/kernel/vdso/getrandom.o
  AS      arch/riscv/kernel/vdso/note.o
  AS      arch/riscv/kernel/vdso/vgetrandom-chacha.o
  VDSOLD  arch/riscv/kernel/vdso/vdso.so.dbg
  VDSOSYM include/generated/vdso-offsets.h
  GEN     usr/initramfs_data.cpio
  COPY    usr/initramfs_inc_data
  AS      usr/initramfs_data.o
  CC      init/main.o
  AR      usr/built-in.a
  CC      kernel/fork.o
  AS      arch/riscv/kernel/head.o
  CC      arch/riscv/kernel/soc.o
  CC      mm/filemap.o
  CC      arch/riscv/kernel/alternative.o
  UPD     init/utsversion-tmp.h
  CC      init/do_mounts.o
  CC      arch/riscv/kernel/cpu.o
  CC      kernel/exec_domain.o
  CC      arch/riscv/kernel/cpufeature.o
  CC      mm/mempool.o
  CC      init/do_mounts_initrd.o
  CC      kernel/panic.o
  AS      arch/riscv/kernel/entry.o
  CC      arch/riscv/kernel/irq.o
  CC      mm/oom_kill.o
  CC      init/initramfs.o
  CC      kernel/cpu.o
  CC      arch/riscv/kernel/process.o
  CC      mm/fadvise.o
  CC      init/calibrate.o
  CC      kernel/exit.o
  CC      arch/riscv/kernel/ptrace.o
  CC      init/init_task.o
  CC      mm/maccess.o
  CC      arch/riscv/kernel/reset.o
  CC      init/version.o
  CC      arch/riscv/kernel/return_address.o
  CC      kernel/softirq.o
  CC      mm/page-writeback.o
  AR      init/built-in.a
  CC      arch/riscv/kernel/setup.o
  CC      fs/open.o
  CC      kernel/resource.o
  CC      arch/riscv/kernel/signal.o
  CC      mm/folio-compat.o
  CC      kernel/sysctl.o
  CC      fs/read_write.o
  CC      mm/readahead.o
  CC      arch/riscv/kernel/syscall_table.o
  CC      kernel/capability.o
  CC      arch/riscv/kernel/sys_riscv.o
  CC      fs/file_table.o
  CC      mm/swap.o
  CC      kernel/ptrace.o
  CC      arch/riscv/kernel/sys_hwprobe.o
  CC      fs/super.o
  CC      mm/truncate.o
  CC      kernel/user.o
  CC      arch/riscv/kernel/time.o
  CC      kernel/signal.o
  CC      fs/char_dev.o
  CC      mm/vmscan.o
  CC      arch/riscv/kernel/traps.o
  CC      fs/stat.o
  CC      arch/riscv/kernel/riscv_ksyms.o
  CC      kernel/sys.o
  CC      arch/riscv/kernel/stacktrace.o
  CC      mm/shrinker.o
  CC      fs/exec.o
  CC      arch/riscv/kernel/cacheinfo.o
  CC      mm/shmem.o
  CC      kernel/umh.o
  CC      arch/riscv/kernel/patch.o
  CC      fs/pipe.o
  CC      mm/util.o
  CC      kernel/workqueue.o
  CC      arch/riscv/kernel/vendor_extensions.o
  CC      arch/riscv/kernel/vdso.o
  CC      fs/namei.o
  CC      mm/mmzone.o
  OBJCOPY arch/riscv/kernel/vdso/vdso.so
  AS      arch/riscv/kernel/vdso/vdso.o
  AR      arch/riscv/kernel/vdso/built-in.a
  CC      arch/riscv/kernel/traps_misaligned.o
  CC      mm/vmstat.o
  CC      kernel/pid.o
  CC      mm/backing-dev.o
  CC      arch/riscv/kernel/unaligned_access_speed.o
  CC      fs/fcntl.o
  AS      arch/riscv/kernel/copy-unaligned.o
  AS      arch/riscv/kernel/vec-copy-unaligned.o
  AS      arch/riscv/kernel/fpu.o
  CC      arch/riscv/kernel/kernel_mode_fpu.o
  CC      mm/mm_init.o
  CC      kernel/task_work.o
  CC      arch/riscv/kernel/vector.o
  CC      fs/ioctl.o
  CC      kernel/extable.o
  CC      arch/riscv/kernel/kernel_mode_vector.o
  CC      mm/percpu.o
  CC      fs/readdir.o
  CC      arch/riscv/kernel/perf_regs.o
  CC      kernel/params.o
  CC      arch/riscv/kernel/sbi.o
  CC      fs/select.o
  CC      mm/slab_common.o
  CC      kernel/kthread.o
  CC      arch/riscv/kernel/sbi_ecall.o
  CC      mm/compaction.o
  CC      arch/riscv/kernel/efi.o
  CC      kernel/sys_ni.o
  CC      fs/dcache.o
  CC      kernel/nsproxy.o
  CC      mm/show_mem.o
  CC      arch/riscv/kernel/pi/cmdline_early.o
  CC      arch/riscv/kernel/pi/string.o
  CC      kernel/nstree.o
  CC      arch/riscv/kernel/pi/archrandom_early.o
  OBJCOPY arch/riscv/kernel/pi/cmdline_early.pi.o
  OBJCOPY arch/riscv/kernel/pi/string.pi.o
  OBJCOPY arch/riscv/kernel/pi/archrandom_early.pi.o
  AR      arch/riscv/kernel/pi/built-in.a
  CC      arch/riscv/kernel/bugs.o
  CC      mm/interval_tree.o
  CC      fs/inode.o
  LDS     arch/riscv/kernel/vmlinux.lds
  AR      arch/riscv/kernel/built-in.a
  CC      arch/riscv/mm/init.o
  CC      kernel/nscommon.o
  CC      mm/list_lru.o
  CC      kernel/notifier.o
  CC      fs/attr.o
  CC      arch/riscv/mm/extable.o
  CC      mm/workingset.o
  CC      kernel/ksysfs.o
  CC      arch/riscv/mm/fault.o
  CC      fs/bad_inode.o
  CC      kernel/cred.o
  CC      mm/debug.o
  CC      fs/file.o
  CC      arch/riscv/mm/pageattr.o
  CC      mm/gup.o
  CC      kernel/reboot.o
  CC      arch/riscv/mm/pgtable.o
  CC      fs/filesystems.o
  CC      kernel/async.o
  CC      arch/riscv/mm/tlbflush.o
  CC      mm/mmap_lock.o
  CC      fs/namespace.o
  CC      kernel/range.o
  CC      kernel/smpboot.o
  CC      arch/riscv/mm/cacheflush.o
  CC      mm/vma_init.o
  CC      kernel/ucount.o
  CC      arch/riscv/mm/context.o
  CC      kernel/regset.o
  CC      mm/highmem.o
  CC      arch/riscv/mm/pmem.o
  CC      kernel/ksyms_common.o
  CC      fs/seq_file.o
  CC      mm/memory.o
  CC      arch/riscv/mm/ptdump.o
  CC      kernel/sched/core.o
  AR      arch/riscv/mm/built-in.a
  AR      arch/riscv/errata/built-in.a
  CC      arch/riscv/purgatory/purgatory.o
  CC      fs/xattr.o
  CC      arch/riscv/purgatory/sha256.o
  AS      arch/riscv/purgatory/entry.o
  CC      arch/riscv/purgatory/string.o
  AS      arch/riscv/purgatory/memcpy.o
  AS      arch/riscv/purgatory/memset.o
  AS      arch/riscv/purgatory/strcmp.o
  AS      arch/riscv/purgatory/strlen.o
  AS      arch/riscv/purgatory/strncmp.o
  AS      arch/riscv/purgatory/strnlen.o
  AS      arch/riscv/purgatory/strchr.o
  AS      arch/riscv/purgatory/strrchr.o
  LD      arch/riscv/purgatory/purgatory.ro
  LD      arch/riscv/purgatory/purgatory.chk
  AS      arch/riscv/purgatory/kexec-purgatory.o
  AR      arch/riscv/purgatory/built-in.a
  AR      arch/riscv/built-in.a
  CC      security/commoncap.o
  CC      kernel/sched/fair.o
  CC      fs/libfs.o
  CC      mm/mincore.o
  CC      security/min_addr.o
  CC      fs/fs-writeback.o
  CC      mm/mlock.o
  AR      security/built-in.a
  CC      lib/argv_split.o
  CC      kernel/sched/build_policy.o
  CC      lib/buildid.o
  CC      fs/pnode.o
  CC      mm/mmap.o
  CC      fs/splice.o
  CC      lib/cmdline.o
  CC      lib/dec_and_lock.o
  CC      lib/decompress.o
  CC      lib/decompress_bunzip2.o
  CC      mm/mmu_gather.o
  CC      lib/decompress_inflate.o
  CC      fs/sync.o
  CC      kernel/sched/build_utility.o
  CC      mm/mprotect.o
  CC      lib/decompress_unlz4.o
  CC      fs/utimes.o
  CC      lib/decompress_unlzma.o
  CC      mm/mremap.o
  CC      lib/decompress_unlzo.o
  CC      fs/d_path.o
  AR      kernel/sched/built-in.a
  CC      kernel/locking/mutex.o
  CC      lib/decompress_unxz.o
  CC      mm/msync.o
  CC      fs/stack.o
  CC      lib/decompress_unzstd.o
  CC      kernel/locking/semaphore.o
  CC      fs/fs_struct.o
  CC      lib/dump_stack.o
  CC      mm/page_vma_mapped.o
  CC      kernel/locking/rwsem.o
  CC      lib/earlycpio.o
  CC      lib/extable.o
  CC      fs/statfs.o
  CC      mm/pagewalk.o
  CC      lib/flex_proportions.o
  CC      kernel/locking/percpu-rwsem.o
  CC      fs/fs_pin.o
  CC      lib/idr.o
  CC      kernel/locking/mutex-debug.o
  CC      mm/pgtable-generic.o
  CC      fs/nsfs.o
  CC      lib/iomem_copy.o
  CC      kernel/locking/lockdep.o
  CC      lib/irq_regs.o
  CC      mm/rmap.o
  CC      lib/is_single_threaded.o
  CC      fs/fs_dirent.o
  CC      fs/fs_context.o
  CC      lib/klist.o
  CC      lib/kobject.o
  CC      kernel/locking/spinlock.o
  CC      mm/vmalloc.o
  CC      fs/fs_parser.o
  CC      lib/kobject_uevent.o
  CC      kernel/locking/spinlock_debug.o
  CC      fs/fsopen.o
  AR      kernel/locking/built-in.a
  CC      kernel/power/qos.o
  CC      lib/logic_pio.o
  CC      fs/init.o
  CC      mm/vma.o
  CC      lib/maple_tree.o
  AR      kernel/power/built-in.a
  CC      kernel/printk/printk.o
  CC      fs/kernel_read_file.o
  CC      mm/vma_exec.o
  CC      fs/mnt_idmapping.o
  CC      lib/memcat_p.o
  CC      kernel/printk/printk_safe.o
  CC      lib/nmi_backtrace.o
  CC      fs/remap_range.o
  CC      mm/mseal.o
  CC      kernel/printk/nbcon.o
  CC      lib/objpool.o
  CC      fs/pidfs.o
  CC      mm/page_alloc.o
  CC      lib/plist.o
  CC      lib/radix-tree.o
  CC      kernel/printk/printk_ringbuffer.o
  AR      kernel/printk/built-in.a
  CC      kernel/irq/irqdesc.o
  CC      lib/ratelimit.o
  CC      fs/file_attr.o
  CC      lib/rbtree.o
  CC      lib/seq_buf.o
  CC      kernel/irq/handle.o
  CC      mm/page_frag_cache.o
  CC      fs/fserror.o
  CC      lib/siphash.o
  CC      kernel/irq/manage.o
  CC      lib/string.o
  CC      mm/init-mm.o
  CC      lib/sys_info.o
  CC      fs/nullfs.o
  CC      mm/memblock.o
  CC      lib/timerqueue.o
  CC      kernel/irq/spurious.o
  CC      lib/vsprintf.o
  CC      fs/anon_inodes.o
  CC      kernel/irq/resend.o
  CC      mm/slub.o
  CC      fs/binfmt_script.o
  CC      kernel/irq/chip.o
  CC      fs/binfmt_elf.o
  CC      lib/win_minmax.o
  CC      kernel/irq/dummychip.o
  CC      lib/xarray.o
  CC      fs/iomap/trace.o
  CC      mm/dmapool.o
  CC      kernel/irq/devres.o
  CC      lib/lockref.o
  CC      fs/iomap/iter.o
  CC      lib/sort.o
  CC      mm/early_ioremap.o
  CC      lib/parser.o
  CC      kernel/irq/kexec.o
  CC      fs/iomap/buffered-io.o
  CC      lib/debug_locks.o
  CC      lib/random32.o
  CC      mm/ioremap.o
  CC      kernel/irq/irqdomain.o
  CC      lib/bust_spinlocks.o
  CC      mm/ksm.o
  AR      fs/iomap/built-in.a
  AR      fs/quota/built-in.a
  CC      fs/configfs/inode.o
  CC      lib/kasprintf.o
  CC      kernel/irq/msi.o
  CC      lib/bitmap.o
  CC      fs/configfs/file.o
  CC      mm/secretmem.o
  CC      kernel/irq/matrix.o
  CC      fs/configfs/dir.o
  CC      lib/scatterlist.o
  CC      kernel/irq/generic-chip.o
  CC      mm/ptdump.o
  CC      lib/list_sort.o
  CC      fs/configfs/symlink.o
  CC      lib/uuid.o
  CC      lib/iov_iter.o
  AR      mm/built-in.a
  AR      kernel/irq/built-in.a
  CC      arch/riscv/lib/csum.o
  CC      kernel/rcu/update.o
  CC      fs/configfs/mount.o
  CC      arch/riscv/lib/delay.o
  AS      arch/riscv/lib/memcpy.o
  AS      arch/riscv/lib/memmove.o
  AS      arch/riscv/lib/memset.o
  CC      arch/riscv/lib/riscv_v_helpers.o
  CC      kernel/rcu/sync.o
  CC      lib/clz_ctz.o
  CC      fs/configfs/item.o
  CC      lib/bsearch.o
  CC      kernel/rcu/srcutiny.o
  AS      arch/riscv/lib/strchr.o
  AS      arch/riscv/lib/strcmp.o
  AS      arch/riscv/lib/strlen.o
  AS      arch/riscv/lib/strncmp.o
  AS      arch/riscv/lib/strnlen.o
  AS      arch/riscv/lib/strrchr.o
  AS      arch/riscv/lib/uaccess.o
  AS      arch/riscv/lib/uaccess_vector.o
  AR      arch/riscv/lib/lib.a
  CC      drivers/irqchip/irqchip.o
  AR      fs/configfs/built-in.a
  CC      fs/devpts/inode.o
  CC      kernel/rcu/tiny.o
  CC      lib/find_bit.o
  CC      lib/llist.o
  CC      lib/lwq.o
  CC      drivers/irqchip/irq-msi-lib.o
  AR      kernel/rcu/built-in.a
  CC      kernel/dma/mapping.o
  AR      fs/devpts/built-in.a
  CC      fs/ramfs/inode.o
  CC      lib/memweight.o
  CC      drivers/irqchip/irq-riscv-intc.o
  CC      lib/kfifo.o
  CC      fs/ramfs/file-mmu.o
  CC      kernel/dma/direct.o
  CC      drivers/irqchip/irq-riscv-aplic-main.o
  CC      lib/percpu-refcount.o
  AR      fs/ramfs/built-in.a
  CC      fs/fuse/trace.o
  CC      lib/rhashtable.o
  CC      drivers/irqchip/irq-riscv-aplic-direct.o
  CC      kernel/dma/coherent.o
  CC      fs/fuse/dev.o
  CC      drivers/irqchip/irq-riscv-aplic-msi.o
  CC      lib/base64.o
  CC      kernel/dma/swiotlb.o
  CC      lib/once.o
  CC      drivers/irqchip/irq-riscv-imsic-state.o
  CC      lib/refcount.o
  CC      fs/fuse/dir.o
  CC      lib/rcuref.o
  CC      kernel/dma/remap.o
  CC      lib/usercopy.o
  CC      drivers/irqchip/irq-riscv-imsic-early.o
  CC      lib/errseq.o
  AR      kernel/dma/built-in.a
  CC      kernel/entry/common.o
  CC      lib/bucket_locks.o
  CC      drivers/irqchip/irq-riscv-imsic-platform.o
  CC      fs/fuse/file.o
  CC      lib/generic-radix-tree.o
  CC      kernel/entry/syscall-common.o
  CC      lib/bitmap-str.o
  CC      drivers/irqchip/irq-sifive-plic.o
  CC      lib/string_helpers.o
  CC      kernel/entry/syscall_user_dispatch.o
  CC      fs/fuse/inode.o
  CC      drivers/irqchip/exynos-combiner.o
  CC      lib/hexdump.o
  AR      kernel/entry/built-in.a
  CC      kernel/stacktrace.o
  CC      lib/kstrtox.o
  CC      drivers/irqchip/irq-renesas-intc-irqpin.o
  CC      lib/math/div64.o
  CC      fs/fuse/control.o
  CC      kernel/time/time.o
  CC      lib/math/gcd.o
  CC      lib/math/lcm.o
  CC      lib/math/int_log.o
  CC      lib/math/int_sqrt.o
  CC      drivers/irqchip/irq-bcm7038-l1.o
  CC      lib/math/reciprocal_div.o
  CC      lib/math/rational.o
  CC      fs/fuse/xattr.o
  CC      kernel/time/timer.o
  AR      lib/math/built-in.a
  CC      drivers/irqchip/irq-pic32-evic.o
  CC      lib/crc/crc32-main.o
  CC      fs/fuse/acl.o
  CC      kernel/time/hrtimer.o
  CC      lib/crc/crc4.o
  AR      drivers/irqchip/built-in.a
  CC      drivers/bus/simple-pm-bus.o
  CC      fs/fuse/readdir.o
  CC      lib/crc/crc-itu-t.o
  CC      drivers/bus/mhi/ep/main.o
  CC      kernel/time/sleep_timeout.o
  AR      lib/crc/built-in.a
  CC      lib/crypto/blake2s.o
  CC      fs/fuse/ioctl.o
  CC      kernel/time/timekeeping.o
  CC      lib/crypto/chacha-block-generic.o
  CC      drivers/bus/mhi/ep/mmio.o
  CC      fs/fuse/iomode.o
  AR      lib/crypto/built-in.a
  CC      lib/vdso/datastore.o
  CC      kernel/time/ntp.o
  CC      fs/fuse/passthrough.o
  AR      lib/vdso/built-in.a
  CC      lib/iomap_copy.o
  CC      drivers/bus/mhi/ep/ring.o
  CC      lib/devres.o
  CC      kernel/time/clocksource.o
  CC      fs/fuse/backing.o
  CC      drivers/bus/mhi/ep/sm.o
  CC      lib/hweight.o
  CC      lib/list_debug.o
  CC      kernel/time/jiffies.o
  CC      fs/fuse/virtio_fs.o
  CC      lib/bitrev.o
  AR      drivers/bus/mhi/ep/built-in.a
  AR      drivers/bus/mhi/built-in.a
  CC      drivers/bus/hisi_lpc.o
  CC      kernel/time/timer_list.o
  CC      lib/xxhash.o
  AR      drivers/bus/built-in.a
  CC      drivers/phy/phy-core.o
  CC      kernel/time/timeconv.o
  AR      fs/fuse/built-in.a
  CC      fs/debugfs/inode.o
  CC      lib/zlib_inflate/inffast.o
  CC      lib/zlib_inflate/inflate.o
  CC      kernel/time/alarmtimer.o
  CC      lib/zlib_inflate/infutil.o
  CC      fs/debugfs/file.o
  CC      drivers/phy/amlogic/phy-meson8-hdmi-tx.o
  CC      lib/zlib_inflate/inftrees.o
  CC      lib/zlib_inflate/inflate_syms.o
  CC      kernel/time/posix-stubs.o
  AR      drivers/phy/amlogic/built-in.a
  CC      drivers/phy/broadcom/phy-bcm-kona-usb2.o
  AR      lib/zlib_inflate/built-in.a
  CC      lib/lzo/lzo1x_decompress_safe.o
  AR      fs/debugfs/built-in.a
  CC      fs/backing-file.o
  CC      kernel/time/clockevents.o
  AR      lib/lzo/built-in.a
  CC      lib/lz4/lz4_decompress.o
  AR      drivers/phy/broadcom/built-in.a
  CC      drivers/phy/cadence/phy-cadence-torrent.o
  CC      fs/posix_acl.o
  CC      kernel/time/tick-common.o
  AR      lib/lz4/built-in.a
  CC      lib/zstd/zstd_decompress_module.o
  CC      kernel/time/sched_clock.o
  AR      fs/built-in.a
  CC      kernel/time/vsyscall.o
  CC      kernel/time/timekeeping_debug.o
  CC      lib/zstd/zstd_common_module.o
  CC      lib/xz/xz_dec_syms.o
  AR      drivers/phy/cadence/built-in.a
  CC      drivers/phy/hisilicon/phy-histb-combphy.o
  CC      lib/xz/xz_dec_stream.o
  AR      lib/zstd/built-in.a
  CC      lib/syscall.o
  AR      kernel/time/built-in.a
  CC      kernel/up.o
  AR      drivers/phy/hisilicon/built-in.a
  CC      drivers/phy/marvell/phy-mvebu-a3700-utmi.o
  CC      lib/xz/xz_dec_lzma2.o
  CC      drivers/phy/marvell/phy-armada38x-comphy.o
  CC      kernel/kallsyms.o
  CC      lib/xz/xz_dec_bcj.o
  CC      kernel/irq_work.o
  AR      lib/xz/built-in.a
  CC      lib/checksum.o
  CC      lib/glob.o
  CC      kernel/iomem.o
  CC      lib/strncpy_from_user.o
  AR      drivers/phy/marvell/built-in.a
  CC      drivers/phy/qualcomm/phy-qcom-qmp-combo.o
  CC      lib/strnlen_user.o
  AR      kernel/built-in.a
  CC      lib/fonts/fonts.o
  CC      lib/ucs2_string.o
  CC      lib/group_cpus.o
  CC      drivers/phy/qualcomm/phy-qcom-qmp-usbc.o
  CC      lib/fonts/font_8x16.o
  CC      lib/devmem_is_allowed.o
  CC      lib/locking-selftest.o
  AR      lib/fonts/built-in.a
  AR      lib/lib.a
  CC      drivers/phy/qualcomm/phy-qcom-qmp-pcie.o
  CC      drivers/phy/qualcomm/phy-qcom-qmp-pcie-msm8996.o
  CC      drivers/phy/qualcomm/phy-qcom-qmp-ufs.o
  CC      drivers/phy/qualcomm/phy-qcom-qmp-usb.o
  CC      drivers/phy/qualcomm/phy-qcom-eusb2-repeater.o
  CC      drivers/phy/ralink/phy-ralink-usb.o
  AR      lib/built-in.a
  CC      drivers/pinctrl/core.o
  CC      drivers/gpio/gpiolib.o
  AR      drivers/phy/qualcomm/built-in.a
  CC      drivers/gpio/gpiolib-devres.o
  AR      drivers/phy/ralink/built-in.a
  CC      drivers/phy/renesas/phy-rcar-gen3-usb3.o
  CC      drivers/gpio/gpiolib-legacy.o
  AR      drivers/phy/renesas/built-in.a
  CC      drivers/phy/samsung/phy-exynos-dp-video.o
  CC      drivers/pinctrl/pinctrl-utils.o
  CC      drivers/gpio/gpiolib-of.o
  CC      drivers/pinctrl/pinmux.o
  CC      drivers/gpio/gpiolib-cdev.o
  AR      drivers/phy/samsung/built-in.a
  CC      drivers/phy/socionext/phy-uniphier-pcie.o
  CC      drivers/gpio/gpiolib-swnode.o
  CC      drivers/pinctrl/pinconf.o
  AR      drivers/phy/socionext/built-in.a
  AR      drivers/phy/spacemit/built-in.a
  CC      drivers/phy/st/phy-spear1310-miphy.o
  CC      drivers/phy/ti/phy-da8xx-usb.o
  CC      drivers/pinctrl/pinconf-generic.o
  CC      drivers/gpio/gpio-mmio.o
  AR      drivers/phy/st/built-in.a
  CC      drivers/gpio/gpio-aggregator.o
  CC      drivers/pinctrl/devicetree.o
  AR      drivers/phy/ti/built-in.a
  AR      drivers/phy/built-in.a
  CC      drivers/pci/of.o
  CC      drivers/gpio/gpiolib-shared.o
  CC      drivers/pinctrl/bcm/pinctrl-iproc-gpio.o
  CC      drivers/gpio/gpio-amd-fch.o
  AR      drivers/pci/built-in.a
  CC      drivers/pinctrl/bcm/pinctrl-nsp-gpio.o
  CC      drivers/pinctrl/berlin/berlin.o
  CC      drivers/gpio/gpio-ep93xx.o
  CC      drivers/pinctrl/berlin/berlin-bg4ct.o
  CC      drivers/gpio/gpio-grgpio.o
  AR      drivers/pinctrl/bcm/built-in.a
  CC      drivers/gpio/gpio-idt3243x.o
  AR      drivers/pinctrl/berlin/built-in.a
  AR      drivers/pinctrl/cirrus/built-in.a
  CC      drivers/pinctrl/cix/pinctrl-sky1-base.o
  CC      drivers/gpio/gpio-omap.o
  CC      drivers/gpio/gpio-rtd.o
  CC      drivers/pinctrl/freescale/pinctrl-imx.o
  CC      drivers/pinctrl/cix/pinctrl-sky1.o
  CC      drivers/gpio/gpio-shared-proxy.o
  CC      drivers/gpio/gpio-uniphier.o
  CC      drivers/pinctrl/freescale/pinctrl-imx6sl.o
  AR      drivers/pinctrl/cix/built-in.a
  CC      drivers/gpio/gpio-visconti.o
  CC      drivers/pinctrl/mediatek/mtk-eint.o
  CC      drivers/pinctrl/freescale/pinctrl-imx8ulp.o
  CC      drivers/pinctrl/microchip/pinctrl-pic64gx-gpio2.o
  AR      drivers/gpio/built-in.a
  CC      drivers/video/console/dummycon.o
  CC      drivers/pinctrl/freescale/pinctrl-vf610.o
  AR      drivers/pinctrl/microchip/built-in.a
  CC      drivers/video/backlight/backlight.o
  CC      drivers/pinctrl/mediatek/pinctrl-mtk-common.o
  AR      drivers/video/console/built-in.a
  CC      drivers/pinctrl/freescale/pinctrl-imxrt1050.o
  CC      drivers/pinctrl/mediatek/pinctrl-mtk-common-v2.o
  AR      drivers/video/backlight/built-in.a
  AR      drivers/video/built-in.a
  CC      drivers/char/ipmi/ipmi_msghandler.o
  AR      drivers/pinctrl/freescale/built-in.a
  AR      drivers/pinctrl/spacemit/built-in.a
  CC      drivers/pinctrl/stm32/pinctrl-stm32.o
  CC      drivers/pinctrl/stm32/pinctrl-stm32f746.o
  CC      drivers/pinctrl/mediatek/pinctrl-moore.o
  CC      drivers/pinctrl/mediatek/pinctrl-paris.o
  AR      drivers/pinctrl/stm32/built-in.a
  CC      drivers/pinctrl/pinctrl-amd.o
  CC      drivers/char/ipmi/kcs_bmc.o
  CC      drivers/pinctrl/mediatek/pinctrl-mt7623.o
  CC      drivers/pinctrl/mediatek/pinctrl-mt7988.o
  CC      drivers/pinctrl/mediatek/pinctrl-mt8173.o
  CC      drivers/char/ipmi/bt-bmc.o
  CC      drivers/pinctrl/mediatek/pinctrl-mt8196.o
  CC      drivers/pinctrl/mediatek/pinctrl-mt6397.o
  CC      drivers/char/ipmi/kcs_bmc_npcm7xx.o
  CC      drivers/clk/clk-devres.o
  CC      drivers/clk/clk-bulk.o
  AR      drivers/pinctrl/mediatek/built-in.a
  AR      drivers/pinctrl/built-in.a
  AR      drivers/dma/idxd/built-in.a
  AR      drivers/dma/amd/built-in.a
  AR      drivers/dma/loongson/built-in.a
  AR      drivers/dma/mediatek/built-in.a
  AR      drivers/dma/qcom/built-in.a
  CC      drivers/dma/stm32/stm32-mdma.o
  AR      drivers/char/ipmi/built-in.a
  CC      drivers/soc/aspeed/aspeed-lpc-ctrl.o
  CC      drivers/soc/ixp4xx/ixp4xx-npe.o
  CC      drivers/clk/clkdev.o
  CC      drivers/soc/aspeed/aspeed-uart-routing.o
  AR      drivers/soc/ixp4xx/built-in.a
  CC      drivers/soc/nuvoton/wpcm450-soc.o
  CC      drivers/clk/clk.o
  AR      drivers/dma/stm32/built-in.a
  AR      drivers/soc/aspeed/built-in.a
  AR      drivers/dma/ti/built-in.a
  CC      drivers/dma/xilinx/xdma.o
  CC      drivers/soc/amlogic/meson-canvas.o
  AR      drivers/soc/nuvoton/built-in.a
  CC      drivers/virtio/virtio.o
  AR      drivers/soc/amlogic/built-in.a
  CC      drivers/soc/qcom/icc-bwmon.o
  CC      drivers/virtio/virtio_ring.o
  CC      drivers/clk/clk-divider.o
  AR      drivers/dma/xilinx/built-in.a
  CC      drivers/dma/dmaengine.o
  AR      drivers/soc/qcom/built-in.a
  CC      drivers/soc/vt8500/wmt-socinfo.o
  CC      drivers/clk/clk-fixed-factor.o
  CC      drivers/dma/virt-dma.o
  AR      drivers/soc/vt8500/built-in.a
  AR      drivers/soc/built-in.a
  AR      drivers/reset/amlogic/built-in.a
  CC      drivers/reset/hisilicon/reset-hi3660.o
  CC      drivers/virtio/virtio_anchor.o
  CC      drivers/clk/clk-fixed-rate.o
  AR      drivers/reset/hisilicon/built-in.a
  CC      drivers/reset/spacemit/reset-spacemit-common.o
  CC      drivers/dma/of-dma.o
  AR      drivers/virtio/built-in.a
  CC      drivers/reset/spacemit/reset-spacemit-k1.o
  CC      drivers/clk/clk-gate.o
  CC      drivers/clk/clk-multiplier.o
  AR      drivers/reset/spacemit/built-in.a
  AR      drivers/reset/starfive/built-in.a
  CC      drivers/reset/sti/reset-stih407.o
  CC      drivers/dma/mv_xor.o
  CC      drivers/clk/clk-mux.o
  CC      drivers/clk/clk-composite.o
  CC      drivers/reset/sti/reset-syscfg.o
  CC      drivers/clk/clk-fractional-divider.o
  CC      drivers/clk/clk-gpio.o
  AR      drivers/dma/built-in.a
  CC      drivers/tty/tty_io.o
  AR      drivers/reset/sti/built-in.a
  AR      drivers/reset/tegra/built-in.a
  CC      drivers/reset/core.o
  CC      drivers/tty/n_tty.o
  CC      drivers/clk/clk-conf.o
  CC      drivers/reset/reset-intel-gw.o
  CC      drivers/clk/actions/owl-common.o
  CC      drivers/tty/tty_ioctl.o
  CC      drivers/tty/tty_ldisc.o
  CC      drivers/reset/reset-ma35d1.o
  CC      drivers/clk/actions/owl-gate.o
  CC      drivers/char/mem.o
  CC      drivers/clk/actions/owl-mux.o
  CC      drivers/tty/tty_buffer.o
  CC      drivers/reset/reset-mpfs.o
  CC      drivers/clk/actions/owl-divider.o
  CC      drivers/tty/tty_port.o
  CC      drivers/reset/reset-qcom-aoss.o
  CC      drivers/char/random.o
  CC      drivers/clk/actions/owl-factor.o
  CC      drivers/clk/actions/owl-composite.o
  CC      drivers/reset/reset-raspberrypi.o
  CC      drivers/tty/tty_mutex.o
  CC      drivers/clk/actions/owl-pll.o
  CC      drivers/reset/reset-simple.o
  CC      drivers/tty/tty_ldsem.o
  CC      drivers/clk/actions/owl-reset.o
  CC      drivers/char/misc.o
  CC      drivers/reset/reset-sunxi.o
  CC      drivers/clk/actions/owl-s900.o
  CC      drivers/tty/tty_baudrate.o
  AR      drivers/char/built-in.a
  CC      drivers/base/component.o
  AR      drivers/reset/built-in.a
  AR      drivers/misc/pvpanic/built-in.a
  CC      drivers/misc/xilinx_sdfec.o
  AR      drivers/clk/actions/built-in.a
  CC      drivers/clk/bcm/clk-bcm63268-timer.o
  CC      drivers/tty/tty_jobctrl.o
  CC      drivers/base/core.o
  AR      drivers/clk/bcm/built-in.a
  CC      drivers/clk/microchip/clk-mpfs.o
  CC      drivers/tty/n_null.o
  CC      drivers/misc/vcpu_stall_detector.o
  CC      drivers/tty/pty.o
  CC      drivers/clk/microchip/clk-mpfs-ccc.o
  AR      drivers/misc/built-in.a
  CC      drivers/mfd/mfd-core.o
  AR      drivers/clk/microchip/built-in.a
  CC      drivers/clk/ralink/clk-mt7621.o
  CC      drivers/base/bus.o
  CC      drivers/tty/vt/vt_ioctl.o
  CC      drivers/mfd/syscon.o
  AR      drivers/clk/ralink/built-in.a
  CC      drivers/clk/renesas/clk-r8a73a4.o
  CC      drivers/mfd/qcom-pm8xxx.o
  CC      drivers/base/dd.o
  CC      drivers/tty/vt/vc_screen.o
  CC      drivers/clk/renesas/r8a7742-cpg-mssr.o
  CC      drivers/mfd/ssbi.o
  CC      drivers/base/syscore.o
  CC      drivers/clk/renesas/r8a774a1-cpg-mssr.o
  CC      drivers/tty/vt/selection.o
  CC      drivers/mfd/qcom-spmi-pmic.o
  CC      drivers/clk/renesas/clk-r8a7778.o
  CC      drivers/base/driver.o
  CC      drivers/tty/vt/keyboard.o
  CC      drivers/clk/renesas/r8a7792-cpg-mssr.o
  AR      drivers/mfd/built-in.a
  CC      drivers/dma-buf/dma-buf.o
  CC      drivers/base/class.o
  CC      drivers/clk/renesas/r8a7796-cpg-mssr.o
  CC      drivers/tty/vt/vt.o
  CC      drivers/base/platform.o
  CC      drivers/dma-buf/dma-fence.o
  CC      drivers/clk/renesas/r9a07g044-cpg.o
  CC      drivers/clk/renesas/r9a08g045-cpg.o
  CC      drivers/dma-buf/dma-fence-array.o
  CC      drivers/base/cpu.o
  CC      drivers/clk/renesas/rcar-cpg-lib.o
  CC      drivers/dma-buf/dma-fence-chain.o
  CC      drivers/base/firmware.o
  CC      drivers/tty/vt/defkeymap.o
  CC      drivers/tty/vt/consolemap.o
  CC      drivers/dma-buf/dma-fence-unwrap.o
  CC      drivers/clk/renesas/rcar-gen2-cpg.o
  CC      drivers/base/init.o
  CC      drivers/dma-buf/dma-resv.o
  CC      drivers/clk/renesas/rcar-gen3-cpg.o
  AR      drivers/tty/vt/built-in.a
  CC      drivers/tty/serial/serial_core.o
  CC      drivers/base/map.o
  CC      drivers/dma-buf/dma-buf-mapping.o
  CC      drivers/clk/renesas/rzg2l-cpg.o
  CC      drivers/base/devres.o
  CC      drivers/dma-buf/dma-heap.o
  CC      drivers/base/attribute_container.o
  CC      drivers/tty/serial/serial_base_bus.o
  CC      drivers/clk/renesas/renesas-cpg-mssr.o
  CC      drivers/base/transport_class.o
  CC      drivers/dma-buf/sync_file.o
  CC      drivers/tty/serial/serial_ctrl.o
  CC      drivers/clk/renesas/clk-mstp.o
  CC      drivers/base/topology.o
  AR      drivers/dma-buf/built-in.a
  CC      drivers/spmi/spmi.o
  CC      drivers/clk/renesas/clk-div6.o
  CC      drivers/tty/serial/serial_port.o
  CC      drivers/base/container.o
  AR      drivers/clk/renesas/built-in.a
  CC      drivers/clk/spacemit/ccu_common.o
  CC      drivers/spmi/spmi-devres.o
  CC      drivers/tty/serial/earlycon.o
  CC      drivers/base/property.o
  AR      drivers/spmi/built-in.a
  CC      drivers/clk/spacemit/ccu_pll.o
  CC      drivers/firewire/core-trace.o
  CC      drivers/tty/serial/8250/8250_core.o
  CC      drivers/firewire/core-card.o
  CC      drivers/clk/spacemit/ccu_mix.o
  CC      drivers/base/cacheinfo.o
  CC      drivers/clk/spacemit/ccu_ddn.o
  CC      drivers/tty/serial/8250/8250_platform.o
  CC      drivers/firewire/core-cdev.o
  CC      drivers/base/swnode.o
  CC      drivers/clk/spacemit/ccu-k1.o
  CC      drivers/tty/serial/8250/8250_port.o
  CC      drivers/firewire/core-device.o
  AR      drivers/clk/spacemit/built-in.a
  CC      drivers/clk/ti/adpll.o
  CC      drivers/base/faux.o
  CC      drivers/base/devtmpfs.o
  AR      drivers/clk/ti/built-in.a
  AR      drivers/clk/built-in.a
  CC      drivers/firewire/core-iso.o
  CC      drivers/tty/serial/8250/8250_early.o
  CC      drivers/tty/serial/8250/8250_of.o
  CC      drivers/tty/serial/8250/8250_dma.o
  CC      drivers/firewire/core-topology.o
  CC      drivers/base/power/clock_ops.o
  CC      drivers/firewire/core-transaction.o
  AR      drivers/base/power/built-in.a
  CC      drivers/base/firmware_loader/builtin/main.o
  CC      drivers/tty/serial/8250/8250_tegra.o
  CC      drivers/base/firmware_loader/main.o
  AR      drivers/firewire/built-in.a
  CC      drivers/input/serio/serio.o
  AR      drivers/base/firmware_loader/builtin/built-in.a
  CC      drivers/input/serio/serport.o
  AR      drivers/tty/serial/8250/built-in.a
  CC      drivers/tty/serial/serial_mctrl_gpio.o
  CC      drivers/input/serio/libps2.o
  AR      drivers/base/firmware_loader/built-in.a
  CC      drivers/base/regmap/regmap.o
  CC      drivers/base/regmap/regcache.o
  AR      drivers/tty/serial/built-in.a
  AR      drivers/tty/built-in.a
  CC      drivers/input/input.o
  AR      drivers/input/serio/built-in.a
  CC      drivers/base/regmap/regcache-rbtree.o
  CC      drivers/pps/clients/pps-gpio.o
  CC      drivers/pps/pps.o
  CC      drivers/input/input-compat.o
  CC      drivers/base/regmap/regcache-flat.o
  AR      drivers/pps/clients/built-in.a
  CC      drivers/pps/kapi.o
  CC      drivers/pps/sysfs.o
  CC      drivers/input/input-mt.o
  CC      drivers/base/regmap/regcache-maple.o
  CC      drivers/base/regmap/regmap-debugfs.o
  AR      drivers/pps/built-in.a
  CC      drivers/power/sequencing/core.o
  CC      drivers/input/input-poller.o
  CC      drivers/base/regmap/regmap-mmio.o
  CC      drivers/base/regmap/regmap-spmi.o
  CC      drivers/input/ff-core.o
  AR      drivers/power/sequencing/built-in.a
  CC      drivers/power/supply/power_supply_core.o
  CC      drivers/power/supply/gpio-charger.o
  AR      drivers/base/regmap/built-in.a
  CC      drivers/base/soc.o
  CC      drivers/input/touchscreen.o
  CC      drivers/input/touch-overlay.o
  AR      drivers/power/supply/built-in.a
  AR      drivers/power/built-in.a
  CC      drivers/opp/core.o
  CC      drivers/base/pinctrl.o
  CC      drivers/opp/cpu.o
  CC      drivers/input/vivaldi-fmap.o
  CC      drivers/base/platform-msi.o
  CC      drivers/opp/of.o
  CC      drivers/input/keyboard/atkbd.o
  CC      drivers/opp/debugfs.o
  CC      drivers/base/arch_topology.o
  CC      drivers/base/auxiliary.o
  AR      drivers/opp/built-in.a
  CC      drivers/firmware/efi/efi.o
  AR      drivers/input/keyboard/built-in.a
  CC      drivers/input/mouse/psmouse-base.o
  CC      drivers/firmware/efi/vars.o
  AR      drivers/base/built-in.a
  CC      drivers/clocksource/timer-of.o
  CC      drivers/clocksource/timer-probe.o
  CC      drivers/firmware/efi/reboot.o
  CC      drivers/firmware/efi/memattr.o
  CC      drivers/input/mouse/synaptics.o
  CC      drivers/clocksource/timer-riscv.o
  CC      drivers/firmware/efi/tpm.o
  CC      drivers/firmware/efi/memmap.o
  CC      drivers/input/mouse/focaltech.o
  CC      drivers/clocksource/mmio.o
  CC      drivers/firmware/efi/fdtparams.o
  CC      drivers/firmware/efi/esrt.o
  CC      drivers/clocksource/bcm2835_timer.o
  CC      drivers/input/mouse/alps.o
  CC      drivers/firmware/efi/runtime-wrappers.o
  CC      drivers/firmware/efi/efi-init.o
  CC      drivers/clocksource/timer-tegra.o
  CC      drivers/firmware/efi/riscv-runtime.o
  CC      drivers/clocksource/bcm_kona_timer.o
  CC      drivers/input/mouse/byd.o
  CC      drivers/firmware/efi/earlycon.o
  AR      drivers/clocksource/built-in.a
  CC      drivers/input/mouse/logips2pp.o
  CC      drivers/input/mouse/trackpoint.o
  CC      drivers/firmware/efi/libstub/alignedmem.o
  AR      drivers/firmware/efi/built-in.a
  CC      drivers/firmware/efi/libstub/efi-stub-entry.o
  CC      drivers/firmware/efi/libstub/efi-stub-helper.o
  CC      drivers/firmware/efi/libstub/efi-stub.o
  CC      drivers/input/mouse/cypress_ps2.o
  CC      drivers/firmware/efi/libstub/fdt.o
  CC      drivers/firmware/efi/libstub/file.o
  AR      drivers/input/mouse/built-in.a
  AR      drivers/input/built-in.a
  CC      drivers/firmware/efi/libstub/gop.o
  CC      drivers/firmware/efi/libstub/intrinsics.o
  CC      drivers/hid/hid-core.o
  CC      drivers/firmware/efi/libstub/kaslr.o
  CC      drivers/of/base.o
  CC      drivers/firmware/efi/libstub/lib-cmdline.o
  CC      drivers/firmware/imx/sm-lmm.o
  CC      drivers/firmware/efi/libstub/mem.o
  CC      drivers/of/cpu.o
  AR      drivers/firmware/imx/built-in.a
  CC      drivers/hid/hid-input.o
  CC      drivers/firmware/efi/libstub/pci.o
  CC      drivers/firmware/efi/libstub/primary_display.o
  CC      drivers/of/device.o
  CC      drivers/firmware/efi/libstub/printk.o
  CC      drivers/firmware/efi/libstub/random.o
  CC      drivers/hid/hid-quirks.o
  CC      drivers/of/module.o
  CC      drivers/hid/hid-debug.o
  CC      drivers/firmware/efi/libstub/randomalloc.o
  CC      drivers/hid/hid-generic.o
  CC      drivers/of/platform.o
  CC      drivers/firmware/efi/libstub/riscv-stub.o
  CC      drivers/firmware/efi/libstub/riscv.o
  AR      drivers/hid/built-in.a
  CC      drivers/fsi/fsi-core.o
  CC      drivers/of/property.o
  CC      drivers/firmware/efi/libstub/secureboot.o
  CC      drivers/firmware/efi/libstub/string.o
  CC      drivers/firmware/efi/libstub/systable.o
  AR      drivers/fsi/built-in.a
  CC      drivers/firmware/efi/libstub/tpm.o
  CC      drivers/of/fdt.o
  CC      drivers/firmware/efi/libstub/vsprintf.o
  STUBCPY drivers/firmware/efi/libstub/alignedmem.stub.o
  STUBCPY drivers/firmware/efi/libstub/efi-stub-entry.stub.o
  STUBCPY drivers/firmware/efi/libstub/efi-stub-helper.stub.o
  STUBCPY drivers/firmware/efi/libstub/efi-stub.stub.o
  STUBCPY drivers/firmware/efi/libstub/fdt.stub.o
  STUBCPY drivers/firmware/efi/libstub/file.stub.o
  STUBCPY drivers/firmware/efi/libstub/gop.stub.o
  STUBCPY drivers/firmware/efi/libstub/intrinsics.stub.o
  STUBCPY drivers/firmware/efi/libstub/kaslr.stub.o
  STUBCPY drivers/firmware/efi/libstub/lib-cmdline.stub.o
  STUBCPY drivers/firmware/efi/libstub/mem.stub.o
  STUBCPY drivers/firmware/efi/libstub/pci.stub.o
  STUBCPY drivers/firmware/efi/libstub/primary_display.stub.o
  AS      drivers/of/empty_root.dtb.o
  CC      drivers/of/fdt_address.o
  CC      drivers/of/address.o
  STUBCPY drivers/firmware/efi/libstub/printk.stub.o
  STUBCPY drivers/firmware/efi/libstub/random.stub.o
  STUBCPY drivers/firmware/efi/libstub/randomalloc.stub.o
  STUBCPY drivers/firmware/efi/libstub/riscv-stub.stub.o
  STUBCPY drivers/firmware/efi/libstub/riscv.stub.o
  STUBCPY drivers/firmware/efi/libstub/secureboot.stub.o
  STUBCPY drivers/firmware/efi/libstub/string.stub.o
  STUBCPY drivers/firmware/efi/libstub/systable.stub.o
  STUBCPY drivers/firmware/efi/libstub/tpm.stub.o
  STUBCPY drivers/firmware/efi/libstub/vsprintf.stub.o
  CC      drivers/of/irq.o
  AR      drivers/firmware/efi/libstub/lib.a
  AR      drivers/firmware/built-in.a
  CC      drivers/of/of_reserved_mem.o
  CC      drivers/of/kobj.o
  CC      drivers/of/dynamic.o
  CC      drivers/of/resolver.o
  CC      drivers/of/overlay.o
  AR      drivers/of/built-in.a
  AR      drivers/built-in.a
  AR      built-in.a
  AR      vmlinux.a
  LD      vmlinux.o
  MODPOST vmlinux.symvers
  CC      .vmlinux.export.o
  UPD     include/generated/utsversion.h
  CC      init/version-timestamp.o
  KSYMS   .tmp_vmlinux0.kallsyms.S
  AS      .tmp_vmlinux0.kallsyms.o
  LD      .tmp_vmlinux1
  NM      .tmp_vmlinux1.syms
  KSYMS   .tmp_vmlinux1.kallsyms.S
  AS      .tmp_vmlinux1.kallsyms.o
  LD      .tmp_vmlinux2
  NM      .tmp_vmlinux2.syms
  KSYMS   .tmp_vmlinux2.kallsyms.S
  AS      .tmp_vmlinux2.kallsyms.o
  LD      vmlinux.unstripped
  NM      System.map
  SORTTAB vmlinux.unstripped
  OBJCOPY vmlinux
  GEN     modules.builtin.modinfo
  GEN     modules.builtin
  OBJCOPY arch/riscv/boot/Image
  Kernel: arch/riscv/boot/Image is ready
make[5]: Leaving directory '/mnt/git-volume/kernel-test-stable/build/rand500config-riscv'
make[4]: Leaving directory '/mnt/git-volume/linux-stable'
