make[3]: Entering directory '/home/benni/git/linux'
make[4]: Entering directory '/home/benni/git/kernel-test/build/randdefconfig-i386'
*** Default configuration is based on 'i386_defconfig'
#
# configuration written to .config
#
make[4]: Leaving directory '/home/benni/git/kernel-test/build/randdefconfig-i386'
make[3]: Leaving directory '/home/benni/git/linux'
make[3]: Entering directory '/home/benni/git/linux'
make[4]: Entering directory '/home/benni/git/kernel-test/build/randdefconfig-i386'
.config:5274:warning: override: reassigning to symbol ROOT_NFS
.config:5275:warning: override: reassigning to symbol PCI_LOCKLESS_CONFIG
.config:5276:warning: override: reassigning to symbol MMU_GATHER_TABLE_FREE
.config:5277:warning: override: reassigning to symbol DYNAMIC_EVENTS
.config:5278:warning: override: reassigning to symbol CRYPTO_LIB_AES_CBC_MACS
.config:5279:warning: override: reassigning to symbol HOTPLUG_PCI
.config:5280:warning: override: reassigning to symbol WLAN_VENDOR_ZYDAS
.config:5281:warning: override: reassigning to symbol CPU_SUP_CENTAUR
.config:5282:warning: override: reassigning to symbol WLAN_VENDOR_QUANTENNA
.config:5283:warning: override: reassigning to symbol AMD_NB
.config:5284:warning: override: reassigning to symbol USB_HID
.config:5285:warning: override: reassigning to symbol BLK_CGROUP_IOLATENCY
.config:5286:warning: override: reassigning to symbol ARCH_SPLIT_ARG64
.config:5287:warning: override: reassigning to symbol NLS_CODEPAGE_437
.config:5288:warning: override: reassigning to symbol RUNTIME_TESTING_MENU
.config:5289:warning: override: reassigning to symbol HAVE_SOFTIRQ_ON_OWN_STACK
.config:5290:warning: override: reassigning to symbol DMA_ENGINE
.config:5291:warning: override: reassigning to symbol JBD2
.config:5292:warning: override: reassigning to symbol AUDITSYSCALL
.config:5293:warning: override: reassigning to symbol DMADEVICES
.config:5294:warning: override: reassigning to symbol USB_UHCI_HCD
.config:5295:warning: override: reassigning to symbol X86_32
.config:5296:warning: override: reassigning to symbol X86_HAVE_PAE
.config:5297:warning: override: reassigning to symbol SERIAL_8250_PCILIB
.config:5298:warning: override: reassigning to symbol NET_INGRESS
.config:5299:warning: override: reassigning to symbol IP6_NF_IPTABLES
.config:5300:warning: override: reassigning to symbol VIDEO
.config:5301:warning: override: reassigning to symbol NET_VENDOR_SEEQ
.config:5302:warning: override: reassigning to symbol NEED_PER_CPU_EMBED_FIRST_CHUNK
.config:5303:warning: override: reassigning to symbol PCSPKR_PLATFORM
.config:5304:warning: override: reassigning to symbol SERIAL_8250_PCI
.config:5305:warning: override: reassigning to symbol CPU_FREQ
.config:5306:warning: override: reassigning to symbol IP_PNP_RARP
.config:5307:warning: override: reassigning to symbol INET6_ESP
.config:5308:warning: override: reassigning to symbol ASN1
.config:5309:warning: override: reassigning to symbol NET_SCHED
.config:5310:warning: override: reassigning to symbol CRYPTO_CCM
.config:5311:warning: override: reassigning to symbol SERIAL_CORE_CONSOLE
.config:5312:warning: override: reassigning to symbol HAVE_ARCH_JUMP_LABEL
.config:5313:warning: override: reassigning to symbol GENERIC_IRQ_SHOW
.config:5314:warning: override: reassigning to symbol KEYBOARD_ATKBD
.config:5315:warning: override: reassigning to symbol CRYPTO_LIB_ARC4
.config:5316:warning: override: reassigning to symbol RPCSEC_GSS_KRB5
.config:5317:warning: override: reassigning to symbol NET_VENDOR_CHELSIO
.config:5318:warning: override: reassigning to symbol HAVE_PAGE_SIZE_4KB
.config:5319:warning: override: reassigning to symbol SND_HDA_COMPONENT
.config:5320:warning: override: reassigning to symbol NET_VENDOR_REALTEK
.config:5321:warning: override: reassigning to symbol PM_SLEEP_DEBUG
.config:5322:warning: override: reassigning to symbol UTS_NS
.config:5323:warning: override: reassigning to symbol HIBERNATION_SNAPSHOT_DEV
.config:5324:warning: override: reassigning to symbol MICROCODE
.config:5325:warning: override: reassigning to symbol DEBUG_DEVRES
.config:5326:warning: override: reassigning to symbol THERMAL_DEFAULT_GOV_STEP_WISE
.config:5327:warning: override: reassigning to symbol SERIAL_8250_SHARE_IRQ
.config:5328:warning: override: reassigning to symbol NET_VENDOR_ADAPTEC
.config:5329:warning: override: reassigning to symbol NET_VENDOR_VIA
.config:5330:warning: override: reassigning to symbol CC_OPTIMIZE_FOR_PERFORMANCE
.config:5331:warning: override: reassigning to symbol X86_PKG_TEMP_THERMAL
.config:5332:warning: override: reassigning to symbol CRYPTO_SEQIV
.config:5333:warning: override: reassigning to symbol TASK_XACCT
.config:5334:warning: override: reassigning to symbol CPU_RMAP
.config:5335:warning: override: reassigning to symbol LD_CAN_USE_KEEP_IN_OVERLAY
.config:5336:warning: override: reassigning to symbol MODULES_USE_ELF_REL
.config:5337:warning: override: reassigning to symbol NLATTR
.config:5338:warning: override: reassigning to symbol HW_RANDOM_AMD
.config:5339:warning: override: reassigning to symbol CRYPTO_HMAC
.config:5340:warning: override: reassigning to symbol PNFS_BLOCK
.config:5341:warning: override: reassigning to symbol HW_RANDOM_INTEL
.config:5342:warning: override: reassigning to symbol DEBUG_STACK_USAGE
.config:5343:warning: override: reassigning to symbol HAVE_DEBUG_KMEMLEAK
.config:5344:warning: override: reassigning to symbol NF_LOG_ARP
.config:5345:warning: override: reassigning to symbol NET_VENDOR_LITEX
.config:5346:warning: override: reassigning to symbol NETDEVICES
.config:5347:warning: override: reassigning to symbol SWAP
.config:5348:warning: override: reassigning to symbol USB_XHCI_PCI
.config:5349:warning: override: reassigning to symbol CRYPTO_AKCIPHER
.config:5350:warning: override: reassigning to symbol EXT4_FS
.config:5351:warning: override: reassigning to symbol GENERIC_IRQ_MIGRATION
.config:5352:warning: override: reassigning to symbol PM_TRACE_RTC
.config:5353:warning: override: reassigning to symbol PREVENT_FIRMWARE_BUILD
.config:5354:warning: override: reassigning to symbol CFG80211
.config:5355:warning: override: reassigning to symbol MEMBARRIER
.config:5356:warning: override: reassigning to symbol USB
.config:5357:warning: override: reassigning to symbol SIGNALFD
.config:5358:warning: override: reassigning to symbol CRYPTO_CTS
.config:5359:warning: override: reassigning to symbol TMPFS_XATTR
.config:5360:warning: override: reassigning to symbol FILE_LOCKING
.config:5361:warning: override: reassigning to symbol INOTIFY_USER
.config:5362:warning: override: reassigning to symbol CRYPTO_AES
.config:5363:warning: override: reassigning to symbol RCU_NEED_SEGCBLIST
.config:5364:warning: override: reassigning to symbol EDAC_SUPPORT
.config:5365:warning: override: reassigning to symbol FUTEX_ROBUST_UNLOCK
.config:5366:warning: override: reassigning to symbol ARCH_WANTS_DYNAMIC_TASK_STRUCT
.config:5367:warning: override: reassigning to symbol INPUT_JOYSTICK
.config:5368:warning: override: reassigning to symbol HIBERNATE_CALLBACKS
.config:5369:warning: override: reassigning to symbol XZ_DEC_SPARC
.config:5370:warning: override: reassigning to symbol WLAN
.config:5371:warning: override: reassigning to symbol ARCH_SUPPORTS_KEXEC_SIG_FORCE
.config:5372:warning: override: reassigning to symbol DRM_DISPLAY_HDMI_HELPER
.config:5373:warning: override: reassigning to symbol RANDSTRUCT_NONE
.config:5374:warning: override: reassigning to symbol USB_OHCI_LITTLE_ENDIAN
.config:5375:warning: override: reassigning to symbol RTC_CLASS
.config:5376:warning: override: reassigning to symbol INSTRUCTION_DECODER
.config:5377:warning: override: reassigning to symbol YENTA_ENE_TUNE
.config:5378:warning: override: reassigning to symbol STACKDEPOT
.config:5379:warning: override: reassigning to symbol ARCH_HAS_CPU_CACHE_INVALIDATE_MEMREGION
.config:5380:warning: override: reassigning to symbol BLK_DEV_LOOP
.config:5381:warning: override: reassigning to symbol USE_X86_SEG_SUPPORT
.config:5382:warning: override: reassigning to symbol MITIGATION_L1TF
.config:5383:warning: override: reassigning to symbol NET_VENDOR_DAVICOM
.config:5384:warning: override: reassigning to symbol CPU_FREQ_GOV_USERSPACE
.config:5385:warning: override: reassigning to symbol NET_VENDOR_VERTEXCOM
.config:5386:warning: override: reassigning to symbol CPU_SUP_AMD
.config:5387:warning: override: reassigning to symbol PREEMPT_BUILD
.config:5388:warning: override: reassigning to symbol EDAC_ATOMIC_SCRUB
.config:5389:warning: override: reassigning to symbol IP6_NF_MATCH_IPV6HEADER
.config:5390:warning: override: reassigning to symbol STACKTRACE_SUPPORT
.config:5391:warning: override: reassigning to symbol SATA_AHCI
.config:5392:warning: override: reassigning to symbol SATA_HOST
.config:5393:warning: override: reassigning to symbol CARDBUS
.config:5394:warning: override: reassigning to symbol EFI_CAPSULE_LOADER
.config:5395:warning: override: reassigning to symbol HAVE_BUILDTIME_MCOUNT_SORT
.config:5396:warning: override: reassigning to symbol MOUSE_PS2_ALPS
.config:5397:warning: override: reassigning to symbol KEXEC
.config:5398:warning: override: reassigning to symbol SECURITY_SELINUX_AVC_STATS
.config:5399:warning: override: reassigning to symbol HAVE_DYNAMIC_FTRACE
.config:5400:warning: override: reassigning to symbol SCHED_CLUSTER
.config:5401:warning: override: reassigning to symbol HAVE_PERF_REGS
.config:5402:warning: override: reassigning to symbol CRYPTO_CBC
.config:5403:warning: override: reassigning to symbol MOUSE_PS2_TRACKPOINT
.config:5404:warning: override: reassigning to symbol NET_DEVMEM
.config:5405:warning: override: reassigning to symbol CLONE_BACKWARDS
.config:5406:warning: override: reassigning to symbol TASKSTATS
.config:5407:warning: override: reassigning to symbol MAC80211_LEDS
.config:5408:warning: override: reassigning to symbol XFRM_AH
.config:5409:warning: override: reassigning to symbol HAVE_SYSCALL_TRACEPOINTS
.config:5410:warning: override: reassigning to symbol ZSTD_DECOMPRESS
.config:5411:warning: override: reassigning to symbol SND_USB
.config:5412:warning: override: reassigning to symbol INET_TUNNEL
.config:5413:warning: override: reassigning to symbol NET_VENDOR_FUNGIBLE
.config:5414:warning: override: reassigning to symbol USB_EHCI_TT_NEWSCHED
.config:5415:warning: override: reassigning to symbol CPU_IDLE_GOV_HALTPOLL
.config:5416:warning: override: reassigning to symbol NET_VENDOR_NETRONOME
.config:5417:warning: override: reassigning to symbol EXPORTFS
.config:5418:warning: override: reassigning to symbol CGROUP_DEBUG
.config:5419:warning: override: reassigning to symbol X509_CERTIFICATE_PARSER
.config:5420:warning: override: reassigning to symbol TIME_NS
.config:5421:warning: override: reassigning to symbol X86_PAT
.config:5422:warning: override: reassigning to symbol INET
.config:5423:warning: override: reassigning to symbol HAVE_ARCH_RANDOMIZE_KSTACK_OFFSET
.config:5424:warning: override: reassigning to symbol FW_LOADER
.config:5425:warning: override: reassigning to symbol VGA_ARB
.config:5426:warning: override: reassigning to symbol NF_NAT_MASQUERADE
.config:5427:warning: override: reassigning to symbol CC_HAS_AUTO_VAR_INIT_ZERO
.config:5428:warning: override: reassigning to symbol CC_HAS_SLS
.config:5429:warning: override: reassigning to symbol SMP
.config:5430:warning: override: reassigning to symbol NF_CONNTRACK_SIP
.config:5431:warning: override: reassigning to symbol SYSCTL_EXCEPTION_TRACE
.config:5432:warning: override: reassigning to symbol FW_CACHE
.config:5433:warning: override: reassigning to symbol VMAP_PFN
.config:5434:warning: override: reassigning to symbol CRC16
.config:5435:warning: override: reassigning to symbol PATA_SCH
.config:5436:warning: override: reassigning to symbol QUEUED_RWLOCKS
.config:5437:warning: override: reassigning to symbol MITIGATION_MDS
.config:5438:warning: override: reassigning to symbol HID_PID
.config:5439:warning: override: reassigning to symbol VT_CONSOLE_SLEEP
.config:5440:warning: override: reassigning to symbol RD_LZO
.config:5441:warning: override: reassigning to symbol TTY
.config:5442:warning: override: reassigning to symbol SOUND
.config:5443:warning: override: reassigning to symbol POWER_SUPPLY_HWMON
.config:5444:warning: override: reassigning to symbol NET_SELFTESTS
.config:5445:warning: override: reassigning to symbol STACKPROTECTOR
.config:5446:warning: override: reassigning to symbol NF_DEFRAG_IPV4
.config:5447:warning: override: reassigning to symbol TRACE_IRQFLAGS_NMI_SUPPORT
.config:5448:warning: override: reassigning to symbol PARAVIRT
.config:5449:warning: override: reassigning to symbol FAILOVER
.config:5450:warning: override: reassigning to symbol CC_NO_STRINGOP_OVERFLOW
.config:5451:warning: override: reassigning to symbol USB_XHCI_HCD
.config:5452:warning: override: reassigning to symbol DECOMPRESS_BZIP2
.config:5453:warning: override: reassigning to symbol SND_HDA_CORE
.config:5454:warning: override: reassigning to symbol CC_HAS_IBT
.config:5455:warning: override: reassigning to symbol NET_VENDOR_SOCIONEXT
.config:5456:warning: override: reassigning to symbol ACPI_LEGACY_TABLES_LOOKUP
.config:5457:warning: override: reassigning to symbol HAVE_ATOMIC_IOMAP
.config:5458:warning: override: reassigning to symbol SND_HDA_HWDEP
.config:5459:warning: override: reassigning to symbol QUOTA
.config:5460:warning: override: reassigning to symbol I2C
.config:5461:warning: override: reassigning to symbol CGROUP_PERF
.config:5462:warning: override: reassigning to symbol DM_ZERO
.config:5463:warning: override: reassigning to symbol MITIGATION_MMIO_STALE_DATA
.config:5464:warning: override: reassigning to symbol HAVE_NMI
.config:5465:warning: override: reassigning to symbol NF_CT_NETLINK
.config:5466:warning: override: reassigning to symbol ACPI_DEBUG
.config:5467:warning: override: reassigning to symbol NET_POLL_CONTROLLER
.config:5468:warning: override: reassigning to symbol ACPI_PROCESSOR
.config:5469:warning: override: reassigning to symbol NET_VENDOR_EZCHIP
.config:5470:warning: override: reassigning to symbol RUSTC_HAS_UNNECESSARY_TRANSMUTES
.config:5471:warning: override: reassigning to symbol MMU
.config:5472:warning: override: reassigning to symbol EFI_CAPSULE_QUIRK_QUARK_CSH
.config:5473:warning: override: reassigning to symbol LTO_NONE
.config:5474:warning: override: reassigning to symbol CRYPTO_KRB5ENC
.config:5475:warning: override: reassigning to symbol GENERIC_IOMAP
.config:5476:warning: override: reassigning to symbol BLK_DEV_SR
.config:5477:warning: override: reassigning to symbol PERF_EVENTS_INTEL_RAPL
.config:5478:warning: override: reassigning to symbol X86_ACPI_CPUFREQ_CPB
.config:5479:warning: override: reassigning to symbol UCS2_STRING
.config:5480:warning: override: reassigning to symbol ARCH_HAS_HW_PTE_YOUNG
.config:5481:warning: override: reassigning to symbol ARCH_SUPPORTS_DEBUG_PAGEALLOC
.config:5482:warning: override: reassigning to symbol DEBUG_MISC
.config:5483:warning: override: reassigning to symbol NETWORK_FILESYSTEMS
.config:5484:warning: override: reassigning to symbol HYPERVISOR_GUEST
.config:5485:warning: override: reassigning to symbol IO_WQ
.config:5486:warning: override: reassigning to symbol RELOCATABLE
.config:5487:warning: override: reassigning to symbol GENERIC_STRNLEN_USER
.config:5488:warning: override: reassigning to symbol RTC_I2C_AND_SPI
.config:5489:warning: override: reassigning to symbol ALLOW_DEV_COREDUMP
.config:5490:warning: override: reassigning to symbol GENERIC_CPU_VULNERABILITIES
.config:5491:warning: override: reassigning to symbol XFRM_ALGO
.config:5492:warning: override: reassigning to symbol UNWINDER_FRAME_POINTER
.config:5493:warning: override: reassigning to symbol DECOMPRESS_XZ
.config:5494:warning: override: reassigning to symbol MOUSE_PS2_SYNAPTICS_SMBUS
.config:5495:warning: override: reassigning to symbol HAVE_PERF_EVENTS
.config:5496:warning: override: reassigning to symbol X86_ESPFIX32
.config:5497:warning: override: reassigning to symbol IO_URING
.config:5498:warning: override: reassigning to symbol IPV6
.config:5499:warning: override: reassigning to symbol NET_EGRESS
.config:5500:warning: override: reassigning to symbol SOCK_CGROUP_DATA
.config:5501:warning: override: reassigning to symbol POSIX_MQUEUE
.config:5502:warning: override: reassigning to symbol CGROUP_HUGETLB
.config:5503:warning: override: reassigning to symbol WLAN_VENDOR_INTERSIL
.config:5504:warning: override: reassigning to symbol MQ_IOSCHED_DEADLINE
.config:5505:warning: override: reassigning to symbol PCMCIA_LOAD_CIS
.config:5506:warning: override: reassigning to symbol USB_SUPPORT
.config:5507:warning: override: reassigning to symbol HAVE_ARCH_KFENCE
.config:5508:warning: override: reassigning to symbol BLK_DEV_WRITE_MOUNTED
.config:5509:warning: override: reassigning to symbol ARCH_USE_MEMREMAP_PROT
.config:5510:warning: override: reassigning to symbol MD
.config:5511:warning: override: reassigning to symbol INPUT_EVDEV
.config:5512:warning: override: reassigning to symbol SCHED_INFO
.config:5513:warning: override: reassigning to symbol PROC_EVENTS
.config:5514:warning: override: reassigning to symbol OLD_SIGSUSPEND3
.config:5515:warning: override: reassigning to symbol SERIAL_8250_LPSS
.config:5516:warning: override: reassigning to symbol SECTION_MISMATCH_WARN_ONLY
.config:5517:warning: override: reassigning to symbol FUTEX
.config:5518:warning: override: reassigning to symbol NET_VENDOR_INTEL
.config:5519:warning: override: reassigning to symbol QUOTA_NETLINK_INTERFACE
.config:5520:warning: override: reassigning to symbol USB_PRINTER
.config:5521:warning: override: reassigning to symbol WLAN_VENDOR_PURELIFI
.config:5522:warning: override: reassigning to symbol CHECK_SIGNATURE
.config:5523:warning: override: reassigning to symbol EARLY_PRINTK_USB
.config:5524:warning: override: reassigning to symbol PTP_1588_CLOCK_OPTIONAL
.config:5525:warning: override: reassigning to symbol HID_PANTHERLORD
.config:5526:warning: override: reassigning to symbol ARCH_HAS_PTDUMP
.config:5527:warning: override: reassigning to symbol DNOTIFY
.config:5528:warning: override: reassigning to symbol X86_INTEL_TSX_MODE_AUTO
.config:5529:warning: override: reassigning to symbol HAVE_PCI
.config:5530:warning: override: reassigning to symbol ARCH_HAVE_EXTRA_ELF_NOTES
.config:5531:warning: override: reassigning to symbol CRYPTO_ECB
.config:5532:warning: override: reassigning to symbol CONTEXT_TRACKING
.config:5533:warning: override: reassigning to symbol GENERIC_SYSCALL
.config:5534:warning: override: reassigning to symbol HAVE_OPTPROBES
.config:5535:warning: override: reassigning to symbol ARCH_SUSPEND_POSSIBLE
.config:5536:warning: override: reassigning to symbol P2SB
.config:5537:warning: override: reassigning to symbol EARLY_PRINTK
.config:5538:warning: override: reassigning to symbol EPOLL
.config:5539:warning: override: reassigning to symbol SURFACE_PLATFORMS
.config:5540:warning: override: reassigning to symbol MUTEX_SPIN_ON_OWNER
.config:5541:warning: override: reassigning to symbol PROC_PID_ARCH_STATUS
.config:5542:warning: override: reassigning to symbol BITREVERSE
.config:5543:warning: override: reassigning to symbol HUGETLB_PAGE
.config:5544:warning: override: reassigning to symbol IRQ_WORK
.config:5545:warning: override: reassigning to symbol HAVE_KRETPROBES
.config:5546:warning: override: reassigning to symbol CGROUPS
.config:5547:warning: override: reassigning to symbol FS_MBCACHE
.config:5548:warning: override: reassigning to symbol IP_PNP_BOOTP
.config:5549:warning: override: reassigning to symbol SPLIT_PTE_PTLOCKS
.config:5550:warning: override: reassigning to symbol ARCH_CLOCKSOURCE_INIT
.config:5551:warning: override: reassigning to symbol MQ_IOSCHED_KYBER
.config:5552:warning: override: reassigning to symbol X86_DISABLED_FEATURE_FRED
.config:5553:warning: override: reassigning to symbol CPUSETS
.config:5554:warning: override: reassigning to symbol FORCEDETH
.config:5555:warning: override: reassigning to symbol NET_VENDOR_NATSEMI
.config:5556:warning: override: reassigning to symbol HAVE_KCSAN_COMPILER
.config:5557:warning: override: reassigning to symbol CGROUP_FREEZER
.config:5558:warning: override: reassigning to symbol SCHED_OMIT_FRAME_POINTER
.config:5559:warning: override: reassigning to symbol POSIX_CPU_TIMERS_TASK_WORK
.config:5560:warning: override: reassigning to symbol EFI_PARTITION
.config:5561:warning: override: reassigning to symbol TASK_DELAY_ACCT
.config:5562:warning: override: reassigning to symbol PID_NS
.config:5563:warning: override: reassigning to symbol KPROBES
.config:5564:warning: override: reassigning to symbol DCACHE_WORD_ACCESS
.config:5565:warning: override: reassigning to symbol NET_VENDOR_WIZNET
.config:5566:warning: override: reassigning to symbol NET_VENDOR_CAVIUM
.config:5567:warning: override: reassigning to symbol RFS_ACCEL
.config:5568:warning: override: reassigning to symbol HAVE_RETHOOK
.config:5569:warning: override: reassigning to symbol USB_MON
.config:5570:warning: override: reassigning to symbol HAVE_ACPI_APEI_NMI
.config:5571:warning: override: reassigning to symbol RPS
.config:5572:warning: override: reassigning to symbol RD_BZIP2
.config:5573:warning: override: reassigning to symbol THREAD_INFO_IN_TASK
.config:5587:warning: override: reassigning to symbol PRINTK
.config:5591:warning: override: reassigning to symbol TTY
.config:5594:warning: override: reassigning to symbol BLK_DEV_INITRD
.config:5595:warning: override: reassigning to symbol RD_GZIP
.config:5598:warning: override: reassigning to symbol BINFMT_ELF
.config:5599:warning: override: reassigning to symbol BINFMT_SCRIPT
.config:5602:warning: override: reassigning to symbol TMPFS
.config:5605:warning: override: reassigning to symbol KERNEL_GZIP
.config:5608:warning: override: reassigning to symbol DRM
.config:5609:warning: override: reassigning to symbol SOUND
.config:5610:warning: override: reassigning to symbol STAGING
.config:5611:warning: override: reassigning to symbol INFINIBAND
.config:5612:warning: override: reassigning to symbol MEDIA_SUPPORT
.config:5614:warning: override: reassigning to symbol SERIAL_8250
.config:5615:warning: override: reassigning to symbol SERIAL_8250_CONSOLE
#
# configuration written to .config
#
make[4]: Leaving directory '/home/benni/git/kernel-test/build/randdefconfig-i386'
make[3]: Leaving directory '/home/benni/git/linux'
make[3]: Entering directory '/home/benni/git/linux'
make[4]: Entering directory '/home/benni/git/kernel-test/build/randdefconfig-i386'
  SYNC    include/config/auto.conf
  UPD     arch/x86/include/generated/asm/cpufeaturemasks.h
  CC      scripts/mod/empty.o
  CC      scripts/mod/devicetable-offsets.s
  MKELF   scripts/mod/elfconfig.h
  HOSTCC  scripts/mod/modpost.o
  HOSTCC  scripts/mod/file2alias.o
  HOSTCC  scripts/mod/sumversion.o
  HOSTCC  scripts/mod/symsearch.o
  HOSTLD  scripts/mod/modpost
  CC      kernel/bounds.s
  UPD     include/generated/bounds.h
  CC      arch/x86/kernel/asm-offsets.s
  UPD     include/generated/asm-offsets.h
  CC      kernel/sched/rq-offsets.s
  UPD     include/generated/rq-offsets.h
  CALL    /home/benni/git/linux/scripts/checksyscalls.sh 
  GEN     usr/initramfs_data.cpio
  CC      arch/x86/realmode/init.o
  AS      arch/x86/entry/entry.o
  CC      arch/x86/events/core.o
  CC      init/main.o
  CC      ipc/util.o
  COPY    usr/initramfs_inc_data
  AS      arch/x86/lib/atomic64_cx8_32.o
  AS      usr/initramfs_data.o
  CC      security/keys/gc.o
  AR      usr/built-in.a
  AS      arch/x86/lib/checksum_32.o
  CC      block/bdev.o
  CC      ipc/msgutil.o
  CC      io_uring/io_uring.o
  CC      crypto/api.o
  CC      kernel/fork.o
  AS      arch/x86/kernel/head_32.o
  CC      mm/filemap.o
  CC      lib/argv_split.o
  CC      fs/open.o
  AS      arch/x86/entry/entry_32.o
  CC      arch/x86/kernel/head32.o
  CC      arch/x86/lib/cmdline.o
  CC      arch/x86/entry/syscall_32.o
  AS      arch/x86/lib/cmpxchg8b_emu.o
  CC      arch/x86/lib/cpu.o
  AS      arch/x86/realmode/rm/header.o
  AS      arch/x86/realmode/rm/trampoline_32.o
  CC      lib/bug.o
  AS      arch/x86/realmode/rm/stack.o
  CC      security/keys/key.o
  CC      lib/buildid.o
  AS      arch/x86/realmode/rm/reboot.o
  CC      arch/x86/kernel/ebda.o
  AS      arch/x86/realmode/rm/wakeup_asm.o
  CC      ipc/msg.o
  CC      arch/x86/realmode/rm/wakemain.o
  CC      crypto/cipher.o
  CC      arch/x86/realmode/rm/video-mode.o
  CC      arch/x86/lib/delay.o
  AS      arch/x86/realmode/rm/copy.o
  AS      arch/x86/realmode/rm/bioscall.o
  CC      arch/x86/entry/common.o
  CC      arch/x86/events/probe.o
  CC      arch/x86/realmode/rm/regs.o
  CC      block/fops.o
  CC      arch/x86/kernel/platform-quirks.o
  CC      lib/clz_tab.o
  CC      arch/x86/realmode/rm/video-vga.o
  AS      arch/x86/lib/getuser.o
  CC      lib/cmdline.o
  CC      arch/x86/realmode/rm/video-vesa.o
  UPD     init/utsversion-tmp.h
  CC      init/do_mounts.o
  CC      mm/mempool.o
  CC      lib/ctype.o
  CC      fs/read_write.o
  CC      arch/x86/realmode/rm/video-bios.o
  CC      arch/x86/lib/inat.o
  CC      lib/dec_and_lock.o
  CC      arch/x86/lib/insn-eval.o
  CC      arch/x86/kernel/process_32.o
  CC      ipc/sem.o
  CC      arch/x86/events/utils.o
  CC      crypto/algapi.o
  PASYMS  arch/x86/realmode/rm/pasyms.h
  LDS     arch/x86/realmode/rm/realmode.lds
  CC      security/keys/keyring.o
  LD      arch/x86/realmode/rm/realmode.elf
  RELOCS  arch/x86/realmode/rm/realmode.relocs
  OBJCOPY arch/x86/realmode/rm/realmode.bin
  AS      arch/x86/realmode/rmpiggy.o
  AR      arch/x86/realmode/built-in.a
  CC      lib/decompress.o
  CC      arch/x86/entry/vdso/vma.o
  CC      kernel/exec_domain.o
  CC      ipc/shm.o
  CC      lib/decompress_inflate.o
  CC      block/bio.o
  CC      lib/decompress_unlz4.o
  CC      io_uring/opdef.o
  CC      arch/x86/lib/insn.o
  CC      mm/oom_kill.o
  CC      arch/x86/events/amd/core.o
  CC      init/do_mounts_initrd.o
  CC      arch/x86/events/msr.o
  CC      arch/x86/entry/vdso/extable.o
  CC      arch/x86/kernel/signal.o
  CC      arch/x86/lib/kaslr.o
  CC      lib/decompress_unlzma.o
  CC      kernel/exec_state.o
  CC      crypto/scatterwalk.o
  CC      io_uring/kbuf.o
  CC      arch/x86/lib/memcpy_32.o
  CC      ipc/syscall.o
  CC      arch/x86/kernel/signal_32.o
  CC      security/keys/keyctl.o
  CC      fs/file_table.o
  AS      arch/x86/lib/memmove_32.o
  CC      init/initramfs.o
  CC      kernel/panic.o
  CC      block/elevator.o
  CC      arch/x86/lib/misc.o
  CC      arch/x86/events/amd/lbr.o
  CC      lib/decompress_unxz.o
  CC      arch/x86/entry/vdso/vdso32-setup.o
  CC      arch/x86/lib/pc-conf-reg.o
  CC      fs/super.o
  CC      ipc/ipc_sysctl.o
  AS      arch/x86/lib/putuser.o
  CC      crypto/proc.o
  LDS     arch/x86/entry/vdso/vdso32/vdso32.lds
  CC      security/commoncap.o
  CC      arch/x86/entry/vdso/vdso32/vclock_gettime.o
  CC      lib/decompress_unzstd.o
  CC      io_uring/rsrc.o
  CC      arch/x86/kernel/traps.o
  AS      arch/x86/lib/retpoline.o
  CC      mm/fadvise.o
  CC      ipc/namespace.o
  CC      security/keys/permission.o
  CC      kernel/cpu.o
  CC      arch/x86/lib/string_32.o
  AS      arch/x86/entry/thunk.o
  CC      arch/x86/events/amd/ibs.o
  CC      arch/x86/lib/strstr_32.o
  CC      crypto/aead.o
  CC      arch/x86/entry/vdso/vdso32/vgetcpu.o
  CC      arch/x86/lib/usercopy.o
  CC      init/calibrate.o
  CC      block/blk-core.o
  CC      lib/dump_stack.o
  AS      arch/x86/entry/vdso/vdso32/system_call.o
  CC      arch/x86/mm/init.o
  AR      ipc/built-in.a
  AS      arch/x86/entry/vdso/vdso32/sigreturn.o
  CC      crypto/geniv.o
  CC      arch/x86/entry/vdso/vdso32/vfutex.o
  VDSO    arch/x86/entry/vdso/vdso32/vdso32.so.dbg
  OBJCOPY arch/x86/entry/vdso/vdso32/vdso32.so
  CC      init/init_task.o
  VDSO2C  arch/x86/entry/vdso/vdso32/vdso32-image.c
  CC      arch/x86/entry/vdso/vdso32/vdso32-image.o
  CC      arch/x86/mm/init_32.o
  CC      arch/x86/lib/usercopy_32.o
  CC      arch/x86/kernel/idt.o
  CC      fs/char_dev.o
  CC      mm/maccess.o
  AR      arch/x86/entry/vdso/vdso32/built-in.a
  AR      arch/x86/entry/vdso/built-in.a
  AR      arch/x86/entry/built-in.a
  CC      arch/x86/events/amd/uncore.o
  CC      security/keys/process_keys.o
  CC      lib/earlycpio.o
  CC      arch/x86/lib/msr.o
  CC      init/version.o
  CC      lib/extable.o
  CC      io_uring/notif.o
  CC      kernel/exit.o
  CC      arch/x86/mm/fault.o
  CC      crypto/lskcipher.o
  CC      arch/x86/kernel/irq.o
  CC      io_uring/tctx.o
  CC      drivers/leds/led-core.o
  CC      fs/stat.o
  CC      mm/page-writeback.o
  CC      lib/flex_proportions.o
  CC      drivers/pci/access.o
  AR      arch/x86/events/amd/built-in.a
  AR      init/built-in.a
  CC      arch/x86/events/intel/core.o
  CC      arch/x86/events/intel/bts.o
  CC      security/keys/request_key.o
  CC      lib/idr.o
  CC      block/blk-sysfs.o
  CC      mm/folio-compat.o
  CC      drivers/leds/led-class.o
  AS      arch/x86/lib/msr-reg.o
  CC      io_uring/filetable.o
  CC      arch/x86/lib/msr-reg-export.o
  CC      arch/x86/mm/ioremap.o
  CC      crypto/skcipher.o
  AS      arch/x86/lib/hweight.o
  CC      drivers/video/screen_info_generic.o
  CC      lib/iomem_copy.o
  CC      drivers/pci/bus.o
  CC      arch/x86/lib/iomem.o
  CC      drivers/video/screen_info_pci.o
  CC      drivers/leds/led-triggers.o
  CC      fs/exec.o
  CC      kernel/softirq.o
  CC      lib/irq_regs.o
  CC      block/blk-flush.o
  CC      io_uring/rw.o
  CC      arch/x86/kernel/irq_32.o
  CC      security/lsm_syscalls.o
  CC      security/keys/request_key_auth.o
  CC      mm/readahead.o
  CC      lib/is_single_threaded.o
  CC      arch/x86/mm/extable.o
  CC      arch/x86/lib/atomic64_32.o
  AR      arch/x86/lib/lib.a
  AR      arch/x86/lib/built-in.a
  CC      arch/x86/platform/efi/memmap.o
  CC      arch/x86/kernel/dumpstack_32.o
  AR      drivers/leds/built-in.a
  CC      lib/klist.o
  CC      security/keys/user_defined.o
  CC      drivers/pci/probe.o
  CC      crypto/echainiv.o
  CC      arch/x86/platform/efi/quirks.o
  CC      lib/kobject.o
  CC      drivers/video/console/dummycon.o
  CC      block/blk-settings.o
  CC      io_uring/poll.o
  CC      arch/x86/mm/mmap.o
  CC      mm/swap.o
  CC      kernel/resource.o
  CC      arch/x86/kernel/time.o
  CC      crypto/ahash.o
  CC      drivers/pci/host-bridge.o
  CC      fs/pipe.o
  CC      arch/x86/virt/svm/cmdline.o
  CC      lib/kobject_uevent.o
  CC      security/keys/proc.o
  CC      drivers/video/console/vgacon.o
  AR      arch/x86/virt/svm/built-in.a
  AR      arch/x86/virt/built-in.a
  CC      arch/x86/mm/pgtable.o
  CC      arch/x86/events/zhaoxin/core.o
  CC      arch/x86/events/intel/ds.o
  CC      arch/x86/platform/efi/efi.o
  CC      arch/x86/kernel/ioport.o
  CC      block/blk-ioc.o
  CC      security/keys/sysctl.o
  CC      mm/truncate.o
  CC      io_uring/tw.o
  CC      drivers/pci/remove.o
  CC      kernel/sysctl.o
  CC      arch/x86/mm/physaddr.o
  AR      arch/x86/events/zhaoxin/built-in.a
  CC      arch/x86/platform/efi/efi_32.o
  CC      net/devres.o
  CC      net/socket.o
  CC      crypto/shash.o
  CC      security/keys/keyctl_pkey.o
  CC      arch/x86/kernel/dumpstack.o
  AR      drivers/video/console/built-in.a
  CC      fs/namei.o
  CC      drivers/video/backlight/backlight.o
  CC      lib/logic_pio.o
  CC      io_uring/wait.o
  CC      arch/x86/mm/tlb.o
  CC      block/blk-map.o
  CC      drivers/pci/pci.o
  AS      arch/x86/platform/efi/efi_stub_32.o
  CC      arch/x86/events/intel/knc.o
  AR      arch/x86/platform/efi/built-in.a
  AR      security/keys/built-in.a
  CC      arch/x86/platform/intel/iosf_mbi.o
  CC      security/min_addr.o
  CC      arch/x86/kernel/nmi.o
  CC      lib/maple_tree.o
  CC      mm/vmscan.o
  AR      drivers/video/backlight/built-in.a
  AR      drivers/video/built-in.a
  CC      kernel/capability.o
  CC      crypto/akcipher.o
  CC      arch/x86/kernel/ldt.o
  CC      mm/shrinker.o
  CC      arch/x86/events/intel/lbr.o
  CC      security/security.o
  CC      block/blk-merge.o
  CC      io_uring/eventfd.o
  AR      arch/x86/platform/intel/built-in.a
  AR      arch/x86/platform/built-in.a
  CC      crypto/sig.o
  CC      arch/x86/mm/cpu_entry_area.o
  CC      arch/x86/mm/maccess.o
  CC      kernel/ptrace.o
  CC      arch/x86/kernel/setup.o
  CC      arch/x86/events/intel/p4.o
  CC      block/blk-timeout.o
  CC      net/core/sock.o
  CC      io_uring/uring_cmd.o
  CC      arch/x86/kernel/x86_init.o
  CC      arch/x86/events/intel/p6.o
  CC      fs/fcntl.o
  CC      arch/x86/mm/pgprot.o
  CC      drivers/pci/pci-driver.o
  CC      crypto/rsapubkey.asn1.o
  CC      lib/memcat_p.o
  CC      arch/x86/mm/pat/set_memory.o
  CC      crypto/rsaprivkey.asn1.o
  CC      crypto/rsa.o
  CC      lib/nmi_backtrace.o
  CC      block/blk-lib.o
  CC      arch/x86/events/intel/pt.o
  CC      kernel/user.o
  CC      lib/objpool.o
  CC      mm/shmem.o
  CC      kernel/signal.o
  CC      fs/ioctl.o
  CC      arch/x86/kernel/i8259.o
  CC      io_uring/openclose.o
  CC      security/lsm_notifier.o
  CC      crypto/rsa_helper.o
  CC      security/lsm_init.o
  CC      lib/plist.o
  CC      kernel/sys.o
  CC      lib/radix-tree.o
  CC      block/blk-mq.o
  CC      crypto/rsa-pkcs1pad.o
  CC      drivers/pci/search.o
  CC      arch/x86/kernel/irqinit.o
  CC      arch/x86/events/intel/uncore.o
  CC      drivers/acpi/tables.o
  CC      io_uring/sqpoll.o
  CC      arch/x86/mm/pat/memtype.o
  CC      fs/readdir.o
  CC      security/lsm_audit.o
  CC      drivers/pnp/core.o
  CC      crypto/rsassa-pkcs1.o
  CC      lib/ratelimit.o
  CC      net/core/skbuff.o
  CC      arch/x86/kernel/jump_label.o
  CC      drivers/acpi/osi.o
  CC      drivers/pci/rebar.o
  CC      lib/rbtree.o
  CC      arch/x86/mm/pat/memtype_interval.o
  CC      mm/util.o
  CC      drivers/pnp/card.o
  CC      crypto/acompress.o
  CC      arch/x86/kernel/irq_work.o
  CC      net/core/datagram.o
  CC      kernel/umh.o
  CC      arch/x86/events/intel/uncore_nhmex.o
  CC      io_uring/xattr.o
  CC      fs/select.o
  CC      security/integrity/iint.o
  CC      lib/seq_buf.o
  CC      drivers/acpi/osl.o
  AR      arch/x86/mm/pat/built-in.a
  CC      arch/x86/mm/pgtable_32.o
  CC      drivers/pci/rom.o
  CC      io_uring/nop.o
  CC      drivers/pnp/driver.o
  CC      arch/x86/kernel/probe_roms.o
  CC      security/integrity/integrity_audit.o
  CC      lib/siphash.o
  CC      arch/x86/events/intel/uncore_snb.o
  CC      mm/mmzone.o
  CC      block/blk-mq-tag.o
  CC      kernel/workqueue.o
  CC      crypto/scompress.o
  CC      lib/string.o
  CC      arch/x86/mm/iomap_32.o
  CC      drivers/pnp/resource.o
  CC      io_uring/fs.o
  CC      drivers/pci/setup-res.o
  CC      lib/sys_info.o
  CC      mm/vmstat.o
  CC      drivers/acpi/utils.o
  CC      security/integrity/efi_secureboot.o
  CC      fs/dcache.o
  CC      arch/x86/kernel/sys_ia32.o
  CC      net/ethernet/eth.o
  CC      arch/x86/events/intel/uncore_snbep.o
  CC      arch/x86/mm/hugetlbpage.o
  CC      block/blk-mq-dma.o
  CC      lib/timerqueue.o
  CC      crypto/algboss.o
  CC      io_uring/splice.o
  AR      security/integrity/built-in.a
  AR      security/built-in.a
  CC      io_uring/sync.o
  CC      drivers/acpi/reboot.o
  CC      arch/x86/kernel/ksysfs.o
  CC      drivers/pci/irq.o
  CC      drivers/pnp/manager.o
  CC      lib/vsprintf.o
  CC      mm/backing-dev.o
  AR      arch/x86/mm/built-in.a
  CC      block/blk-stat.o
  CC      net/core/stream.o
  CC      crypto/testmgr.o
  CC      arch/x86/kernel/bootflag.o
  CC      drivers/acpi/nvs.o
  CC      io_uring/msg_ring.o
  CC      net/core/scm.o
  CC      lib/win_minmax.o
  CC      fs/inode.o
  CC      drivers/pnp/support.o
  AR      net/ethernet/built-in.a
  CC      kernel/pid.o
  CC      arch/x86/kernel/e820.o
  CC      drivers/pci/vpd.o
  CC      arch/x86/events/intel/uncore_discovery.o
  CC      mm/mm_init.o
  CC      drivers/acpi/wakeup.o
  CC      crypto/cmac.o
  CC      block/blk-mq-sysfs.o
  CC      io_uring/advise.o
  CC      crypto/hmac.o
  CC      drivers/pnp/interface.o
  CC      drivers/acpi/sleep.o
  CC      lib/xarray.o
  CC      arch/x86/events/intel/cstate.o
  CC      kernel/task_work.o
  CC      drivers/pci/setup-bus.o
  CC      net/sched/sch_generic.o
  CC      drivers/pnp/quirks.o
  CC      block/blk-mq-cpumap.o
  CC      crypto/sha1.o
  CC      io_uring/statx.o
  CC      net/core/gen_stats.o
  CC      arch/x86/kernel/pci-dma.o
  CC      net/core/gen_estimator.o
  CC      mm/percpu.o
  CC      crypto/sha256.o
  CC      kernel/extable.o
  CC      fs/attr.o
  AR      arch/x86/events/intel/built-in.a
  AR      arch/x86/events/built-in.a
  CC      lib/lockref.o
  CC      arch/x86/kernel/quirks.o
  CC      drivers/pnp/system.o
  CC      io_uring/timeout.o
  CC      net/sched/sch_mq.o
  CC      drivers/acpi/device_sysfs.o
  CC      block/blk-mq-sched.o
  CC      lib/bcd.o
  CC      net/netlink/af_netlink.o
  CC      lib/sort.o
  CC      drivers/pnp/pnpacpi/core.o
  CC      drivers/pci/vc.o
  CC      io_uring/cancel.o
  CC      kernel/params.o
  CC      net/core/net_namespace.o
  CC      crypto/sha512.o
  CC      lib/parser.o
  CC      arch/x86/kernel/kdebugfs.o
  CC      drivers/acpi/device_pm.o
  CC      fs/bad_inode.o
  CC      drivers/pnp/pnpacpi/rsparser.o
  CC      kernel/kthread.o
  CC      lib/debug_locks.o
  CC      drivers/pci/mmap.o
  AR      net/sched/built-in.a
  CC      mm/slab_common.o
  CC      arch/x86/pci/i386.o
  CC      arch/x86/pci/init.o
  CC      block/ioctl.o
  CC      crypto/ecb.o
  CC      io_uring/waitid.o
  CC      lib/random32.o
  CC      arch/x86/kernel/alternative.o
  CC      fs/file.o
  AR      drivers/pnp/pnpacpi/built-in.a
  AR      drivers/pnp/built-in.a
  CC      net/netlink/genetlink.o
  CC      drivers/acpi/proc.o
  CC      drivers/pci/devres.o
  CC      crypto/cbc.o
  CC      net/core/secure_seq.o
  CC      io_uring/register.o
  CC      lib/bust_spinlocks.o
  CC      net/core/flow_dissector.o
  CC      kernel/sys_ni.o
  CC      arch/x86/pci/pcbios.o
  CC      block/genhd.o
  CC      fs/filesystems.o
  CC      crypto/cts.o
  CC      arch/x86/kernel/i8253.o
  CC      kernel/nsproxy.o
  CC      drivers/acpi/bus.o
  CC      drivers/virtio/virtio.o
  CC      lib/kasprintf.o
  CC      drivers/tty/tty_io.o
  CC      drivers/pci/msi/pcidev_msi.o
  CC      crypto/ctr.o
  CC      arch/x86/kernel/hw_breakpoint.o
  CC      mm/compaction.o
  CC      drivers/tty/n_tty.o
  CC      arch/x86/pci/mmconfig_32.o
  CC      lib/bitmap.o
  CC      kernel/nstree.o
  CC      io_uring/truncate.o
  CC      fs/namespace.o
  CC      net/netlink/policy.o
  CC      block/ioprio.o
  CC      drivers/pci/msi/api.o
  CC      crypto/gcm.o
  CC      drivers/virtio/virtio_ring.o
  CC      drivers/acpi/glue.o
  CC      arch/x86/pci/direct.o
  CC      net/core/sysctl_net_core.o
  CC      arch/x86/kernel/tsc.o
  CC      lib/scatterlist.o
  CC      io_uring/memmap.o
  AR      net/netlink/built-in.a
  CC      block/badblocks.o
  CC      drivers/pci/msi/msi.o
  CC      crypto/aes.o
  CC      lib/list_sort.o
  CC      kernel/nscommon.o
  CC      drivers/tty/tty_ioctl.o
  CC      crypto/camellia_generic.o
  CC      arch/x86/pci/mmconfig-shared.o
  CC      io_uring/alloc_cache.o
  CC      drivers/acpi/scan.o
  CC      drivers/char/mem.o
  CC      mm/show_mem.o
  CC      drivers/iommu/iommu.o
  CC      drivers/virtio/virtio_anchor.o
  CC      kernel/notifier.o
  CC      block/partitions/core.o
  CC      io_uring/query.o
  CC      lib/uuid.o
  CC      arch/x86/kernel/tsc_msr.o
  CC      crypto/authenc.o
  CC      arch/x86/pci/fixup.o
  CC      drivers/tty/tty_ldisc.o
  CC      lib/iov_iter.o
  CC      drivers/pci/msi/irqdomain.o
  CC      net/core/dev.o
  CC      arch/x86/kernel/io_delay.o
  CC      drivers/char/random.o
  CC      drivers/virtio/virtio_pci_modern_dev.o
  CC      fs/seq_file.o
  CC      io_uring/loop.o
  CC      mm/interval_tree.o
  CC      drivers/acpi/mipi-disco-img.o
  CC      arch/x86/pci/acpi.o
  CC      kernel/ksysfs.o
  CC      arch/x86/kernel/rtc.o
  CC      block/partitions/msdos.o
  CC      drivers/tty/tty_buffer.o
  AR      drivers/pci/msi/built-in.a
  CC      drivers/pci/pcie/portdrv.o
  CC      crypto/authencesn.o
  CC      drivers/iommu/iommu-pages.o
  CC      io_uring/io-wq.o
  CC      mm/list_lru.o
  CC      drivers/acpi/resource.o
  CC      drivers/virtio/virtio_pci_legacy_dev.o
  CC      fs/xattr.o
  CC      kernel/cred.o
  CC      arch/x86/pci/legacy.o
  CC      block/partitions/efi.o
  CC      arch/x86/kernel/resource.o
  CC      lib/clz_ctz.o
  CC      drivers/char/misc.o
  CC      drivers/tty/tty_port.o
  CC      lib/bsearch.o
  AS      arch/x86/kernel/irqflags.o
  CC      drivers/iommu/iommu-traces.o
  CC      drivers/pci/pcie/rcec.o
  CC      arch/x86/kernel/static_call.o
  CC      crypto/krb5enc.o
  CC      drivers/acpi/acpi_processor.o
  CC      io_uring/futex.o
  AR      block/partitions/built-in.a
  CC      mm/workingset.o
  CC      block/blk-rq-qos.o
  CC      drivers/virtio/virtio_pci_modern.o
  CC      arch/x86/pci/irq.o
  CC      drivers/char/virtio_console.o
  CC      lib/find_bit.o
  CC      arch/x86/kernel/process.o
  CC      kernel/reboot.o
  CC      drivers/pci/pcie/bwctrl.o
  CC      drivers/tty/tty_mutex.o
  CC      lib/llist.o
  CC      fs/libfs.o
  CC      block/disk-events.o
  CC      io_uring/epoll.o
  CC      mm/debug.o
  CC      drivers/acpi/processor_core.o
  CC      lib/lwq.o
  CC      drivers/iommu/iommu-sysfs.o
  CC      arch/x86/pci/common.o
  CC      crypto/lzo.o
  CC      drivers/pci/pcie/aspm.o
  CC      drivers/virtio/virtio_pci_common.o
  CC      drivers/tty/tty_ldsem.o
  CC      drivers/char/hpet.o
  CC      lib/memweight.o
  CC      io_uring/napi.o
  CC      kernel/async.o
  CC      lib/kfifo.o
  CC      crypto/lzo-rle.o
  CC      drivers/acpi/processor_pdc.o
  CC      arch/x86/pci/early.o
  CC      block/blk-ia-ranges.o
  CC      drivers/iommu/dma-iommu.o
  CC      arch/x86/kernel/fpu/init.o
  CC      mm/gup.o
  CC      drivers/tty/tty_baudrate.o
  CC      drivers/virtio/virtio_pci_legacy.o
  CC      fs/fs-writeback.o
  CC      drivers/char/nvram.o
  CC      drivers/acpi/ec.o
  CC      kernel/range.o
  CC      crypto/lz4.o
  CC      arch/x86/kernel/fpu/bugs.o
  CC      arch/x86/pci/bus_numa.o
  CC      drivers/pci/pcie/pme.o
  CC      net/core/dev_api.o
  CC      kernel/smpboot.o
  CC      arch/x86/kernel/fpu/core.o
  CC      lib/percpu-refcount.o
  CC      drivers/virtio/virtio_pci_admin_legacy_io.o
  CC      block/early-lookup.o
  CC      io_uring/net.o
  CC      drivers/tty/tty_jobctrl.o
  CC      crypto/asymmetric_keys/asymmetric_type.o
  CC      arch/x86/pci/amd_bus.o
  AR      drivers/pci/pcie/built-in.a
  CC      drivers/pci/proc.o
  CC      kernel/ucount.o
  CC      drivers/char/hw_random/core.o
  CC      drivers/iommu/iova.o
  CC      block/bsg.o
  CC      lib/rhashtable.o
  CC      drivers/virtio/virtio_input.o
  CC      net/core/dev_addr_lists.o
  CC      mm/mmap_lock.o
  CC      drivers/acpi/dock.o
  CC      kernel/regset.o
  CC      drivers/tty/n_null.o
  AR      arch/x86/pci/built-in.a
  CC      crypto/asymmetric_keys/restrict.o
  CC      kernel/ksyms_common.o
  CC      arch/x86/kernel/fpu/regset.o
  CC      drivers/pci/pci-sysfs.o
  CC      drivers/char/hw_random/geode-rng.o
  CC      crypto/asymmetric_keys/signature.o
  CC      fs/pnode.o
  CC      io_uring/cmd_net.o
  AR      drivers/virtio/built-in.a
  CC      lib/base64.o
  CC      drivers/char/agp/backend.o
  CC      drivers/tty/pty.o
  AR      drivers/iommu/built-in.a
  CC      crypto/asymmetric_keys/public_key.o
  CC      block/blk-mq-debugfs.o
  CC      drivers/acpi/pci_root.o
  CC      kernel/groups.o
  CC      arch/x86/kernel/fpu/signal.o
  CC      mm/vma_init.o
  CC      lib/once.o
  CC      drivers/char/hw_random/via-rng.o
  CC      arch/x86/kernel/ptrace.o
  CC      fs/splice.o
  CC      arch/x86/power/cpu.o
  CC      drivers/tty/tty_audit.o
  CC      net/core/dst.o
  AR      crypto/asymmetric_keys/built-in.a
  CC      drivers/pci/slot.o
  AR      drivers/char/hw_random/built-in.a
  CC      crypto/krb5/krb5_kdf.o
  CC      arch/x86/kernel/fpu/xstate.o
  CC      lib/refcount.o
  CC      drivers/tty/sysrq.o
  CC      drivers/char/agp/generic.o
  CC      mm/highmem.o
  CC      block/blk-pm.o
  CC      drivers/acpi/pci_link.o
  CC      lib/rcuref.o
  CC      kernel/sched/core.o
  CC      io_uring/fdinfo.o
  CC      mm/memory.o
  CC      kernel/locking/mutex.o
  CC      lib/usercopy.o
  AR      arch/x86/power/built-in.a
  CC      crypto/krb5/krb5_api.o
  CC      drivers/pci/pci-acpi.o
  CC      drivers/acpi/pci_irq.o
  AR      arch/x86/kernel/fpu/built-in.a
  CC      fs/sync.o
  CC      net/core/netevent.o
  CC      arch/x86/kernel/tls.o
  CC      io_uring/bpf_filter.o
  AR      block/built-in.a
  CC      lib/errseq.o
  CC      drivers/tty/vt/vt_ioctl.o
  CC      drivers/char/agp/isoch.o
  CC      drivers/connector/cn_queue.o
  CC      drivers/base/component.o
  CC      lib/bucket_locks.o
  CC      drivers/connector/connector.o
  CC      crypto/krb5/rfc3961_simplified.o
  CC      drivers/acpi/acpi_apd.o
  CC      kernel/locking/semaphore.o
  CC      arch/x86/kernel/step.o
  CC      drivers/char/agp/amd64-agp.o
  CC      drivers/pci/iomap.o
  CC      kernel/sched/fair.o
  AR      io_uring/built-in.a
  CC      lib/generic-radix-tree.o
  CC      arch/x86/kernel/i8237.o
  CC      net/core/neighbour.o
  CC      fs/utimes.o
  CC      drivers/tty/vt/vc_screen.o
  CC      drivers/base/core.o
  CC      drivers/acpi/acpi_platform.o
  CC      arch/x86/kernel/stacktrace.o
  CC      crypto/krb5/rfc3962_aes.o
  AR      drivers/connector/built-in.a
  CC      drivers/char/agp/intel-agp.o
  CC      drivers/char/agp/intel-gtt.o
  CC      net/ethtool/ioctl.o
  CC      lib/bitmap-str.o
  CC      kernel/locking/rwsem.o
  CC      mm/mincore.o
  CC      drivers/pci/quirks.o
  CC      drivers/tty/vt/selection.o
  CC      crypto/krb5/rfc6803_camellia.o
  CC      drivers/acpi/acpi_pnp.o
  CC      arch/x86/kernel/cpu/cacheinfo.o
  CC      lib/string_helpers.o
  CC      fs/d_path.o
  CC      net/ethtool/common.o
  CC      mm/mlock.o
  CC      drivers/tty/hvc/hvc_console.o
  CC      kernel/locking/percpu-rwsem.o
  CC      crypto/krb5/rfc8009_aes2.o
  AR      drivers/char/agp/built-in.a
  AR      drivers/char/built-in.a
  CC      drivers/pci/pci-label.o
  CC      drivers/acpi/power.o
  CC      drivers/tty/vt/keyboard.o
  CC      arch/x86/kernel/cpu/scattered.o
  AR      crypto/krb5/built-in.a
  AR      crypto/built-in.a
  CC      lib/hexdump.o
  CC      drivers/acpi/event.o
  CC      drivers/base/bus.o
  CC      arch/x86/kernel/cpu/topology_common.o
  CC      kernel/locking/rtmutex_api.o
  CC      kernel/sched/build_policy.o
  CC      fs/stack.o
  CC      lib/kstrtox.o
  CC      net/netfilter/core.o
  AR      drivers/tty/hvc/built-in.a
  CC      mm/mmap.o
  CC      net/core/rtnetlink.o
  CC      mm/mmu_gather.o
  CC      drivers/pci/vgaarb.o
  CC      fs/fs_struct.o
  CC      kernel/power/qos.o
  CC      net/ethtool/netlink.o
  CC      arch/x86/kernel/cpu/topology_ext.o
  CC      drivers/tty/vt/vt.o
  CC      drivers/base/dd.o
  CC      lib/math/div64.o
  CC      drivers/acpi/evged.o
  CC      arch/x86/kernel/cpu/topology_amd.o
  AR      kernel/locking/built-in.a
  CC      net/unix/af_unix.o
  CC      arch/x86/kernel/acpi/boot.o
  CC      lib/math/gcd.o
  CC      net/unix/garbage.o
  CC      lib/math/lcm.o
  CC      lib/math/int_log.o
  CC      fs/statfs.o
  CC      drivers/acpi/sysfs.o
  CC      arch/x86/kernel/cpu/cpuid_parser.o
  CC      lib/math/int_pow.o
  CC      net/netfilter/nf_log.o
  CC      kernel/power/main.o
  CC      drivers/pci/setup-cardbus.o
  CC      mm/mprotect.o
  CC      arch/x86/kernel/cpu/common.o
  CC      lib/math/int_sqrt.o
  CC      drivers/base/syscore.o
  CC      net/ethtool/bitset.o
  CC      lib/math/reciprocal_div.o
  CC      drivers/acpi/property.o
  CC      lib/math/rational.o
  CC      drivers/base/driver.o
  CC      arch/x86/kernel/acpi/sleep.o
  CC      drivers/tty/vt/defkeymap.o
  CC      fs/fs_pin.o
  CC      drivers/pci/trace.o
  AR      lib/math/built-in.a
  CC      lib/crc/crc32-main.o
  CC      kernel/power/console.o
  CC      drivers/base/class.o
  CC      lib/crypto/hash_info.o
  CC      drivers/tty/vt/consolemap.o
  CC      net/ethtool/strset.o
  CC      mm/mremap.o
  AS      arch/x86/kernel/acpi/wakeup_32.o
  CC      fs/nsfs.o
  CC      net/netfilter/nf_queue.o
  AR      arch/x86/kernel/acpi/built-in.a
  CC      arch/x86/kernel/reboot.o
  CC      kernel/sched/build_utility.o
  CC      drivers/acpi/debugfs.o
  CC      net/core/utils.o
  AS      lib/crc/x86/crc32-pclmul.o
  AR      lib/crc/built-in.a
  CC      net/unix/sysctl_net_unix.o
  CC      drivers/base/platform.o
  AR      drivers/pci/built-in.a
  CC      arch/x86/kernel/cpu/rdrand.o
  CC      lib/crypto/memneq.o
  CC      drivers/tty/serial/serial_core.o
  CC      arch/x86/kernel/cpu/match.o
  CC      kernel/power/process.o
  CC      kernel/power/suspend.o
  CC      net/ethtool/linkinfo.o
  CC      drivers/tty/vt/consolemap_deftbl.o
  CC      drivers/acpi/acpi_lpat.o
  CC      drivers/tty/vt/ucs.o
  CC      lib/crypto/utils.o
  CC      mm/msync.o
  CC      lib/crypto/aes.o
  CC      arch/x86/kernel/cpu/bugs.o
  AR      drivers/tty/vt/built-in.a
  AR      net/unix/built-in.a
  CC      fs/fs_dirent.o
  CC      drivers/block/virtio_blk.o
  CC      net/ipv6/addrconf_core.o
  CC      net/core/link_watch.o
  CC      drivers/base/cpu.o
  CC      fs/fs_context.o
  CC      net/netfilter/nf_sockopt.o
  CC      mm/page_vma_mapped.o
  CC      lib/vdso/datastore.o
  CC      kernel/power/poweroff.o
  CC      net/ethtool/linkmodes.o
  CC      arch/x86/kernel/msr.o
  AS      lib/crypto/x86/aes-aesni.o
  CC      lib/crypto/blake2s.o
  CC      drivers/acpi/acpica/dsargs.o
  CC      drivers/tty/serial/serial_base_bus.o
  AR      kernel/power/built-in.a
  AR      lib/vdso/built-in.a
  AR      drivers/block/built-in.a
  CC      mm/pagewalk.o
  CC      drivers/acpi/acpica/dscontrol.o
  CC      arch/x86/kernel/cpuid.o
  CC      net/packet/af_packet.o
  CC      drivers/base/firmware.o
  CC      drivers/acpi/acpica/dsdebug.o
  CC      drivers/base/init.o
  CC      lib/crypto/chacha-block-generic.o
  CC      fs/fs_parser.o
  CC      net/ethtool/rss.o
  AR      kernel/sched/built-in.a
  CC      net/ipv6/exthdrs_core.o
  CC      drivers/tty/serial/serial_ctrl.o
  CC      arch/x86/kernel/cpu/aperfmperf.o
  CC      kernel/printk/printk.o
  CC      net/netfilter/utils.o
  CC      drivers/acpi/acpica/dsfield.o
  CC      mm/pgtable-generic.o
  CC      net/core/filter.o
  CC      lib/crypto/gf128hash.o
  CC      drivers/tty/serial/serial_port.o
  CC      drivers/acpi/ac.o
  CC      lib/iomap.o
  CC      drivers/base/map.o
  CC      arch/x86/kernel/cpu/cpuid-deps.o
  CC      kernel/printk/printk_safe.o
  CC      drivers/acpi/acpica/dsinit.o
  CC      drivers/acpi/button.o
  CC      fs/fsopen.o
  CC      drivers/base/devres.o
  CC      arch/x86/kernel/cpu/cpuid_0x2_table.o
  CC      lib/crypto/sha1.o
  CC      net/ethtool/linkstate.o
  CC      mm/rmap.o
  CC      drivers/tty/serial/earlycon.o
  CC      net/ipv6/ip6_checksum.o
  CC      drivers/acpi/acpica/dsmethod.o
  CC      arch/x86/kernel/early-quirks.o
  CC      arch/x86/kernel/cpu/umwait.o
  CC      lib/crypto/sha256.o
  CC      drivers/acpi/fan_core.o
  CC      drivers/acpi/acpica/dsmthdat.o
  CC      fs/init.o
  AR      net/netfilter/built-in.a
  CC      net/ipv6/ip6_icmp.o
  CC      drivers/base/attribute_container.o
  CC      drivers/tty/serial/8250/8250_core.o
  CC      kernel/printk/nbcon.o
  CC      net/ethtool/debug.o
  AR      net/packet/built-in.a
  AR      net/wireless/built-in.a
  CC      drivers/acpi/acpica/dsobject.o
  CC      drivers/misc/eeprom/eeprom_93cx6.o
  CC      arch/x86/kernel/cpu/capflags.o
  CC      net/core/sock_diag.o
  CC      arch/x86/kernel/cpu/powerflags.o
  CC      arch/x86/kernel/tsc_sync.o
  CC      lib/crypto/sha512.o
  CC      arch/x86/kernel/cpu/topology.o
  CC      drivers/base/transport_class.o
  CC      fs/kernel_read_file.o
  CC      net/core/dev_ioctl.o
  CC      drivers/acpi/acpica/dsopcode.o
  CC      lib/crypto/mpi/generic_mpih-lshift.o
  AR      drivers/misc/eeprom/built-in.a
  AR      net/ipv6/built-in.a
  CC      kernel/printk/printk_ringbuffer.o
  CC      fs/mnt_idmapping.o
  AR      drivers/misc/built-in.a
  CC      kernel/irq/irqdesc.o
  CC      drivers/base/topology.o
  CC      net/ethtool/wol.o
  CC      mm/vmalloc.o
  CC      drivers/acpi/acpica/dspkginit.o
  CC      drivers/tty/serial/8250/8250_platform.o
  CC      lib/iomap_copy.o
  CC      fs/remap_range.o
  CC      arch/x86/kernel/cpu/proc.o
  CC      lib/crypto/mpi/generic_mpih-mul1.o
  CC      kernel/irq/handle.o
  CC      kernel/printk/sysctl.o
  CC      drivers/acpi/acpica/dsutils.o
  CC      drivers/acpi/acpica/dswexec.o
  CC      lib/devres.o
  CC      net/rfkill/core.o
  CC      net/ethtool/features.o
  CC      lib/crypto/mpi/generic_mpih-mul2.o
  CC      net/ethtool/privflags.o
  CC      drivers/base/container.o
  CC      arch/x86/kernel/cpu/feat_ctl.o
  AR      kernel/printk/built-in.a
  CC      kernel/rcu/update.o
  CC      net/9p/mod.o
  CC      kernel/rcu/sync.o
  CC      drivers/tty/serial/8250/8250_pnp.o
  CC      kernel/irq/manage.o
  CC      drivers/acpi/acpica/dswload.o
  CC      fs/pidfs.o
  CC      lib/crypto/mpi/generic_mpih-mul3.o
  CC      arch/x86/kernel/cpu/intel.o
  CC      net/core/tso.o
  CC      drivers/acpi/fan_attr.o
  CC      drivers/base/property.o
  CC      drivers/acpi/acpica/dswload2.o
  CC      net/ethtool/rings.o
  CC      drivers/tty/serial/8250/8250_port.o
  CC      mm/vma.o
  CC      arch/x86/kernel/mpparse.o
  CC      net/9p/client.o
  CC      net/rfkill/input.o
  CC      arch/x86/kernel/cpu/tsx.o
  CC      kernel/irq/spurious.o
  CC      lib/crypto/mpi/generic_mpih-rshift.o
  CC      arch/x86/kernel/cpu/intel_epb.o
  CC      drivers/acpi/acpica/dswscope.o
  CC      drivers/acpi/fan_hwmon.o
  CC      fs/file_attr.o
  CC      kernel/rcu/srcutree.o
  CC      arch/x86/kernel/cpu/amd.o
  CC      drivers/acpi/acpica/dswstate.o
  AR      net/rfkill/built-in.a
  CC      kernel/irq/resend.o
  CC      net/9p/error.o
  CC      lib/crypto/mpi/generic_mpih-sub1.o
  CC      net/ethtool/channels.o
  CC      drivers/base/cacheinfo.o
  CC      drivers/base/swnode.o
  CC      arch/x86/kernel/apic/apic.o
  CC      net/core/sock_reuseport.o
  CC      drivers/acpi/acpica/evevent.o
  CC      kernel/irq/chip.o
  CC      mm/vma_exec.o
  CC      lib/assoc_array.o
  CC      drivers/base/faux.o
  CC      lib/crypto/mpi/generic_mpih-add1.o
  CC      drivers/tty/serial/8250/8250_pcilib.o
  CC      lib/crypto/mpi/mpicoder.o
  CC      arch/x86/kernel/cpu/amd_cache_disable.o
  CC      drivers/acpi/acpica/evgpe.o
  CC      drivers/base/auxiliary.o
  CC      net/9p/protocol.o
  CC      net/ethtool/coalesce.o
  CC      kernel/rcu/tree.o
  CC      fs/fserror.o
  CC      net/9p/trans_common.o
  CC      arch/x86/kernel/trace_clock.o
  CC      net/core/fib_notifier.o
  CC      drivers/acpi/acpica/evgpeblk.o
  CC      mm/process_vm_access.o
  CC      kernel/irq/dummychip.o
  CC      arch/x86/kernel/cpu/hygon.o
  CC      lib/crypto/mpi/mpi-add.o
  CC      lib/crypto/mpi/mpi-bit.o
  CC      drivers/tty/serial/8250/8250_rsa.o
  CC      drivers/base/devtmpfs.o
  CC      drivers/tty/serial/8250/8250_early.o
  CC      drivers/acpi/acpica/evgpeinit.o
  CC      kernel/rcu/rcu_segcblist.o
  CC      arch/x86/kernel/apic/apic_common.o
  CC      fs/nullfs.o
  CC      net/9p/trans_fd.o
  CC      arch/x86/kernel/cpu/centaur.o
  CC      net/ethtool/pause.o
  CC      drivers/acpi/acpica/evgpeutil.o
  CC      kernel/irq/devres.o
  CC      mm/page_alloc.o
  CC      mm/page_frag_cache.o
  CC      net/ethtool/eee.o
  CC      lib/crypto/mpi/mpi-cmp.o
  CC      drivers/acpi/acpi_video.o
  CC      net/core/xdp.o
  CC      arch/x86/kernel/apic/apic_noop.o
  CC      arch/x86/kernel/cpu/transmeta.o
  CC      drivers/tty/serial/8250/8250_exar.o
  CC      drivers/base/power/sysfs.o
  CC      fs/buffer.o
  CC      drivers/acpi/acpica/evglock.o
  CC      arch/x86/kernel/apic/ipi.o
  CC      arch/x86/kernel/apic/vector.o
  CC      kernel/irq/kexec.o
  CC      drivers/acpi/acpica/evhandler.o
  CC      arch/x86/kernel/cpu/zhaoxin.o
  CC      net/9p/trans_virtio.o
  CC      lib/crypto/mpi/mpi-sub-ui.o
  CC      drivers/base/power/generic_ops.o
  CC      net/ethtool/tsinfo.o
  CC      fs/mpage.o
  CC      drivers/base/firmware_loader/main.o
  CC      drivers/tty/serial/8250/8250_mid.o
  CC      drivers/acpi/acpica/evmisc.o
  CC      kernel/irq/autoprobe.o
  CC      arch/x86/kernel/cpu/vortex.o
  AR      kernel/rcu/built-in.a
  CC      drivers/dma-buf/dma-buf.o
  CC      arch/x86/kernel/trace.o
  CC      drivers/acpi/acpica/evregion.o
  CC      drivers/base/power/common.o
  CC      arch/x86/kernel/cpu/mce/core.o
  CC      lib/crypto/mpi/mpi-div.o
  CC      net/core/flow_offload.o
  CC      drivers/tty/serial/8250/8250_pericom.o
  AR      net/9p/built-in.a
  CC      arch/x86/kernel/apic/init.o
  CC      drivers/dma-buf/dma-fence.o
  CC      drivers/acpi/acpica/evrgnini.o
  CC      drivers/base/module.o
  CC      kernel/irq/irqdomain.o
  CC      net/ethtool/cabletest.o
  CC      mm/init-mm.o
  CC      drivers/base/firmware_loader/builtin/main.o
  CC      fs/proc_namespace.o
  CC      lib/crypto/mpi/mpi-mod.o
  CC      kernel/dma/mapping.o
  CC      drivers/base/power/qos.o
  AR      drivers/tty/serial/8250/built-in.a
  CC      drivers/base/power/runtime.o
  CC      drivers/acpi/acpica/evsci.o
  AR      drivers/tty/serial/built-in.a
  AR      drivers/tty/built-in.a
  CC      fs/direct-io.o
  CC      arch/x86/kernel/apic/hw_nmi.o
  AR      drivers/base/firmware_loader/builtin/built-in.a
  AR      drivers/base/firmware_loader/built-in.a
  CC      fs/notify/fsnotify.o
  CC      mm/memblock.o
  CC      lib/crypto/mpi/mpi-mul.o
  CC      drivers/acpi/acpica/evxface.o
  CC      arch/x86/kernel/cpu/mtrr/mtrr.o
  CC      lib/crypto/mpi/mpih-cmp.o
  CC      net/core/gro.o
  CC      arch/x86/kernel/apic/io_apic.o
  CC      kernel/irq/proc.o
  CC      drivers/dma-buf/dma-fence-array.o
  CC      arch/x86/kernel/cpu/mce/severity.o
  CC      drivers/acpi/acpica/evxfevnt.o
  CC      lib/crypto/mpi/mpih-div.o
  CC      drivers/base/power/wakeirq.o
  CC      net/ethtool/tunnels.o
  CC      net/ethtool/fec.o
  CC      arch/x86/kernel/cpu/microcode/core.o
  CC      arch/x86/kernel/cpu/mtrr/if.o
  CC      kernel/irq/pm.o
  CC      mm/slub.o
  CC      fs/notify/notification.o
  CC      drivers/acpi/acpica/evxfgpe.o
  CC      drivers/dma-buf/dma-fence-chain.o
  CC      drivers/base/power/main.o
  CC      arch/x86/kernel/cpu/mtrr/generic.o
  CC      arch/x86/kernel/cpu/mce/genpool.o
  CC      lib/crypto/mpi/mpih-mul.o
  CC      arch/x86/kernel/vmcore_info_32.o
  CC      arch/x86/kernel/cpu/microcode/intel.o
  CC      kernel/dma/direct.o
  CC      fs/notify/group.o
  CC      drivers/acpi/acpica/evxfregn.o
  CC      net/ethtool/eeprom.o
  CC      kernel/irq/msi.o
  CC      arch/x86/kernel/apic/msi.o
  CC      drivers/dma-buf/dma-fence-unwrap.o
  CC      arch/x86/kernel/cpu/mce/intel.o
  CC      arch/x86/kernel/cpu/mce/amd.o
  CC      net/core/netdev-genl.o
  CC      drivers/base/power/wakeup.o
  CC      lib/crypto/mpi/mpi-pow.o
  CC      arch/x86/kernel/cpu/mtrr/cleanup.o
  CC      kernel/dma/ops_helpers.o
  CC      drivers/acpi/acpica/exconcat.o
  CC      arch/x86/kernel/cpu/microcode/amd.o
  CC      drivers/acpi/acpica/exconfig.o
  CC      drivers/dma-buf/dma-resv.o
  CC      fs/notify/mark.o
  CC      net/ethtool/stats.o
  CC      drivers/base/power/wakeup_stats.o
  CC      kernel/dma/remap.o
  CC      mm/madvise.o
  CC      arch/x86/kernel/cpu/mtrr/amd.o
  CC      arch/x86/kernel/apic/probe_32.o
  CC      lib/crypto/mpi/mpiutil.o
  CC      drivers/acpi/acpica/exconvrt.o
  CC      kernel/irq/matrix.o
  AR      arch/x86/kernel/cpu/microcode/built-in.a
  CC      fs/notify/fdinfo.o
  AR      fs/notify/dnotify/built-in.a
  CC      drivers/acpi/video_detect.o
  AR      drivers/base/power/built-in.a
  CC      drivers/acpi/acpica/excreate.o
  AR      kernel/dma/built-in.a
  CC      drivers/base/auxiliary_sysfs.o
  CC      arch/x86/kernel/cpu/mtrr/cyrix.o
  CC      mm/dmapool.o
  CC      arch/x86/kernel/cpu/mce/threshold.o
  CC      drivers/dma-buf/dma-buf-mapping.o
  AR      arch/x86/kernel/apic/built-in.a
  CC      lib/bitrev.o
  CC      drivers/acpi/acpica/exdebug.o
  AR      lib/crypto/mpi/built-in.a
  AR      lib/crypto/built-in.a
  CC      net/ethtool/phc_vclocks.o
  CC      mm/hugetlb.o
  CC      net/core/netdev-genl-gen.o
  CC      drivers/base/platform-msi.o
  AR      fs/notify/inotify/built-in.a
  AR      fs/notify/built-in.a
  CC      fs/eventpoll.o
  CC      arch/x86/kernel/cpu/mtrr/centaur.o
  AR      kernel/irq/built-in.a
  CC      drivers/macintosh/mac_hid.o
  CC      kernel/entry/common.o
  CC      arch/x86/kernel/cpu/perfctr-watchdog.o
  CC      lib/xxhash.o
  CC      kernel/entry/syscall-common.o
  CC      drivers/acpi/acpica/exdump.o
  CC      kernel/entry/syscall_user_dispatch.o
  CC      drivers/acpi/container.o
  CC      drivers/dma-buf/sync_file.o
  CC      arch/x86/kernel/cpu/mtrr/legacy.o
  AR      arch/x86/kernel/cpu/mce/built-in.a
  CC      drivers/acpi/acpica/exfield.o
  CC      net/core/netdev_work.o
  AR      drivers/macintosh/built-in.a
  AR      arch/x86/kernel/kprobes/built-in.a
  CC      net/ethtool/mm.o
  CC      drivers/acpi/acpi_memhotplug.o
  CC      fs/anon_inodes.o
  CC      lib/genalloc.o
  CC      drivers/scsi/scsi.o
  CC      drivers/base/physical_location.o
  CC      net/ethtool/module.o
  CC      net/ethtool/cmis_fw_update.o
  CC      mm/hugetlb_sysfs.o
  AR      kernel/entry/built-in.a
  AR      arch/x86/kernel/cpu/mtrr/built-in.a
  CC      arch/x86/kernel/cpu/debugfs.o
  CC      drivers/acpi/acpica/exfldio.o
  CC      kernel/module/main.o
  AR      drivers/dma-buf/built-in.a
  CC      net/core/gso.o
  CC      fs/signalfd.o
  CC      net/core/net-sysfs.o
  CC      drivers/base/trace.o
  CC      drivers/acpi/acpica/exmisc.o
  CC      lib/zlib_inflate/inffast.o
  CC      arch/x86/kernel/cpu/bus_lock.o
  CC      net/core/hotdata.o
  CC      lib/zlib_inflate/inflate.o
  CC      mm/hugetlb_sysctl.o
  CC      net/ethtool/cmis_cdb.o
  CC      drivers/scsi/hosts.o
  CC      drivers/acpi/acpica/exmutex.o
  CC      fs/timerfd.o
  CC      kernel/freezer.o
  CC      lib/zlib_inflate/infutil.o
  CC      kernel/module/strict_rwx.o
  CC      kernel/module/kmod.o
  AR      drivers/base/built-in.a
  CC      mm/migrate.o
  CC      drivers/acpi/ioapic.o
  CC      drivers/acpi/acpica/exnames.o
  CC      lib/zlib_inflate/inftrees.o
  CC      mm/early_ioremap.o
  AR      arch/x86/kernel/cpu/built-in.a
  CC      lib/zlib_inflate/inflate_syms.o
  CC      arch/x86/kernel/module.o
  CC      drivers/acpi/battery.o
  CC      net/core/netdev_config.o
  CC      drivers/acpi/acpica/exoparg1.o
  CC      net/ethtool/pse-pd.o
  CC      kernel/module/tree_lookup.o
  CC      fs/eventfd.o
  CC      drivers/scsi/scsi_ioctl.o
  CC      drivers/acpi/bgrt.o
  CC      kernel/profile.o
  CC      mm/secretmem.o
  AR      lib/zlib_inflate/built-in.a
  CC      drivers/scsi/scsicam.o
  CC      lib/lzo/lzo1x_compress.o
  CC      net/ethtool/plca.o
  CC      arch/x86/kernel/doublefault_32.o
  CC      drivers/acpi/acpica/exoparg2.o
  CC      net/sysctl_net.o
  CC      kernel/module/kallsyms.o
  CC      drivers/acpi/spcr.o
  CC      kernel/module/procfs.o
  CC      drivers/acpi/acpica/exoparg3.o
  CC      lib/lzo/lzo1x_compress_safe.o
  CC      lib/lz4/lz4_compress.o
  CC      net/core/netdev_rx_queue.o
  CC      mm/memfd.o
  CC      lib/lz4/lz4_decompress.o
  CC      arch/x86/kernel/early_printk.o
  CC      drivers/scsi/scsi_error.o
  CC      fs/aio.o
  CC      drivers/acpi/acpica/exoparg6.o
  CC      drivers/ata/libata-core.o
  CC      drivers/scsi/scsi_lib.o
  CC      arch/x86/kernel/amd_nb.o
  CC      kernel/module/sysfs.o
  CC      net/ethtool/phy.o
  CC      lib/lzo/lzo1x_decompress_safe.o
  CC      drivers/acpi/acpica/exprep.o
  CC      drivers/acpi/acpica/exregion.o
  CC      lib/zstd/zstd_decompress_module.o
  CC      lib/xz/xz_dec_syms.o
  CC      mm/execmem.o
  CC      lib/zstd/decompress/huf_decompress.o
  CC      kernel/module/version.o
  CC      drivers/acpi/acpica/exresnte.o
  CC      arch/x86/kernel/amd_node.o
  AR      lib/lzo/built-in.a
  CC      kernel/stacktrace.o
  CC      net/ethtool/tsconfig.o
  CC      lib/zstd/decompress/zstd_ddict.o
  CC      fs/locks.o
  CC      lib/zstd/decompress/zstd_decompress.o
  CC      drivers/ata/libata-scsi.o
  CC      net/core/netdev_queues.o
  AR      lib/lz4/built-in.a
  CC      lib/audit.o
  CC      lib/xz/xz_dec_stream.o
  CC      lib/zstd/decompress/zstd_decompress_block.o
  CC      drivers/acpi/acpica/exresolv.o
  CC      drivers/ata/libata-eh.o
  CC      lib/zstd/zstd_common_module.o
  CC      lib/zstd/common/debug.o
  AR      mm/built-in.a
  CC      drivers/net/loopback.o
  CC      fs/binfmt_misc.o
  AR      kernel/module/built-in.a
  CC      net/core/net-procfs.o
  CC      lib/xz/xz_dec_lzma2.o
  CC      drivers/acpi/acpica/exresop.o
  CC      drivers/scsi/constants.o
  CC      lib/zstd/common/entropy_common.o
  CC      arch/x86/kernel/pcspeaker.o
  CC      fs/binfmt_script.o
  CC      lib/zstd/common/error_private.o
  CC      lib/zstd/common/fse_decompress.o
  CC      kernel/time/time.o
  CC      lib/zstd/common/zstd_common.o
  AR      lib/zstd/built-in.a
  CC      net/dns_resolver/dns_key.o
  CC      net/ethtool/mse.o
  CC      kernel/time/timer.o
  CC      drivers/acpi/acpica/exserial.o
  CC      arch/x86/kernel/check.o
  CC      lib/xz/xz_dec_bcj.o
  CC      drivers/firewire/init_ohci1394_dma.o
  CC      lib/syscall.o
  CC      net/core/net-traces.o
  CC      drivers/acpi/acpica/exstore.o
  CC      net/dns_resolver/dns_query.o
  CC      drivers/scsi/scsi_lib_dma.o
  AR      lib/xz/built-in.a
  CC      arch/x86/kernel/uprobes.o
  CC      kernel/time/hrtimer.o
  AR      drivers/net/built-in.a
  CC      drivers/scsi/scsi_scan.o
  CC      drivers/acpi/acpica/exstoren.o
  CC      kernel/futex/core.o
  CC      net/core/ptp_classifier.o
  AR      drivers/firewire/built-in.a
  CC      fs/binfmt_elf.o
  CC      lib/errname.o
  AR      net/ethtool/built-in.a
  CC      kernel/dma.o
  CC      arch/x86/kernel/perf_regs.o
  CC      fs/posix_acl.o
  CC      lib/nlattr.o
  CC      drivers/ata/libata-transport.o
  CC      drivers/acpi/acpica/exstorob.o
  CC      arch/x86/kernel/umip.o
  AR      net/dns_resolver/built-in.a
  CC      lib/dynamic_queue_limits.o
  CC      drivers/acpi/acpica/exsystem.o
  CC      kernel/futex/syscalls.o
  CC      drivers/acpi/acpica/extrace.o
  CC      kernel/time/sleep_timeout.o
  CC      lib/glob.o
  CC      drivers/scsi/scsi_sysfs.o
  CC      lib/dim/dim.o
  CC      arch/x86/kernel/unwind_frame.o
  CC      drivers/acpi/acpica/exutils.o
  CC      drivers/acpi/x86/apple.o
  CC      kernel/time/timekeeping.o
  CC      lib/strncpy_from_user.o
  CC      fs/coredump.o
  CC      kernel/futex/pi.o
  CC      drivers/ata/libata-trace.o
  CC      kernel/time/ntp.o
  CC      lib/dim/net_dim.o
  CC      fs/drop_caches.o
  LDS     arch/x86/kernel/vmlinux.lds
  CC      fs/sysctls.o
  CC      drivers/acpi/acpica/hwacpi.o
  CC      kernel/time/clocksource.o
  CC      kernel/up.o
  CC      drivers/acpi/x86/cmos_rtc.o
  CC      drivers/scsi/scsi_devinfo.o
  AR      arch/x86/kernel/built-in.a
  CC      drivers/acpi/acpica/hwesleep.o
  AR      arch/x86/built-in.a
  CC      kernel/futex/requeue.o
  CC      drivers/ata/libata-sata.o
  CC      lib/dim/rdma_dim.o
  CC      fs/fhandle.o
  CC      drivers/scsi/scsi_sysctl.o
  CC      kernel/futex/waitwake.o
  CC      drivers/acpi/acpica/hwgpe.o
  CC      drivers/pcmcia/cs.o
  CC      drivers/acpi/x86/lpss.o
  CC      drivers/ata/libata-sff.o
  CC      lib/strnlen_user.o
  CC      drivers/acpi/acpica/hwregs.o
  CC      drivers/scsi/scsi_proc.o
  AR      lib/dim/built-in.a
  CC      kernel/time/jiffies.o
  CC      drivers/pcmcia/socket_sysfs.o
  CC      fs/iomap/trace.o
  CC      drivers/ata/libata-pmp.o
  CC      drivers/usb/early/ehci-dbgp.o
  AR      kernel/futex/built-in.a
  CC      fs/iomap/iter.o
  AR      net/core/built-in.a
  AR      net/built-in.a
  CC      drivers/input/serio/serio.o
  CC      fs/iomap/buffered-io.o
  CC      drivers/acpi/acpica/hwsleep.o
  CC      drivers/acpi/x86/s2idle.o
  CC      lib/net_utils.o
  CC      drivers/pcmcia/cardbus.o
  CC      drivers/scsi/scsi_debugfs.o
  CC      kernel/time/timer_list.o
  CC      drivers/ata/libata-acpi.o
  CC      kernel/uid16.o
  CC      drivers/acpi/acpica/hwvalid.o
  AR      drivers/usb/early/built-in.a
  CC      drivers/input/serio/i8042.o
  AR      drivers/usb/built-in.a
  CC      drivers/rtc/lib.o
  CC      drivers/input/input.o
  AR      drivers/i2c/built-in.a
  CC      drivers/input/input-compat.o
  CC      kernel/time/timeconv.o
  CC      drivers/pcmcia/ds.o
  CC      drivers/acpi/acpica/hwxface.o
  CC      drivers/scsi/scsi_trace.o
  CC      drivers/scsi/scsi_logging.o
  CC      drivers/rtc/rtc-mc146818-lib.o
  CC      fs/proc/task_mmu.o
  CC      lib/sg_pool.o
  CC      drivers/acpi/x86/utils.o
  CC      fs/proc/inode.o
  CC      kernel/time/timecounter.o
  CC      drivers/pcmcia/pcmcia_resource.o
  CC      drivers/acpi/acpica/hwxfsleep.o
  CC      kernel/time/alarmtimer.o
  CC      drivers/ata/libata-pata-timings.o
  CC      lib/stackdepot.o
  CC      fs/iomap/direct-io.o
  CC      lib/asn1_decoder.o
  CC      drivers/input/serio/serport.o
  CC      drivers/ata/ata_piix.o
  CC      fs/kernfs/mount.o
  AR      drivers/rtc/built-in.a
  CC      kernel/kallsyms.o
  CC      kernel/time/posix-timers.o
  CC      drivers/scsi/scsi_pm.o
  CC      drivers/acpi/acpica/hwpci.o
  CC      drivers/acpi/x86/blacklist.o
  CC      drivers/input/input-mt.o
  CC      fs/iomap/ioend.o
  CC      fs/proc/root.o
  CC      drivers/acpi/acpica/nsaccess.o
  CC      lib/fonts/fonts.o
  CC      drivers/input/serio/libps2.o
  CC      fs/iomap/fiemap.o
  AR      drivers/acpi/x86/built-in.a
  CC      fs/proc/base.o
  CC      fs/sysfs/file.o
  CC      lib/fonts/font_8x16.o
  CC      drivers/pcmcia/cistpl.o
  CC      fs/kernfs/inode.o
  CC      drivers/ata/pata_amd.o
  CC      drivers/scsi/scsi_bsg.o
  CC      drivers/acpi/acpica/nsalloc.o
  CC      kernel/time/posix-cpu-timers.o
  CC      drivers/input/input-poller.o
  CC      fs/sysfs/dir.o
  CC      lib/ucs2_string.o
  CC      drivers/ata/pata_oldpiix.o
  AR      lib/fonts/built-in.a
  CC      drivers/input/ff-core.o
  CC      drivers/pcmcia/pcmcia_cis.o
  CC      drivers/acpi/acpica/nsarguments.o
  AR      drivers/input/serio/built-in.a
  CC      fs/devpts/inode.o
  CC      fs/iomap/seek.o
  CC      fs/kernfs/dir.o
  CC      drivers/scsi/scsi_common.o
  CC      kernel/time/posix-clock.o
  CC      fs/proc/generic.o
  CC      lib/sbitmap.o
  CC      drivers/acpi/acpica/nsconvert.o
  CC      fs/sysfs/symlink.o
  CC      drivers/pcmcia/rsrc_mgr.o
  CC      fs/sysfs/mount.o
  CC      fs/sysfs/group.o
  CC      drivers/ata/pata_mpiix.o
  CC      fs/kernfs/file.o
  CC      drivers/input/touchscreen.o
  CC      drivers/scsi/scsi_transport_spi.o
  AR      fs/devpts/built-in.a
  CC      drivers/acpi/acpica/nsdump.o
  CC      drivers/scsi/virtio_scsi.o
  CC      fs/iomap/bio.o
  CC      drivers/pcmcia/rsrc_nonstatic.o
  CC      drivers/ata/ata_generic.o
  CC      drivers/pcmcia/yenta_socket.o
  CC      lib/group_cpus.o
  CC      fs/kernfs/symlink.o
  CC      fs/proc/array.o
  CC      kernel/time/itimer.o
  CC      drivers/acpi/acpica/nseval.o
  AR      fs/sysfs/built-in.a
  CC      drivers/acpi/acpica/nsinit.o
  CC      fs/proc/fd.o
  CC      drivers/input/touch-overlay.o
  CC      fs/proc/proc_tty.o
  CC      lib/fw_table.o
  CC      drivers/pps/pps.o
  CC      drivers/acpi/acpica/nsload.o
  CC      drivers/ptp/ptp_clock.o
  AR      drivers/ata/built-in.a
  CC      kernel/acct.o
  AR      fs/iomap/built-in.a
  CC      drivers/pps/kapi.o
  AR      fs/kernfs/built-in.a
  CC      drivers/ptp/ptp_chardev.o
  AR      lib/lib.a
  CC      drivers/ptp/ptp_sysfs.o
  CC      drivers/scsi/sd.o
  CC      kernel/time/clockevents.o
  CC      drivers/pps/sysfs.o
  CC      kernel/vmcore_info.o
  CC      kernel/elfcorehdr.o
  AR      drivers/pcmcia/built-in.a
  AR      lib/built-in.a
  CC      drivers/acpi/acpica/nsnames.o
  CC      drivers/input/ff-memless.o
  CC      drivers/acpi/acpica/nsobject.o
  CC      fs/netfs/buffered_read.o
  CC      fs/proc/cmdline.o
  CC      drivers/acpi/acpica/nsparse.o
  CC      fs/ramfs/inode.o
  CC      kernel/time/tick-common.o
  CC      drivers/power/supply/power_supply_core.o
  AR      drivers/pps/built-in.a
  CC      fs/ramfs/file-mmu.o
  CC      drivers/scsi/sg.o
  CC      drivers/ptp/ptp_vclock.o
  CC      fs/netfs/buffered_write.o
  CC      fs/proc/consoles.o
  CC      fs/proc/cpuinfo.o
  CC      fs/hugetlbfs/inode.o
  CC      drivers/acpi/acpica/nspredef.o
  CC      fs/proc/devices.o
  CC      drivers/input/sparse-keymap.o
  CC      drivers/acpi/acpica/nsprepkg.o
  CC      fs/proc/loadavg.o
  CC      fs/fat/cache.o
  CC      fs/exportfs/expfs.o
  CC      fs/isofs/namei.o
  AR      fs/ramfs/built-in.a
  CC      fs/fat/dir.o
  CC      drivers/power/supply/power_supply_sysfs.o
  CC      kernel/time/tick-broadcast.o
  CC      drivers/acpi/acpica/nsrepair.o
  CC      drivers/input/input-leds.o
  CC      fs/netfs/direct_read.o
  AR      drivers/ptp/built-in.a
  CC      fs/isofs/inode.o
  CC      drivers/hwmon/hwmon.o
  CC      drivers/thermal/thermal_core.o
  CC      drivers/acpi/acpica/nsrepair2.o
  CC      fs/proc/meminfo.o
  AR      drivers/scsi/built-in.a
  CC      fs/isofs/dir.o
  CC      fs/nls/nls_base.o
  CC      fs/proc/stat.o
  AR      fs/hugetlbfs/built-in.a
  CC      drivers/power/supply/power_supply_leds.o
  AR      drivers/input/keyboard/built-in.a
  CC      kernel/time/tick-broadcast-hrtimer.o
  AR      fs/exportfs/built-in.a
  CC      fs/netfs/direct_write.o
  CC      fs/nls/nls_ascii.o
  CC      drivers/input/mouse/psmouse-base.o
  CC      drivers/acpi/acpica/nssearch.o
  CC      fs/proc/uptime.o
  CC      drivers/input/mouse/synaptics.o
  AR      drivers/power/supply/built-in.a
  CC      kernel/time/tick-oneshot.o
  AR      drivers/power/built-in.a
  CC      drivers/acpi/acpica/nsutils.o
  CC      drivers/input/mouse/focaltech.o
  CC      drivers/thermal/thermal_sysfs.o
  CC      drivers/input/mouse/alps.o
  CC      fs/fat/fatent.o
  CC      fs/nls/nls_iso8859-1.o
  CC      fs/isofs/util.o
  CC      fs/isofs/rock.o
  CC      drivers/thermal/thermal_trip.o
  CC      fs/proc/util.o
  CC      fs/nls/nls_utf8.o
  CC      drivers/acpi/acpica/nswalk.o
  CC      kernel/time/tick-sched.o
  AR      drivers/hwmon/built-in.a
  CC      drivers/thermal/thermal_helpers.o
  CC      fs/proc/version.o
  CC      drivers/acpi/acpica/nsxfeval.o
  CC      fs/netfs/iterator.o
  CC      fs/proc/softirqs.o
  CC      kernel/audit.o
  CC      fs/proc/namespaces.o
  CC      fs/proc/self.o
  CC      fs/fat/file.o
  AR      fs/nls/built-in.a
  CC      kernel/time/vsyscall.o
  CC      drivers/cpuidle/cpuidle.o
  CC      fs/isofs/export.o
  CC      drivers/thermal/thermal_thresholds.o
  CC      drivers/cpuidle/driver.o
  CC      kernel/auditfilter.o
  CC      drivers/cpuidle/governor.o
  CC      drivers/acpi/acpica/nsxfname.o
  CC      drivers/input/mouse/byd.o
  CC      drivers/cpuidle/sysfs.o
  CC      kernel/time/timekeeping_debug.o
  CC      fs/fat/inode.o
  CC      fs/proc/thread_self.o
  CC      drivers/thermal/thermal_netlink.o
  CC      fs/isofs/joliet.o
  CC      fs/fat/misc.o
  CC      fs/proc/proc_sysctl.o
  CC      fs/netfs/locking.o
  CC      drivers/acpi/acpica/nsxfobj.o
  CC      kernel/auditsc.o
  CC      fs/netfs/main.o
  CC      drivers/input/mouse/logips2pp.o
  CC      drivers/thermal/thermal_hwmon.o
  AR      kernel/time/built-in.a
  CC      fs/fat/nfs.o
  CC      kernel/audit_watch.o
  CC      drivers/cpuidle/governors/menu.o
  CC      fs/isofs/compress.o
  CC      drivers/acpi/acpica/psargs.o
  CC      drivers/input/mouse/lifebook.o
  CC      drivers/input/mouse/trackpoint.o
  CC      kernel/audit_fsnotify.o
  CC      drivers/thermal/gov_fair_share.o
  AR      drivers/cpuidle/governors/built-in.a
  CC      drivers/cpuidle/poll_state.o
  CC      drivers/acpi/acpica/psloop.o
  CC      fs/autofs/init.o
  AR      fs/isofs/built-in.a
  CC      kernel/audit_tree.o
  CC      drivers/firmware/dmi_scan.o
  CC      kernel/seccomp.o
  CC      fs/fat/namei_vfat.o
  CC      fs/netfs/misc.o
  CC      drivers/firmware/dmi-id.o
  CC      fs/fat/namei_msdos.o
  CC      drivers/thermal/gov_step_wise.o
  AR      drivers/cpuidle/built-in.a
  CC      fs/proc/proc_net.o
  CC      drivers/input/mouse/cypress_ps2.o
  CC      kernel/relay.o
  CC      drivers/acpi/acpica/psobject.o
  CC      drivers/acpi/acpica/psopcode.o
  CC      fs/autofs/inode.o
  CC      drivers/firmware/memmap.o
  CC      drivers/acpi/acpica/psopinfo.o
  CC      drivers/acpi/acpica/psparse.o
  CC      drivers/thermal/intel/therm_throt.o
  CC      fs/debugfs/inode.o
  CC      fs/tracefs/inode.o
  AR      drivers/input/mouse/built-in.a
  CC      drivers/acpi/acpica/psscope.o
  AR      drivers/input/built-in.a
  CC      fs/proc/kcore.o
  CC      fs/autofs/root.o
  CC      fs/autofs/symlink.o
  AR      fs/fat/built-in.a
  CC      fs/autofs/waitq.o
  CC      fs/debugfs/file.o
  CC      fs/netfs/objects.o
  CC      drivers/clocksource/acpi_pm.o
  CC      drivers/acpi/acpica/pstree.o
  CC      kernel/utsname_sysctl.o
  CC      drivers/firmware/efi/efi-bgrt.o
  CC      fs/proc/kmsg.o
  CC      drivers/firmware/efi/efi.o
  CC      drivers/hid/hid-core.o
  CC      kernel/tracepoint.o
  CC      drivers/acpi/acpica/psutils.o
  CC      drivers/clocksource/i8253.o
  CC      fs/proc/page.o
  CC      fs/autofs/expire.o
  CC      fs/netfs/read_collect.o
  CC      fs/autofs/dev-ioctl.o
  CC      drivers/platform/x86/wmi-bmof.o
  AR      drivers/thermal/intel/built-in.a
  AR      drivers/thermal/built-in.a
  CC      drivers/platform/wmi/core.o
  CC      fs/tracefs/event_inode.o
  CC      drivers/platform/wmi/marshalling.o
  CC      fs/netfs/read_pgpriv2.o
  CC      drivers/acpi/acpica/pswalk.o
  CC      fs/netfs/read_retry.o
  AR      drivers/clocksource/built-in.a
  CC      drivers/acpi/acpica/psxface.o
  AR      fs/debugfs/built-in.a
  CC      drivers/firmware/efi/vars.o
  CC      kernel/irq_work.o
  AR      drivers/platform/x86/built-in.a
  CC      kernel/trace/trace_clock.o
  CC      drivers/firmware/efi/reboot.o
  CC      drivers/hid/hid-input.o
  CC      drivers/acpi/acpica/rsaddr.o
  AR      fs/autofs/built-in.a
  CC      fs/netfs/read_single.o
  CC      drivers/firmware/efi/memattr.o
  CC      fs/netfs/rolling_buffer.o
  CC      drivers/platform/wmi/string.o
  AR      fs/proc/built-in.a
  CC      kernel/bpf/core.o
  AR      fs/tracefs/built-in.a
  CC      drivers/hid/hid-quirks.o
  CC      fs/netfs/write_collect.o
  CC      drivers/hid/hid-debug.o
  CC      fs/netfs/write_issue.o
  CC      drivers/acpi/acpica/rscalc.o
  CC      drivers/hid/hidraw.o
  CC      drivers/hid/hid-generic.o
  CC      kernel/trace/ring_buffer.o
  CC      fs/netfs/write_retry.o
  CC      kernel/static_call.o
  CC      drivers/firmware/efi/tpm.o
  AR      drivers/platform/wmi/built-in.a
  AR      drivers/platform/built-in.a
  CC      drivers/acpi/acpica/rscreate.o
  CC      drivers/nvmem/core.o
  CC      drivers/hid/hid-gyration.o
  CC      drivers/hid/hid-petalynx.o
  CC      drivers/firmware/efi/memmap.o
  CC      kernel/trace/trace.o
  CC      kernel/events/core.o
  CC      drivers/acpi/acpica/rsdumpinfo.o
  CC      kernel/events/ring_buffer.o
  CC      kernel/trace/trace_output.o
  CC      drivers/hid/hid-sunplus.o
  CC      kernel/trace/trace_seq.o
  AR      fs/netfs/built-in.a
  AR      fs/built-in.a
  CC      kernel/events/callchain.o
  CC      drivers/hid/hid-topseed.o
  CC      drivers/acpi/acpica/rsinfo.o
  CC      kernel/events/hw_breakpoint.o
  CC      kernel/jump_label.o
  CC      drivers/firmware/efi/esrt.o
  CC      drivers/firmware/efi/runtime-wrappers.o
  AR      drivers/nvmem/built-in.a
  CC      kernel/trace/trace_stat.o
  CC      drivers/acpi/acpica/rsio.o
  CC      kernel/events/uprobes.o
  CC      kernel/context_tracking.o
  AR      drivers/hid/built-in.a
  CC      kernel/iomem.o
  CC      drivers/firmware/efi/earlycon.o
  AR      kernel/bpf/built-in.a
  CC      drivers/acpi/acpica/rsirq.o
  CC      kernel/trace/trace_printk.o
  CC      drivers/acpi/acpica/rslist.o
  CC      kernel/rseq.o
  CC      kernel/trace/trace_pid.o
  CC      drivers/acpi/acpica/rsmemory.o
  CC      drivers/firmware/efi/libstub/alignedmem.o
  CC      drivers/acpi/acpica/rsmisc.o
  CC      kernel/trace/pid_list.o
  CC      kernel/trace/trace_sched_switch.o
  CC      drivers/firmware/efi/libstub/efi-stub-helper.o
  CC      kernel/trace/trace_nop.o
  CC      drivers/acpi/acpica/rsserial.o
  AR      drivers/firmware/efi/built-in.a
  CC      drivers/acpi/acpica/rsutils.o
  CC      drivers/firmware/efi/libstub/file.o
  CC      kernel/trace/blktrace.o
  CC      kernel/trace/trace_events.o
  CC      drivers/firmware/efi/libstub/gop.o
  CC      drivers/firmware/efi/libstub/lib-cmdline.o
  CC      kernel/trace/trace_export.o
  CC      kernel/trace/trace_event_perf.o
  CC      drivers/acpi/acpica/rsxface.o
  CC      drivers/acpi/acpica/tbdata.o
  CC      drivers/firmware/efi/libstub/lib-ctype.o
  CC      kernel/trace/trace_events_filter.o
  CC      drivers/acpi/acpica/tbfadt.o
  CC      kernel/trace/trace_events_trigger.o
  CC      drivers/firmware/efi/libstub/mem.o
  CC      kernel/trace/trace_eprobe.o
  CC      drivers/firmware/efi/libstub/pci.o
  CC      kernel/trace/error_report-traces.o
  CC      drivers/firmware/efi/libstub/printk.o
  CC      drivers/acpi/acpica/tbfind.o
  CC      kernel/trace/power-traces.o
  CC      kernel/trace/rpm-traces.o
  CC      drivers/acpi/acpica/tbinstal.o
  CC      kernel/trace/trace_dynevent.o
  CC      drivers/firmware/efi/libstub/random.o
  CC      kernel/trace/trace_probe.o
  CC      drivers/firmware/efi/libstub/randomalloc.o
  CC      drivers/acpi/acpica/tbprint.o
  CC      kernel/trace/trace_uprobe.o
  CC      drivers/acpi/acpica/tbutils.o
  CC      drivers/firmware/efi/libstub/secureboot.o
  CC      drivers/firmware/efi/libstub/skip_spaces.o
  CC      drivers/firmware/efi/libstub/smbios.o
  CC      drivers/acpi/acpica/tbxface.o
  CC      drivers/firmware/efi/libstub/tpm.o
  CC      drivers/acpi/acpica/tbxfload.o
  CC      drivers/firmware/efi/libstub/vsprintf.o
  AR      kernel/events/built-in.a
  CC      drivers/acpi/acpica/tbxfroot.o
  CC      drivers/firmware/efi/libstub/x86-stub.o
  STUBCPY drivers/firmware/efi/libstub/alignedmem.stub.o
  CC      drivers/acpi/acpica/utaddress.o
  STUBCPY drivers/firmware/efi/libstub/efi-stub-helper.stub.o
  CC      drivers/acpi/acpica/utalloc.o
  STUBCPY drivers/firmware/efi/libstub/file.stub.o
  CC      drivers/acpi/acpica/utascii.o
  CC      drivers/acpi/acpica/utbuffer.o
  STUBCPY drivers/firmware/efi/libstub/gop.stub.o
  STUBCPY drivers/firmware/efi/libstub/lib-cmdline.stub.o
  CC      drivers/acpi/acpica/utcksum.o
  STUBCPY drivers/firmware/efi/libstub/lib-ctype.stub.o
  CC      drivers/acpi/acpica/utcopy.o
  STUBCPY drivers/firmware/efi/libstub/mem.stub.o
  STUBCPY drivers/firmware/efi/libstub/pci.stub.o
  STUBCPY drivers/firmware/efi/libstub/printk.stub.o
  STUBCPY drivers/firmware/efi/libstub/random.stub.o
  STUBCPY drivers/firmware/efi/libstub/randomalloc.stub.o
  CC      drivers/acpi/acpica/utexcep.o
  STUBCPY drivers/firmware/efi/libstub/secureboot.stub.o
  CC      drivers/acpi/acpica/utdebug.o
  STUBCPY drivers/firmware/efi/libstub/skip_spaces.stub.o
  STUBCPY drivers/firmware/efi/libstub/smbios.stub.o
  CC      drivers/acpi/acpica/utdecode.o
  STUBCPY drivers/firmware/efi/libstub/vsprintf.stub.o
  CC      drivers/acpi/acpica/utdelete.o
  CC      drivers/acpi/acpica/uterror.o
  CC      drivers/acpi/acpica/uteval.o
  CC      drivers/acpi/acpica/utglobal.o
  CC      drivers/acpi/acpica/uthex.o
  CC      drivers/acpi/acpica/utids.o
  CC      drivers/acpi/acpica/utinit.o
  CC      drivers/acpi/acpica/utlock.o
  CC      drivers/acpi/acpica/utmath.o
  CC      drivers/acpi/acpica/utmisc.o
  STUBCPY drivers/firmware/efi/libstub/tpm.stub.o
  CC      drivers/acpi/acpica/utmutex.o
  CC      drivers/acpi/acpica/utnonansi.o
  CC      drivers/acpi/acpica/utobject.o
  CC      drivers/acpi/acpica/utosi.o
  STUBCPY drivers/firmware/efi/libstub/x86-stub.stub.o
  CC      drivers/acpi/acpica/utownerid.o
  AR      drivers/firmware/efi/libstub/lib.a
  AR      kernel/trace/built-in.a
  CC      drivers/acpi/acpica/utpredef.o
  AR      drivers/firmware/built-in.a
  CC      drivers/acpi/acpica/utresdecode.o
  CC      drivers/acpi/acpica/utresrc.o
  AR      kernel/built-in.a
  CC      drivers/acpi/acpica/utstate.o
  CC      drivers/acpi/acpica/utstring.o
  CC      drivers/acpi/acpica/utstrsuppt.o
  CC      drivers/acpi/acpica/utstrtoul64.o
  CC      drivers/acpi/acpica/utxface.o
  CC      drivers/acpi/acpica/utxfinit.o
  CC      drivers/acpi/acpica/utxferror.o
  CC      drivers/acpi/acpica/utxfmutex.o
  AR      drivers/acpi/acpica/built-in.a
  AR      drivers/acpi/built-in.a
  AR      drivers/built-in.a
  AR      built-in.a
  AR      built-in-fixup.a
  COPY    vmlinux.a
  LD      vmlinux.o
  GEN     .vmlinux.objs
  MODPOST vmlinux.symvers
  CC      .vmlinux.export.o
  UPD     include/generated/utsversion.h
  CC      init/version-timestamp.o
  KSYMS   .tmp_vmlinux0.kallsyms.S
  AS      .tmp_vmlinux0.kallsyms.o
  LD      .tmp_vmlinux1
  NM      .tmp_vmlinux1.syms
  KSYMS   .tmp_vmlinux1.kallsyms.S
  AS      .tmp_vmlinux1.kallsyms.o
  LD      .tmp_vmlinux2
  NM      .tmp_vmlinux2.syms
  KSYMS   .tmp_vmlinux2.kallsyms.S
  AS      .tmp_vmlinux2.kallsyms.o
  LD      vmlinux.unstripped
  NM      System.map
  SORTTAB vmlinux.unstripped
  OBJCOPY vmlinux
  GEN     modules.builtin.modinfo
  GEN     modules.builtin
  CC      arch/x86/boot/a20.o
  CC      arch/x86/boot/cmdline.o
  AS      arch/x86/boot/copy.o
  CC      arch/x86/boot/cpu.o
  CC      arch/x86/boot/cpuflags.o
  CC      arch/x86/boot/cpucheck.o
  CC      arch/x86/boot/early_serial_console.o
  CC      arch/x86/boot/edd.o
  CC      arch/x86/boot/main.o
  CC      arch/x86/boot/memory.o
  CC      arch/x86/boot/pm.o
  AS      arch/x86/boot/pmjump.o
  CC      arch/x86/boot/printf.o
  CC      arch/x86/boot/regs.o
  CC      arch/x86/boot/string.o
  CC      arch/x86/boot/tty.o
  CC      arch/x86/boot/video.o
  CC      arch/x86/boot/video-mode.o
  CC      arch/x86/boot/version.o
  CC      arch/x86/boot/video-vga.o
  LDS     arch/x86/boot/compressed/vmlinux.lds
  CC      arch/x86/boot/video-vesa.o
  AS      arch/x86/boot/compressed/head_32.o
  VOFFSET arch/x86/boot/compressed/../voffset.h
  CC      arch/x86/boot/compressed/string.o
  CC      arch/x86/boot/video-bios.o
  CC      arch/x86/boot/compressed/cmdline.o
  CC      arch/x86/boot/compressed/error.o
  OBJCOPY arch/x86/boot/compressed/vmlinux.bin
  RELOCS  arch/x86/boot/compressed/vmlinux.relocs
  CC      arch/x86/boot/compressed/cpuflags.o
  CC      arch/x86/boot/compressed/early_serial_console.o
  CC      arch/x86/boot/compressed/kaslr.o
  CC      arch/x86/boot/compressed/acpi.o
  CC      arch/x86/boot/compressed/efi.o
  GZIP    arch/x86/boot/compressed/vmlinux.bin.gz
  CC      arch/x86/boot/compressed/misc.o
  MKPIGGY arch/x86/boot/compressed/piggy.S
  AS      arch/x86/boot/compressed/piggy.o
  LD      arch/x86/boot/compressed/vmlinux
  ZOFFSET arch/x86/boot/zoffset.h
  OBJCOPY arch/x86/boot/vmlinux.bin
  AS      arch/x86/boot/header.o
  LD      arch/x86/boot/setup.elf
  OBJCOPY arch/x86/boot/setup.bin
  BUILD   arch/x86/boot/bzImage
Kernel: arch/x86/boot/bzImage is ready  (#21)
make[4]: Leaving directory '/home/benni/git/kernel-test/build/randdefconfig-i386'
make[3]: Leaving directory '/home/benni/git/linux'
