make[4]: Entering directory '/mnt/git-volume/linux-mainline'
make[5]: Entering directory '/mnt/git-volume/kernel-test-mainline/build/rand500config-riscv'
#
# configuration written to .config
#
Using .config as base
Merging /mnt/git-volume/linux-mainline/kernel/configs/tiny.config
Value of CONFIG_KERNEL_XZ is redefined by fragment /mnt/git-volume/linux-mainline/kernel/configs/tiny.config:
Previous value: # CONFIG_KERNEL_XZ is not set
New value: CONFIG_KERNEL_XZ=y

Value of CONFIG_CC_OPTIMIZE_FOR_SIZE is redefined by fragment /mnt/git-volume/linux-mainline/kernel/configs/tiny.config:
Previous value: # CONFIG_CC_OPTIMIZE_FOR_SIZE is not set
New value: CONFIG_CC_OPTIMIZE_FOR_SIZE=y

Value of CONFIG_LD_DEAD_CODE_DATA_ELIMINATION is redefined by fragment /mnt/git-volume/linux-mainline/kernel/configs/tiny.config:
Previous value: # CONFIG_LD_DEAD_CODE_DATA_ELIMINATION is not set
New value: CONFIG_LD_DEAD_CODE_DATA_ELIMINATION=y

Value of CONFIG_SLUB_TINY is redefined by fragment /mnt/git-volume/linux-mainline/kernel/configs/tiny.config:
Previous value: # CONFIG_SLUB_TINY is not set
New value: CONFIG_SLUB_TINY=y

#
# merged configuration written to .config (needs make)
#
#
# configuration written to .config
#
make[5]: Leaving directory '/mnt/git-volume/kernel-test-mainline/build/rand500config-riscv'
make[4]: Leaving directory '/mnt/git-volume/linux-mainline'
make[4]: Entering directory '/mnt/git-volume/linux-mainline'
make[5]: Entering directory '/tmp/tmp.0wavSZeHl4'
  UPD     /tmp/tmp.0wavSZeHl4/Makefile
  HOSTCC  scripts/basic/fixdep
  HOSTCC  scripts/kconfig/conf.o
  HOSTCC  scripts/kconfig/confdata.o
  HOSTCC  scripts/kconfig/expr.o
  LEX     scripts/kconfig/lexer.lex.c
  YACC    scripts/kconfig/parser.tab.[ch]
  HOSTCC  scripts/kconfig/lexer.lex.o
  HOSTCC  scripts/kconfig/menu.o
  HOSTCC  scripts/kconfig/parser.tab.o
  HOSTCC  scripts/kconfig/preprocess.o
  HOSTCC  scripts/kconfig/symbol.o
  HOSTCC  scripts/kconfig/util.o
  HOSTLD  scripts/kconfig/conf
KCONFIG_SEED=0xB0BE5BB8
#
# configuration written to .config
#
make[5]: Leaving directory '/tmp/tmp.0wavSZeHl4'
make[4]: Leaving directory '/mnt/git-volume/linux-mainline'
make[4]: Entering directory '/mnt/git-volume/linux-mainline'
make[5]: Entering directory '/tmp/tmp.0wavSZeHl4'
.config:4791:warning: override: reassigning to symbol PRINTK
.config:4795:warning: override: reassigning to symbol TTY
.config:4798:warning: override: reassigning to symbol BLK_DEV_INITRD
.config:4799:warning: override: reassigning to symbol RD_GZIP
.config:4802:warning: override: reassigning to symbol BINFMT_ELF
.config:4803:warning: override: reassigning to symbol BINFMT_SCRIPT
.config:4806:warning: override: reassigning to symbol TMPFS
.config:4809:warning: override: reassigning to symbol KERNEL_GZIP
.config:4820:warning: override: reassigning to symbol KERNEL_ZSTD
.config:4823:warning: override: reassigning to symbol MODULES
.config:4826:warning: override: reassigning to symbol DRM
.config:4827:warning: override: reassigning to symbol SOUND
.config:4828:warning: override: reassigning to symbol STAGING
.config:4830:warning: override: reassigning to symbol MEDIA_SUPPORT
.config:4836:warning: override: reassigning to symbol KCOV
.config:4840:warning: override: reassigning to symbol KFENCE
.config:4841:warning: override: reassigning to symbol UBSAN
.config:4846:warning: override: reassigning to symbol RCU_TORTURE_TEST
.config:4847:warning: override: reassigning to symbol LOCK_TORTURE_TEST
.config:4854:warning: override: reassigning to symbol KUNIT
#
# configuration written to .config
#
make[5]: Leaving directory '/tmp/tmp.0wavSZeHl4'
make[4]: Leaving directory '/mnt/git-volume/linux-mainline'
make[4]: Entering directory '/mnt/git-volume/linux-mainline'
make[5]: Entering directory '/mnt/git-volume/kernel-test-mainline/build/rand500config-riscv'
.config:1367:warning: override: reassigning to symbol RTC_CLASS
.config:1375:warning: override: reassigning to symbol LD_ORPHAN_WARN
.config:1379:warning: override: reassigning to symbol INPUT
.config:1382:warning: override: reassigning to symbol NEED_PER_CPU_KM
.config:1384:warning: override: reassigning to symbol ARCH_WANT_OPTIMIZE_DAX_VMEMMAP
.config:1387:warning: override: reassigning to symbol FTRACE
.config:1392:warning: override: reassigning to symbol RISCV_ISA_ZBA
.config:1393:warning: override: reassigning to symbol C2PORT
.config:1397:warning: override: reassigning to symbol SECURITY_DMESG_RESTRICT
.config:1399:warning: override: reassigning to symbol W1
.config:1401:warning: override: reassigning to symbol HAS_IOPORT_MAP
.config:1402:warning: override: reassigning to symbol RISCV_INTC
.config:1405:warning: override: reassigning to symbol MFD_MADERA
.config:1407:warning: override: reassigning to symbol HAVE_GCC_PLUGINS
.config:1409:warning: override: reassigning to symbol HAVE_ARCH_JUMP_LABEL
.config:1413:warning: override: reassigning to symbol ARCH_HAS_DEBUG_WX
.config:1416:warning: override: reassigning to symbol FILE_LOCKING
.config:1419:warning: override: reassigning to symbol SYMBOLIC_ERRNAME
.config:1423:warning: override: reassigning to symbol RISCV_MISALIGNED
.config:1425:warning: override: reassigning to symbol GENERIC_CPU_VULNERABILITIES
.config:1427:warning: override: reassigning to symbol MFD_SYSCON
.config:1428:warning: override: reassigning to symbol HAVE_PERF_USER_STACK_DUMP
.config:1438:warning: override: reassigning to symbol SPMI
.config:1440:warning: override: reassigning to symbol RCU_SCALE_TEST
.config:1441:warning: override: reassigning to symbol VFIO
.config:1446:warning: override: reassigning to symbol ARCH_SUPPORTS_MSEAL_SYSTEM_MAPPINGS
.config:1448:warning: override: reassigning to symbol LOCK_DEBUGGING_SUPPORT
.config:1451:warning: override: reassigning to symbol ARCH_SUPPORTS_ATOMIC_RMW
.config:1456:warning: override: reassigning to symbol DEFAULT_SECURITY_DAC
.config:1459:warning: override: reassigning to symbol ARCH_WANT_OPTIMIZE_HUGETLB_VMEMMAP
.config:1466:warning: override: reassigning to symbol HAVE_ARCH_JUMP_LABEL_RELATIVE
.config:1467:warning: override: reassigning to symbol REMOTEPROC
.config:1468:warning: override: reassigning to symbol EFI_PARAMS_FROM_FDT
.config:1472:warning: override: reassigning to symbol OF_EARLY_FLATTREE
.config:1474:warning: override: reassigning to symbol SECRETMEM
.config:1484:warning: override: reassigning to symbol HAVE_PERF_REGS
.config:1490:warning: override: reassigning to symbol HAVE_POSIX_CPU_TIMERS_TASK_WORK
.config:1493:warning: override: reassigning to symbol ARCH_RV64I
.config:1494:warning: override: reassigning to symbol HAVE_SAMPLE_FTRACE_DIRECT_MULTI
.config:1498:warning: override: reassigning to symbol RATIONAL
.config:1499:warning: override: reassigning to symbol HAVE_ALIGNED_STRUCT_PAGE
.config:1501:warning: override: reassigning to symbol EFI_GENERIC_STUB
.config:1515:warning: override: reassigning to symbol CC_HAS_ASM_INLINE
.config:1516:warning: override: reassigning to symbol ARCH_HAS_SYNC_CORE_BEFORE_USERMODE
.config:1521:warning: override: reassigning to symbol HAVE_IRQ_TIME_ACCOUNTING
.config:1523:warning: override: reassigning to symbol CACHESTAT_SYSCALL
.config:1527:warning: override: reassigning to symbol PROFILING
.config:1531:warning: override: reassigning to symbol LTO_NONE
.config:1532:warning: override: reassigning to symbol SPARSEMEM_MANUAL
.config:1534:warning: override: reassigning to symbol EDAC_SUPPORT
.config:1539:warning: override: reassigning to symbol PM
.config:1541:warning: override: reassigning to symbol HAVE_ARCH_KASAN_VMALLOC
.config:1549:warning: override: reassigning to symbol REGULATOR
.config:1550:warning: override: reassigning to symbol SCHED_STACK_END_CHECK
.config:1551:warning: override: reassigning to symbol DEBUG_INFO_DWARF4
.config:1561:warning: override: reassigning to symbol MMU
.config:1563:warning: override: reassigning to symbol ARCH_SUPPORTS_KEXEC_PURGATORY
.config:1564:warning: override: reassigning to symbol VIRTUALIZATION
.config:1567:warning: override: reassigning to symbol ARCH_HAVE_NMI_SAFE_CMPXCHG
.config:1571:warning: override: reassigning to symbol ARCH_DMA_ADDR_T_64BIT
.config:1584:warning: override: reassigning to symbol ARCH_STACKWALK
.config:1592:warning: override: reassigning to symbol GENERIC_IDLE_POLL_SETUP
.config:1599:warning: override: reassigning to symbol GENERIC_ARCH_TOPOLOGY
.config:1602:warning: override: reassigning to symbol HAVE_FUNCTION_ERROR_INJECTION
.config:1608:warning: override: reassigning to symbol IRQCHIP
.config:1609:warning: override: reassigning to symbol FWCTL
.config:1610:warning: override: reassigning to symbol SELECT_MEMORY_MODEL
.config:1616:warning: override: reassigning to symbol ZONE_DMA32
.config:1622:warning: override: reassigning to symbol PORTABLE
.config:1630:warning: override: reassigning to symbol HAVE_KPROBES
.config:1638:warning: override: reassigning to symbol 64BIT
.config:1639:warning: override: reassigning to symbol GCC10_NO_ARRAY_BOUNDS
.config:1641:warning: override: reassigning to symbol DMAPOOL_TEST
.config:1647:warning: override: reassigning to symbol HAVE_GUP_FAST
.config:1648:warning: override: reassigning to symbol NOTIFIER_ERROR_INJECTION
.config:1649:warning: override: reassigning to symbol SYSCTL_ARCH_UNALIGN_ALLOW
.config:1655:warning: override: reassigning to symbol ARCH_SUPPORTS_CFI
.config:1658:warning: override: reassigning to symbol ARCH_SUPPORTS_RT
.config:1659:warning: override: reassigning to symbol KCMP
.config:1663:warning: override: reassigning to symbol HZ_PERIODIC
.config:1665:warning: override: reassigning to symbol GCC_NO_STRINGOP_OVERFLOW
.config:1667:warning: override: reassigning to symbol DEBUG_KERNEL
.config:1668:warning: override: reassigning to symbol ARCH_ANDES
.config:1674:warning: override: reassigning to symbol ARCH_SIFIVE
.config:1680:warning: override: reassigning to symbol COMEDI
.config:1682:warning: override: reassigning to symbol ARCH_ESWIN
.config:1684:warning: override: reassigning to symbol STRICT_KERNEL_RWX
.config:1689:warning: override: reassigning to symbol EFI_TEST
.config:1694:warning: override: reassigning to symbol DEBUG_DRIVER
.config:1695:warning: override: reassigning to symbol ERRATA_SIFIVE
.config:1701:warning: override: reassigning to symbol CGROUPS
.config:1702:warning: override: reassigning to symbol PRIME_NUMBERS
.config:1703:warning: override: reassigning to symbol ARCH_SUPPORTS_LTO_CLANG_THIN
.config:1704:warning: override: reassigning to symbol GENERIC_HWEIGHT
.config:1707:warning: override: reassigning to symbol IPMI_HANDLER
.config:1713:warning: override: reassigning to symbol DEBUG_VM_PGTABLE
.config:1717:warning: override: reassigning to symbol EFI_RUNTIME_WRAPPERS
.config:1724:warning: override: reassigning to symbol ARCH_SUPPORTS_UPROBES
.config:1725:warning: override: reassigning to symbol HAVE_KERNEL_GZIP
.config:1742:warning: override: reassigning to symbol INOTIFY_USER
.config:1743:warning: override: reassigning to symbol POWERCAP
.config:1745:warning: override: reassigning to symbol EFI_ESRT
.config:1746:warning: override: reassigning to symbol SYSCTL_EXCEPTION_TRACE
.config:1748:warning: override: reassigning to symbol BROKEN_ON_SMP
.config:1758:warning: override: reassigning to symbol HZ_100
.config:1770:warning: override: reassigning to symbol GENERIC_IRQ_MULTI_HANDLER
.config:1771:warning: override: reassigning to symbol DEBUG_MAPLE_TREE
.config:1772:warning: override: reassigning to symbol ARCH_HAS_PTE_SPECIAL
.config:1778:warning: override: reassigning to symbol PANIC_ON_OOPS
.config:1779:warning: override: reassigning to symbol HW_RANDOM
.config:1781:warning: override: reassigning to symbol HEADERS_INSTALL
.config:1784:warning: override: reassigning to symbol ARCH_USE_SYM_ANNOTATIONS
.config:1796:warning: override: reassigning to symbol ARCH_HAS_UBSAN
.config:1798:warning: override: reassigning to symbol FW_DEVLINK_SYNC_STATE_TIMEOUT
.config:1799:warning: override: reassigning to symbol TIMER_OF
.config:1805:warning: override: reassigning to symbol ARCH_HAS_SET_DIRECT_MAP
.config:1815:warning: override: reassigning to symbol SWIOTLB
.config:1816:warning: override: reassigning to symbol USB_OHCI_LITTLE_ENDIAN
.config:1822:warning: override: reassigning to symbol RISCV_ISA_C
.config:1826:warning: override: reassigning to symbol MMU_LAZY_TLB_REFCOUNT
.config:1827:warning: override: reassigning to symbol GAMEPORT
.config:1831:warning: override: reassigning to symbol USER_STACKTRACE_SUPPORT
.config:1843:warning: override: reassigning to symbol PHY_CADENCE_TORRENT
.config:1848:warning: override: reassigning to symbol SHMEM
.config:1858:warning: override: reassigning to symbol ARCH_SPACEMIT
.config:1873:warning: override: reassigning to symbol PRINTK
.config:1877:warning: override: reassigning to symbol TTY
.config:1880:warning: override: reassigning to symbol BLK_DEV_INITRD
.config:1884:warning: override: reassigning to symbol BINFMT_ELF
.config:1885:warning: override: reassigning to symbol BINFMT_SCRIPT
.config:1891:warning: override: reassigning to symbol KERNEL_GZIP
.config:1899:warning: override: reassigning to symbol FPU
#
# configuration written to .config
#
make[5]: Leaving directory '/mnt/git-volume/kernel-test-mainline/build/rand500config-riscv'
make[4]: Leaving directory '/mnt/git-volume/linux-mainline'
make[4]: Entering directory '/mnt/git-volume/linux-mainline'
make[5]: Entering directory '/mnt/git-volume/kernel-test-mainline/build/rand500config-riscv'
  SYNC    include/config/auto.conf.cmd
  CC      scripts/mod/empty.o
  CC      scripts/mod/devicetable-offsets.s
  MKELF   scripts/mod/elfconfig.h
  HOSTCC  scripts/mod/modpost.o
  HOSTCC  scripts/mod/sumversion.o
  HOSTCC  scripts/mod/symsearch.o
  HOSTCC  scripts/mod/file2alias.o
  HOSTLD  scripts/mod/modpost
  CC      kernel/bounds.s
  UPD     include/generated/timeconst.h
  UPD     include/generated/bounds.h
  CC      arch/riscv/kernel/asm-offsets.s
  UPD     include/generated/asm-offsets.h
  CC      kernel/sched/rq-offsets.s
  CALL    /mnt/git-volume/linux-mainline/scripts/checksyscalls.sh 
  LDS     arch/riscv/kernel/vdso/vdso.lds
  AS      arch/riscv/kernel/vdso/rt_sigreturn.o
  CC      arch/riscv/kernel/vdso/vgettimeofday.o
  AS      arch/riscv/kernel/vdso/getcpu.o
  AS      arch/riscv/kernel/vdso/flush_icache.o
  CC      arch/riscv/kernel/vdso/hwprobe.o
  AS      arch/riscv/kernel/vdso/sys_hwprobe.o
  CC      arch/riscv/kernel/vdso/getrandom.o
  AS      arch/riscv/kernel/vdso/note.o
  AS      arch/riscv/kernel/vdso/vgetrandom-chacha.o
  VDSOLD  arch/riscv/kernel/vdso/vdso.so.dbg
  VDSOSYM include/generated/vdso-offsets.h
  GEN     usr/initramfs_data.cpio
  CC      init/main.o
  COPY    usr/initramfs_inc_data
  AS      usr/initramfs_data.o
  AR      usr/built-in.a
  AS      arch/riscv/kernel/head.o
  CC      arch/riscv/kernel/soc.o
  CC      kernel/fork.o
  CC      mm/filemap.o
  CC      arch/riscv/kernel/alternative.o
  CC      arch/riscv/kernel/cpu.o
  UPD     init/utsversion-tmp.h
  CC      init/do_mounts.o
  CC      arch/riscv/kernel/cpufeature.o
  CC      kernel/exec_domain.o
  CC      mm/mempool.o
  CC      init/do_mounts_initrd.o
  AS      arch/riscv/kernel/entry.o
  CC      arch/riscv/kernel/irq.o
  CC      kernel/exec_state.o
  CC      mm/oom_kill.o
  CC      kernel/panic.o
  CC      arch/riscv/kernel/process.o
  CC      init/initramfs.o
  CC      kernel/cpu.o
  CC      arch/riscv/kernel/ptrace.o
  CC      mm/fadvise.o
  CC      init/calibrate.o
  CC      init/init_task.o
  CC      arch/riscv/kernel/reset.o
  CC      kernel/exit.o
  CC      arch/riscv/kernel/return_address.o
  CC      mm/maccess.o
  CC      init/version.o
  CC      arch/riscv/kernel/setup.o
  AR      init/built-in.a
  CC      mm/page-writeback.o
  CC      fs/open.o
  CC      arch/riscv/kernel/signal.o
  CC      kernel/softirq.o
  CC      mm/folio-compat.o
  CC      fs/read_write.o
  CC      arch/riscv/kernel/syscall_table.o
  CC      kernel/resource.o
  CC      mm/readahead.o
  CC      arch/riscv/kernel/sys_riscv.o
  CC      kernel/sysctl.o
  CC      fs/file_table.o
  CC      arch/riscv/kernel/sys_hwprobe.o
  CC      mm/swap.o
  CC      kernel/capability.o
  CC      fs/super.o
  CC      arch/riscv/kernel/time.o
  CC      kernel/ptrace.o
  CC      mm/truncate.o
  CC      arch/riscv/kernel/traps.o
  CC      fs/char_dev.o
  CC      kernel/user.o
  CC      mm/vmscan.o
  CC      fs/stat.o
  CC      arch/riscv/kernel/riscv_ksyms.o
  CC      kernel/signal.o
  CC      arch/riscv/kernel/stacktrace.o
  CC      fs/exec.o
  CC      arch/riscv/kernel/cacheinfo.o
  CC      arch/riscv/kernel/patch.o
  CC      mm/shrinker.o
  CC      fs/pipe.o
  CC      arch/riscv/kernel/vendor_extensions.o
  CC      kernel/sys.o
  CC      arch/riscv/kernel/vdso.o
  CC      mm/shmem.o
  OBJCOPY arch/riscv/kernel/vdso/vdso.so
  AS      arch/riscv/kernel/vdso/vdso.o
  AR      arch/riscv/kernel/vdso/built-in.a
  CC      arch/riscv/kernel/traps_misaligned.o
  CC      fs/namei.o
  CC      kernel/umh.o
  CC      arch/riscv/kernel/unaligned_access_speed.o
  CC      kernel/workqueue.o
  AS      arch/riscv/kernel/copy-unaligned.o
  AS      arch/riscv/kernel/vec-copy-unaligned.o
  AS      arch/riscv/kernel/fpu.o
  CC      arch/riscv/kernel/kernel_mode_fpu.o
  CC      mm/util.o
  CC      arch/riscv/kernel/vector.o
  CC      fs/fcntl.o
  CC      arch/riscv/kernel/kernel_mode_vector.o
  CC      mm/mmzone.o
  CC      arch/riscv/kernel/perf_regs.o
  CC      fs/ioctl.o
  CC      mm/vmstat.o
  CC      kernel/pid.o
  CC      arch/riscv/kernel/sbi.o
  CC      mm/backing-dev.o
  CC      fs/readdir.o
  CC      kernel/task_work.o
  CC      arch/riscv/kernel/sbi_ecall.o
  CC      mm/mm_init.o
  CC      kernel/extable.o
  CC      fs/select.o
  CC      arch/riscv/kernel/efi.o
  CC      kernel/params.o
  CC      mm/percpu.o
  CC      arch/riscv/kernel/pi/cmdline_early.o
  CC      fs/dcache.o
  CC      arch/riscv/kernel/pi/fdt_early.o
  CC      arch/riscv/kernel/pi/string.o
  CC      kernel/kthread.o
  CC      arch/riscv/kernel/pi/ctype.o
  CC      arch/riscv/kernel/pi/lib-fdt.o
  CC      arch/riscv/kernel/pi/lib-fdt_ro.o
  CC      arch/riscv/kernel/pi/archrandom_early.o
  OBJCOPY arch/riscv/kernel/pi/cmdline_early.pi.o
  OBJCOPY arch/riscv/kernel/pi/fdt_early.pi.o
  OBJCOPY arch/riscv/kernel/pi/string.pi.o
  OBJCOPY arch/riscv/kernel/pi/ctype.pi.o
  OBJCOPY arch/riscv/kernel/pi/lib-fdt.pi.o
  OBJCOPY arch/riscv/kernel/pi/lib-fdt_ro.pi.o
  OBJCOPY arch/riscv/kernel/pi/archrandom_early.pi.o
  AR      arch/riscv/kernel/pi/built-in.a
  CC      arch/riscv/kernel/bugs.o
  CC      mm/slab_common.o
  CC      kernel/sys_ni.o
  LDS     arch/riscv/kernel/vmlinux.lds
  AR      arch/riscv/kernel/built-in.a
  CC      arch/riscv/mm/init.o
  CC      kernel/nsproxy.o
  CC      fs/inode.o
  CC      mm/compaction.o
  CC      kernel/nstree.o
  CC      arch/riscv/mm/extable.o
  CC      mm/show_mem.o
  CC      arch/riscv/mm/fault.o
  CC      fs/attr.o
  CC      kernel/nscommon.o
  CC      mm/interval_tree.o
  CC      kernel/notifier.o
  CC      fs/bad_inode.o
  CC      arch/riscv/mm/pageattr.o
  CC      fs/file.o
  CC      mm/list_lru.o
  CC      kernel/ksysfs.o
  CC      arch/riscv/mm/pgtable.o
  CC      kernel/cred.o
  CC      mm/workingset.o
  CC      arch/riscv/mm/tlbflush.o
  CC      fs/filesystems.o
  CC      kernel/reboot.o
  CC      arch/riscv/mm/cacheflush.o
  CC      mm/debug.o
  CC      fs/namespace.o
  CC      arch/riscv/mm/context.o
  CC      kernel/async.o
  CC      mm/gup.o
  CC      arch/riscv/mm/pmem.o
  CC      kernel/range.o
  CC      kernel/smpboot.o
  AR      arch/riscv/mm/built-in.a
  CC      arch/riscv/errata/andes/errata.o
  CC      kernel/ucount.o
  AR      arch/riscv/errata/andes/built-in.a
  AS      arch/riscv/errata/sifive/errata_cip_453.o
  CC      arch/riscv/errata/sifive/errata.o
  CC      mm/mmap_lock.o
  CC      kernel/regset.o
  CC      fs/seq_file.o
  AR      arch/riscv/errata/sifive/built-in.a
  AR      arch/riscv/errata/built-in.a
  CC      arch/riscv/purgatory/purgatory.o
  CC      kernel/ksyms_common.o
  CC      arch/riscv/purgatory/sha256.o
  CC      mm/vma_init.o
  CC      fs/xattr.o
  AS      arch/riscv/purgatory/entry.o
  CC      arch/riscv/purgatory/string.o
  CC      kernel/sched/core.o
  CC      arch/riscv/purgatory/ctype.o
  AS      arch/riscv/purgatory/memcpy.o
  AS      arch/riscv/purgatory/memset.o
  AS      arch/riscv/purgatory/strcmp.o
  AS      arch/riscv/purgatory/strlen.o
  AS      arch/riscv/purgatory/strncmp.o
  AS      arch/riscv/purgatory/strnlen.o
  AS      arch/riscv/purgatory/strchr.o
  AS      arch/riscv/purgatory/strrchr.o
  LD      arch/riscv/purgatory/purgatory.ro
  LD      arch/riscv/purgatory/purgatory.chk
  AS      arch/riscv/purgatory/kexec-purgatory.o
  AR      arch/riscv/purgatory/built-in.a
  AR      arch/riscv/built-in.a
  CC      security/commoncap.o
  CC      mm/highmem.o
  CC      mm/memory.o
  CC      fs/libfs.o
  CC      security/min_addr.o
  CC      security/device_cgroup.o
  CC      fs/fs-writeback.o
  CC      kernel/sched/fair.o
  AR      security/built-in.a
  CC      lib/argv_split.o
  CC      mm/mincore.o
  CC      lib/buildid.o
  CC      fs/pnode.o
  CC      lib/cmdline.o
  CC      lib/ctype.o
  CC      lib/dec_and_lock.o
  CC      mm/mlock.o
  CC      lib/decompress.o
  CC      fs/splice.o
  CC      lib/decompress_bunzip2.o
  CC      kernel/sched/build_policy.o
  CC      lib/decompress_inflate.o
  CC      mm/mmap.o
  CC      lib/decompress_unlz4.o
  CC      fs/sync.o
  CC      lib/decompress_unlzma.o
  CC      fs/utimes.o
  CC      lib/decompress_unlzo.o
  CC      mm/mmu_gather.o
  CC      kernel/sched/build_utility.o
  CC      lib/decompress_unxz.o
  CC      fs/d_path.o
  CC      mm/mprotect.o
  CC      lib/decompress_unzstd.o
  CC      fs/stack.o
  CC      lib/dump_stack.o
  CC      fs/fs_struct.o
  CC      lib/earlycpio.o
  CC      mm/mremap.o
  CC      lib/extable.o
  CC      lib/fdt.o
  AR      kernel/sched/built-in.a
  CC      kernel/locking/mutex.o
  CC      fs/statfs.o
  CC      lib/fdt_addresses.o
  CC      lib/fdt_empty_tree.o
  CC      lib/fdt_ro.o
  CC      lib/fdt_rw.o
  CC      mm/msync.o
  CC      lib/fdt_strerror.o
  CC      lib/fdt_sw.o
  CC      lib/fdt_wip.o
  CC      fs/fs_pin.o
  CC      lib/flex_proportions.o
  CC      kernel/locking/semaphore.o
  CC      lib/idr.o
  CC      mm/page_vma_mapped.o
  CC      fs/nsfs.o
  CC      lib/iomem_copy.o
  CC      kernel/locking/rwsem.o
  CC      mm/pagewalk.o
  CC      lib/irq_regs.o
  CC      lib/is_single_threaded.o
  CC      fs/fs_dirent.o
  CC      fs/fs_context.o
  CC      kernel/locking/percpu-rwsem.o
  CC      lib/klist.o
  CC      mm/pgtable-generic.o
  CC      lib/kobject.o
  AR      kernel/locking/built-in.a
  CC      kernel/power/qos.o
  CC      fs/fs_parser.o
  CC      mm/rmap.o
  CC      lib/kobject_uevent.o
  CC      fs/fsopen.o
  CC      kernel/power/main.o
  CC      lib/logic_pio.o
  CC      kernel/power/process.o
  CC      fs/init.o
  CC      mm/vmalloc.o
  CC      lib/maple_tree.o
  CC      fs/kernel_read_file.o
  AR      kernel/power/built-in.a
  CC      kernel/printk/printk.o
  CC      fs/mnt_idmapping.o
  CC      fs/remap_range.o
  CC      mm/vma.o
  CC      kernel/printk/printk_safe.o
  CC      lib/memcat_p.o
  CC      fs/pidfs.o
  CC      kernel/printk/nbcon.o
  CC      lib/nmi_backtrace.o
  CC      mm/vma_exec.o
  CC      kernel/printk/printk_ringbuffer.o
  CC      lib/objpool.o
  CC      lib/plist.o
  CC      mm/mseal.o
  AR      kernel/printk/built-in.a
  CC      lib/radix-tree.o
  CC      fs/file_attr.o
  CC      kernel/irq/irqdesc.o
  CC      lib/ratelimit.o
  CC      mm/page_alloc.o
  CC      fs/fserror.o
  CC      kernel/irq/handle.o
  CC      lib/rbtree.o
  CC      lib/seq_buf.o
  CC      fs/nullfs.o
  CC      kernel/irq/manage.o
  CC      lib/siphash.o
  CC      fs/notify/fsnotify.o
  CC      lib/string.o
  CC      lib/sys_info.o
  CC      kernel/irq/spurious.o
  CC      mm/page_frag_cache.o
  CC      fs/notify/notification.o
  CC      lib/timerqueue.o
  CC      lib/vsprintf.o
  CC      kernel/irq/resend.o
  CC      mm/init-mm.o
  CC      fs/notify/group.o
  CC      kernel/irq/chip.o
  CC      mm/memblock.o
  CC      fs/notify/mark.o
  CC      kernel/irq/dummychip.o
  CC      lib/win_minmax.o
  CC      fs/notify/fdinfo.o
  CC      mm/slub.o
  CC      kernel/irq/devres.o
  CC      lib/xarray.o
  CC      fs/notify/inotify/inotify_fsnotify.o
  CC      kernel/irq/kexec.o
  CC      fs/notify/inotify/inotify_user.o
  CC      lib/lockref.o
  CC      lib/bcd.o
  CC      lib/sort.o
  CC      kernel/irq/irqdomain.o
  CC      lib/parser.o
  AR      fs/notify/inotify/built-in.a
  AR      fs/notify/built-in.a
  CC      fs/anon_inodes.o
  CC      lib/debug_locks.o
  CC      mm/dmapool.o
  CC      lib/random32.o
  CC      kernel/irq/msi.o
  CC      lib/bust_spinlocks.o
  CC      fs/locks.o
  CC      mm/dmapool_test.o
  CC      lib/kasprintf.o
  CC      mm/page_isolation.o
  CC      kernel/irq/matrix.o
  CC      lib/bitmap.o
  CC      fs/binfmt_script.o
  CC      mm/early_ioremap.o
  CC      lib/scatterlist.o
  AR      kernel/irq/built-in.a
  CC      kernel/rcu/update.o
  CC      fs/binfmt_elf.o
  CC      mm/memfd.o
  CC      lib/list_sort.o
  CC      lib/uuid.o
  CC      lib/iov_iter.o
  CC      kernel/rcu/sync.o
  AR      fs/iomap/built-in.a
  CC      fs/kernfs/mount.o
  CC      kernel/rcu/srcutiny.o
  CC      mm/ioremap.o
  CC      kernel/rcu/rcuscale.o
  CC      fs/kernfs/inode.o
  CC      mm/memory_hotplug.o
  CC      lib/clz_ctz.o
  CC      lib/bsearch.o
  CC      kernel/rcu/tiny.o
  CC      fs/kernfs/dir.o
  CC      lib/find_bit.o
  CC      mm/sparse.o
  CC      lib/llist.o
  CC      kernel/rcu/rcu_segcblist.o
  CC      lib/lwq.o
  CC      lib/memweight.o
  CC      mm/sparse-vmemmap.o
  CC      lib/kfifo.o
  CC      fs/kernfs/file.o
  AR      kernel/rcu/built-in.a
  CC      kernel/dma/mapping.o
  CC      lib/percpu-refcount.o
  CC      mm/debug_vm_pgtable.o
  CC      fs/kernfs/symlink.o
  CC      lib/rhashtable.o
  CC      mm/secretmem.o
  AR      fs/kernfs/built-in.a
  CC      kernel/dma/direct.o
  CC      fs/devpts/inode.o
  CC      lib/base64.o
  CC      lib/once.o
  CC      kernel/dma/coherent.o
  AR      fs/devpts/built-in.a
  AR      mm/built-in.a
  CC      fs/ramfs/inode.o
  CC      fs/debugfs/inode.o
  CC      lib/refcount.o
  CC      lib/rcuref.o
  CC      kernel/dma/swiotlb.o
  CC      fs/ramfs/file-mmu.o
  CC      lib/usercopy.o
  CC      fs/debugfs/file.o
  CC      lib/errseq.o
  CC      lib/bucket_locks.o
  AR      fs/ramfs/built-in.a
  CC      fs/tracefs/inode.o
  CC      kernel/dma/remap.o
  CC      lib/generic-radix-tree.o
  AR      fs/debugfs/built-in.a
  CC      fs/tracefs/event_inode.o
  CC      lib/bitmap-str.o
  CC      lib/string_helpers.o
  AR      kernel/dma/built-in.a
  CC      kernel/entry/common.o
  CC      lib/hexdump.o
  AR      fs/tracefs/built-in.a
  AR      fs/built-in.a
  CC      arch/riscv/lib/csum.o
  CC      lib/kstrtox.o
  CC      lib/math/div64.o
  CC      lib/math/gcd.o
  CC      kernel/entry/syscall-common.o
  CC      lib/math/lcm.o
  CC      arch/riscv/lib/delay.o
  CC      lib/math/int_log.o
  CC      lib/math/int_pow.o
  CC      lib/crc/crc32-main.o
  AS      arch/riscv/lib/memcpy.o
  CC      lib/math/int_sqrt.o
  AS      arch/riscv/lib/memmove.o
  AS      arch/riscv/lib/memset.o
  CC      lib/math/reciprocal_div.o
  CC      arch/riscv/lib/riscv_v_helpers.o
  CC      lib/math/rational.o
  AR      lib/crc/built-in.a
  CC      lib/crypto/blake2s.o
  CC      kernel/entry/syscall_user_dispatch.o
  CC      lib/math/prime_numbers.o
  AS      arch/riscv/lib/strchr.o
  AS      arch/riscv/lib/strcmp.o
  AS      arch/riscv/lib/strlen.o
  AS      arch/riscv/lib/strncmp.o
  AS      arch/riscv/lib/strnlen.o
  AS      arch/riscv/lib/strrchr.o
  AS      arch/riscv/lib/tishift.o
  AS      arch/riscv/lib/uaccess.o
  AS      arch/riscv/lib/uaccess_vector.o
  AR      arch/riscv/lib/lib.a
  CC      drivers/irqchip/irqchip.o
  AR      lib/math/built-in.a
  CC      drivers/bus/simple-pm-bus.o
  CC      lib/crypto/chacha-block-generic.o
  AR      kernel/entry/built-in.a
  CC      kernel/kcmp.o
  AR      lib/crypto/built-in.a
  CC      lib/vdso/datastore.o
  AR      drivers/bus/built-in.a
  CC      drivers/phy/phy-core.o
  CC      drivers/irqchip/irq-msi-lib.o
  AR      lib/vdso/built-in.a
  CC      lib/iomap_copy.o
  CC      kernel/freezer.o
  CC      drivers/irqchip/irq-riscv-intc.o
  CC      lib/devres.o
  CC      drivers/phy/cadence/phy-cadence-torrent.o
  CC      kernel/profile.o
  CC      drivers/irqchip/irq-riscv-aplic-main.o
  CC      lib/hweight.o
  CC      lib/interval_tree.o
  CC      lib/bitrev.o
  CC      kernel/stacktrace.o
  CC      drivers/irqchip/irq-riscv-aplic-direct.o
  CC      lib/linear_ranges.o
  CC      kernel/time/time.o
  CC      lib/xxhash.o
  CC      drivers/irqchip/irq-riscv-aplic-msi.o
  AR      drivers/phy/cadence/built-in.a
  CC      drivers/phy/spacemit/phy-k1-pcie.o
  CC      lib/zlib_inflate/inffast.o
  CC      lib/zlib_inflate/inflate.o
  CC      kernel/time/timer.o
  CC      drivers/irqchip/irq-riscv-imsic-state.o
  CC      lib/zlib_inflate/infutil.o
  AR      drivers/phy/spacemit/built-in.a
  AR      drivers/phy/built-in.a
  CC      drivers/pinctrl/core.o
  CC      lib/zlib_inflate/inftrees.o
  CC      lib/zlib_inflate/inflate_syms.o
  CC      drivers/irqchip/irq-riscv-imsic-early.o
  AR      lib/zlib_inflate/built-in.a
  CC      lib/lzo/lzo1x_decompress_safe.o
  CC      kernel/time/hrtimer.o
  CC      drivers/pinctrl/pinctrl-utils.o
  CC      drivers/irqchip/irq-riscv-imsic-platform.o
  AR      lib/lzo/built-in.a
  CC      lib/lz4/lz4_decompress.o
  CC      drivers/pinctrl/pinmux.o
  CC      drivers/irqchip/irq-sifive-plic.o
  CC      kernel/time/sleep_timeout.o
  CC      drivers/pinctrl/pinconf.o
  CC      kernel/time/timekeeping.o
  AR      lib/lz4/built-in.a
  CC      lib/zstd/zstd_decompress_module.o
  CC      drivers/irqchip/irq-madera.o
  CC      drivers/pinctrl/pinconf-generic.o
  CC      lib/zstd/decompress/huf_decompress.o
  AR      drivers/irqchip/built-in.a
  CC      drivers/gpio/gpiolib.o
  CC      drivers/pinctrl/pinctrl-generic.o
  CC      kernel/time/ntp.o
  CC      lib/zstd/decompress/zstd_ddict.o
  CC      drivers/pinctrl/devicetree.o
  CC      lib/zstd/decompress/zstd_decompress.o
  CC      kernel/time/clocksource.o
  CC      lib/zstd/decompress/zstd_decompress_block.o
  CC      drivers/pinctrl/pinctrl-ocelot.o
  CC      kernel/time/jiffies.o
  CC      drivers/gpio/gpiolib-devres.o
  CC      lib/zstd/zstd_common_module.o
  AR      drivers/pinctrl/bcm/built-in.a
  CC      drivers/pinctrl/cirrus/pinctrl-madera-core.o
  CC      kernel/time/timer_list.o
  CC      drivers/gpio/gpiolib-legacy.o
  CC      lib/zstd/common/debug.o
  CC      lib/zstd/common/entropy_common.o
  CC      lib/zstd/common/error_private.o
  CC      lib/zstd/common/fse_decompress.o
  CC      drivers/pinctrl/cirrus/pinctrl-cs47l85.o
  CC      kernel/time/timeconv.o
  CC      drivers/gpio/gpiolib-of.o
  CC      lib/zstd/common/zstd_common.o
  AR      lib/zstd/built-in.a
  CC      lib/xz/xz_dec_syms.o
  CC      kernel/time/timecounter.o
  CC      kernel/time/alarmtimer.o
  AR      drivers/pinctrl/cirrus/built-in.a
  CC      lib/xz/xz_dec_stream.o
  AR      drivers/pinctrl/freescale/built-in.a
  AR      drivers/pinctrl/mediatek/built-in.a
  CC      drivers/pinctrl/spacemit/pinctrl-k1.o
  CC      drivers/gpio/gpiolib-cdev.o
  CC      lib/xz/xz_dec_lzma2.o
  CC      lib/xz/xz_dec_bcj.o
  CC      kernel/time/posix-stubs.o
  AR      lib/xz/built-in.a
  CC      lib/syscall.o
  CC      drivers/gpio/gpiolib-swnode.o
  AR      drivers/pinctrl/spacemit/built-in.a
  AR      drivers/pinctrl/starfive/built-in.a
  AR      drivers/pinctrl/tegra/built-in.a
  AR      drivers/pinctrl/built-in.a
  CC      drivers/pci/of.o
  CC      kernel/time/clockevents.o
  CC      lib/errname.o
  CC      lib/checksum.o
  CC      drivers/gpio/gpio-mmio.o
  CC      lib/glob.o
  CC      drivers/pci/trace.o
  CC      kernel/time/tick-common.o
  CC      lib/strncpy_from_user.o
  CC      drivers/gpio/gpio-74xx-mmio.o
  CC      kernel/time/sched_clock.o
  AR      drivers/pci/built-in.a
  CC      drivers/video/console/dummycon.o
  AR      drivers/gpio/built-in.a
  CC      kernel/time/vsyscall.o
  CC      lib/strnlen_user.o
  CC      kernel/time/timekeeping_debug.o
  AR      drivers/video/console/built-in.a
  CC      lib/fonts/fonts.o
  AR      drivers/video/built-in.a
  CC      drivers/char/ipmi/ipmi_msghandler.o
  CC      drivers/clk/clk-devres.o
  AR      kernel/time/built-in.a
  CC      kernel/up.o
  CC      lib/fonts/font_8x16.o
  CC      drivers/clk/clk-bulk.o
  CC      kernel/cgroup/cgroup.o
  AR      lib/fonts/built-in.a
  CC      lib/ucs2_string.o
  CC      drivers/clk/clkdev.o
  CC      lib/group_cpus.o
  CC      drivers/char/ipmi/ipmi_poweroff.o
  CC      drivers/clk/clk.o
  CC      lib/devmem_is_allowed.o
  AR      drivers/char/ipmi/built-in.a
  CC      kernel/cgroup/rstat.o
  CC      lib/notifier-error-inject.o
  CC      lib/dynamic_debug.o
  CC      kernel/cgroup/namespace.o
  CC      kernel/cgroup/cgroup-v1.o
  CC      drivers/clk/clk-divider.o
  CC      kernel/cgroup/freezer.o
  CC      drivers/clk/clk-fixed-factor.o
  AR      lib/lib.a
  AR      lib/built-in.a
  CC      drivers/clk/clk-fixed-rate.o
  CC      kernel/cgroup/legacy_freezer.o
  CC      kernel/cgroup/pids.o
  CC      kernel/cgroup/misc.o
  CC      drivers/clk/clk-gate.o
  CC      drivers/clk/clk-multiplier.o
  CC      drivers/clk/clk-mux.o
  AR      kernel/cgroup/built-in.a
  CC      kernel/tracepoint.o
  CC      drivers/clk/clk-composite.o
  CC      drivers/clk/clk-fractional-divider.o
  CC      drivers/clk/clk-gpio.o
  CC      kernel/trace/trace_clock.o
  CC      kernel/trace/ring_buffer.o
  CC      drivers/clk/clk-conf.o
  CC      drivers/clk/analogbits/wrpll-cln28hpc.o
  CC      kernel/trace/trace.o
  CC      drivers/clk/eswin/clk.o
  AR      drivers/clk/analogbits/built-in.a
  CC      drivers/clk/eswin/clk-eic7700.o
  CC      drivers/clk/sifive/sifive-prci.o
  AR      drivers/clk/eswin/built-in.a
  CC      drivers/clk/spacemit/ccu_common.o
  AR      drivers/clk/sifive/built-in.a
  CC      drivers/clk/spacemit/ccu_pll.o
  CC      drivers/clk/spacemit/ccu_mix.o
  CC      kernel/trace/trace_output.o
  CC      drivers/clk/spacemit/ccu_ddn.o
  CC      drivers/clk/spacemit/ccu-k3.o
  CC      kernel/trace/trace_seq.o
  CC      kernel/trace/trace_stat.o
  AR      drivers/clk/spacemit/built-in.a
  AR      drivers/clk/built-in.a
  CC      drivers/virtio/virtio.o
  CC      kernel/trace/trace_printk.o
  CC      kernel/trace/trace_pid.o
  CC      kernel/trace/pid_list.o
  CC      drivers/virtio/virtio_ring.o
  CC      drivers/virtio/virtio_anchor.o
  CC      kernel/trace/trace_sched_switch.o
  CC      kernel/trace/trace_nop.o
  CC      kernel/trace/trace_events.o
  CC      kernel/trace/trace_export.o
  AR      drivers/virtio/built-in.a
  CC      drivers/regulator/core.o
  CC      kernel/trace/trace_events_filter.o
  CC      kernel/trace/trace_events_trigger.o
  CC      kernel/trace/error_report-traces.o
  CC      kernel/trace/power-traces.o
  CC      kernel/trace/rv/rv.o
  CC      kernel/trace/ring_buffer_benchmark.o
  CC      drivers/regulator/dummy.o
  CC      kernel/trace/trace_eprobe.o
  CC      kernel/trace/trace_events_inject.o
  CC      kernel/trace/rv/rv_reactors.o
  CC      drivers/regulator/fixed-helper.o
  CC      kernel/trace/trace_events_synth.o
  CC      drivers/regulator/helpers.o
  CC      kernel/trace/rpm-traces.o
  CC      kernel/trace/rv/reactor_printk.o
  CC      kernel/trace/rv/reactor_panic.o
  CC      drivers/regulator/devres.o
  CC      kernel/trace/trace_dynevent.o
  CC      kernel/trace/trace_probe.o
  AR      kernel/trace/rv/built-in.a
  CC      kernel/trace/trace_benchmark.o
  CC      drivers/regulator/irq_helpers.o
  CC      drivers/regulator/of_regulator.o
  CC      drivers/regulator/mt6363-regulator.o
  AR      kernel/trace/built-in.a
  CC      kernel/irq_work.o
  CC      drivers/reset/core.o
  CC      drivers/reset/spacemit/reset-spacemit-common.o
  AR      drivers/regulator/built-in.a
  CC      drivers/tty/tty_io.o
  CC      kernel/torture.o
  CC      drivers/reset/spacemit/reset-spacemit-k3.o
  CC      drivers/tty/n_tty.o
  AR      drivers/reset/spacemit/built-in.a
  CC      drivers/reset/reset-simple.o
  CC      kernel/iomem.o
  CC      drivers/tty/tty_ioctl.o
  CC      drivers/tty/tty_ldisc.o
  AR      kernel/built-in.a
  CC      drivers/reset/reset-eic7700.o
  CC      drivers/reset/reset-tps380x.o
  CC      drivers/tty/tty_buffer.o
  CC      drivers/tty/tty_port.o
  AR      drivers/reset/built-in.a
  CC      drivers/char/mem.o
  CC      drivers/tty/tty_mutex.o
  CC      drivers/tty/tty_ldsem.o
  CC      drivers/tty/tty_baudrate.o
  CC      drivers/tty/tty_jobctrl.o
  CC      drivers/char/random.o
  CC      drivers/tty/n_null.o
  CC      drivers/tty/pty.o
  CC      drivers/tty/vt/vt_ioctl.o
  CC      drivers/tty/serial/serial_core.o
  CC      drivers/tty/serial/serial_base_bus.o
  CC      drivers/char/misc.o
  CC      drivers/tty/vt/vc_screen.o
  CC      drivers/tty/serial/serial_ctrl.o
  CC      drivers/char/hw_random/core.o
  CC      drivers/tty/vt/selection.o
  CC      drivers/tty/serial/serial_port.o
  CC      drivers/tty/serial/earlycon.o
  CC      drivers/char/hw_random/ba431-rng.o
  CC      drivers/tty/vt/keyboard.o
  CC      drivers/tty/serial/altera_uart.o
  CC      drivers/tty/serial/8250/8250_core.o
  AR      drivers/char/hw_random/built-in.a
  CC      drivers/char/ttyprintk.o
  AR      drivers/char/built-in.a
  CC      drivers/tty/serial/8250/8250_platform.o
  CC      drivers/tty/serial/fsl_lpuart.o
  CC      drivers/tty/serial/8250/8250_port.o
  CC      drivers/tty/vt/vt.o
  CC      drivers/tty/serial/8250/8250_early.o
  CC      drivers/tty/serial/sifive.o
  CC      drivers/tty/serial/8250/8250_of.o
  CC      drivers/tty/serial/serial_mctrl_gpio.o
  AR      drivers/tty/serial/8250/built-in.a
  CC      drivers/tty/vt/defkeymap.o
  CC      drivers/tty/vt/consolemap.o
  CC      drivers/tty/vt/consolemap_deftbl.o
  AR      drivers/tty/serial/built-in.a
  CC      drivers/tty/ttynull.o
  CC      drivers/tty/vt/ucs.o
  CC      drivers/iommu/iommu.o
  CC      drivers/iommu/iommu-traces.o
  CC      drivers/iommu/iommu-sysfs.o
  AR      drivers/tty/vt/built-in.a
  AR      drivers/tty/built-in.a
  CC      drivers/misc/c2port/core.o
  CC      drivers/base/component.o
  CC      drivers/base/core.o
  AR      drivers/iommu/built-in.a
  CC      drivers/mfd/madera-core.o
  AR      drivers/misc/c2port/built-in.a
  CC      drivers/misc/uacce/uacce.o
  CC      drivers/mfd/mfd-core.o
  CC      drivers/base/bus.o
  AR      drivers/misc/uacce/built-in.a
  AR      drivers/misc/built-in.a
  AR      drivers/scsi/built-in.a
  CC      drivers/spmi/spmi.o
  CC      drivers/mfd/syscon.o
  CC      drivers/base/dd.o
  CC      drivers/mfd/cs47l85-tables.o
  CC      drivers/base/syscore.o
  CC      drivers/spmi/spmi-devres.o
  CC      drivers/mfd/hi6421-spmi-pmic.o
  CC      drivers/base/driver.o
  CC      drivers/base/class.o
  AR      drivers/spmi/built-in.a
  CC      drivers/vfio/vfio_main.o
  CC      drivers/base/platform.o
  AR      drivers/mfd/built-in.a
  CC      drivers/input/serio/serio.o
  CC      drivers/base/cpu.o
  CC      drivers/base/firmware.o
  CC      drivers/input/serio/serport.o
  CC      drivers/vfio/group.o
  CC      drivers/base/init.o
  CC      drivers/base/map.o
  CC      drivers/input/serio/libps2.o
  CC      drivers/base/devres.o
  CC      drivers/vfio/container.o
  CC      drivers/base/attribute_container.o
  CC      drivers/input/serio/altera_ps2.o
  CC      drivers/base/transport_class.o
  AR      drivers/vfio/built-in.a
  CC      drivers/input/gameport/gameport.o
  CC      drivers/base/topology.o
  AR      drivers/input/serio/built-in.a
  CC      drivers/base/container.o
  CC      drivers/input/input.o
  AR      drivers/input/gameport/built-in.a
  CC      drivers/rtc/lib.o
  CC      drivers/base/property.o
  CC      drivers/base/cacheinfo.o
  CC      drivers/rtc/class.o
  CC      drivers/input/input-compat.o
  CC      drivers/base/swnode.o
  CC      drivers/base/faux.o
  CC      drivers/rtc/interface.o
  CC      drivers/input/input-mt.o
  CC      drivers/base/auxiliary.o
  CC      drivers/base/power/sysfs.o
  CC      drivers/input/input-poller.o
  CC      drivers/base/firmware_loader/main.o
  CC      drivers/base/power/generic_ops.o
  CC      drivers/rtc/nvmem.o
  CC      drivers/input/ff-core.o
  CC      drivers/base/power/common.o
  CC      drivers/rtc/dev.o
  CC      drivers/base/firmware_loader/builtin/main.o
  CC      drivers/input/touchscreen.o
  CC      drivers/base/power/qos.o
  AR      drivers/base/firmware_loader/builtin/built-in.a
  CC      drivers/base/firmware_loader/fallback_table.o
  CC      drivers/input/touch-overlay.o
  CC      drivers/rtc/rtc-zynqmp.o
  CC      drivers/base/firmware_loader/fallback.o
  CC      drivers/input/ff-memless.o
  CC      drivers/base/power/runtime.o
  CC      drivers/rtc/rtc-efi.o
  CC      drivers/base/firmware_loader/sysfs.o
  CC      drivers/input/matrix-keymap.o
  CC      drivers/rtc/rtc-m48t35.o
  CC      drivers/base/power/wakeirq.o
  CC      drivers/input/vivaldi-fmap.o
  AR      drivers/base/firmware_loader/built-in.a
  CC      drivers/base/regmap/regmap.o
  CC      drivers/rtc/rtc-test.o
  CC      drivers/base/power/clock_ops.o
  CC      drivers/input/keyboard/atkbd.o
  AR      drivers/rtc/built-in.a
  AR      drivers/base/power/built-in.a
  CC      drivers/base/pinctrl.o
  CC      drivers/input/keyboard/charlieplex_keypad.o
  CC      drivers/base/regmap/regcache.o
  CC      drivers/base/platform-msi.o
  CC      drivers/base/regmap/regcache-rbtree.o
  CC      drivers/input/keyboard/stowaway.o
  CC      drivers/base/regmap/regcache-flat.o
  CC      drivers/base/arch_topology.o
  CC      drivers/base/regmap/regcache-maple.o
  AR      drivers/input/keyboard/built-in.a
  CC      drivers/input/mouse/psmouse-base.o
  CC      drivers/base/regmap/regmap-debugfs.o
  CC      drivers/base/regmap/regmap-mmio.o
  CC      drivers/base/regmap/regmap-irq.o
  CC      drivers/base/regmap/regmap-spmi.o
  CC      drivers/input/mouse/synaptics.o
  CC      drivers/input/mouse/focaltech.o
  CC      drivers/input/mouse/alps.o
  AR      drivers/base/regmap/built-in.a
  CC      drivers/base/trace.o
  CC      drivers/input/mouse/byd.o
  CC      drivers/input/mouse/logips2pp.o
  CC      drivers/base/memory.o
  CC      drivers/input/misc/gpio_decoder.o
  CC      drivers/input/mouse/trackpoint.o
  CC      drivers/input/mouse/cypress_ps2.o
  AR      drivers/input/misc/built-in.a
  CC      drivers/input/rmi4/rmi_bus.o
  AR      drivers/base/built-in.a
  CC      drivers/w1/w1.o
  CC      drivers/w1/w1_int.o
  AR      drivers/input/mouse/built-in.a
  CC      drivers/w1/w1_family.o
  CC      drivers/input/rmi4/rmi_driver.o
  CC      drivers/w1/w1_netlink.o
  CC      drivers/w1/w1_io.o
  AR      drivers/w1/masters/built-in.a
  AR      drivers/w1/slaves/built-in.a
  CC      drivers/input/rmi4/rmi_f01.o
  CC      drivers/input/rmi4/rmi_2d_sensor.o
  CC      drivers/input/rmi4/rmi_f03.o
  AR      drivers/w1/built-in.a
  CC      drivers/input/rmi4/rmi_f11.o
  CC      drivers/input/rmi4/rmi_f12.o
  CC      drivers/input/rmi4/rmi_f30.o
  CC      drivers/input/rmi4/rmi_f3a.o
  CC      drivers/firmware/efi/efi.o
  CC      drivers/firmware/efi/vars.o
  CC      drivers/firmware/efi/reboot.o
  AR      drivers/input/rmi4/built-in.a
  AR      drivers/input/built-in.a
  CC      drivers/fwctl/main.o
  CC      drivers/firmware/efi/memattr.o
  CC      drivers/firmware/efi/tpm.o
  CC      drivers/firmware/efi/memmap.o
  AR      drivers/fwctl/built-in.a
  CC      drivers/clocksource/timer-of.o
  CC      drivers/firmware/efi/fdtparams.o
  CC      drivers/firmware/efi/esrt.o
  CC      drivers/clocksource/timer-probe.o
  CC      drivers/firmware/efi/runtime-wrappers.o
  CC      drivers/firmware/efi/test/efi_test.o
  CC      drivers/clocksource/timer-riscv.o
  CC      drivers/firmware/efi/efi-init.o
  CC      drivers/firmware/efi/riscv-runtime.o
  AR      drivers/firmware/efi/test/built-in.a
  CC      drivers/firmware/efi/earlycon.o
  AR      drivers/clocksource/built-in.a
  CC      drivers/hid/hid-core.o
  CC      drivers/of/base.o
  CC      drivers/comedi/comedi_fops.o
  CC      drivers/firmware/efi/libstub/alignedmem.o
  CC      drivers/of/cpu.o
  CC      drivers/hid/hid-input.o
  CC      drivers/comedi/range.o
  CC      drivers/firmware/efi/libstub/efi-stub-entry.o
  CC      drivers/of/device.o
  CC      drivers/comedi/drivers.o
  CC      drivers/firmware/efi/libstub/efi-stub-helper.o
  CC      drivers/of/module.o
  CC      drivers/hid/hid-quirks.o
  CC      drivers/comedi/comedi_buf.o
  CC      drivers/of/platform.o
  CC      drivers/firmware/efi/libstub/efi-stub.o
  CC      drivers/hid/hid-debug.o
  AR      drivers/comedi/drivers/built-in.a
  AR      drivers/comedi/built-in.a
  CC      drivers/remoteproc/remoteproc_core.o
  CC      drivers/of/property.o
  CC      drivers/firmware/efi/libstub/fdt.o
  CC      drivers/hid/hid-generic.o
  CC      drivers/of/fdt.o
  CC      drivers/remoteproc/remoteproc_coredump.o
  CC      drivers/firmware/efi/libstub/file.o
  CC      drivers/hid/hid-axff.o
  CC      drivers/remoteproc/remoteproc_debugfs.o
  AS      drivers/of/empty_root.dtb.o
  CC      drivers/of/fdt_address.o
  CC      drivers/firmware/efi/libstub/gop.o
  CC      drivers/of/address.o
  CC      drivers/remoteproc/remoteproc_sysfs.o
  CC      drivers/hid/hid-keytouch.o
  CC      drivers/firmware/efi/libstub/intrinsics.o
  CC      drivers/remoteproc/remoteproc_virtio.o
  CC      drivers/hid/hid-rmi.o
  CC      drivers/of/irq.o
  CC      drivers/firmware/efi/libstub/kaslr.o
  CC      drivers/remoteproc/remoteproc_elf_loader.o
  CC      drivers/of/of_reserved_mem.o
  CC      drivers/hid/hid-google-stadiaff.o
  CC      drivers/firmware/efi/libstub/lib-cmdline.o
  CC      drivers/firmware/efi/libstub/lib-ctype.o
  CC      drivers/firmware/efi/libstub/lib-fdt.o
  CC      drivers/remoteproc/remoteproc_cdev.o
  CC      drivers/firmware/efi/libstub/lib-fdt_empty_tree.o
  CC      drivers/firmware/efi/libstub/lib-fdt_ro.o
  AR      drivers/of/built-in.a
  AR      drivers/virt/built-in.a
  CC      drivers/firmware/efi/libstub/lib-fdt_rw.o
  CC      drivers/powercap/powercap_sys.o
  CC      drivers/hid/hid-microsoft.o
  CC      drivers/firmware/efi/libstub/lib-fdt_sw.o
  AR      drivers/remoteproc/built-in.a
  CC      drivers/firmware/efi/libstub/lib-fdt_wip.o
  CC      drivers/nvmem/core.o
  CC      drivers/firmware/efi/libstub/mem.o
  AR      drivers/powercap/built-in.a
  CC      drivers/nvmem/layouts.o
  CC      drivers/hid/hid-pl.o
  CC      drivers/firmware/efi/libstub/pci.o
  CC      drivers/nvmem/layouts/fixed-layout.o
  CC      drivers/nvmem/layouts/onie-tlv.o
  CC      drivers/hid/hid-rapoo.o
  CC      drivers/firmware/efi/libstub/primary_display.o
  CC      drivers/firmware/efi/libstub/printk.o
  AR      drivers/nvmem/layouts/built-in.a
  AR      drivers/nvmem/built-in.a
  CC      drivers/firmware/efi/libstub/random.o
  CC      drivers/hid/hid-tivo.o
  CC      drivers/firmware/efi/libstub/randomalloc.o
  CC      drivers/firmware/efi/libstub/riscv-stub.o
  CC      drivers/firmware/efi/libstub/riscv.o
  CC      drivers/hid/hid-viewsonic.o
  CC      drivers/firmware/efi/libstub/secureboot.o
  CC      drivers/firmware/efi/libstub/skip_spaces.o
  CC      drivers/firmware/efi/libstub/string.o
  CC      drivers/firmware/efi/libstub/systable.o
  CC      drivers/firmware/efi/libstub/tpm.o
  CC      drivers/hid/hid-vrc2.o
  CC      drivers/firmware/efi/libstub/vsprintf.o
  STUBCPY drivers/firmware/efi/libstub/alignedmem.stub.o
  STUBCPY drivers/firmware/efi/libstub/efi-stub-entry.stub.o
  STUBCPY drivers/firmware/efi/libstub/efi-stub-helper.stub.o
  STUBCPY drivers/firmware/efi/libstub/efi-stub.stub.o
  STUBCPY drivers/firmware/efi/libstub/fdt.stub.o
  STUBCPY drivers/firmware/efi/libstub/file.stub.o
  STUBCPY drivers/firmware/efi/libstub/gop.stub.o
  STUBCPY drivers/firmware/efi/libstub/intrinsics.stub.o
  STUBCPY drivers/firmware/efi/libstub/kaslr.stub.o
  STUBCPY drivers/firmware/efi/libstub/lib-cmdline.stub.o
  STUBCPY drivers/firmware/efi/libstub/lib-ctype.stub.o
  STUBCPY drivers/firmware/efi/libstub/lib-fdt.stub.o
  STUBCPY drivers/firmware/efi/libstub/lib-fdt_empty_tree.stub.o
  STUBCPY drivers/firmware/efi/libstub/lib-fdt_ro.stub.o
  STUBCPY drivers/firmware/efi/libstub/lib-fdt_rw.stub.o
  STUBCPY drivers/firmware/efi/libstub/lib-fdt_sw.stub.o
  STUBCPY drivers/firmware/efi/libstub/lib-fdt_wip.stub.o
  STUBCPY drivers/firmware/efi/libstub/mem.stub.o
  STUBCPY drivers/firmware/efi/libstub/pci.stub.o
  STUBCPY drivers/firmware/efi/libstub/primary_display.stub.o
  STUBCPY drivers/firmware/efi/libstub/printk.stub.o
  STUBCPY drivers/firmware/efi/libstub/random.stub.o
  STUBCPY drivers/firmware/efi/libstub/randomalloc.stub.o
  STUBCPY drivers/firmware/efi/libstub/riscv-stub.stub.o
  STUBCPY drivers/firmware/efi/libstub/riscv.stub.o
  STUBCPY drivers/firmware/efi/libstub/secureboot.stub.o
  STUBCPY drivers/firmware/efi/libstub/skip_spaces.stub.o
  STUBCPY drivers/firmware/efi/libstub/string.stub.o
  STUBCPY drivers/firmware/efi/libstub/vsprintf.stub.o
  STUBCPY drivers/firmware/efi/libstub/systable.stub.o
  AR      drivers/hid/built-in.a
  STUBCPY drivers/firmware/efi/libstub/tpm.stub.o
  AR      drivers/firmware/efi/libstub/lib.a
  AR      drivers/firmware/efi/built-in.a
  AR      drivers/firmware/built-in.a
  AR      drivers/built-in.a
  AR      built-in.a
  AR      built-in-fixup.a
  COPY    vmlinux.a
  LD      vmlinux.o
  MODPOST vmlinux.symvers
  CC      .vmlinux.export.o
  UPD     include/generated/utsversion.h
  CC      init/version-timestamp.o
  LD      vmlinux.unstripped
  NM      System.map
  SORTTAB vmlinux.unstripped
  OBJCOPY vmlinux
  GEN     modules.builtin.modinfo
  GEN     modules.builtin
  OBJCOPY arch/riscv/boot/Image
  Kernel: arch/riscv/boot/Image is ready
make[5]: Leaving directory '/mnt/git-volume/kernel-test-mainline/build/rand500config-riscv'
make[4]: Leaving directory '/mnt/git-volume/linux-mainline'
