make[4]: Entering directory '/mnt/git-volume/linux-mainline'
make[5]: Entering directory '/mnt/git-volume/kernel-test-mainline/build/rand500nsconfig-i386'
#
# configuration written to .config
#
Using .config as base
Merging /mnt/git-volume/linux-mainline/kernel/configs/tiny.config
Value of CONFIG_KERNEL_XZ is redefined by fragment /mnt/git-volume/linux-mainline/kernel/configs/tiny.config:
Previous value: # CONFIG_KERNEL_XZ is not set
New value: CONFIG_KERNEL_XZ=y

Value of CONFIG_CC_OPTIMIZE_FOR_SIZE is redefined by fragment /mnt/git-volume/linux-mainline/kernel/configs/tiny.config:
Previous value: # CONFIG_CC_OPTIMIZE_FOR_SIZE is not set
New value: CONFIG_CC_OPTIMIZE_FOR_SIZE=y

Value of CONFIG_SLUB_TINY is redefined by fragment /mnt/git-volume/linux-mainline/kernel/configs/tiny.config:
Previous value: # CONFIG_SLUB_TINY is not set
New value: CONFIG_SLUB_TINY=y

Merging /mnt/git-volume/linux-mainline/arch/x86/configs/tiny.config
Value of CONFIG_UNWINDER_GUESS is redefined by fragment /mnt/git-volume/linux-mainline/arch/x86/configs/tiny.config:
Previous value: # CONFIG_UNWINDER_GUESS is not set
New value: CONFIG_UNWINDER_GUESS=y

#
# merged configuration written to .config (needs make)
#
#
# configuration written to .config
#
make[5]: Leaving directory '/mnt/git-volume/kernel-test-mainline/build/rand500nsconfig-i386'
make[4]: Leaving directory '/mnt/git-volume/linux-mainline'
make[4]: Entering directory '/mnt/git-volume/linux-mainline'
make[5]: Entering directory '/tmp/tmp.FN840A3aeC'
  UPD     /tmp/tmp.FN840A3aeC/Makefile
  HOSTCC  scripts/basic/fixdep
  HOSTCC  scripts/kconfig/conf.o
  HOSTCC  scripts/kconfig/confdata.o
  HOSTCC  scripts/kconfig/expr.o
  LEX     scripts/kconfig/lexer.lex.c
  YACC    scripts/kconfig/parser.tab.[ch]
  HOSTCC  scripts/kconfig/lexer.lex.o
  HOSTCC  scripts/kconfig/menu.o
  HOSTCC  scripts/kconfig/parser.tab.o
  HOSTCC  scripts/kconfig/preprocess.o
  HOSTCC  scripts/kconfig/symbol.o
  HOSTCC  scripts/kconfig/util.o
  HOSTLD  scripts/kconfig/conf
KCONFIG_SEED=0xB2FB0DB0
#
# configuration written to .config
#
make[5]: Leaving directory '/tmp/tmp.FN840A3aeC'
make[4]: Leaving directory '/mnt/git-volume/linux-mainline'
make[4]: Entering directory '/mnt/git-volume/linux-mainline'
make[5]: Entering directory '/tmp/tmp.FN840A3aeC'
.config:5191:warning: override: reassigning to symbol PRINTK
.config:5195:warning: override: reassigning to symbol TTY
.config:5198:warning: override: reassigning to symbol BLK_DEV_INITRD
.config:5199:warning: override: reassigning to symbol RD_GZIP
.config:5202:warning: override: reassigning to symbol BINFMT_ELF
.config:5203:warning: override: reassigning to symbol BINFMT_SCRIPT
.config:5206:warning: override: reassigning to symbol TMPFS
.config:5209:warning: override: reassigning to symbol KERNEL_GZIP
.config:5215:warning: override: reassigning to symbol KERNEL_BZIP2
.config:5216:warning: override: reassigning to symbol KERNEL_LZMA
.config:5217:warning: override: reassigning to symbol KERNEL_XZ
.config:5218:warning: override: reassigning to symbol KERNEL_LZO
.config:5219:warning: override: reassigning to symbol KERNEL_LZ4
.config:5220:warning: override: reassigning to symbol KERNEL_ZSTD
.config:5223:warning: override: reassigning to symbol MODULES
.config:5226:warning: override: reassigning to symbol DRM
.config:5227:warning: override: reassigning to symbol SOUND
.config:5228:warning: override: reassigning to symbol STAGING
.config:5230:warning: override: reassigning to symbol MEDIA_SUPPORT
.config:5240:warning: override: reassigning to symbol KFENCE
.config:5241:warning: override: reassigning to symbol UBSAN
.config:5246:warning: override: reassigning to symbol RCU_TORTURE_TEST
.config:5247:warning: override: reassigning to symbol LOCK_TORTURE_TEST
.config:5254:warning: override: reassigning to symbol KUNIT
#
# configuration written to .config
#
make[5]: Leaving directory '/tmp/tmp.FN840A3aeC'
make[4]: Leaving directory '/mnt/git-volume/linux-mainline'
make[4]: Entering directory '/mnt/git-volume/linux-mainline'
make[5]: Entering directory '/mnt/git-volume/kernel-test-mainline/build/rand500nsconfig-i386'
.config:1380:warning: override: reassigning to symbol GENERIC_PHY
.config:1383:warning: override: reassigning to symbol KMAP_LOCAL
.config:1384:warning: override: reassigning to symbol MHI_BUS_EP
.config:1385:warning: override: reassigning to symbol PCSPKR_PLATFORM
.config:1387:warning: override: reassigning to symbol LD_CAN_USE_KEEP_IN_OVERLAY
.config:1399:warning: override: reassigning to symbol IO_DELAY_UDELAY
.config:1400:warning: override: reassigning to symbol COUNTER
.config:1406:warning: override: reassigning to symbol X86_CMOV
.config:1416:warning: override: reassigning to symbol HAVE_PCSPKR_PLATFORM
.config:1418:warning: override: reassigning to symbol CC_HAS_ZERO_CALL_USED_REGS
.config:1419:warning: override: reassigning to symbol CC_HAS_SLS
.config:1427:warning: override: reassigning to symbol PANIC_ON_OOPS
.config:1431:warning: override: reassigning to symbol SPMI
.config:1437:warning: override: reassigning to symbol ARCH_HAS_KERNEL_FPU_SUPPORT
.config:1439:warning: override: reassigning to symbol CC_HAS_MARCH_NATIVE
.config:1444:warning: override: reassigning to symbol BLOCK
.config:1455:warning: override: reassigning to symbol CORDIC
.config:1461:warning: override: reassigning to symbol DAMON
.config:1464:warning: override: reassigning to symbol MTD
.config:1467:warning: override: reassigning to symbol ARCH_SUPPORTS_DEBUG_PAGEALLOC
.config:1470:warning: override: reassigning to symbol GPIB
.config:1471:warning: override: reassigning to symbol DETECT_HUNG_TASK
.config:1476:warning: override: reassigning to symbol HAVE_EBPF_JIT
.config:1482:warning: override: reassigning to symbol ZONE_DMA
.config:1487:warning: override: reassigning to symbol HAVE_SOFTIRQ_ON_OWN_STACK
.config:1490:warning: override: reassigning to symbol PREEMPT_DYNAMIC
.config:1495:warning: override: reassigning to symbol WATCHDOG
.config:1500:warning: override: reassigning to symbol AUTOFS_FS
.config:1502:warning: override: reassigning to symbol POSIX_TIMERS
.config:1503:warning: override: reassigning to symbol HAVE_DMA_CONTIGUOUS
.config:1515:warning: override: reassigning to symbol DEBUG_INFO_DWARF5
.config:1523:warning: override: reassigning to symbol SYSFS
.config:1533:warning: override: reassigning to symbol CC_HAS_KASAN_GENERIC
.config:1535:warning: override: reassigning to symbol CC_CAN_LINK
.config:1540:warning: override: reassigning to symbol ARCH_USE_QUEUED_SPINLOCKS
.config:1541:warning: override: reassigning to symbol USB_OHCI_LITTLE_ENDIAN
.config:1545:warning: override: reassigning to symbol ARCH_WANT_LD_ORPHAN_WARN
.config:1547:warning: override: reassigning to symbol HAVE_CMPXCHG_DOUBLE
.config:1549:warning: override: reassigning to symbol I3C
.config:1550:warning: override: reassigning to symbol MFD_TQMX86
.config:1555:warning: override: reassigning to symbol LOCKDEP_SUPPORT
.config:1557:warning: override: reassigning to symbol MEMTEST
.config:1560:warning: override: reassigning to symbol FHANDLE
.config:1565:warning: override: reassigning to symbol SCHED_OMIT_FRAME_POINTER
.config:1569:warning: override: reassigning to symbol INSTRUCTION_DECODER
.config:1582:warning: override: reassigning to symbol FORTIFY_SOURCE
.config:1584:warning: override: reassigning to symbol CC_HAS_RETURN_THUNK
.config:1592:warning: override: reassigning to symbol ARCH_WANT_IPC_PARSE_VERSION
.config:1603:warning: override: reassigning to symbol GENERIC_ENTRY
.config:1608:warning: override: reassigning to symbol GCC10_NO_ARRAY_BOUNDS
.config:1616:warning: override: reassigning to symbol HAVE_ARCH_RANDOMIZE_KSTACK_OFFSET
.config:1618:warning: override: reassigning to symbol ARCH_HAS_SYNC_CORE_BEFORE_USERMODE
.config:1619:warning: override: reassigning to symbol HAVE_ARCH_SECCOMP
.config:1625:warning: override: reassigning to symbol MCB
.config:1627:warning: override: reassigning to symbol CLOCKSOURCE_WATCHDOG
.config:1635:warning: override: reassigning to symbol FLATMEM_MANUAL
.config:1645:warning: override: reassigning to symbol PROC_MEM_ALWAYS_FORCE
.config:1646:warning: override: reassigning to symbol HAVE_STATIC_CALL
.config:1648:warning: override: reassigning to symbol X86_DISABLED_FEATURE_ENQCMD
.config:1651:warning: override: reassigning to symbol ISA
.config:1653:warning: override: reassigning to symbol ARCH_HAVE_NMI_SAFE_CMPXCHG
.config:1656:warning: override: reassigning to symbol ACCESSIBILITY
.config:1657:warning: override: reassigning to symbol NEW_LEDS
.config:1660:warning: override: reassigning to symbol HAVE_KPROBES_ON_FTRACE
.config:1666:warning: override: reassigning to symbol HAVE_ARCH_JUMP_LABEL_RELATIVE
.config:1674:warning: override: reassigning to symbol SECTION_MISMATCH_WARN_ONLY
.config:1677:warning: override: reassigning to symbol ADVISE_SYSCALLS
.config:1681:warning: override: reassigning to symbol X86_CX8
.config:1698:warning: override: reassigning to symbol PACKING
.config:1703:warning: override: reassigning to symbol IIO
.config:1704:warning: override: reassigning to symbol ARCH_WANT_GENERAL_HUGETLB
.config:1707:warning: override: reassigning to symbol LD_IS_BFD
.config:1708:warning: override: reassigning to symbol IKCONFIG
.config:1709:warning: override: reassigning to symbol CPU_SUP_ZHAOXIN
.config:1714:warning: override: reassigning to symbol MFD_MT6397
.config:1717:warning: override: reassigning to symbol X86_DISABLED_FEATURE_IBT
.config:1726:warning: override: reassigning to symbol ARCH_SUSPEND_POSSIBLE
.config:1728:warning: override: reassigning to symbol RELAY
.config:1731:warning: override: reassigning to symbol W1
.config:1733:warning: override: reassigning to symbol HAVE_BUILDTIME_MCOUNT_SORT
.config:1736:warning: override: reassigning to symbol HAVE_PREEMPT_DYNAMIC_CALL
.config:1752:warning: override: reassigning to symbol LTO_NONE
.config:1759:warning: override: reassigning to symbol X86_INTEL_TSX_MODE_AUTO
.config:1760:warning: override: reassigning to symbol GENERIC_CPU_DEVICES
.config:1763:warning: override: reassigning to symbol ARCH_USE_SYM_ANNOTATIONS
.config:1768:warning: override: reassigning to symbol CC_HAS_WORKING_NOSANITIZE_ADDRESS
.config:1770:warning: override: reassigning to symbol HAVE_ARCH_TRANSPARENT_HUGEPAGE
.config:1777:warning: override: reassigning to symbol AS_IS_GNU
.config:1778:warning: override: reassigning to symbol SLAB_MERGE_DEFAULT
.config:1780:warning: override: reassigning to symbol PWM
.config:1782:warning: override: reassigning to symbol XZ_DEC
.config:1783:warning: override: reassigning to symbol NTSYNC
.config:1786:warning: override: reassigning to symbol MELLANOX_PLATFORM
.config:1801:warning: override: reassigning to symbol DEBUG_LOCK_ALLOC
.config:1805:warning: override: reassigning to symbol VIRT_DRIVERS
.config:1809:warning: override: reassigning to symbol DEBUG_LIST
.config:1817:warning: override: reassigning to symbol HAVE_MOVE_PUD
.config:1824:warning: override: reassigning to symbol NET
.config:1829:warning: override: reassigning to symbol ARCH_SUPPORTS_ACPI
.config:1835:warning: override: reassigning to symbol FIRMWARE_MEMMAP
.config:1836:warning: override: reassigning to symbol CC_HAS_AUTO_VAR_INIT_ZERO_BARE
.config:1842:warning: override: reassigning to symbol MEMSTICK
.config:1843:warning: override: reassigning to symbol HAVE_REGS_AND_STACK_ACCESS_API
.config:1844:warning: override: reassigning to symbol SGETMASK_SYSCALL
.config:1851:warning: override: reassigning to symbol BCM_KONA_USB2_PHY
.config:1855:warning: override: reassigning to symbol ARCH_HAS_UBSAN
.config:1856:warning: override: reassigning to symbol STRICT_KERNEL_RWX
.config:1864:warning: override: reassigning to symbol HAVE_DYNAMIC_FTRACE_WITH_DIRECT_CALLS
.config:1865:warning: override: reassigning to symbol CMDLINE_BOOL
.config:1866:warning: override: reassigning to symbol CPU_FREQ
.config:1868:warning: override: reassigning to symbol BINFMT_ELF
.config:1872:warning: override: reassigning to symbol MTRR
.config:1889:warning: override: reassigning to symbol PRINTK
.config:1893:warning: override: reassigning to symbol TTY
.config:1896:warning: override: reassigning to symbol BLK_DEV_INITRD
.config:1900:warning: override: reassigning to symbol BINFMT_ELF
.config:1901:warning: override: reassigning to symbol BINFMT_SCRIPT
.config:1904:warning: override: reassigning to symbol TMPFS
.config:1907:warning: override: reassigning to symbol KERNEL_GZIP
.config:1918:warning: override: reassigning to symbol UTS_NS
.config:1922:warning: override: reassigning to symbol USER_NS
.config:1926:warning: override: reassigning to symbol CGROUPS
.config:1930:warning: override: reassigning to symbol PROC_FS
.config:1931:warning: override: reassigning to symbol NET
.config:1933:warning: override: reassigning to symbol TMPFS
.config:1934:warning: override: reassigning to symbol SYSVIPC
.config:1935:warning: override: reassigning to symbol FUTEX
#
# configuration written to .config
#
make[5]: Leaving directory '/mnt/git-volume/kernel-test-mainline/build/rand500nsconfig-i386'
make[4]: Leaving directory '/mnt/git-volume/linux-mainline'
make[4]: Entering directory '/mnt/git-volume/linux-mainline'
make[5]: Entering directory '/mnt/git-volume/kernel-test-mainline/build/rand500nsconfig-i386'
  SYNC    include/config/auto.conf.cmd
  UPD     arch/x86/include/generated/asm/cpufeaturemasks.h
  HOSTCC  arch/x86/tools/relocs_32.o
  HOSTCC  arch/x86/tools/relocs_64.o
  HOSTCC  scripts/kallsyms
  HOSTLD  arch/x86/tools/relocs
  CC      scripts/mod/empty.o
  CC      scripts/mod/devicetable-offsets.s
  MKELF   scripts/mod/elfconfig.h
  HOSTCC  scripts/mod/modpost.o
  HOSTCC  scripts/mod/sumversion.o
  HOSTCC  scripts/mod/symsearch.o
  HOSTCC  scripts/mod/file2alias.o
  HOSTLD  scripts/mod/modpost
  CC      kernel/bounds.s
  UPD     include/generated/bounds.h
  CC      arch/x86/kernel/asm-offsets.s
  UPD     include/generated/asm-offsets.h
  CC      kernel/sched/rq-offsets.s
  UPD     include/generated/rq-offsets.h
  CALL    /mnt/git-volume/linux-mainline/scripts/checksyscalls.sh 
  GEN     usr/initramfs_data.cpio
  AS      arch/x86/entry/entry.o
  COPY    usr/initramfs_inc_data
  CC      init/main.o
  AS      usr/initramfs_data.o
  AS      arch/x86/entry/entry_32.o
  AR      usr/built-in.a
  UPD     init/utsversion-tmp.h
  AR      certs/built-in.a
  CC      arch/x86/entry/syscall_32.o
  CC      kernel/fork.o
  CC      mm/filemap.o
  CC      arch/x86/entry/common.o
  CC      init/do_mounts.o
  CC      arch/x86/entry/vdso/vma.o
  CC      kernel/exec_domain.o
  CC      mm/mempool.o
  CC      init/do_mounts_initrd.o
  CC      arch/x86/entry/vdso/extable.o
  CC      kernel/exec_state.o
  CC      mm/oom_kill.o
  CC      init/initramfs.o
  CC      kernel/panic.o
  CC      arch/x86/entry/vdso/vdso32-setup.o
  LDS     arch/x86/entry/vdso/vdso32/vdso32.lds
  AS      arch/x86/entry/vdso/vdso32/note.o
  CC      arch/x86/entry/vdso/vdso32/vclock_gettime.o
  CC      mm/fadvise.o
  CC      kernel/cpu.o
  CC      init/calibrate.o
  CC      arch/x86/entry/vdso/vdso32/vgetcpu.o
  AS      arch/x86/entry/vdso/vdso32/system_call.o
  AS      arch/x86/entry/vdso/vdso32/sigreturn.o
  VDSO    arch/x86/entry/vdso/vdso32/vdso32.so.dbg
  OBJCOPY arch/x86/entry/vdso/vdso32/vdso32.so
  VDSO2C  arch/x86/entry/vdso/vdso32/vdso32-image.c
  CC      arch/x86/entry/vdso/vdso32/vdso32-image.o
  CC      init/init_task.o
  AR      arch/x86/entry/vdso/vdso32/built-in.a
  AR      arch/x86/entry/vdso/built-in.a
  AS      arch/x86/entry/thunk.o
  AR      arch/x86/entry/built-in.a
  CC      arch/x86/events/core.o
  CC      mm/maccess.o
  CC      kernel/exit.o
  CC      init/version.o
  CC      mm/page-writeback.o
  AR      init/built-in.a
  CC      fs/open.o
  CC      arch/x86/events/probe.o
  CC      kernel/softirq.o
  CC      arch/x86/events/utils.o
  CC      mm/folio-compat.o
  CC      kernel/resource.o
  CC      fs/read_write.o
  CC      arch/x86/events/amd/core.o
  CC      mm/readahead.o
  CC      kernel/sysctl.o
  CC      fs/file_table.o
  CC      mm/swap.o
  CC      arch/x86/events/amd/lbr.o
  CC      kernel/capability.o
  CC      fs/super.o
  AR      arch/x86/events/amd/built-in.a
  CC      arch/x86/events/intel/core.o
  CC      kernel/ptrace.o
  CC      mm/truncate.o
  CC      fs/char_dev.o
  CC      mm/vmscan.o
  CC      fs/stat.o
  CC      kernel/user.o
  CC      kernel/signal.o
  CC      fs/exec.o
  CC      mm/shrinker.o
  CC      arch/x86/events/intel/bts.o
  CC      fs/pipe.o
  CC      mm/shmem.o
  CC      kernel/sys.o
  CC      arch/x86/events/intel/ds.o
  CC      mm/util.o
  CC      fs/namei.o
  CC      kernel/umh.o
  CC      mm/mmzone.o
  CC      arch/x86/events/intel/knc.o
  CC      mm/vmstat.o
  CC      kernel/workqueue.o
  CC      fs/fcntl.o
  CC      arch/x86/events/intel/lbr.o
  CC      mm/backing-dev.o
  CC      fs/ioctl.o
  CC      mm/mm_init.o
  CC      arch/x86/events/intel/p4.o
  CC      kernel/pid.o
  CC      fs/readdir.o
  CC      arch/x86/events/intel/p6.o
  CC      mm/percpu.o
  CC      kernel/task_work.o
  CC      fs/select.o
  CC      arch/x86/events/intel/pt.o
  CC      mm/slab_common.o
  CC      kernel/extable.o
  AR      arch/x86/events/intel/built-in.a
  CC      arch/x86/events/zhaoxin/core.o
  CC      mm/compaction.o
  CC      fs/dcache.o
  CC      kernel/params.o
  CC      mm/show_mem.o
  AR      arch/x86/events/zhaoxin/built-in.a
  AR      arch/x86/events/built-in.a
  CC      arch/x86/realmode/init.o
  CC      kernel/kthread.o
  AS      arch/x86/realmode/rm/header.o
  AS      arch/x86/realmode/rm/trampoline_32.o
  AS      arch/x86/realmode/rm/stack.o
  AS      arch/x86/realmode/rm/reboot.o
  CC      mm/interval_tree.o
  PASYMS  arch/x86/realmode/rm/pasyms.h
  LDS     arch/x86/realmode/rm/realmode.lds
  LD      arch/x86/realmode/rm/realmode.elf
  RELOCS  arch/x86/realmode/rm/realmode.relocs
  OBJCOPY arch/x86/realmode/rm/realmode.bin
  AS      arch/x86/realmode/rmpiggy.o
  AR      arch/x86/realmode/built-in.a
  CC      fs/inode.o
  AS      arch/x86/kernel/head_32.o
  CC      arch/x86/kernel/head32.o
  CC      kernel/sys_ni.o
  CC      mm/list_lru.o
  CC      kernel/nsproxy.o
  CC      arch/x86/kernel/ebda.o
  CC      mm/workingset.o
  CC      arch/x86/kernel/platform-quirks.o
  CC      fs/attr.o
  CC      kernel/nstree.o
  CC      arch/x86/kernel/process_32.o
  CC      mm/debug.o
  CC      fs/bad_inode.o
  CC      arch/x86/kernel/signal.o
  CC      kernel/nscommon.o
  CC      fs/file.o
  CC      mm/gup.o
  CC      kernel/notifier.o
  CC      arch/x86/kernel/signal_32.o
  CC      kernel/ksysfs.o
  CC      fs/filesystems.o
  CC      arch/x86/kernel/traps.o
  CC      mm/mmap_lock.o
  CC      kernel/cred.o
  CC      fs/namespace.o
  CC      arch/x86/kernel/idt.o
  CC      mm/vma_init.o
  CC      kernel/reboot.o
  CC      mm/highmem.o
  CC      arch/x86/kernel/irq.o
  CC      kernel/async.o
  CC      mm/memory.o
  CC      kernel/range.o
  CC      kernel/smpboot.o
  CC      arch/x86/kernel/irq_32.o
  CC      fs/seq_file.o
  CC      kernel/ucount.o
  CC      arch/x86/kernel/dumpstack_32.o
  CC      kernel/regset.o
  CC      fs/xattr.o
  CC      arch/x86/kernel/time.o
  CC      kernel/ksyms_common.o
  CC      arch/x86/kernel/ioport.o
  CC      mm/mincore.o
  CC      kernel/sched/core.o
  CC      arch/x86/kernel/dumpstack.o
  CC      fs/libfs.o
  CC      mm/mlock.o
  CC      arch/x86/kernel/nmi.o
  CC      fs/fs-writeback.o
  CC      mm/mmap.o
  CC      arch/x86/kernel/setup.o
  CC      kernel/sched/fair.o
  CC      fs/pnode.o
  CC      arch/x86/kernel/x86_init.o
  CC      mm/mmu_gather.o
  CC      fs/splice.o
  CC      arch/x86/kernel/i8259.o
  CC      mm/mprotect.o
  CC      arch/x86/kernel/irqinit.o
  CC      kernel/sched/build_policy.o
  CC      fs/sync.o
  CC      mm/mremap.o
  CC      arch/x86/kernel/irq_work.o
  CC      fs/utimes.o
  CC      arch/x86/kernel/probe_roms.o
  CC      mm/msync.o
  CC      fs/d_path.o
  CC      arch/x86/kernel/sys_ia32.o
  CC      kernel/sched/build_utility.o
  CC      mm/page_vma_mapped.o
  CC      fs/stack.o
  CC      arch/x86/kernel/bootflag.o
  CC      mm/pagewalk.o
  CC      fs/fs_struct.o
  CC      arch/x86/kernel/e820.o
  CC      fs/statfs.o
  CC      mm/pgtable-generic.o
  AR      kernel/sched/built-in.a
  CC      kernel/locking/mutex.o
  CC      arch/x86/kernel/pci-dma.o
  CC      mm/rmap.o
  CC      fs/fs_pin.o
  CC      kernel/locking/semaphore.o
  CC      arch/x86/kernel/quirks.o
  CC      fs/nsfs.o
  CC      arch/x86/kernel/kdebugfs.o
  CC      kernel/locking/rwsem.o
  CC      mm/vmalloc.o
  CC      fs/fs_dirent.o
  CC      arch/x86/kernel/alternative.o
  CC      fs/fs_context.o
  CC      kernel/locking/percpu-rwsem.o
  CC      kernel/locking/rtmutex_api.o
  CC      fs/fs_parser.o
  CC      arch/x86/kernel/i8253.o
  CC      mm/vma.o
  CC      arch/x86/kernel/hw_breakpoint.o
  CC      kernel/locking/mutex-debug.o
  CC      fs/fsopen.o
  CC      kernel/locking/lockdep.o
  CC      arch/x86/kernel/tsc.o
  CC      fs/init.o
  CC      mm/vma_exec.o
  CC      arch/x86/kernel/tsc_msr.o
  CC      kernel/locking/lockdep_proc.o
  CC      fs/kernel_read_file.o
  CC      mm/page_alloc.o
  CC      arch/x86/kernel/io_delay.o
  CC      kernel/locking/spinlock.o
  CC      arch/x86/kernel/rtc.o
  CC      fs/mnt_idmapping.o
  CC      kernel/locking/spinlock_debug.o
  AR      kernel/locking/built-in.a
  CC      kernel/power/qos.o
  CC      arch/x86/kernel/resource.o
  CC      fs/remap_range.o
  AS      arch/x86/kernel/irqflags.o
  CC      arch/x86/kernel/static_call.o
  CC      arch/x86/kernel/process.o
  AR      kernel/power/built-in.a
  CC      mm/page_frag_cache.o
  CC      kernel/printk/printk.o
  CC      fs/pidfs.o
  CC      mm/init-mm.o
  CC      arch/x86/kernel/fpu/init.o
  CC      mm/memblock.o
  CC      fs/file_attr.o
  CC      arch/x86/kernel/fpu/bugs.o
  CC      arch/x86/kernel/fpu/core.o
  CC      kernel/printk/printk_safe.o
  CC      fs/fserror.o
  CC      kernel/printk/nbcon.o
  CC      mm/slub.o
  CC      arch/x86/kernel/fpu/regset.o
  CC      fs/nullfs.o
  CC      kernel/printk/printk_ringbuffer.o
  CC      arch/x86/kernel/fpu/signal.o
  CC      fs/proc_namespace.o
  CC      kernel/printk/sysctl.o
  CC      arch/x86/kernel/fpu/xstate.o
  CC      mm/dmapool.o
  AR      kernel/printk/built-in.a
  CC      kernel/irq/irqdesc.o
  AR      fs/notify/fanotify/built-in.a
  AR      fs/notify/built-in.a
  CC      fs/anon_inodes.o
  AR      arch/x86/kernel/fpu/built-in.a
  CC      arch/x86/kernel/ptrace.o
  CC      mm/early_ioremap.o
  CC      kernel/irq/handle.o
  CC      fs/binfmt_script.o
  CC      kernel/irq/manage.o
  CC      mm/damon/core.o
  CC      fs/binfmt_elf.o
  CC      arch/x86/kernel/tls.o
  CC      kernel/irq/spurious.o
  CC      fs/drop_caches.o
  CC      arch/x86/kernel/step.o
  CC      kernel/irq/resend.o
  CC      mm/damon/ops-common.o
  CC      arch/x86/kernel/i8237.o
  CC      fs/sysctls.o
  CC      kernel/irq/chip.o
  CC      fs/fhandle.o
  CC      arch/x86/kernel/stacktrace.o
  CC      mm/damon/vaddr.o
  CC      kernel/irq/dummychip.o
  CC      arch/x86/kernel/cpu/cacheinfo.o
  CC      fs/iomap/trace.o
  CC      mm/damon/paddr.o
  CC      kernel/irq/devres.o
  CC      fs/iomap/iter.o
  CC      arch/x86/kernel/cpu/scattered.o
  CC      kernel/irq/kexec.o
  CC      mm/damon/sysfs-common.o
  CC      arch/x86/kernel/cpu/topology_common.o
  CC      kernel/irq/autoprobe.o
  CC      fs/iomap/buffered-io.o
  CC      arch/x86/kernel/cpu/topology_ext.o
  CC      mm/damon/sysfs-schemes.o
  CC      kernel/irq/irqdomain.o
  CC      arch/x86/kernel/cpu/topology_amd.o
  CC      arch/x86/kernel/cpu/cpuid_parser.o
  CC      fs/iomap/direct-io.o
  CC      arch/x86/kernel/cpu/common.o
  CC      kernel/irq/proc.o
  CC      mm/damon/sysfs.o
  AR      kernel/irq/built-in.a
  CC      kernel/rcu/update.o
  CC      fs/iomap/ioend.o
  CC      arch/x86/kernel/cpu/rdrand.o
  CC      kernel/rcu/sync.o
  CC      mm/damon/modules-common.o
  CC      arch/x86/kernel/cpu/match.o
  CC      kernel/rcu/srcutree.o
  CC      fs/iomap/fiemap.o
  CC      arch/x86/kernel/cpu/bugs.o
  CC      mm/damon/lru_sort.o
  CC      fs/iomap/seek.o
  CC      kernel/rcu/tree.o
  AR      mm/damon/built-in.a
  CC      mm/madvise.o
  CC      fs/iomap/bio.o
  CC      arch/x86/kernel/cpu/aperfmperf.o
  CC      fs/iomap/swapfile.o
  CC      arch/x86/kernel/cpu/cpuid-deps.o
  CC      mm/page_io.o
  CC      arch/x86/kernel/cpu/cpuid_0x2_table.o
  AR      fs/iomap/built-in.a
  CC      fs/proc/task_mmu.o
  CC      arch/x86/kernel/cpu/umwait.o
  CC      kernel/rcu/rcu_segcblist.o
  CC      mm/swap_state.o
  AR      kernel/rcu/built-in.a
  CC      kernel/dma/mapping.o
  CC      arch/x86/kernel/cpu/capflags.o
  CC      arch/x86/kernel/cpu/powerflags.o
  CC      arch/x86/kernel/cpu/proc.o
  CC      fs/proc/inode.o
  CC      mm/swapfile.o
  CC      arch/x86/kernel/cpu/feat_ctl.o
  CC      kernel/dma/direct.o
  CC      fs/proc/root.o
  CC      arch/x86/kernel/cpu/intel.o
  CC      kernel/dma/remap.o
  CC      arch/x86/kernel/cpu/tsx.o
  CC      fs/proc/base.o
  AR      kernel/dma/built-in.a
  CC      kernel/entry/common.o
  CC      arch/x86/kernel/cpu/amd.o
  CC      mm/memtest.o
  CC      mm/page_ext.o
  CC      kernel/entry/syscall-common.o
  CC      arch/x86/kernel/cpu/hygon.o
  CC      fs/proc/generic.o
  CC      mm/execmem.o
  CC      arch/x86/kernel/cpu/cyrix.o
  CC      kernel/entry/syscall_user_dispatch.o
  CC      fs/proc/array.o
  AR      mm/built-in.a
  CC      ipc/util.o
  CC      arch/x86/kernel/cpu/centaur.o
  AR      kernel/entry/built-in.a
  CC      kernel/stacktrace.o
  CC      fs/proc/fd.o
  CC      arch/x86/kernel/cpu/transmeta.o
  CC      ipc/msgutil.o
  CC      kernel/time/time.o
  CC      arch/x86/kernel/cpu/zhaoxin.o
  CC      fs/proc/proc_tty.o
  CC      arch/x86/kernel/cpu/vortex.o
  CC      ipc/msg.o
  CC      fs/proc/cmdline.o
  CC      kernel/time/timer.o
  CC      arch/x86/kernel/cpu/mtrr/mtrr.o
  CC      fs/proc/consoles.o
  CC      arch/x86/kernel/cpu/mtrr/if.o
  CC      ipc/sem.o
  CC      kernel/time/hrtimer.o
  CC      fs/proc/cpuinfo.o
  CC      arch/x86/kernel/cpu/mtrr/generic.o
  CC      fs/proc/devices.o
  CC      kernel/time/sleep_timeout.o
  CC      ipc/shm.o
  CC      arch/x86/kernel/cpu/mtrr/cleanup.o
  CC      fs/proc/loadavg.o
  CC      kernel/time/timekeeping.o
  CC      fs/proc/meminfo.o
  CC      arch/x86/kernel/cpu/mtrr/amd.o
  CC      ipc/syscall.o
  CC      fs/proc/stat.o
  CC      arch/x86/kernel/cpu/mtrr/cyrix.o
  CC      kernel/time/ntp.o
  CC      ipc/ipc_sysctl.o
  CC      arch/x86/kernel/cpu/mtrr/centaur.o
  CC      fs/proc/uptime.o
  CC      kernel/time/clocksource.o
  AR      ipc/built-in.a
  CC      kernel/futex/core.o
  CC      fs/proc/util.o
  CC      arch/x86/kernel/cpu/mtrr/legacy.o
  AR      arch/x86/kernel/cpu/mtrr/built-in.a
  CC      arch/x86/kernel/cpu/microcode/core.o
  CC      kernel/time/jiffies.o
  CC      fs/proc/version.o
  CC      kernel/futex/syscalls.o
  CC      kernel/time/timer_list.o
  CC      arch/x86/kernel/cpu/microcode/intel.o
  CC      fs/proc/softirqs.o
  CC      kernel/time/timeconv.o
  CC      fs/proc/namespaces.o
  CC      kernel/futex/pi.o
  CC      arch/x86/kernel/cpu/microcode/amd.o
  CC      kernel/time/timecounter.o
  CC      kernel/time/alarmtimer.o
  CC      fs/proc/self.o
  CC      kernel/futex/requeue.o
  AR      arch/x86/kernel/cpu/microcode/built-in.a
  AR      arch/x86/kernel/cpu/built-in.a
  CC      arch/x86/kernel/reboot.o
  CC      kernel/time/clockevents.o
  CC      fs/proc/thread_self.o
  CC      kernel/futex/waitwake.o
  CC      kernel/time/tick-common.o
  CC      arch/x86/kernel/tsc_sync.o
  CC      fs/proc/proc_sysctl.o
  CC      arch/x86/kernel/apic/hw_nmi.o
  AR      kernel/futex/built-in.a
  CC      kernel/dma.o
  CC      kernel/time/vsyscall.o
  CC      kernel/up.o
  AR      arch/x86/kernel/apic/built-in.a
  CC      arch/x86/kernel/trace_clock.o
  CC      arch/x86/kernel/doublefault_32.o
  CC      kernel/cgroup/cgroup.o
  CC      kernel/time/posix-timers.o
  CC      fs/proc/proc_net.o
  CC      fs/proc/kmsg.o
  CC      arch/x86/kernel/perf_regs.o
  CC      kernel/time/posix-cpu-timers.o
  CC      fs/proc/page.o
  CC      arch/x86/kernel/ksysfs.o
  CC      kernel/time/posix-clock.o
  AR      fs/proc/built-in.a
  CC      fs/kernfs/mount.o
  CC      arch/x86/kernel/pcspeaker.o
  CC      kernel/cgroup/rstat.o
  CC      arch/x86/kernel/unwind_frame.o
  CC      kernel/time/itimer.o
  CC      fs/kernfs/inode.o
  CC      kernel/cgroup/namespace.o
  LDS     arch/x86/kernel/vmlinux.lds
  AR      arch/x86/kernel/built-in.a
  CC      arch/x86/mm/init.o
  AR      kernel/time/built-in.a
  UPD     kernel/config_data
  CC      kernel/relay.o
  CC      fs/kernfs/dir.o
  CC      kernel/cgroup/cgroup-v1.o
  CC      arch/x86/mm/init_32.o
  CC      fs/kernfs/file.o
  CC      kernel/utsname_sysctl.o
  CC      kernel/irq_work.o
  CC      kernel/cgroup/freezer.o
  CC      arch/x86/mm/fault.o
  CC      fs/kernfs/symlink.o
  CC      kernel/bpf/core.o
  AR      kernel/cgroup/built-in.a
  CC      kernel/static_call.o
  AR      fs/kernfs/built-in.a
  CC      fs/sysfs/file.o
  CC      arch/x86/mm/ioremap.o
  CC      kernel/events/core.o
  CC      fs/sysfs/dir.o
  CC      arch/x86/mm/extable.o
  CC      fs/sysfs/symlink.o
  CC      kernel/bpf/trampoline.o
  CC      arch/x86/mm/mmap.o
  CC      fs/sysfs/mount.o
  CC      arch/x86/mm/pgtable.o
  CC      fs/sysfs/group.o
  CC      kernel/bpf/dispatcher.o
  CC      arch/x86/mm/physaddr.o
  AR      fs/sysfs/built-in.a
  CC      fs/devpts/inode.o
  CC      arch/x86/mm/tlb.o
  AR      kernel/bpf/built-in.a
  CC      kernel/events/ring_buffer.o
  CC      kernel/events/callchain.o
  AR      fs/devpts/built-in.a
  CC      fs/netfs/buffered_read.o
  CC      arch/x86/mm/cpu_entry_area.o
  CC      fs/netfs/buffered_write.o
  CC      kernel/events/hw_breakpoint.o
  CC      arch/x86/mm/maccess.o
  CC      fs/netfs/direct_read.o
  CC      fs/netfs/direct_write.o
  CC      arch/x86/mm/pgprot.o
  AR      kernel/events/built-in.a
  CC      kernel/iomem.o
  CC      fs/netfs/iterator.o
  CC      arch/x86/mm/pat/set_memory.o
  CC      fs/netfs/locking.o
  CC      kernel/kallsyms.o
  CC      fs/netfs/main.o
  CC      fs/netfs/misc.o
  CC      arch/x86/mm/pat/memtype.o
  CC      fs/netfs/objects.o
  CC      kernel/hung_task.o
  CC      fs/netfs/read_collect.o
  CC      arch/x86/mm/pat/memtype_interval.o
  CC      fs/netfs/read_pgpriv2.o
  CC      kernel/context_tracking.o
  AR      arch/x86/mm/pat/built-in.a
  CC      arch/x86/mm/pgtable_32.o
  CC      fs/netfs/read_retry.o
  CC      fs/netfs/read_single.o
  GZIP    kernel/config_data.gz
  CC      kernel/configs.o
  CC      arch/x86/mm/iomap_32.o
  CC      fs/netfs/rolling_buffer.o
  CC      fs/netfs/write_collect.o
  AR      kernel/built-in.a
  CC      security/commoncap.o
  AR      arch/x86/mm/built-in.a
  CC      arch/x86/net/bpf_jit_comp32.o
  CC      security/min_addr.o
  CC      fs/netfs/write_issue.o
  CC      security/device_cgroup.o
  CC      fs/netfs/write_retry.o
  CC      arch/x86/virt/svm/cmdline.o
  AR      arch/x86/virt/svm/built-in.a
  AR      security/built-in.a
  AR      arch/x86/virt/built-in.a
  CC      block/partitions/core.o
  AR      crypto/built-in.a
  AR      fs/netfs/built-in.a
  CC      fs/ramfs/inode.o
  AR      arch/x86/net/built-in.a
  AR      arch/x86/built-in.a
  AS      arch/x86/lib/atomic64_cx8_32.o
  AS      arch/x86/lib/checksum_32.o
  CC      arch/x86/lib/cmdline.o
  CC      lib/argv_split.o
  AS      arch/x86/lib/cmpxchg8b_emu.o
  CC      arch/x86/lib/cpu.o
  CC      lib/buildid.o
  CC      arch/x86/lib/delay.o
  CC      block/partitions/msdos.o
  CC      fs/ramfs/file-mmu.o
  AS      arch/x86/lib/getuser.o
  CC      arch/x86/lib/inat.o
  CC      arch/x86/lib/insn-eval.o
  CC      lib/cmdline.o
  CC      lib/ctype.o
  CC      lib/dec_and_lock.o
  CC      block/partitions/efi.o
  AR      fs/ramfs/built-in.a
  CC      fs/exportfs/expfs.o
  CC      lib/decompress.o
  CC      lib/decompress_bunzip2.o
  CC      arch/x86/lib/insn.o
  CC      arch/x86/lib/memcpy_32.o
  AS      arch/x86/lib/memmove_32.o
  CC      arch/x86/lib/misc.o
  CC      arch/x86/lib/pc-conf-reg.o
  AR      fs/exportfs/built-in.a
  CC      fs/nls/nls_base.o
  AR      block/partitions/built-in.a
  CC      block/bdev.o
  AS      arch/x86/lib/putuser.o
  CC      lib/decompress_inflate.o
  CC      arch/x86/lib/string_32.o
  CC      arch/x86/lib/strstr_32.o
  CC      arch/x86/lib/usercopy.o
  CC      fs/nls/nls_cp857.o
  CC      arch/x86/lib/usercopy_32.o
  CC      lib/decompress_unlz4.o
  CC      fs/nls/nls_cp860.o
  CC      arch/x86/lib/msr.o
  CC      block/fops.o
  CC      lib/decompress_unlzma.o
  CC      fs/nls/nls_cp862.o
  AS      arch/x86/lib/msr-reg.o
  CC      arch/x86/lib/msr-reg-export.o
  CC      fs/nls/nls_iso8859-7.o
  AS      arch/x86/lib/hweight.o
  CC      lib/decompress_unlzo.o
  CC      arch/x86/lib/iomem.o
  CC      fs/nls/nls_iso8859-9.o
  CC      block/bio.o
  CC      arch/x86/lib/atomic64_32.o
  AR      arch/x86/lib/lib.a
  AR      arch/x86/lib/built-in.a
  CC      lib/decompress_unxz.o
  CC      drivers/bus/mhi/ep/main.o
  CC      fs/nls/nls_iso8859-15.o
  CC      lib/decompress_unzstd.o
  AR      fs/nls/built-in.a
  CC      fs/autofs/init.o
  CC      lib/dump_stack.o
  CC      block/elevator.o
  CC      drivers/bus/mhi/ep/mmio.o
  CC      fs/autofs/inode.o
  CC      lib/earlycpio.o
  CC      lib/extable.o
  CC      drivers/bus/mhi/ep/ring.o
  CC      block/blk-core.o
  CC      fs/autofs/root.o
  CC      lib/flex_proportions.o
  CC      lib/idr.o
  CC      drivers/bus/mhi/ep/sm.o
  CC      fs/autofs/symlink.o
  CC      lib/iomem_copy.o
  CC      lib/irq_regs.o
  CC      block/blk-sysfs.o
  AR      drivers/bus/mhi/ep/built-in.a
  AR      drivers/bus/mhi/built-in.a
  AR      drivers/bus/built-in.a
  CC      drivers/phy/phy-core.o
  CC      lib/is_single_threaded.o
  CC      fs/autofs/waitq.o
  CC      lib/klist.o
  CC      lib/kobject.o
  CC      block/blk-flush.o
  CC      drivers/phy/broadcom/phy-bcm-kona-usb2.o
  CC      fs/autofs/expire.o
  CC      lib/kobject_uevent.o
  CC      block/blk-settings.o
  AR      drivers/phy/broadcom/built-in.a
  AR      drivers/phy/marvell/built-in.a
  AR      drivers/phy/built-in.a
  CC      drivers/pwm/core.o
  CC      fs/autofs/dev-ioctl.o
  CC      lib/logic_pio.o
  CC      block/blk-ioc.o
  AR      drivers/pwm/built-in.a
  CC      drivers/leds/led-core.o
  AR      fs/autofs/built-in.a
  CC      fs/xfs/xfs_trace.o
  CC      lib/maple_tree.o
  CC      block/blk-map.o
  AR      drivers/leds/built-in.a
  CC      drivers/video/console/dummycon.o
  CC      fs/xfs/libxfs/xfs_group.o
  CC      drivers/video/console/vgacon.o
  CC      block/blk-merge.o
  CC      lib/memcat_p.o
  AR      drivers/video/console/built-in.a
  CC      lib/nmi_backtrace.o
  AR      drivers/video/built-in.a
  CC      fs/xfs/libxfs/xfs_ag.o
  CC      drivers/tty/tty_io.o
  CC      block/blk-timeout.o
  CC      lib/objpool.o
  CC      block/blk-lib.o
  CC      lib/plist.o
  CC      fs/xfs/libxfs/xfs_ag_resv.o
  CC      lib/radix-tree.o
  CC      drivers/tty/n_tty.o
  CC      block/blk-mq.o
  CC      lib/ratelimit.o
  CC      fs/xfs/libxfs/xfs_alloc.o
  CC      lib/rbtree.o
  CC      lib/seq_buf.o
  CC      drivers/tty/tty_ioctl.o
  CC      lib/siphash.o
  CC      lib/string.o
  CC      drivers/tty/tty_ldisc.o
  CC      fs/xfs/libxfs/xfs_alloc_btree.o
  CC      block/blk-mq-tag.o
  CC      lib/sys_info.o
  CC      drivers/tty/tty_buffer.o
  CC      lib/timerqueue.o
  CC      block/blk-mq-dma.o
  CC      lib/vsprintf.o
  CC      fs/xfs/libxfs/xfs_attr.o
  CC      drivers/tty/tty_port.o
  CC      block/blk-stat.o
  CC      drivers/tty/tty_mutex.o
  CC      fs/xfs/libxfs/xfs_attr_leaf.o
  CC      block/blk-mq-sysfs.o
  CC      drivers/tty/tty_ldsem.o
  CC      lib/win_minmax.o
  CC      lib/xarray.o
  CC      block/blk-mq-cpumap.o
  CC      drivers/tty/tty_baudrate.o
  CC      fs/xfs/libxfs/xfs_attr_remote.o
  CC      block/blk-mq-sched.o
  CC      lib/lockref.o
  CC      drivers/tty/tty_jobctrl.o
  CC      lib/bcd.o
  CC      lib/sort.o
  CC      lib/parser.o
  CC      drivers/tty/n_null.o
  CC      block/ioctl.o
  CC      fs/xfs/libxfs/xfs_bit.o
  CC      lib/debug_locks.o
  CC      lib/random32.o
  CC      drivers/tty/pty.o
  CC      lib/bust_spinlocks.o
  CC      fs/xfs/libxfs/xfs_bmap.o
  CC      block/genhd.o
  CC      lib/kasprintf.o
  CC      lib/bitmap.o
  CC      drivers/tty/vt/vt_ioctl.o
  CC      block/ioprio.o
  CC      lib/scatterlist.o
  CC      drivers/tty/vt/vc_screen.o
  CC      block/badblocks.o
  CC      lib/list_sort.o
  CC      lib/uuid.o
  CC      drivers/tty/vt/selection.o
  CC      lib/iov_iter.o
  CC      fs/xfs/libxfs/xfs_bmap_btree.o
  CC      block/blk-rq-qos.o
  CC      drivers/tty/vt/keyboard.o
  CC      block/disk-events.o
  CC      fs/xfs/libxfs/xfs_btree.o
  CC      lib/clz_ctz.o
  CC      lib/bsearch.o
  CC      block/blk-ia-ranges.o
  CC      drivers/tty/vt/vt.o
  CC      lib/find_bit.o
  CC      lib/llist.o
  CC      lib/lwq.o
  CC      block/early-lookup.o
  CC      lib/memweight.o
  CC      lib/kfifo.o
  CC      fs/xfs/libxfs/xfs_btree_staging.o
  CC      block/mq-deadline.o
  CC      lib/percpu-refcount.o
  CC      drivers/tty/vt/defkeymap.o
  CC      drivers/tty/vt/consolemap.o
  CC      lib/rhashtable.o
  CC      block/kyber-iosched.o
  CC      fs/xfs/libxfs/xfs_da_btree.o
  CC      drivers/tty/vt/consolemap_deftbl.o
  CC      drivers/tty/vt/ucs.o
  AR      drivers/tty/vt/built-in.a
  CC      drivers/tty/serial/serial_core.o
  AR      block/built-in.a
  CC      net/devres.o
  CC      lib/base64.o
  CC      lib/once.o
  CC      lib/refcount.o
  CC      fs/xfs/libxfs/xfs_defer.o
  CC      lib/rcuref.o
  CC      net/socket.o
  CC      lib/usercopy.o
  CC      drivers/tty/serial/serial_base_bus.o
  CC      lib/errseq.o
  CC      lib/bucket_locks.o
  CC      fs/xfs/libxfs/xfs_dir2.o
  CC      drivers/tty/serial/serial_ctrl.o
  CC      lib/generic-radix-tree.o
  CC      lib/bitmap-str.o
  CC      drivers/tty/serial/serial_port.o
  CC      fs/xfs/libxfs/xfs_dir2_block.o
  CC      lib/string_helpers.o
  CC      net/core/sock.o
  CC      drivers/tty/serial/earlycon.o
  CC      lib/hexdump.o
  CC      drivers/tty/serial/8250/8250_core.o
  CC      lib/kstrtox.o
  CC      fs/xfs/libxfs/xfs_dir2_data.o
  CC      lib/math/div64.o
  CC      lib/math/gcd.o
  CC      drivers/tty/serial/8250/8250_platform.o
  CC      lib/math/lcm.o
  CC      lib/math/int_log.o
  CC      lib/math/int_pow.o
  CC      fs/xfs/libxfs/xfs_dir2_leaf.o
  CC      lib/math/int_sqrt.o
  CC      lib/math/reciprocal_div.o
  CC      lib/math/cordic.o
  CC      drivers/tty/serial/8250/8250_port.o
  AR      lib/math/built-in.a
  CC      lib/crc/crc32-main.o
  CC      net/core/skbuff.o
  AR      lib/crc/built-in.a
  CC      lib/crypto/blake2s.o
  CC      fs/xfs/libxfs/xfs_dir2_node.o
  CC      lib/crypto/chacha-block-generic.o
  CC      lib/crypto/sha1.o
  CC      drivers/tty/serial/8250/8250_early.o
  CC      lib/crypto/sha256.o
  AR      drivers/tty/serial/8250/built-in.a
  CC      drivers/tty/serial/fsl_linflexuart.o
  CC      fs/xfs/libxfs/xfs_dir2_sf.o
  AR      lib/crypto/built-in.a
  CC      lib/vdso/datastore.o
  CC      drivers/tty/serial/max310x.o
  AR      lib/vdso/built-in.a
  CC      lib/iomap.o
  CC      fs/xfs/libxfs/xfs_dquot_buf.o
  CC      net/core/datagram.o
  CC      lib/iomap_copy.o
  CC      drivers/tty/serial/sc16is7xx.o
  CC      lib/devres.o
  CC      fs/xfs/libxfs/xfs_exchmaps.o
  CC      lib/list_debug.o
  CC      lib/bitrev.o
  CC      drivers/tty/serial/sc16is7xx_i2c.o
  CC      lib/xxhash.o
  CC      net/core/stream.o
  CC      lib/zlib_inflate/inffast.o
  CC      fs/xfs/libxfs/xfs_ialloc.o
  AR      drivers/tty/serial/built-in.a
  AR      drivers/tty/built-in.a
  CC      drivers/char/mem.o
  CC      lib/zlib_inflate/inflate.o
  CC      lib/zlib_inflate/infutil.o
  CC      net/core/scm.o
  CC      lib/zlib_inflate/inftrees.o
  CC      drivers/char/random.o
  CC      lib/zlib_inflate/inflate_syms.o
  AR      lib/zlib_inflate/built-in.a
  CC      lib/lzo/lzo1x_decompress_safe.o
  CC      fs/xfs/libxfs/xfs_ialloc_btree.o
  CC      net/core/gen_stats.o
  CC      lib/lzo/lzo1x_compress.o
  CC      drivers/char/misc.o
  CC      lib/lzo/lzo1x_compress_safe.o
  CC      fs/xfs/libxfs/xfs_iext_tree.o
  CC      net/core/gen_estimator.o
  AR      lib/lzo/built-in.a
  AR      drivers/char/built-in.a
  CC      lib/lz4/lz4_decompress.o
  CC      drivers/base/component.o
  CC      fs/xfs/libxfs/xfs_inode_fork.o
  CC      net/core/net_namespace.o
  CC      lib/lz4/lz4_compress.o
  CC      drivers/base/core.o
  CC      fs/xfs/libxfs/xfs_inode_buf.o
  CC      net/core/secure_seq.o
  CC      lib/lz4/lz4hc_compress.o
  CC      fs/xfs/libxfs/xfs_inode_util.o
  AR      lib/lz4/built-in.a
  CC      lib/zstd/zstd_decompress_module.o
  CC      net/core/flow_dissector.o
  CC      drivers/base/bus.o
  CC      lib/zstd/decompress/huf_decompress.o
  CC      fs/xfs/libxfs/xfs_log_rlimit.o
  CC      drivers/base/dd.o
  CC      lib/zstd/decompress/zstd_ddict.o
  CC      lib/zstd/decompress/zstd_decompress.o
  CC      fs/xfs/libxfs/xfs_metadir.o
  CC      drivers/base/syscore.o
  CC      net/core/sysctl_net_core.o
  CC      lib/zstd/decompress/zstd_decompress_block.o
  CC      fs/xfs/libxfs/xfs_metafile.o
  CC      drivers/base/driver.o
  CC      net/core/dev.o
  CC      drivers/base/class.o
  CC      fs/xfs/libxfs/xfs_parent.o
  CC      drivers/base/platform.o
  CC      lib/zstd/zstd_common_module.o
  CC      lib/zstd/common/debug.o
  CC      lib/zstd/common/entropy_common.o
  CC      fs/xfs/libxfs/xfs_rmap.o
  CC      lib/zstd/common/error_private.o
  CC      lib/zstd/common/fse_decompress.o
  CC      drivers/base/cpu.o
  CC      lib/zstd/common/zstd_common.o
  CC      lib/zstd/zstd_compress_module.o
  CC      drivers/base/firmware.o
  CC      lib/zstd/compress/fse_compress.o
  CC      drivers/base/init.o
  CC      lib/zstd/compress/hist.o
  CC      lib/zstd/compress/huf_compress.o
  CC      fs/xfs/libxfs/xfs_rmap_btree.o
  CC      drivers/base/map.o
  CC      lib/zstd/compress/zstd_compress.o
  CC      drivers/base/devres.o
  CC      fs/xfs/libxfs/xfs_refcount.o
  CC      drivers/base/attribute_container.o
  CC      net/core/dev_api.o
  CC      drivers/base/transport_class.o
  CC      lib/zstd/compress/zstd_compress_literals.o
  CC      lib/zstd/compress/zstd_compress_sequences.o
  CC      drivers/base/topology.o
  CC      net/core/dev_addr_lists.o
  CC      lib/zstd/compress/zstd_compress_superblock.o
  CC      lib/zstd/compress/zstd_double_fast.o
  CC      fs/xfs/libxfs/xfs_refcount_btree.o
  CC      drivers/base/container.o
  CC      drivers/base/property.o
  CC      net/core/dst.o
  CC      lib/zstd/compress/zstd_fast.o
  CC      fs/xfs/libxfs/xfs_rtrefcount_btree.o
  CC      drivers/base/cacheinfo.o
  CC      net/core/netevent.o
  CC      lib/zstd/compress/zstd_lazy.o
  CC      fs/xfs/libxfs/xfs_rtrmap_btree.o
  CC      drivers/base/swnode.o
  CC      net/core/neighbour.o
  CC      drivers/base/faux.o
  CC      fs/xfs/libxfs/xfs_sb.o
  CC      drivers/base/firmware_loader/builtin/main.o
  AR      drivers/base/firmware_loader/builtin/built-in.a
  AR      drivers/base/firmware_loader/built-in.a
  CC      drivers/base/regmap/regmap.o
  CC      fs/xfs/libxfs/xfs_symlink_remote.o
  CC      net/core/rtnetlink.o
  CC      drivers/base/regmap/regcache.o
  CC      fs/xfs/libxfs/xfs_trans_inode.o
  CC      drivers/base/regmap/regcache-rbtree.o
  CC      fs/xfs/libxfs/xfs_trans_resv.o
  CC      drivers/base/regmap/regcache-flat.o
  CC      drivers/base/regmap/regcache-maple.o
  CC      fs/xfs/libxfs/xfs_trans_space.o
  CC      drivers/base/regmap/regmap-i2c.o
  CC      net/core/utils.o
  CC      lib/zstd/compress/zstd_ldm.o
  CC      fs/xfs/libxfs/xfs_types.o
  CC      lib/zstd/compress/zstd_opt.o
  CC      drivers/base/regmap/regmap-irq.o
  CC      fs/xfs/libxfs/xfs_rtbitmap.o
  CC      net/core/link_watch.o
  CC      lib/zstd/compress/zstd_preSplit.o
  AR      lib/zstd/built-in.a
  CC      lib/xz/xz_dec_syms.o
  CC      drivers/base/regmap/regmap-spmi.o
  CC      lib/xz/xz_dec_stream.o
  AR      drivers/base/regmap/built-in.a
  CC      drivers/base/isa.o
  CC      fs/xfs/libxfs/xfs_rtgroup.o
  CC      lib/xz/xz_dec_lzma2.o
  CC      net/core/filter.o
  AR      drivers/base/built-in.a
  CC      drivers/misc/eeprom/at24.o
  CC      lib/xz/xz_dec_bcj.o
  CC      fs/xfs/libxfs/xfs_zones.o
  AR      lib/xz/built-in.a
  CC      lib/syscall.o
  CC      drivers/misc/eeprom/idt_89hpesx.o
  CC      lib/nlattr.o
  CC      fs/xfs/xfs_aops.o
  CC      drivers/misc/eeprom/m24lr.o
  CC      lib/dim/dim.o
  CC      fs/xfs/xfs_attr_inactive.o
  AR      drivers/misc/eeprom/built-in.a
  CC      drivers/misc/bh1770glc.o
  CC      lib/dim/net_dim.o
  CC      fs/xfs/xfs_attr_list.o
  CC      drivers/misc/ntsync.o
  CC      lib/dim/rdma_dim.o
  AR      lib/dim/built-in.a
  CC      lib/strncpy_from_user.o
  AR      drivers/misc/built-in.a
  CC      drivers/mfd/88pm800.o
  CC      lib/strnlen_user.o
  CC      net/core/sock_diag.o
  CC      fs/xfs/xfs_bmap_util.o
  CC      lib/net_utils.o
  CC      drivers/mfd/88pm80x.o
  CC      lib/group_cpus.o
  CC      fs/xfs/xfs_bio_io.o
  CC      net/core/dev_ioctl.o
  CC      lib/packing.o
  CC      drivers/mfd/tps6507x.o
  CC      lib/bch.o
  CC      fs/xfs/xfs_buf.o
  CC      drivers/mfd/mfd-core.o
  CC      net/core/tso.o
  CC      lib/dynamic_queue_limits.o
  CC      drivers/mfd/lp3943.o
  CC      fs/xfs/xfs_dahash_test.o
  CC      lib/stackdepot.o
  CC      net/core/sock_reuseport.o
  CC      drivers/mfd/tqmx86.o
  CC      fs/xfs/xfs_dir2_readdir.o
  CC      lib/ref_tracker.o
  CC      drivers/mfd/max7360.o
  CC      lib/sbitmap.o
  CC      net/core/fib_notifier.o
  CC      fs/xfs/xfs_discard.o
  CC      drivers/mfd/max77843.o
  TEST    lib/test_fortify/read_overflow-memchr.log
  CC      net/core/xdp.o
  TEST    lib/test_fortify/read_overflow-memchr_inv.log
  CC      drivers/mfd/max8907.o
  CC      fs/xfs/xfs_error.o
  TEST    lib/test_fortify/read_overflow-memcmp.log
  TEST    lib/test_fortify/read_overflow-memscan.log
  CC      drivers/mfd/mt6397-core.o
  CC      fs/xfs/xfs_exchrange.o
  TEST    lib/test_fortify/read_overflow2-memcmp.log
  CC      net/core/flow_offload.o
  CC      drivers/mfd/mt6397-irq.o
  TEST    lib/test_fortify/read_overflow2-memcpy.log
  TEST    lib/test_fortify/read_overflow2-memmove.log
  TEST    lib/test_fortify/read_overflow2_field-memcpy.log
  CC      fs/xfs/xfs_export.o
  CC      drivers/mfd/mt6358-irq.o
  TEST    lib/test_fortify/read_overflow2_field-memmove.log
  CC      net/core/gro.o
  TEST    lib/test_fortify/write_overflow-memcpy.log
  CC      drivers/mfd/rc5t583.o
  CC      fs/xfs/xfs_extent_busy.o
  TEST    lib/test_fortify/write_overflow-memmove.log
  TEST    lib/test_fortify/write_overflow-memset.log
  CC      drivers/mfd/rc5t583-irq.o
  TEST    lib/test_fortify/write_overflow-strcpy-lit.log
  CC      net/core/netdev-genl.o
  CC      fs/xfs/xfs_file.o
  TEST    lib/test_fortify/write_overflow-strcpy.log
  CC      drivers/mfd/rt5033.o
  TEST    lib/test_fortify/write_overflow-strscpy.log
  TEST    lib/test_fortify/write_overflow_field-memcpy.log
  CC      drivers/mfd/rt5120.o
  TEST    lib/test_fortify/write_overflow_field-memmove.log
  CC      net/core/netdev-genl-gen.o
  TEST    lib/test_fortify/write_overflow_field-memset.log
  AR      drivers/mfd/built-in.a
  AR      drivers/dax/built-in.a
  CC      fs/xfs/xfs_filestream.o
  CC      drivers/dma-buf/dma-buf.o
  CAT     lib/test_fortify/test_fortify.log
  AR      lib/lib.a
  AR      lib/built-in.a
  CC      drivers/dma-buf/dma-fence.o
  CC      net/core/netdev_work.o
  CC      drivers/dma-buf/dma-fence-array.o
  CC      fs/xfs/xfs_fsmap.o
  CC      drivers/dma-buf/dma-fence-chain.o
  CC      drivers/dma-buf/dma-fence-unwrap.o
  CC      net/core/gso.o
  CC      drivers/dma-buf/dma-resv.o
  CC      drivers/dma-buf/dma-buf-mapping.o
  CC      fs/xfs/xfs_fsops.o
  AR      drivers/scsi/built-in.a
  AR      drivers/mtd/parsers/built-in.a
  CC      drivers/mtd/chips/chipreg.o
  AR      drivers/dma-buf/built-in.a
  CC      drivers/spmi/spmi.o
  CC      net/core/net-sysfs.o
  AR      drivers/mtd/chips/built-in.a
  AR      drivers/mtd/lpddr/built-in.a
  AR      drivers/mtd/maps/built-in.a
  CC      drivers/mtd/devices/docg3.o
  CC      drivers/spmi/spmi-devres.o
  CC      fs/xfs/xfs_globals.o
  AR      drivers/spmi/built-in.a
  CC      drivers/mtd/devices/mtdram.o
  CC      net/core/hotdata.o
  CC      fs/xfs/xfs_handle.o
  CC      drivers/net/loopback.o
  AR      drivers/mtd/devices/built-in.a
  AR      drivers/mtd/nand/onenand/built-in.a
  AR      drivers/mtd/nand/raw/ingenic/built-in.a
  AR      drivers/mtd/nand/raw/built-in.a
  AR      drivers/mtd/nand/spi/built-in.a
  AR      drivers/mtd/nand/built-in.a
  AR      drivers/mtd/tests/built-in.a
  CC      drivers/mtd/ubi/vtbl.o
  CC      net/core/netdev_config.o
  CC      fs/xfs/xfs_health.o
  CC      drivers/mtd/ubi/vmt.o
  AR      drivers/net/built-in.a
  CC      net/core/netdev_rx_queue.o
  CC      net/core/netdev_queues.o
  CC      fs/xfs/xfs_healthmon.o
  CC      drivers/mtd/ubi/upd.o
  CC      net/core/net-procfs.o
  CC      drivers/mtd/ubi/build.o
  CC      drivers/mtd/ubi/cdev.o
  CC      fs/xfs/xfs_icache.o
  CC      drivers/mtd/ubi/kapi.o
  CC      drivers/mtd/ubi/eba.o
  CC      net/core/dst_cache.o
  CC      drivers/mtd/ubi/io.o
  CC      fs/xfs/xfs_ioctl.o
  CC      drivers/mtd/ubi/wl.o
  CC      net/core/gro_cells.o
  CC      drivers/mtd/ubi/attach.o
  CC      drivers/mtd/ubi/misc.o
  CC      fs/xfs/xfs_iomap.o
  CC      net/core/ptp_classifier.o
  CC      drivers/mtd/ubi/debug.o
  CC      drivers/mtd/ubi/gluebi.o
  CC      drivers/mtd/ubi/nvmem.o
  CC      net/core/netprio_cgroup.o
  CC      net/llc/llc_core.o
  CC      fs/xfs/xfs_iops.o
  AR      drivers/mtd/ubi/built-in.a
  CC      drivers/mtd/mtdcore.o
  CC      net/llc/llc_input.o
  CC      net/core/failover.o
  CC      fs/xfs/xfs_inode.o
  CC      drivers/mtd/mtdsuper.o
  CC      net/llc/llc_output.o
  CC      net/core/lock_debug.o
  CC      drivers/mtd/mtdconcat.o
  AR      net/llc/built-in.a
  CC      net/ethernet/eth.o
  AR      net/core/built-in.a
  CC      net/802/psnap.o
  CC      fs/xfs/xfs_itable.o
  CC      drivers/mtd/mtdpart.o
  CC      fs/xfs/xfs_iwalk.o
  CC      drivers/mtd/mtdchar.o
  CC      net/802/stp.o
  AR      net/ethernet/built-in.a
  CC      net/sched/sch_generic.o
  CC      drivers/mtd/mtdoops.o
  AR      net/802/built-in.a
  CC      net/netlink/af_netlink.o
  CC      fs/xfs/xfs_message.o
  AR      drivers/mtd/built-in.a
  CC      drivers/input/serio/serio.o
  CC      fs/xfs/xfs_mount.o
  CC      net/sched/sch_mq.o
  CC      drivers/input/serio/i8042.o
  CC      net/netlink/genetlink.o
  CC      net/sched/sch_frag.o
  CC      fs/xfs/xfs_mru_cache.o
  CC      drivers/input/serio/serport.o
  CC      drivers/input/serio/libps2.o
  CC      fs/xfs/xfs_pwork.o
  CC      net/netlink/policy.o
  AR      net/sched/built-in.a
  AR      drivers/input/serio/built-in.a
  CC      drivers/input/input.o
  CC      net/ethtool/ioctl.o
  CC      fs/xfs/xfs_reflink.o
  AR      net/netlink/built-in.a
  CC      net/ethtool/common.o
  CC      drivers/input/input-compat.o
  CC      fs/xfs/xfs_stats.o
  CC      drivers/input/input-mt.o
  CC      net/ethtool/netlink.o
  CC      net/ethtool/bitset.o
  CC      fs/xfs/xfs_super.o
  CC      drivers/input/input-poller.o
  CC      drivers/input/ff-core.o
  CC      net/ethtool/strset.o
  CC      net/ethtool/linkinfo.o
  CC      drivers/input/touchscreen.o
  CC      fs/xfs/xfs_symlink.o
  CC      drivers/input/touch-overlay.o
  CC      net/ethtool/linkmodes.o
  CC      net/ethtool/rss.o
  CC      drivers/input/vivaldi-fmap.o
  CC      fs/xfs/xfs_sysfs.o
  CC      drivers/input/keyboard/atkbd.o
  CC      net/ethtool/linkstate.o
  CC      fs/xfs/xfs_trans.o
  CC      net/ethtool/debug.o
  AR      drivers/input/keyboard/built-in.a
  CC      drivers/input/mouse/psmouse-base.o
  CC      net/ethtool/wol.o
  CC      drivers/input/mouse/synaptics.o
  CC      fs/xfs/xfs_verify_media.o
  CC      drivers/input/mouse/focaltech.o
  CC      drivers/input/mouse/alps.o
  CC      net/ethtool/features.o
  CC      drivers/input/mouse/byd.o
  CC      fs/xfs/xfs_xattr.o
  CC      drivers/input/mouse/logips2pp.o
  CC      fs/xfs/xfs_log.o
  CC      net/ethtool/privflags.o
  CC      drivers/input/mouse/trackpoint.o
  CC      net/ethtool/rings.o
  CC      drivers/input/mouse/cypress_ps2.o
  CC      drivers/input/mouse/psmouse-smbus.o
  CC      fs/xfs/xfs_log_cil.o
  CC      net/ethtool/channels.o
  CC      net/ethtool/coalesce.o
  AR      drivers/input/mouse/built-in.a
  CC      drivers/input/ff-memless.o
  CC      net/ethtool/pause.o
  AR      drivers/input/built-in.a
  CC      drivers/rtc/lib.o
  CC      fs/xfs/xfs_bmap_item.o
  CC      drivers/rtc/rtc-mc146818-lib.o
  CC      net/ethtool/eee.o
  AR      drivers/rtc/built-in.a
  CC      drivers/i2c/i2c-boardinfo.o
  CC      net/ethtool/tsinfo.o
  CC      fs/xfs/xfs_buf_item.o
  CC      drivers/i2c/i2c-core-base.o
  CC      net/ethtool/cabletest.o
  CC      fs/xfs/xfs_buf_item_recover.o
  CC      net/ethtool/tunnels.o
  CC      net/ethtool/fec.o
  CC      drivers/i2c/i2c-core-smbus.o
  CC      fs/xfs/xfs_dquot_item_recover.o
  CC      net/ethtool/eeprom.o
  CC      net/ethtool/stats.o
  AR      drivers/i2c/busses/built-in.a
  CC      drivers/i2c/i2c-mux.o
  CC      fs/xfs/xfs_exchmaps_item.o
  CC      net/ethtool/phc_vclocks.o
  AR      drivers/i2c/built-in.a
  CC      drivers/i3c/master/adi-i3c-master.o
  CC      fs/xfs/xfs_extfree_item.o
  CC      net/ethtool/mm.o
  CC      fs/xfs/xfs_attr_item.o
  AR      drivers/i3c/master/built-in.a
  CC      drivers/i3c/device.o
  CC      fs/xfs/xfs_icreate_item.o
  CC      net/ethtool/module.o
  CC      drivers/i3c/master.o
  CC      fs/xfs/xfs_inode_item.o
  CC      fs/xfs/xfs_inode_item_recover.o
  CC      net/ethtool/cmis_fw_update.o
  AR      drivers/i3c/built-in.a
  CC      fs/xfs/xfs_iunlink_item.o
  CC      net/ethtool/cmis_cdb.o
  CC      net/ethtool/pse-pd.o
  CC      drivers/pps/clients/pps-ldisc.o
  CC      fs/xfs/xfs_refcount_item.o
  AR      drivers/pps/clients/built-in.a
  CC      drivers/pps/pps.o
  CC      net/ethtool/plca.o
  CC      net/ethtool/phy.o
  CC      drivers/pps/kapi.o
  CC      fs/xfs/xfs_rmap_item.o
  CC      drivers/pps/sysfs.o
  CC      net/ethtool/tsconfig.o
  CC      net/ethtool/mse.o
  AR      drivers/pps/built-in.a
  CC      drivers/ptp/ptp_clock.o
  CC      fs/xfs/xfs_log_recover.o
  CC      drivers/ptp/ptp_chardev.o
  AR      net/ethtool/built-in.a
  CC      drivers/ptp/ptp_sysfs.o
  CC      net/ipv4/route.o
  CC      drivers/ptp/ptp_vclock.o
  CC      net/ipv4/inetpeer.o
  CC      fs/xfs/xfs_trans_ail.o
  AR      drivers/ptp/built-in.a
  AR      drivers/w1/masters/built-in.a
  CC      drivers/w1/slaves/w1_ds2408.o
  CC      drivers/w1/slaves/w1_ds2430.o
  CC      net/ipv4/protocol.o
  AR      drivers/w1/slaves/built-in.a
  CC      drivers/w1/w1.o
  CC      fs/xfs/xfs_trans_buf.o
  CC      net/ipv4/ip_input.o
  CC      net/ipv4/ip_fragment.o
  CC      drivers/w1/w1_int.o
  CC      fs/xfs/xfs_rtalloc.o
  CC      net/ipv4/ip_forward.o
  CC      net/ipv4/ip_options.o
  CC      drivers/w1/w1_family.o
  CC      fs/xfs/xfs_zone_alloc.o
  CC      drivers/w1/w1_netlink.o
  CC      net/ipv4/ip_output.o
  CC      net/ipv4/ip_sockglue.o
  CC      drivers/w1/w1_io.o
  CC      fs/xfs/xfs_zone_gc.o
  AR      drivers/w1/built-in.a
  AR      drivers/power/built-in.a
  CC      drivers/watchdog/watchdog_core.o
  CC      net/ipv4/inet_hashtables.o
  CC      net/ipv4/inet_timewait_sock.o
  CC      drivers/watchdog/watchdog_dev.o
  CC      fs/xfs/xfs_zone_info.o
  CC      drivers/watchdog/wdt.o
  CC      net/ipv4/inet_connection_sock.o
  CC      fs/xfs/xfs_zone_space_resv.o
  CC      drivers/watchdog/dw_wdt.o
  CC      drivers/cpufreq/cpufreq.o
  CC      drivers/watchdog/advantechwdt.o
  CC      fs/xfs/xfs_sysctl.o
  CC      drivers/watchdog/tqmx86_wdt.o
  CC      net/ipv4/tcp.o
  AR      fs/xfs/built-in.a
  CC      fs/f2fs/dir.o
  AR      drivers/watchdog/built-in.a
  CC      drivers/memstick/core/memstick.o
  CC      drivers/cpufreq/freq_table.o
  AR      drivers/memstick/core/built-in.a
  AR      drivers/memstick/host/built-in.a
  AR      drivers/memstick/built-in.a
  CC      drivers/cpufreq/cpufreq_performance.o
  CC      drivers/firmware/memmap.o
  CC      fs/f2fs/file.o
  CC      drivers/cpufreq/longrun.o
  AR      drivers/firmware/built-in.a
  CC      drivers/clocksource/i8253.o
  AR      drivers/cpufreq/built-in.a
  CC      drivers/hid/hid-core.o
  AR      drivers/clocksource/built-in.a
  AR      drivers/gpib/built-in.a
  AR      drivers/platform/mellanox/built-in.a
  AR      drivers/platform/built-in.a
  CC      drivers/virt/vmgenid.o
  CC      net/ipv4/tcp_input.o
  AR      drivers/virt/built-in.a
  CC      drivers/iio/accel/adxl345_core.o
  CC      drivers/hid/hid-input.o
  CC      drivers/iio/accel/adxl345_i2c.o
  CC      fs/f2fs/inode.o
  CC      drivers/iio/accel/bma220_core.o
  CC      drivers/hid/hid-quirks.o
  CC      fs/f2fs/namei.o
  CC      drivers/iio/accel/bma220_i2c.o
  CC      drivers/hid/hid-generic.o
  CC      net/ipv4/tcp_output.o
  CC      drivers/iio/accel/bma400_core.o
  CC      fs/f2fs/hash.o
  AR      drivers/hid/built-in.a
  CC      drivers/mcb/mcb-core.o
  CC      drivers/mcb/mcb-parse.o
  CC      fs/f2fs/super.o
  CC      drivers/iio/accel/bma400_i2c.o
  AR      drivers/mcb/built-in.a
  CC      drivers/nvmem/core.o
  CC      drivers/iio/accel/da311.o
  CC      drivers/nvmem/qcom-spmi-sdam.o
  CC      net/ipv4/tcp_timer.o
  CC      drivers/iio/accel/kxcjk-1013.o
  AR      drivers/nvmem/built-in.a
  CC      drivers/counter/counter-core.o
  CC      fs/f2fs/inline.o
  CC      drivers/counter/counter-sysfs.o
  CC      drivers/iio/accel/mxc4005.o
  CC      drivers/counter/counter-chrdev.o
  CC      net/ipv4/tcp_ipv4.o
  CC      fs/f2fs/checkpoint.o
  AR      drivers/iio/accel/built-in.a
  CC      drivers/iio/adc/qcom-spmi-iadc.o
  AR      drivers/counter/built-in.a
  AR      drivers/iio/addac/built-in.a
  CC      drivers/iio/afe/iio-rescale.o
  CC      drivers/iio/adc/qcom-spmi-vadc.o
  AR      drivers/iio/afe/built-in.a
  AR      drivers/iio/amplifiers/built-in.a
  CC      drivers/iio/buffer/industrialio-hw-consumer.o
  CC      drivers/iio/adc/qcom-vadc-common.o
  CC      drivers/iio/buffer/industrialio-triggered-buffer.o
  CC      fs/f2fs/gc.o
  CC      drivers/iio/adc/ti-ads1015.o
  CC      drivers/iio/buffer/kfifo_buf.o
  CC      net/ipv4/tcp_minisocks.o
  AR      drivers/iio/buffer/built-in.a
  AR      drivers/iio/cdc/built-in.a
  CC      drivers/iio/chemical/atlas-ezo-sensor.o
  CC      drivers/iio/adc/ti-ads7924.o
  CC      drivers/iio/chemical/bme680_core.o
  CC      fs/f2fs/data.o
  CC      drivers/iio/adc/xilinx-xadc-core.o
  CC      net/ipv4/tcp_cong.o
  CC      drivers/iio/chemical/bme680_i2c.o
  CC      drivers/iio/adc/xilinx-xadc-events.o
  AR      drivers/iio/adc/built-in.a
  AR      drivers/iio/common/cros_ec_sensors/built-in.a
  AR      drivers/iio/common/hid-sensors/built-in.a
  CC      drivers/iio/common/inv_sensors/inv_sensors_timestamp.o
  CC      drivers/iio/chemical/ccs811.o
  CC      net/ipv4/tcp_metrics.o
  AR      drivers/iio/common/inv_sensors/built-in.a
  AR      drivers/iio/common/ms_sensors/built-in.a
  AR      drivers/iio/common/scmi_sensors/built-in.a
  AR      drivers/iio/common/ssp_sensors/built-in.a
  CC      drivers/iio/common/st_sensors/st_sensors_i2c.o
  CC      fs/f2fs/node.o
  AR      drivers/iio/chemical/built-in.a
  CC      drivers/iio/common/st_sensors/st_sensors_core.o
  CC      drivers/iio/common/st_sensors/st_sensors_buffer.o
  CC      net/ipv4/tcp_fastopen.o
  CC      net/ipv4/tcp_recovery.o
  CC      drivers/iio/common/st_sensors/st_sensors_trigger.o
  CC      fs/f2fs/segment.o
  AR      drivers/iio/common/st_sensors/built-in.a
  AR      drivers/iio/common/built-in.a
  CC      drivers/iio/dac/ti-dac5571.o
  CC      net/ipv4/tcp_ulp.o
  CC      net/ipv4/tcp_offload.o
  AR      drivers/iio/dac/built-in.a
  AR      drivers/iio/dummy/built-in.a
  AR      drivers/iio/gyro/built-in.a
  AR      drivers/iio/filter/built-in.a
  AR      drivers/iio/frequency/built-in.a
  AR      drivers/iio/health/built-in.a
  CC      drivers/iio/humidity/hdc100x.o
  CC      drivers/iio/humidity/si7005.o
  CC      net/ipv4/tcp_plb.o
  CC      net/ipv4/datagram.o
  AR      drivers/iio/humidity/built-in.a
  AR      drivers/iio/imu/bmi160/built-in.a
  AR      drivers/iio/imu/bmi270/built-in.a
  AR      drivers/iio/imu/bmi323/built-in.a
  AR      drivers/iio/imu/bno055/built-in.a
  AR      drivers/iio/imu/inv_icm42600/built-in.a
  AR      drivers/iio/imu/inv_icm45600/built-in.a
  CC      drivers/iio/imu/inv_mpu6050/inv_mpu_core.o
  CC      fs/f2fs/recovery.o
  CC      drivers/iio/imu/inv_mpu6050/inv_mpu_ring.o
  CC      net/ipv4/raw.o
  CC      drivers/iio/imu/inv_mpu6050/inv_mpu_trigger.o
  CC      fs/f2fs/shrinker.o
  CC      drivers/iio/imu/inv_mpu6050/inv_mpu_aux.o
  CC      drivers/iio/imu/inv_mpu6050/inv_mpu_magn.o
  CC      fs/f2fs/extent_cache.o
  CC      net/ipv4/udp.o
  CC      net/ipv4/udp_offload.o
  CC      drivers/iio/imu/inv_mpu6050/inv_mpu_i2c.o
  CC      fs/f2fs/sysfs.o
  CC      drivers/iio/imu/inv_mpu6050/inv_mpu_acpi.o
  CC      net/ipv4/arp.o
  AR      drivers/iio/imu/inv_mpu6050/built-in.a
  CC      drivers/iio/imu/smi330/smi330_core.o
  CC      fs/f2fs/debug.o
  CC      drivers/iio/imu/smi330/smi330_i2c.o
  CC      net/ipv4/icmp.o
  CC      fs/f2fs/xattr.o
  AR      drivers/iio/imu/smi330/built-in.a
  AR      drivers/iio/imu/st_lsm6dsx/built-in.a
  AR      drivers/iio/imu/st_lsm9ds0/built-in.a
  AR      drivers/iio/imu/built-in.a
  CC      drivers/iio/light/adjd_s311.o
  CC      net/ipv4/devinet.o
  CC      drivers/iio/light/apds9306.o
  CC      fs/f2fs/acl.o
  CC      net/ipv4/af_inet.o
  CC      fs/f2fs/compress.o
  CC      drivers/iio/light/apds9960.o
  CC      net/ipv4/igmp.o
  CC      drivers/iio/light/bh1745.o
  CC      net/ipv4/fib_frontend.o
  CC      fs/f2fs/iostat.o
  CC      drivers/iio/light/cm3323.o
  CC      net/ipv4/fib_semantics.o
  AR      fs/f2fs/built-in.a
  CC      fs/buffer.o
  CC      drivers/iio/light/us5182d.o
  CC      net/ipv4/fib_trie.o
  CC      drivers/iio/light/vl6180.o
  CC      net/ipv4/fib_notifier.o
  CC      fs/mpage.o
  CC      net/ipv4/inet_fragment.o
  AR      drivers/iio/light/built-in.a
  AR      drivers/iio/magnetometer/built-in.a
  AR      drivers/iio/multiplexer/built-in.a
  AR      drivers/iio/orientation/built-in.a
  AR      drivers/iio/position/built-in.a
  AR      drivers/iio/potentiostat/built-in.a
  CC      drivers/iio/potentiometer/ad5272.o
  CC      drivers/iio/pressure/st_pressure_core.o
  CC      fs/posix_acl.o
  CC      drivers/iio/pressure/st_pressure_buffer.o
  CC      drivers/iio/potentiometer/max5432.o
  CC      net/ipv4/ping.o
  AR      fs/built-in.a
  CC      net/ipv4/ip_tunnel_core.o
  CC      drivers/iio/pressure/st_pressure_i2c.o
  AR      drivers/iio/potentiometer/built-in.a
  CC      drivers/iio/proximity/srf08.o
  CC      drivers/iio/pressure/zpa2326.o
  AR      drivers/iio/proximity/built-in.a
  AR      drivers/iio/resolver/built-in.a
  AR      drivers/iio/temperature/built-in.a
  AR      drivers/iio/test/built-in.a
  AR      drivers/iio/trigger/built-in.a
  CC      drivers/iio/industrialio-core.o
  CC      drivers/iio/industrialio-event.o
  CC      net/ipv4/gre_offload.o
  CC      drivers/iio/pressure/zpa2326_i2c.o
  CC      drivers/iio/inkern.o
  CC      drivers/iio/industrialio-buffer.o
  AR      drivers/iio/pressure/built-in.a
  CC      drivers/iio/industrialio-trigger.o
  CC      net/ipv4/metrics.o
  CC      drivers/iio/industrialio-gts-helper.o
  CC      net/ipv4/netlink.o
  CC      net/ipv4/nexthop.o
  AR      drivers/iio/built-in.a
  CC      drivers/dpll/zl3073x/chan.o
  CC      drivers/dpll/dpll_core.o
  CC      drivers/dpll/zl3073x/core.o
  CC      drivers/dpll/zl3073x/devlink.o
  CC      drivers/dpll/dpll_netlink.o
  CC      drivers/dpll/zl3073x/dpll.o
  CC      net/ipv4/udp_tunnel_stub.o
  CC      drivers/dpll/zl3073x/flash.o
  CC      drivers/dpll/dpll_nl.o
  CC      net/ipv4/ip_tunnel.o
  CC      drivers/dpll/zl3073x/fw.o
  CC      drivers/dpll/zl3073x/out.o
  CC      drivers/dpll/zl3073x/prop.o
  CC      drivers/dpll/zl3073x/ref.o
  CC      drivers/dpll/zl3073x/synth.o
  CC      net/ipv4/sysctl_net_ipv4.o
  CC      drivers/dpll/zl3073x/i2c.o
  CC      net/ipv4/proc.o
  CC      net/ipv4/tunnel4.o
  AR      drivers/dpll/zl3073x/built-in.a
  AR      drivers/dpll/built-in.a
  AR      drivers/built-in.a
  CC      net/ipv4/inet_diag.o
  CC      net/unix/af_unix.o
  CC      net/ipv4/tcp_diag.o
  CC      net/unix/garbage.o
  CC      net/ipv4/tcp_cubic.o
  CC      net/unix/sysctl_net_unix.o
  CC      net/unix/diag.o
  CC      net/ipv6/af_inet6.o
  AR      net/ipv4/built-in.a
  CC      net/bridge/br.o
  CC      net/bridge/br_device.o
  AR      net/unix/built-in.a
  CC      net/devlink/core.o
  CC      net/bridge/br_fdb.o
  CC      net/bridge/br_forward.o
  CC      net/ipv6/anycast.o
  CC      net/devlink/netlink.o
  CC      net/bridge/br_if.o
  CC      net/ipv6/ip6_output.o
  CC      net/bridge/br_input.o
  CC      net/devlink/netlink_gen.o
  CC      net/devlink/dev.o
  CC      net/bridge/br_ioctl.o
  CC      net/bridge/br_stp.o
  CC      net/ipv6/ip6_input.o
  CC      net/ipv6/addrconf.o
  CC      net/devlink/port.o
  CC      net/bridge/br_stp_bpdu.o
  CC      net/ipv6/addrlabel.o
  CC      net/devlink/sb.o
  CC      net/bridge/br_stp_if.o
  CC      net/ipv6/route.o
  CC      net/bridge/br_stp_timer.o
  CC      net/ipv6/ip6_fib.o
  CC      net/devlink/dpipe.o
  CC      net/bridge/br_netlink.o
  CC      net/devlink/resource.o
  CC      net/ipv6/ipv6_sockglue.o
  CC      net/devlink/param.o
  CC      net/bridge/br_netlink_tunnel.o
  CC      net/devlink/region.o
  CC      net/ipv6/ndisc.o
  CC      net/devlink/health.o
  CC      net/bridge/br_arp_nd_proxy.o
  CC      net/devlink/trap.o
  CC      net/devlink/rate.o
  CC      net/ipv6/udp.o
  CC      net/bridge/br_sysfs_if.o
  CC      net/devlink/linecard.o
  CC      net/devlink/sh_dev.o
  CC      net/bridge/br_sysfs_br.o
  CC      net/ipv6/raw.o
  CC      net/ipv6/icmp.o
  AR      net/devlink/built-in.a
  CC      net/phonet/pn_dev.o
  CC      net/bridge/br_multicast.o
  CC      net/ipv6/mcast.o
  CC      net/phonet/pn_netlink.o
  CC      net/ipv6/reassembly.o
  CC      net/phonet/socket.o
  CC      net/ipv6/tcp_ipv6.o
  CC      net/bridge/br_mdb.o
  CC      net/phonet/datagram.o
  CC      net/ipv6/ping.o
  CC      net/phonet/sysctl.o
  CC      net/ipv6/exthdrs.o
  CC      net/ipv6/datagram.o
  CC      net/bridge/br_multicast_eht.o
  CC      net/phonet/af_phonet.o
  CC      net/ipv6/ip6_flowlabel.o
  AR      net/bridge/built-in.a
  CC      net/ipv6/inet6_connection_sock.o
  CC      net/phonet/pep.o
  CC      net/ipv6/udp_offload.o
  CC      net/ipv6/seg6.o
  CC      net/ipv6/fib6_notifier.o
  CC      net/phonet/pep-gprs.o
  CC      net/ipv6/rpl.o
  CC      net/ipv6/ioam6.o
  CC      net/ipv6/sysctl_net_ipv6.o
  AR      net/phonet/built-in.a
  AR      net/wireless/built-in.a
  CC      net/9p/mod.o
  CC      net/ipv6/proc.o
  CC      net/9p/client.o
  CC      net/ipv6/sit.o
  CC      net/ipv6/addrconf_core.o
  CC      net/ipv6/exthdrs_core.o
  CC      net/9p/error.o
  CC      net/ipv6/ip6_checksum.o
  CC      net/9p/protocol.o
  CC      net/ipv6/ip6_icmp.o
  CC      net/ipv6/output_core.o
  CC      net/9p/trans_common.o
  CC      net/ipv6/protocol.o
  CC      net/ipv6/ip6_offload.o
  CC      net/9p/trans_fd.o
  CC      net/ipv6/exthdrs_offload.o
  CC      net/ipv6/inet6_hashtables.o
  AR      net/9p/built-in.a
  CC      net/sysctl_net.o
  CC      net/ipv6/mcast_snoop.o
  CC      net/nsh/nsh.o
  AR      net/nsh/built-in.a
  AR      net/ipv6/built-in.a
  AR      net/built-in.a
  AR      built-in.a
  AR      built-in-fixup.a
  COPY    vmlinux.a
  LD      vmlinux.o
  MODPOST vmlinux.symvers
  CC      .vmlinux.export.o
  UPD     include/generated/utsversion.h
  CC      init/version-timestamp.o
  KSYMS   .tmp_vmlinux0.kallsyms.S
  AS      .tmp_vmlinux0.kallsyms.o
  LD      .tmp_vmlinux1
  NM      .tmp_vmlinux1.syms
  KSYMS   .tmp_vmlinux1.kallsyms.S
  AS      .tmp_vmlinux1.kallsyms.o
  LD      .tmp_vmlinux2
  NM      .tmp_vmlinux2.syms
  KSYMS   .tmp_vmlinux2.kallsyms.S
  AS      .tmp_vmlinux2.kallsyms.o
  LD      vmlinux.unstripped
  NM      System.map
  SORTTAB vmlinux.unstripped
  OBJCOPY vmlinux
  GEN     modules.builtin.modinfo
  GEN     modules.builtin
  CC      arch/x86/boot/a20.o
  CC      arch/x86/boot/cmdline.o
  AS      arch/x86/boot/copy.o
  CC      arch/x86/boot/cpu.o
  CC      arch/x86/boot/cpuflags.o
  CC      arch/x86/boot/cpucheck.o
  CC      arch/x86/boot/early_serial_console.o
  CC      arch/x86/boot/edd.o
  CC      arch/x86/boot/main.o
  LDS     arch/x86/boot/compressed/vmlinux.lds
  AS      arch/x86/boot/compressed/head_32.o
  CC      arch/x86/boot/memory.o
  CC      arch/x86/boot/pm.o
  VOFFSET arch/x86/boot/compressed/../voffset.h
  AS      arch/x86/boot/pmjump.o
  CC      arch/x86/boot/printf.o
  CC      arch/x86/boot/regs.o
  CC      arch/x86/boot/string.o
  CC      arch/x86/boot/compressed/string.o
  CC      arch/x86/boot/tty.o
  CC      arch/x86/boot/compressed/cmdline.o
  CC      arch/x86/boot/compressed/error.o
  CC      arch/x86/boot/video.o
  CC      arch/x86/boot/video-mode.o
  CC      arch/x86/boot/version.o
  CC      arch/x86/boot/video-vga.o
  CC      arch/x86/boot/video-vesa.o
  CC      arch/x86/boot/video-bios.o
  OBJCOPY arch/x86/boot/compressed/vmlinux.bin
  CC      arch/x86/boot/compressed/cpuflags.o
  CC      arch/x86/boot/compressed/misc.o
  GZIP    arch/x86/boot/compressed/vmlinux.bin.gz
  MKPIGGY arch/x86/boot/compressed/piggy.S
  AS      arch/x86/boot/compressed/piggy.o
  LD      arch/x86/boot/compressed/vmlinux
  ZOFFSET arch/x86/boot/zoffset.h
  OBJCOPY arch/x86/boot/vmlinux.bin
  AS      arch/x86/boot/header.o
  LD      arch/x86/boot/setup.elf
  OBJCOPY arch/x86/boot/setup.bin
  BUILD   arch/x86/boot/bzImage
Kernel: arch/x86/boot/bzImage is ready  (#3)
make[5]: Leaving directory '/mnt/git-volume/kernel-test-mainline/build/rand500nsconfig-i386'
make[4]: Leaving directory '/mnt/git-volume/linux-mainline'
