make[4]: Entering directory '/mnt/git-volume/linux-mainline'
make[5]: Entering directory '/mnt/git-volume/kernel-test-mainline/build/rand500config-x86_64'
#
# configuration written to .config
#
Using .config as base
Merging /mnt/git-volume/linux-mainline/kernel/configs/tiny.config
Value of CONFIG_KERNEL_XZ is redefined by fragment /mnt/git-volume/linux-mainline/kernel/configs/tiny.config:
Previous value: # CONFIG_KERNEL_XZ is not set
New value: CONFIG_KERNEL_XZ=y

Value of CONFIG_CC_OPTIMIZE_FOR_SIZE is redefined by fragment /mnt/git-volume/linux-mainline/kernel/configs/tiny.config:
Previous value: # CONFIG_CC_OPTIMIZE_FOR_SIZE is not set
New value: CONFIG_CC_OPTIMIZE_FOR_SIZE=y

Value of CONFIG_SLUB_TINY is redefined by fragment /mnt/git-volume/linux-mainline/kernel/configs/tiny.config:
Previous value: # CONFIG_SLUB_TINY is not set
New value: CONFIG_SLUB_TINY=y

Merging /mnt/git-volume/linux-mainline/arch/x86/configs/tiny.config
Value of CONFIG_UNWINDER_GUESS is redefined by fragment /mnt/git-volume/linux-mainline/arch/x86/configs/tiny.config:
Previous value: # CONFIG_UNWINDER_GUESS is not set
New value: CONFIG_UNWINDER_GUESS=y

#
# merged configuration written to .config (needs make)
#
#
# configuration written to .config
#
make[5]: Leaving directory '/mnt/git-volume/kernel-test-mainline/build/rand500config-x86_64'
make[4]: Leaving directory '/mnt/git-volume/linux-mainline'
make[4]: Entering directory '/mnt/git-volume/linux-mainline'
make[5]: Entering directory '/tmp/tmp.kVfdLJheVB'
  UPD     /tmp/tmp.kVfdLJheVB/Makefile
  HOSTCC  scripts/basic/fixdep
  HOSTCC  scripts/kconfig/conf.o
  HOSTCC  scripts/kconfig/confdata.o
  HOSTCC  scripts/kconfig/expr.o
  LEX     scripts/kconfig/lexer.lex.c
  YACC    scripts/kconfig/parser.tab.[ch]
  HOSTCC  scripts/kconfig/lexer.lex.o
  HOSTCC  scripts/kconfig/menu.o
  HOSTCC  scripts/kconfig/parser.tab.o
  HOSTCC  scripts/kconfig/preprocess.o
  HOSTCC  scripts/kconfig/symbol.o
  HOSTCC  scripts/kconfig/util.o
  HOSTLD  scripts/kconfig/conf
KCONFIG_SEED=0xED637BDC
#
# configuration written to .config
#
make[5]: Leaving directory '/tmp/tmp.kVfdLJheVB'
make[4]: Leaving directory '/mnt/git-volume/linux-mainline'
make[4]: Entering directory '/mnt/git-volume/linux-mainline'
make[5]: Entering directory '/tmp/tmp.kVfdLJheVB'
.config:7475:warning: override: reassigning to symbol PRINTK
.config:7479:warning: override: reassigning to symbol TTY
.config:7482:warning: override: reassigning to symbol BLK_DEV_INITRD
.config:7483:warning: override: reassigning to symbol RD_GZIP
.config:7486:warning: override: reassigning to symbol BINFMT_ELF
.config:7487:warning: override: reassigning to symbol BINFMT_SCRIPT
.config:7490:warning: override: reassigning to symbol TMPFS
.config:7493:warning: override: reassigning to symbol KERNEL_GZIP
.config:7499:warning: override: reassigning to symbol KERNEL_BZIP2
.config:7500:warning: override: reassigning to symbol KERNEL_LZMA
.config:7501:warning: override: reassigning to symbol KERNEL_XZ
.config:7502:warning: override: reassigning to symbol KERNEL_LZO
.config:7503:warning: override: reassigning to symbol KERNEL_LZ4
.config:7504:warning: override: reassigning to symbol KERNEL_ZSTD
.config:7507:warning: override: reassigning to symbol MODULES
.config:7510:warning: override: reassigning to symbol DRM
.config:7511:warning: override: reassigning to symbol SOUND
.config:7512:warning: override: reassigning to symbol STAGING
.config:7513:warning: override: reassigning to symbol INFINIBAND
.config:7514:warning: override: reassigning to symbol MEDIA_SUPPORT
.config:7520:warning: override: reassigning to symbol KCOV
.config:7521:warning: override: reassigning to symbol KASAN
.config:7524:warning: override: reassigning to symbol KFENCE
.config:7525:warning: override: reassigning to symbol UBSAN
.config:7530:warning: override: reassigning to symbol RCU_TORTURE_TEST
.config:7531:warning: override: reassigning to symbol LOCK_TORTURE_TEST
.config:7538:warning: override: reassigning to symbol KUNIT
#
# configuration written to .config
#
make[5]: Leaving directory '/tmp/tmp.kVfdLJheVB'
make[4]: Leaving directory '/mnt/git-volume/linux-mainline'
make[4]: Entering directory '/mnt/git-volume/linux-mainline'
make[5]: Entering directory '/mnt/git-volume/kernel-test-mainline/build/rand500config-x86_64'
.config:1437:warning: override: reassigning to symbol HAVE_ALIGNED_STRUCT_PAGE
.config:1438:warning: override: reassigning to symbol ARCH_SPARSEMEM_DEFAULT
.config:1439:warning: override: reassigning to symbol CC_NO_ARRAY_BOUNDS
.config:1440:warning: override: reassigning to symbol NET
.config:1444:warning: override: reassigning to symbol PREEMPT
.config:1448:warning: override: reassigning to symbol MEMFD_CREATE
.config:1452:warning: override: reassigning to symbol ARCH_HAS_PREEMPT_LAZY
.config:1455:warning: override: reassigning to symbol CRYPTO_LIB_SHA256_ARCH
.config:1460:warning: override: reassigning to symbol ARCH_ENABLE_MEMORY_HOTPLUG
.config:1461:warning: override: reassigning to symbol DEBUG_VM
.config:1464:warning: override: reassigning to symbol HAVE_USER_RETURN_NOTIFIER
.config:1465:warning: override: reassigning to symbol ARCH_MIGHT_HAVE_PC_SERIO
.config:1470:warning: override: reassigning to symbol X86_REQUIRED_FEATURE_FXSR
.config:1475:warning: override: reassigning to symbol HAVE_CONTEXT_TRACKING_USER_OFFSTACK
.config:1490:warning: override: reassigning to symbol GENERIC_IRQ_SHOW
.config:1508:warning: override: reassigning to symbol LD_IS_BFD
.config:1513:warning: override: reassigning to symbol ARCH_WANTS_THP_SWAP
.config:1515:warning: override: reassigning to symbol PHY_PXA_28NM_USB2
.config:1523:warning: override: reassigning to symbol ARCH_SUPPORTS_RT
.config:1526:warning: override: reassigning to symbol DEVPORT
.config:1533:warning: override: reassigning to symbol GENERIC_IRQ_PROBE
.config:1542:warning: override: reassigning to symbol CPU_SUP_INTEL
.config:1561:warning: override: reassigning to symbol TEE
.config:1562:warning: override: reassigning to symbol DEBUG_WQ_FORCE_RR_CPU
.config:1572:warning: override: reassigning to symbol SECTION_MISMATCH_WARN_ONLY
.config:1575:warning: override: reassigning to symbol X86_DISABLED_FEATURE_UNRET
.config:1601:warning: override: reassigning to symbol SYSCTL_EXCEPTION_TRACE
.config:1604:warning: override: reassigning to symbol ARCH_HAS_CPU_CACHE_INVALIDATE_MEMREGION
.config:1605:warning: override: reassigning to symbol PAGE_SIZE_4KB
.config:1606:warning: override: reassigning to symbol RPMB
.config:1607:warning: override: reassigning to symbol HAVE_STATIC_CALL
.config:1614:warning: override: reassigning to symbol DMA_NEED_SYNC
.config:1621:warning: override: reassigning to symbol LD_CAN_USE_KEEP_IN_OVERLAY
.config:1626:warning: override: reassigning to symbol EDD
.config:1629:warning: override: reassigning to symbol HAS_IOPORT_MAP
.config:1636:warning: override: reassigning to symbol FIX_EARLYCON_MEM
.config:1638:warning: override: reassigning to symbol CC_HAS_WORKING_NOSANITIZE_ADDRESS
.config:1643:warning: override: reassigning to symbol IKCONFIG
.config:1644:warning: override: reassigning to symbol IOMMU_SUPPORT
.config:1651:warning: override: reassigning to symbol DEBUG_SPINLOCK
.config:1656:warning: override: reassigning to symbol NMI_CHECK_CPU
.config:1661:warning: override: reassigning to symbol ARCH_HAS_MEM_ENCRYPT
.config:1664:warning: override: reassigning to symbol ARCH_SUPPORTS_KEXEC_BZIMAGE_VERIFY_SIG
.config:1668:warning: override: reassigning to symbol MTD
.config:1671:warning: override: reassigning to symbol X86_DISABLED_FEATURE_PTI
.config:1679:warning: override: reassigning to symbol STATIC_CALL_SELFTEST
.config:1681:warning: override: reassigning to symbol EXPERT
.config:1691:warning: override: reassigning to symbol X86_REQUIRED_FEATURE_MSR
.config:1692:warning: override: reassigning to symbol HAVE_IOREMAP_PROT
.config:1695:warning: override: reassigning to symbol ARCH_HAS_UACCESS_FLUSHCACHE
.config:1697:warning: override: reassigning to symbol ARCH_WANT_LD_ORPHAN_WARN
.config:1725:warning: override: reassigning to symbol 64BIT
.config:1726:warning: override: reassigning to symbol CC_HAS_INT128
.config:1741:warning: override: reassigning to symbol HAVE_OBJTOOL
.config:1750:warning: override: reassigning to symbol KEXEC
.config:1752:warning: override: reassigning to symbol GPIOLIB_LEGACY
.config:1754:warning: override: reassigning to symbol ARCH_HAS_NMI_SAFE_THIS_CPU_OPS
.config:1757:warning: override: reassigning to symbol BASE_SMALL
.config:1762:warning: override: reassigning to symbol NEED_PER_CPU_EMBED_FIRST_CHUNK
.config:1764:warning: override: reassigning to symbol HAVE_ARCH_WITHIN_STACK_FRAMES
.config:1771:warning: override: reassigning to symbol CC_NO_STRINGOP_OVERFLOW
.config:1772:warning: override: reassigning to symbol HAVE_ARCH_PREL32_RELOCATIONS
.config:1774:warning: override: reassigning to symbol HAVE_DYNAMIC_FTRACE_WITH_REGS
.config:1781:warning: override: reassigning to symbol ARCH_HAS_KERNEL_FPU_SUPPORT
.config:1783:warning: override: reassigning to symbol PAGE_EXTENSION
.config:1785:warning: override: reassigning to symbol PM_DEVFREQ
.config:1786:warning: override: reassigning to symbol TRACING_SUPPORT
.config:1794:warning: override: reassigning to symbol DCACHE_WORD_ACCESS
.config:1797:warning: override: reassigning to symbol MEMORY_HOTPLUG
.config:1805:warning: override: reassigning to symbol BUG
.config:1812:warning: override: reassigning to symbol HAVE_BUILDTIME_MCOUNT_SORT
.config:1824:warning: override: reassigning to symbol MHI_BUS
.config:1830:warning: override: reassigning to symbol RELAY
.config:1834:warning: override: reassigning to symbol X86_64
.config:1844:warning: override: reassigning to symbol HAVE_STACKPROTECTOR
.config:1845:warning: override: reassigning to symbol X86_DISABLED_FEATURE_ENQCMD
.config:1855:warning: override: reassigning to symbol ARCH_SUPPORTS_ATOMIC_RMW
.config:1858:warning: override: reassigning to symbol HAVE_FTRACE_REGS_HAVING_PT_REGS
.config:1871:warning: override: reassigning to symbol HPET_TIMER
.config:1874:warning: override: reassigning to symbol DEVMEM
.config:1880:warning: override: reassigning to symbol ARCH_SUPPORTS_PAGE_TABLE_CHECK
.config:1889:warning: override: reassigning to symbol SOFTIRQ_ON_OWN_STACK
.config:1892:warning: override: reassigning to symbol IA32_FEAT_CTL
.config:1901:warning: override: reassigning to symbol HAVE_ARCH_AUDITSYSCALL
.config:1904:warning: override: reassigning to symbol MFD_SM501
.config:1907:warning: override: reassigning to symbol ARCH_WANT_OPTIMIZE_HUGETLB_VMEMMAP
.config:1910:warning: override: reassigning to symbol ARCH_WANT_OPTIMIZE_DAX_VMEMMAP
.config:1913:warning: override: reassigning to symbol NVRAM
.config:1934:warning: override: reassigning to symbol ARCH_HAS_DEBUG_VM_PGTABLE
.config:1948:warning: override: reassigning to symbol PRINTK
.config:1952:warning: override: reassigning to symbol TTY
.config:1955:warning: override: reassigning to symbol BLK_DEV_INITRD
.config:1959:warning: override: reassigning to symbol BINFMT_ELF
.config:1960:warning: override: reassigning to symbol BINFMT_SCRIPT
.config:1966:warning: override: reassigning to symbol KERNEL_GZIP
#
# configuration written to .config
#
make[5]: Leaving directory '/mnt/git-volume/kernel-test-mainline/build/rand500config-x86_64'
make[4]: Leaving directory '/mnt/git-volume/linux-mainline'
make[4]: Entering directory '/mnt/git-volume/linux-mainline'
make[5]: Entering directory '/mnt/git-volume/kernel-test-mainline/build/rand500config-x86_64'
  SYNC    include/config/auto.conf.cmd
  UPD     arch/x86/include/generated/asm/cpufeaturemasks.h
  HOSTCC  scripts/sorttable.o
  HOSTCC  scripts/asn1_compiler
  DESCEND objtool
  HOSTLD  scripts/sorttable
  CC      scripts/mod/empty.o
  CC      scripts/mod/devicetable-offsets.s
  MKELF   scripts/mod/elfconfig.h
  HOSTCC  scripts/mod/modpost.o
  HOSTCC  scripts/mod/sumversion.o
  HOSTCC  scripts/mod/symsearch.o
  HOSTCC  scripts/mod/file2alias.o
  HOSTLD  scripts/mod/modpost
  CC      kernel/bounds.s
  UPD     include/generated/bounds.h
  CC      arch/x86/kernel/asm-offsets.s
  UPD     include/generated/asm-offsets.h
  CC      kernel/sched/rq-offsets.s
  UPD     include/generated/rq-offsets.h
  CALL    /mnt/git-volume/linux-mainline/scripts/checksyscalls.sh 
  GEN     usr/initramfs_data.cpio
  AS      arch/x86/boot/startup/la57toggle.o
  CC      init/main.o
  CC      arch/x86/boot/startup/gdt_idt.o
  COPY    usr/initramfs_inc_data
  AS      usr/initramfs_data.o
  AR      usr/built-in.a
  CC      kernel/fork.o
  CC      arch/x86/boot/startup/map_kernel.o
  CC      mm/filemap.o
  AR      arch/x86/boot/startup/lib.a
  OBJCOPY arch/x86/boot/startup/gdt_idt.pi.o
  OBJCOPY arch/x86/boot/startup/map_kernel.pi.o
  AR      arch/x86/boot/startup/built-in.a
  AS      arch/x86/entry/entry.o
  AS      arch/x86/entry/entry_64.o
  CC      arch/x86/entry/syscall_64.o
  UPD     init/utsversion-tmp.h
  CC      init/do_mounts.o
  CC      kernel/exec_domain.o
  CC      arch/x86/entry/common.o
  CC      mm/mempool.o
  CC      kernel/exec_state.o
  CC      arch/x86/entry/vdso/vma.o
  CC      init/do_mounts_initrd.o
  CC      mm/oom_kill.o
  CC      kernel/panic.o
  CC      arch/x86/entry/vdso/extable.o
  CC      init/initramfs.o
  CC      kernel/cpu.o
  CC      mm/fadvise.o
  LDS     arch/x86/entry/vdso/vdso64/vdso64.lds
  AS      arch/x86/entry/vdso/vdso64/note.o
  CC      arch/x86/entry/vdso/vdso64/vclock_gettime.o
  CC      init/calibrate.o
  CC      kernel/exit.o
  CC      mm/maccess.o
  CC      arch/x86/entry/vdso/vdso64/vgetcpu.o
  CC      init/init_task.o
  CC      arch/x86/entry/vdso/vdso64/vgetrandom.o
  AS      arch/x86/entry/vdso/vdso64/vgetrandom-chacha.o
  VDSO    arch/x86/entry/vdso/vdso64/vdso64.so.dbg
  OBJCOPY arch/x86/entry/vdso/vdso64/vdso64.so
  VDSO2C  arch/x86/entry/vdso/vdso64/vdso64-image.c
  CC      arch/x86/entry/vdso/vdso64/vdso64-image.o
  AR      arch/x86/entry/vdso/vdso64/built-in.a
  AR      arch/x86/entry/vdso/built-in.a
  AS      arch/x86/entry/thunk.o
  AR      arch/x86/entry/built-in.a
  CC      arch/x86/events/core.o
  CC      mm/page-writeback.o
  CC      init/version.o
  CC      kernel/softirq.o
  AR      init/built-in.a
  CC      fs/open.o
  CC      mm/folio-compat.o
  CC      kernel/resource.o
  CC      arch/x86/events/probe.o
  CC      arch/x86/events/utils.o
  CC      fs/read_write.o
  CC      mm/readahead.o
  CC      kernel/sysctl.o
  CC      arch/x86/events/amd/core.o
  CC      mm/swap.o
  CC      kernel/capability.o
  CC      fs/file_table.o
  CC      arch/x86/events/amd/lbr.o
  CC      kernel/ptrace.o
  CC      fs/super.o
  CC      mm/truncate.o
  CC      arch/x86/events/amd/ibs.o
  CC      kernel/user.o
  CC      fs/char_dev.o
  CC      mm/vmscan.o
  CC      kernel/signal.o
  AR      arch/x86/events/amd/built-in.a
  CC      arch/x86/events/msr.o
  CC      fs/stat.o
  CC      arch/x86/events/intel/core.o
  CC      mm/shrinker.o
  CC      kernel/sys.o
  CC      fs/exec.o
  CC      mm/shmem.o
  CC      mm/util.o
  CC      kernel/umh.o
  CC      fs/pipe.o
  CC      kernel/workqueue.o
  CC      mm/mmzone.o
  CC      arch/x86/events/intel/bts.o
  CC      fs/namei.o
  CC      mm/vmstat.o
  CC      arch/x86/events/intel/ds.o
  CC      mm/backing-dev.o
  CC      kernel/pid.o
  CC      mm/mm_init.o
  CC      fs/fcntl.o
  CC      arch/x86/events/intel/knc.o
  CC      kernel/task_work.o
  CC      fs/ioctl.o
  CC      mm/percpu.o
  CC      kernel/extable.o
  CC      arch/x86/events/intel/lbr.o
  CC      fs/readdir.o
  CC      kernel/params.o
  CC      mm/slab_common.o
  CC      arch/x86/events/intel/p4.o
  CC      fs/select.o
  CC      kernel/kthread.o
  CC      mm/compaction.o
  CC      arch/x86/events/intel/p6.o
  CC      mm/show_mem.o
  CC      kernel/sys_ni.o
  CC      arch/x86/events/intel/pt.o
  CC      kernel/nsproxy.o
  CC      fs/dcache.o
  CC      mm/interval_tree.o
  CC      kernel/nstree.o
  AR      arch/x86/events/intel/built-in.a
  CC      arch/x86/events/zhaoxin/core.o
  CC      mm/list_lru.o
  CC      fs/inode.o
  CC      kernel/nscommon.o
  AR      arch/x86/events/zhaoxin/built-in.a
  AR      arch/x86/events/built-in.a
  CC      arch/x86/realmode/init.o
  CC      mm/workingset.o
  CC      kernel/notifier.o
  CC      fs/attr.o
  AS      arch/x86/realmode/rm/header.o
  AS      arch/x86/realmode/rm/trampoline_64.o
  AS      arch/x86/realmode/rm/stack.o
  AS      arch/x86/realmode/rm/reboot.o
  PASYMS  arch/x86/realmode/rm/pasyms.h
  LDS     arch/x86/realmode/rm/realmode.lds
  LD      arch/x86/realmode/rm/realmode.elf
  RELOCS  arch/x86/realmode/rm/realmode.relocs
  OBJCOPY arch/x86/realmode/rm/realmode.bin
  AS      arch/x86/realmode/rmpiggy.o
  AR      arch/x86/realmode/built-in.a
  CC      mm/debug.o
  CC      kernel/ksysfs.o
  AS      arch/x86/kernel/head_64.o
  CC      arch/x86/kernel/head64.o
  CC      fs/bad_inode.o
  CC      kernel/cred.o
  CC      mm/gup.o
  CC      arch/x86/kernel/ebda.o
  CC      fs/file.o
  CC      arch/x86/kernel/platform-quirks.o
  CC      kernel/reboot.o
  CC      arch/x86/kernel/process_64.o
  CC      mm/mmap_lock.o
  CC      fs/filesystems.o
  CC      kernel/async.o
  CC      arch/x86/kernel/signal.o
  CC      mm/vma_init.o
  CC      kernel/range.o
  CC      fs/namespace.o
  CC      kernel/smpboot.o
  CC      kernel/ucount.o
  CC      arch/x86/kernel/signal_64.o
  CC      mm/highmem.o
  CC      kernel/regset.o
  CC      mm/memory.o
  CC      arch/x86/kernel/traps.o
  CC      kernel/ksyms_common.o
  CC      fs/seq_file.o
  CC      kernel/sched/core.o
  CC      arch/x86/kernel/idt.o
  CC      fs/xattr.o
  CC      arch/x86/kernel/irq.o
  CC      mm/mincore.o
  CC      fs/libfs.o
  CC      kernel/sched/fair.o
  CC      arch/x86/kernel/irq_64.o
  CC      mm/mlock.o
  CC      arch/x86/kernel/dumpstack_64.o
  CC      fs/fs-writeback.o
  CC      arch/x86/kernel/time.o
  CC      mm/mmap.o
  CC      fs/pnode.o
  CC      kernel/sched/build_policy.o
  CC      arch/x86/kernel/ioport.o
  CC      fs/splice.o
  CC      mm/mmu_gather.o
  CC      arch/x86/kernel/dumpstack.o
  CC      arch/x86/kernel/nmi.o
  CC      mm/mprotect.o
  CC      fs/sync.o
  CC      kernel/sched/build_utility.o
  CC      arch/x86/kernel/setup.o
  CC      fs/utimes.o
  CC      mm/mremap.o
  CC      arch/x86/kernel/x86_init.o
  CC      fs/d_path.o
  AR      kernel/sched/built-in.a
  CC      mm/msync.o
  CC      kernel/locking/mutex.o
  CC      arch/x86/kernel/i8259.o
  CC      fs/stack.o
  CC      kernel/locking/semaphore.o
  CC      arch/x86/kernel/irqinit.o
  CC      mm/page_vma_mapped.o
  CC      fs/fs_struct.o
  CC      kernel/locking/rwsem.o
  CC      mm/pagewalk.o
  CC      arch/x86/kernel/irq_work.o
  CC      kernel/locking/percpu-rwsem.o
  CC      fs/statfs.o
  CC      arch/x86/kernel/probe_roms.o
  CC      mm/pgtable-generic.o
  CC      kernel/locking/spinlock.o
  CC      kernel/locking/spinlock_debug.o
  CC      fs/fs_pin.o
  CC      arch/x86/kernel/sys_x86_64.o
  AR      kernel/locking/built-in.a
  CC      kernel/power/qos.o
  CC      mm/rmap.o
  CC      fs/nsfs.o
  CC      arch/x86/kernel/bootflag.o
  CC      kernel/power/energy_model.o
  CC      mm/vmalloc.o
  CC      arch/x86/kernel/e820.o
  CC      fs/fs_dirent.o
  CC      kernel/power/em_netlink_autogen.o
  CC      fs/fs_context.o
  CC      arch/x86/kernel/pci-dma.o
  CC      kernel/power/em_netlink.o
  CC      fs/fs_parser.o
  CC      arch/x86/kernel/quirks.o
  CC      mm/vma.o
  AR      kernel/power/built-in.a
  CC      kernel/printk/printk.o
  CC      fs/fsopen.o
  CC      arch/x86/kernel/kdebugfs.o
  CC      arch/x86/kernel/alternative.o
  CC      fs/init.o
  CC      mm/vma_exec.o
  CC      kernel/printk/printk_safe.o
  CC      fs/kernel_read_file.o
  CC      arch/x86/kernel/i8253.o
  CC      mm/mseal.o
  CC      kernel/printk/nbcon.o
  CC      arch/x86/kernel/hw_breakpoint.o
  CC      fs/mnt_idmapping.o
  CC      kernel/printk/printk_ringbuffer.o
  CC      mm/page_alloc.o
  CC      fs/remap_range.o
  CC      arch/x86/kernel/tsc.o
  AR      kernel/printk/built-in.a
  CC      kernel/irq/irqdesc.o
  CC      arch/x86/kernel/tsc_msr.o
  CC      fs/pidfs.o
  CC      kernel/irq/handle.o
  CC      arch/x86/kernel/io_delay.o
  CC      mm/page_frag_cache.o
  CC      kernel/irq/manage.o
  CC      arch/x86/kernel/rtc.o
  CC      fs/file_attr.o
  CC      mm/init-mm.o
  CC      arch/x86/kernel/resource.o
  CC      kernel/irq/spurious.o
  AS      arch/x86/kernel/irqflags.o
  CC      arch/x86/kernel/static_call.o
  CC      mm/memblock.o
  CC      fs/fserror.o
  CC      kernel/irq/resend.o
  CC      arch/x86/kernel/process.o
  CC      kernel/irq/chip.o
  CC      fs/nullfs.o
  CC      mm/slub.o
  CC      arch/x86/kernel/fpu/init.o
  CC      fs/anon_inodes.o
  CC      kernel/irq/dummychip.o
  CC      arch/x86/kernel/fpu/bugs.o
  CC      arch/x86/kernel/fpu/core.o
  CC      kernel/irq/devres.o
  CC      fs/binfmt_script.o
  CC      mm/dmapool.o
  CC      kernel/irq/kexec.o
  CC      fs/binfmt_elf.o
  CC      arch/x86/kernel/fpu/regset.o
  CC      mm/sparse.o
  CC      kernel/irq/autoprobe.o
  CC      arch/x86/kernel/fpu/signal.o
  AR      fs/quota/built-in.a
  CC      mm/sparse-vmemmap.o
  CC      fs/devpts/inode.o
  CC      kernel/irq/irqdomain.o
  CC      arch/x86/kernel/fpu/xstate.o
  AR      fs/devpts/built-in.a
  CC      fs/netfs/buffered_read.o
  CC      mm/page_isolation.o
  CC      kernel/irq/matrix.o
  AR      arch/x86/kernel/fpu/built-in.a
  CC      arch/x86/kernel/ptrace.o
  CC      fs/netfs/buffered_write.o
  CC      mm/early_ioremap.o
  AR      kernel/irq/built-in.a
  CC      kernel/rcu/update.o
  CC      arch/x86/kernel/step.o
  CC      fs/netfs/direct_read.o
  CC      kernel/rcu/sync.o
  CC      mm/page_ext.o
  CC      kernel/rcu/srcutree.o
  CC      arch/x86/kernel/stacktrace.o
  CC      fs/netfs/direct_write.o
  CC      mm/memfd.o
  CC      kernel/rcu/tree.o
  CC      arch/x86/kernel/cpu/cacheinfo.o
  CC      fs/netfs/iterator.o
  CC      mm/memory_hotplug.o
  CC      arch/x86/kernel/cpu/scattered.o
  CC      fs/netfs/locking.o
  CC      arch/x86/kernel/cpu/topology_common.o
  AR      mm/built-in.a
  CC      security/keys/gc.o
  CC      arch/x86/kernel/cpu/topology_ext.o
  CC      fs/netfs/main.o
  CC      kernel/rcu/rcu_segcblist.o
  CC      arch/x86/kernel/cpu/topology_amd.o
  CC      security/keys/key.o
  CC      fs/netfs/misc.o
  AR      kernel/rcu/built-in.a
  CC      kernel/dma/mapping.o
  CC      arch/x86/kernel/cpu/cpuid_parser.o
  CC      arch/x86/kernel/cpu/common.o
  CC      fs/netfs/objects.o
  CC      security/keys/keyring.o
  CC      kernel/dma/direct.o
  CC      fs/netfs/read_collect.o
  CC      arch/x86/kernel/cpu/rdrand.o
  CC      kernel/dma/ops_helpers.o
  CC      arch/x86/kernel/cpu/match.o
  CC      security/keys/keyctl.o
  CC      arch/x86/kernel/cpu/bugs.o
  CC      kernel/dma/swiotlb.o
  CC      fs/netfs/read_pgpriv2.o
  CC      security/keys/permission.o
  CC      fs/netfs/read_retry.o
  CC      kernel/dma/remap.o
  CC      security/keys/process_keys.o
  CC      arch/x86/kernel/cpu/aperfmperf.o
  CC      fs/netfs/read_single.o
  AR      kernel/dma/built-in.a
  CC      kernel/entry/common.o
  CC      arch/x86/kernel/cpu/cpuid-deps.o
  CC      arch/x86/kernel/cpu/cpuid_0x2_table.o
  CC      fs/netfs/rolling_buffer.o
  CC      security/keys/request_key.o
  CC      kernel/entry/syscall-common.o
  CC      arch/x86/kernel/cpu/umwait.o
  CC      fs/netfs/write_collect.o
  CC      security/keys/request_key_auth.o
  CC      kernel/entry/syscall_user_dispatch.o
  CC      arch/x86/kernel/cpu/capflags.o
  CC      arch/x86/kernel/cpu/powerflags.o
  CC      arch/x86/kernel/cpu/topology.o
  CC      security/keys/user_defined.o
  CC      fs/netfs/write_issue.o
  CC      arch/x86/kernel/cpu/feat_ctl.o
  AR      kernel/entry/built-in.a
  CC      kernel/unwind/user.o
  CC      arch/x86/kernel/cpu/intel.o
  CC      security/keys/encrypted-keys/encrypted.o
  CC      kernel/unwind/deferred.o
  CC      fs/netfs/write_retry.o
  CC      arch/x86/kernel/cpu/tsx.o
  AR      kernel/unwind/built-in.a
  CC      kernel/time/time.o
  CC      security/keys/encrypted-keys/ecryptfs_format.o
  AR      security/keys/encrypted-keys/built-in.a
  AR      security/keys/built-in.a
  CC      security/commoncap.o
  CC      arch/x86/kernel/cpu/amd.o
  AR      fs/netfs/built-in.a
  CC      fs/ramfs/inode.o
  CC      kernel/time/timer.o
  CC      fs/ramfs/file-mmu.o
  CC      arch/x86/kernel/cpu/hygon.o
  CC      security/min_addr.o
  CC      arch/x86/kernel/cpu/centaur.o
  AR      fs/ramfs/built-in.a
  CC      fs/nls/nls_base.o
  CC      kernel/time/hrtimer.o
  AR      security/built-in.a
  CC      arch/x86/kernel/cpu/zhaoxin.o
  CC      crypto/api.o
  CC      fs/nls/nls_cp737.o
  CC      arch/x86/kernel/cpu/microcode/core.o
  CC      crypto/cipher.o
  CC      fs/nls/nls_cp775.o
  CC      kernel/time/sleep_timeout.o
  CC      fs/nls/nls_cp1255.o
  CC      arch/x86/kernel/cpu/microcode/intel.o
  CC      crypto/algapi.o
  CC      fs/nls/nls_koi8-u.o
  CC      kernel/time/timekeeping.o
  CC      fs/nls/nls_koi8-ru.o
  CC      arch/x86/kernel/cpu/microcode/amd.o
  CC      fs/nls/nls_ucs2_utils.o
  CC      crypto/scatterwalk.o
  CC      kernel/time/ntp.o
  AR      fs/nls/built-in.a
  CC      fs/smb/common/cifs_md4.o
  AR      arch/x86/kernel/cpu/microcode/built-in.a
  CC      arch/x86/kernel/cpu/perfctr-watchdog.o
  CC      crypto/aead.o
  CC      fs/smb/common/compress/compress.o
  CC      kernel/time/clocksource.o
  AR      arch/x86/kernel/cpu/built-in.a
  CC      arch/x86/kernel/reboot.o
  CC      fs/smb/common/compress/lz77.o
  CC      crypto/lskcipher.o
  CC      kernel/time/jiffies.o
  AR      fs/smb/common/built-in.a
  CC      fs/smb/client/trace.o
  CC      kernel/time/timer_list.o
  CC      arch/x86/kernel/tsc_sync.o
  CC      arch/x86/kernel/mpparse.o
  CC      crypto/skcipher.o
  CC      kernel/time/timeconv.o
  CC      fs/smb/client/cifsfs.o
  CC      kernel/time/timecounter.o
  CC      kernel/time/alarmtimer.o
  CC      arch/x86/kernel/apic/apic.o
  CC      crypto/ahash.o
  CC      kernel/time/posix-stubs.o
  CC      fs/smb/client/cifs_debug.o
  CC      crypto/shash.o
  CC      arch/x86/kernel/apic/apic_common.o
  CC      kernel/time/clockevents.o
  CC      arch/x86/kernel/apic/apic_noop.o
  CC      kernel/time/tick-common.o
  CC      crypto/algboss.o
  CC      fs/smb/client/connect.o
  CC      arch/x86/kernel/apic/ipi.o
  CC      arch/x86/kernel/apic/vector.o
  CC      kernel/time/tick-broadcast.o
  CC      crypto/testmgr.o
  CC      kernel/time/vsyscall.o
  CC      crypto/cmac.o
  CC      arch/x86/kernel/apic/init.o
  AR      kernel/time/built-in.a
  CC      kernel/up.o
  CC      kernel/vmcore_info.o
  CC      arch/x86/kernel/apic/hw_nmi.o
  CC      fs/smb/client/dir.o
  CC      crypto/sha512.o
  CC      kernel/elfcorehdr.o
  CC      arch/x86/kernel/apic/io_apic.o
  CC      crypto/ecb.o
  CC      kernel/crash_reserve.o
  CC      crypto/cbc.o
  CC      fs/smb/client/file.o
  CC      crypto/ctr.o
  CC      kernel/kexec_core.o
  CC      arch/x86/kernel/apic/apic_flat_64.o
  CC      crypto/chacha.o
  CC      arch/x86/kernel/apic/probe_64.o
  CC      crypto/xts.o
  CC      kernel/crash_core.o
  AR      arch/x86/kernel/apic/built-in.a
  CC      arch/x86/kernel/trace_clock.o
  CC      fs/smb/client/inode.o
  CC      arch/x86/kernel/vmcore_info_64.o
  CC      crypto/gcm.o
  UPD     kernel/config_data
  CC      kernel/relay.o
  CC      arch/x86/kernel/machine_kexec_64.o
  CC      crypto/ccm.o
  CC      kernel/irq_work.o
  AS      arch/x86/kernel/relocate_kernel_64.o
  CC      arch/x86/kernel/crash_dump_64.o
  CC      crypto/twofish_generic.o
  CC      fs/smb/client/link.o
  CC      kernel/bpf/core.o
  CC      arch/x86/kernel/crash.o
  CC      crypto/twofish_common.o
  CC      arch/x86/kernel/hpet.o
  CC      fs/smb/client/misc.o
  CC      crypto/aes.o
  CC      arch/x86/kernel/perf_regs.o
  CC      crypto/cast_common.o
  AR      kernel/bpf/built-in.a
  CC      kernel/static_call.o
  CC      crypto/cast6_generic.o
  CC      arch/x86/kernel/unwind_guess.o
  CC      fs/smb/client/netmisc.o
  CC      kernel/static_call_inline.o
  AR      crypto/built-in.a
  CC      kernel/events/core.o
  CC      arch/x86/kernel/vsmp_64.o
  CC      lib/argv_split.o
  CC      lib/bug.o
  CC      fs/smb/client/smbencrypt.o
  LDS     arch/x86/kernel/vmlinux.lds
  AR      arch/x86/kernel/built-in.a
  CC      arch/x86/mm/init.o
  CC      lib/buildid.o
  CC      arch/x86/mm/init_64.o
  CC      fs/smb/client/transport.o
  CC      lib/cmdline.o
  CC      lib/ctype.o
  CC      lib/dec_and_lock.o
  CC      lib/decompress.o
  CC      lib/decompress_bunzip2.o
  CC      arch/x86/mm/fault.o
  CC      fs/smb/client/cached_dir.o
  CC      lib/decompress_inflate.o
  CC      lib/decompress_unlz4.o
  CC      kernel/events/ring_buffer.o
  CC      arch/x86/mm/ioremap.o
  CC      lib/decompress_unlzma.o
  CC      fs/smb/client/cifs_unicode.o
  CC      arch/x86/mm/extable.o
  CC      kernel/events/callchain.o
  CC      lib/decompress_unlzo.o
  CC      fs/smb/client/cifsencrypt.o
  CC      lib/decompress_unxz.o
  CC      arch/x86/mm/mmap.o
  CC      kernel/events/hw_breakpoint.o
  CC      lib/decompress_unzstd.o
  CC      arch/x86/mm/pgtable.o
  CC      lib/dump_stack.o
  AR      kernel/events/built-in.a
  CC      kernel/context_tracking.o
  CC      fs/smb/client/readdir.o
  CC      arch/x86/mm/physaddr.o
  CC      lib/earlycpio.o
  CC      kernel/iomem.o
  CC      lib/extable.o
  CC      lib/flex_proportions.o
  CC      arch/x86/mm/tlb.o
  CC      kernel/kexec.o
  CC      fs/smb/client/ioctl.o
  CC      lib/idr.o
  CC      lib/iomem_copy.o
  CC      lib/irq_regs.o
  CC      arch/x86/mm/cpu_entry_area.o
  GZIP    kernel/config_data.gz
  CC      kernel/configs.o
  CC      lib/is_single_threaded.o
  CC      fs/smb/client/sess.o
  AR      kernel/built-in.a
  CC      arch/x86/mm/maccess.o
  AS      arch/x86/lib/bhi.o
  AS      arch/x86/lib/clear_page_64.o
  CC      lib/klist.o
  CC      arch/x86/lib/cmdline.o
  AS      arch/x86/lib/cmpxchg16b_emu.o
  CC      arch/x86/lib/copy_mc.o
  CC      arch/x86/mm/pgprot.o
  CC      lib/kobject.o
  AS      arch/x86/lib/copy_mc_64.o
  AS      arch/x86/lib/copy_page_64.o
  AS      arch/x86/lib/copy_user_64.o
  AS      arch/x86/lib/copy_user_uncached_64.o
  CC      arch/x86/lib/cpu.o
  CC      lib/kobject_uevent.o
  CC      arch/x86/mm/pat/set_memory.o
  CC      fs/smb/client/export.o
  AS      arch/x86/lib/csum-copy_64.o
  CC      arch/x86/lib/csum-partial_64.o
  CC      arch/x86/lib/csum-wrappers_64.o
  CC      arch/x86/lib/delay.o
  AS      arch/x86/lib/getuser.o
  CC      lib/logic_pio.o
  CC      arch/x86/lib/inat.o
  CC      arch/x86/lib/insn-eval.o
  CC      fs/smb/client/unc.o
  CC      arch/x86/mm/pat/memtype.o
  CC      lib/maple_tree.o
  CC      arch/x86/lib/insn.o
  AR      arch/x86/mm/pat/built-in.a
  AR      arch/x86/mm/built-in.a
  AS      arch/x86/crypto/twofish-x86_64-asm_64.o
  CC      arch/x86/crypto/twofish_glue.o
  AS      arch/x86/lib/memcpy_64.o
  AS      arch/x86/lib/memmove_64.o
  CC      fs/smb/client/winucase.o
  AS      arch/x86/lib/memset_64.o
  CC      arch/x86/lib/misc.o
  CC      fs/smb/client/smb2ops.o
  CC      arch/x86/lib/pc-conf-reg.o
  AS      arch/x86/lib/putuser.o
  CC      arch/x86/lib/usercopy.o
  AS      arch/x86/crypto/camellia-x86_64-asm_64.o
  CC      arch/x86/crypto/camellia_glue.o
  CC      arch/x86/lib/usercopy_64.o
  AS      arch/x86/crypto/camellia-aesni-avx-asm_64.o
  CC      arch/x86/crypto/camellia_aesni_avx_glue.o
  CC      lib/memcat_p.o
  CC      arch/x86/lib/msr.o
  CC      lib/nmi_backtrace.o
  AS      arch/x86/crypto/cast6-avx-x86_64-asm_64.o
  CC      arch/x86/crypto/cast6_avx_glue.o
  AS      arch/x86/lib/msr-reg.o
  CC      arch/x86/lib/msr-reg-export.o
  AS      arch/x86/lib/hweight.o
  CC      arch/x86/lib/iomem.o
  AR      arch/x86/crypto/built-in.a
  CC      arch/x86/virt/svm/cmdline.o
  CC      lib/objpool.o
  GEN     fs/smb/client/smb2_mapping_table.c
  CC      fs/smb/client/smb2transport.o
  AR      arch/x86/virt/svm/built-in.a
  AR      arch/x86/virt/built-in.a
  AR      arch/x86/built-in.a
  CC      drivers/bus/mhi/host/init.o
  AR      arch/x86/lib/lib.a
  AR      arch/x86/lib/built-in.a
  CC      drivers/phy/phy-core.o
  CC      lib/plist.o
  CC      lib/radix-tree.o
  CC      drivers/bus/mhi/host/main.o
  CC      lib/ratelimit.o
  CC      fs/smb/client/smb2misc.o
  CC      drivers/phy/marvell/phy-pxa-28nm-usb2.o
  CC      lib/rbtree.o
  CC      lib/seq_buf.o
  AR      drivers/phy/marvell/built-in.a
  AR      drivers/phy/built-in.a
  AR      drivers/pci/built-in.a
  CC      drivers/video/console/dummycon.o
  CC      drivers/bus/mhi/host/pm.o
  CC      fs/smb/client/smb2pdu.o
  CC      lib/siphash.o
  CC      drivers/video/console/vgacon.o
  CC      lib/string.o
  CC      lib/sys_info.o
  CC      drivers/bus/mhi/host/boot.o
  AR      drivers/video/console/built-in.a
  AR      drivers/video/fbdev/core/built-in.a
  AR      drivers/video/fbdev/built-in.a
  AR      drivers/video/built-in.a
  CC      drivers/tty/tty_io.o
  CC      lib/timerqueue.o
  CC      lib/vsprintf.o
  AR      drivers/bus/mhi/host/built-in.a
  AR      drivers/bus/mhi/built-in.a
  AR      drivers/bus/built-in.a
  CC      drivers/tty/n_tty.o
  CC      fs/smb/client/smb2inode.o
  CC      drivers/tty/tty_ioctl.o
  CC      drivers/tty/tty_ldisc.o
  CC      drivers/tty/tty_buffer.o
  CC      fs/smb/client/smb2file.o
  CC      drivers/tty/tty_port.o
  CC      lib/win_minmax.o
  CC      drivers/tty/tty_mutex.o
  CC      lib/xarray.o
  CC      drivers/tty/tty_ldsem.o
  CC      fs/smb/client/cifsacl.o
  CC      fs/smb/client/fs_context.o
  CC      lib/lockref.o
  CC      drivers/tty/tty_baudrate.o
  CC      lib/bcd.o
  CC      lib/sort.o
  CC      lib/parser.o
  CC      drivers/tty/tty_jobctrl.o
  CC      lib/debug_locks.o
  CC      fs/smb/client/dns_resolve.o
  ASN.1   fs/smb/client/cifs_spnego_negtokeninit.asn1.[ch]
  CC      fs/smb/client/namespace.o
  CC      lib/random32.o
  CC      drivers/tty/n_null.o
  CC      lib/bust_spinlocks.o
  CC      drivers/tty/pty.o
  CC      lib/kasprintf.o
  CC      drivers/tty/vt/vt_ioctl.o
  CC      fs/smb/client/reparse.o
  CC      lib/bitmap.o
  CC      drivers/tty/serial/serial_core.o
  CC      drivers/tty/vt/vc_screen.o
  CC      lib/scatterlist.o
  CC      fs/smb/client/cifssmb.o
  CC      drivers/tty/vt/selection.o
  CC      lib/list_sort.o
  CC      drivers/tty/serial/serial_base_bus.o
  CC      lib/uuid.o
  CC      lib/iov_iter.o
  CC      drivers/tty/vt/keyboard.o
  CC      drivers/tty/serial/serial_ctrl.o
  CC      drivers/tty/serial/serial_port.o
  CC      drivers/tty/vt/vt.o
  CC      fs/smb/client/smb1debug.o
  CC      lib/clz_ctz.o
  CC      lib/bsearch.o
  CC      drivers/tty/serial/earlycon.o
  CC      lib/find_bit.o
  CC      lib/llist.o
  CC      fs/smb/client/smb1encrypt.o
  CC      drivers/tty/serial/8250/8250_core.o
  CC      lib/lwq.o
  CC      drivers/tty/vt/defkeymap.o
  CC      lib/memweight.o
  CC      lib/kfifo.o
  CC      drivers/tty/vt/consolemap.o
  GEN     fs/smb/client/smb1_mapping_table.c
  GEN     fs/smb/client/smb1_err_dos_map.c
  GEN     fs/smb/client/smb1_err_srv_map.c
  CC      fs/smb/client/smb1misc.o
  CC      drivers/tty/serial/8250/8250_platform.o
  CC      lib/percpu-refcount.o
  CC      drivers/tty/vt/consolemap_deftbl.o
  CC      drivers/tty/vt/ucs.o
  AR      drivers/tty/vt/built-in.a
  CC      lib/rhashtable.o
  CC      drivers/tty/serial/8250/8250_port.o
  CC      drivers/tty/serial/8250/8250_early.o
  CC      fs/smb/client/smb1ops.o
  CC      drivers/char/mem.o
  CC      lib/base64.o
  CC      lib/once.o
  AR      drivers/tty/serial/8250/built-in.a
  CC      drivers/tty/serial/altera_jtaguart.o
  CC      lib/refcount.o
  CC      fs/smb/client/smb1session.o
  CC      lib/rcuref.o
  CC      drivers/char/random.o
  CC      lib/usercopy.o
  AR      drivers/tty/serial/built-in.a
  AR      drivers/tty/built-in.a
  CC      drivers/iommu/iommu.o
  CC      lib/errseq.o
  CC      lib/bucket_locks.o
  CC      drivers/char/ttyprintk.o
  CC      fs/smb/client/smb1transport.o
  CC      lib/generic-radix-tree.o
  CC      drivers/char/misc.o
  CC      lib/bitmap-str.o
  CC      drivers/iommu/iommu-traces.o
  CC      drivers/iommu/iommu-sysfs.o
  CC      drivers/char/nvram.o
  CC      fs/smb/client/compress.o
  CC      lib/string_helpers.o
  CC      drivers/iommu/iommu-pages.o
  AR      drivers/char/built-in.a
  CC      lib/hexdump.o
  CC      lib/kstrtox.o
  CC      drivers/base/component.o
  CC      fs/smb/client/smb2maperror.o
  CC      drivers/iommu/dma-iommu.o
  CC      lib/math/div64.o
  CC      lib/math/gcd.o
  CC      drivers/base/core.o
  CC      lib/math/lcm.o
  CC      lib/math/int_log.o
  CC      lib/math/int_pow.o
  CC      lib/math/int_sqrt.o
  CC      lib/math/reciprocal_div.o
  AR      lib/math/built-in.a
  CC      lib/crc/crc32-main.o
  CC      fs/smb/client/cifs_spnego_negtokeninit.asn1.o
  CC      fs/smb/client/asn1.o
  CC      drivers/iommu/iova.o
  AR      lib/crc/built-in.a
  CC      lib/crypto/memneq.o
  CC      lib/crypto/utils.o
  AR      drivers/iommu/built-in.a
  CC      drivers/misc/rpmb-core.o
  CC      drivers/base/bus.o
  CC      fs/smb/client/smb1maperror.o
  CC      lib/crypto/aes.o
  AR      drivers/misc/eeprom/built-in.a
  CC      drivers/misc/uacce/uacce.o
  CC      drivers/base/dd.o
  AS      lib/crypto/x86/aes-aesni.o
  CC      lib/crypto/blake2s.o
  AR      drivers/misc/uacce/built-in.a
  AR      drivers/misc/built-in.a
  CC      drivers/mfd/sm501.o
  AR      fs/smb/client/built-in.a
  AR      fs/smb/built-in.a
  AR      fs/built-in.a
  CC      net/devres.o
  CC      drivers/base/syscore.o
  AS      lib/crypto/x86/blake2s-core.o
  CC      lib/crypto/chacha-block-generic.o
  CC      lib/crypto/chacha.o
  AS      lib/crypto/x86/chacha-ssse3-x86_64.o
  CC      drivers/mfd/mfd-core.o
  AS      lib/crypto/x86/chacha-avx2-x86_64.o
  AS      lib/crypto/x86/chacha-avx512vl-x86_64.o
  CC      lib/crypto/sha1.o
  CC      drivers/base/driver.o
  CC      net/socket.o
  CC      drivers/base/class.o
  AS      lib/crypto/x86/sha1-ssse3-and-avx.o
  AS      lib/crypto/x86/sha1-avx2-asm.o
  AS      lib/crypto/x86/sha1-ni-asm.o
  CC      lib/crypto/sha256.o
  AR      drivers/mfd/built-in.a
  CC      drivers/dma-buf/dma-buf.o
  AS      lib/crypto/x86/sha256-ssse3-asm.o
  AS      lib/crypto/x86/sha256-avx-asm.o
  AS      lib/crypto/x86/sha256-avx2-asm.o
  CC      drivers/base/platform.o
  AS      lib/crypto/x86/sha256-ni-asm.o
  CC      lib/crypto/sha512.o
  CC      drivers/dma-buf/dma-fence.o
  AS      lib/crypto/x86/sha512-ssse3-asm.o
  AS      lib/crypto/x86/sha512-avx-asm.o
  AS      lib/crypto/x86/sha512-avx2-asm.o
  CC      lib/crypto/arc4.o
  CC      drivers/base/cpu.o
  CC      lib/crypto/gf128hash.o
  CC      net/core/sock.o
  CC      drivers/dma-buf/dma-fence-array.o
  AS      lib/crypto/x86/ghash-pclmul.o
  AS      lib/crypto/x86/polyval-pclmul-avx.o
  CC      lib/crypto/md5.o
  CC      drivers/base/firmware.o
  CC      drivers/dma-buf/dma-fence-chain.o
  CC      drivers/base/init.o
  AR      lib/crypto/built-in.a
  CC      drivers/dma-buf/dma-fence-unwrap.o
  CC      lib/vdso/datastore.o
  CC      drivers/base/map.o
  CC      drivers/dma-buf/dma-resv.o
  AR      lib/vdso/built-in.a
  CC      lib/iomap.o
  CC      drivers/base/devres.o
  CC      net/core/skbuff.o
  CC      drivers/dma-buf/dma-buf-mapping.o
  CC      lib/iomap_copy.o
  CC      drivers/base/attribute_container.o
  CC      lib/devres.o
  CC      drivers/base/transport_class.o
  CC      lib/assoc_array.o
  AR      drivers/dma-buf/built-in.a
  CC      net/core/datagram.o
  CC      drivers/base/topology.o
  CC      lib/bitrev.o
  CC      lib/xxhash.o
  CC      drivers/base/container.o
  CC      lib/genalloc.o
  CC      net/core/stream.o
  CC      drivers/base/property.o
  CC      lib/zlib_inflate/inffast.o
  CC      net/core/scm.o
  CC      lib/zlib_inflate/inflate.o
  CC      net/core/gen_stats.o
  CC      lib/zlib_inflate/infutil.o
  CC      drivers/base/cacheinfo.o
  CC      lib/zlib_inflate/inftrees.o
  CC      drivers/base/swnode.o
  CC      lib/zlib_inflate/inflate_syms.o
  CC      net/core/gen_estimator.o
  CC      net/core/net_namespace.o
  AR      lib/zlib_inflate/built-in.a
  CC      lib/lzo/lzo1x_decompress_safe.o
  CC      drivers/base/faux.o
  CC      drivers/base/firmware_loader/builtin/main.o
  AR      lib/lzo/built-in.a
  CC      lib/lz4/lz4_decompress.o
  CC      net/core/secure_seq.o
  AR      drivers/base/firmware_loader/builtin/built-in.a
  AR      drivers/base/firmware_loader/built-in.a
  CC      drivers/base/memory.o
  CC      net/core/flow_dissector.o
  AR      lib/lz4/built-in.a
  CC      lib/zstd/zstd_decompress_module.o
  AR      drivers/base/built-in.a
  CC      drivers/mtd/mtdcore.o
  CC      net/core/dev.o
  CC      lib/zstd/decompress/huf_decompress.o
  CC      lib/zstd/decompress/zstd_ddict.o
  CC      lib/zstd/decompress/zstd_decompress.o
  CC      lib/zstd/decompress/zstd_decompress_block.o
  CC      lib/zstd/zstd_common_module.o
  CC      lib/zstd/common/debug.o
  CC      lib/zstd/common/entropy_common.o
  CC      lib/zstd/common/error_private.o
  CC      lib/zstd/common/fse_decompress.o
  CC      lib/zstd/common/zstd_common.o
  AR      lib/zstd/built-in.a
  CC      lib/xz/xz_dec_syms.o
  CC      net/core/dev_api.o
  CC      drivers/mtd/mtdsuper.o
  CC      lib/xz/xz_dec_stream.o
  CC      lib/xz/xz_dec_lzma2.o
  CC      net/core/dev_addr_lists.o
  CC      drivers/mtd/mtdconcat.o
  CC      lib/xz/xz_dec_bcj.o
  AR      lib/xz/built-in.a
  CC      lib/syscall.o
  CC      drivers/mtd/mtdpart.o
  CC      net/core/dst.o
  CC      lib/nlattr.o
  CC      drivers/mtd/mtdchar.o
  CC      net/core/netevent.o
  CC      net/core/neighbour.o
  CC      drivers/mtd/chips/chipreg.o
  CC      lib/dim/dim.o
  CC      net/core/rtnetlink.o
  AR      drivers/mtd/chips/built-in.a
  CC      lib/dim/net_dim.o
  AR      drivers/mtd/built-in.a
  CC      drivers/net/loopback.o
  CC      lib/dim/rdma_dim.o
  AR      drivers/net/built-in.a
  CC      drivers/input/serio/serio.o
  AR      lib/dim/built-in.a
  CC      lib/strncpy_from_user.o
  CC      net/core/utils.o
  CC      drivers/input/serio/i8042.o
  CC      lib/strnlen_user.o
  CC      drivers/input/input.o
  CC      lib/net_utils.o
  CC      net/core/link_watch.o
  CC      drivers/input/serio/serport.o
  CC      lib/group_cpus.o
  CC      drivers/input/serio/libps2.o
  CC      drivers/input/input-compat.o
  CC      lib/asn1_decoder.o
  CC      net/core/filter.o
  AR      drivers/input/serio/built-in.a
  CC      net/core/sock_diag.o
  GEN     lib/oid_registry_data.c
  CC      drivers/input/input-mt.o
  CC      drivers/input/input-poller.o
  CC      net/core/dev_ioctl.o
  CC      drivers/input/ff-core.o
  CC      drivers/input/touchscreen.o
  AR      lib/lib.a
  CC      lib/oid_registry.o
  CC      net/core/tso.o
  AR      lib/built-in.a
  CC      net/core/sock_reuseport.o
  CC      drivers/input/touch-overlay.o
  CC      drivers/input/matrix-keymap.o
  CC      net/core/fib_notifier.o
  CC      net/core/xdp.o
  CC      net/core/flow_offload.o
  CC      drivers/input/vivaldi-fmap.o
  CC      drivers/input/keyboard/atkbd.o
  CC      net/core/gro.o
  CC      net/core/netdev-genl.o
  CC      net/core/netdev-genl-gen.o
  AR      drivers/input/keyboard/built-in.a
  CC      drivers/input/mouse/psmouse-base.o
  CC      net/core/netdev_work.o
  CC      drivers/input/misc/ad714x.o
  CC      drivers/input/mouse/synaptics.o
  CC      net/core/gso.o
  CC      net/core/net-sysfs.o
  AR      drivers/input/misc/built-in.a
  CC      net/core/hotdata.o
  CC      drivers/input/mouse/focaltech.o
  CC      drivers/input/mouse/alps.o
  CC      net/core/netdev_config.o
  CC      net/core/netdev_rx_queue.o
  CC      net/core/netdev_queues.o
  CC      drivers/input/mouse/byd.o
  CC      net/core/fib_rules.o
  CC      net/core/lwtunnel.o
  CC      net/core/lwt_bpf.o
  CC      drivers/input/mouse/logips2pp.o
  CC      drivers/input/mouse/trackpoint.o
  CC      net/core/dst_cache.o
  CC      net/core/gro_cells.o
  CC      drivers/input/mouse/cypress_ps2.o
  CC      drivers/rtc/lib.o
  AR      drivers/input/mouse/built-in.a
  AR      drivers/input/built-in.a
  AR      drivers/power/built-in.a
  CC      drivers/opp/core.o
  AR      net/core/built-in.a
  CC      net/ethernet/eth.o
  CC      drivers/rtc/rtc-mc146818-lib.o
  CC      drivers/firmware/edd.o
  AR      drivers/rtc/built-in.a
  CC      drivers/clocksource/i8253.o
  AR      drivers/firmware/built-in.a
  CC      drivers/hid/hid-core.o
  AR      drivers/clocksource/built-in.a
  AR      drivers/platform/built-in.a
  CC      drivers/opp/cpu.o
  AR      net/ethernet/built-in.a
  CC      drivers/devfreq/devfreq.o
  CC      net/sched/sch_generic.o
  AR      drivers/opp/built-in.a
  CC      drivers/tee/tee_core.o
  CC      drivers/devfreq/governor_userspace.o
  CC      drivers/hid/hid-input.o
  AR      drivers/devfreq/event/built-in.a
  CC      drivers/devfreq/devfreq-event.o
  CC      drivers/tee/tee_heap.o
  CC      net/sched/sch_mq.o
  CC      drivers/devfreq/governor_simpleondemand.o
  CC      drivers/tee/tee_shm.o
  AR      drivers/devfreq/built-in.a
  CC      drivers/tee/tee_shm_pool.o
  CC      net/sched/sch_frag.o
  CC      drivers/hid/hid-quirks.o
  CC      drivers/hid/hid-generic.o
  AR      drivers/tee/built-in.a
  CC      drivers/hid/hid-viewsonic.o
  CC      drivers/hid/hid-waltop.o
  AR      net/sched/built-in.a
  CC      net/netlink/af_netlink.o
  CC      drivers/hid/hid-sensor-hub.o
  CC      drivers/hid/hid-alps.o
  CC      drivers/hid/hid-ortek.o
  CC      drivers/hid/hid-sunplus.o
  CC      drivers/hid/hid-udraw-ps3.o
  CC      net/netlink/genetlink.o
  CC      net/netlink/policy.o
  AR      drivers/hid/built-in.a
  AR      drivers/built-in.a
  CC      net/ipv4/route.o
  CC      net/ethtool/ioctl.o
  CC      net/ethtool/common.o
  AR      net/netlink/built-in.a
  CC      net/ethtool/netlink.o
  CC      net/ipv4/inetpeer.o
  CC      net/ethtool/bitset.o
  CC      net/ethtool/strset.o
  CC      net/ethtool/linkinfo.o
  CC      net/ipv4/protocol.o
  CC      net/ethtool/linkmodes.o
  CC      net/ethtool/rss.o
  CC      net/ethtool/linkstate.o
  CC      net/ipv4/ip_input.o
  CC      net/ethtool/debug.o
  CC      net/ethtool/wol.o
  CC      net/ethtool/features.o
  CC      net/ethtool/privflags.o
  CC      net/ethtool/rings.o
  CC      net/ipv4/ip_fragment.o
  CC      net/ethtool/channels.o
  CC      net/ethtool/coalesce.o
  CC      net/ethtool/pause.o
  CC      net/ipv4/ip_forward.o
  CC      net/ethtool/eee.o
  CC      net/ethtool/tsinfo.o
  CC      net/ethtool/cabletest.o
  CC      net/ethtool/tunnels.o
  CC      net/ipv4/ip_options.o
  CC      net/ethtool/fec.o
  CC      net/ethtool/eeprom.o
  CC      net/ethtool/stats.o
  CC      net/ipv4/ip_output.o
  CC      net/ipv4/ip_sockglue.o
  CC      net/ethtool/phc_vclocks.o
  CC      net/ethtool/mm.o
  CC      net/ethtool/module.o
  CC      net/ipv4/inet_hashtables.o
  CC      net/ipv4/inet_timewait_sock.o
  CC      net/ethtool/cmis_fw_update.o
  CC      net/ethtool/cmis_cdb.o
  CC      net/ipv4/inet_connection_sock.o
  CC      net/ethtool/pse-pd.o
  CC      net/ipv4/tcp.o
  CC      net/xfrm/xfrm_policy.o
  CC      net/ethtool/plca.o
  CC      net/xfrm/xfrm_state.o
  CC      net/ethtool/phy.o
  CC      net/xfrm/xfrm_hash.o
  CC      net/ipv4/tcp_input.o
  CC      net/ethtool/tsconfig.o
  CC      net/ethtool/mse.o
  CC      net/xfrm/xfrm_input.o
  CC      net/xfrm/xfrm_output.o
  AR      net/ethtool/built-in.a
  CC      net/unix/af_unix.o
  CC      net/xfrm/xfrm_sysctl.o
  CC      net/xfrm/xfrm_replay.o
  CC      net/ipv4/tcp_output.o
  CC      net/xfrm/xfrm_device.o
  CC      net/unix/garbage.o
  CC      net/xfrm/xfrm_nat_keepalive.o
  CC      net/ipv4/tcp_timer.o
  AR      net/xfrm/built-in.a
  CC      net/ipv6/addrconf_core.o
  AR      net/unix/built-in.a
  CC      net/rxrpc/af_rxrpc.o
  CC      net/ipv4/tcp_ipv4.o
  CC      net/ipv4/tcp_minisocks.o
  CC      net/ipv6/exthdrs_core.o
  CC      net/rxrpc/call_accept.o
  CC      net/ipv6/ip6_checksum.o
  CC      net/ipv4/tcp_cong.o
  CC      net/ipv4/tcp_metrics.o
  CC      net/rxrpc/call_event.o
  CC      net/ipv6/ip6_icmp.o
  CC      net/ipv6/af_inet6.o
  CC      net/rxrpc/call_object.o
  CC      net/ipv4/tcp_fastopen.o
  CC      net/ipv6/anycast.o
  CC      net/rxrpc/call_state.o
  CC      net/ipv6/ip6_output.o
  CC      net/ipv4/tcp_recovery.o
  CC      net/ipv6/ip6_input.o
  CC      net/rxrpc/conn_client.o
  CC      net/ipv4/tcp_ulp.o
  CC      net/ipv6/addrconf.o
  CC      net/ipv4/tcp_offload.o
  CC      net/rxrpc/conn_event.o
  CC      net/ipv4/tcp_plb.o
  CC      net/rxrpc/conn_object.o
  CC      net/ipv4/datagram.o
  CC      net/ipv4/raw.o
  CC      net/ipv6/addrlabel.o
  CC      net/rxrpc/conn_service.o
  CC      net/ipv4/udp.o
  CC      net/ipv4/udp_offload.o
  CC      net/ipv6/route.o
  CC      net/rxrpc/input.o
  CC      net/ipv4/arp.o
  CC      net/rxrpc/input_rack.o
  CC      net/ipv4/icmp.o
  CC      net/ipv6/ip6_fib.o
  CC      net/ipv6/ipv6_sockglue.o
  CC      net/rxrpc/insecure.o
  CC      net/ipv4/devinet.o
  CC      net/rxrpc/io_thread.o
  CC      net/ipv6/ndisc.o
  CC      net/ipv6/udp.o
  CC      net/ipv4/af_inet.o
  CC      net/rxrpc/key.o
  CC      net/ipv6/raw.o
  CC      net/ipv6/icmp.o
  CC      net/ipv4/igmp.o
  CC      net/rxrpc/local_event.o
  CC      net/ipv6/mcast.o
  CC      net/ipv6/reassembly.o
  CC      net/rxrpc/local_object.o
  CC      net/ipv4/fib_frontend.o
  CC      net/ipv6/tcp_ipv6.o
  CC      net/rxrpc/misc.o
  CC      net/ipv6/ping.o
  CC      net/ipv4/fib_semantics.o
  CC      net/rxrpc/net_ns.o
  CC      net/ipv6/exthdrs.o
  CC      net/ipv6/datagram.o
  CC      net/ipv4/fib_trie.o
  CC      net/rxrpc/oob.o
  CC      net/ipv6/ip6_flowlabel.o
  CC      net/ipv6/inet6_connection_sock.o
  CC      net/rxrpc/output.o
  CC      net/ipv4/fib_notifier.o
  CC      net/ipv6/udp_offload.o
  CC      net/ipv6/seg6.o
  CC      net/ipv4/inet_fragment.o
  CC      net/rxrpc/peer_event.o
  CC      net/ipv6/fib6_notifier.o
  CC      net/ipv6/rpl.o
  CC      net/rxrpc/peer_object.o
  CC      net/ipv4/ping.o
  CC      net/ipv6/ioam6.o
  CC      net/ipv6/xfrm6_policy.o
  CC      net/rxrpc/recvmsg.o
  CC      net/ipv4/ip_tunnel_core.o
  CC      net/ipv6/xfrm6_state.o
  CC      net/ipv6/xfrm6_input.o
  CC      net/rxrpc/rtt.o
  CC      net/ipv4/gre_offload.o
  CC      net/ipv6/xfrm6_output.o
  CC      net/ipv6/xfrm6_protocol.o
  CC      net/rxrpc/security.o
  CC      net/ipv4/metrics.o
  CC      net/ipv6/fib6_rules.o
  CC      net/ipv6/seg6_iptunnel.o
  CC      net/rxrpc/sendmsg.o
  CC      net/ipv6/seg6_local.o
  CC      net/ipv4/netlink.o
  CC      net/ipv6/tunnel6.o
  CC      net/rxrpc/server_key.o
  CC      net/ipv4/nexthop.o
  CC      net/ipv6/ip6_vti.o
  CC      net/rxrpc/skbuff.o
  CC      net/ipv6/sit.o
  CC      net/ipv4/udp_tunnel_stub.o
  CC      net/rxrpc/txbuf.o
  CC      net/ipv6/ip6_tunnel.o
  CC      net/ipv6/output_core.o
  CC      net/ipv4/ip_tunnel.o
  CC      net/rxrpc/utils.o
  CC      net/ipv6/protocol.o
  CC      net/ipv6/ip6_offload.o
  AR      net/rxrpc/built-in.a
  CC      net/sctp/sm_statetable.o
  CC      net/ipv4/udp_tunnel_core.o
  CC      net/ipv6/exthdrs_offload.o
  CC      net/ipv6/inet6_hashtables.o
  CC      net/sctp/sm_statefuns.o
  CC      net/ipv6/ip6_udp_tunnel.o
  CC      net/ipv4/udp_tunnel_nic.o
  CC      net/ipv6/mcast_snoop.o
  CC      net/ipv4/tunnel4.o
  CC      net/ipv4/inet_diag.o
  CC      net/sctp/sm_sideeffect.o
  AR      net/ipv6/built-in.a
  CC      net/rds/af_rds.o
  CC      net/ipv4/tcp_diag.o
  CC      net/sctp/protocol.o
  CC      net/ipv4/tcp_cubic.o
  CC      net/rds/bind.o
  CC      net/rds/cong.o
  CC      net/ipv4/xfrm4_policy.o
  CC      net/sctp/endpointola.o
  CC      net/rds/connection.o
  CC      net/rds/info.o
  CC      net/ipv4/xfrm4_state.o
  CC      net/sctp/associola.o
  CC      net/rds/message.o
  CC      net/rds/recv.o
  CC      net/ipv4/xfrm4_input.o
  CC      net/sctp/transport.o
  CC      net/rds/send.o
  CC      net/ipv4/xfrm4_output.o
  CC      net/rds/stats.o
  CC      net/sctp/chunk.o
  CC      net/ipv4/xfrm4_protocol.o
  CC      net/rds/sysctl.o
  CC      net/rds/threads.o
  CC      net/sctp/sm_make_chunk.o
  AR      net/ipv4/built-in.a
  CC      net/dcb/dcbnl.o
  CC      net/rds/transport.o
  CC      net/rds/loop.o
  CC      net/rds/page.o
  CC      net/rds/rdma.o
  CC      net/sctp/ulpevent.o
  CC      net/dcb/dcbevent.o
  AR      net/dcb/built-in.a
  CC      net/dns_resolver/dns_key.o
  CC      net/dns_resolver/dns_query.o
  CC      net/sctp/inqueue.o
  AR      net/rds/built-in.a
  CC      net/sctp/outqueue.o
  CC      net/sctp/ulpqueue.o
  AR      net/dns_resolver/built-in.a
  CC      net/sctp/tsnmap.o
  CC      net/sctp/bind_addr.o
  CC      net/sctp/socket.o
  CC      net/sctp/primitive.o
  CC      net/sctp/output.o
  CC      net/sctp/input.o
  CC      net/sctp/debug.o
  CC      net/sctp/stream.o
  CC      net/sctp/auth.o
  CC      net/sctp/offload.o
  CC      net/sctp/stream_sched.o
  CC      net/sctp/stream_sched_prio.o
  CC      net/sctp/stream_sched_rr.o
  CC      net/sctp/stream_sched_fc.o
  CC      net/sctp/stream_interleave.o
  CC      net/sctp/ipv6.o
  CC      net/sctp/diag.o
  AR      net/sctp/built-in.a
  AR      net/built-in.a
  AR      built-in.a
  AR      built-in-fixup.a
  COPY    vmlinux.a
  LD      vmlinux.o
  MODPOST vmlinux.symvers
  CC      .vmlinux.export.o
  UPD     include/generated/utsversion.h
  CC      init/version-timestamp.o
  LD      vmlinux.unstripped
  NM      System.map
  SORTTAB vmlinux.unstripped
  OBJCOPY vmlinux
  GEN     modules.builtin.modinfo
  GEN     modules.builtin
  CC      arch/x86/boot/a20.o
  CC      arch/x86/boot/cmdline.o
  AS      arch/x86/boot/copy.o
  CC      arch/x86/boot/cpu.o
  CC      arch/x86/boot/cpuflags.o
  CC      arch/x86/boot/cpucheck.o
  CC      arch/x86/boot/early_serial_console.o
  CC      arch/x86/boot/edd.o
  CC      arch/x86/boot/main.o
  CC      arch/x86/boot/memory.o
  CC      arch/x86/boot/pm.o
  AS      arch/x86/boot/pmjump.o
  CC      arch/x86/boot/printf.o
  CC      arch/x86/boot/regs.o
  LDS     arch/x86/boot/compressed/vmlinux.lds
  CC      arch/x86/boot/string.o
  CC      arch/x86/boot/tty.o
  AS      arch/x86/boot/compressed/head_64.o
  VOFFSET arch/x86/boot/compressed/../voffset.h
  CC      arch/x86/boot/video.o
  CC      arch/x86/boot/compressed/string.o
  CC      arch/x86/boot/video-mode.o
  CC      arch/x86/boot/compressed/cmdline.o
  CC      arch/x86/boot/compressed/error.o
  OBJCOPY arch/x86/boot/compressed/vmlinux.bin
  CC      arch/x86/boot/version.o
  CC      arch/x86/boot/video-vga.o
  CC      arch/x86/boot/video-vesa.o
  CC      arch/x86/boot/video-bios.o
  CC      arch/x86/boot/compressed/cpuflags.o
  CC      arch/x86/boot/compressed/ident_map_64.o
  CC      arch/x86/boot/compressed/idt_64.o
  AS      arch/x86/boot/compressed/idt_handlers_64.o
  CC      arch/x86/boot/compressed/pgtable_64.o
  CC      arch/x86/boot/compressed/misc.o
  GZIP    arch/x86/boot/compressed/vmlinux.bin.gz
  MKPIGGY arch/x86/boot/compressed/piggy.S
  AS      arch/x86/boot/compressed/piggy.o
  LD      arch/x86/boot/compressed/vmlinux
  ZOFFSET arch/x86/boot/zoffset.h
  OBJCOPY arch/x86/boot/vmlinux.bin
  AS      arch/x86/boot/header.o
  LD      arch/x86/boot/setup.elf
  OBJCOPY arch/x86/boot/setup.bin
  BUILD   arch/x86/boot/bzImage
Kernel: arch/x86/boot/bzImage is ready  (#15)
make[5]: Leaving directory '/mnt/git-volume/kernel-test-mainline/build/rand500config-x86_64'
make[4]: Leaving directory '/mnt/git-volume/linux-mainline'
