make[4]: Entering directory '/mnt/git-volume/linux-stable-rc'
make[5]: Entering directory '/mnt/git-volume/kernel-test-stable-rc/build/randdefconfig-i386'
*** Default configuration is based on 'i386_defconfig'
#
# configuration written to .config
#
make[5]: Leaving directory '/mnt/git-volume/kernel-test-stable-rc/build/randdefconfig-i386'
make[4]: Leaving directory '/mnt/git-volume/linux-stable-rc'
make[4]: Entering directory '/mnt/git-volume/linux-stable-rc'
make[5]: Entering directory '/mnt/git-volume/kernel-test-stable-rc/build/randdefconfig-i386'
.config:5254:warning: override: reassigning to symbol YENTA_ENE_TUNE
.config:5255:warning: override: reassigning to symbol ARCH_SUPPORTS_KMAP_LOCAL_FORCE_MAP
.config:5256:warning: override: reassigning to symbol NLS
.config:5257:warning: override: reassigning to symbol XARRAY_MULTI
.config:5258:warning: override: reassigning to symbol DEBUG_INFO_NONE
.config:5259:warning: override: reassigning to symbol FW_CACHE
.config:5260:warning: override: reassigning to symbol VIRTIO_DMA_SHARED_BUFFER
.config:5261:warning: override: reassigning to symbol HDMI
.config:5262:warning: override: reassigning to symbol AUDITSYSCALL
.config:5263:warning: override: reassigning to symbol DEBUG_ENTRY
.config:5264:warning: override: reassigning to symbol MITIGATION_SPECTRE_BHI
.config:5265:warning: override: reassigning to symbol EFI
.config:5266:warning: override: reassigning to symbol NET_VENDOR_NATSEMI
.config:5267:warning: override: reassigning to symbol AUTOFS_FS
.config:5268:warning: override: reassigning to symbol ARCH_USE_SYM_ANNOTATIONS
.config:5269:warning: override: reassigning to symbol X86_CPUID
.config:5270:warning: override: reassigning to symbol TCP_CONG_CUBIC
.config:5271:warning: override: reassigning to symbol HID_GYRATION
.config:5272:warning: override: reassigning to symbol IP_MULTIPLE_TABLES
.config:5273:warning: override: reassigning to symbol IPV6_SIT
.config:5274:warning: override: reassigning to symbol ARCH_CONFIGURES_CPU_MITIGATIONS
.config:5275:warning: override: reassigning to symbol INPUT_FF_MEMLESS
.config:5276:warning: override: reassigning to symbol MD_BITMAP
.config:5277:warning: override: reassigning to symbol PERF_EVENTS_AMD_UNCORE
.config:5278:warning: override: reassigning to symbol ISA_DMA_API
.config:5279:warning: override: reassigning to symbol MAC80211_RC_DEFAULT_MINSTREL
.config:5280:warning: override: reassigning to symbol IOMMU_DEFAULT_DMA_LAZY
.config:5281:warning: override: reassigning to symbol ARCH_SUPPORTS_KEXEC_BZIMAGE_VERIFY_SIG
.config:5282:warning: override: reassigning to symbol ACPI_MDIO
.config:5283:warning: override: reassigning to symbol HSU_DMA
.config:5284:warning: override: reassigning to symbol TASKS_TRACE_RCU
.config:5285:warning: override: reassigning to symbol CFG80211
.config:5286:warning: override: reassigning to symbol NET_VENDOR_CISCO
.config:5287:warning: override: reassigning to symbol ARCH_HAS_SYSCALL_WRAPPER
.config:5288:warning: override: reassigning to symbol SND_JACK
.config:5289:warning: override: reassigning to symbol NETFILTER_SKIP_EGRESS
.config:5290:warning: override: reassigning to symbol PAGE_COUNTER
.config:5291:warning: override: reassigning to symbol VMSPLIT_3G
.config:5292:warning: override: reassigning to symbol ARCH_WANTS_NO_INSTR
.config:5293:warning: override: reassigning to symbol FONT_SUPPORT
.config:5294:warning: override: reassigning to symbol INTEL_GTT
.config:5295:warning: override: reassigning to symbol PTP_1588_CLOCK_OPTIONAL
.config:5296:warning: override: reassigning to symbol EXPORTFS
.config:5297:warning: override: reassigning to symbol ARCH_USE_QUEUED_SPINLOCKS
.config:5298:warning: override: reassigning to symbol SERIAL_8250_CONSOLE
.config:5299:warning: override: reassigning to symbol PCI_MSI
.config:5300:warning: override: reassigning to symbol CPU_FREQ_GOV_USERSPACE
.config:5301:warning: override: reassigning to symbol YENTA_O2
.config:5302:warning: override: reassigning to symbol NF_NAT_IRC
.config:5303:warning: override: reassigning to symbol GCC10_NO_ARRAY_BOUNDS
.config:5304:warning: override: reassigning to symbol CC_NO_ARRAY_BOUNDS
.config:5305:warning: override: reassigning to symbol X86_BUS_LOCK_DETECT
.config:5306:warning: override: reassigning to symbol PM_TRACE
.config:5307:warning: override: reassigning to symbol AS_IS_GNU
.config:5308:warning: override: reassigning to symbol HID_SAMSUNG
.config:5309:warning: override: reassigning to symbol NETFILTER
.config:5310:warning: override: reassigning to symbol NET_SCHED
.config:5311:warning: override: reassigning to symbol X86_DISABLED_FEATURE_LASS
.config:5312:warning: override: reassigning to symbol RD_GZIP
.config:5313:warning: override: reassigning to symbol X86_DISABLED_FEATURE_SYSCALL32
.config:5314:warning: override: reassigning to symbol NEED_PER_CPU_EMBED_FIRST_CHUNK
.config:5315:warning: override: reassigning to symbol DYNAMIC_EVENTS
.config:5316:warning: override: reassigning to symbol HAVE_PCI
.config:5317:warning: override: reassigning to symbol INTEL_TCC
.config:5318:warning: override: reassigning to symbol HAVE_ARCH_TRANSPARENT_HUGEPAGE
.config:5319:warning: override: reassigning to symbol MOUSE_PS2_LOGIPS2PP
.config:5320:warning: override: reassigning to symbol ARCH_HAS_FAST_MULTIPLIER
.config:5321:warning: override: reassigning to symbol HAVE_CMPXCHG_DOUBLE
.config:5322:warning: override: reassigning to symbol NET_VENDOR_FUNGIBLE
.config:5323:warning: override: reassigning to symbol PROFILING
.config:5324:warning: override: reassigning to symbol CRYPTO_HASH2
.config:5325:warning: override: reassigning to symbol HAVE_PCSPKR_PLATFORM
.config:5326:warning: override: reassigning to symbol DMA_OPS_HELPERS
.config:5327:warning: override: reassigning to symbol HAVE_ARCH_KGDB
.config:5328:warning: override: reassigning to symbol CRYPTO_SIG
.config:5329:warning: override: reassigning to symbol KMAP_LOCAL
.config:5330:warning: override: reassigning to symbol RD_LZ4
.config:5331:warning: override: reassigning to symbol CLOCKSOURCE_WATCHDOG
.config:5332:warning: override: reassigning to symbol SYSVIPC_SYSCTL
.config:5333:warning: override: reassigning to symbol X86_DISABLED_FEATURE_IBT
.config:5334:warning: override: reassigning to symbol UNIX
.config:5335:warning: override: reassigning to symbol RD_LZO
.config:5336:warning: override: reassigning to symbol NETFILTER_XT_TARGET_MASQUERADE
.config:5337:warning: override: reassigning to symbol SURFACE_PLATFORMS
.config:5338:warning: override: reassigning to symbol NET_VENDOR_MELLANOX
.config:5339:warning: override: reassigning to symbol NFS_V4
.config:5340:warning: override: reassigning to symbol NF_NAT_SIP
.config:5341:warning: override: reassigning to symbol SERIAL_8250_PCILIB
.config:5342:warning: override: reassigning to symbol X509_CERTIFICATE_PARSER
.config:5343:warning: override: reassigning to symbol SECCOMP_FILTER
.config:5344:warning: override: reassigning to symbol ARCH_HAS_STRICT_MODULE_RWX
.config:5345:warning: override: reassigning to symbol POWER_SUPPLY
.config:5346:warning: override: reassigning to symbol X86_INTEL_PSTATE
.config:5347:warning: override: reassigning to symbol UNIX98_PTYS
.config:5348:warning: override: reassigning to symbol MITIGATION_SRBDS
.config:5349:warning: override: reassigning to symbol MAC80211_HAS_RC
.config:5350:warning: override: reassigning to symbol PERF_EVENTS_INTEL_UNCORE
.config:5351:warning: override: reassigning to symbol X86_UMIP
.config:5352:warning: override: reassigning to symbol IO_DELAY_0X80
.config:5353:warning: override: reassigning to symbol NET_DEVMEM
.config:5354:warning: override: reassigning to symbol SUNRPC
.config:5355:warning: override: reassigning to symbol CONTEXT_TRACKING
.config:5356:warning: override: reassigning to symbol RANDOMIZE_KSTACK_OFFSET
.config:5357:warning: override: reassigning to symbol PGTABLE_HAS_HUGE_LEAVES
.config:5358:warning: override: reassigning to symbol HAVE_ASM_MODVERSIONS
.config:5359:warning: override: reassigning to symbol BLK_DEV_WRITE_MOUNTED
.config:5360:warning: override: reassigning to symbol EPROBE_EVENTS
.config:5361:warning: override: reassigning to symbol EFI_EARLYCON
.config:5362:warning: override: reassigning to symbol IP_PNP_RARP
.config:5363:warning: override: reassigning to symbol EDAC_ATOMIC_SCRUB
.config:5364:warning: override: reassigning to symbol SND_HDA_HWDEP
.config:5365:warning: override: reassigning to symbol NET_EGRESS
.config:5366:warning: override: reassigning to symbol DMA_SHARED_BUFFER
.config:5367:warning: override: reassigning to symbol EXT4_USE_FOR_EXT2
.config:5368:warning: override: reassigning to symbol TASK_DELAY_ACCT
.config:5369:warning: override: reassigning to symbol THERMAL_GOV_STEP_WISE
.config:5370:warning: override: reassigning to symbol DEBUG_KERNEL
.config:5371:warning: override: reassigning to symbol NET_VENDOR_ASIX
.config:5372:warning: override: reassigning to symbol NET_RX_BUSY_POLL
.config:5373:warning: override: reassigning to symbol SGL_ALLOC
.config:5374:warning: override: reassigning to symbol WLAN
.config:5375:warning: override: reassigning to symbol KVFREE_RCU_BATCHED
.config:5376:warning: override: reassigning to symbol DECOMPRESS_ZSTD
.config:5377:warning: override: reassigning to symbol GENERIC_SMP_IDLE_THREAD
.config:5378:warning: override: reassigning to symbol HAVE_HARDLOCKUP_DETECTOR_PERF
.config:5379:warning: override: reassigning to symbol X86_HV_CALLBACK_VECTOR
.config:5380:warning: override: reassigning to symbol NET_VENDOR_CAVIUM
.config:5381:warning: override: reassigning to symbol PROC_FS
.config:5382:warning: override: reassigning to symbol USE_X86_SEG_SUPPORT
.config:5383:warning: override: reassigning to symbol WLAN_VENDOR_MEDIATEK
.config:5384:warning: override: reassigning to symbol NETFILTER_XT_MATCH_CONNTRACK
.config:5385:warning: override: reassigning to symbol TIGON3
.config:5386:warning: override: reassigning to symbol PROC_PID_ARCH_STATUS
.config:5387:warning: override: reassigning to symbol BLK_DEV
.config:5388:warning: override: reassigning to symbol THERMAL_HWMON
.config:5389:warning: override: reassigning to symbol EVENTFD
.config:5390:warning: override: reassigning to symbol USER_STACKTRACE_SUPPORT
.config:5391:warning: override: reassigning to symbol SND_PCM
.config:5392:warning: override: reassigning to symbol I2C_HELPER_AUTO
.config:5393:warning: override: reassigning to symbol POSIX_TIMERS
.config:5394:warning: override: reassigning to symbol SCHED_INFO
.config:5395:warning: override: reassigning to symbol HAVE_STACKPROTECTOR
.config:5396:warning: override: reassigning to symbol NF_CONNTRACK_SECMARK
.config:5397:warning: override: reassigning to symbol CRYPTO_MANAGER
.config:5398:warning: override: reassigning to symbol IP_MROUTE
.config:5399:warning: override: reassigning to symbol SLUB
.config:5400:warning: override: reassigning to symbol ARCH_32BIT_OFF_T
.config:5401:warning: override: reassigning to symbol X86_ESPFIX32
.config:5402:warning: override: reassigning to symbol X86_TSC
.config:5403:warning: override: reassigning to symbol BPF
.config:5404:warning: override: reassigning to symbol GENERIC_IRQ_RESERVATION_MODE
.config:5405:warning: override: reassigning to symbol BNX2
.config:5406:warning: override: reassigning to symbol DEVPORT
.config:5407:warning: override: reassigning to symbol KEYS
.config:5408:warning: override: reassigning to symbol NFS_V4_0
.config:5409:warning: override: reassigning to symbol FREEZER
.config:5410:warning: override: reassigning to symbol CPU_FREQ_GOV_ATTR_SET
.config:5411:warning: override: reassigning to symbol DECOMPRESS_BZIP2
.config:5412:warning: override: reassigning to symbol X86_MCE_INTEL
.config:5413:warning: override: reassigning to symbol FAILOVER
.config:5414:warning: override: reassigning to symbol NO_HZ_IDLE
.config:5415:warning: override: reassigning to symbol NETWORK_FILESYSTEMS
.config:5416:warning: override: reassigning to symbol MITIGATION_MDS
.config:5417:warning: override: reassigning to symbol USB_HIDDEV
.config:5418:warning: override: reassigning to symbol NETCONSOLE
.config:5419:warning: override: reassigning to symbol HAVE_C_RECORDMCOUNT
.config:5420:warning: override: reassigning to symbol NET_XGRESS
.config:5421:warning: override: reassigning to symbol SERIAL_8250_LPSS
.config:5422:warning: override: reassigning to symbol CRYPTO_SIG2
.config:5423:warning: override: reassigning to symbol CC_HAS_ASM_INLINE
.config:5424:warning: override: reassigning to symbol CPU_IDLE_GOV_HALTPOLL
.config:5425:warning: override: reassigning to symbol X86_DISABLED_FEATURE_UNRET
.config:5426:warning: override: reassigning to symbol QUEUED_RWLOCKS
.config:5427:warning: override: reassigning to symbol HID_GENERIC
.config:5428:warning: override: reassigning to symbol DRM_VIRTIO_GPU
.config:5429:warning: override: reassigning to symbol E1000E_HWTS
.config:5430:warning: override: reassigning to symbol PM_TRACE_RTC
.config:5431:warning: override: reassigning to symbol CRYPTO_AES
.config:5432:warning: override: reassigning to symbol GENERIC_IRQ_EFFECTIVE_AFF_MASK
.config:5433:warning: override: reassigning to symbol ACPI_VIDEO
.config:5434:warning: override: reassigning to symbol DRM_DISPLAY_HDMI_HELPER
.config:5435:warning: override: reassigning to symbol I2C_HID
.config:5436:warning: override: reassigning to symbol CGROUP_HUGETLB
.config:5437:warning: override: reassigning to symbol HAVE_EISA
.config:5438:warning: override: reassigning to symbol CRYPTO_SKCIPHER
.config:5439:warning: override: reassigning to symbol FIRMWARE_MEMMAP
.config:5440:warning: override: reassigning to symbol SERIAL_8250_RSA
.config:5441:warning: override: reassigning to symbol KCMP
.config:5442:warning: override: reassigning to symbol VIDEO
.config:5443:warning: override: reassigning to symbol DRM_DISPLAY_HDCP_HELPER
.config:5444:warning: override: reassigning to symbol CGROUPS
.config:5445:warning: override: reassigning to symbol NET_VENDOR_TI
.config:5446:warning: override: reassigning to symbol HAS_DMA
.config:5447:warning: override: reassigning to symbol RD_XZ
.config:5448:warning: override: reassigning to symbol CC_HAS_MARCH_NATIVE
.config:5449:warning: override: reassigning to symbol MODULE_UNLOAD
.config:5450:warning: override: reassigning to symbol HAVE_EXIT_THREAD
.config:5451:warning: override: reassigning to symbol PAGE_SIZE_LESS_THAN_64KB
.config:5452:warning: override: reassigning to symbol ARCH_SUPPORTS_DEBUG_PAGEALLOC
.config:5453:warning: override: reassigning to symbol X86_DISABLED_FEATURE_PKU
.config:5454:warning: override: reassigning to symbol NET_9P
.config:5455:warning: override: reassigning to symbol GENERIC_IRQ_MATRIX_ALLOCATOR
.config:5456:warning: override: reassigning to symbol PHY_PACKAGE
.config:5457:warning: override: reassigning to symbol HID_SONY
.config:5458:warning: override: reassigning to symbol CRYPTO_LIB_ARC4
.config:5459:warning: override: reassigning to symbol MIGRATION
.config:5460:warning: override: reassigning to symbol HAVE_SYSCALL_TRACEPOINTS
.config:5461:warning: override: reassigning to symbol ARCH_WANTS_DYNAMIC_TASK_STRUCT
.config:5462:warning: override: reassigning to symbol NET_VENDOR_NVIDIA
.config:5463:warning: override: reassigning to symbol ARCH_HAS_NMI_SAFE_THIS_CPU_OPS
.config:5464:warning: override: reassigning to symbol HOTPLUG_CPU
.config:5465:warning: override: reassigning to symbol PRINTK_TIME
.config:5466:warning: override: reassigning to symbol TIME_NS_VDSO
.config:5467:warning: override: reassigning to symbol NET_VENDOR_SILAN
.config:5468:warning: override: reassigning to symbol NET_VENDOR_PENSANDO
.config:5469:warning: override: reassigning to symbol INPUT
.config:5470:warning: override: reassigning to symbol PERF_EVENTS_INTEL_CSTATE
.config:5471:warning: override: reassigning to symbol SERIAL_8250_SHARE_IRQ
.config:5472:warning: override: reassigning to symbol NET_HANDSHAKE
.config:5473:warning: override: reassigning to symbol NET_VENDOR_DAVICOM
.config:5474:warning: override: reassigning to symbol X86_IOPL_IOPERM
.config:5475:warning: override: reassigning to symbol WLAN_VENDOR_RSI
.config:5476:warning: override: reassigning to symbol TOOLS_SUPPORT_RELR
.config:5477:warning: override: reassigning to symbol PNP
.config:5478:warning: override: reassigning to symbol SND_DMA_SGBUF
.config:5479:warning: override: reassigning to symbol WERROR
.config:5480:warning: override: reassigning to symbol SND_HWDEP
.config:5481:warning: override: reassigning to symbol ARCH_HAS_DEVMEM_IS_ALLOWED
.config:5482:warning: override: reassigning to symbol PCI_LABEL
.config:5483:warning: override: reassigning to symbol GENERIC_CPU_DEVICES
.config:5484:warning: override: reassigning to symbol NFS_ACL_SUPPORT
.config:5485:warning: override: reassigning to symbol NET
.config:5486:warning: override: reassigning to symbol KPROBE_EVENTS
.config:5487:warning: override: reassigning to symbol SERIAL_8250_MID
.config:5488:warning: override: reassigning to symbol HID_NTRIG
.config:5489:warning: override: reassigning to symbol BINARY_PRINTF
.config:5490:warning: override: reassigning to symbol PATA_AMD
.config:5491:warning: override: reassigning to symbol HAVE_DYNAMIC_FTRACE
.config:5492:warning: override: reassigning to symbol I2C
.config:5493:warning: override: reassigning to symbol EEEPC_LAPTOP
.config:5494:warning: override: reassigning to symbol X86_NEED_RELOCS
.config:5495:warning: override: reassigning to symbol ACPI
.config:5496:warning: override: reassigning to symbol MITIGATION_RETBLEED
.config:5497:warning: override: reassigning to symbol RANDOMIZE_BASE
.config:5498:warning: override: reassigning to symbol MODIFY_LDT_SYSCALL
.config:5499:warning: override: reassigning to symbol TRACE_IRQFLAGS_NMI_SUPPORT
.config:5500:warning: override: reassigning to symbol ARCH_HAS_MEMBARRIER_SYNC_CORE
.config:5501:warning: override: reassigning to symbol CPU_SUP_TRANSMETA_32
.config:5502:warning: override: reassigning to symbol IPV6_NDISC_NODETYPE
.config:5503:warning: override: reassigning to symbol NET_IP_TUNNEL
.config:5504:warning: override: reassigning to symbol INPUT_TOUCHSCREEN
.config:5505:warning: override: reassigning to symbol WLAN_VENDOR_ATH
.config:5506:warning: override: reassigning to symbol CRC_OPTIMIZATIONS
.config:5507:warning: override: reassigning to symbol CONSOLE_TRANSLATIONS
.config:5508:warning: override: reassigning to symbol NO_HZ_COMMON
.config:5509:warning: override: reassigning to symbol HOTPLUG_PCI
.config:5510:warning: override: reassigning to symbol SERIAL_8250_DWLIB
.config:5511:warning: override: reassigning to symbol RFKILL_INPUT
.config:5512:warning: override: reassigning to symbol ARCH_HIBERNATION_HEADER
.config:5513:warning: override: reassigning to symbol RTC_DRV_CMOS
.config:5514:warning: override: reassigning to symbol PCCARD
.config:5515:warning: override: reassigning to symbol DRM_I915_USERPTR
.config:5516:warning: override: reassigning to symbol ARCH_SUPPORTS_KEXEC_SIG
.config:5517:warning: override: reassigning to symbol ARCH_HAS_CPU_RELAX
.config:5518:warning: override: reassigning to symbol DEVTMPFS_MOUNT
.config:5519:warning: override: reassigning to symbol AGP_INTEL
.config:5520:warning: override: reassigning to symbol SCHED_OMIT_FRAME_POINTER
.config:5521:warning: override: reassigning to symbol CRYPTO_LZO
.config:5522:warning: override: reassigning to symbol GENERIC_IRQ_MIGRATION
.config:5523:warning: override: reassigning to symbol CRYPTO_SKCIPHER2
.config:5524:warning: override: reassigning to symbol NF_DEFRAG_IPV6
.config:5525:warning: override: reassigning to symbol VIRTIO_CONSOLE
.config:5526:warning: override: reassigning to symbol SSB_POSSIBLE
.config:5527:warning: override: reassigning to symbol SPARSE_IRQ
.config:5528:warning: override: reassigning to symbol MAGIC_SYSRQ_SERIAL
.config:5529:warning: override: reassigning to symbol IO_URING
.config:5530:warning: override: reassigning to symbol PATA_OLDPIIX
.config:5531:warning: override: reassigning to symbol SND_INTEL_SOUNDWIRE_ACPI
.config:5532:warning: override: reassigning to symbol NEED_PER_CPU_PAGE_FIRST_CHUNK
.config:5533:warning: override: reassigning to symbol ARCH_HAS_UBSAN
.config:5534:warning: override: reassigning to symbol INET6_ESP
.config:5535:warning: override: reassigning to symbol IP_PNP_DHCP
.config:5536:warning: override: reassigning to symbol MMU_GATHER_MERGE_VMAS
.config:5537:warning: override: reassigning to symbol NET_VENDOR_MICROSOFT
.config:5538:warning: override: reassigning to symbol ADVISE_SYSCALLS
.config:5539:warning: override: reassigning to symbol NETFILTER_NETLINK_LOG
.config:5540:warning: override: reassigning to symbol GENERIC_BUG
.config:5541:warning: override: reassigning to symbol NET_VENDOR_MYRI
.config:5542:warning: override: reassigning to symbol INET_TUNNEL
.config:5543:warning: override: reassigning to symbol CC_HAS_AUTO_VAR_INIT_ZERO
.config:5544:warning: override: reassigning to symbol NET_VENDOR_HISILICON
.config:5545:warning: override: reassigning to symbol DECOMPRESS_LZO
.config:5546:warning: override: reassigning to symbol HUGETLB_PAGE
.config:5547:warning: override: reassigning to symbol BQL
.config:5548:warning: override: reassigning to symbol SND_SEQ_DUMMY
.config:5549:warning: override: reassigning to symbol ACPI_EC
.config:5550:warning: override: reassigning to symbol GENERIC_CLOCKEVENTS_BROADCAST_IDLE
.config:5551:warning: override: reassigning to symbol ARCH_HAS_CPU_FINALIZE_INIT
.config:5552:warning: override: reassigning to symbol SND_TIMER
.config:5553:warning: override: reassigning to symbol MITIGATION_SPECTRE_V2
.config:5567:warning: override: reassigning to symbol PRINTK
.config:5571:warning: override: reassigning to symbol TTY
.config:5574:warning: override: reassigning to symbol BLK_DEV_INITRD
.config:5575:warning: override: reassigning to symbol RD_GZIP
.config:5578:warning: override: reassigning to symbol BINFMT_ELF
.config:5579:warning: override: reassigning to symbol BINFMT_SCRIPT
.config:5582:warning: override: reassigning to symbol TMPFS
.config:5585:warning: override: reassigning to symbol KERNEL_GZIP
.config:5588:warning: override: reassigning to symbol DRM
.config:5589:warning: override: reassigning to symbol SOUND
.config:5590:warning: override: reassigning to symbol STAGING
.config:5591:warning: override: reassigning to symbol INFINIBAND
.config:5592:warning: override: reassigning to symbol MEDIA_SUPPORT
.config:5594:warning: override: reassigning to symbol SERIAL_8250
.config:5595:warning: override: reassigning to symbol SERIAL_8250_CONSOLE
#
# configuration written to .config
#
make[5]: Leaving directory '/mnt/git-volume/kernel-test-stable-rc/build/randdefconfig-i386'
make[4]: Leaving directory '/mnt/git-volume/linux-stable-rc'
make[4]: Entering directory '/mnt/git-volume/linux-stable-rc'
make[5]: Entering directory '/mnt/git-volume/kernel-test-stable-rc/build/randdefconfig-i386'
  SYNC    include/config/auto.conf.cmd
  UPD     arch/x86/include/generated/asm/cpufeaturemasks.h
  HOSTCC  arch/x86/tools/relocs_32.o
  HOSTCC  arch/x86/tools/relocs_64.o
  HOSTCC  scripts/kallsyms
  HOSTCC  arch/x86/tools/relocs_common.o
  HOSTCC  arch/x86/tools/vdso2c
  HOSTLD  arch/x86/tools/relocs
  UPD     include/config/kernel.release
  HOSTCC  scripts/sorttable.o
  UPD     include/generated/utsrelease.h
  HOSTCC  scripts/elf-parse.o
  HOSTCC  scripts/asn1_compiler
  HOSTCC  scripts/tracepoint-update.o
  HOSTLD  scripts/sorttable
  HOSTLD  scripts/tracepoint-update
  CC      scripts/mod/empty.o
  HOSTCC  scripts/mod/mk_elfconfig
  CC      scripts/mod/devicetable-offsets.s
  MKELF   scripts/mod/elfconfig.h
  HOSTCC  scripts/mod/modpost.o
  HOSTCC  scripts/mod/sumversion.o
  HOSTCC  scripts/mod/symsearch.o
  HOSTCC  scripts/mod/file2alias.o
  HOSTLD  scripts/mod/modpost
  CC      kernel/bounds.s
  CC      arch/x86/kernel/asm-offsets.s
  UPD     include/generated/asm-offsets.h
  CC      kernel/sched/rq-offsets.s
  UPD     include/generated/rq-offsets.h
  CALL    /mnt/git-volume/linux-stable-rc/scripts/checksyscalls.sh 
  HOSTCC  usr/gen_init_cpio
  AS      arch/x86/entry/entry.o
  CC      init/main.o
  AS      arch/x86/entry/entry_32.o
  CC      arch/x86/entry/syscall_32.o
  GEN     usr/initramfs_data.cpio
  COPY    usr/initramfs_inc_data
  AS      usr/initramfs_data.o
  AR      usr/built-in.a
  UPD     init/utsversion-tmp.h
  CC      init/do_mounts.o
  CC      kernel/fork.o
  CC      kernel/exec_domain.o
  CC      arch/x86/entry/common.o
  CC      init/do_mounts_initrd.o
  CC      init/initramfs.o
  CC      kernel/panic.o
  CC      kernel/cpu.o
  CC      arch/x86/entry/vdso/vma.o
  CC      arch/x86/entry/vdso/extable.o
  CC      kernel/exit.o
  CC      init/calibrate.o
  CC      init/init_task.o
  CC      kernel/softirq.o
  CC      arch/x86/entry/vdso/vdso32-setup.o
  CC      init/version.o
  LDS     arch/x86/entry/vdso/vdso32/vdso32.lds
  AS      arch/x86/entry/vdso/vdso32/note.o
  CC      arch/x86/entry/vdso/vdso32/vclock_gettime.o
  AR      init/built-in.a
  AR      certs/built-in.a
  CC      kernel/resource.o
  CC      arch/x86/events/core.o
  CC      arch/x86/entry/vdso/vdso32/vgetcpu.o
  AS      arch/x86/entry/vdso/vdso32/system_call.o
  AS      arch/x86/entry/vdso/vdso32/sigreturn.o
  CC      mm/filemap.o
  VDSO    arch/x86/entry/vdso/vdso32/vdso32.so.dbg
  OBJCOPY arch/x86/entry/vdso/vdso32/vdso32.so
  VDSO2C  arch/x86/entry/vdso/vdso32/vdso32-image.c
  CC      arch/x86/entry/vdso/vdso32/vdso32-image.o
  AR      arch/x86/entry/vdso/vdso32/built-in.a
  AR      arch/x86/entry/vdso/built-in.a
  AS      arch/x86/entry/thunk.o
  AR      arch/x86/entry/built-in.a
  CC      arch/x86/realmode/init.o
  CC      kernel/sysctl.o
  AS      arch/x86/realmode/rm/header.o
  AS      arch/x86/realmode/rm/trampoline_32.o
  AS      arch/x86/realmode/rm/stack.o
  AS      arch/x86/realmode/rm/reboot.o
  PASYMS  arch/x86/realmode/rm/pasyms.h
  LDS     arch/x86/realmode/rm/realmode.lds
  LD      arch/x86/realmode/rm/realmode.elf
  RELOCS  arch/x86/realmode/rm/realmode.relocs
  OBJCOPY arch/x86/realmode/rm/realmode.bin
  AS      arch/x86/realmode/rmpiggy.o
  AR      arch/x86/realmode/built-in.a
  CC      mm/mempool.o
  CC      arch/x86/events/probe.o
  CC      arch/x86/events/utils.o
  CC      kernel/capability.o
  CC      mm/oom_kill.o
  CC      mm/fadvise.o
  CC      arch/x86/events/rapl.o
  CC      kernel/ptrace.o
  CC      mm/maccess.o
  CC      mm/page-writeback.o
  CC      arch/x86/events/amd/core.o
  CC      kernel/user.o
  CC      mm/folio-compat.o
  CC      kernel/signal.o
  CC      mm/readahead.o
  CC      arch/x86/events/amd/lbr.o
  CC      mm/swap.o
  CC      arch/x86/events/amd/ibs.o
  CC      mm/truncate.o
  CC      mm/vmscan.o
  CC      kernel/sys.o
  AR      arch/x86/events/amd/built-in.a
  CC      arch/x86/events/msr.o
  CC      mm/shrinker.o
  CC      arch/x86/events/intel/core.o
  CC      mm/shmem.o
  CC      kernel/umh.o
  CC      kernel/workqueue.o
  CC      kernel/pid.o
  CC      mm/util.o
  CC      kernel/task_work.o
  CC      arch/x86/events/intel/bts.o
  CC      mm/mmzone.o
  CC      kernel/extable.o
  CC      mm/vmstat.o
  CC      kernel/params.o
  CC      arch/x86/events/intel/ds.o
  CC      kernel/kthread.o
  CC      kernel/sys_ni.o
  CC      mm/backing-dev.o
  CC      kernel/nsproxy.o
  CC      arch/x86/events/intel/knc.o
  CC      arch/x86/events/intel/lbr.o
  CC      mm/mm_init.o
  CC      kernel/nstree.o
  CC      arch/x86/events/intel/p4.o
  CC      arch/x86/events/intel/p6.o
  CC      kernel/nscommon.o
  CC      mm/percpu.o
  CC      kernel/notifier.o
  CC      arch/x86/events/intel/pt.o
  CC      kernel/ksysfs.o
  CC      kernel/cred.o
  CC      kernel/reboot.o
  AR      arch/x86/events/intel/built-in.a
  CC      arch/x86/events/zhaoxin/core.o
  CC      mm/slab_common.o
  CC      kernel/async.o
  CC      kernel/range.o
  CC      kernel/smpboot.o
  CC      kernel/ucount.o
  AR      arch/x86/events/zhaoxin/built-in.a
  AR      arch/x86/events/built-in.a
  AS      arch/x86/kernel/head_32.o
  CC      kernel/regset.o
  CC      arch/x86/kernel/head32.o
  CC      arch/x86/mm/init.o
  CC      kernel/ksyms_common.o
  CC      arch/x86/kernel/ebda.o
  CC      mm/compaction.o
  CC      arch/x86/mm/init_32.o
  CC      kernel/groups.o
  CC      arch/x86/kernel/platform-quirks.o
  CC      arch/x86/kernel/process_32.o
  CC      arch/x86/mm/fault.o
  CC      kernel/sched/core.o
  CC      arch/x86/kernel/signal.o
  CC      mm/show_mem.o
  CC      arch/x86/mm/ioremap.o
  CC      arch/x86/kernel/signal_32.o
  CC      mm/interval_tree.o
  CC      arch/x86/mm/extable.o
  CC      arch/x86/kernel/traps.o
  CC      mm/list_lru.o
  CC      arch/x86/mm/mmap.o
  CC      mm/workingset.o
  CC      arch/x86/kernel/idt.o
  CC      kernel/sched/fair.o
  CC      arch/x86/mm/pgtable.o
  CC      mm/debug.o
  CC      arch/x86/kernel/irq.o
  CC      arch/x86/mm/physaddr.o
  CC      arch/x86/mm/tlb.o
  CC      mm/gup.o
  CC      arch/x86/kernel/irq_32.o
  CC      arch/x86/mm/cpu_entry_area.o
  CC      arch/x86/kernel/dumpstack_32.o
  CC      kernel/sched/build_policy.o
  CC      mm/mmap_lock.o
  CC      arch/x86/mm/maccess.o
  CC      arch/x86/kernel/time.o
  CC      arch/x86/mm/pgprot.o
  CC      mm/vma_init.o
  CC      arch/x86/kernel/ioport.o
  CC      arch/x86/mm/pat/set_memory.o
  CC      arch/x86/kernel/dumpstack.o
  CC      mm/highmem.o
  CC      arch/x86/mm/pat/memtype.o
  CC      arch/x86/kernel/nmi.o
  CC      mm/memory.o
  CC      arch/x86/mm/pat/memtype_interval.o
  CC      kernel/sched/build_utility.o
  CC      arch/x86/kernel/ldt.o
  AR      arch/x86/mm/pat/built-in.a
  CC      arch/x86/mm/pgtable_32.o
  CC      arch/x86/mm/iomap_32.o
  CC      arch/x86/kernel/setup.o
  CC      arch/x86/mm/hugetlbpage.o
  CC      mm/mincore.o
  CC      arch/x86/kernel/x86_init.o
  AR      arch/x86/mm/built-in.a
  AR      arch/x86/platform/efi/built-in.a
  CC      arch/x86/platform/intel/iosf_mbi.o
  AR      arch/x86/platform/intel/built-in.a
  CC      arch/x86/kernel/i8259.o
  CC      mm/mlock.o
  AR      arch/x86/platform/built-in.a
  CC      arch/x86/virt/svm/cmdline.o
  AR      arch/x86/virt/svm/built-in.a
  AR      arch/x86/virt/built-in.a
  CC      mm/mmap.o
  AR      kernel/sched/built-in.a
  CC      kernel/locking/mutex.o
  CC      arch/x86/kernel/irqinit.o
  CC      kernel/locking/semaphore.o
  CC      mm/mmu_gather.o
  CC      arch/x86/kernel/jump_label.o
  CC      kernel/locking/rwsem.o
  CC      kernel/locking/percpu-rwsem.o
  CC      arch/x86/kernel/irq_work.o
  CC      mm/mprotect.o
  CC      kernel/locking/spinlock.o
  CC      kernel/locking/osq_lock.o
  CC      kernel/locking/qspinlock.o
  CC      kernel/locking/rtmutex_api.o
  CC      arch/x86/kernel/probe_roms.o
  CC      kernel/locking/qrwlock.o
  CC      mm/mremap.o
  CC      mm/msync.o
  AR      kernel/locking/built-in.a
  CC      kernel/power/qos.o
  CC      arch/x86/kernel/sys_ia32.o
  CC      kernel/power/main.o
  CC      mm/page_vma_mapped.o
  CC      arch/x86/kernel/ksysfs.o
  CC      kernel/power/console.o
  CC      arch/x86/kernel/bootflag.o
  CC      mm/pagewalk.o
  CC      kernel/printk/printk.o
  CC      kernel/power/process.o
  CC      arch/x86/kernel/e820.o
  CC      mm/pgtable-generic.o
  CC      kernel/power/suspend.o
  CC      arch/x86/kernel/pci-dma.o
  CC      mm/rmap.o
  CC      kernel/printk/printk_safe.o
  CC      arch/x86/kernel/quirks.o
  CC      kernel/power/hibernate.o
  CC      kernel/printk/nbcon.o
  CC      arch/x86/kernel/kdebugfs.o
  CC      mm/vmalloc.o
  CC      kernel/printk/printk_ringbuffer.o
  CC      arch/x86/kernel/alternative.o
  CC      kernel/power/snapshot.o
  CC      kernel/printk/sysctl.o
  AR      kernel/printk/built-in.a
  CC      kernel/irq/irqdesc.o
  CC      arch/x86/kernel/i8253.o
  CC      kernel/power/swap.o
  CC      mm/vma.o
  CC      arch/x86/kernel/hw_breakpoint.o
  CC      kernel/irq/handle.o
  CC      kernel/power/user.o
  CC      arch/x86/kernel/tsc.o
  CC      kernel/irq/manage.o
  CC      mm/vma_exec.o
  CC      kernel/power/poweroff.o
  CC      arch/x86/kernel/tsc_msr.o
  AR      kernel/power/built-in.a
  CC      kernel/rcu/update.o
  CC      kernel/irq/spurious.o
  CC      arch/x86/kernel/io_delay.o
  CC      mm/process_vm_access.o
  CC      arch/x86/kernel/rtc.o
  CC      kernel/irq/resend.o
  CC      kernel/irq/chip.o
  CC      mm/page_alloc.o
  CC      arch/x86/kernel/resource.o
  CC      kernel/rcu/sync.o
  AS      arch/x86/kernel/irqflags.o
  CC      arch/x86/kernel/static_call.o
  CC      kernel/rcu/srcutree.o
  CC      kernel/irq/dummychip.o
  CC      arch/x86/kernel/process.o
  CC      kernel/rcu/tree.o
  CC      kernel/irq/devres.o
  CC      kernel/irq/kexec.o
  CC      mm/page_frag_cache.o
  CC      arch/x86/kernel/fpu/init.o
  CC      kernel/irq/autoprobe.o
  CC      arch/x86/kernel/fpu/bugs.o
  CC      arch/x86/kernel/fpu/core.o
  CC      mm/init-mm.o
  CC      kernel/irq/irqdomain.o
  CC      mm/memblock.o
  CC      kernel/rcu/rcu_segcblist.o
  CC      arch/x86/kernel/fpu/regset.o
  CC      kernel/irq/proc.o
  AR      kernel/rcu/built-in.a
  CC      kernel/dma/mapping.o
  CC      arch/x86/kernel/fpu/signal.o
  CC      mm/slub.o
  CC      kernel/irq/migration.o
  CC      arch/x86/kernel/fpu/xstate.o
  CC      kernel/irq/cpuhotplug.o
  CC      kernel/dma/direct.o
  CC      kernel/irq/pm.o
  AR      arch/x86/kernel/fpu/built-in.a
  CC      arch/x86/kernel/ptrace.o
  CC      kernel/irq/affinity.o
  CC      kernel/dma/ops_helpers.o
  CC      arch/x86/kernel/tls.o
  CC      kernel/irq/matrix.o
  CC      mm/madvise.o
  CC      kernel/dma/remap.o
  AR      kernel/dma/built-in.a
  CC      kernel/entry/common.o
  CC      arch/x86/kernel/step.o
  AR      kernel/irq/built-in.a
  CC      kernel/entry/syscall-common.o
  CC      mm/page_io.o
  CC      arch/x86/kernel/i8237.o
  CC      kernel/entry/syscall_user_dispatch.o
  CC      arch/x86/kernel/stacktrace.o
  CC      arch/x86/kernel/cpu/cacheinfo.o
  CC      mm/swap_state.o
  CC      arch/x86/kernel/cpu/scattered.o
  AR      kernel/entry/built-in.a
  CC      kernel/module/main.o
  CC      arch/x86/kernel/cpu/topology_common.o
  CC      arch/x86/kernel/cpu/topology_ext.o
  CC      mm/swapfile.o
  AR      arch/x86/kernel/acpi/built-in.a
  CC      arch/x86/kernel/cpu/topology_amd.o
  CC      arch/x86/kernel/cpu/common.o
  CC      arch/x86/kernel/cpu/rdrand.o
  CC      arch/x86/kernel/cpu/match.o
  CC      kernel/module/strict_rwx.o
  CC      arch/x86/kernel/cpu/bugs.o
  CC      arch/x86/kernel/cpu/aperfmperf.o
  CC      kernel/module/kmod.o
  CC      mm/dmapool.o
  CC      arch/x86/kernel/cpu/cpuid-deps.o
  CC      arch/x86/kernel/cpu/cpuid_0x2_table.o
  CC      mm/hugetlb.o
  CC      kernel/module/tree_lookup.o
  CC      arch/x86/kernel/cpu/umwait.o
  CC      arch/x86/kernel/cpu/capflags.o
  CC      arch/x86/kernel/cpu/powerflags.o
  CC      kernel/module/kallsyms.o
  CC      kernel/module/procfs.o
  CC      arch/x86/kernel/cpu/topology.o
  CC      arch/x86/kernel/cpu/proc.o
  CC      kernel/module/sysfs.o
  CC      arch/x86/kernel/cpu/feat_ctl.o
  CC      arch/x86/kernel/cpu/intel.o
  AR      kernel/module/built-in.a
  CC      kernel/freezer.o
  CC      mm/hugetlb_sysfs.o
  CC      kernel/stacktrace.o
  CC      arch/x86/kernel/cpu/tsx.o
  CC      mm/hugetlb_sysctl.o
  CC      kernel/time/time.o
  CC      kernel/futex/core.o
  CC      arch/x86/kernel/cpu/intel_epb.o
  CC      mm/migrate.o
  CC      arch/x86/kernel/cpu/amd.o
  CC      kernel/time/timer.o
  CC      kernel/futex/syscalls.o
  CC      arch/x86/kernel/cpu/amd_cache_disable.o
  CC      mm/early_ioremap.o
  CC      kernel/futex/pi.o
  CC      kernel/time/hrtimer.o
  CC      mm/secretmem.o
  CC      arch/x86/kernel/cpu/hygon.o
  CC      kernel/futex/requeue.o
  CC      arch/x86/kernel/cpu/centaur.o
  CC      kernel/time/sleep_timeout.o
  CC      kernel/futex/waitwake.o
  CC      arch/x86/kernel/cpu/transmeta.o
  CC      mm/memfd.o
  CC      kernel/time/timekeeping.o
  AR      kernel/futex/built-in.a
  CC      kernel/dma.o
  CC      arch/x86/kernel/cpu/zhaoxin.o
  CC      kernel/smp.o
  CC      mm/execmem.o
  CC      arch/x86/kernel/cpu/vortex.o
  CC      kernel/time/ntp.o
  CC      arch/x86/kernel/cpu/mce/core.o
  AR      mm/built-in.a
  CC      kernel/uid16.o
  CC      fs/open.o
  CC      kernel/time/clocksource.o
  CC      kernel/kallsyms.o
  CC      kernel/time/jiffies.o
  CC      arch/x86/kernel/cpu/mce/severity.o
  CC      fs/read_write.o
  CC      kernel/time/timer_list.o
  CC      kernel/acct.o
  CC      kernel/time/timeconv.o
  CC      arch/x86/kernel/cpu/mce/genpool.o
  CC      kernel/time/timecounter.o
  CC      kernel/time/alarmtimer.o
  CC      fs/file_table.o
  CC      arch/x86/kernel/cpu/mce/amd.o
  CC      kernel/vmcore_info.o
  CC      kernel/elfcorehdr.o
  CC      fs/super.o
  CC      kernel/time/posix-timers.o
  CC      arch/x86/kernel/cpu/mce/threshold.o
  CC      kernel/kexec_core.o
  CC      kernel/time/posix-cpu-timers.o
  CC      fs/char_dev.o
  AR      arch/x86/kernel/cpu/mce/built-in.a
  CC      arch/x86/kernel/cpu/mtrr/mtrr.o
  CC      kernel/kexec.o
  CC      fs/stat.o
  CC      kernel/time/posix-clock.o
  CC      arch/x86/kernel/cpu/mtrr/if.o
  CC      arch/x86/kernel/cpu/microcode/core.o
  CC      arch/x86/kernel/cpu/mtrr/generic.o
  CC      kernel/time/itimer.o
  CC      arch/x86/kernel/cpu/microcode/intel.o
  CC      fs/exec.o
  CC      arch/x86/kernel/cpu/mtrr/cleanup.o
  CC      kernel/time/clockevents.o
  CC      arch/x86/kernel/cpu/microcode/amd.o
  CC      kernel/time/tick-common.o
  CC      arch/x86/kernel/cpu/mtrr/amd.o
  CC      fs/pipe.o
  AR      arch/x86/kernel/cpu/microcode/built-in.a
  CC      arch/x86/kernel/cpu/perfctr-watchdog.o
  CC      arch/x86/kernel/cpu/mtrr/cyrix.o
  CC      kernel/time/tick-broadcast.o
  CC      arch/x86/kernel/cpu/vmware.o
  CC      arch/x86/kernel/cpu/mtrr/centaur.o
  CC      fs/namei.o
  CC      kernel/time/tick-broadcast-hrtimer.o
  CC      arch/x86/kernel/cpu/mtrr/legacy.o
  CC      arch/x86/kernel/cpu/hypervisor.o
  CC      kernel/time/tick-oneshot.o
  AR      arch/x86/kernel/cpu/mtrr/built-in.a
  CC      arch/x86/kernel/cpu/mshyperv.o
  CC      arch/x86/kernel/cpu/debugfs.o
  CC      kernel/time/tick-sched.o
  CC      kernel/time/vsyscall.o
  AR      arch/x86/kernel/cpu/built-in.a
  CC      arch/x86/kernel/reboot.o
  CC      kernel/utsname.o
  CC      kernel/time/timekeeping_debug.o
  CC      kernel/pid_namespace.o
  CC      fs/fcntl.o
  CC      kernel/time/namespace.o
  CC      arch/x86/kernel/msr.o
  CC      kernel/stop_machine.o
  CC      kernel/time/namespace_vdso.o
  CC      fs/ioctl.o
  CC      arch/x86/kernel/early-quirks.o
  AR      kernel/time/built-in.a
  CC      arch/x86/kernel/smp.o
  CC      kernel/kprobes.o
  CC      fs/readdir.o
  CC      arch/x86/kernel/smpboot.o
  CC      arch/x86/kernel/tsc_sync.o
  CC      fs/select.o
  CC      kernel/seccomp.o
  CC      arch/x86/kernel/setup_percpu.o
  CC      kernel/relay.o
  CC      kernel/utsname_sysctl.o
  CC      arch/x86/kernel/mpparse.o
  CC      kernel/tracepoint.o
  CC      kernel/trace/trace_clock.o
  CC      fs/dcache.o
  CC      kernel/trace/ring_buffer.o
  CC      kernel/irq_work.o
  CC      arch/x86/kernel/apic/apic.o
  CC      kernel/static_call.o
  CC      fs/inode.o
  CC      kernel/events/core.o
  CC      arch/x86/kernel/apic/apic_common.o
  CC      kernel/trace/trace.o
  CC      arch/x86/kernel/apic/apic_noop.o
  CC      fs/attr.o
  CC      arch/x86/kernel/apic/ipi.o
  CC      arch/x86/kernel/apic/vector.o
  CC      fs/bad_inode.o
  CC      fs/file.o
  CC      arch/x86/kernel/apic/init.o
  CC      kernel/trace/trace_output.o
  CC      arch/x86/kernel/apic/hw_nmi.o
  CC      fs/filesystems.o
  CC      kernel/events/ring_buffer.o
  CC      arch/x86/kernel/apic/io_apic.o
  CC      kernel/trace/trace_seq.o
  CC      fs/namespace.o
  CC      kernel/events/callchain.o
  CC      kernel/trace/trace_stat.o
  CC      arch/x86/kernel/apic/probe_32.o
  CC      kernel/events/hw_breakpoint.o
  CC      kernel/trace/trace_printk.o
  AR      arch/x86/kernel/apic/built-in.a
  CC      arch/x86/kernel/trace_clock.o
  CC      arch/x86/kernel/trace.o
  CC      kernel/events/uprobes.o
  CC      arch/x86/kernel/rethook.o
  CC      kernel/trace/trace_pid.o
  CC      fs/seq_file.o
  CC      arch/x86/kernel/vmcore_info_32.o
  CC      kernel/trace/pid_list.o
  CC      arch/x86/kernel/machine_kexec_32.o
  CC      fs/xattr.o
  AR      kernel/events/built-in.a
  CC      kernel/padata.o
  CC      kernel/trace/trace_sched_switch.o
  AS      arch/x86/kernel/relocate_kernel_32.o
  CC      arch/x86/kernel/kprobes/core.o
  CC      kernel/jump_label.o
  CC      fs/libfs.o
  CC      kernel/context_tracking.o
  CC      arch/x86/kernel/kprobes/opt.o
  CC      kernel/trace/trace_nop.o
  CC      kernel/iomem.o
  AR      arch/x86/kernel/kprobes/built-in.a
  CC      kernel/trace/blktrace.o
  CC      arch/x86/kernel/module.o
  CC      fs/fs-writeback.o
  CC      kernel/rseq.o
  CC      arch/x86/kernel/doublefault_32.o
  CC      arch/x86/kernel/early_printk.o
  CC      kernel/trace/trace_events.o
  CC      arch/x86/kernel/amd_nb.o
  CC      arch/x86/kernel/amd_node.o
  CC      fs/pnode.o
  CC      arch/x86/kernel/kvm.o
  CC      fs/splice.o
  CC      arch/x86/kernel/kvmclock.o
  CC      kernel/trace/trace_export.o
  CC      arch/x86/kernel/paravirt.o
  CC      arch/x86/kernel/paravirt-spinlocks.o
  CC      fs/sync.o
  CC      kernel/trace/trace_event_perf.o
  CC      arch/x86/kernel/pvclock.o
  CC      arch/x86/kernel/pcspeaker.o
  CC      arch/x86/kernel/check.o
  CC      fs/utimes.o
  CC      arch/x86/kernel/uprobes.o
  CC      kernel/trace/trace_events_filter.o
  CC      arch/x86/kernel/perf_regs.o
  CC      fs/d_path.o
  CC      arch/x86/kernel/itmt.o
  CC      arch/x86/kernel/umip.o
  CC      kernel/trace/trace_events_trigger.o
  CC      fs/stack.o
  CC      arch/x86/kernel/unwind_frame.o
  CC      fs/fs_struct.o
  LDS     arch/x86/kernel/vmlinux.lds
  CC      fs/statfs.o
  AR      arch/x86/kernel/built-in.a
  AR      arch/x86/built-in.a
  CC      ipc/util.o
  CC      kernel/trace/error_report-traces.o
  CC      ipc/msgutil.o
  CC      fs/fs_pin.o
  CC      kernel/trace/power-traces.o
  CC      fs/nsfs.o
  CC      fs/fs_dirent.o
  CC      ipc/msg.o
  CC      fs/fs_context.o
  CC      fs/fs_parser.o
  CC      kernel/trace/rpm-traces.o
  CC      ipc/sem.o
  CC      fs/fsopen.o
  CC      fs/init.o
  CC      kernel/trace/trace_dynevent.o
  CC      fs/kernel_read_file.o
  CC      fs/mnt_idmapping.o
  CC      ipc/shm.o
  CC      fs/remap_range.o
  CC      kernel/trace/trace_probe.o
  CC      fs/pidfs.o
  CC      ipc/syscall.o
  CC      fs/file_attr.o
  CC      fs/fserror.o
  CC      kernel/trace/trace_uprobe.o
  CC      ipc/ipc_sysctl.o
  CC      fs/nullfs.o
  CC      fs/buffer.o
  CC      ipc/namespace.o
  CC      fs/mpage.o
  AR      ipc/built-in.a
  CC      security/commoncap.o
  CC      kernel/trace/rethook.o
  CC      fs/proc_namespace.o
  AR      kernel/trace/built-in.a
  AR      kernel/built-in.a
  CC      fs/direct-io.o
  CC      crypto/api.o
  CC      security/lsm_syscalls.o
  CC      crypto/cipher.o
  CC      crypto/algapi.o
  CC      fs/notify/fsnotify.o
  CC      security/min_addr.o
  CC      block/bdev.o
  CC      security/security.o
  CC      fs/notify/notification.o
  CC      crypto/scatterwalk.o
  CC      fs/notify/group.o
  CC      block/fops.o
  CC      crypto/proc.o
  CC      fs/notify/mark.o
  CC      crypto/aead.o
  CC      security/lsm_notifier.o
  CC      block/bio.o
  CC      fs/notify/fdinfo.o
  CC      security/lsm_init.o
  CC      crypto/geniv.o
  CC      fs/notify/dnotify/dnotify.o
  CC      security/integrity/iint.o
  CC      block/elevator.o
  CC      crypto/lskcipher.o
  AR      fs/notify/dnotify/built-in.a
  CC      fs/notify/inotify/inotify_fsnotify.o
  AR      security/integrity/built-in.a
  AR      security/built-in.a
  CC      io_uring/io_uring.o
  CC      fs/notify/inotify/inotify_user.o
  CC      block/blk-core.o
  CC      crypto/skcipher.o
  AR      fs/notify/inotify/built-in.a
  AR      fs/notify/built-in.a
  CC      fs/eventpoll.o
  CC      crypto/seqiv.o
  CC      block/blk-sysfs.o
  CC      crypto/echainiv.o
  CC      io_uring/opdef.o
  CC      crypto/ahash.o
  CC      fs/anon_inodes.o
  CC      block/blk-flush.o
  CC      fs/signalfd.o
  CC      block/blk-settings.o
  CC      io_uring/kbuf.o
  CC      crypto/shash.o
  CC      fs/timerfd.o
  CC      block/blk-ioc.o
  CC      io_uring/rsrc.o
  CC      crypto/akcipher.o
  CC      block/blk-map.o
  CC      fs/eventfd.o
  CC      crypto/sig.o
  CC      io_uring/notif.o
  CC      block/blk-merge.o
  CC      fs/aio.o
  ASN.1   crypto/rsapubkey.asn1.[ch]
  ASN.1   crypto/rsaprivkey.asn1.[ch]
  CC      crypto/rsa.o
  CC      crypto/rsa_helper.o
  CC      io_uring/tctx.o
  CC      block/blk-timeout.o
  CC      crypto/rsa-pkcs1pad.o
  CC      fs/locks.o
  CC      io_uring/filetable.o
  CC      block/blk-lib.o
  CC      crypto/rsassa-pkcs1.o
  CC      crypto/acompress.o
  CC      block/blk-mq.o
  CC      io_uring/rw.o
  CC      fs/binfmt_misc.o
  CC      crypto/scompress.o
  CC      io_uring/poll.o
  CC      fs/binfmt_script.o
  CC      crypto/algboss.o
  CC      fs/binfmt_elf.o
  CC      block/blk-mq-tag.o
  CC      crypto/testmgr.o
  CC      io_uring/tw.o
  CC      fs/mbcache.o
  CC      crypto/hmac.o
  CC      block/blk-mq-dma.o
  CC      fs/posix_acl.o
  CC      io_uring/wait.o
  CC      crypto/sha256.o
  CC      block/blk-stat.o
  CC      crypto/ecb.o
  CC      fs/coredump.o
  CC      block/blk-mq-sysfs.o
  CC      crypto/cbc.o
  CC      io_uring/eventfd.o
  CC      crypto/ctr.o
  CC      block/blk-mq-cpumap.o
  CC      io_uring/uring_cmd.o
  CC      crypto/gcm.o
  CC      block/blk-mq-sched.o
  CC      fs/drop_caches.o
  CC      crypto/ccm.o
  CC      io_uring/openclose.o
  CC      fs/sysctls.o
  CC      block/ioctl.o
  CC      fs/fhandle.o
  CC      crypto/authenc.o
  CC      io_uring/sqpoll.o
  CC      block/genhd.o
  CC      fs/iomap/trace.o
  CC      crypto/authencesn.o
  CC      io_uring/xattr.o
  CC      block/ioprio.o
  CC      fs/iomap/iter.o
  CC      crypto/lzo.o
  CC      io_uring/nop.o
  CC      block/badblocks.o
  CC      crypto/lzo-rle.o
  CC      fs/iomap/buffered-io.o
  CC      crypto/rsapubkey.asn1.o
  CC      block/partitions/core.o
  CC      io_uring/fs.o
  CC      crypto/rsaprivkey.asn1.o
  AR      crypto/built-in.a
  CC      lib/argv_split.o
  CC      block/partitions/msdos.o
  CC      lib/bug.o
  CC      io_uring/splice.o
  CC      fs/iomap/direct-io.o
  CC      lib/buildid.o
  CC      block/partitions/efi.o
  CC      io_uring/sync.o
  CC      fs/iomap/ioend.o
  CC      lib/clz_tab.o
  CC      lib/cmdline.o
  CC      lib/cpumask.o
  AR      block/partitions/built-in.a
  CC      block/blk-rq-qos.o
  CC      io_uring/msg_ring.o
  CC      lib/ctype.o
  CC      lib/dec_and_lock.o
  CC      fs/iomap/fiemap.o
  CC      block/disk-events.o
  CC      lib/decompress.o
  CC      lib/decompress_bunzip2.o
  CC      io_uring/advise.o
  CC      fs/iomap/seek.o
  CC      block/blk-ia-ranges.o
  CC      lib/decompress_inflate.o
  CC      io_uring/statx.o
  CC      block/early-lookup.o
  CC      fs/iomap/bio.o
  CC      lib/decompress_unlzma.o
  CC      io_uring/timeout.o
  CC      block/bsg.o
  CC      lib/decompress_unzstd.o
  CC      fs/iomap/swapfile.o
  CC      lib/dump_stack.o
  CC      block/mq-deadline.o
  AR      fs/iomap/built-in.a
  CC      fs/quota/dquot.o
  CC      io_uring/cancel.o
  CC      lib/earlycpio.o
  CC      lib/extable.o
  CC      lib/flex_proportions.o
  CC      block/kyber-iosched.o
  CC      io_uring/waitid.o
  CC      lib/idr.o
  CC      fs/quota/quota_v2.o
  CC      lib/iomem_copy.o
  CC      io_uring/register.o
  CC      lib/irq_regs.o
  CC      fs/quota/quota_tree.o
  CC      lib/is_single_threaded.o
  CC      block/blk-mq-debugfs.o
  CC      lib/klist.o
  CC      lib/kobject.o
  CC      fs/quota/quota.o
  CC      block/blk-pm.o
  CC      lib/kobject_uevent.o
  CC      io_uring/truncate.o
  CC      block/holder.o
  CC      fs/quota/kqid.o
  CC      io_uring/memmap.o
  CC      lib/logic_pio.o
  AR      fs/quota/built-in.a
  AR      block/built-in.a
  AS      arch/x86/lib/atomic64_cx8_32.o
  CC      fs/proc/task_mmu.o
  AS      arch/x86/lib/checksum_32.o
  CC      arch/x86/lib/cmdline.o
  AS      arch/x86/lib/cmpxchg8b_emu.o
  CC      arch/x86/lib/cpu.o
  CC      lib/maple_tree.o
  CC      io_uring/alloc_cache.o
  CC      arch/x86/lib/delay.o
  AS      arch/x86/lib/getuser.o
  CC      arch/x86/lib/inat.o
  CC      arch/x86/lib/insn-eval.o
  CC      io_uring/query.o
  CC      fs/proc/inode.o
  CC      arch/x86/lib/insn.o
  CC      io_uring/loop.o
  CC      arch/x86/lib/memcpy_32.o
  AS      arch/x86/lib/memmove_32.o
  CC      arch/x86/lib/misc.o
  CC      arch/x86/lib/pc-conf-reg.o
  AS      arch/x86/lib/putuser.o
  AS      arch/x86/lib/retpoline.o
  CC      fs/proc/root.o
  CC      arch/x86/lib/string_32.o
  CC      arch/x86/lib/strstr_32.o
  CC      arch/x86/lib/usercopy.o
  CC      io_uring/io-wq.o
  CC      arch/x86/lib/usercopy_32.o
  CC      lib/memcat_p.o
  CC      fs/proc/base.o
  CC      arch/x86/lib/msr-smp.o
  CC      lib/nmi_backtrace.o
  CC      arch/x86/lib/cache-smp.o
  CC      arch/x86/lib/msr.o
  CC      io_uring/futex.o
  CC      lib/objpool.o
  CC      fs/proc/generic.o
  AS      arch/x86/lib/msr-reg.o
  CC      arch/x86/lib/msr-reg-export.o
  CC      lib/plist.o
  CC      io_uring/epoll.o
  CC      lib/radix-tree.o
  AS      arch/x86/lib/hweight.o
  CC      arch/x86/lib/iomem.o
  CC      arch/x86/lib/atomic64_32.o
  AR      arch/x86/lib/lib.a
  CC      fs/proc/array.o
  AR      arch/x86/lib/built-in.a
  CC      fs/proc/fd.o
  CC      io_uring/fdinfo.o
  CC      lib/ratelimit.o
  CC      lib/rbtree.o
  AR      io_uring/built-in.a
  CC      lib/seq_buf.o
  CC      drivers/leds/led-core.o
  CC      fs/proc/proc_tty.o
  CC      fs/proc/cmdline.o
  CC      lib/siphash.o
  CC      drivers/leds/led-class.o
  CC      fs/proc/consoles.o
  CC      fs/proc/cpuinfo.o
  CC      lib/string.o
  CC      lib/sys_info.o
  CC      drivers/leds/led-triggers.o
  CC      fs/proc/devices.o
  CC      fs/proc/interrupts.o
  CC      lib/timerqueue.o
  AR      drivers/leds/built-in.a
  CC      lib/vsprintf.o
  CC      drivers/pci/access.o
  CC      fs/proc/loadavg.o
  CC      fs/proc/meminfo.o
  CC      fs/proc/stat.o
  CC      fs/proc/uptime.o
  CC      drivers/pci/bus.o
  CC      fs/proc/util.o
  CC      fs/proc/version.o
  CC      fs/proc/softirqs.o
  CC      fs/proc/namespaces.o
  CC      drivers/pci/probe.o
  CC      fs/proc/self.o
  CC      lib/win_minmax.o
  CC      fs/proc/thread_self.o
  CC      fs/proc/proc_sysctl.o
  CC      lib/xarray.o
  CC      fs/proc/kcore.o
  CC      drivers/pci/host-bridge.o
  CC      lib/lockref.o
  CC      fs/proc/kmsg.o
  CC      drivers/pci/remove.o
  CC      drivers/pci/pci.o
  CC      lib/bcd.o
  CC      lib/sort.o
  CC      fs/proc/page.o
  CC      lib/parser.o
  CC      drivers/pci/pci-driver.o
  CC      lib/debug_locks.o
  CC      lib/random32.o
  AR      fs/proc/built-in.a
  CC      fs/kernfs/mount.o
  CC      lib/bust_spinlocks.o
  CC      fs/kernfs/inode.o
  CC      drivers/pci/search.o
  CC      fs/kernfs/dir.o
  CC      lib/kasprintf.o
  CC      fs/kernfs/file.o
  CC      lib/bitmap.o
  CC      drivers/pci/rebar.o
  CC      fs/kernfs/symlink.o
  CC      lib/scatterlist.o
  CC      lib/list_sort.o
  CC      drivers/pci/rom.o
  CC      lib/uuid.o
  CC      lib/iov_iter.o
  AR      fs/kernfs/built-in.a
  CC      fs/sysfs/file.o
  CC      drivers/pci/setup-res.o
  CC      fs/sysfs/dir.o
  CC      fs/sysfs/symlink.o
  CC      drivers/pci/irq.o
  CC      fs/sysfs/mount.o
  CC      lib/clz_ctz.o
  CC      lib/bsearch.o
  CC      fs/sysfs/group.o
  CC      drivers/pci/vpd.o
  CC      drivers/pci/setup-bus.o
  CC      lib/find_bit.o
  AR      fs/sysfs/built-in.a
  CC      fs/devpts/inode.o
  CC      lib/llist.o
  CC      lib/lwq.o
  CC      drivers/pci/vc.o
  CC      lib/memweight.o
  CC      lib/kfifo.o
  AR      fs/devpts/built-in.a
  CC      fs/ext4/balloc.o
  CC      drivers/pci/mmap.o
  CC      drivers/pci/devres.o
  CC      lib/percpu-refcount.o
  CC      drivers/pci/msi/pcidev_msi.o
  CC      drivers/pci/pcie/portdrv.o
  CC      lib/rhashtable.o
  AR      drivers/pci/msi/built-in.a
  CC      drivers/pci/pcie/rcec.o
  CC      fs/ext4/bitmap.o
  CC      drivers/pci/pcie/bwctrl.o
  CC      lib/base64.o
  CC      drivers/pci/pcie/aspm.o
  CC      lib/once.o
  CC      fs/ext4/block_validity.o
  CC      lib/refcount.o
  CC      lib/rcuref.o
  CC      lib/usercopy.o
  CC      lib/errseq.o
  CC      fs/ext4/dir.o
  CC      drivers/pci/pcie/pme.o
  CC      lib/bucket_locks.o
  CC      drivers/video/screen_info_generic.o
  CC      drivers/video/screen_info_pci.o
  CC      lib/generic-radix-tree.o
  CC      fs/ext4/ext4_jbd2.o
  AR      drivers/pci/pcie/built-in.a
  CC      drivers/pci/proc.o
  CC      lib/bitmap-str.o
  CC      drivers/video/console/dummycon.o
  CC      lib/string_helpers.o
  CC      drivers/pci/pci-sysfs.o
  CC      drivers/video/console/vgacon.o
  CC      fs/ext4/extents.o
  CC      lib/hexdump.o
  CC      lib/kstrtox.o
  AR      drivers/video/console/built-in.a
  CC      drivers/video/backlight/backlight.o
  CC      drivers/pci/slot.o
  CC      lib/math/div64.o
  CC      lib/math/gcd.o
  AR      drivers/video/backlight/built-in.a
  AR      drivers/video/built-in.a
  CC      lib/math/lcm.o
  CC      lib/math/int_log.o
  CC      lib/math/int_pow.o
  CC      lib/math/int_sqrt.o
  CC      lib/math/reciprocal_div.o
  AR      lib/math/built-in.a
  CC      lib/crc/crc16.o
  CC      drivers/pci/iomap.o
  CC      fs/ext4/extents_status.o
  HOSTCC  lib/crc/gen_crc32table
  AS      lib/crc/x86/crc32-pclmul.o
  GEN     lib/crc/crc32table.h
  CC      lib/crc/crc32-main.o
  CC      drivers/pci/quirks.o
  AR      lib/crc/built-in.a
  CC      lib/crypto/memneq.o
  CC      lib/crypto/utils.o
  AR      drivers/dma/built-in.a
  CC      drivers/virtio/virtio.o
  CC      lib/crypto/blake2s.o
  CC      fs/ext4/file.o
  CC      drivers/pci/pci-label.o
  CC      lib/crypto/chacha-block-generic.o
  CC      drivers/virtio/virtio_ring.o
  CC      lib/crypto/gf128hash.o
  CC      lib/crypto/sha256.o
  CC      fs/ext4/fsmap.o
  CC      drivers/pci/vgaarb.o
  CC      lib/crypto/mpi/generic_mpih-lshift.o
  CC      drivers/pci/trace.o
  CC      lib/crypto/mpi/generic_mpih-mul1.o
  CC      drivers/virtio/virtio_anchor.o
  CC      fs/ext4/fsync.o
  CC      lib/crypto/mpi/generic_mpih-mul2.o
  CC      drivers/virtio/virtio_pci_modern_dev.o
  AR      drivers/pci/built-in.a
  CC      drivers/tty/tty_io.o
  CC      lib/crypto/mpi/generic_mpih-mul3.o
  CC      drivers/virtio/virtio_pci_legacy_dev.o
  CC      fs/ext4/hash.o
  CC      lib/crypto/mpi/generic_mpih-rshift.o
  CC      drivers/virtio/virtio_pci_modern.o
  CC      lib/crypto/mpi/generic_mpih-sub1.o
  CC      drivers/tty/n_tty.o
  CC      fs/ext4/ialloc.o
  CC      lib/crypto/mpi/generic_mpih-add1.o
  CC      drivers/virtio/virtio_pci_common.o
  CC      drivers/tty/tty_ioctl.o
  CC      lib/crypto/mpi/mpicoder.o
  CC      drivers/virtio/virtio_pci_legacy.o
  CC      lib/crypto/mpi/mpi-add.o
  CC      fs/ext4/indirect.o
  CC      drivers/tty/tty_ldisc.o
  CC      drivers/virtio/virtio_pci_admin_legacy_io.o
  CC      lib/crypto/mpi/mpi-bit.o
  CC      drivers/tty/tty_buffer.o
  CC      drivers/virtio/virtio_input.o
  CC      lib/crypto/mpi/mpi-cmp.o
  CC      drivers/tty/tty_port.o
  CC      fs/ext4/inline.o
  AR      drivers/virtio/built-in.a
  CC      drivers/char/mem.o
  CC      lib/crypto/mpi/mpi-sub-ui.o
  CC      drivers/tty/tty_mutex.o
  CC      lib/crypto/mpi/mpi-div.o
  CC      drivers/char/random.o
  CC      drivers/tty/tty_ldsem.o
  CC      lib/crypto/mpi/mpi-mod.o
  CC      fs/ext4/inode.o
  CC      drivers/tty/tty_baudrate.o
  CC      drivers/char/misc.o
  CC      lib/crypto/mpi/mpi-mul.o
  CC      drivers/tty/tty_jobctrl.o
  CC      drivers/char/nvram.o
  CC      lib/crypto/mpi/mpih-cmp.o
  CC      drivers/tty/n_null.o
  CC      drivers/char/hw_random/core.o
  CC      lib/crypto/mpi/mpih-div.o
  CC      drivers/tty/pty.o
  CC      drivers/char/hw_random/intel-rng.o
  CC      lib/crypto/mpi/mpih-mul.o
  CC      drivers/tty/sysrq.o
  CC      fs/ext4/ioctl.o
  CC      drivers/char/hw_random/amd-rng.o
  CC      lib/crypto/mpi/mpi-pow.o
  CC      drivers/tty/vt/vt_ioctl.o
  CC      drivers/char/hw_random/geode-rng.o
  CC      lib/crypto/mpi/mpiutil.o
  CC      drivers/char/hw_random/via-rng.o
  AR      lib/crypto/mpi/built-in.a
  AR      lib/crypto/built-in.a
  CC      lib/vdso/datastore.o
  CC      drivers/tty/vt/vc_screen.o
  CC      fs/ext4/mballoc.o
  AR      drivers/char/hw_random/built-in.a
  CC      drivers/char/agp/backend.o
  AR      lib/vdso/built-in.a
  CC      lib/iomap.o
  CC      drivers/tty/vt/selection.o
  CC      drivers/char/agp/generic.o
  CC      lib/iomap_copy.o
  CC      lib/devres.o
  CC      drivers/tty/vt/keyboard.o
  CC      drivers/char/agp/isoch.o
  CC      lib/bitrev.o
  CC      lib/xxhash.o
  CC      drivers/char/agp/amd64-agp.o
  CC      drivers/tty/vt/vt.o
  CC      lib/genalloc.o
  CC      fs/ext4/migrate.o
  AR      drivers/char/agp/built-in.a
  AR      drivers/char/built-in.a
  CC      drivers/iommu/iommu.o
  CC      lib/zlib_inflate/inffast.o
  CC      lib/zlib_inflate/inflate.o
  CC      lib/zlib_inflate/infutil.o
  CC      fs/ext4/mmp.o
  CC      lib/zlib_inflate/inftrees.o
  CC      lib/zlib_inflate/inflate_syms.o
  CC      drivers/tty/vt/defkeymap.o
  CC      drivers/iommu/iommu-pages.o
  AR      lib/zlib_inflate/built-in.a
  CC      lib/lzo/lzo1x_compress.o
  CC      drivers/tty/vt/consolemap.o
  CC      fs/ext4/move_extent.o
  CC      lib/lzo/lzo1x_compress_safe.o
  CC      drivers/iommu/iommu-traces.o
  HOSTCC  drivers/tty/vt/conmakehash
  CC      lib/lzo/lzo1x_decompress_safe.o
  CC      drivers/tty/vt/ucs.o
  CONMK   drivers/tty/vt/consolemap_deftbl.c
  CC      drivers/tty/vt/consolemap_deftbl.o
  AR      drivers/tty/vt/built-in.a
  CC      drivers/tty/serial/serial_core.o
  AR      lib/lzo/built-in.a
  CC      lib/zstd/zstd_decompress_module.o
  CC      lib/zstd/decompress/huf_decompress.o
  CC      drivers/iommu/iommu-sysfs.o
  CC      fs/ext4/namei.o
  CC      drivers/tty/serial/serial_base_bus.o
  CC      drivers/iommu/dma-iommu.o
  CC      lib/zstd/decompress/zstd_ddict.o
  CC      lib/zstd/decompress/zstd_decompress.o
  CC      drivers/tty/serial/serial_ctrl.o
  CC      lib/zstd/decompress/zstd_decompress_block.o
  CC      drivers/tty/serial/serial_port.o
  CC      drivers/iommu/iova.o
  CC      fs/ext4/page-io.o
  CC      drivers/tty/serial/earlycon.o
  AR      drivers/iommu/built-in.a
  CC      drivers/base/component.o
  CC      fs/ext4/readpage.o
  CC      drivers/tty/serial/8250/8250_core.o
  CC      lib/zstd/zstd_common_module.o
  CC      drivers/base/core.o
  CC      lib/zstd/common/debug.o
  CC      lib/zstd/common/entropy_common.o
  CC      drivers/tty/serial/8250/8250_platform.o
  CC      lib/zstd/common/error_private.o
  CC      lib/zstd/common/fse_decompress.o
  CC      fs/ext4/resize.o
  CC      lib/zstd/common/zstd_common.o
  AR      lib/zstd/built-in.a
  CC      lib/xz/xz_dec_syms.o
  CC      drivers/tty/serial/8250/8250_port.o
  CC      lib/xz/xz_dec_stream.o
  CC      lib/xz/xz_dec_lzma2.o
  CC      drivers/base/bus.o
  CC      fs/ext4/super.o
  CC      lib/xz/xz_dec_bcj.o
  CC      drivers/base/dd.o
  CC      drivers/tty/serial/8250/8250_dma.o
  AR      lib/xz/built-in.a
  CC      lib/percpu_counter.o
  CC      drivers/base/syscore.o
  CC      lib/syscall.o
  CC      drivers/tty/serial/8250/8250_pcilib.o
  CC      lib/errname.o
  CC      lib/glob.o
  CC      drivers/base/driver.o
  CC      drivers/tty/serial/8250/8250_early.o
  CC      lib/strncpy_from_user.o
  CC      drivers/base/class.o
  CC      drivers/tty/serial/8250/8250_exar.o
  CC      lib/strnlen_user.o
  CC      drivers/base/platform.o
  CC      drivers/tty/serial/8250/8250_pci.o
  CC      lib/sg_pool.o
  CC      drivers/base/cpu.o
  CC      lib/stackdepot.o
  CC      drivers/tty/serial/8250/8250_pericom.o
  CC      drivers/base/firmware.o
  CC      lib/asn1_decoder.o
  CC      drivers/base/init.o
  AR      drivers/tty/serial/8250/built-in.a
  AR      drivers/tty/serial/built-in.a
  AR      drivers/tty/built-in.a
  AR      drivers/block/built-in.a
  CC      drivers/misc/eeprom/eeprom_93cx6.o
  CC      lib/sbitmap.o
  CC      drivers/base/map.o
  CC      fs/ext4/symlink.o
  AR      drivers/misc/eeprom/built-in.a
  AR      drivers/misc/built-in.a
  CC      drivers/base/devres.o
  CC      drivers/dma-buf/dma-buf.o
  CC      lib/group_cpus.o
  CC      fs/ext4/sysfs.o
  CC      drivers/base/attribute_container.o
  AR      lib/lib.a
  AR      lib/built-in.a
  CC      drivers/dma-buf/dma-fence.o
  CC      drivers/base/transport_class.o
  CC      fs/ext4/xattr.o
  CC      drivers/dma-buf/dma-fence-array.o
  CC      drivers/base/topology.o
  CC      drivers/dma-buf/dma-fence-chain.o
  CC      drivers/base/container.o
  CC      drivers/dma-buf/dma-fence-unwrap.o
  CC      drivers/base/property.o
  CC      drivers/dma-buf/dma-resv.o
  CC      drivers/dma-buf/dma-buf-mapping.o
  CC      fs/ext4/xattr_hurd.o
  CC      drivers/dma-buf/sync_file.o
  CC      fs/ext4/xattr_trusted.o
  CC      drivers/base/cacheinfo.o
  CC      drivers/macintosh/mac_hid.o
  AR      drivers/dma-buf/built-in.a
  CC      fs/ext4/xattr_user.o
  CC      drivers/base/swnode.o
  CC      fs/ext4/fast_commit.o
  AR      drivers/macintosh/built-in.a
  CC      drivers/base/faux.o
  CC      drivers/scsi/scsi.o
  CC      drivers/ata/libata-core.o
  CC      drivers/base/devtmpfs.o
  CC      drivers/base/power/sysfs.o
  CC      drivers/scsi/hosts.o
  CC      drivers/base/power/generic_ops.o
  CC      fs/ext4/orphan.o
  CC      drivers/base/power/common.o
  CC      drivers/scsi/scsi_ioctl.o
  CC      fs/ext4/acl.o
  CC      drivers/base/power/qos.o
  CC      drivers/ata/libata-scsi.o
  CC      drivers/scsi/scsicam.o
  CC      fs/ext4/xattr_security.o
  CC      drivers/base/power/runtime.o
  CC      drivers/scsi/scsi_error.o
  AR      fs/ext4/built-in.a
  CC      fs/jbd2/transaction.o
  CC      drivers/ata/libata-eh.o
  CC      drivers/base/power/wakeirq.o
  CC      drivers/scsi/scsi_lib.o
  CC      drivers/base/power/main.o
  CC      fs/jbd2/commit.o
  CC      drivers/scsi/constants.o
  CC      drivers/ata/libata-transport.o
  CC      fs/jbd2/recovery.o
  CC      drivers/base/power/wakeup.o
  CC      drivers/scsi/scsi_lib_dma.o
  CC      drivers/ata/libata-trace.o
  CC      fs/jbd2/checkpoint.o
  CC      drivers/base/power/wakeup_stats.o
  CC      drivers/scsi/scsi_scan.o
  CC      drivers/ata/libata-sata.o
  CC      fs/jbd2/revoke.o
  AR      drivers/base/power/built-in.a
  CC      drivers/base/firmware_loader/main.o
  CC      drivers/scsi/scsi_sysfs.o
  CC      drivers/base/firmware_loader/builtin/main.o
  CC      fs/jbd2/journal.o
  CC      drivers/ata/libata-sff.o
  AR      drivers/base/firmware_loader/builtin/built-in.a
  AR      drivers/base/firmware_loader/built-in.a
  CC      drivers/base/module.o
  CC      drivers/scsi/scsi_devinfo.o
  CC      drivers/base/trace.o
  CC      drivers/scsi/scsi_sysctl.o
  CC      drivers/ata/libata-pmp.o
  AR      fs/jbd2/built-in.a
  CC      fs/ramfs/inode.o
  CC      drivers/scsi/scsi_proc.o
  AR      drivers/base/built-in.a
  CC      fs/hugetlbfs/inode.o
  CC      drivers/ata/ahci.o
  CC      fs/ramfs/file-mmu.o
  CC      drivers/scsi/scsi_debugfs.o
  AR      fs/ramfs/built-in.a
  CC      fs/fat/cache.o
  CC      drivers/scsi/scsi_trace.o
  CC      drivers/ata/libahci.o
  AR      fs/hugetlbfs/built-in.a
  CC      drivers/ata/ata_piix.o
  CC      drivers/scsi/scsi_logging.o
  CC      fs/fat/dir.o
  CC      drivers/ata/pata_sch.o
  CC      drivers/ata/pata_mpiix.o
  CC      drivers/scsi/scsi_pm.o
  CC      drivers/ata/ata_generic.o
  CC      fs/fat/fatent.o
  CC      fs/fat/file.o
  CC      drivers/scsi/scsi_bsg.o
  AR      drivers/ata/built-in.a
  AR      drivers/net/phy/built-in.a
  AR      drivers/net/mdio/built-in.a
  AR      drivers/net/built-in.a
  CC      drivers/firewire/init_ohci1394_dma.o
  CC      drivers/scsi/scsi_common.o
  CC      fs/fat/inode.o
  CC      fs/fat/misc.o
  CC      drivers/scsi/scsi_transport_spi.o
  AR      drivers/firewire/built-in.a
  CC      drivers/usb/common/common.o
  CC      fs/fat/nfs.o
  CC      fs/fat/namei_vfat.o
  CC      drivers/usb/common/debug.o
  AR      drivers/usb/common/built-in.a
  CC      drivers/scsi/virtio_scsi.o
  CC      drivers/usb/core/usb.o
  CC      fs/fat/namei_msdos.o
  CC      drivers/scsi/sd.o
  CC      drivers/usb/core/hub.o
  CC      drivers/usb/core/hcd.o
  AR      fs/fat/built-in.a
  CC      fs/isofs/namei.o
  CC      fs/isofs/inode.o
  CC      drivers/usb/core/urb.o
  CC      drivers/scsi/sg.o
  CC      fs/isofs/dir.o
  CC      drivers/usb/core/message.o
  CC      drivers/usb/core/driver.o
  CC      fs/isofs/util.o
  AR      drivers/scsi/built-in.a
  CC      drivers/input/serio/serio.o
  CC      drivers/usb/core/config.o
  CC      drivers/usb/core/file.o
  CC      fs/isofs/rock.o
  CC      drivers/input/serio/i8042.o
  CC      fs/isofs/export.o
  CC      drivers/input/serio/serport.o
  CC      drivers/usb/core/buffer.o
  CC      drivers/input/serio/libps2.o
  CC      drivers/usb/core/sysfs.o
  CC      drivers/usb/core/endpoint.o
  AR      drivers/input/serio/built-in.a
  CC      drivers/input/input.o
  CC      fs/isofs/joliet.o
  CC      drivers/usb/core/devio.o
  CC      drivers/usb/core/notify.o
  CC      fs/isofs/compress.o
  CC      drivers/input/input-compat.o
  CC      drivers/usb/core/generic.o
  AR      fs/isofs/built-in.a
  CC      fs/exportfs/expfs.o
  CC      drivers/input/input-mt.o
  CC      drivers/usb/core/quirks.o
  CC      drivers/usb/core/devices.o
  AR      fs/exportfs/built-in.a
  CC      fs/nls/nls_base.o
  CC      drivers/input/input-poller.o
  CC      fs/nls/nls_cp437.o
  CC      drivers/usb/core/phy.o
  CC      drivers/usb/core/port.o
  CC      fs/nls/nls_ascii.o
  CC      drivers/input/ff-core.o
  CC      fs/nls/nls_iso8859-1.o
  CC      fs/nls/nls_utf8.o
  CC      drivers/input/touchscreen.o
  CC      drivers/usb/core/trace.o
  CC      drivers/usb/core/hcd-pci.o
  AR      fs/nls/built-in.a
  CC      fs/debugfs/inode.o
  CC      drivers/input/touch-overlay.o
  CC      fs/debugfs/file.o
  AR      drivers/usb/core/built-in.a
  CC      drivers/usb/mon/mon_main.o
  CC      drivers/usb/mon/mon_stat.o
  CC      drivers/input/ff-memless.o
  CC      drivers/usb/mon/mon_text.o
  CC      drivers/usb/mon/mon_bin.o
  AR      fs/debugfs/built-in.a
  CC      fs/tracefs/inode.o
  CC      drivers/input/sparse-keymap.o
  CC      fs/tracefs/event_inode.o
  AR      drivers/usb/mon/built-in.a
  CC      drivers/usb/class/usblp.o
  CC      drivers/usb/host/pci-quirks.o
  CC      drivers/input/vivaldi-fmap.o
  CC      drivers/input/input-leds.o
  AR      drivers/usb/class/built-in.a
  AR      fs/tracefs/built-in.a
  AR      fs/built-in.a
  CC      drivers/usb/storage/scsiglue.o
  CC      arch/x86/pci/i386.o
  CC      drivers/usb/host/ehci-hcd.o
  CC      drivers/input/evdev.o
  CC      arch/x86/pci/init.o
  CC      drivers/usb/storage/protocol.o
  CC      drivers/input/keyboard/atkbd.o
  CC      arch/x86/pci/pcbios.o
  CC      drivers/usb/storage/transport.o
  CC      arch/x86/pci/direct.o
  AR      drivers/input/keyboard/built-in.a
  CC      drivers/input/mouse/psmouse-base.o
  CC      drivers/usb/host/ehci-pci.o
  CC      drivers/usb/storage/usb.o
  CC      arch/x86/pci/fixup.o
  CC      drivers/usb/host/ohci-hcd.o
  CC      drivers/input/mouse/synaptics.o
  CC      drivers/usb/storage/initializers.o
  CC      arch/x86/pci/legacy.o
  CC      drivers/usb/storage/sierra_ms.o
  CC      drivers/input/mouse/focaltech.o
  CC      arch/x86/pci/irq.o
  CC      drivers/usb/host/uhci-hcd.o
  CC      drivers/input/mouse/alps.o
  CC      drivers/usb/storage/option_ms.o
  CC      arch/x86/pci/common.o
  CC      drivers/usb/storage/usual-tables.o
  CC      drivers/input/mouse/byd.o
  CC      drivers/usb/host/xhci.o
  AR      drivers/usb/storage/built-in.a
  CC      drivers/usb/host/xhci-mem.o
  CC      arch/x86/pci/early.o
  CC      drivers/input/mouse/logips2pp.o
  CC      arch/x86/pci/bus_numa.o
  CC      drivers/input/mouse/lifebook.o
  CC      arch/x86/pci/amd_bus.o
  CC      drivers/usb/host/xhci-ext-caps.o
  CC      drivers/input/mouse/trackpoint.o
  AR      arch/x86/pci/built-in.a
  CC      arch/x86/power/cpu.o
  CC      drivers/usb/host/xhci-ring.o
  CC      drivers/usb/host/xhci-hub.o
  CC      drivers/input/mouse/cypress_ps2.o
  CC      arch/x86/power/hibernate_32.o
  AR      drivers/input/mouse/built-in.a
  AR      drivers/input/built-in.a
  CC      drivers/rtc/lib.o
  CC      drivers/usb/host/xhci-dbg.o
  AS      arch/x86/power/hibernate_asm_32.o
  CC      arch/x86/power/hibernate.o
  CC      drivers/rtc/class.o
  CC      drivers/usb/host/xhci-trace.o
  CC      drivers/usb/host/xhci-debugfs.o
  AR      arch/x86/power/built-in.a
  CC      drivers/usb/host/xhci-pci.o
  CC      drivers/rtc/interface.o
  CC      drivers/usb/host/ohci-pci.o
  CC      drivers/rtc/nvmem.o
  CC      drivers/rtc/dev.o
  CC      drivers/rtc/proc.o
  AR      drivers/usb/host/built-in.a
  CC      drivers/usb/early/ehci-dbgp.o
  CC      drivers/rtc/sysfs.o
  CC      drivers/rtc/rtc-mc146818-lib.o
  AR      drivers/i2c/busses/built-in.a
  AR      drivers/i2c/built-in.a
  AR      drivers/usb/early/built-in.a
  AR      drivers/usb/built-in.a
  CC      drivers/pps/pps.o
  CC      drivers/pps/kapi.o
  AR      drivers/ptp/built-in.a
  AR      drivers/rtc/built-in.a
  CC      drivers/pps/sysfs.o
  AR      drivers/power/built-in.a
  CC      drivers/hwmon/hwmon.o
  AR      drivers/pps/built-in.a
  CC      drivers/thermal/thermal_core.o
  CC      drivers/cpufreq/cpufreq.o
  CC      drivers/md/md.o
  AR      drivers/hwmon/built-in.a
  CC      drivers/cpufreq/freq_table.o
  CC      drivers/cpufreq/cpufreq_performance.o
  CC      drivers/thermal/thermal_sysfs.o
  CC      drivers/cpufreq/cpufreq_userspace.o
  CC      drivers/cpufreq/cpufreq_ondemand.o
  CC      drivers/thermal/thermal_trip.o
  CC      drivers/cpufreq/cpufreq_governor.o
  CC      drivers/cpufreq/cpufreq_governor_attr_set.o
  CC      drivers/thermal/thermal_helpers.o
  CC      drivers/cpufreq/intel_pstate.o
  CC      drivers/thermal/thermal_thresholds.o
  CC      drivers/thermal/gov_step_wise.o
  CC      drivers/thermal/intel/therm_throt.o
  CC      drivers/cpuidle/cpuidle.o
  CC      drivers/md/md-autodetect.o
  AR      drivers/thermal/intel/built-in.a
  AR      drivers/thermal/built-in.a
  CC      drivers/firmware/dmi_scan.o
  AR      drivers/cpufreq/built-in.a
  CC      drivers/clocksource/i8253.o
  CC      drivers/cpuidle/driver.o
  AR      drivers/clocksource/built-in.a
  CC      drivers/hid/hid-core.o
  CC      drivers/firmware/dmi-id.o
  CC      drivers/md/dm.o
  CC      drivers/cpuidle/governor.o
  CC      drivers/firmware/memmap.o
  CC      drivers/cpuidle/sysfs.o
  CC      drivers/cpuidle/governors/menu.o
  CC      drivers/hid/hid-input.o
  AR      drivers/firmware/efi/built-in.a
  AR      drivers/firmware/built-in.a
  CC      drivers/cpuidle/governors/haltpoll.o
  CC      drivers/md/dm-table.o
  CC      drivers/md/dm-target.o
  AR      drivers/cpuidle/governors/built-in.a
  CC      drivers/cpuidle/poll_state.o
  CC      drivers/md/dm-linear.o
  CC      drivers/cpuidle/cpuidle-haltpoll.o
  CC      drivers/md/dm-stripe.o
  CC      drivers/hid/hid-quirks.o
  AR      drivers/cpuidle/built-in.a
  AR      drivers/platform/x86/built-in.a
  AR      drivers/platform/built-in.a
  CC      drivers/md/dm-ioctl.o
  CC      drivers/nvmem/core.o
  CC      drivers/md/dm-io.o
  CC      drivers/hid/hid-debug.o
  AR      drivers/nvmem/built-in.a
  CC      drivers/hid/hidraw.o
  CC      drivers/md/dm-kcopyd.o
  CC      drivers/md/dm-sysfs.o
  CC      drivers/hid/hid-pl.o
  CC      drivers/hid/hid-petalynx.o
  CC      drivers/md/dm-stats.o
  CC      drivers/hid/hid-sunplus.o
  CC      drivers/md/dm-rq.o
  CC      drivers/hid/hid-topseed.o
  CC      drivers/hid/usbhid/hid-core.o
  CC      drivers/hid/usbhid/hid-pidff.o
  CC      drivers/md/dm-io-rewind.o
  CC      drivers/md/dm-builtin.o
  CC      drivers/md/dm-raid1.o
  CC      drivers/md/dm-log.o
  AR      drivers/hid/usbhid/built-in.a
  AR      drivers/hid/built-in.a
  CC      drivers/md/dm-region-hash.o
  CC      drivers/md/dm-zero.o
  AR      drivers/md/built-in.a
  AR      drivers/built-in.a
  AR      built-in.a
  AR      vmlinux.a
  LD      vmlinux.o
  MODPOST vmlinux.symvers
  CC      .vmlinux.export.o
  UPD     include/generated/utsversion.h
  CC      init/version-timestamp.o
  KSYMS   .tmp_vmlinux0.kallsyms.S
  AS      .tmp_vmlinux0.kallsyms.o
  LD      .tmp_vmlinux1
  NM      .tmp_vmlinux1.syms
  KSYMS   .tmp_vmlinux1.kallsyms.S
  AS      .tmp_vmlinux1.kallsyms.o
  LD      .tmp_vmlinux2
  NM      .tmp_vmlinux2.syms
  KSYMS   .tmp_vmlinux2.kallsyms.S
  AS      .tmp_vmlinux2.kallsyms.o
  LD      vmlinux.unstripped
  NM      System.map
  SORTTAB vmlinux.unstripped
  OBJCOPY vmlinux
  GEN     modules.builtin.modinfo
  GEN     modules.builtin
  CC      arch/x86/boot/a20.o
  AS      arch/x86/boot/bioscall.o
  CC      arch/x86/boot/cmdline.o
  AS      arch/x86/boot/copy.o
  HOSTCC  arch/x86/boot/mkcpustr
  CC      arch/x86/boot/cpuflags.o
  CC      arch/x86/boot/cpucheck.o
  CC      arch/x86/boot/early_serial_console.o
  CC      arch/x86/boot/edd.o
  CC      arch/x86/boot/main.o
  CC      arch/x86/boot/memory.o
  CC      arch/x86/boot/pm.o
  LDS     arch/x86/boot/compressed/vmlinux.lds
  AS      arch/x86/boot/compressed/kernel_info.o
  AS      arch/x86/boot/compressed/head_32.o
  AS      arch/x86/boot/pmjump.o
  CC      arch/x86/boot/printf.o
  CC      arch/x86/boot/regs.o
  VOFFSET arch/x86/boot/compressed/../voffset.h
  CC      arch/x86/boot/string.o
  CC      arch/x86/boot/tty.o
  CC      arch/x86/boot/compressed/string.o
  CC      arch/x86/boot/video.o
  CC      arch/x86/boot/compressed/cmdline.o
  CC      arch/x86/boot/compressed/error.o
  CC      arch/x86/boot/video-mode.o
  CC      arch/x86/boot/version.o
  CC      arch/x86/boot/video-vga.o
  CC      arch/x86/boot/video-vesa.o
  CC      arch/x86/boot/video-bios.o
  OBJCOPY arch/x86/boot/compressed/vmlinux.bin
  RELOCS  arch/x86/boot/compressed/vmlinux.relocs
  CPUSTR  arch/x86/boot/cpustr.h
  HOSTCC  arch/x86/boot/compressed/mkpiggy
  CC      arch/x86/boot/compressed/cpuflags.o
  CC      arch/x86/boot/compressed/early_serial_console.o
  CC      arch/x86/boot/compressed/misc.o
  GZIP    arch/x86/boot/compressed/vmlinux.bin.gz
  CC      arch/x86/boot/cpu.o
  MKPIGGY arch/x86/boot/compressed/piggy.S
  AS      arch/x86/boot/compressed/piggy.o
  LD      arch/x86/boot/compressed/vmlinux
  ZOFFSET arch/x86/boot/zoffset.h
  OBJCOPY arch/x86/boot/vmlinux.bin
  AS      arch/x86/boot/header.o
  LD      arch/x86/boot/setup.elf
  OBJCOPY arch/x86/boot/setup.bin
  BUILD   arch/x86/boot/bzImage
Kernel: arch/x86/boot/bzImage is ready  (#10)
make[5]: Leaving directory '/mnt/git-volume/kernel-test-stable-rc/build/randdefconfig-i386'
make[4]: Leaving directory '/mnt/git-volume/linux-stable-rc'
