make[4]: Entering directory '/mnt/git-volume/linux-stable-rc'
make[5]: Entering directory '/mnt/git-volume/kernel-test-stable-rc/build/randdefconfig-x86_64'
*** Default configuration is based on 'x86_64_defconfig'
#
# configuration written to .config
#
make[5]: Leaving directory '/mnt/git-volume/kernel-test-stable-rc/build/randdefconfig-x86_64'
make[4]: Leaving directory '/mnt/git-volume/linux-stable-rc'
make[4]: Entering directory '/mnt/git-volume/linux-stable-rc'
make[5]: Entering directory '/mnt/git-volume/kernel-test-stable-rc/build/randdefconfig-x86_64'
.config:5457:warning: override: reassigning to symbol BINFMT_MISC
.config:5458:warning: override: reassigning to symbol ACPI_AC
.config:5459:warning: override: reassigning to symbol AGP_AMD64
.config:5460:warning: override: reassigning to symbol PM_TRACE
.config:5461:warning: override: reassigning to symbol WLAN_VENDOR_MEDIATEK
.config:5462:warning: override: reassigning to symbol KCMP
.config:5463:warning: override: reassigning to symbol UNWINDER_ORC
.config:5464:warning: override: reassigning to symbol NET_VENDOR_NATSEMI
.config:5465:warning: override: reassigning to symbol ARCH_CONFIGURES_CPU_MITIGATIONS
.config:5466:warning: override: reassigning to symbol RWSEM_SPIN_ON_OWNER
.config:5467:warning: override: reassigning to symbol NET_VENDOR_BROCADE
.config:5468:warning: override: reassigning to symbol XXHASH
.config:5469:warning: override: reassigning to symbol ARCH_SUPPORTS_RT
.config:5470:warning: override: reassigning to symbol USB_ARCH_HAS_HCD
.config:5471:warning: override: reassigning to symbol HW_RANDOM
.config:5472:warning: override: reassigning to symbol ARCH_SUPPORTS_AUTOFDO_CLANG
.config:5473:warning: override: reassigning to symbol HIGH_RES_TIMERS
.config:5474:warning: override: reassigning to symbol DMA_OPS_HELPERS
.config:5475:warning: override: reassigning to symbol CRYPTO_ECB
.config:5476:warning: override: reassigning to symbol FAILOVER
.config:5477:warning: override: reassigning to symbol PCI_DIRECT
.config:5478:warning: override: reassigning to symbol WLAN_VENDOR_MARVELL
.config:5479:warning: override: reassigning to symbol X86_LOCAL_APIC
.config:5480:warning: override: reassigning to symbol RTC_INTF_PROC
.config:5481:warning: override: reassigning to symbol THERMAL_HWMON
.config:5482:warning: override: reassigning to symbol HAVE_PCSPKR_PLATFORM
.config:5483:warning: override: reassigning to symbol SWAP
.config:5484:warning: override: reassigning to symbol IP_PNP_RARP
.config:5485:warning: override: reassigning to symbol KERNEL_GZIP
.config:5486:warning: override: reassigning to symbol YENTA_ENE_TUNE
.config:5487:warning: override: reassigning to symbol GENERIC_CLOCKEVENTS_BROADCAST
.config:5488:warning: override: reassigning to symbol DECOMPRESS_LZMA
.config:5489:warning: override: reassigning to symbol HAVE_BUILDTIME_MCOUNT_SORT
.config:5490:warning: override: reassigning to symbol X86_DEBUG_FPU
.config:5491:warning: override: reassigning to symbol HAVE_PERF_EVENTS_NMI
.config:5492:warning: override: reassigning to symbol I2C_ALGOBIT
.config:5493:warning: override: reassigning to symbol AUDIT
.config:5494:warning: override: reassigning to symbol COMPAT
.config:5495:warning: override: reassigning to symbol PREEMPTION
.config:5496:warning: override: reassigning to symbol DEBUG_BOOT_PARAMS
.config:5497:warning: override: reassigning to symbol HAVE_KERNEL_LZMA
.config:5498:warning: override: reassigning to symbol CGROUP_RDMA
.config:5499:warning: override: reassigning to symbol PCCARD_NONSTATIC
.config:5500:warning: override: reassigning to symbol DNOTIFY
.config:5501:warning: override: reassigning to symbol PCI_LABEL
.config:5502:warning: override: reassigning to symbol JBD2
.config:5503:warning: override: reassigning to symbol ARCH_CPUIDLE_HALTPOLL
.config:5504:warning: override: reassigning to symbol NET_VENDOR_SAMSUNG
.config:5505:warning: override: reassigning to symbol SND_X86
.config:5506:warning: override: reassigning to symbol SMP
.config:5507:warning: override: reassigning to symbol SND_SEQ_DEVICE
.config:5508:warning: override: reassigning to symbol ARCH_WANT_OPTIMIZE_DAX_VMEMMAP
.config:5509:warning: override: reassigning to symbol TREE_SRCU
.config:5510:warning: override: reassigning to symbol SPARSEMEM
.config:5511:warning: override: reassigning to symbol HAVE_FENTRY
.config:5512:warning: override: reassigning to symbol ARCH_PROC_KCORE_TEXT
.config:5513:warning: override: reassigning to symbol MODULE_FORCE_UNLOAD
.config:5514:warning: override: reassigning to symbol SUNRPC_GSS
.config:5515:warning: override: reassigning to symbol NET_PTP_CLASSIFY
.config:5516:warning: override: reassigning to symbol VM_EVENT_COUNTERS
.config:5517:warning: override: reassigning to symbol USB_EHCI_TT_NEWSCHED
.config:5518:warning: override: reassigning to symbol HUGETLB_PMD_PAGE_TABLE_SHARING
.config:5519:warning: override: reassigning to symbol NETFS_SUPPORT
.config:5520:warning: override: reassigning to symbol EPROBE_EVENTS
.config:5521:warning: override: reassigning to symbol GRACE_PERIOD
.config:5522:warning: override: reassigning to symbol WLAN_VENDOR_ZYDAS
.config:5523:warning: override: reassigning to symbol MAILBOX
.config:5524:warning: override: reassigning to symbol CC_HAS_MARCH_NATIVE
.config:5525:warning: override: reassigning to symbol IO_URING_BPF
.config:5526:warning: override: reassigning to symbol HIDRAW
.config:5527:warning: override: reassigning to symbol HAVE_CALL_THUNKS
.config:5528:warning: override: reassigning to symbol GENERIC_EARLY_IOREMAP
.config:5529:warning: override: reassigning to symbol CPUSETS
.config:5530:warning: override: reassigning to symbol HAVE_HARDLOCKUP_DETECTOR_BUDDY
.config:5531:warning: override: reassigning to symbol ATA
.config:5532:warning: override: reassigning to symbol QUOTA_TREE
.config:5533:warning: override: reassigning to symbol ACPI_REV_OVERRIDE_POSSIBLE
.config:5534:warning: override: reassigning to symbol ARCH_HAS_STRICT_KERNEL_RWX
.config:5535:warning: override: reassigning to symbol EFI_STUB
.config:5536:warning: override: reassigning to symbol HAVE_POSIX_CPU_TIMERS_TASK_WORK
.config:5537:warning: override: reassigning to symbol HID_GENERIC
.config:5538:warning: override: reassigning to symbol HPET
.config:5539:warning: override: reassigning to symbol ARCH_HAS_CACHE_LINE_SIZE
.config:5540:warning: override: reassigning to symbol INPUT_TOUCHSCREEN
.config:5541:warning: override: reassigning to symbol USB_STORAGE
.config:5542:warning: override: reassigning to symbol EVENTFD
.config:5543:warning: override: reassigning to symbol X86_TSC
.config:5544:warning: override: reassigning to symbol RD_BZIP2
.config:5545:warning: override: reassigning to symbol ARCH_USE_QUEUED_RWLOCKS
.config:5546:warning: override: reassigning to symbol SECURITY_SELINUX
.config:5547:warning: override: reassigning to symbol ATA_ACPI
.config:5548:warning: override: reassigning to symbol RTC_I2C_AND_SPI
.config:5549:warning: override: reassigning to symbol ARCH_HAS_CPU_ATTACK_VECTORS
.config:5550:warning: override: reassigning to symbol SCHED_SMT
.config:5551:warning: override: reassigning to symbol DEBUG_DEVRES
.config:5552:warning: override: reassigning to symbol NET_VENDOR_RDC
.config:5553:warning: override: reassigning to symbol CPU_FREQ_GOV_COMMON
.config:5554:warning: override: reassigning to symbol HAS_IOPORT
.config:5555:warning: override: reassigning to symbol ACPI_TABLE_UPGRADE
.config:5556:warning: override: reassigning to symbol TIGON3_HWMON
.config:5557:warning: override: reassigning to symbol NET_VENDOR_EMULEX
.config:5558:warning: override: reassigning to symbol 8139TOO
.config:5559:warning: override: reassigning to symbol SHMEM
.config:5560:warning: override: reassigning to symbol XZ_DEC_POWERPC
.config:5561:warning: override: reassigning to symbol DRM_DISPLAY_HDMI_HELPER
.config:5562:warning: override: reassigning to symbol ARCH_HAS_FAST_MULTIPLIER
.config:5563:warning: override: reassigning to symbol BLK_DEV_LOOP
.config:5564:warning: override: reassigning to symbol PHYLIB
.config:5565:warning: override: reassigning to symbol ARCH_MIGHT_HAVE_PC_PARPORT
.config:5566:warning: override: reassigning to symbol LOCK_DEBUGGING_SUPPORT
.config:5567:warning: override: reassigning to symbol UNION_FIND
.config:5568:warning: override: reassigning to symbol CRYPTO_AEAD
.config:5569:warning: override: reassigning to symbol SND_INTEL_NHLT
.config:5570:warning: override: reassigning to symbol X86_HV_CALLBACK_VECTOR
.config:5571:warning: override: reassigning to symbol FUNCTION_ALIGNMENT_4B
.config:5572:warning: override: reassigning to symbol HOTPLUG_CPU
.config:5573:warning: override: reassigning to symbol FS_IOMAP
.config:5574:warning: override: reassigning to symbol PAGE_POOL
.config:5575:warning: override: reassigning to symbol ARCH_HAS_GIGANTIC_PAGE
.config:5576:warning: override: reassigning to symbol SERIAL_8250_MANY_PORTS
.config:5577:warning: override: reassigning to symbol X86_KERNEL_IBT
.config:5578:warning: override: reassigning to symbol NAMESPACES
.config:5579:warning: override: reassigning to symbol DRM_MIPI_DSI
.config:5580:warning: override: reassigning to symbol DNS_RESOLVER
.config:5581:warning: override: reassigning to symbol X86_CHECK_BIOS_CORRUPTION
.config:5582:warning: override: reassigning to symbol ACPI_LEGACY_TABLES_LOOKUP
.config:5583:warning: override: reassigning to symbol GCC10_NO_ARRAY_BOUNDS
.config:5584:warning: override: reassigning to symbol VMCORE_INFO
.config:5585:warning: override: reassigning to symbol NET_VENDOR_AMD
.config:5586:warning: override: reassigning to symbol SECCOMP
.config:5587:warning: override: reassigning to symbol MSDOS_FS
.config:5588:warning: override: reassigning to symbol HAVE_ARCH_HUGE_VMAP
.config:5589:warning: override: reassigning to symbol ARCH_SUPPORTS_ATOMIC_RMW
.config:5590:warning: override: reassigning to symbol RTC_INTF_SYSFS
.config:5591:warning: override: reassigning to symbol APERTURE_HELPERS
.config:5592:warning: override: reassigning to symbol HALTPOLL_CPUIDLE
.config:5593:warning: override: reassigning to symbol DRM_PANEL_BRIDGE
.config:5594:warning: override: reassigning to symbol HAVE_FUNCTION_TRACER
.config:5595:warning: override: reassigning to symbol HAVE_KERNEL_GZIP
.config:5596:warning: override: reassigning to symbol GCC_ASM_GOTO_OUTPUT_BROKEN
.config:5597:warning: override: reassigning to symbol ARCH_SUPPORTS_CRASH_HOTPLUG
.config:5598:warning: override: reassigning to symbol NET_IP_TUNNEL
.config:5599:warning: override: reassigning to symbol NET_VENDOR_XILINX
.config:5600:warning: override: reassigning to symbol MODULES
.config:5601:warning: override: reassigning to symbol NETFILTER_XT_MATCH_ADDRTYPE
.config:5602:warning: override: reassigning to symbol MOUSE_PS2_LIFEBOOK
.config:5603:warning: override: reassigning to symbol AUDITSYSCALL
.config:5604:warning: override: reassigning to symbol HAVE_HW_BREAKPOINT
.config:5605:warning: override: reassigning to symbol ARCH_VMLINUX_NEEDS_RELOCS
.config:5606:warning: override: reassigning to symbol CRC_CCITT
.config:5607:warning: override: reassigning to symbol BUILDTIME_TABLE_SORT
.config:5608:warning: override: reassigning to symbol ARCH_HAS_CPU_RELAX
.config:5609:warning: override: reassigning to symbol IOMMU_PT_AMDV1
.config:5610:warning: override: reassigning to symbol PREEMPT_COUNT
.config:5611:warning: override: reassigning to symbol XARRAY_MULTI
.config:5612:warning: override: reassigning to symbol FHANDLE
.config:5613:warning: override: reassigning to symbol MOUSE_PS2_TRACKPOINT
.config:5614:warning: override: reassigning to symbol MICROCODE
.config:5615:warning: override: reassigning to symbol X86_PLATFORM_DEVICES
.config:5616:warning: override: reassigning to symbol HAVE_ARCH_TRACEHOOK
.config:5617:warning: override: reassigning to symbol X86_MCE_THRESHOLD
.config:5618:warning: override: reassigning to symbol ACPI_EC
.config:5619:warning: override: reassigning to symbol EXPORTFS
.config:5620:warning: override: reassigning to symbol FWNODE_MDIO
.config:5621:warning: override: reassigning to symbol CPUFREQ_ARCH_CUR_FREQ
.config:5622:warning: override: reassigning to symbol I2C
.config:5623:warning: override: reassigning to symbol PATA_AMD
.config:5624:warning: override: reassigning to symbol CGROUP_PERF
.config:5625:warning: override: reassigning to symbol RUNTIME_TESTING_MENU
.config:5626:warning: override: reassigning to symbol STACKPROTECTOR_STRONG
.config:5627:warning: override: reassigning to symbol WLAN_VENDOR_TI
.config:5628:warning: override: reassigning to symbol DECOMPRESS_LZ4
.config:5629:warning: override: reassigning to symbol IRQ_REMAP
.config:5630:warning: override: reassigning to symbol NET_FAILOVER
.config:5631:warning: override: reassigning to symbol SND_USB
.config:5632:warning: override: reassigning to symbol ARCH_WANT_IRQS_OFF_ACTIVATE_MM
.config:5633:warning: override: reassigning to symbol SERIAL_8250_EXAR
.config:5634:warning: override: reassigning to symbol NET_VENDOR_SOCIONEXT
.config:5635:warning: override: reassigning to symbol XZ_DEC_ARMTHUMB
.config:5636:warning: override: reassigning to symbol NET_VENDOR_SIS
.config:5637:warning: override: reassigning to symbol IOMMU_PT_X86_64
.config:5638:warning: override: reassigning to symbol DMA_NEED_SYNC
.config:5639:warning: override: reassigning to symbol ARCH_SUPPORTS_LTO_CLANG_THIN
.config:5640:warning: override: reassigning to symbol X86_MCE
.config:5641:warning: override: reassigning to symbol IP_PNP_DHCP
.config:5642:warning: override: reassigning to symbol PRINTK
.config:5643:warning: override: reassigning to symbol NEED_PER_CPU_EMBED_FIRST_CHUNK
.config:5644:warning: override: reassigning to symbol ISO9660_FS
.config:5645:warning: override: reassigning to symbol SOCK_CGROUP_DATA
.config:5646:warning: override: reassigning to symbol INET_TUNNEL
.config:5647:warning: override: reassigning to symbol IRQ_DOMAIN_HIERARCHY
.config:5648:warning: override: reassigning to symbol PT_RECLAIM
.config:5649:warning: override: reassigning to symbol HAVE_REGS_AND_STACK_ACCESS_API
.config:5650:warning: override: reassigning to symbol WATCHDOG_HANDLE_BOOT_ENABLED
.config:5651:warning: override: reassigning to symbol DRM_KMS_HELPER
.config:5652:warning: override: reassigning to symbol PCMCIA_LOAD_CIS
.config:5653:warning: override: reassigning to symbol GENERIC_TRACER
.config:5654:warning: override: reassigning to symbol AGP_INTEL
.config:5655:warning: override: reassigning to symbol ARCH_WANTS_CLOCKSOURCE_READ_INLINE
.config:5656:warning: override: reassigning to symbol MQ_IOSCHED_KYBER
.config:5657:warning: override: reassigning to symbol BINARY_PRINTF
.config:5658:warning: override: reassigning to symbol PAGE_SIZE_LESS_THAN_256KB
.config:5659:warning: override: reassigning to symbol SND_VMASTER
.config:5660:warning: override: reassigning to symbol FAT_FS
.config:5661:warning: override: reassigning to symbol YENTA_TI
.config:5662:warning: override: reassigning to symbol ARCH_HAS_DEVMEM_IS_ALLOWED
.config:5663:warning: override: reassigning to symbol ARCH_HAS_UACCESS_FLUSHCACHE
.config:5664:warning: override: reassigning to symbol UID16
.config:5665:warning: override: reassigning to symbol MEMFD_CREATE
.config:5666:warning: override: reassigning to symbol SWIOTLB
.config:5667:warning: override: reassigning to symbol ARCH_USE_BUILTIN_BSWAP
.config:5668:warning: override: reassigning to symbol NETFILTER_NETLINK_LOG
.config:5669:warning: override: reassigning to symbol USB_PCI
.config:5670:warning: override: reassigning to symbol RANDOMIZE_BASE
.config:5671:warning: override: reassigning to symbol X86_REQUIRED_FEATURE_NOPL
.config:5672:warning: override: reassigning to symbol ACPI_THERMAL_LIB
.config:5673:warning: override: reassigning to symbol NFS_V4
.config:5674:warning: override: reassigning to symbol PCI_ATS
.config:5675:warning: override: reassigning to symbol NET_VENDOR_NI
.config:5676:warning: override: reassigning to symbol AS_IS_GNU
.config:5677:warning: override: reassigning to symbol X86_VSYSCALL_EMULATION
.config:5678:warning: override: reassigning to symbol ETHERNET
.config:5679:warning: override: reassigning to symbol PGTABLE_HAS_HUGE_LEAVES
.config:5680:warning: override: reassigning to symbol NET_VENDOR_CISCO
.config:5681:warning: override: reassigning to symbol CRYPTO
.config:5682:warning: override: reassigning to symbol XZ_DEC_SPARC
.config:5683:warning: override: reassigning to symbol PCSPKR_PLATFORM
.config:5684:warning: override: reassigning to symbol X86_SUPPORTS_MEMORY_FAILURE
.config:5685:warning: override: reassigning to symbol INET
.config:5686:warning: override: reassigning to symbol VDSO_GETRANDOM
.config:5687:warning: override: reassigning to symbol FONT_AUTOSELECT
.config:5688:warning: override: reassigning to symbol IOMMU_SVA
.config:5689:warning: override: reassigning to symbol PCI_DOMAINS
.config:5690:warning: override: reassigning to symbol IOMMU_DMA
.config:5691:warning: override: reassigning to symbol HAVE_CONTEXT_TRACKING_USER_OFFSTACK
.config:5692:warning: override: reassigning to symbol MD
.config:5693:warning: override: reassigning to symbol GENERIC_SYSCALL
.config:5694:warning: override: reassigning to symbol ARCH_WANT_GENERAL_HUGETLB
.config:5695:warning: override: reassigning to symbol ARCH_SUPPORTS_KMAP_LOCAL_FORCE_MAP
.config:5696:warning: override: reassigning to symbol XZ_DEC
.config:5697:warning: override: reassigning to symbol CC_HAS_ASM_INLINE
.config:5698:warning: override: reassigning to symbol NET_VENDOR_QUALCOMM
.config:5699:warning: override: reassigning to symbol VIRTIO
.config:5700:warning: override: reassigning to symbol WLAN_VENDOR_REALTEK
.config:5701:warning: override: reassigning to symbol ACPI_MRRM
.config:5702:warning: override: reassigning to symbol LOCKDEP_SUPPORT
.config:5703:warning: override: reassigning to symbol IO_WQ
.config:5704:warning: override: reassigning to symbol SYSTEM_TRUSTED_KEYRING
.config:5705:warning: override: reassigning to symbol HAVE_RELIABLE_STACKTRACE
.config:5706:warning: override: reassigning to symbol HAVE_ARCH_KCSAN
.config:5707:warning: override: reassigning to symbol MISC_FILESYSTEMS
.config:5708:warning: override: reassigning to symbol HAVE_FUNCTION_ARG_ACCESS_API
.config:5709:warning: override: reassigning to symbol CRYPTO_ECHAINIV
.config:5710:warning: override: reassigning to symbol PCI_LOCKLESS_CONFIG
.config:5711:warning: override: reassigning to symbol VIDEO
.config:5712:warning: override: reassigning to symbol MMU_GATHER_MERGE_VMAS
.config:5713:warning: override: reassigning to symbol CRYPTO_LIB_ARC4
.config:5714:warning: override: reassigning to symbol NET_VENDOR_PENSANDO
.config:5715:warning: override: reassigning to symbol RELOCATABLE
.config:5716:warning: override: reassigning to symbol HAVE_FTRACE_REGS_HAVING_PT_REGS
.config:5717:warning: override: reassigning to symbol HAVE_ARCH_PREL32_RELOCATIONS
.config:5718:warning: override: reassigning to symbol HAVE_ARCH_TRANSPARENT_HUGEPAGE
.config:5719:warning: override: reassigning to symbol GENERIC_CLOCKEVENTS_COUPLED_INLINE
.config:5720:warning: override: reassigning to symbol HAVE_PV_STEAL_CLOCK_GEN
.config:5721:warning: override: reassigning to symbol MAC80211_RC_DEFAULT_MINSTREL
.config:5722:warning: override: reassigning to symbol ARCH_HAS_SYNC_CORE_BEFORE_USERMODE
.config:5723:warning: override: reassigning to symbol SERIO_LIBPS2
.config:5724:warning: override: reassigning to symbol LEGACY_TIOCSTI
.config:5725:warning: override: reassigning to symbol NFS_V3_ACL
.config:5726:warning: override: reassigning to symbol SND_PROC_FS
.config:5727:warning: override: reassigning to symbol HAVE_KERNEL_LZO
.config:5728:warning: override: reassigning to symbol XZ_DEC_ARM
.config:5729:warning: override: reassigning to symbol CRYPTO_AKCIPHER2
.config:5730:warning: override: reassigning to symbol X86_REROUTE_FOR_BROKEN_BOOT_IRQS
.config:5731:warning: override: reassigning to symbol XPS
.config:5732:warning: override: reassigning to symbol PATA_OLDPIIX
.config:5733:warning: override: reassigning to symbol MMU_GATHER_RCU_TABLE_FREE
.config:5734:warning: override: reassigning to symbol MMU
.config:5735:warning: override: reassigning to symbol NF_CONNTRACK_IRC
.config:5736:warning: override: reassigning to symbol HAVE_FUNCTION_ERROR_INJECTION
.config:5737:warning: override: reassigning to symbol IP_PNP_BOOTP
.config:5738:warning: override: reassigning to symbol SND_INTEL_SOUNDWIRE_ACPI
.config:5739:warning: override: reassigning to symbol HAVE_STACKPROTECTOR
.config:5740:warning: override: reassigning to symbol ARCH_USE_MEMREMAP_PROT
.config:5741:warning: override: reassigning to symbol FILE_LOCKING
.config:5742:warning: override: reassigning to symbol HIBERNATION_SNAPSHOT_DEV
.config:5743:warning: override: reassigning to symbol SND_HDA_CORE
.config:5744:warning: override: reassigning to symbol USB_EHCI_HCD
.config:5745:warning: override: reassigning to symbol WLAN_VENDOR_BROADCOM
.config:5746:warning: override: reassigning to symbol PROBE_EVENTS
.config:5747:warning: override: reassigning to symbol RETHOOK
.config:5748:warning: override: reassigning to symbol BLK_CGROUP_IOPRIO
.config:5749:warning: override: reassigning to symbol WLAN_VENDOR_QUANTENNA
.config:5750:warning: override: reassigning to symbol NLS_CODEPAGE_437
.config:5751:warning: override: reassigning to symbol ARCH_WANT_DEFAULT_BPF_JIT
.config:5752:warning: override: reassigning to symbol 9P_FS
.config:5753:warning: override: reassigning to symbol USB_COMMON
.config:5754:warning: override: reassigning to symbol POSIX_TIMERS
.config:5755:warning: override: reassigning to symbol VMAP_STACK
.config:5756:warning: override: reassigning to symbol HOTPLUG_CORE_SYNC_DEAD
.config:5770:warning: override: reassigning to symbol PRINTK
.config:5774:warning: override: reassigning to symbol TTY
.config:5777:warning: override: reassigning to symbol BLK_DEV_INITRD
.config:5778:warning: override: reassigning to symbol RD_GZIP
.config:5781:warning: override: reassigning to symbol BINFMT_ELF
.config:5782:warning: override: reassigning to symbol BINFMT_SCRIPT
.config:5785:warning: override: reassigning to symbol TMPFS
.config:5788:warning: override: reassigning to symbol KERNEL_GZIP
.config:5791:warning: override: reassigning to symbol DRM
.config:5792:warning: override: reassigning to symbol SOUND
.config:5793:warning: override: reassigning to symbol STAGING
.config:5794:warning: override: reassigning to symbol INFINIBAND
.config:5795:warning: override: reassigning to symbol MEDIA_SUPPORT
.config:5797:warning: override: reassigning to symbol SERIAL_8250
.config:5798:warning: override: reassigning to symbol SERIAL_8250_CONSOLE
#
# configuration written to .config
#
make[5]: Leaving directory '/mnt/git-volume/kernel-test-stable-rc/build/randdefconfig-x86_64'
make[4]: Leaving directory '/mnt/git-volume/linux-stable-rc'
make[4]: Entering directory '/mnt/git-volume/linux-stable-rc'
make[5]: Entering directory '/mnt/git-volume/kernel-test-stable-rc/build/randdefconfig-x86_64'
  SYNC    include/config/auto.conf.cmd
  UPD     arch/x86/include/generated/asm/cpufeaturemasks.h
  HOSTCC  arch/x86/tools/relocs_32.o
  HOSTCC  scripts/kallsyms
  DESCEND objtool
  UPD     include/config/kernel.release
  UPD     include/generated/utsrelease.h
  HOSTCC  scripts/sorttable.o
  HOSTCC  scripts/elf-parse.o
  HOSTCC  scripts/asn1_compiler
  HOSTCC  arch/x86/tools/relocs_64.o
  HOSTCC  scripts/tracepoint-update.o
  HOSTCC  arch/x86/tools/relocs_common.o
  HOSTLD  scripts/sorttable
  HOSTLD  scripts/tracepoint-update
  HOSTCC  arch/x86/tools/vdso2c
  INSTALL libsubcmd_headers
  HOSTLD  arch/x86/tools/relocs
  CC      scripts/mod/empty.o
  HOSTCC  scripts/mod/mk_elfconfig
  CC      scripts/mod/devicetable-offsets.s
  MKELF   scripts/mod/elfconfig.h
  HOSTCC  scripts/mod/modpost.o
  HOSTCC  scripts/mod/sumversion.o
  HOSTCC  scripts/mod/symsearch.o
  HOSTCC  scripts/mod/file2alias.o
  HOSTLD  scripts/mod/modpost
  CC      kernel/bounds.s
  CC      arch/x86/kernel/asm-offsets.s
  UPD     include/generated/asm-offsets.h
  CC      kernel/sched/rq-offsets.s
  UPD     include/generated/rq-offsets.h
  CALL    /mnt/git-volume/linux-stable-rc/scripts/checksyscalls.sh 
  HOSTCC  usr/gen_init_cpio
  AS      arch/x86/boot/startup/la57toggle.o
  CC      init/main.o
  CC      arch/x86/boot/startup/gdt_idt.o
  GEN     usr/initramfs_data.cpio
  COPY    usr/initramfs_inc_data
  AS      usr/initramfs_data.o
  AR      usr/built-in.a
  CC      certs/system_keyring.o
  CC      kernel/fork.o
  CC      arch/x86/boot/startup/map_kernel.o
  HOSTCC  certs/extract-cert
  AR      arch/x86/boot/startup/lib.a
  OBJCOPY arch/x86/boot/startup/gdt_idt.pi.o
  OBJCOPY arch/x86/boot/startup/map_kernel.pi.o
  AR      arch/x86/boot/startup/built-in.a
  CERT    certs/x509_certificate_list
  CERT    certs/signing_key.x509
  AS      certs/system_certificates.o
  AS      arch/x86/entry/entry.o
  AR      certs/built-in.a
  AS      arch/x86/entry/entry_64.o
  CC      arch/x86/entry/syscall_64.o
  CC      mm/filemap.o
  UPD     init/utsversion-tmp.h
  CC      init/do_mounts.o
  CC      arch/x86/entry/common.o
  CC      kernel/exec_domain.o
  CC      init/do_mounts_initrd.o
  CC      kernel/panic.o
  CC      arch/x86/entry/vdso/vma.o
  CC      init/initramfs.o
  CC      mm/mempool.o
  CC      arch/x86/entry/vdso/extable.o
  CC      kernel/cpu.o
  CC      mm/oom_kill.o
  CC      init/calibrate.o
  CC      arch/x86/entry/vdso/vdso32-setup.o
  CC      init/init_task.o
  CC      kernel/exit.o
  LDS     arch/x86/entry/vdso/vdso64/vdso64.lds
  AS      arch/x86/entry/vdso/vdso64/note.o
  CC      arch/x86/entry/vdso/vdso64/vclock_gettime.o
  CC      init/version.o
  CC      mm/fadvise.o
  CC      arch/x86/entry/vdso/vdso64/vgetcpu.o
  CC      arch/x86/entry/vdso/vdso64/vgetrandom.o
  AS      arch/x86/entry/vdso/vdso64/vgetrandom-chacha.o
  VDSO    arch/x86/entry/vdso/vdso64/vdso64.so.dbg
  OBJCOPY arch/x86/entry/vdso/vdso64/vdso64.so
  VDSO2C  arch/x86/entry/vdso/vdso64/vdso64-image.c
  CC      arch/x86/entry/vdso/vdso64/vdso64-image.o
  AR      init/built-in.a
  AR      arch/x86/entry/vdso/vdso64/built-in.a
  LDS     arch/x86/entry/vdso/vdso32/vdso32.lds
  AS      arch/x86/entry/vdso/vdso32/note.o
  CC      arch/x86/entry/vdso/vdso32/vclock_gettime.o
  CC      fs/open.o
  CC      kernel/softirq.o
  CC      mm/maccess.o
  CC      arch/x86/entry/vdso/vdso32/vgetcpu.o
  AS      arch/x86/entry/vdso/vdso32/system_call.o
  AS      arch/x86/entry/vdso/vdso32/sigreturn.o
  VDSO    arch/x86/entry/vdso/vdso32/vdso32.so.dbg
  OBJCOPY arch/x86/entry/vdso/vdso32/vdso32.so
  VDSO2C  arch/x86/entry/vdso/vdso32/vdso32-image.c
  CC      arch/x86/entry/vdso/vdso32/vdso32-image.o
  AR      arch/x86/entry/vdso/vdso32/built-in.a
  AR      arch/x86/entry/vdso/built-in.a
  CC      mm/page-writeback.o
  CC      arch/x86/entry/vsyscall/vsyscall_64.o
  CC      kernel/resource.o
  CC      fs/read_write.o
  AS      arch/x86/entry/vsyscall/vsyscall_emu_64.o
  AR      arch/x86/entry/vsyscall/built-in.a
  AS      arch/x86/entry/thunk.o
  AS      arch/x86/entry/entry_64_compat.o
  CC      arch/x86/entry/syscall_32.o
  CC      mm/folio-compat.o
  CC      kernel/sysctl.o
  CC      fs/file_table.o
  CC      mm/readahead.o
  AR      arch/x86/entry/built-in.a
  CC      arch/x86/events/core.o
  CC      kernel/capability.o
  CC      fs/super.o
  CC      mm/swap.o
  CC      kernel/ptrace.o
  CC      arch/x86/events/probe.o
  CC      fs/char_dev.o
  CC      kernel/user.o
  CC      arch/x86/events/utils.o
  CC      mm/truncate.o
  CC      fs/stat.o
  CC      kernel/signal.o
  CC      arch/x86/events/rapl.o
  CC      mm/vmscan.o
  CC      fs/exec.o
  CC      arch/x86/events/amd/core.o
  CC      kernel/sys.o
  CC      arch/x86/events/amd/lbr.o
  CC      fs/pipe.o
  CC      mm/shrinker.o
  CC      arch/x86/events/amd/ibs.o
  CC      mm/shmem.o
  CC      kernel/umh.o
  CC      fs/namei.o
  CC      arch/x86/events/amd/uncore.o
  CC      kernel/workqueue.o
  CC      mm/util.o
  CC      arch/x86/events/amd/iommu.o
  CC      fs/fcntl.o
  CC      mm/mmzone.o
  AR      arch/x86/events/amd/built-in.a
  CC      arch/x86/events/msr.o
  CC      kernel/pid.o
  CC      mm/vmstat.o
  CC      fs/ioctl.o
  CC      arch/x86/events/intel/core.o
  CC      mm/backing-dev.o
  CC      kernel/task_work.o
  CC      fs/readdir.o
  CC      kernel/extable.o
  CC      mm/mm_init.o
  CC      fs/select.o
  CC      kernel/params.o
  CC      mm/percpu.o
  CC      arch/x86/events/intel/bts.o
  CC      fs/dcache.o
  CC      kernel/kthread.o
  CC      arch/x86/events/intel/ds.o
  CC      mm/slab_common.o
  CC      kernel/sys_ni.o
  CC      fs/inode.o
  CC      kernel/nsproxy.o
  CC      arch/x86/events/intel/knc.o
  CC      kernel/nstree.o
  CC      mm/compaction.o
  CC      fs/attr.o
  CC      arch/x86/events/intel/lbr.o
  CC      kernel/nscommon.o
  CC      fs/bad_inode.o
  CC      kernel/notifier.o
  CC      arch/x86/events/intel/p4.o
  CC      mm/show_mem.o
  CC      fs/file.o
  CC      kernel/ksysfs.o
  CC      arch/x86/events/intel/p6.o
  CC      mm/interval_tree.o
  CC      kernel/cred.o
  CC      fs/filesystems.o
  CC      arch/x86/events/intel/pt.o
  CC      mm/list_lru.o
  CC      kernel/reboot.o
  CC      fs/namespace.o
  CC      mm/workingset.o
  CC      arch/x86/events/intel/uncore.o
  CC      kernel/async.o
  CC      mm/debug.o
  CC      kernel/range.o
  CC      kernel/smpboot.o
  CC      arch/x86/events/intel/uncore_nhmex.o
  CC      kernel/ucount.o
  CC      mm/gup.o
  CC      fs/seq_file.o
  CC      kernel/regset.o
  CC      arch/x86/events/intel/uncore_snb.o
  CC      kernel/ksyms_common.o
  CC      fs/xattr.o
  CC      kernel/groups.o
  CC      mm/mmap_lock.o
  CC      arch/x86/events/intel/uncore_snbep.o
  CC      kernel/sched/core.o
  CC      mm/vma_init.o
  CC      fs/libfs.o
  CC      mm/highmem.o
  CC      arch/x86/events/intel/uncore_discovery.o
  CC      fs/fs-writeback.o
  CC      mm/memory.o
  CC      arch/x86/events/intel/cstate.o
  AR      arch/x86/events/intel/built-in.a
  CC      arch/x86/events/zhaoxin/core.o
  CC      kernel/sched/fair.o
  CC      fs/pnode.o
  CC      fs/splice.o
  AR      arch/x86/events/zhaoxin/built-in.a
  AR      arch/x86/events/built-in.a
  CC      arch/x86/realmode/init.o
  CC      mm/mincore.o
  AS      arch/x86/realmode/rm/header.o
  AS      arch/x86/realmode/rm/trampoline_64.o
  AS      arch/x86/realmode/rm/stack.o
  AS      arch/x86/realmode/rm/reboot.o
  AS      arch/x86/realmode/rm/wakeup_asm.o
  CC      arch/x86/realmode/rm/wakemain.o
  CC      arch/x86/realmode/rm/video-mode.o
  CC      fs/sync.o
  AS      arch/x86/realmode/rm/copy.o
  AS      arch/x86/realmode/rm/bioscall.o
  CC      arch/x86/realmode/rm/regs.o
  CC      mm/mlock.o
  CC      arch/x86/realmode/rm/video-vga.o
  CC      arch/x86/realmode/rm/video-vesa.o
  CC      arch/x86/realmode/rm/video-bios.o
  PASYMS  arch/x86/realmode/rm/pasyms.h
  LDS     arch/x86/realmode/rm/realmode.lds
  LD      arch/x86/realmode/rm/realmode.elf
  RELOCS  arch/x86/realmode/rm/realmode.relocs
  OBJCOPY arch/x86/realmode/rm/realmode.bin
  AS      arch/x86/realmode/rmpiggy.o
  AR      arch/x86/realmode/built-in.a
  CC      kernel/sched/build_policy.o
  AS      arch/x86/kernel/head_64.o
  CC      arch/x86/kernel/head64.o
  CC      fs/utimes.o
  CC      mm/mmap.o
  CC      arch/x86/kernel/ebda.o
  CC      fs/d_path.o
  CC      arch/x86/kernel/platform-quirks.o
  CC      mm/mmu_gather.o
  CC      fs/stack.o
  CC      arch/x86/kernel/process_64.o
  CC      fs/fs_struct.o
  CC      mm/mprotect.o
  CC      kernel/sched/build_utility.o
  CC      arch/x86/kernel/signal.o
  CC      fs/statfs.o
  CC      arch/x86/kernel/signal_64.o
  CC      fs/fs_pin.o
  CC      mm/mremap.o
  CC      fs/nsfs.o
  CC      arch/x86/kernel/traps.o
  CC      mm/msync.o
  AR      kernel/sched/built-in.a
  CC      kernel/locking/mutex.o
  CC      fs/fs_dirent.o
  CC      arch/x86/kernel/idt.o
  CC      fs/fs_context.o
  CC      mm/page_vma_mapped.o
  CC      kernel/locking/semaphore.o
  CC      fs/fs_parser.o
  CC      arch/x86/kernel/irq.o
  CC      mm/pagewalk.o
  CC      kernel/locking/rwsem.o
  CC      fs/fsopen.o
  CC      mm/pgtable-generic.o
  CC      arch/x86/kernel/irq_64.o
  CC      kernel/locking/percpu-rwsem.o
  CC      fs/init.o
  CC      kernel/locking/rtmutex_api.o
  CC      arch/x86/kernel/dumpstack_64.o
  CC      mm/rmap.o
  CC      fs/kernel_read_file.o
  CC      arch/x86/kernel/time.o
  AR      kernel/locking/built-in.a
  CC      kernel/power/qos.o
  CC      fs/mnt_idmapping.o
  CC      arch/x86/kernel/ioport.o
  CC      mm/vmalloc.o
  CC      fs/remap_range.o
  CC      kernel/power/main.o
  CC      arch/x86/kernel/dumpstack.o
  CC      fs/pidfs.o
  CC      arch/x86/kernel/nmi.o
  CC      kernel/power/console.o
  CC      arch/x86/kernel/ldt.o
  CC      kernel/power/process.o
  CC      mm/vma.o
  CC      fs/file_attr.o
  CC      arch/x86/kernel/setup.o
  CC      fs/fserror.o
  CC      kernel/power/suspend.o
  CC      mm/vma_exec.o
  CC      fs/nullfs.o
  CC      arch/x86/kernel/x86_init.o
  CC      kernel/power/poweroff.o
  CC      fs/buffer.o
  CC      mm/process_vm_access.o
  AR      kernel/power/built-in.a
  CC      kernel/printk/printk.o
  CC      arch/x86/kernel/i8259.o
  CC      arch/x86/kernel/irqinit.o
  CC      mm/mseal.o
  CC      fs/mpage.o
  CC      kernel/printk/printk_safe.o
  CC      mm/page_alloc.o
  CC      arch/x86/kernel/jump_label.o
  CC      kernel/printk/nbcon.o
  CC      fs/proc_namespace.o
  CC      arch/x86/kernel/irq_work.o
  CC      kernel/printk/printk_ringbuffer.o
  CC      fs/direct-io.o
  CC      arch/x86/kernel/probe_roms.o
  CC      kernel/printk/sysctl.o
  CC      mm/page_frag_cache.o
  CC      fs/notify/fsnotify.o
  AR      kernel/printk/built-in.a
  CC      arch/x86/kernel/sys_ia32.o
  CC      kernel/irq/irqdesc.o
  CC      mm/init-mm.o
  CC      fs/notify/notification.o
  CC      kernel/irq/handle.o
  CC      arch/x86/kernel/signal_32.o
  CC      mm/memblock.o
  CC      fs/notify/group.o
  CC      kernel/irq/manage.o
  CC      arch/x86/kernel/sys_x86_64.o
  CC      fs/notify/mark.o
  CC      mm/slub.o
  CC      kernel/irq/spurious.o
  CC      arch/x86/kernel/espfix_64.o
  CC      fs/notify/fdinfo.o
  CC      kernel/irq/resend.o
  CC      arch/x86/kernel/ksysfs.o
  CC      kernel/irq/chip.o
  AR      fs/notify/dnotify/built-in.a
  CC      fs/notify/inotify/inotify_fsnotify.o
  CC      arch/x86/kernel/bootflag.o
  CC      fs/notify/inotify/inotify_user.o
  CC      kernel/irq/dummychip.o
  CC      arch/x86/kernel/e820.o
  CC      mm/madvise.o
  CC      kernel/irq/devres.o
  AR      fs/notify/inotify/built-in.a
  AR      fs/notify/built-in.a
  CC      fs/eventpoll.o
  CC      arch/x86/kernel/pci-dma.o
  CC      kernel/irq/kexec.o
  CC      mm/dmapool.o
  CC      arch/x86/kernel/quirks.o
  CC      kernel/irq/autoprobe.o
  CC      mm/hugetlb.o
  CC      fs/anon_inodes.o
  CC      arch/x86/kernel/kdebugfs.o
  CC      kernel/irq/irqdomain.o
  CC      fs/signalfd.o
  CC      arch/x86/kernel/alternative.o
  CC      kernel/irq/proc.o
  CC      fs/timerfd.o
  CC      kernel/irq/pm.o
  CC      arch/x86/kernel/i8253.o
  CC      mm/hugetlb_sysfs.o
  CC      fs/eventfd.o
  CC      arch/x86/kernel/hw_breakpoint.o
  CC      kernel/irq/msi.o
  CC      mm/hugetlb_sysctl.o
  CC      arch/x86/kernel/tsc.o
  CC      fs/aio.o
  CC      mm/hugetlb_vmemmap.o
  CC      kernel/irq/matrix.o
  CC      arch/x86/kernel/tsc_msr.o
  CC      mm/sparse.o
  AR      kernel/irq/built-in.a
  CC      kernel/rcu/update.o
  CC      arch/x86/kernel/io_delay.o
  CC      fs/locks.o
  CC      mm/sparse-vmemmap.o
  CC      arch/x86/kernel/rtc.o
  CC      arch/x86/kernel/resource.o
  CC      mm/mmu_notifier.o
  AS      arch/x86/kernel/irqflags.o
  CC      arch/x86/kernel/static_call.o
  CC      kernel/rcu/sync.o
  CC      fs/binfmt_script.o
  CC      kernel/rcu/srcutree.o
  CC      fs/binfmt_elf.o
  CC      arch/x86/kernel/process.o
  CC      mm/migrate.o
  CC      kernel/rcu/tree.o
  CC      fs/compat_binfmt_elf.o
  CC      arch/x86/kernel/fpu/init.o
  CC      mm/page_counter.o
  CC      mm/hugetlb_cgroup.o
  CC      arch/x86/kernel/fpu/bugs.o
  CC      arch/x86/kernel/fpu/core.o
  CC      fs/mbcache.o
  CC      mm/early_ioremap.o
  CC      arch/x86/kernel/fpu/regset.o
  CC      kernel/rcu/rcu_segcblist.o
  CC      fs/posix_acl.o
  CC      mm/secretmem.o
  CC      arch/x86/kernel/fpu/signal.o
  AR      kernel/rcu/built-in.a
  CC      kernel/dma/mapping.o
  CC      fs/coredump.o
  CC      arch/x86/kernel/fpu/xstate.o
  CC      mm/memfd.o
  CC      mm/ptdump.o
  AR      arch/x86/kernel/fpu/built-in.a
  CC      arch/x86/kernel/ptrace.o
  CC      fs/drop_caches.o
  CC      kernel/dma/direct.o
  CC      mm/execmem.o
  CC      fs/sysctls.o
  CC      arch/x86/kernel/tls.o
  CC      fs/fhandle.o
  CC      kernel/dma/ops_helpers.o
  AR      mm/built-in.a
  CC      ipc/compat.o
  CC      kernel/dma/swiotlb.o
  CC      arch/x86/kernel/step.o
  CC      fs/iomap/trace.o
  CC      ipc/util.o
  CC      arch/x86/kernel/i8237.o
  CC      arch/x86/kernel/stacktrace.o
  CC      kernel/dma/remap.o
  CC      ipc/msgutil.o
  CC      fs/iomap/iter.o
  AR      kernel/dma/built-in.a
  CC      kernel/entry/common.o
  CC      arch/x86/kernel/cpu/cacheinfo.o
  CC      ipc/msg.o
  CC      fs/iomap/buffered-io.o
  CC      kernel/entry/syscall-common.o
  CC      arch/x86/kernel/cpu/scattered.o
  CC      ipc/sem.o
  CC      arch/x86/kernel/cpu/topology_common.o
  CC      fs/iomap/direct-io.o
  CC      kernel/entry/syscall_user_dispatch.o
  CC      arch/x86/kernel/cpu/topology_ext.o
  CC      ipc/shm.o
  CC      fs/iomap/ioend.o
  AR      kernel/entry/built-in.a
  CC      arch/x86/kernel/cpu/topology_amd.o
  CC      kernel/unwind/user.o
  CC      kernel/unwind/deferred.o
  CC      arch/x86/kernel/cpu/common.o
  CC      fs/iomap/fiemap.o
  CC      ipc/syscall.o
  AR      kernel/unwind/built-in.a
  CC      kernel/freezer.o
  CC      fs/iomap/seek.o
  CC      ipc/ipc_sysctl.o
  CC      arch/x86/kernel/cpu/rdrand.o
  CC      fs/iomap/bio.o
  CC      arch/x86/kernel/cpu/match.o
  CC      kernel/profile.o
  CC      ipc/mqueue.o
  CC      arch/x86/kernel/cpu/bugs.o
  AR      fs/iomap/built-in.a
  CC      fs/quota/dquot.o
  CC      kernel/stacktrace.o
  CC      kernel/time/time.o
  CC      ipc/namespace.o
  CC      arch/x86/kernel/cpu/aperfmperf.o
  CC      fs/quota/quota_v2.o
  CC      ipc/mq_sysctl.o
  CC      kernel/time/timer.o
  CC      arch/x86/kernel/cpu/cpuid-deps.o
  AR      ipc/built-in.a
  CC      security/keys/gc.o
  CC      fs/quota/quota_tree.o
  CC      arch/x86/kernel/cpu/cpuid_0x2_table.o
  CC      fs/quota/quota.o
  CC      security/keys/key.o
  CC      arch/x86/kernel/cpu/umwait.o
  CC      kernel/time/hrtimer.o
  CC      arch/x86/kernel/cpu/capflags.o
  CC      arch/x86/kernel/cpu/powerflags.o
  CC      arch/x86/kernel/cpu/topology.o
  CC      fs/quota/kqid.o
  CC      security/keys/keyring.o
  CC      kernel/time/sleep_timeout.o
  CC      fs/quota/netlink.o
  CC      arch/x86/kernel/cpu/proc.o
  CC      kernel/time/timekeeping.o
  CC      security/keys/keyctl.o
  CC      arch/x86/kernel/cpu/feat_ctl.o
  AR      fs/quota/built-in.a
  CC      fs/proc/task_mmu.o
  CC      arch/x86/kernel/cpu/intel.o
  CC      kernel/time/ntp.o
  CC      security/keys/permission.o
  CC      arch/x86/kernel/cpu/tsx.o
  CC      kernel/time/clocksource.o
  CC      security/keys/process_keys.o
  CC      fs/proc/inode.o
  CC      arch/x86/kernel/cpu/intel_epb.o
  CC      kernel/time/jiffies.o
  CC      arch/x86/kernel/cpu/amd.o
  CC      fs/proc/root.o
  CC      security/keys/request_key.o
  CC      kernel/time/timer_list.o
  CC      security/keys/request_key_auth.o
  CC      arch/x86/kernel/cpu/amd_cache_disable.o
  CC      kernel/time/timeconv.o
  CC      security/keys/user_defined.o
  CC      fs/proc/base.o
  CC      kernel/time/timecounter.o
  CC      arch/x86/kernel/cpu/hygon.o
  CC      kernel/time/alarmtimer.o
  CC      security/keys/compat.o
  CC      arch/x86/kernel/cpu/centaur.o
  CC      kernel/time/posix-timers.o
  CC      arch/x86/kernel/cpu/zhaoxin.o
  CC      security/keys/proc.o
  CC      fs/proc/generic.o
  CC      arch/x86/kernel/cpu/mtrr/mtrr.o
  CC      security/keys/sysctl.o
  CC      fs/proc/array.o
  CC      kernel/time/posix-cpu-timers.o
  CC      arch/x86/kernel/cpu/mtrr/if.o
  CC      security/keys/keyctl_pkey.o
  CC      arch/x86/kernel/cpu/mtrr/generic.o
  CC      kernel/time/posix-clock.o
  CC      fs/proc/fd.o
  AR      security/keys/built-in.a
  CC      security/commoncap.o
  CC      arch/x86/kernel/cpu/mtrr/cleanup.o
  CC      kernel/time/itimer.o
  CC      fs/proc/proc_tty.o
  CC      security/lsm_syscalls.o
  AR      arch/x86/kernel/cpu/mtrr/built-in.a
  CC      fs/proc/cmdline.o
  CC      arch/x86/kernel/cpu/microcode/core.o
  CC      kernel/time/clockevents.o
  CC      security/min_addr.o
  CC      fs/proc/consoles.o
  CC      arch/x86/kernel/cpu/microcode/intel.o
  CC      kernel/time/tick-common.o
  CC      security/security.o
  CC      fs/proc/cpuinfo.o
  CC      arch/x86/kernel/cpu/microcode/amd.o
  CC      fs/proc/devices.o
  CC      kernel/time/tick-broadcast.o
  CC      fs/proc/interrupts.o
  CC      kernel/time/tick-broadcast-hrtimer.o
  AR      arch/x86/kernel/cpu/microcode/built-in.a
  CC      arch/x86/kernel/cpu/perfctr-watchdog.o
  CC      fs/proc/loadavg.o
  CC      security/lsm_notifier.o
  CC      kernel/time/tick-oneshot.o
  CC      arch/x86/kernel/cpu/vmware.o
  CC      fs/proc/meminfo.o
  CC      security/lsm_init.o
  CC      kernel/time/tick-sched.o
  CC      arch/x86/kernel/cpu/hypervisor.o
  CC      fs/proc/stat.o
  CC      arch/x86/kernel/cpu/mshyperv.o
  CC      kernel/time/vsyscall.o
  CC      security/device_cgroup.o
  CC      fs/proc/uptime.o
  CC      kernel/time/timekeeping_debug.o
  CC      fs/proc/util.o
  CC      arch/x86/kernel/cpu/debugfs.o
  CC      security/integrity/iint.o
  CC      kernel/time/namespace.o
  CC      fs/proc/version.o
  CC      arch/x86/kernel/cpu/bus_lock.o
  CC      kernel/time/namespace_vdso.o
  CC      security/integrity/efi_secureboot.o
  CC      fs/proc/softirqs.o
  AR      kernel/time/built-in.a
  CC      kernel/futex/core.o
  AR      arch/x86/kernel/cpu/built-in.a
  CC      arch/x86/kernel/acpi/boot.o
  CC      fs/proc/namespaces.o
  AR      security/integrity/built-in.a
  AR      security/built-in.a
  CC      kernel/futex/syscalls.o
  CC      fs/proc/self.o
  CC      kernel/futex/pi.o
  CC      arch/x86/kernel/acpi/sleep.o
  CC      kernel/futex/requeue.o
  CC      fs/proc/thread_self.o
  AS      arch/x86/kernel/acpi/wakeup_64.o
  CC      arch/x86/kernel/acpi/cppc.o
  CC      arch/x86/kernel/acpi/cstate.o
  CC      kernel/futex/waitwake.o
  CC      fs/proc/proc_sysctl.o
  CC      fs/proc/proc_net.o
  AR      arch/x86/kernel/acpi/built-in.a
  CC      arch/x86/kernel/reboot.o
  AR      kernel/futex/built-in.a
  CC      kernel/dma.o
  CC      kernel/up.o
  CC      fs/proc/kcore.o
  CC      arch/x86/kernel/msr.o
  CC      fs/proc/vmcore.o
  CC      kernel/uid16.o
  CC      arch/x86/kernel/cpuid.o
  CC      fs/proc/kmsg.o
  CC      fs/proc/page.o
  CC      arch/x86/kernel/early-quirks.o
  CC      kernel/kallsyms.o
  CC      kernel/acct.o
  AR      fs/proc/built-in.a
  CC      fs/kernfs/mount.o
  CC      arch/x86/kernel/tsc_sync.o
  CC      kernel/vmcore_info.o
  CC      arch/x86/kernel/mpparse.o
  CC      kernel/elfcorehdr.o
  CC      fs/kernfs/inode.o
  CC      kernel/crash_reserve.o
  CC      kernel/kexec_core.o
  CC      arch/x86/kernel/apic/apic.o
  CC      fs/kernfs/dir.o
  CC      kernel/crash_core.o
  CC      kernel/kexec.o
  CC      fs/kernfs/file.o
  CC      kernel/compat.o
  CC      arch/x86/kernel/apic/apic_common.o
  CC      arch/x86/kernel/apic/apic_noop.o
  CC      kernel/cgroup/cgroup.o
  CC      kernel/utsname.o
  CC      fs/kernfs/symlink.o
  CC      arch/x86/kernel/apic/ipi.o
  CC      kernel/pid_namespace.o
  AR      fs/kernfs/built-in.a
  CC      fs/sysfs/file.o
  CC      arch/x86/kernel/apic/vector.o
  CC      fs/sysfs/dir.o
  CC      fs/sysfs/symlink.o
  CC      fs/sysfs/mount.o
  CC      arch/x86/kernel/apic/init.o
  CC      fs/sysfs/group.o
  CC      arch/x86/kernel/apic/hw_nmi.o
  CC      arch/x86/kernel/apic/io_apic.o
  AR      fs/sysfs/built-in.a
  CC      fs/devpts/inode.o
  CC      kernel/cgroup/rstat.o
  CC      arch/x86/kernel/apic/msi.o
  AR      fs/devpts/built-in.a
  CC      fs/netfs/buffered_read.o
  CC      kernel/cgroup/namespace.o
  CC      arch/x86/kernel/apic/x2apic_phys.o
  CC      arch/x86/kernel/apic/x2apic_cluster.o
  CC      fs/netfs/buffered_write.o
  CC      kernel/cgroup/cgroup-v1.o
  CC      arch/x86/kernel/apic/apic_flat_64.o
  CC      arch/x86/kernel/apic/probe_64.o
  CC      fs/netfs/direct_read.o
  CC      kernel/kprobes.o
  AR      arch/x86/kernel/apic/built-in.a
  CC      arch/x86/kernel/trace_clock.o
  CC      kernel/cgroup/freezer.o
  CC      arch/x86/kernel/trace.o
  CC      fs/netfs/direct_write.o
  CC      arch/x86/kernel/rethook.o
  CC      kernel/cgroup/legacy_freezer.o
  CC      kernel/relay.o
  CC      fs/netfs/iterator.o
  CC      arch/x86/kernel/vmcore_info_64.o
  CC      kernel/cgroup/pids.o
  CC      kernel/utsname_sysctl.o
  CC      arch/x86/kernel/machine_kexec_64.o
  CC      fs/netfs/locking.o
  CC      kernel/delayacct.o
  CC      kernel/cgroup/misc.o
  CC      kernel/taskstats.o
  AS      arch/x86/kernel/relocate_kernel_64.o
  CC      fs/netfs/main.o
  CC      kernel/cgroup/debug.o
  CC      arch/x86/kernel/crash_dump_64.o
  CC      arch/x86/kernel/crash.o
  AR      kernel/cgroup/built-in.a
  CC      kernel/tsacct.o
  CC      kernel/tracepoint.o
  CC      fs/netfs/misc.o
  CC      arch/x86/kernel/kprobes/core.o
  CC      kernel/trace/trace_clock.o
  CC      kernel/irq_work.o
  CC      kernel/trace/ring_buffer.o
  CC      arch/x86/kernel/kprobes/opt.o
  CC      fs/netfs/objects.o
  CC      kernel/bpf/core.o
  CC      fs/netfs/read_collect.o
  AR      arch/x86/kernel/kprobes/built-in.a
  CC      arch/x86/kernel/early_printk.o
  CC      fs/netfs/read_pgpriv2.o
  CC      arch/x86/kernel/hpet.o
  CC      kernel/trace/trace.o
  AR      kernel/bpf/built-in.a
  CC      kernel/static_call.o
  CC      fs/netfs/read_retry.o
  CC      arch/x86/kernel/amd_nb.o
  CC      kernel/static_call_inline.o
  CC      fs/netfs/read_single.o
  CC      arch/x86/kernel/amd_node.o
  CC      arch/x86/kernel/kvm.o
  CC      arch/x86/kernel/kvmclock.o
  CC      fs/netfs/rolling_buffer.o
  CC      kernel/trace/trace_output.o
  CC      arch/x86/kernel/paravirt.o
  CC      arch/x86/kernel/paravirt-spinlocks.o
  CC      fs/netfs/write_collect.o
  CC      arch/x86/kernel/pvclock.o
  CC      arch/x86/kernel/pcspeaker.o
  CC      kernel/trace/trace_seq.o
  CC      fs/netfs/write_issue.o
  CC      kernel/trace/trace_stat.o
  CC      arch/x86/kernel/uprobes.o
  CC      arch/x86/kernel/perf_regs.o
  CC      fs/netfs/write_retry.o
  CC      kernel/trace/trace_printk.o
  CC      arch/x86/kernel/umip.o
  CC      arch/x86/kernel/unwind_frame.o
  AR      fs/netfs/built-in.a
  CC      fs/ext4/balloc.o
  CC      kernel/trace/trace_pid.o
  CC      arch/x86/kernel/callthunks.o
  CC      arch/x86/kernel/mmconf-fam10h_64.o
  CC      kernel/trace/pid_list.o
  CC      kernel/trace/trace_sched_switch.o
  CC      arch/x86/kernel/vsmp_64.o
  CC      fs/ext4/bitmap.o
  LDS     arch/x86/kernel/vmlinux.lds
  AR      arch/x86/kernel/built-in.a
  CC      arch/x86/mm/init.o
  CC      kernel/trace/trace_nop.o
  CC      fs/ext4/block_validity.o
  CC      kernel/trace/blktrace.o
  CC      kernel/trace/trace_events.o
  CC      fs/ext4/dir.o
  CC      arch/x86/mm/init_64.o
  CC      kernel/trace/trace_export.o
  CC      fs/ext4/ext4_jbd2.o
  CC      fs/ext4/extents.o
  CC      arch/x86/mm/fault.o
  CC      kernel/trace/trace_event_perf.o
  CC      fs/ext4/extents_status.o
  CC      kernel/trace/trace_events_filter.o
  CC      arch/x86/mm/ioremap.o
  CC      fs/ext4/file.o
  CC      arch/x86/mm/extable.o
  CC      fs/ext4/fsmap.o
  CC      kernel/trace/trace_events_trigger.o
  CC      arch/x86/mm/mmap.o
  CC      fs/ext4/fsync.o
  CC      fs/ext4/hash.o
  CC      kernel/trace/trace_kprobe.o
  CC      arch/x86/mm/pgtable.o
  CC      fs/ext4/ialloc.o
  CC      fs/ext4/indirect.o
  CC      arch/x86/mm/physaddr.o
  CC      kernel/trace/error_report-traces.o
  CC      arch/x86/mm/tlb.o
  CC      fs/ext4/inline.o
  CC      fs/ext4/inode.o
  CC      kernel/trace/power-traces.o
  CC      arch/x86/mm/cpu_entry_area.o
  CC      fs/ext4/ioctl.o
  CC      arch/x86/mm/maccess.o
  CC      kernel/trace/rpm-traces.o
  CC      arch/x86/mm/pgprot.o
  CC      arch/x86/mm/pat/set_memory.o
  CC      kernel/trace/trace_dynevent.o
  CC      fs/ext4/mballoc.o
  CC      kernel/trace/trace_probe.o
  CC      kernel/trace/trace_uprobe.o
  CC      arch/x86/mm/pat/memtype.o
  CC      kernel/trace/rethook.o
  CC      arch/x86/mm/pat/memtype_interval.o
  CC      fs/ext4/migrate.o
  AR      arch/x86/mm/pat/built-in.a
  CC      arch/x86/mm/hugetlbpage.o
  AR      kernel/trace/built-in.a
  CC      kernel/events/core.o
  CC      fs/ext4/mmp.o
  CC      fs/ext4/move_extent.o
  CC      arch/x86/mm/dump_pagetables.o
  CC      fs/ext4/namei.o
  CC      arch/x86/mm/pkeys.o
  CC      fs/ext4/page-io.o
  CC      arch/x86/mm/pti.o
  CC      fs/ext4/readpage.o
  AR      arch/x86/mm/built-in.a
  AR      arch/x86/ia32/built-in.a
  CC      kernel/jump_label.o
  CC      arch/x86/platform/efi/memmap.o
  CC      fs/ext4/resize.o
  CC      kernel/context_tracking.o
  CC      arch/x86/platform/efi/quirks.o
  CC      kernel/events/ring_buffer.o
  CC      kernel/iomem.o
  CC      arch/x86/platform/efi/efi.o
  CC      fs/ext4/super.o
  CC      kernel/rseq.o
  CC      kernel/events/callchain.o
  CC      arch/x86/platform/efi/efi_64.o
  CC      kernel/events/hw_breakpoint.o
  CC      kernel/events/uprobes.o
  AS      arch/x86/platform/efi/efi_stub_64.o
  CC      arch/x86/platform/efi/runtime-map.o
  CC      fs/ext4/symlink.o
  AR      arch/x86/platform/efi/built-in.a
  CC      arch/x86/platform/intel/iosf_mbi.o
  AR      kernel/events/built-in.a
  AR      kernel/built-in.a
  CC      fs/ext4/sysfs.o
  CC      crypto/api.o
  AR      arch/x86/platform/intel/built-in.a
  AR      arch/x86/platform/built-in.a
  CC      arch/x86/virt/svm/cmdline.o
  AR      arch/x86/virt/svm/built-in.a
  AR      arch/x86/virt/built-in.a
  AR      arch/x86/built-in.a
  CC      fs/ext4/xattr.o
  CC      block/bdev.o
  CC      crypto/cipher.o
  CC      crypto/algapi.o
  CC      block/fops.o
  CC      fs/ext4/xattr_hurd.o
  CC      fs/ext4/xattr_trusted.o
  CC      crypto/scatterwalk.o
  CC      fs/ext4/xattr_user.o
  CC      block/bio.o
  CC      fs/ext4/fast_commit.o
  CC      crypto/proc.o
  CC      fs/ext4/orphan.o
  CC      crypto/aead.o
  CC      block/elevator.o
  CC      fs/ext4/acl.o
  CC      crypto/geniv.o
  CC      fs/ext4/xattr_security.o
  CC      block/blk-core.o
  CC      block/blk-sysfs.o
  AR      fs/ext4/built-in.a
  CC      crypto/lskcipher.o
  CC      fs/jbd2/transaction.o
  CC      block/blk-flush.o
  CC      crypto/skcipher.o
  CC      block/blk-settings.o
  CC      fs/jbd2/commit.o
  CC      block/blk-ioc.o
  CC      crypto/seqiv.o
  CC      block/blk-map.o
  CC      block/blk-merge.o
  CC      fs/jbd2/recovery.o
  CC      crypto/ahash.o
  CC      block/blk-timeout.o
  CC      block/blk-lib.o
  CC      fs/jbd2/checkpoint.o
  CC      block/blk-mq.o
  CC      block/blk-mq-tag.o
  CC      crypto/shash.o
  CC      fs/jbd2/revoke.o
  CC      fs/jbd2/journal.o
  CC      block/blk-mq-dma.o
  CC      crypto/akcipher.o
  CC      block/blk-stat.o
  CC      crypto/sig.o
  CC      block/blk-mq-sysfs.o
  CC      block/blk-mq-cpumap.o
  AR      fs/jbd2/built-in.a
  CC      fs/ramfs/inode.o
  ASN.1   crypto/rsapubkey.asn1.[ch]
  ASN.1   crypto/rsaprivkey.asn1.[ch]
  CC      crypto/rsa.o
  CC      block/blk-mq-sched.o
  CC      block/ioctl.o
  CC      fs/ramfs/file-mmu.o
  CC      crypto/rsa_helper.o
  CC      block/genhd.o
  CC      crypto/rsa-pkcs1pad.o
  AR      fs/ramfs/built-in.a
  CC      fs/hugetlbfs/inode.o
  CC      block/ioprio.o
  CC      crypto/rsassa-pkcs1.o
  CC      block/badblocks.o
  CC      block/partitions/core.o
  CC      crypto/acompress.o
  AR      fs/hugetlbfs/built-in.a
  CC      fs/fat/cache.o
  CC      block/blk-rq-qos.o
  CC      block/partitions/msdos.o
  CC      crypto/scompress.o
  CC      crypto/algboss.o
  CC      fs/fat/dir.o
  CC      block/partitions/efi.o
  CC      crypto/testmgr.o
  CC      crypto/hmac.o
  AR      block/partitions/built-in.a
  CC      block/disk-events.o
  CC      fs/fat/fatent.o
  CC      crypto/sha256.o
  CC      crypto/ecb.o
  CC      block/blk-ia-ranges.o
  CC      crypto/cbc.o
  CC      crypto/ctr.o
  CC      fs/fat/file.o
  CC      block/early-lookup.o
  CC      crypto/gcm.o
  CC      crypto/ccm.o
  CC      fs/fat/inode.o
  CC      block/bsg.o
  CC      crypto/aes.o
  CC      crypto/authenc.o
  CC      block/blk-cgroup.o
  CC      crypto/authencesn.o
  CC      fs/fat/misc.o
  CC      crypto/lzo.o
  CC      crypto/lzo-rle.o
  CC      block/blk-iolatency.o
  CC      fs/fat/nfs.o
  CC      crypto/asymmetric_keys/asymmetric_type.o
  CC      block/blk-iocost.o
  CC      fs/fat/namei_vfat.o
  CC      block/mq-deadline.o
  CC      crypto/asymmetric_keys/restrict.o
  AR      fs/fat/built-in.a
  CC      fs/exportfs/expfs.o
  CC      crypto/asymmetric_keys/signature.o
  CC      block/blk-mq-debugfs.o
  CC      crypto/asymmetric_keys/public_key.o
  AR      fs/exportfs/built-in.a
  CC      fs/nls/nls_base.o
  CC      block/blk-pm.o
  CC      fs/nls/nls_ascii.o
  ASN.1   crypto/asymmetric_keys/x509.asn1.[ch]
  ASN.1   crypto/asymmetric_keys/x509_akid.asn1.[ch]
  CC      crypto/asymmetric_keys/x509_loader.o
  CC      fs/nls/nls_iso8859-1.o
  CC      crypto/asymmetric_keys/x509_public_key.o
  CC      fs/nls/nls_utf8.o
  AR      block/built-in.a
  CC      io_uring/io_uring.o
  CC      io_uring/opdef.o
  AR      fs/nls/built-in.a
  CC      fs/autofs/init.o
  ASN.1   crypto/asymmetric_keys/pkcs7.asn1.[ch]
  CC      crypto/asymmetric_keys/pkcs7_trust.o
  CC      crypto/asymmetric_keys/pkcs7_verify.o
  CC      io_uring/kbuf.o
  CC      fs/autofs/inode.o
  CC      crypto/asymmetric_keys/x509.asn1.o
  CC      crypto/asymmetric_keys/x509_akid.asn1.o
  CC      crypto/asymmetric_keys/x509_cert_parser.o
  CC      io_uring/rsrc.o
  CC      fs/autofs/root.o
  CC      crypto/asymmetric_keys/pkcs7.asn1.o
  CC      crypto/asymmetric_keys/pkcs7_parser.o
  CC      io_uring/notif.o
  AR      crypto/asymmetric_keys/built-in.a
  CC      crypto/rsapubkey.asn1.o
  CC      crypto/rsaprivkey.asn1.o
  AR      crypto/built-in.a
  CC      fs/autofs/symlink.o
  CC      io_uring/tctx.o
  CC      lib/argv_split.o
  CC      lib/bug.o
  CC      fs/autofs/waitq.o
  CC      io_uring/filetable.o
  CC      io_uring/rw.o
  CC      lib/buildid.o
  CC      fs/autofs/expire.o
  CC      io_uring/poll.o
  CC      lib/clz_tab.o
  CC      lib/cmdline.o
  CC      lib/ctype.o
  CC      lib/dec_and_lock.o
  CC      lib/decompress.o
  CC      lib/decompress_inflate.o
  CC      fs/autofs/dev-ioctl.o
  CC      lib/decompress_unlz4.o
  CC      lib/decompress_unlzma.o
  CC      io_uring/tw.o
  CC      lib/decompress_unlzo.o
  CC      lib/decompress_unxz.o
  AR      fs/autofs/built-in.a
  CC      fs/debugfs/inode.o
  CC      lib/decompress_unzstd.o
  CC      io_uring/wait.o
  CC      lib/dump_stack.o
  CC      lib/earlycpio.o
  CC      lib/extable.o
  CC      fs/debugfs/file.o
  CC      lib/flex_proportions.o
  CC      lib/idr.o
  CC      lib/iomem_copy.o
  CC      lib/irq_regs.o
  CC      io_uring/eventfd.o
  CC      lib/is_single_threaded.o
  CC      lib/klist.o
  AR      fs/debugfs/built-in.a
  CC      fs/tracefs/inode.o
  CC      lib/kobject.o
  CC      fs/tracefs/event_inode.o
  CC      io_uring/uring_cmd.o
  CC      lib/kobject_uevent.o
  CC      lib/logic_pio.o
  AR      fs/tracefs/built-in.a
  CC      fs/efivarfs/inode.o
  CC      io_uring/openclose.o
  CC      lib/maple_tree.o
  CC      io_uring/sqpoll.o
  CC      fs/efivarfs/file.o
  CC      io_uring/xattr.o
  CC      fs/efivarfs/super.o
  CC      io_uring/nop.o
  CC      io_uring/fs.o
  CC      fs/efivarfs/vars.o
  CC      io_uring/splice.o
  CC      io_uring/sync.o
  AR      fs/efivarfs/built-in.a
  AR      fs/built-in.a
  AS      arch/x86/lib/bhi.o
  AS      arch/x86/lib/clear_page_64.o
  CC      arch/x86/lib/cmdline.o
  AS      arch/x86/lib/cmpxchg16b_emu.o
  CC      io_uring/msg_ring.o
  CC      arch/x86/lib/copy_mc.o
  CC      io_uring/advise.o
  AS      arch/x86/lib/copy_mc_64.o
  AS      arch/x86/lib/copy_page_64.o
  AS      arch/x86/lib/copy_user_64.o
  AS      arch/x86/lib/copy_user_uncached_64.o
  CC      lib/memcat_p.o
  CC      arch/x86/lib/cpu.o
  CC      lib/nmi_backtrace.o
  CC      io_uring/statx.o
  CC      io_uring/timeout.o
  AS      arch/x86/lib/csum-copy_64.o
  CC      arch/x86/lib/csum-partial_64.o
  CC      arch/x86/lib/csum-wrappers_64.o
  CC      lib/objpool.o
  CC      arch/x86/lib/delay.o
  CC      io_uring/cancel.o
  AS      arch/x86/lib/getuser.o
  CC      arch/x86/lib/inat.o
  CC      lib/plist.o
  CC      lib/radix-tree.o
  CC      arch/x86/lib/insn-eval.o
  CC      io_uring/waitid.o
  CC      io_uring/register.o
  CC      arch/x86/lib/insn.o
  CC      lib/ratelimit.o
  CC      io_uring/truncate.o
  AS      arch/x86/lib/memcpy_64.o
  AS      arch/x86/lib/memmove_64.o
  CC      lib/rbtree.o
  AS      arch/x86/lib/memset_64.o
  CC      arch/x86/lib/misc.o
  CC      arch/x86/lib/pc-conf-reg.o
  AS      arch/x86/lib/putuser.o
  AS      arch/x86/lib/retpoline.o
  CC      lib/seq_buf.o
  CC      arch/x86/lib/usercopy.o
  CC      arch/x86/lib/usercopy_64.o
  CC      io_uring/memmap.o
  CC      io_uring/alloc_cache.o
  CC      lib/siphash.o
  CC      arch/x86/lib/msr.o
  CC      lib/string.o
  CC      io_uring/query.o
  CC      io_uring/loop.o
  CC      lib/sys_info.o
  AS      arch/x86/lib/msr-reg.o
  CC      arch/x86/lib/msr-reg-export.o
  CC      lib/timerqueue.o
  CC      io_uring/io-wq.o
  CC      io_uring/futex.o
  AS      arch/x86/lib/hweight.o
  CC      arch/x86/lib/iomem.o
  CC      lib/vsprintf.o
  AR      arch/x86/lib/lib.a
  AR      arch/x86/lib/built-in.a
  CC      drivers/irqchip/irq-msi-lib.o
  CC      io_uring/epoll.o
  CC      io_uring/napi.o
  AR      drivers/irqchip/built-in.a
  CC      drivers/leds/led-core.o
  CC      io_uring/net.o
  CC      drivers/leds/led-class.o
  CC      lib/win_minmax.o
  CC      io_uring/cmd_net.o
  CC      lib/xarray.o
  CC      drivers/leds/led-triggers.o
  CC      io_uring/fdinfo.o
  AR      drivers/leds/built-in.a
  CC      lib/lockref.o
  CC      io_uring/bpf_filter.o
  CC      lib/bcd.o
  CC      drivers/pci/access.o
  CC      lib/sort.o
  CC      lib/parser.o
  CC      lib/debug_locks.o
  CC      lib/random32.o
  CC      net/devres.o
  CC      drivers/pci/bus.o
  CC      lib/bust_spinlocks.o
  AR      io_uring/built-in.a
  CC      arch/x86/pci/i386.o
  CC      lib/kasprintf.o
  CC      net/socket.o
  CC      drivers/pci/probe.o
  CC      lib/bitmap.o
  CC      arch/x86/pci/init.o
  CC      arch/x86/pci/mmconfig_64.o
  CC      lib/scatterlist.o
  CC      drivers/pci/host-bridge.o
  CC      arch/x86/pci/direct.o
  CC      lib/list_sort.o
  CC      drivers/pci/remove.o
  CC      lib/uuid.o
  CC      lib/iov_iter.o
  CC      net/core/sock.o
  CC      arch/x86/pci/mmconfig-shared.o
  CC      drivers/pci/pci.o
  CC      arch/x86/pci/fixup.o
  CC      lib/clz_ctz.o
  CC      lib/bsearch.o
  CC      arch/x86/pci/acpi.o
  CC      lib/find_bit.o
  CC      net/core/skbuff.o
  CC      lib/llist.o
  CC      lib/lwq.o
  CC      drivers/pci/pci-driver.o
  CC      lib/memweight.o
  CC      lib/kfifo.o
  CC      arch/x86/pci/legacy.o
  CC      arch/x86/pci/irq.o
  CC      drivers/pci/search.o
  CC      lib/percpu-refcount.o
  CC      lib/rhashtable.o
  CC      drivers/pci/rebar.o
  CC      arch/x86/pci/common.o
  CC      drivers/pci/rom.o
  CC      lib/base64.o
  CC      lib/once.o
  CC      arch/x86/pci/early.o
  CC      drivers/pci/setup-res.o
  CC      lib/refcount.o
  CC      net/core/datagram.o
  CC      lib/rcuref.o
  CC      lib/usercopy.o
  CC      arch/x86/pci/bus_numa.o
  CC      drivers/pci/irq.o
  CC      lib/errseq.o
  CC      lib/bucket_locks.o
  CC      arch/x86/pci/amd_bus.o
  CC      drivers/pci/vpd.o
  CC      lib/generic-radix-tree.o
  CC      net/core/stream.o
  CC      lib/bitmap-str.o
  AR      arch/x86/pci/built-in.a
  CC      arch/x86/power/cpu.o
  CC      drivers/pci/setup-bus.o
  CC      lib/string_helpers.o
  CC      net/core/scm.o
  AR      arch/x86/power/built-in.a
  CC      net/core/gen_stats.o
  CC      lib/hexdump.o
  CC      drivers/pci/vc.o
  CC      lib/kstrtox.o
  CC      net/core/gen_estimator.o
  CC      net/core/net_namespace.o
  CC      lib/math/div64.o
  CC      lib/math/gcd.o
  CC      drivers/pci/mmap.o
  CC      lib/math/lcm.o
  CC      lib/math/int_log.o
  CC      lib/math/int_pow.o
  CC      lib/math/int_sqrt.o
  CC      lib/math/reciprocal_div.o
  CC      drivers/pci/devres.o
  CC      lib/math/rational.o
  CC      net/core/secure_seq.o
  CC      drivers/video/screen_info_generic.o
  CC      drivers/video/screen_info_pci.o
  AR      lib/math/built-in.a
  CC      lib/crc/crc16.o
  CC      drivers/pci/msi/pcidev_msi.o
  CC      net/core/flow_dissector.o
  HOSTCC  lib/crc/gen_crc32table
  AS      lib/crc/x86/crc32-pclmul.o
  AS      lib/crc/x86/crc32c-3way.o
  GEN     lib/crc/crc32table.h
  CC      lib/crc/crc32-main.o
  CC      drivers/video/console/dummycon.o
  CC      drivers/pci/msi/api.o
  AR      lib/crc/built-in.a
  CC      lib/crypto/hash_info.o
  CC      drivers/video/console/vgacon.o
  CC      drivers/pci/msi/msi.o
  CC      net/core/sysctl_net_core.o
  CC      lib/crypto/memneq.o
  AR      drivers/video/console/built-in.a
  CC      drivers/video/backlight/backlight.o
  CC      lib/crypto/utils.o
  CC      drivers/pci/msi/irqdomain.o
  CC      lib/crypto/aes.o
  CC      net/core/dev.o
  AR      drivers/video/backlight/built-in.a
  AR      drivers/video/built-in.a
  AR      drivers/pci/msi/built-in.a
  CC      drivers/pci/pcie/portdrv.o
  CC      drivers/acpi/tables.o
  AS      lib/crypto/x86/aes-aesni.o
  CC      lib/crypto/arc4.o
  CC      drivers/pci/pcie/rcec.o
  CC      lib/crypto/blake2s.o
  CC      drivers/acpi/osi.o
  CC      drivers/pci/pcie/bwctrl.o
  AS      lib/crypto/x86/blake2s-core.o
  CC      lib/crypto/chacha-block-generic.o
  CC      drivers/acpi/osl.o
  CC      lib/crypto/gf128hash.o
  CC      drivers/pci/pcie/aspm.o
  AS      lib/crypto/x86/ghash-pclmul.o
  AS      lib/crypto/x86/polyval-pclmul-avx.o
  CC      lib/crypto/sha256.o
  CC      drivers/acpi/utils.o
  AS      lib/crypto/x86/sha256-ssse3-asm.o
  AS      lib/crypto/x86/sha256-avx-asm.o
  AS      lib/crypto/x86/sha256-avx2-asm.o
  AS      lib/crypto/x86/sha256-ni-asm.o
  CC      drivers/pci/pcie/pme.o
  CC      lib/crypto/mpi/generic_mpih-lshift.o
  CC      drivers/acpi/reboot.o
  CC      net/core/dev_api.o
  CC      lib/crypto/mpi/generic_mpih-mul1.o
  AR      drivers/pci/pcie/built-in.a
  CC      drivers/pci/proc.o
  CC      drivers/acpi/nvs.o
  CC      lib/crypto/mpi/generic_mpih-mul2.o
  CC      net/core/dev_addr_lists.o
  CC      drivers/pci/pci-sysfs.o
  CC      drivers/acpi/wakeup.o
  CC      lib/crypto/mpi/generic_mpih-mul3.o
  CC      drivers/acpi/sleep.o
  CC      lib/crypto/mpi/generic_mpih-rshift.o
  CC      net/core/dst.o
  CC      drivers/pci/slot.o
  CC      lib/crypto/mpi/generic_mpih-sub1.o
  CC      drivers/acpi/device_sysfs.o
  CC      drivers/pci/pci-acpi.o
  CC      lib/crypto/mpi/generic_mpih-add1.o
  CC      net/core/netevent.o
  CC      drivers/acpi/device_pm.o
  CC      lib/crypto/mpi/mpicoder.o
  CC      drivers/pci/iomap.o
  CC      net/core/neighbour.o
  CC      lib/crypto/mpi/mpi-add.o
  CC      drivers/acpi/proc.o
  CC      drivers/pci/quirks.o
  CC      lib/crypto/mpi/mpi-bit.o
  CC      drivers/acpi/bus.o
  CC      lib/crypto/mpi/mpi-cmp.o
  CC      net/core/rtnetlink.o
  CC      drivers/pci/hotplug/pci_hotplug_core.o
  CC      lib/crypto/mpi/mpi-sub-ui.o
  CC      drivers/acpi/glue.o
  CC      lib/crypto/mpi/mpi-div.o
  CC      drivers/pci/hotplug/acpi_pcihp.o
  CC      drivers/acpi/scan.o
  CC      lib/crypto/mpi/mpi-mod.o
  AR      drivers/pci/hotplug/built-in.a
  CC      drivers/pci/ats.o
  CC      lib/crypto/mpi/mpi-mul.o
  CC      drivers/acpi/mipi-disco-img.o
  CC      net/core/utils.o
  CC      drivers/pci/pci-label.o
  CC      lib/crypto/mpi/mpih-cmp.o
  CC      drivers/acpi/resource.o
  CC      drivers/pci/vgaarb.o
  CC      lib/crypto/mpi/mpih-div.o
  CC      net/core/link_watch.o
  CC      drivers/acpi/acpi_processor.o
  CC      lib/crypto/mpi/mpih-mul.o
  CC      drivers/pci/setup-cardbus.o
  CC      drivers/acpi/processor_core.o
  CC      net/core/filter.o
  CC      lib/crypto/mpi/mpi-pow.o
  CC      drivers/pci/trace.o
  CC      drivers/acpi/processor_pdc.o
  CC      lib/crypto/mpi/mpiutil.o
  CC      drivers/acpi/dock.o
  AR      drivers/pci/built-in.a
  AR      lib/crypto/mpi/built-in.a
  AR      lib/crypto/built-in.a
  CC      lib/vdso/datastore.o
  CC      drivers/pnp/core.o
  CC      drivers/acpi/pci_root.o
  AR      lib/vdso/built-in.a
  CC      lib/iomap.o
  CC      drivers/pnp/card.o
  CC      lib/iomap_copy.o
  CC      drivers/acpi/pci_link.o
  CC      drivers/pnp/driver.o
  CC      lib/devres.o
  CC      drivers/pnp/resource.o
  CC      lib/interval_tree.o
  CC      net/core/sock_diag.o
  CC      drivers/acpi/pci_irq.o
  CC      lib/assoc_array.o
  CC      drivers/acpi/acpi_apd.o
  CC      lib/bitrev.o
  CC      drivers/pnp/manager.o
  CC      net/core/dev_ioctl.o
  CC      lib/xxhash.o
  CC      drivers/acpi/acpi_platform.o
  CC      drivers/pnp/support.o
  CC      drivers/pnp/interface.o
  CC      lib/genalloc.o
  CC      drivers/acpi/acpi_pnp.o
  CC      net/core/tso.o
  CC      drivers/pnp/quirks.o
  CC      drivers/acpi/power.o
  CC      lib/zlib_inflate/inffast.o
  CC      lib/zlib_inflate/inflate.o
  CC      drivers/pnp/system.o
  CC      net/core/sock_reuseport.o
  CC      drivers/acpi/event.o
  CC      lib/zlib_inflate/infutil.o
  CC      drivers/pnp/pnpacpi/core.o
  CC      lib/zlib_inflate/inftrees.o
  CC      lib/zlib_inflate/inflate_syms.o
  CC      drivers/acpi/evged.o
  CC      net/core/fib_notifier.o
  CC      drivers/pnp/pnpacpi/rsparser.o
  AR      lib/zlib_inflate/built-in.a
  CC      lib/lzo/lzo1x_compress.o
  CC      drivers/acpi/sysfs.o
  CC      lib/lzo/lzo1x_compress_safe.o
  AR      drivers/pnp/pnpacpi/built-in.a
  AR      drivers/pnp/built-in.a
  CC      drivers/dma/dmaengine.o
  CC      drivers/acpi/property.o
  CC      net/core/xdp.o
  CC      lib/lzo/lzo1x_decompress_safe.o
  CC      drivers/dma/virt-dma.o
  CC      drivers/acpi/debugfs.o
  AR      lib/lzo/built-in.a
  CC      lib/lz4/lz4_decompress.o
  CC      net/core/flow_offload.o
  CC      drivers/dma/acpi-dma.o
  CC      drivers/acpi/acpi_lpat.o
  AR      lib/lz4/built-in.a
  CC      drivers/acpi/acpi_lpit.o
  CC      lib/zstd/zstd_decompress_module.o
  CC      drivers/dma/dw/core.o
  CC      net/core/gro.o
  CC      lib/zstd/decompress/huf_decompress.o
  CC      drivers/acpi/prmt.o
  CC      drivers/dma/dw/dw.o
  CC      drivers/acpi/acpi_pcc.o
  CC      drivers/dma/dw/idma32.o
  CC      net/core/netdev-genl.o
  CC      drivers/acpi/acpi_mrrm.o
  CC      lib/zstd/decompress/zstd_ddict.o
  CC      drivers/dma/dw/acpi.o
  CC      lib/zstd/decompress/zstd_decompress.o
  CC      lib/zstd/decompress/zstd_decompress_block.o
  AR      drivers/dma/dw/built-in.a
  CC      drivers/dma/hsu/hsu.o
  CC      net/core/netdev-genl-gen.o
  CC      drivers/acpi/acpica/dsargs.o
  AR      drivers/dma/hsu/built-in.a
  AR      drivers/dma/built-in.a
  CC      drivers/acpi/acpica/dscontrol.o
  CC      drivers/acpi/acpica/dsdebug.o
  CC      net/core/gso.o
  CC      drivers/acpi/acpica/dsfield.o
  CC      drivers/acpi/acpica/dsinit.o
  CC      lib/zstd/zstd_common_module.o
  CC      drivers/acpi/acpica/dsmethod.o
  CC      drivers/acpi/acpica/dsmthdat.o
  CC      lib/zstd/common/debug.o
  CC      lib/zstd/common/entropy_common.o
  CC      net/core/net-sysfs.o
  CC      drivers/acpi/acpica/dsobject.o
  CC      lib/zstd/common/error_private.o
  CC      drivers/acpi/acpica/dsopcode.o
  CC      lib/zstd/common/fse_decompress.o
  CC      drivers/acpi/acpica/dspkginit.o
  CC      drivers/acpi/acpica/dsutils.o
  CC      lib/zstd/common/zstd_common.o
  AR      lib/zstd/built-in.a
  CC      lib/xz/xz_dec_syms.o
  CC      lib/xz/xz_dec_stream.o
  CC      drivers/acpi/acpica/dswexec.o
  CC      drivers/acpi/acpica/dswload.o
  CC      lib/xz/xz_dec_lzma2.o
  CC      net/core/hotdata.o
  CC      drivers/acpi/acpica/dswload2.o
  CC      drivers/acpi/acpica/dswscope.o
  CC      lib/xz/xz_dec_bcj.o
  CC      drivers/acpi/acpica/dswstate.o
  CC      drivers/acpi/acpica/evevent.o
  AR      lib/xz/built-in.a
  CC      lib/syscall.o
  CC      net/core/netdev_config.o
  CC      drivers/acpi/acpica/evgpe.o
  CC      drivers/acpi/acpica/evgpeblk.o
  CC      lib/errname.o
  CC      drivers/acpi/acpica/evgpeinit.o
  CC      drivers/acpi/acpica/evgpeutil.o
  CC      lib/nlattr.o
  CC      drivers/acpi/acpica/evglock.o
  CC      net/core/netdev_rx_queue.o
  CC      drivers/acpi/acpica/evhandler.o
  CC      drivers/acpi/acpica/evmisc.o
  CC      drivers/acpi/acpica/evregion.o
  CC      lib/dynamic_queue_limits.o
  CC      drivers/acpi/acpica/evrgnini.o
  CC      net/core/netdev_queues.o
  CC      drivers/acpi/acpica/evsci.o
  CC      drivers/acpi/acpica/evxface.o
  CC      drivers/acpi/acpica/evxfevnt.o
  CC      lib/glob.o
  CC      drivers/acpi/acpica/evxfgpe.o
  CC      drivers/acpi/acpica/evxfregn.o
  CC      net/core/page_pool.o
  CC      lib/dim/dim.o
  CC      drivers/acpi/acpica/exconcat.o
  CC      lib/dim/net_dim.o
  CC      drivers/acpi/acpica/exconfig.o
  CC      drivers/acpi/acpica/exconvrt.o
  CC      net/core/page_pool_user.o
  CC      drivers/acpi/acpica/excreate.o
  CC      drivers/acpi/acpica/exdebug.o
  CC      lib/dim/rdma_dim.o
  CC      drivers/acpi/acpica/exdump.o
  CC      drivers/acpi/acpica/exfield.o
  AR      lib/dim/built-in.a
  CC      lib/strncpy_from_user.o
  CC      drivers/acpi/acpica/exfldio.o
  CC      drivers/acpi/acpica/exmisc.o
  CC      lib/strnlen_user.o
  CC      net/core/net-procfs.o
  CC      drivers/acpi/acpica/exmutex.o
  CC      drivers/acpi/acpica/exnames.o
  CC      drivers/acpi/acpica/exoparg1.o
  CC      lib/net_utils.o
  CC      lib/sg_pool.o
  CC      drivers/acpi/acpica/exoparg2.o
  CC      net/core/netpoll.o
  CC      lib/stackdepot.o
  CC      drivers/acpi/acpica/exoparg3.o
  CC      drivers/acpi/acpica/exoparg6.o
  CC      drivers/acpi/acpica/exprep.o
  CC      drivers/acpi/acpica/exregion.o
  CC      lib/asn1_decoder.o
  CC      drivers/acpi/acpica/exresnte.o
  CC      net/core/net-traces.o
  CC      net/core/ptp_classifier.o
  CC      lib/fonts/fonts.o
  CC      drivers/acpi/acpica/exresolv.o
  CC      drivers/acpi/acpica/exresop.o
  CC      lib/fonts/font_8x16.o
  CC      drivers/acpi/acpica/exserial.o
  CC      drivers/acpi/acpica/exstore.o
  CC      drivers/acpi/acpica/exstoren.o
  AR      lib/fonts/built-in.a
  CC      lib/oid_registry.o
  CC      drivers/acpi/acpica/exstorob.o
  CC      drivers/acpi/acpica/exsystem.o
  CC      drivers/acpi/acpica/extrace.o
  CC      lib/ucs2_string.o
  CC      lib/sbitmap.o
  CC      drivers/acpi/acpica/exutils.o
  CC      lib/group_cpus.o
  CC      drivers/acpi/acpica/hwacpi.o
  CC      lib/fw_table.o
  AR      lib/lib.a
  CC      drivers/acpi/acpica/hwesleep.o
  CC      drivers/acpi/acpica/hwgpe.o
  CC      net/core/netprio_cgroup.o
  CC      drivers/acpi/acpica/hwregs.o
  CC      drivers/acpi/acpica/hwsleep.o
  AR      lib/built-in.a
  CC      drivers/acpi/acpica/hwvalid.o
  CC      drivers/acpi/acpica/hwxface.o
  CC      drivers/acpi/acpica/hwxfsleep.o
  CC      net/core/netclassid_cgroup.o
  CC      drivers/acpi/acpica/hwpci.o
  CC      drivers/virtio/virtio.o
  CC      drivers/acpi/acpica/nsaccess.o
  CC      drivers/acpi/acpica/nsalloc.o
  CC      net/core/failover.o
  CC      drivers/virtio/virtio_ring.o
  CC      drivers/acpi/acpica/nsarguments.o
  CC      drivers/virtio/virtio_anchor.o
  CC      drivers/acpi/acpica/nsconvert.o
  CC      net/core/devmem.o
  CC      drivers/acpi/acpica/nsdump.o
  CC      drivers/virtio/virtio_pci_modern_dev.o
  CC      drivers/acpi/acpica/nseval.o
  CC      drivers/acpi/acpica/nsinit.o
  CC      drivers/virtio/virtio_pci_legacy_dev.o
  CC      drivers/virtio/virtio_pci_modern.o
  CC      drivers/acpi/acpica/nsload.o
  AR      net/core/built-in.a
  CC      net/compat.o
  CC      drivers/virtio/virtio_pci_common.o
  CC      drivers/acpi/acpica/nsnames.o
  CC      drivers/virtio/virtio_pci_legacy.o
  CC      drivers/acpi/acpica/nsobject.o
  CC      drivers/virtio/virtio_pci_admin_legacy_io.o
  CC      drivers/virtio/virtio_input.o
  CC      drivers/acpi/acpica/nsparse.o
  CC      net/ethernet/eth.o
  CC      drivers/acpi/acpica/nspredef.o
  CC      drivers/acpi/acpica/nsprepkg.o
  AR      drivers/virtio/built-in.a
  CC      drivers/tty/tty_io.o
  CC      drivers/acpi/acpica/nsrepair.o
  CC      drivers/acpi/acpica/nsrepair2.o
  CC      drivers/acpi/acpica/nssearch.o
  AR      net/ethernet/built-in.a
  CC      net/sched/sch_generic.o
  CC      drivers/acpi/acpica/nsutils.o
  CC      drivers/acpi/acpica/nswalk.o
  CC      drivers/acpi/acpica/nsxfeval.o
  CC      net/netlink/af_netlink.o
  CC      drivers/tty/n_tty.o
  CC      drivers/acpi/acpica/nsxfname.o
  CC      drivers/acpi/acpica/nsxfobj.o
  CC      drivers/acpi/acpica/psargs.o
  CC      drivers/tty/tty_ioctl.o
  CC      net/sched/sch_mq.o
  CC      drivers/acpi/acpica/psloop.o
  CC      drivers/tty/tty_ldisc.o
  CC      net/netlink/genetlink.o
  CC      net/sched/sch_api.o
  CC      drivers/acpi/acpica/psobject.o
  CC      drivers/tty/tty_buffer.o
  CC      drivers/acpi/acpica/psopcode.o
  CC      drivers/acpi/acpica/psopinfo.o
  CC      net/netlink/policy.o
  CC      drivers/tty/tty_port.o
  CC      drivers/acpi/acpica/psparse.o
  CC      net/sched/sch_blackhole.o
  CC      drivers/acpi/acpica/psscope.o
  CC      drivers/tty/tty_mutex.o
  AR      net/netlink/built-in.a
  CC      drivers/acpi/acpica/pstree.o
  CC      net/ethtool/ioctl.o
  CC      net/sched/cls_api.o
  CC      drivers/acpi/acpica/psutils.o
  CC      drivers/tty/tty_ldsem.o
  CC      drivers/acpi/acpica/pswalk.o
  CC      drivers/tty/tty_baudrate.o
  CC      drivers/acpi/acpica/psxface.o
  CC      drivers/tty/tty_jobctrl.o
  CC      drivers/acpi/acpica/rsaddr.o
  CC      drivers/acpi/acpica/rscalc.o
  CC      net/ethtool/common.o
  CC      drivers/tty/n_null.o
  CC      net/sched/act_api.o
  CC      drivers/acpi/acpica/rscreate.o
  CC      drivers/tty/pty.o
  CC      drivers/acpi/acpica/rsdumpinfo.o
  CC      net/ethtool/netlink.o
  CC      drivers/tty/sysrq.o
  CC      drivers/acpi/acpica/rsinfo.o
  CC      net/sched/sch_fifo.o
  CC      drivers/acpi/acpica/rsio.o
  CC      drivers/acpi/acpica/rsirq.o
  CC      drivers/tty/vt/vt_ioctl.o
  CC      net/ethtool/bitset.o
  CC      drivers/acpi/acpica/rslist.o
  CC      net/sched/cls_cgroup.o
  CC      drivers/acpi/acpica/rsmemory.o
  CC      drivers/tty/vt/vc_screen.o
  CC      drivers/acpi/acpica/rsmisc.o
  CC      net/ethtool/strset.o
  CC      net/sched/ematch.o
  CC      drivers/acpi/acpica/rsserial.o
  CC      drivers/tty/vt/selection.o
  CC      drivers/acpi/acpica/rsutils.o
  CC      drivers/acpi/acpica/rsxface.o
  CC      drivers/tty/vt/keyboard.o
  CC      net/ethtool/linkinfo.o
  AR      net/sched/built-in.a
  CC      net/netfilter/core.o
  CC      drivers/acpi/acpica/tbdata.o
  CC      drivers/acpi/acpica/tbfadt.o
  CC      net/ethtool/linkmodes.o
  CC      drivers/tty/vt/vt.o
  CC      drivers/acpi/acpica/tbfind.o
  CC      net/netfilter/nf_log.o
  CC      drivers/acpi/acpica/tbinstal.o
  CC      net/ethtool/rss.o
  CC      drivers/acpi/acpica/tbprint.o
  CC      drivers/acpi/acpica/tbutils.o
  CC      net/netfilter/nf_queue.o
  CC      drivers/acpi/acpica/tbxface.o
  CC      drivers/tty/vt/defkeymap.o
  CC      drivers/tty/vt/consolemap.o
  CC      net/ethtool/linkstate.o
  CC      drivers/acpi/acpica/tbxfload.o
  CC      net/netfilter/nf_sockopt.o
  CC      drivers/acpi/acpica/tbxfroot.o
  HOSTCC  drivers/tty/vt/conmakehash
  CC      drivers/tty/vt/ucs.o
  CONMK   drivers/tty/vt/consolemap_deftbl.c
  CC      drivers/tty/vt/consolemap_deftbl.o
  AR      drivers/tty/vt/built-in.a
  CC      drivers/tty/hvc/hvc_console.o
  CC      drivers/acpi/acpica/utaddress.o
  CC      net/ethtool/debug.o
  CC      drivers/acpi/acpica/utalloc.o
  CC      net/netfilter/utils.o
  AR      drivers/tty/hvc/built-in.a
  CC      drivers/tty/serial/serial_core.o
  CC      drivers/acpi/acpica/utascii.o
  CC      net/ethtool/wol.o
  CC      drivers/acpi/acpica/utbuffer.o
  CC      drivers/acpi/acpica/utcksum.o
  AR      net/netfilter/built-in.a
  CC      drivers/tty/serial/serial_base_bus.o
  CC      net/ethtool/features.o
  CC      drivers/acpi/acpica/utcopy.o
  CC      drivers/acpi/acpica/utexcep.o
  CC      drivers/tty/serial/serial_ctrl.o
  CC      drivers/tty/serial/serial_port.o
  CC      drivers/acpi/acpica/utdebug.o
  CC      net/ethtool/privflags.o
  CC      drivers/tty/serial/earlycon.o
  CC      drivers/acpi/acpica/utdecode.o
  CC      drivers/tty/serial/8250/8250_core.o
  CC      drivers/acpi/acpica/utdelete.o
  CC      drivers/tty/serial/8250/8250_platform.o
  CC      net/ethtool/rings.o
  CC      drivers/acpi/acpica/uterror.o
  CC      drivers/tty/serial/8250/8250_pnp.o
  CC      drivers/tty/serial/8250/8250_port.o
  CC      drivers/acpi/acpica/uteval.o
  CC      drivers/acpi/acpica/utglobal.o
  CC      net/ethtool/channels.o
  CC      drivers/tty/serial/8250/8250_dma.o
  CC      drivers/acpi/acpica/uthex.o
  CC      drivers/acpi/acpica/utids.o
  CC      net/ethtool/coalesce.o
  CC      drivers/tty/serial/8250/8250_dwlib.o
  CC      drivers/acpi/acpica/utinit.o
  CC      drivers/tty/serial/8250/8250_pcilib.o
  CC      drivers/acpi/acpica/utlock.o
  CC      drivers/tty/serial/8250/8250_rsa.o
  CC      drivers/tty/serial/8250/8250_early.o
  CC      drivers/acpi/acpica/utmath.o
  CC      net/ethtool/pause.o
  CC      drivers/acpi/acpica/utmisc.o
  CC      drivers/tty/serial/8250/8250_lpss.o
  CC      drivers/tty/serial/8250/8250_mid.o
  CC      drivers/acpi/acpica/utmutex.o
  CC      net/ethtool/eee.o
  CC      drivers/acpi/acpica/utnonansi.o
  CC      drivers/tty/serial/8250/8250_pci.o
  CC      drivers/tty/serial/8250/8250_pericom.o
  CC      drivers/acpi/acpica/utobject.o
  CC      drivers/acpi/acpica/utosi.o
  CC      net/ethtool/tsinfo.o
  CC      drivers/acpi/acpica/utownerid.o
  AR      drivers/tty/serial/8250/built-in.a
  AR      drivers/tty/serial/built-in.a
  AR      drivers/tty/built-in.a
  CC      drivers/acpi/acpica/utpredef.o
  CC      drivers/char/mem.o
  CC      drivers/acpi/acpica/utresdecode.o
  CC      drivers/char/random.o
  CC      net/ethtool/cabletest.o
  CC      drivers/acpi/acpica/utresrc.o
  CC      drivers/acpi/acpica/utstate.o
  CC      drivers/char/misc.o
  CC      drivers/acpi/acpica/utstring.o
  CC      drivers/char/virtio_console.o
  CC      drivers/char/nvram.o
  CC      net/ethtool/tunnels.o
  CC      drivers/acpi/acpica/utstrsuppt.o
  CC      drivers/acpi/acpica/utstrtoul64.o
  CC      drivers/char/agp/backend.o
  CC      drivers/char/agp/generic.o
  CC      drivers/acpi/acpica/utxface.o
  CC      net/ethtool/fec.o
  CC      drivers/char/agp/isoch.o
  CC      drivers/acpi/acpica/utxfinit.o
  CC      drivers/acpi/acpica/utxferror.o
  CC      drivers/acpi/acpica/utxfmutex.o
  CC      net/ethtool/eeprom.o
  AR      drivers/char/agp/built-in.a
  AR      drivers/char/built-in.a
  CC      net/ethtool/stats.o
  CC      drivers/iommu/amd/iommu.o
  AR      drivers/acpi/acpica/built-in.a
  CC      drivers/acpi/button.o
  CC      drivers/acpi/fan_core.o
  CC      drivers/acpi/fan_attr.o
  CC      net/ethtool/phc_vclocks.o
  CC      drivers/iommu/amd/init.o
  CC      drivers/acpi/fan_hwmon.o
  CC      drivers/acpi/acpi_video.o
  CC      net/ethtool/mm.o
  CC      net/ethtool/module.o
  CC      drivers/acpi/video_detect.o
  CC      drivers/iommu/amd/quirks.o
  CC      net/ethtool/cmis_fw_update.o
  CC      net/ethtool/cmis_cdb.o
  CC      drivers/acpi/processor_driver.o
  CC      drivers/iommu/amd/ppr.o
  CC      net/ethtool/pse-pd.o
  CC      drivers/acpi/processor_thermal.o
  CC      drivers/iommu/amd/pasid.o
  CC      net/ethtool/plca.o
  CC      drivers/acpi/processor_idle.o
  AR      drivers/iommu/amd/built-in.a
  CC      net/ethtool/phy.o
  CC      drivers/iommu/intel/iommu.o
  CC      net/ethtool/tsconfig.o
  CC      net/ethtool/mse.o
  CC      drivers/acpi/processor_throttling.o
  CC      drivers/acpi/processor_perflib.o
  CC      drivers/acpi/container.o
  AR      net/ethtool/built-in.a
  CC      net/unix/af_unix.o
  CC      drivers/iommu/intel/pasid.o
  CC      drivers/acpi/thermal_lib.o
  CC      drivers/acpi/thermal.o
  CC      drivers/acpi/platform_profile.o
  CC      drivers/acpi/acpi_memhotplug.o
  CC      drivers/iommu/intel/nested.o
  CC      net/unix/garbage.o
  CC      drivers/iommu/intel/cache.o
  CC      drivers/acpi/ioapic.o
  CC      drivers/acpi/battery.o
  CC      net/unix/sysctl_net_unix.o
  CC      drivers/iommu/intel/prq.o
  CC      drivers/acpi/bgrt.o
  CC      drivers/acpi/cppc_acpi.o
  AR      net/unix/built-in.a
  AR      net/ipv6/netfilter/built-in.a
  CC      net/ipv6/addrconf_core.o
  CC      drivers/iommu/intel/dmar.o
  CC      drivers/connector/cn_queue.o
  CC      drivers/acpi/spcr.o
  CC      net/ipv6/exthdrs_core.o
  CC      drivers/connector/connector.o
  CC      drivers/acpi/x86/apple.o
  CC      drivers/iommu/intel/trace.o
  CC      net/ipv6/ip6_checksum.o
  CC      drivers/connector/cn_proc.o
  CC      drivers/acpi/x86/cmos_rtc.o
  CC      drivers/acpi/x86/lpss.o
  CC      drivers/iommu/intel/perfmon.o
  AR      drivers/connector/built-in.a
  CC      drivers/acpi/x86/s2idle.o
  CC      net/ipv6/ip6_icmp.o
  CC      drivers/acpi/x86/utils.o
  AR      drivers/iommu/intel/built-in.a
  CC      drivers/iommu/generic_pt/fmt/iommu_amdv1.o
  CC      drivers/acpi/x86/blacklist.o
  CC      drivers/iommu/generic_pt/fmt/iommu_vtdss.o
  AR      net/ipv6/built-in.a
  CC      net/packet/af_packet.o
  AR      drivers/acpi/x86/built-in.a
  AR      drivers/acpi/built-in.a
  CC      drivers/base/component.o
  CC      drivers/iommu/generic_pt/fmt/iommu_x86_64.o
  CC      drivers/base/core.o
  CC      drivers/base/bus.o
  AR      drivers/iommu/generic_pt/fmt/built-in.a
  CC      drivers/iommu/iommu.o
  AR      net/packet/built-in.a
  CC      net/wireless/core.o
  CC      drivers/iommu/iommu-pages.o
  CC      drivers/iommu/iommu-traces.o
  CC      drivers/base/dd.o
  CC      drivers/iommu/iommu-sysfs.o
  CC      drivers/iommu/dma-iommu.o
  CC      drivers/base/syscore.o
  CC      net/wireless/sysfs.o
  CC      drivers/iommu/iova.o
  CC      drivers/base/driver.o
  CC      drivers/iommu/iommu-sva.o
  CC      drivers/iommu/io-pgfault.o
  CC      drivers/base/class.o
  CC      net/wireless/radiotap.o
  CC      net/wireless/util.o
  AR      drivers/iommu/built-in.a
  CC      drivers/block/virtio_blk.o
  CC      drivers/base/platform.o
  CC      net/wireless/reg.o
  AR      drivers/block/built-in.a
  CC      drivers/misc/eeprom/eeprom_93cx6.o
  CC      drivers/base/cpu.o
  AR      drivers/misc/eeprom/built-in.a
  CC      net/wireless/scan.o
  CC      drivers/misc/mei/init.o
  CC      drivers/base/firmware.o
  CC      drivers/misc/mei/hbm.o
  CC      drivers/base/init.o
  CC      net/wireless/nl80211.o
  CC      drivers/base/map.o
  CC      drivers/misc/mei/interrupt.o
  CC      drivers/base/devres.o
  CC      drivers/misc/mei/client.o
  CC      net/wireless/mlme.o
  CC      drivers/base/attribute_container.o
  CC      drivers/misc/mei/main.o
  CC      drivers/base/transport_class.o
  CC      drivers/base/topology.o
  CC      drivers/misc/mei/dma-ring.o
  CC      net/wireless/ibss.o
  CC      drivers/base/container.o
  CC      drivers/misc/mei/bus.o
  CC      drivers/base/property.o
  CC      drivers/misc/mei/bus-fixup.o
  CC      drivers/misc/mei/debugfs.o
  CC      drivers/base/cacheinfo.o
  CC      drivers/misc/mei/mei-trace.o
  CC      drivers/misc/mei/pci-me.o
  CC      drivers/base/swnode.o
  CC      drivers/misc/mei/hw-me.o
  CC      net/mac80211/main.o
  CC      drivers/base/faux.o
  AR      drivers/misc/mei/built-in.a
  AR      drivers/misc/built-in.a
  CC      drivers/dma-buf/dma-buf.o
  CC      drivers/base/auxiliary.o
  CC      net/wireless/sme.o
  CC      drivers/base/devtmpfs.o
  CC      drivers/dma-buf/dma-fence.o
  CC      net/mac80211/status.o
  CC      drivers/base/power/sysfs.o
  CC      net/wireless/chan.o
  CC      drivers/dma-buf/dma-fence-array.o
  CC      drivers/base/power/generic_ops.o
  CC      drivers/dma-buf/dma-fence-chain.o
  CC      net/mac80211/driver-ops.o
  CC      drivers/base/power/common.o
  CC      drivers/dma-buf/dma-fence-unwrap.o
  CC      drivers/base/power/qos.o
  CC      net/wireless/ethtool.o
  CC      drivers/dma-buf/dma-resv.o
  CC      net/mac80211/sta_info.o
  CC      drivers/dma-buf/dma-buf-mapping.o
  CC      drivers/base/power/runtime.o
  CC      net/wireless/mesh.o
  CC      drivers/dma-buf/sync_file.o
  CC      drivers/base/power/wakeirq.o
  AR      drivers/dma-buf/built-in.a
  CC      drivers/macintosh/mac_hid.o
  CC      net/wireless/ap.o
  AR      drivers/macintosh/built-in.a
  CC      drivers/base/power/main.o
  CC      drivers/scsi/scsi.o
  CC      net/mac80211/wep.o
  CC      net/wireless/trace.o
  CC      net/mac80211/aead_api.o
  CC      drivers/base/power/wakeup.o
  CC      drivers/scsi/hosts.o
  CC      net/mac80211/wpa.o
  CC      drivers/scsi/scsi_ioctl.o
  CC      drivers/base/power/wakeup_stats.o
  CC      drivers/scsi/scsicam.o
  CC      drivers/base/power/trace.o
  CC      net/mac80211/scan.o
  CC      drivers/scsi/scsi_error.o
  AR      drivers/base/power/built-in.a
  CC      drivers/base/firmware_loader/main.o
  CC      drivers/base/firmware_loader/builtin/main.o
  CC      net/mac80211/offchannel.o
  AR      drivers/base/firmware_loader/builtin/built-in.a
  AR      drivers/base/firmware_loader/built-in.a
  CC      drivers/scsi/scsi_lib.o
  CC      drivers/base/auxiliary_sysfs.o
  CC      drivers/base/platform-msi.o
  CC      drivers/base/physical_location.o
  CC      drivers/scsi/constants.o
  CC      net/mac80211/ht.o
  CC      drivers/base/trace.o
  CC      drivers/scsi/scsi_lib_dma.o
  CC      net/wireless/ocb.o
  CC      net/mac80211/agg-tx.o
  AR      drivers/base/built-in.a
  CC      net/mac80211/agg-rx.o
  CC      drivers/scsi/scsi_scan.o
  CC      net/wireless/michael-mic.o
  CC      drivers/scsi/scsi_sysfs.o
  CC      net/mac80211/vht.o
  CC      net/mac80211/he.o
  CC      net/wireless/pmsr.o
  CC      drivers/scsi/scsi_devinfo.o
  CC      net/mac80211/s1g.o
  CC      net/mac80211/ibss.o
  CC      drivers/scsi/scsi_sysctl.o
  CC      net/wireless/shipped-certs.o
  CC      drivers/scsi/scsi_proc.o
  CC      net/mac80211/iface.o
  AR      net/wireless/built-in.a
  CC      net/mac80211/link.o
  CC      drivers/scsi/scsi_debugfs.o
  CC      net/mac80211/rate.o
  CC      drivers/scsi/scsi_trace.o
  CC      net/mac80211/tkip.o
  CC      net/mac80211/aes_cmac.o
  CC      drivers/scsi/scsi_logging.o
  CC      net/mac80211/aes_gmac.o
  CC      drivers/scsi/scsi_pm.o
  CC      drivers/scsi/scsi_bsg.o
  CC      net/mac80211/fils_aead.o
  CC      net/mac80211/cfg.o
  CC      drivers/scsi/scsi_common.o
  CC      drivers/scsi/scsi_transport_spi.o
  CC      drivers/scsi/virtio_scsi.o
  CC      net/mac80211/ethtool.o
  CC      drivers/scsi/sd.o
  CC      drivers/scsi/sr.o
  CC      net/mac80211/rx.o
  CC      net/mac80211/spectmgmt.o
  CC      drivers/scsi/sr_ioctl.o
  CC      drivers/scsi/sr_vendor.o
  CC      drivers/scsi/sg.o
  CC      net/mac80211/tx.o
  CC      net/mac80211/key.o
  AR      drivers/scsi/built-in.a
  CC      drivers/net/loopback.o
  CC      net/mac80211/util.o
  CC      net/mac80211/parse.o
  CC      drivers/net/netconsole.o
  CC      net/mac80211/wme.o
  AR      drivers/net/phy/built-in.a
  AR      drivers/net/mdio/built-in.a
  CC      drivers/net/virtio_net.o
  CC      net/mac80211/chan.o
  CC      net/mac80211/trace.o
  CC      net/mac80211/mlme.o
  CC      net/mac80211/tdls.o
  AR      drivers/net/wireless/built-in.a
  CC      drivers/net/net_failover.o
  CC      net/mac80211/ocb.o
  AR      drivers/net/built-in.a
  CC      drivers/firewire/init_ohci1394_dma.o
  CC      net/mac80211/airtime.o
  AR      drivers/firewire/built-in.a
  CC      drivers/cdrom/cdrom.o
  CC      net/mac80211/eht.o
  CC      net/mac80211/uhr.o
  AR      drivers/cdrom/built-in.a
  CC      drivers/pcmcia/cs.o
  CC      net/mac80211/nan.o
  CC      net/mac80211/led.o
  CC      drivers/pcmcia/socket_sysfs.o
  CC      drivers/pcmcia/cardbus.o
  CC      net/mac80211/pm.o
  CC      net/mac80211/rc80211_minstrel_ht.o
  CC      drivers/pcmcia/ds.o
  CC      net/mac80211/wbrf.o
  CC      drivers/pcmcia/pcmcia_resource.o
  CC      drivers/pcmcia/cistpl.o
  CC      drivers/usb/common/common.o
  AR      net/mac80211/built-in.a
  CC      net/rfkill/core.o
  CC      drivers/pcmcia/pcmcia_cis.o
  CC      drivers/usb/common/debug.o
  AR      drivers/usb/common/built-in.a
  CC      drivers/pcmcia/rsrc_mgr.o
  CC      drivers/usb/core/usb.o
  CC      net/rfkill/input.o
  CC      drivers/pcmcia/rsrc_nonstatic.o
  CC      drivers/pcmcia/yenta_socket.o
  AR      net/rfkill/built-in.a
  CC      drivers/usb/core/hub.o
  CC      net/9p/mod.o
  CC      net/9p/client.o
  CC      net/9p/error.o
  AR      drivers/pcmcia/built-in.a
  CC      drivers/input/serio/serio.o
  CC      net/9p/protocol.o
  CC      drivers/input/serio/i8042.o
  CC      net/9p/trans_common.o
  CC      net/9p/trans_fd.o
  CC      drivers/usb/core/hcd.o
  CC      net/9p/trans_virtio.o
  CC      drivers/input/serio/serport.o
  CC      drivers/input/serio/libps2.o
  CC      drivers/usb/core/urb.o
  CC      drivers/usb/core/message.o
  AR      net/9p/built-in.a
  CC      net/sysctl_net.o
  AR      drivers/input/serio/built-in.a
  CC      drivers/input/input.o
  CC      drivers/usb/core/driver.o
  CC      drivers/usb/core/config.o
  AR      net/built-in.a
  CC      drivers/usb/core/file.o
  CC      drivers/input/input-compat.o
  CC      drivers/usb/core/buffer.o
  CC      drivers/usb/core/sysfs.o
  CC      drivers/input/input-mt.o
  CC      drivers/usb/core/endpoint.o
  CC      drivers/usb/core/devio.o
  CC      drivers/usb/core/notify.o
  CC      drivers/input/input-poller.o
  CC      drivers/usb/core/generic.o
  CC      drivers/usb/core/quirks.o
  CC      drivers/input/ff-core.o
  CC      drivers/usb/core/devices.o
  CC      drivers/usb/core/phy.o
  CC      drivers/input/touchscreen.o
  CC      drivers/usb/core/port.o
  CC      drivers/usb/core/trace.o
  CC      drivers/usb/core/usb-acpi.o
  CC      drivers/input/touch-overlay.o
  CC      drivers/input/ff-memless.o
  CC      drivers/input/sparse-keymap.o
  CC      drivers/input/vivaldi-fmap.o
  AR      drivers/usb/core/built-in.a
  CC      drivers/usb/mon/mon_main.o
  CC      drivers/input/input-leds.o
  CC      drivers/input/evdev.o
  CC      drivers/input/keyboard/atkbd.o
  CC      drivers/usb/mon/mon_stat.o
  CC      drivers/input/mouse/psmouse-base.o
  CC      drivers/input/mouse/synaptics.o
  CC      drivers/usb/mon/mon_text.o
  AR      drivers/input/keyboard/built-in.a
  CC      drivers/usb/mon/mon_bin.o
  CC      drivers/input/mouse/focaltech.o
  CC      drivers/input/mouse/alps.o
  CC      drivers/input/mouse/byd.o
  CC      drivers/input/mouse/logips2pp.o
  AR      drivers/usb/mon/built-in.a
  CC      drivers/usb/host/ohci-hcd.o
  CC      drivers/input/mouse/lifebook.o
  CC      drivers/input/mouse/trackpoint.o
  CC      drivers/input/mouse/cypress_ps2.o
  CC      drivers/usb/class/usblp.o
  CC      drivers/usb/early/ehci-dbgp.o
  AR      drivers/input/mouse/built-in.a
  AR      drivers/input/built-in.a
  CC      drivers/rtc/lib.o
  CC      drivers/usb/host/xhci.o
  AR      drivers/usb/class/built-in.a
  CC      drivers/rtc/class.o
  AR      drivers/usb/early/built-in.a
  CC      drivers/rtc/interface.o
  CC      drivers/rtc/nvmem.o
  CC      drivers/rtc/dev.o
  CC      drivers/rtc/rtc-mc146818-lib.o
  CC      drivers/rtc/rtc-cmos.o
  CC      drivers/usb/host/xhci-mem.o
  AR      drivers/i2c/busses/built-in.a
  AR      drivers/i2c/built-in.a
  CC      drivers/usb/host/xhci-ext-caps.o
  CC      drivers/pps/pps.o
  AR      drivers/rtc/built-in.a
  CC      drivers/ptp/ptp_clock.o
  CC      drivers/usb/host/xhci-ring.o
  CC      drivers/pps/kapi.o
  CC      drivers/usb/host/xhci-hub.o
  CC      drivers/pps/sysfs.o
  CC      drivers/ptp/ptp_chardev.o
  AR      drivers/pps/built-in.a
  CC      drivers/power/supply/power_supply_core.o
  CC      drivers/usb/host/xhci-dbg.o
  CC      drivers/usb/host/xhci-trace.o
  CC      drivers/usb/host/xhci-debugfs.o
  CC      drivers/ptp/ptp_sysfs.o
  CC      drivers/power/supply/power_supply_sysfs.o
  CC      drivers/power/supply/power_supply_leds.o
  CC      drivers/ptp/ptp_vclock.o
  AR      drivers/usb/host/built-in.a
  AR      drivers/usb/built-in.a
  CC      drivers/hwmon/hwmon.o
  CC      drivers/power/supply/power_supply_hwmon.o
  CC      drivers/thermal/thermal_core.o
  AR      drivers/power/supply/built-in.a
  AR      drivers/power/built-in.a
  CC      drivers/ptp/ptp_kvm_x86.o
  CC      drivers/cpufreq/cpufreq.o
  AR      drivers/hwmon/built-in.a
  CC      drivers/cpuidle/cpuidle.o
  CC      drivers/ptp/ptp_kvm_common.o
  CC      drivers/thermal/thermal_sysfs.o
  CC      drivers/cpuidle/driver.o
  CC      drivers/ptp/ptp_vmclock.o
  CC      drivers/cpufreq/freq_table.o
  CC      drivers/thermal/thermal_trip.o
  CC      drivers/cpuidle/governor.o
  CC      drivers/thermal/thermal_helpers.o
  CC      drivers/cpufreq/cpufreq_performance.o
  AR      drivers/ptp/built-in.a
  CC      drivers/firmware/dmi_scan.o
  CC      drivers/cpuidle/sysfs.o
  CC      drivers/thermal/thermal_thresholds.o
  CC      drivers/cpufreq/cpufreq_userspace.o
  CC      drivers/cpuidle/governors/menu.o
  CC      drivers/firmware/dmi-id.o
  CC      drivers/thermal/thermal_netlink.o
  CC      drivers/cpufreq/cpufreq_ondemand.o
  CC      drivers/cpuidle/governors/haltpoll.o
  CC      drivers/firmware/memmap.o
  CC      drivers/cpufreq/cpufreq_governor.o
  CC      drivers/firmware/efi/efi-bgrt.o
  CC      drivers/thermal/gov_step_wise.o
  AR      drivers/cpuidle/governors/built-in.a
  CC      drivers/cpuidle/poll_state.o
  CC      drivers/cpufreq/cpufreq_governor_attr_set.o
  AR      drivers/cpuidle/built-in.a
  CC      drivers/clocksource/acpi_pm.o
  CC      drivers/firmware/efi/efi.o
  CC      drivers/thermal/intel/intel_tcc.o
  CC      drivers/cpufreq/acpi-cpufreq.o
  CC      drivers/thermal/intel/x86_pkg_temp_thermal.o
  CC      drivers/clocksource/i8253.o
  CC      drivers/firmware/efi/vars.o
  CC      drivers/cpufreq/amd-pstate.o
  AR      drivers/clocksource/built-in.a
  CC      drivers/thermal/intel/therm_throt.o
  CC      drivers/hid/hid-core.o
  CC      drivers/firmware/efi/reboot.o
  AR      drivers/thermal/intel/built-in.a
  AR      drivers/thermal/built-in.a
  CC      drivers/firmware/efi/memattr.o
  AR      drivers/platform/x86/built-in.a
  CC      drivers/platform/wmi/core.o
  CC      drivers/cpufreq/amd-pstate-trace.o
  CC      drivers/hid/hid-input.o
  CC      drivers/firmware/efi/tpm.o
  CC      drivers/cpufreq/intel_pstate.o
  CC      drivers/platform/wmi/marshalling.o
  CC      drivers/firmware/efi/memmap.o
  CC      drivers/hid/hid-quirks.o
  CC      drivers/platform/wmi/string.o
  CC      drivers/firmware/efi/esrt.o
  AR      drivers/platform/wmi/built-in.a
  AR      drivers/platform/built-in.a
  CC      drivers/mailbox/mailbox.o
  CC      drivers/hid/hid-debug.o
  AR      drivers/cpufreq/built-in.a
  CC      drivers/hid/hid-gyration.o
  CC      drivers/firmware/efi/runtime-wrappers.o
  CC      drivers/mailbox/pcc.o
  CC      drivers/hid/hid-ntrig.o
  CC      drivers/hid/hid-pl.o
  CC      drivers/firmware/efi/earlycon.o
  AR      drivers/mailbox/built-in.a
  CC      drivers/nvmem/core.o
  CC      drivers/hid/hid-petalynx.o
  CC      drivers/hid/hid-samsung.o
  AR      drivers/firmware/efi/built-in.a
  AR      drivers/firmware/built-in.a
  CC      drivers/hid/hid-sony.o
  AR      drivers/nvmem/built-in.a
  CC      drivers/hid/hid-sunplus.o
  CC      drivers/hid/hid-topseed.o
  CC      drivers/hid/usbhid/hid-core.o
  CC      drivers/hid/usbhid/hiddev.o
  CC      drivers/hid/usbhid/hid-pidff.o
  AR      drivers/hid/usbhid/built-in.a
  AR      drivers/hid/built-in.a
  AR      drivers/built-in.a
  AR      built-in.a
  AR      vmlinux.a
  LD      vmlinux.o
  MODPOST vmlinux.symvers
  CC      .vmlinux.export.o
  UPD     include/generated/utsversion.h
  CC      init/version-timestamp.o
  KSYMS   .tmp_vmlinux0.kallsyms.S
  AS      .tmp_vmlinux0.kallsyms.o
  LD      .tmp_vmlinux1
  NM      .tmp_vmlinux1.syms
  KSYMS   .tmp_vmlinux1.kallsyms.S
  AS      .tmp_vmlinux1.kallsyms.o
  LD      .tmp_vmlinux2
  NM      .tmp_vmlinux2.syms
  KSYMS   .tmp_vmlinux2.kallsyms.S
  AS      .tmp_vmlinux2.kallsyms.o
  LD      vmlinux.unstripped
  NM      System.map
  SORTTAB vmlinux.unstripped
  OBJCOPY vmlinux
  GEN     modules.builtin.modinfo
  GEN     modules.builtin
  CC      arch/x86/boot/a20.o
  AS      arch/x86/boot/bioscall.o
  CC      arch/x86/boot/cmdline.o
  AS      arch/x86/boot/copy.o
  HOSTCC  arch/x86/boot/mkcpustr
  CC      arch/x86/boot/cpuflags.o
  CC      arch/x86/boot/cpucheck.o
  CC      arch/x86/boot/early_serial_console.o
  CC      arch/x86/boot/edd.o
  CC      arch/x86/boot/main.o
  CC      arch/x86/boot/memory.o
  CC      arch/x86/boot/pm.o
  LDS     arch/x86/boot/compressed/vmlinux.lds
  AS      arch/x86/boot/pmjump.o
  AS      arch/x86/boot/compressed/kernel_info.o
  CC      arch/x86/boot/printf.o
  CC      arch/x86/boot/regs.o
  AS      arch/x86/boot/compressed/head_64.o
  CC      arch/x86/boot/string.o
  CC      arch/x86/boot/tty.o
  VOFFSET arch/x86/boot/compressed/../voffset.h
  CC      arch/x86/boot/video.o
  CC      arch/x86/boot/video-mode.o
  CC      arch/x86/boot/version.o
  CC      arch/x86/boot/compressed/string.o
  CC      arch/x86/boot/compressed/cmdline.o
  CC      arch/x86/boot/compressed/error.o
  OBJCOPY arch/x86/boot/compressed/vmlinux.bin
  CC      arch/x86/boot/video-vga.o
  HOSTCC  arch/x86/boot/compressed/mkpiggy
  CC      arch/x86/boot/compressed/cpuflags.o
  CC      arch/x86/boot/video-vesa.o
  CC      arch/x86/boot/compressed/early_serial_console.o
  CC      arch/x86/boot/video-bios.o
  CPUSTR  arch/x86/boot/cpustr.h
  CC      arch/x86/boot/cpu.o
  CC      arch/x86/boot/compressed/ident_map_64.o
  CC      arch/x86/boot/compressed/idt_64.o
  AS      arch/x86/boot/compressed/idt_handlers_64.o
  CC      arch/x86/boot/compressed/pgtable_64.o
  CC      arch/x86/boot/compressed/acpi.o
  CC      arch/x86/boot/compressed/efi.o
  CC      arch/x86/boot/compressed/misc.o
  GZIP    arch/x86/boot/compressed/vmlinux.bin.gz
  MKPIGGY arch/x86/boot/compressed/piggy.S
  AS      arch/x86/boot/compressed/piggy.o
  LD      arch/x86/boot/compressed/vmlinux
  ZOFFSET arch/x86/boot/zoffset.h
  OBJCOPY arch/x86/boot/vmlinux.bin
  AS      arch/x86/boot/header.o
  LD      arch/x86/boot/setup.elf
  OBJCOPY arch/x86/boot/setup.bin
  BUILD   arch/x86/boot/bzImage
Kernel: arch/x86/boot/bzImage is ready  (#11)
make[5]: Leaving directory '/mnt/git-volume/kernel-test-stable-rc/build/randdefconfig-x86_64'
make[4]: Leaving directory '/mnt/git-volume/linux-stable-rc'
