make[4]: Entering directory '/mnt/git-volume/linux-stable-rc'
make[5]: Entering directory '/mnt/git-volume/kernel-test-stable-rc/build/rand500config-arm64'
#
# configuration written to .config
#
Using .config as base
Merging /mnt/git-volume/linux-stable-rc/kernel/configs/tiny.config
Value of CONFIG_CC_OPTIMIZE_FOR_SIZE is redefined by fragment /mnt/git-volume/linux-stable-rc/kernel/configs/tiny.config:
Previous value: # CONFIG_CC_OPTIMIZE_FOR_SIZE is not set
New value: CONFIG_CC_OPTIMIZE_FOR_SIZE=y

Value of CONFIG_SLUB_TINY is redefined by fragment /mnt/git-volume/linux-stable-rc/kernel/configs/tiny.config:
Previous value: # CONFIG_SLUB_TINY is not set
New value: CONFIG_SLUB_TINY=y

#
# merged configuration written to .config (needs make)
#
#
# configuration written to .config
#
make[5]: Leaving directory '/mnt/git-volume/kernel-test-stable-rc/build/rand500config-arm64'
make[4]: Leaving directory '/mnt/git-volume/linux-stable-rc'
make[4]: Entering directory '/mnt/git-volume/linux-stable-rc'
make[5]: Entering directory '/tmp/tmp.tWULRgMe37'
  UPD     /tmp/tmp.tWULRgMe37/Makefile
  HOSTCC  scripts/basic/fixdep
  HOSTCC  scripts/kconfig/conf.o
  HOSTCC  scripts/kconfig/confdata.o
  HOSTCC  scripts/kconfig/expr.o
  LEX     scripts/kconfig/lexer.lex.c
  YACC    scripts/kconfig/parser.tab.[ch]
  HOSTCC  scripts/kconfig/lexer.lex.o
  HOSTCC  scripts/kconfig/menu.o
  HOSTCC  scripts/kconfig/parser.tab.o
  HOSTCC  scripts/kconfig/preprocess.o
  HOSTCC  scripts/kconfig/symbol.o
  HOSTCC  scripts/kconfig/util.o
  HOSTLD  scripts/kconfig/conf
KCONFIG_SEED=0x1344EC77
#
# configuration written to .config
#
make[5]: Leaving directory '/tmp/tmp.tWULRgMe37'
make[4]: Leaving directory '/mnt/git-volume/linux-stable-rc'
make[4]: Entering directory '/mnt/git-volume/linux-stable-rc'
make[5]: Entering directory '/tmp/tmp.tWULRgMe37'
.config:5947:warning: override: reassigning to symbol PRINTK
.config:5951:warning: override: reassigning to symbol TTY
.config:5954:warning: override: reassigning to symbol BLK_DEV_INITRD
.config:5958:warning: override: reassigning to symbol BINFMT_ELF
.config:5959:warning: override: reassigning to symbol BINFMT_SCRIPT
.config:5962:warning: override: reassigning to symbol TMPFS
.config:5965:warning: override: reassigning to symbol KERNEL_GZIP
.config:5976:warning: override: reassigning to symbol KERNEL_ZSTD
.config:5979:warning: override: reassigning to symbol MODULES
.config:5982:warning: override: reassigning to symbol DRM
.config:5983:warning: override: reassigning to symbol SOUND
.config:5984:warning: override: reassigning to symbol STAGING
.config:5985:warning: override: reassigning to symbol INFINIBAND
.config:5986:warning: override: reassigning to symbol MEDIA_SUPPORT
.config:5992:warning: override: reassigning to symbol KCOV
.config:5993:warning: override: reassigning to symbol KASAN
.config:5996:warning: override: reassigning to symbol KFENCE
.config:5997:warning: override: reassigning to symbol UBSAN
.config:6004:warning: override: reassigning to symbol RCU_TORTURE_TEST
.config:6005:warning: override: reassigning to symbol RCU_SCALE_TEST
.config:6006:warning: override: reassigning to symbol LOCK_TORTURE_TEST
.config:6016:warning: override: reassigning to symbol DEBUG_PREEMPT
.config:6017:warning: override: reassigning to symbol DEBUG_ATOMIC_SLEEP
.config:6024:warning: override: reassigning to symbol KUNIT
.config:6032:warning: override: reassigning to symbol OF_UNITTEST
#
# configuration written to .config
#
make[5]: Leaving directory '/tmp/tmp.tWULRgMe37'
make[4]: Leaving directory '/mnt/git-volume/linux-stable-rc'
make[4]: Entering directory '/mnt/git-volume/linux-stable-rc'
make[5]: Entering directory '/mnt/git-volume/kernel-test-stable-rc/build/rand500config-arm64'
.config:1539:warning: override: reassigning to symbol ARM64_TAGGED_ADDR_ABI
.config:1541:warning: override: reassigning to symbol LIST_HARDENED
.config:1543:warning: override: reassigning to symbol ARCH_SPARSEMEM_ENABLE
.config:1548:warning: override: reassigning to symbol ARCH_DEFAULT_CRASH_DUMP
.config:1549:warning: override: reassigning to symbol HAVE_ARCH_KSTACK_ERASE
.config:1554:warning: override: reassigning to symbol ARCH_AIROHA
.config:1556:warning: override: reassigning to symbol PREEMPT
.config:1559:warning: override: reassigning to symbol CC_IS_GCC
.config:1564:warning: override: reassigning to symbol HAVE_CLK
.config:1566:warning: override: reassigning to symbol MFD_SYSCON
.config:1567:warning: override: reassigning to symbol SPARSEMEM_VMEMMAP
.config:1569:warning: override: reassigning to symbol ARM64_POE
.config:1571:warning: override: reassigning to symbol BATTERY_GOLDFISH
.config:1573:warning: override: reassigning to symbol ARCH_PENSANDO
.config:1581:warning: override: reassigning to symbol CC_HAS_AUTO_VAR_INIT_ZERO
.config:1583:warning: override: reassigning to symbol NO_IOPORT_MAP
.config:1588:warning: override: reassigning to symbol ARCH_HAS_HW_PTE_YOUNG
.config:1593:warning: override: reassigning to symbol DEBUG_PAGEALLOC
.config:1608:warning: override: reassigning to symbol GENERIC_IRQ_KEXEC_CLEAR_VM_FORWARD
.config:1609:warning: override: reassigning to symbol OF_EARLY_FLATTREE
.config:1610:warning: override: reassigning to symbol HZ_250
.config:1619:warning: override: reassigning to symbol SWIOTLB_DYNAMIC
.config:1622:warning: override: reassigning to symbol PARAVIRT
.config:1625:warning: override: reassigning to symbol MEMORY_FAILURE
.config:1631:warning: override: reassigning to symbol DMA_RESTRICTED_POOL
.config:1647:warning: override: reassigning to symbol EVENTFD
.config:1650:warning: override: reassigning to symbol MFD_MADERA
.config:1661:warning: override: reassigning to symbol GENERIC_SMP_IDLE_THREAD
.config:1665:warning: override: reassigning to symbol RATIONAL
.config:1668:warning: override: reassigning to symbol HAVE_FUNCTION_GRAPH_FREGS
.config:1669:warning: override: reassigning to symbol HAVE_SOFTIRQ_ON_OWN_STACK
.config:1672:warning: override: reassigning to symbol HAVE_SAMPLE_FTRACE_DIRECT
.config:1673:warning: override: reassigning to symbol GENERIC_CSUM
.config:1679:warning: override: reassigning to symbol ARCH_RENESAS
.config:1680:warning: override: reassigning to symbol ARCH_HAVE_TRACE_MMIO_ACCESS
.config:1681:warning: override: reassigning to symbol IRQ_WORK
.config:1685:warning: override: reassigning to symbol ENCLOSURE_SERVICES
.config:1699:warning: override: reassigning to symbol FRAME_POINTER
.config:1712:warning: override: reassigning to symbol FHANDLE
.config:1723:warning: override: reassigning to symbol MFD_SM501
.config:1727:warning: override: reassigning to symbol MITIGATE_SPECTRE_BRANCH_HISTORY
.config:1732:warning: override: reassigning to symbol RCU_REF_SCALE_TEST
.config:1734:warning: override: reassigning to symbol RTC_CLASS
.config:1743:warning: override: reassigning to symbol ARCH_VEXPRESS
.config:1747:warning: override: reassigning to symbol SPLIT_PMD_PTLOCKS
.config:1750:warning: override: reassigning to symbol ARCH_USE_QUEUED_SPINLOCKS
.config:1755:warning: override: reassigning to symbol PHY_CADENCE_SALVO
.config:1757:warning: override: reassigning to symbol SERIO
.config:1762:warning: override: reassigning to symbol GENERIC_EARLY_IOREMAP
.config:1763:warning: override: reassigning to symbol HAS_IOPORT
.config:1765:warning: override: reassigning to symbol MMU
.config:1766:warning: override: reassigning to symbol HISILICON_ERRATUM_162100801
.config:1773:warning: override: reassigning to symbol DEBUG_MUTEXES
.config:1775:warning: override: reassigning to symbol INIT_STACK_ALL_ZERO
.config:1776:warning: override: reassigning to symbol ARCH_HAS_PTE_SPECIAL
.config:1784:warning: override: reassigning to symbol LITEX_SOC_CONTROLLER
.config:1788:warning: override: reassigning to symbol IRQ_MSI_IOMMU
.config:1801:warning: override: reassigning to symbol HAVE_ARCH_BITREVERSE
.config:1807:warning: override: reassigning to symbol ARCH_HAS_FORCE_DMA_UNENCRYPTED
.config:1811:warning: override: reassigning to symbol BINFMT_ELF
.config:1818:warning: override: reassigning to symbol GENERIC_CPU_CACHE_MAINTENANCE
.config:1819:warning: override: reassigning to symbol LTO_NONE
.config:1829:warning: override: reassigning to symbol LCD_CLASS_DEVICE
.config:1832:warning: override: reassigning to symbol VM_EVENT_COUNTERS
.config:1834:warning: override: reassigning to symbol CC_HAS_KASAN_GENERIC
.config:1837:warning: override: reassigning to symbol ARM_SDE_INTERFACE
.config:1851:warning: override: reassigning to symbol PHY_CADENCE_DPHY_RX
.config:1857:warning: override: reassigning to symbol CPUMASK_OFFSTACK
.config:1870:warning: override: reassigning to symbol ARCH_SUPPORTS_SCHED_MC
.config:1876:warning: override: reassigning to symbol ARCH_DMA_ADDR_T_64BIT
.config:1877:warning: override: reassigning to symbol ARM64_ERRATUM_1319367
.config:1885:warning: override: reassigning to symbol ARCH_BLAIZE
.config:1886:warning: override: reassigning to symbol HEADERS_INSTALL
.config:1890:warning: override: reassigning to symbol PRINTK
.config:1901:warning: override: reassigning to symbol VMAP_STACK
.config:1913:warning: override: reassigning to symbol POSIX_TIMERS
.config:1920:warning: override: reassigning to symbol ARM64_PLATFORM_DEVICES
.config:1924:warning: override: reassigning to symbol RUNTIME_TESTING_MENU
.config:1930:warning: override: reassigning to symbol SCHED_AUTOGROUP
.config:1942:warning: override: reassigning to symbol CGROUPS
.config:1945:warning: override: reassigning to symbol HAVE_GUP_FAST
.config:1946:warning: override: reassigning to symbol DMA_NONCOHERENT_MMAP
.config:1951:warning: override: reassigning to symbol HAVE_NMI
.config:1957:warning: override: reassigning to symbol SOCIONEXT_SYNQUACER_PREITS
.config:1958:warning: override: reassigning to symbol ARM64
.config:1962:warning: override: reassigning to symbol ARCH_STACKWALK
.config:1964:warning: override: reassigning to symbol MFD_ATMEL_FLEXCOM
.config:1977:warning: override: reassigning to symbol HWSPINLOCK
.config:1988:warning: override: reassigning to symbol GENERIC_HWEIGHT
.config:1994:warning: override: reassigning to symbol OF_ADDRESS
.config:1998:warning: override: reassigning to symbol SMP
.config:2006:warning: override: reassigning to symbol AL_FIC
.config:2010:warning: override: reassigning to symbol ARCH_HAS_SYNC_DMA_FOR_DEVICE
.config:2021:warning: override: reassigning to symbol HAVE_PERF_EVENTS
.config:2022:warning: override: reassigning to symbol GENERIC_CPU_AUTOPROBE
.config:2024:warning: override: reassigning to symbol TEE
.config:2025:warning: override: reassigning to symbol XILINX_VCU
.config:2030:warning: override: reassigning to symbol RCU_NEED_SEGCBLIST
.config:2032:warning: override: reassigning to symbol DAX
.config:2037:warning: override: reassigning to symbol MFD_KEMPLD
.config:2051:warning: override: reassigning to symbol PRINTK
.config:2055:warning: override: reassigning to symbol TTY
.config:2058:warning: override: reassigning to symbol BLK_DEV_INITRD
.config:2062:warning: override: reassigning to symbol BINFMT_ELF
.config:2063:warning: override: reassigning to symbol BINFMT_SCRIPT
.config:2077:warning: override: reassigning to symbol ARM64_4K_PAGES
#
# configuration written to .config
#
make[5]: Leaving directory '/mnt/git-volume/kernel-test-stable-rc/build/rand500config-arm64'
make[4]: Leaving directory '/mnt/git-volume/linux-stable-rc'
make[4]: Entering directory '/mnt/git-volume/linux-stable-rc'
make[5]: Entering directory '/mnt/git-volume/kernel-test-stable-rc/build/rand500config-arm64'
  SYNC    include/config/auto.conf.cmd
  CC      scripts/mod/empty.o
  CC      scripts/mod/devicetable-offsets.s
  MKELF   scripts/mod/elfconfig.h
  HOSTCC  scripts/mod/modpost.o
  HOSTCC  scripts/mod/sumversion.o
  HOSTCC  scripts/mod/symsearch.o
  HOSTCC  scripts/mod/file2alias.o
  HOSTLD  scripts/mod/modpost
  CC      kernel/bounds.s
  UPD     include/generated/bounds.h
  CC      arch/arm64/kernel/asm-offsets.s
  HDRINST usr/include/linux/version.h
  UPD     include/generated/asm-offsets.h
  CC      kernel/sched/rq-offsets.s
  UPD     include/generated/rq-offsets.h
  CALL    /mnt/git-volume/linux-stable-rc/scripts/checksyscalls.sh 
  LDS     arch/arm64/kernel/vdso/vdso.lds
  CC      arch/arm64/kernel/vdso/vgettimeofday.o
  AS      arch/arm64/kernel/vdso/note.o
  AS      arch/arm64/kernel/vdso/sigreturn.o
  CC      arch/arm64/kernel/vdso/vgetrandom.o
  AS      arch/arm64/kernel/vdso/vgetrandom-chacha.o
  LD      arch/arm64/kernel/vdso/vdso.so.dbg
  VDSOSYM include/generated/vdso-offsets.h
  OBJCOPY arch/arm64/kernel/vdso/vdso.so
  GEN     usr/initramfs_data.cpio
  CC      init/main.o
  COPY    usr/initramfs_inc_data
  AS      usr/initramfs_data.o
  AR      usr/built-in.a
  CC      arch/arm64/kernel/debug-monitors.o
  CC      kernel/fork.o
  CC      mm/filemap.o
  AS      arch/arm64/kernel/entry.o
  CC      arch/arm64/kernel/irq.o
  UPD     init/utsversion-tmp.h
  CC      init/do_mounts.o
  CC      kernel/exec_domain.o
  CC      arch/arm64/kernel/fpsimd.o
  CC      mm/mempool.o
  CC      kernel/panic.o
  CC      arch/arm64/kernel/entry-common.o
  CC      init/do_mounts_initrd.o
  CC      mm/oom_kill.o
  CC      kernel/cpu.o
  CC      init/initramfs.o
  AS      arch/arm64/kernel/entry-fpsimd.o
  CC      arch/arm64/kernel/process.o
  CC      mm/fadvise.o
  CC      init/calibrate.o
  CC      kernel/exit.o
  CC      init/init_task.o
  CC      mm/maccess.o
  CC      arch/arm64/kernel/ptrace.o
  CC      init/version.o
  CC      mm/page-writeback.o
  CC      kernel/softirq.o
  CC      arch/arm64/kernel/setup.o
  AR      init/built-in.a
  CC      fs/open.o
  CC      kernel/resource.o
  CC      mm/folio-compat.o
  CC      arch/arm64/kernel/signal.o
  CC      kernel/sysctl.o
  CC      fs/read_write.o
  CC      mm/readahead.o
  CC      arch/arm64/kernel/sys.o
  CC      kernel/capability.o
  CC      fs/file_table.o
  CC      arch/arm64/kernel/stacktrace.o
  CC      kernel/ptrace.o
  CC      mm/swap.o
  CC      fs/super.o
  CC      kernel/user.o
  CC      arch/arm64/kernel/time.o
  CC      mm/truncate.o
  CC      kernel/signal.o
  CC      fs/char_dev.o
  CC      arch/arm64/kernel/traps.o
  CC      mm/vmscan.o
  CC      fs/stat.o
  CC      arch/arm64/kernel/io.o
  CC      kernel/sys.o
  CC      fs/exec.o
  CC      arch/arm64/kernel/vdso.o
  CC      mm/shrinker.o
  AS      arch/arm64/kernel/hyp-stub.o
  CC      arch/arm64/kernel/psci.o
  CC      kernel/umh.o
  CC      mm/shmem.o
  CC      fs/pipe.o
  CC      arch/arm64/kernel/cpu_ops.o
  CC      kernel/workqueue.o
  CC      arch/arm64/kernel/return_address.o
  CC      mm/util.o
  CC      fs/namei.o
  CC      arch/arm64/kernel/cpuinfo.o
  CC      mm/mmzone.o
  CC      arch/arm64/kernel/cpu_errata.o
  CC      mm/vmstat.o
  CC      arch/arm64/kernel/cpufeature.o
  CC      fs/fcntl.o
  CC      kernel/pid.o
  CC      mm/backing-dev.o
  CC      fs/ioctl.o
  CC      arch/arm64/kernel/alternative.o
  CC      kernel/task_work.o
  CC      mm/mm_init.o
  CC      fs/readdir.o
  CC      arch/arm64/kernel/cacheinfo.o
  CC      kernel/extable.o
  CC      arch/arm64/kernel/smp.o
  CC      mm/percpu.o
  CC      kernel/params.o
  CC      fs/select.o
  CC      arch/arm64/kernel/smp_spin_table.o
  CC      kernel/kthread.o
  CC      mm/slab_common.o
  CC      fs/dcache.o
  CC      arch/arm64/kernel/topology.o
  CC      mm/compaction.o
  CC      kernel/sys_ni.o
  AS      arch/arm64/kernel/smccc-call.o
  CC      arch/arm64/kernel/syscall.o
  CC      kernel/nsproxy.o
  CC      fs/inode.o
  CC      mm/show_mem.o
  CC      arch/arm64/kernel/proton-pack.o
  CC      kernel/nstree.o
  CC      mm/interval_tree.o
  CC      arch/arm64/kernel/idle.o
  CC      fs/attr.o
  CC      mm/list_lru.o
  CC      kernel/nscommon.o
  CC      arch/arm64/kernel/patching.o
  CC      fs/bad_inode.o
  CC      kernel/notifier.o
  CC      mm/workingset.o
  CC      arch/arm64/kernel/pi/idreg-override.o
  CC      fs/file.o
  CC      kernel/ksysfs.o
  CC      mm/debug.o
  CC      arch/arm64/kernel/pi/map_kernel.o
  CC      kernel/cred.o
  CC      fs/filesystems.o
  CC      mm/gup.o
  CC      arch/arm64/kernel/pi/map_range.o
  CC      kernel/reboot.o
  CC      fs/namespace.o
  CC      arch/arm64/kernel/pi/lib-fdt.o
  CC      arch/arm64/kernel/pi/lib-fdt_ro.o
  CC      kernel/async.o
  OBJCOPY arch/arm64/kernel/pi/idreg-override.pi.o
  OBJCOPY arch/arm64/kernel/pi/map_kernel.pi.o
  OBJCOPY arch/arm64/kernel/pi/map_range.pi.o
  OBJCOPY arch/arm64/kernel/pi/lib-fdt.pi.o
  OBJCOPY arch/arm64/kernel/pi/lib-fdt_ro.pi.o
  AR      arch/arm64/kernel/pi/built-in.a
  CC      arch/arm64/kernel/rsi.o
  CC      mm/mmap_lock.o
  CC      kernel/range.o
  CC      kernel/smpboot.o
  CC      arch/arm64/kernel/jump_label.o
  CC      arch/arm64/kernel/paravirt.o
  CC      kernel/ucount.o
  CC      fs/seq_file.o
  CC      mm/vma_init.o
  CC      arch/arm64/kernel/sdei.o
  CC      kernel/regset.o
  CC      kernel/ksyms_common.o
  CC      mm/highmem.o
  CC      fs/xattr.o
  AS      arch/arm64/kernel/vdso-wrap.o
  AR      arch/arm64/kernel/probes/built-in.a
  AS      arch/arm64/kernel/head.o
  CC      arch/arm64/kernel/mte.o
  CC      kernel/sched/core.o
  CC      mm/memory.o
  LDS     arch/arm64/kernel/vmlinux.lds
  AR      arch/arm64/kernel/built-in.a
  CC      arch/arm64/mm/dma-mapping.o
  CC      fs/libfs.o
  CC      arch/arm64/mm/extable.o
  CC      arch/arm64/mm/fault.o
  CC      kernel/sched/fair.o
  CC      fs/fs-writeback.o
  CC      mm/mincore.o
  CC      arch/arm64/mm/init.o
  CC      fs/pnode.o
  AS      arch/arm64/mm/cache.o
  CC      arch/arm64/mm/copypage.o
  CC      mm/mlock.o
  CC      fs/splice.o
  CC      kernel/sched/build_policy.o
  CC      arch/arm64/mm/flush.o
  CC      fs/sync.o
  CC      mm/mmap.o
  CC      arch/arm64/mm/ioremap.o
  CC      fs/utimes.o
  CC      arch/arm64/mm/mmap.o
  CC      fs/d_path.o
  CC      mm/mmu_gather.o
  CC      arch/arm64/mm/pgd.o
  CC      kernel/sched/build_utility.o
  CC      arch/arm64/mm/mem_encrypt.o
  CC      fs/stack.o
  CC      mm/mprotect.o
  CC      fs/fs_struct.o
  CC      arch/arm64/mm/mmu.o
  CC      fs/statfs.o
  CC      mm/mremap.o
  AR      kernel/sched/built-in.a
  CC      kernel/locking/mutex.o
  CC      arch/arm64/mm/context.o
  CC      fs/fs_pin.o
  CC      mm/msync.o
  CC      fs/nsfs.o
  AS      arch/arm64/mm/proc.o
  CC      kernel/locking/semaphore.o
  CC      arch/arm64/mm/pageattr.o
  CC      mm/page_vma_mapped.o
  CC      kernel/locking/rwsem.o
  CC      fs/fs_dirent.o
  CC      arch/arm64/mm/fixmap.o
  CC      fs/fs_context.o
  CC      mm/pagewalk.o
  CC      kernel/locking/percpu-rwsem.o
  CC      arch/arm64/mm/mteswap.o
  CC      kernel/locking/mutex-debug.o
  CC      fs/fs_parser.o
  CC      mm/pgtable-generic.o
  CC      kernel/locking/spinlock.o
  AR      arch/arm64/mm/built-in.a
  AR      arch/arm64/built-in.a
  CC      security/commoncap.o
  CC      fs/fsopen.o
  CC      kernel/locking/osq_lock.o
  CC      mm/rmap.o
  CC      kernel/locking/qspinlock.o
  CC      security/min_addr.o
  CC      fs/init.o
  CC      kernel/locking/qrwlock.o
  CC      mm/vmalloc.o
  CC      fs/kernel_read_file.o
  CC      security/device_cgroup.o
  AR      kernel/locking/built-in.a
  CC      kernel/power/qos.o
  CC      fs/mnt_idmapping.o
  AR      security/built-in.a
  CC      fs/remap_range.o
  CC      kernel/power/main.o
  CC      fs/pidfs.o
  CC      mm/vma.o
  AR      kernel/power/built-in.a
  CC      kernel/printk/printk.o
  CC      fs/file_attr.o
  CC      fs/fserror.o
  CC      fs/nullfs.o
  CC      mm/vma_exec.o
  AR      fs/notify/dnotify/built-in.a
  AR      fs/notify/built-in.a
  CC      fs/anon_inodes.o
  CC      kernel/printk/printk_safe.o
  CC      fs/eventfd.o
  CC      mm/mseal.o
  CC      fs/binfmt_script.o
  CC      kernel/printk/nbcon.o
  CC      fs/binfmt_elf.o
  CC      kernel/printk/printk_ringbuffer.o
  CC      fs/kernfs/mount.o
  CC      mm/page_alloc.o
  AR      kernel/printk/built-in.a
  CC      kernel/irq/irqdesc.o
  CC      kernel/rcu/update.o
  CC      fs/kernfs/inode.o
  CC      kernel/irq/handle.o
  CC      kernel/rcu/sync.o
  CC      fs/kernfs/dir.o
  CC      kernel/irq/manage.o
  CC      kernel/rcu/srcutree.o
  CC      mm/page_frag_cache.o
  CC      mm/init-mm.o
  CC      kernel/rcu/refscale.o
  CC      fs/kernfs/file.o
  CC      kernel/irq/spurious.o
  CC      mm/memblock.o
  CC      kernel/irq/resend.o
  CC      fs/kernfs/symlink.o
  CC      kernel/rcu/tree.o
  CC      kernel/irq/chip.o
  CC      mm/slub.o
  AR      fs/kernfs/built-in.a
  CC      fs/configfs/inode.o
  CC      kernel/irq/dummychip.o
  CC      fs/configfs/file.o
  CC      kernel/irq/devres.o
  CC      mm/dmapool.o
  CC      kernel/rcu/rcu_segcblist.o
  CC      fs/configfs/dir.o
  CC      mm/sparse.o
  CC      kernel/irq/kexec.o
  AR      kernel/rcu/built-in.a
  CC      fs/configfs/symlink.o
  CC      kernel/dma/mapping.o
  CC      kernel/irq/generic-chip.o
  CC      fs/configfs/mount.o
  CC      mm/sparse-vmemmap.o
  CC      kernel/dma/direct.o
  CC      kernel/irq/autoprobe.o
  CC      fs/configfs/item.o
  CC      mm/early_ioremap.o
  AR      fs/configfs/built-in.a
  CC      fs/devpts/inode.o
  CC      kernel/irq/irqdomain.o
  CC      kernel/dma/coherent.o
  CC      mm/ioremap.o
  AR      fs/devpts/built-in.a
  CC      fs/ramfs/inode.o
  CC      kernel/dma/swiotlb.o
  CC      mm/page_counter.o
  CC      kernel/irq/msi.o
  CC      mm/memcontrol.o
  CC      fs/ramfs/file-mmu.o
  CC      kernel/dma/pool.o
  CC      kernel/irq/ipi.o
  CC      kernel/dma/remap.o
  CC      kernel/irq/affinity.o
  AR      fs/ramfs/built-in.a
  CC      fs/exportfs/expfs.o
  AR      kernel/dma/built-in.a
  CC      mm/vmpressure.o
  CC      mm/memory-failure.o
  AR      kernel/irq/built-in.a
  CC      kernel/entry/common.o
  AR      fs/exportfs/built-in.a
  CC      fs/fhandle.o
  CC      mm/debug_page_alloc.o
  AR      kernel/entry/built-in.a
  CC      kernel/time/time.o
  AR      fs/built-in.a
  CC      kernel/time/timer.o
  CC      kernel/time/hrtimer.o
  AR      mm/built-in.a
  AS      arch/arm64/lib/clear_page.o
  AS      arch/arm64/lib/clear_user.o
  AS      arch/arm64/lib/copy_from_user.o
  AS      arch/arm64/lib/copy_page.o
  AS      arch/arm64/lib/copy_to_user.o
  CC      arch/arm64/lib/csum.o
  CC      kernel/time/sleep_timeout.o
  CC      kernel/time/timekeeping.o
  CC      arch/arm64/lib/delay.o
  CC      kernel/time/ntp.o
  CC      arch/arm64/lib/insn.o
  CC      kernel/time/clocksource.o
  AS      arch/arm64/lib/memchr.o
  AS      arch/arm64/lib/memcmp.o
  AS      arch/arm64/lib/memcpy.o
  AS      arch/arm64/lib/memset.o
  CC      kernel/time/jiffies.o
  AS      arch/arm64/lib/strchr.o
  AS      arch/arm64/lib/strcmp.o
  AS      arch/arm64/lib/strlen.o
  AS      arch/arm64/lib/strncmp.o
  AS      arch/arm64/lib/strnlen.o
  AS      arch/arm64/lib/strrchr.o
  CC      kernel/time/timer_list.o
  AS      arch/arm64/lib/tishift.o
  AS      arch/arm64/lib/mte.o
  AR      arch/arm64/lib/lib.a
  AR      arch/arm64/lib/built-in.a
  CC      kernel/time/timeconv.o
  CC      kernel/time/timecounter.o
  CC      kernel/time/alarmtimer.o
  CC      lib/argv_split.o
  CC      lib/buildid.o
  CC      kernel/time/posix-timers.o
  CC      kernel/time/posix-cpu-timers.o
  CC      kernel/time/posix-clock.o
  CC      lib/cmdline.o
  CC      lib/cpumask.o
  CC      lib/ctype.o
  CC      lib/dec_and_lock.o
  CC      kernel/time/itimer.o
  CC      kernel/time/clockevents.o
  CC      kernel/time/tick-common.o
  CC      lib/decompress.o
  CC      lib/decompress_bunzip2.o
  CC      lib/decompress_inflate.o
  CC      kernel/time/tick-broadcast.o
  CC      kernel/smp.o
  CC      drivers/irqchip/irqchip.o
  CC      lib/decompress_unlz4.o
  CC      kernel/time/sched_clock.o
  CC      kernel/cgroup/cgroup.o
  CC      lib/decompress_unlzma.o
  CC      drivers/irqchip/irq-al-fic.o
  CC      kernel/time/vsyscall.o
  CC      lib/decompress_unlzo.o
  AR      kernel/time/built-in.a
  CC      kernel/cgroup/rstat.o
  CC      drivers/irqchip/irq-gic.o
  CC      lib/decompress_unxz.o
  CC      kernel/cgroup/namespace.o
  CC      drivers/irqchip/irq-gic-common.o
  CC      lib/decompress_unzstd.o
  CC      lib/dump_stack.o
  CC      drivers/irqchip/irq-msi-lib.o
  CC      lib/earlycpio.o
  CC      kernel/cgroup/cgroup-v1.o
  CC      lib/extable.o
  CC      lib/fdt.o
  CC      lib/fdt_addresses.o
  CC      lib/fdt_empty_tree.o
  CC      drivers/irqchip/irq-gic-v3.o
  CC      drivers/irqchip/irq-gic-v3-mbi.o
  CC      lib/fdt_ro.o
  CC      lib/fdt_rw.o
  CC      kernel/cgroup/freezer.o
  CC      lib/fdt_strerror.o
  CC      lib/fdt_sw.o
  CC      lib/fdt_wip.o
  CC      lib/flex_proportions.o
  CC      lib/idr.o
  CC      drivers/irqchip/irq-gic-its-msi-parent.o
  CC      drivers/irqchip/irq-gic-v3-its.o
  AR      kernel/cgroup/built-in.a
  CC      kernel/stop_machine.o
  CC      lib/iomem_copy.o
  CC      drivers/bus/simple-pm-bus.o
  CC      lib/irq_regs.o
  CC      kernel/irq_work.o
  CC      lib/is_single_threaded.o
  AR      drivers/bus/mhi/built-in.a
  AR      drivers/bus/built-in.a
  CC      drivers/phy/phy-core.o
  CC      lib/klist.o
  CC      kernel/jump_label.o
  CC      lib/kobject.o
  CC      drivers/irqchip/irq-gic-v4.o
  CC      drivers/phy/phy-core-mipi-dphy.o
  CC      kernel/context_tracking.o
  CC      lib/kobject_uevent.o
  CC      drivers/irqchip/irq-gic-v5.o
  AR      drivers/phy/broadcom/built-in.a
  CC      drivers/phy/cadence/cdns-dphy-rx.o
  CC      kernel/torture.o
  CC      lib/logic_pio.o
  CC      drivers/irqchip/irq-gic-v5-irs.o
  CC      drivers/phy/cadence/phy-cadence-salvo.o
  CC      kernel/iomem.o
  CC      lib/maple_tree.o
  AR      kernel/built-in.a
  CC      lib/memcat_p.o
  AR      drivers/phy/cadence/built-in.a
  CC      lib/nmi_backtrace.o
  AR      drivers/phy/ti/built-in.a
  AR      drivers/phy/built-in.a
  CC      drivers/pinctrl/core.o
  CC      drivers/irqchip/irq-gic-v5-its.o
  CC      lib/objpool.o
  CC      lib/plist.o
  CC      lib/radix-tree.o
  CC      drivers/pinctrl/pinctrl-utils.o
  CC      lib/ratelimit.o
  CC      drivers/irqchip/irq-gic-v5-iwb.o
  CC      drivers/pinctrl/pinmux.o
  CC      lib/rbtree.o
  CC      lib/seq_buf.o
  CC      lib/siphash.o
  CC      drivers/pinctrl/pinconf.o
  CC      drivers/irqchip/irq-renesas-irqc.o
  CC      lib/string.o
  CC      drivers/gpio/gpiolib.o
  CC      drivers/pinctrl/pinconf-generic.o
  CC      lib/sys_info.o
  CC      drivers/irqchip/irq-renesas-rzg2l.o
  CC      drivers/pinctrl/devicetree.o
  CC      lib/timerqueue.o
  CC      lib/vsprintf.o
  CC      drivers/irqchip/irq-renesas-rzt2h.o
  CC      drivers/pinctrl/cirrus/pinctrl-madera-core.o
  CC      drivers/gpio/gpiolib-devres.o
  CC      drivers/irqchip/irq-renesas-rzv2h.o
  AR      drivers/pinctrl/cirrus/built-in.a
  CC      drivers/pinctrl/mediatek/mtk-eint.o
  CC      drivers/gpio/gpiolib-legacy.o
  CC      drivers/pinctrl/mediatek/pinctrl-mtk-common-v2.o
  CC      drivers/irqchip/irq-madera.o
  CC      lib/win_minmax.o
  CC      drivers/gpio/gpiolib-of.o
  CC      lib/xarray.o
  CC      drivers/pinctrl/mediatek/pinctrl-paris.o
  AR      drivers/irqchip/built-in.a
  CC      lib/lockref.o
  CC      drivers/pinctrl/mediatek/pinctrl-mt6795.o
  CC      drivers/gpio/gpiolib-cdev.o
  CC      lib/bcd.o
  CC      lib/sort.o
  CC      drivers/pinctrl/mediatek/pinctrl-mtk-common.o
  CC      lib/parser.o
  CC      drivers/pinctrl/mediatek/pinctrl-mt6878.o
  CC      lib/debug_locks.o
  CC      drivers/gpio/gpiolib-swnode.o
  CC      lib/random32.o
  CC      drivers/pinctrl/mediatek/pinctrl-mt8167.o
  CC      lib/bust_spinlocks.o
  CC      lib/kasprintf.o
  CC      drivers/gpio/gpio-mmio.o
  AR      drivers/pinctrl/mediatek/built-in.a
  CC      drivers/pinctrl/renesas/core.o
  CC      drivers/pinctrl/renesas/pinctrl.o
  CC      lib/bitmap.o
  CC      drivers/gpio/gpio-aggregator.o
  CC      drivers/pinctrl/renesas/pfc-r8a7796.o
  CC      lib/scatterlist.o
  CC      lib/list_sort.o
  CC      drivers/pinctrl/renesas/pfc-r8a77965.o
  CC      lib/uuid.o
  CC      drivers/pinctrl/renesas/pfc-r8a77990.o
  CC      drivers/gpio/gpio-blzp1600.o
  CC      drivers/pinctrl/renesas/pfc-r8a77951.o
  CC      drivers/pci/of.o
  CC      lib/iov_iter.o
  CC      drivers/pinctrl/renesas/pfc-r8a77970.o
  CC      drivers/gpio/gpio-en7523.o
  AR      drivers/pci/built-in.a
  CC      drivers/video/console/dummycon.o
  CC      drivers/pinctrl/renesas/pfc-r8a77980.o
  CC      drivers/gpio/gpio-line-mux.o
  AR      drivers/video/console/built-in.a
  CC      drivers/video/backlight/lcd.o
  CC      drivers/pinctrl/renesas/pfc-r8a77995.o
  CC      lib/clz_ctz.o
  CC      drivers/gpio/gpio-kempld.o
  CC      lib/bsearch.o
  CC      drivers/pinctrl/renesas/pfc-r8a779a0.o
  AR      drivers/video/backlight/built-in.a
  AR      drivers/video/built-in.a
  CC      lib/find_bit.o
  CC      lib/llist.o
  CC      lib/lwq.o
  CC      lib/memweight.o
  CC      drivers/gpio/gpio-madera.o
  CC      lib/kfifo.o
  CC      drivers/pinctrl/renesas/pfc-r8a779f0.o
  CC      drivers/pinctrl/renesas/pfc-r8a779g0.o
  CC      lib/percpu-refcount.o
  CC      drivers/pinctrl/renesas/pfc-r8a779h0.o
  CC      drivers/pinctrl/renesas/pinctrl-rzg2l.o
  CC      drivers/gpio/gpio-sifive.o
  CC      lib/rhashtable.o
  CC      drivers/pinctrl/renesas/pinctrl-rzt2h.o
  AR      drivers/gpio/built-in.a
  CC      drivers/amba/bus.o
  CC      lib/base64.o
  CC      lib/once.o
  CC      drivers/pinctrl/renesas/pinctrl-rzv2m.o
  CC      lib/refcount.o
  AR      drivers/amba/built-in.a
  CC      drivers/clk/clk-devres.o
  CC      lib/rcuref.o
  CC      lib/usercopy.o
  CC      drivers/clk/clk-bulk.o
  CC      lib/errseq.o
  CC      lib/bucket_locks.o
  CC      lib/generic-radix-tree.o
  CC      drivers/clk/clkdev.o
  CC      lib/bitmap-str.o
  CC      lib/string_helpers.o
  CC      drivers/clk/clk.o
  CC      lib/hexdump.o
  CC      lib/kstrtox.o
  CC      lib/math/div64.o
  CC      lib/math/gcd.o
  AR      drivers/pinctrl/renesas/built-in.a
  AR      drivers/pinctrl/built-in.a
  CC      drivers/soc/litex/litex_soc_ctrl.o
  CC      lib/math/lcm.o
  CC      lib/math/int_log.o
  CC      lib/crc/crc32-main.o
  CC      lib/math/int_pow.o
  CC      lib/math/int_sqrt.o
  CC      drivers/clk/clk-divider.o
  CC      lib/math/reciprocal_div.o
  CC      lib/math/rational.o
  AR      drivers/soc/litex/built-in.a
  AR      lib/crc/built-in.a
  CC      lib/crypto/blake2s.o
  CC      drivers/soc/renesas/renesas-soc.o
  AR      lib/math/built-in.a
  CC      drivers/soc/renesas/r9a08g045-sysc.o
  CC      drivers/clk/clk-fixed-factor.o
  CC      drivers/soc/renesas/r9a08g046-sysc.o
  CC      lib/crypto/chacha-block-generic.o
  CC      lib/crypto/sha1.o
  CC      drivers/soc/renesas/r9a09g047-sys.o
  CC      drivers/clk/clk-fixed-rate.o
  CC      drivers/soc/renesas/r9a09g056-sys.o
  CC      drivers/soc/renesas/r9a09g057-sys.o
  AS      lib/crypto/arm64/sha1-ce-core.o
  CC      drivers/clk/clk-gate.o
  AR      lib/crypto/built-in.a
  CC      lib/vdso/datastore.o
  CC      drivers/clk/clk-multiplier.o
  CC      drivers/soc/renesas/pwc-rzv2m.o
  CC      drivers/soc/renesas/rcar-rst.o
  CC      drivers/clk/clk-mux.o
  AR      lib/vdso/built-in.a
  CC      lib/iomap_copy.o
  CC      lib/devres.o
  CC      drivers/soc/renesas/rz-sysc.o
  CC      lib/cache_maint.o
  CC      drivers/clk/clk-composite.o
  CC      lib/hweight.o
  CC      lib/interval_tree.o
  AR      drivers/soc/renesas/built-in.a
  AR      drivers/soc/built-in.a
  CC      lib/list_debug.o
  AR      drivers/pmdomain/arm/built-in.a
  CC      drivers/pmdomain/renesas/r8a774a1-sysc.o
  CC      drivers/clk/clk-fractional-divider.o
  CC      drivers/pmdomain/renesas/r8a774b1-sysc.o
  CC      lib/bitrev.o
  CC      lib/xxhash.o
  CC      drivers/pmdomain/renesas/r8a774c0-sysc.o
  CC      drivers/clk/clk-gpio.o
  CC      drivers/clk/clk-conf.o
  CC      lib/genalloc.o
  CC      drivers/pmdomain/renesas/r8a774e1-sysc.o
  CC      lib/zlib_inflate/inffast.o
  CC      drivers/pmdomain/renesas/r8a7795-sysc.o
  CC      lib/zlib_inflate/inflate.o
  CC      drivers/clk/clk-en7523.o
  CC      lib/zlib_inflate/infutil.o
  CC      drivers/pmdomain/renesas/r8a77960-sysc.o
  CC      lib/lzo/lzo1x_decompress_safe.o
  CC      drivers/pmdomain/renesas/r8a77961-sysc.o
  CC      drivers/pmdomain/renesas/r8a77965-sysc.o
  CC      drivers/pmdomain/renesas/r8a77970-sysc.o
  CC      drivers/pmdomain/renesas/r8a77980-sysc.o
  CC      lib/zlib_inflate/inftrees.o
  CC      drivers/pmdomain/renesas/r8a77990-sysc.o
  CC      lib/zlib_inflate/inflate_syms.o
  AR      lib/lzo/built-in.a
  CC      lib/lz4/lz4_decompress.o
  CC      drivers/clk/renesas/r8a774a1-cpg-mssr.o
  CC      drivers/pmdomain/renesas/r8a77995-sysc.o
  AR      lib/zlib_inflate/built-in.a
  CC      drivers/clk/renesas/r8a774b1-cpg-mssr.o
  CC      drivers/pmdomain/renesas/r8a779a0-sysc.o
  CC      drivers/pmdomain/renesas/r8a779f0-sysc.o
  CC      drivers/clk/renesas/r8a774c0-cpg-mssr.o
  CC      drivers/pmdomain/renesas/r8a779g0-sysc.o
  CC      drivers/pmdomain/renesas/r8a779h0-sysc.o
  CC      drivers/pmdomain/renesas/rcar-sysc.o
  CC      drivers/clk/xilinx/xlnx_vcu.o
  AR      lib/lz4/built-in.a
  CC      drivers/clk/renesas/r8a774e1-cpg-mssr.o
  CC      lib/zstd/zstd_decompress_module.o
  CC      drivers/pmdomain/renesas/rcar-gen4-sysc.o
  CC      lib/zstd/decompress/huf_decompress.o
  CC      drivers/clk/renesas/r8a7795-cpg-mssr.o
  AR      drivers/clk/xilinx/built-in.a
  AR      drivers/virtio/built-in.a
  CC      drivers/reset/core.o
  AR      drivers/pmdomain/renesas/built-in.a
  CC      drivers/clk/renesas/r8a7796-cpg-mssr.o
  CC      drivers/pmdomain/core.o
  CC      lib/zstd/decompress/zstd_ddict.o
  CC      lib/zstd/decompress/zstd_decompress.o
  CC      drivers/reset/reset-rzv2h-usb2phy.o
  CC      drivers/clk/renesas/r8a77965-cpg-mssr.o
  CC      lib/zstd/decompress/zstd_decompress_block.o
  CC      drivers/reset/reset-tps380x.o
  CC      drivers/clk/renesas/r8a77970-cpg-mssr.o
  CC      drivers/pmdomain/governor.o
  CC      lib/zstd/zstd_common_module.o
  AR      drivers/reset/built-in.a
  CC      drivers/tty/tty_io.o
  CC      drivers/clk/renesas/r8a77980-cpg-mssr.o
  AR      drivers/pmdomain/built-in.a
  CC      drivers/char/mem.o
  CC      lib/zstd/common/debug.o
  CC      lib/zstd/common/entropy_common.o
  CC      drivers/clk/renesas/r8a77990-cpg-mssr.o
  CC      lib/zstd/common/error_private.o
  CC      lib/zstd/common/fse_decompress.o
  CC      lib/zstd/common/zstd_common.o
  AR      lib/zstd/built-in.a
  CC      drivers/char/random.o
  CC      lib/xz/xz_dec_syms.o
  CC      drivers/clk/renesas/r8a77995-cpg-mssr.o
  CC      drivers/tty/n_tty.o
  CC      lib/xz/xz_dec_stream.o
  CC      drivers/clk/renesas/r8a779a0-cpg-mssr.o
  CC      lib/xz/xz_dec_lzma2.o
  CC      drivers/clk/renesas/r8a779f0-cpg-mssr.o
  CC      drivers/char/misc.o
  CC      drivers/tty/tty_ioctl.o
  CC      lib/xz/xz_dec_bcj.o
  CC      drivers/clk/renesas/r8a779g0-cpg-mssr.o
  AR      drivers/char/built-in.a
  CC      drivers/base/component.o
  CC      drivers/tty/tty_ldisc.o
  AR      lib/xz/built-in.a
  CC      lib/percpu_counter.o
  CC      drivers/clk/renesas/r8a779h0-cpg-mssr.o
  CC      drivers/base/core.o
  CC      lib/syscall.o
  CC      drivers/clk/renesas/r9a07g043-cpg.o
  CC      drivers/tty/tty_buffer.o
  CC      drivers/clk/renesas/r9a07g044-cpg.o
  CC      lib/checksum.o
  CC      drivers/tty/tty_port.o
  CC      lib/glob.o
  CC      drivers/clk/renesas/r9a08g045-cpg.o
  CC      drivers/tty/tty_mutex.o
  CC      drivers/base/bus.o
  CC      lib/strncpy_from_user.o
  CC      drivers/clk/renesas/r9a08g046-cpg.o
  CC      drivers/tty/tty_ldsem.o
  CC      lib/strnlen_user.o
  CC      drivers/clk/renesas/r9a09g011-cpg.o
  CC      drivers/base/dd.o
  CC      drivers/tty/tty_baudrate.o
  CC      lib/group_cpus.o
  CC      drivers/clk/renesas/r9a09g047-cpg.o
  CC      drivers/base/syscore.o
  CC      drivers/tty/tty_jobctrl.o
  CC      lib/devmem_is_allowed.o
  CC      drivers/tty/n_null.o
  CC      lib/test_maple_tree.o
  CC      drivers/base/driver.o
  CC      drivers/clk/renesas/r9a09g056-cpg.o
  CC      drivers/tty/pty.o
  CC      drivers/base/class.o
  CC      drivers/tty/vt/vt_ioctl.o
  CC      drivers/base/platform.o
  CC      drivers/clk/renesas/r9a09g057-cpg.o
  CC      drivers/tty/vt/vc_screen.o
  CC      drivers/base/cpu.o
  AR      lib/lib.a
  AR      lib/built-in.a
  CC      drivers/base/firmware.o
  CC      drivers/tty/vt/selection.o
  CC      drivers/tty/serial/serial_core.o
  CC      drivers/base/init.o
  CC      drivers/clk/renesas/r9a09g077-cpg.o
  CC      drivers/tty/vt/keyboard.o
  CC      drivers/base/map.o
  CC      drivers/tty/serial/serial_base_bus.o
  CC      drivers/clk/renesas/rcar-cpg-lib.o
  CC      drivers/base/devres.o
  CC      drivers/tty/vt/vt.o
  CC      drivers/tty/serial/serial_ctrl.o
  CC      drivers/clk/renesas/rcar-gen3-cpg.o
  CC      drivers/base/attribute_container.o
  CC      drivers/tty/serial/serial_port.o
  CC      drivers/base/transport_class.o
  CC      drivers/clk/renesas/rcar-gen4-cpg.o
  CC      drivers/tty/vt/defkeymap.o
  CC      drivers/base/topology.o
  CC      drivers/tty/serial/earlycon.o
  CC      drivers/tty/vt/consolemap.o
  CC      drivers/clk/renesas/rzg2l-cpg.o
  CC      drivers/base/container.o
  CC      drivers/tty/serial/amba-pl011.o
  CC      drivers/base/property.o
  CC      drivers/tty/vt/consolemap_deftbl.o
  CC      drivers/tty/vt/ucs.o
  CC      drivers/clk/renesas/rzv2h-cpg.o
  AR      drivers/tty/vt/built-in.a
  CC      drivers/tty/serial/arc_uart.o
  CC      drivers/tty/serial/amba-pl010.o
  CC      drivers/tty/serial/sprd_serial.o
  CC      drivers/clk/renesas/renesas-cpg-mssr.o
  CC      drivers/base/cacheinfo.o
  CC      drivers/clk/renesas/clk-div6.o
  CC      drivers/misc/enclosure.o
  AR      drivers/tty/serial/built-in.a
  AR      drivers/tty/built-in.a
  CC      drivers/mfd/sm501.o
  CC      drivers/base/swnode.o
  AR      drivers/clk/renesas/built-in.a
  AR      drivers/clk/built-in.a
  CC      drivers/dax/super.o
  AR      drivers/misc/built-in.a
  CC      drivers/dma-buf/dma-buf.o
  CC      drivers/base/faux.o
  CC      drivers/mfd/madera-core.o
  CC      drivers/dax/bus.o
  CC      drivers/base/auxiliary.o
  CC      drivers/dma-buf/dma-fence.o
  CC      drivers/mfd/mfd-core.o
  CC      drivers/base/power/sysfs.o
  AR      drivers/dax/built-in.a
  CC      drivers/base/power/generic_ops.o
  CC      drivers/dma-buf/dma-fence-array.o
  CC      drivers/base/power/common.o
  CC      drivers/mfd/kempld-core.o
  CC      drivers/base/power/qos.o
  CC      drivers/dma-buf/dma-fence-chain.o
  CC      drivers/base/power/runtime.o
  CC      drivers/mfd/atmel-flexcom.o
  CC      drivers/dma-buf/dma-fence-unwrap.o
  CC      drivers/base/power/wakeirq.o
  CC      drivers/mfd/syscon.o
  CC      drivers/dma-buf/dma-resv.o
  CC      drivers/base/power/clock_ops.o
  CC      drivers/dma-buf/dma-buf-mapping.o
  AR      drivers/mfd/built-in.a
  AR      drivers/usb/built-in.a
  AR      drivers/base/power/built-in.a
  CC      drivers/input/serio/serio.o
  CC      drivers/base/firmware_loader/builtin/main.o
  CC      drivers/base/regmap/regmap.o
  AR      drivers/dma-buf/built-in.a
  CC      drivers/input/input.o
  AR      drivers/base/firmware_loader/builtin/built-in.a
  AR      drivers/base/firmware_loader/built-in.a
  CC      drivers/input/serio/serport.o
  CC      drivers/input/serio/libps2.o
  CC      drivers/input/serio/serio_raw.o
  CC      drivers/input/input-compat.o
  CC      drivers/input/input-mt.o
  CC      drivers/base/regmap/regcache.o
  CC      drivers/input/input-poller.o
  AR      drivers/input/serio/built-in.a
  CC      drivers/input/ff-core.o
  CC      drivers/rtc/lib.o
  CC      drivers/base/regmap/regcache-rbtree.o
  CC      drivers/base/soc.o
  CC      drivers/input/touchscreen.o
  CC      drivers/rtc/class.o
  CC      drivers/base/regmap/regcache-flat.o
  CC      drivers/base/pinctrl.o
  CC      drivers/input/touch-overlay.o
  CC      drivers/rtc/interface.o
  CC      drivers/base/platform-msi.o
  CC      drivers/base/regmap/regcache-maple.o
  CC      drivers/input/vivaldi-fmap.o
  CC      drivers/rtc/nvmem.o
  CC      drivers/input/keyboard/atkbd.o
  CC      drivers/base/arch_topology.o
  CC      drivers/base/regmap/regmap-mmio.o
  CC      drivers/rtc/dev.o
  AR      drivers/input/keyboard/built-in.a
  CC      drivers/input/mouse/psmouse-base.o
  CC      drivers/base/regmap/regmap-irq.o
  CC      drivers/input/mouse/synaptics.o
  CC      drivers/rtc/rtc-rp5c01.o
  AR      drivers/base/regmap/built-in.a
  AR      drivers/base/built-in.a
  AR      drivers/rtc/built-in.a
  AR      drivers/power/reset/built-in.a
  CC      drivers/power/supply/power_supply_core.o
  CC      drivers/input/mouse/focaltech.o
  CC      drivers/power/supply/goldfish_battery.o
  CC      drivers/power/supply/gpio-charger.o
  CC      drivers/input/mouse/alps.o
  CC      drivers/input/mouse/byd.o
  CC      drivers/input/mouse/logips2pp.o
  AR      drivers/power/supply/built-in.a
  AR      drivers/power/built-in.a
  CC      drivers/firmware/arm_sdei.o
  CC      drivers/input/mouse/trackpoint.o
  CC      drivers/input/mouse/cypress_ps2.o
  AR      drivers/firmware/arm_scmi/built-in.a
  CC      drivers/firmware/psci/psci.o
  CC      drivers/firmware/smccc/smccc.o
  CC      drivers/firmware/smccc/kvm_guest.o
  AR      drivers/input/mouse/built-in.a
  AR      drivers/input/built-in.a
  CC      drivers/clocksource/timer-of.o
  CC      drivers/clocksource/timer-probe.o
  AR      drivers/firmware/psci/built-in.a
  CC      drivers/clocksource/sh_cmt.o
  AR      drivers/firmware/smccc/built-in.a
  AR      drivers/firmware/built-in.a
  CC      drivers/hid/hid-core.o
  CC      drivers/clocksource/sh_tmu.o
  CC      drivers/clocksource/mmio.o
  CC      drivers/clocksource/arm_arch_timer.o
  CC      drivers/clocksource/arm_arch_timer_mmio.o
  CC      drivers/clocksource/dummy_timer.o
  CC      drivers/hid/hid-input.o
  CC      drivers/clocksource/renesas-ostm.o
  CC      drivers/hid/hid-quirks.o
  CC      drivers/hid/hid-generic.o
  AR      drivers/clocksource/built-in.a
  CC      drivers/of/base.o
  CC      drivers/of/cpu.o
  CC      drivers/of/device.o
  AR      drivers/hid/built-in.a
  AR      drivers/platform/built-in.a
  CC      drivers/hwspinlock/hwspinlock_core.o
  CC      drivers/of/module.o
  CC      drivers/of/platform.o
  AR      drivers/hwspinlock/built-in.a
  CC      drivers/of/property.o
  CC      drivers/nvmem/core.o
  CC      drivers/tee/tee_core.o
  CC      drivers/of/fdt.o
  CC      drivers/nvmem/layouts.o
  AS      drivers/of/empty_root.dtb.o
  CC      drivers/of/fdt_address.o
  CC      drivers/tee/tee_heap.o
  CC      drivers/of/address.o
  CC      drivers/nvmem/layouts/fixed-layout.o
  CC      drivers/of/irq.o
  CC      drivers/tee/tee_shm.o
  AR      drivers/nvmem/layouts/built-in.a
  CC      drivers/nvmem/rcar-efuse.o
  CC      drivers/of/of_reserved_mem.o
  CC      drivers/nvmem/rmem.o
  CC      drivers/tee/tee_shm_pool.o
  CC      drivers/tee/optee/core.o
  AR      drivers/of/built-in.a
  CC      drivers/mux/core.o
  AR      drivers/nvmem/built-in.a
  CC      drivers/tee/optee/call.o
  CC      drivers/tee/optee/notif.o
  CC      drivers/tee/optee/rpc.o
  AR      drivers/mux/built-in.a
  CC      drivers/tee/optee/protmem.o
  CC      drivers/tee/optee/supp.o
  CC      drivers/tee/optee/device.o
  CC      drivers/tee/optee/smc_abi.o
  CC      drivers/tee/optee/ffa_abi.o
  AR      drivers/tee/optee/built-in.a
  AR      drivers/tee/built-in.a
  AR      drivers/built-in.a
  AR      built-in.a
  AR      vmlinux.a
  LD      vmlinux.o
  MODPOST vmlinux.symvers
  CC      .vmlinux.export.o
  UPD     include/generated/utsversion.h
  CC      init/version-timestamp.o
  LD      vmlinux.unstripped
  NM      System.map
  SORTTAB vmlinux.unstripped
  OBJCOPY vmlinux
  GEN     modules.builtin.modinfo
  GEN     modules.builtin
  OBJCOPY arch/arm64/boot/Image
make[5]: Leaving directory '/mnt/git-volume/kernel-test-stable-rc/build/rand500config-arm64'
make[4]: Leaving directory '/mnt/git-volume/linux-stable-rc'
