make[4]: Entering directory '/mnt/git-volume/linux-stable'
make[5]: Entering directory '/mnt/git-volume/kernel-test-stable/build/rand500config-i386'
#
# configuration written to .config
#
Using .config as base
Merging /mnt/git-volume/linux-stable/kernel/configs/tiny.config
Value of CONFIG_KERNEL_XZ is redefined by fragment /mnt/git-volume/linux-stable/kernel/configs/tiny.config:
Previous value: # CONFIG_KERNEL_XZ is not set
New value: CONFIG_KERNEL_XZ=y

Value of CONFIG_CC_OPTIMIZE_FOR_SIZE is redefined by fragment /mnt/git-volume/linux-stable/kernel/configs/tiny.config:
Previous value: # CONFIG_CC_OPTIMIZE_FOR_SIZE is not set
New value: CONFIG_CC_OPTIMIZE_FOR_SIZE=y

Value of CONFIG_SLUB_TINY is redefined by fragment /mnt/git-volume/linux-stable/kernel/configs/tiny.config:
Previous value: # CONFIG_SLUB_TINY is not set
New value: CONFIG_SLUB_TINY=y

Merging /mnt/git-volume/linux-stable/arch/x86/configs/tiny.config
Value of CONFIG_UNWINDER_GUESS is redefined by fragment /mnt/git-volume/linux-stable/arch/x86/configs/tiny.config:
Previous value: # CONFIG_UNWINDER_GUESS is not set
New value: CONFIG_UNWINDER_GUESS=y

#
# merged configuration written to .config (needs make)
#
#
# configuration written to .config
#
make[5]: Leaving directory '/mnt/git-volume/kernel-test-stable/build/rand500config-i386'
make[4]: Leaving directory '/mnt/git-volume/linux-stable'
make[4]: Entering directory '/mnt/git-volume/linux-stable'
make[5]: Entering directory '/tmp/tmp.lRCSJySTml'
  UPD     /tmp/tmp.lRCSJySTml/Makefile
  HOSTCC  scripts/basic/fixdep
  HOSTCC  scripts/kconfig/conf.o
  HOSTCC  scripts/kconfig/confdata.o
  HOSTCC  scripts/kconfig/expr.o
  LEX     scripts/kconfig/lexer.lex.c
  YACC    scripts/kconfig/parser.tab.[ch]
  HOSTCC  scripts/kconfig/lexer.lex.o
  HOSTCC  scripts/kconfig/menu.o
  HOSTCC  scripts/kconfig/parser.tab.o
  HOSTCC  scripts/kconfig/preprocess.o
  HOSTCC  scripts/kconfig/symbol.o
  HOSTCC  scripts/kconfig/util.o
  HOSTLD  scripts/kconfig/conf
KCONFIG_SEED=0x6DA614FE
#
# configuration written to .config
#
make[5]: Leaving directory '/tmp/tmp.lRCSJySTml'
make[4]: Leaving directory '/mnt/git-volume/linux-stable'
make[4]: Entering directory '/mnt/git-volume/linux-stable'
make[5]: Entering directory '/tmp/tmp.lRCSJySTml'
.config:5747:warning: override: reassigning to symbol PRINTK
.config:5751:warning: override: reassigning to symbol TTY
.config:5754:warning: override: reassigning to symbol BLK_DEV_INITRD
.config:5755:warning: override: reassigning to symbol RD_GZIP
.config:5758:warning: override: reassigning to symbol BINFMT_ELF
.config:5759:warning: override: reassigning to symbol BINFMT_SCRIPT
.config:5762:warning: override: reassigning to symbol TMPFS
.config:5765:warning: override: reassigning to symbol KERNEL_GZIP
.config:5771:warning: override: reassigning to symbol KERNEL_BZIP2
.config:5772:warning: override: reassigning to symbol KERNEL_LZMA
.config:5773:warning: override: reassigning to symbol KERNEL_XZ
.config:5774:warning: override: reassigning to symbol KERNEL_LZO
.config:5775:warning: override: reassigning to symbol KERNEL_LZ4
.config:5776:warning: override: reassigning to symbol KERNEL_ZSTD
.config:5779:warning: override: reassigning to symbol MODULES
.config:5782:warning: override: reassigning to symbol DRM
.config:5783:warning: override: reassigning to symbol SOUND
.config:5784:warning: override: reassigning to symbol STAGING
.config:5786:warning: override: reassigning to symbol MEDIA_SUPPORT
.config:5796:warning: override: reassigning to symbol KFENCE
.config:5797:warning: override: reassigning to symbol UBSAN
.config:5804:warning: override: reassigning to symbol RCU_TORTURE_TEST
.config:5805:warning: override: reassigning to symbol RCU_SCALE_TEST
.config:5806:warning: override: reassigning to symbol LOCK_TORTURE_TEST
.config:5816:warning: override: reassigning to symbol DEBUG_PREEMPT
.config:5817:warning: override: reassigning to symbol DEBUG_ATOMIC_SLEEP
.config:5824:warning: override: reassigning to symbol KUNIT
.config:5832:warning: override: reassigning to symbol OF_UNITTEST
#
# configuration written to .config
#
make[5]: Leaving directory '/tmp/tmp.lRCSJySTml'
make[4]: Leaving directory '/mnt/git-volume/linux-stable'
make[4]: Entering directory '/mnt/git-volume/linux-stable'
make[5]: Entering directory '/mnt/git-volume/kernel-test-stable/build/rand500config-i386'
.config:1378:warning: override: reassigning to symbol RCU_REF_SCALE_TEST
.config:1379:warning: override: reassigning to symbol FIX_EARLYCON_MEM
.config:1386:warning: override: reassigning to symbol HAVE_ARCH_KSTACK_ERASE
.config:1391:warning: override: reassigning to symbol BLK_DEV_INITRD
.config:1393:warning: override: reassigning to symbol X86_DISABLED_FEATURE_SYSCALL32
.config:1400:warning: override: reassigning to symbol VALIDATE_FS_PARSER
.config:1403:warning: override: reassigning to symbol HAVE_MOVE_PMD
.config:1406:warning: override: reassigning to symbol VIRTUALIZATION
.config:1410:warning: override: reassigning to symbol GCC_ASM_GOTO_OUTPUT_BROKEN
.config:1411:warning: override: reassigning to symbol GENERIC_ENTRY
.config:1413:warning: override: reassigning to symbol HAVE_KPROBES_ON_FTRACE
.config:1414:warning: override: reassigning to symbol AUXDISPLAY
.config:1430:warning: override: reassigning to symbol EDD
.config:1441:warning: override: reassigning to symbol X86_DISABLED_FEATURE_UNRET
.config:1445:warning: override: reassigning to symbol BPF_SYSCALL
.config:1446:warning: override: reassigning to symbol DEBUG_LOCK_ALLOC
.config:1451:warning: override: reassigning to symbol X86_DISABLED_FEATURE_IBT
.config:1453:warning: override: reassigning to symbol ARCH_SUPPORTS_LTO_CLANG
.config:1454:warning: override: reassigning to symbol HAVE_PERF_EVENTS
.config:1458:warning: override: reassigning to symbol X86_DISABLED_FEATURE_CALL_DEPTH
.config:1460:warning: override: reassigning to symbol MFD_SM501
.config:1472:warning: override: reassigning to symbol IA32_FEAT_CTL
.config:1478:warning: override: reassigning to symbol HAVE_REGS_AND_STACK_ACCESS_API
.config:1479:warning: override: reassigning to symbol SOFTIRQ_ON_OWN_STACK
.config:1492:warning: override: reassigning to symbol PAGE_SIZE_LESS_THAN_256KB
.config:1494:warning: override: reassigning to symbol BLOCK
.config:1503:warning: override: reassigning to symbol EXPORTFS_BLOCK_OPS
.config:1512:warning: override: reassigning to symbol GPIOLIB
.config:1516:warning: override: reassigning to symbol ARCH_32BIT_OFF_T
.config:1524:warning: override: reassigning to symbol HAVE_ARCH_AUDITSYSCALL
.config:1531:warning: override: reassigning to symbol SGETMASK_SYSCALL
.config:1538:warning: override: reassigning to symbol SECURITY_DMESG_RESTRICT
.config:1549:warning: override: reassigning to symbol SPMI
.config:1552:warning: override: reassigning to symbol HAVE_MOD_ARCH_SPECIFIC
.config:1560:warning: override: reassigning to symbol HAVE_ARCH_TRACEHOOK
.config:1561:warning: override: reassigning to symbol HAVE_PREEMPT_DYNAMIC
.config:1565:warning: override: reassigning to symbol ARCH_HIBERNATION_POSSIBLE
.config:1572:warning: override: reassigning to symbol MFD_MT6397
.config:1593:warning: override: reassigning to symbol X86_DEBUGCTLMSR
.config:1599:warning: override: reassigning to symbol MISC_FILESYSTEMS
.config:1600:warning: override: reassigning to symbol GENERIC_IOMAP
.config:1604:warning: override: reassigning to symbol ARCH_CORRECT_STACKTRACE_ON_KRETPROBE
.config:1606:warning: override: reassigning to symbol EISA
.config:1610:warning: override: reassigning to symbol X86_REQUIRED_FEATURE_CMOV
.config:1613:warning: override: reassigning to symbol IPACK_BUS
.config:1614:warning: override: reassigning to symbol ARCH_CONFIGURES_CPU_MITIGATIONS
.config:1616:warning: override: reassigning to symbol TELCLOCK
.config:1617:warning: override: reassigning to symbol ARCH_MAY_HAVE_PC_FDC
.config:1618:warning: override: reassigning to symbol NVMEM
.config:1619:warning: override: reassigning to symbol WERROR
.config:1622:warning: override: reassigning to symbol KEYS
.config:1623:warning: override: reassigning to symbol FORCE_NR_CPUS
.config:1626:warning: override: reassigning to symbol CC_NO_ARRAY_BOUNDS
.config:1642:warning: override: reassigning to symbol HAVE_PREEMPT_DYNAMIC_CALL
.config:1643:warning: override: reassigning to symbol X86_CMOV
.config:1648:warning: override: reassigning to symbol CC_HAS_AUTO_VAR_INIT_ZERO_BARE
.config:1649:warning: override: reassigning to symbol SURFACE_PLATFORMS
.config:1653:warning: override: reassigning to symbol PERF_EVENTS
.config:1658:warning: override: reassigning to symbol DEBUG_INFO_DWARF4
.config:1661:warning: override: reassigning to symbol STRICT_SIGALTSTACK_SIZE
.config:1669:warning: override: reassigning to symbol COMPAT_32BIT_TIME
.config:1688:warning: override: reassigning to symbol EXTCON
.config:1703:warning: override: reassigning to symbol DEBUG_IRQFLAGS
.config:1706:warning: override: reassigning to symbol CLOCKSOURCE_WATCHDOG
.config:1709:warning: override: reassigning to symbol LD_IS_BFD
.config:1710:warning: override: reassigning to symbol BACKLIGHT_CLASS_DEVICE
.config:1715:warning: override: reassigning to symbol MICROCODE
.config:1716:warning: override: reassigning to symbol ISA_DMA_API
.config:1718:warning: override: reassigning to symbol X86_DISABLED_FEATURE_TDX_GUEST
.config:1720:warning: override: reassigning to symbol IO_URING
.config:1722:warning: override: reassigning to symbol MUX_CORE
.config:1724:warning: override: reassigning to symbol HAVE_DYNAMIC_FTRACE_WITH_DIRECT_CALLS
.config:1732:warning: override: reassigning to symbol NSC_GPIO
.config:1740:warning: override: reassigning to symbol BROKEN_ON_SMP
.config:1741:warning: override: reassigning to symbol PRIME_NUMBERS
.config:1742:warning: override: reassigning to symbol KPROBES
.config:1744:warning: override: reassigning to symbol EDAC_ATOMIC_SCRUB
.config:1753:warning: override: reassigning to symbol DEVPORT
.config:1758:warning: override: reassigning to symbol BINFMT_SCRIPT
.config:1764:warning: override: reassigning to symbol TRACE_IRQFLAGS_NMI_SUPPORT
.config:1768:warning: override: reassigning to symbol ARCH_HAS_CACHE_LINE_SIZE
.config:1769:warning: override: reassigning to symbol DEBUG_LOCKING_API_SELFTESTS
.config:1775:warning: override: reassigning to symbol BINFMT_ELF
.config:1777:warning: override: reassigning to symbol ZERO_CALL_USED_REGS
.config:1778:warning: override: reassigning to symbol HAVE_RSEQ
.config:1779:warning: override: reassigning to symbol FS_ENCRYPTION
.config:1782:warning: override: reassigning to symbol OLD_SIGACTION
.config:1795:warning: override: reassigning to symbol HAVE_ARCH_SECCOMP_FILTER
.config:1799:warning: override: reassigning to symbol COREDUMP
.config:1804:warning: override: reassigning to symbol HAVE_FUNCTION_GRAPH_FREGS
.config:1806:warning: override: reassigning to symbol AS_HAS_NON_CONST_ULEB128
.config:1807:warning: override: reassigning to symbol X86_CX8
.config:1813:warning: override: reassigning to symbol MACINTOSH_DRIVERS
.config:1819:warning: override: reassigning to symbol RAS
.config:1826:warning: override: reassigning to symbol HAVE_ATOMIC_IOMAP
.config:1835:warning: override: reassigning to symbol ARCH_WANT_IRQS_OFF_ACTIVATE_MM
.config:1840:warning: override: reassigning to symbol ARCH_USE_BUILTIN_BSWAP
.config:1842:warning: override: reassigning to symbol MTRR
.config:1847:warning: override: reassigning to symbol COMMON_CLK
.config:1848:warning: override: reassigning to symbol ARCH_MIGHT_HAVE_PC_PARPORT
.config:1849:warning: override: reassigning to symbol NEED_PER_CPU_KM
.config:1854:warning: override: reassigning to symbol HAVE_PERF_EVENTS_NMI
.config:1859:warning: override: reassigning to symbol VM_EVENT_COUNTERS
.config:1869:warning: override: reassigning to symbol IKCONFIG
.config:1870:warning: override: reassigning to symbol BOOT_CONFIG
.config:1889:warning: override: reassigning to symbol PRINTK
.config:1893:warning: override: reassigning to symbol TTY
.config:1896:warning: override: reassigning to symbol BLK_DEV_INITRD
.config:1900:warning: override: reassigning to symbol BINFMT_ELF
.config:1901:warning: override: reassigning to symbol BINFMT_SCRIPT
.config:1907:warning: override: reassigning to symbol KERNEL_GZIP
#
# configuration written to .config
#
make[5]: Leaving directory '/mnt/git-volume/kernel-test-stable/build/rand500config-i386'
make[4]: Leaving directory '/mnt/git-volume/linux-stable'
make[4]: Entering directory '/mnt/git-volume/linux-stable'
make[5]: Entering directory '/mnt/git-volume/kernel-test-stable/build/rand500config-i386'
  SYNC    include/config/auto.conf.cmd
  HOSTCC  arch/x86/tools/relocs_32.o
  HOSTCC  scripts/kallsyms
  HOSTCC  arch/x86/tools/relocs_64.o
  HOSTCC  arch/x86/tools/relocs_common.o
  HOSTCC  arch/x86/tools/vdso2c
  HOSTLD  arch/x86/tools/relocs
  HOSTCC  scripts/sorttable.o
  HOSTCC  scripts/elf-parse.o
  HOSTLD  scripts/sorttable
  CC      scripts/mod/empty.o
  HOSTCC  scripts/mod/mk_elfconfig
  CC      scripts/mod/devicetable-offsets.s
  MKELF   scripts/mod/elfconfig.h
  HOSTCC  scripts/mod/modpost.o
  HOSTCC  scripts/mod/sumversion.o
  HOSTCC  scripts/mod/symsearch.o
  HOSTCC  scripts/mod/file2alias.o
  HOSTLD  scripts/mod/modpost
  CC      kernel/bounds.s
  UPD     include/generated/bounds.h
  CC      arch/x86/kernel/asm-offsets.s
  UPD     include/generated/asm-offsets.h
  CC      kernel/sched/rq-offsets.s
  UPD     include/generated/rq-offsets.h
  CALL    /mnt/git-volume/linux-stable/scripts/checksyscalls.sh 
  HOSTCC  usr/gen_init_cpio
  CC      init/main.o
  AS      arch/x86/entry/entry.o
  AS      arch/x86/entry/entry_32.o
  CC      kernel/fork.o
  CC      arch/x86/entry/syscall_32.o
  GEN     usr/initramfs_data.cpio
  COPY    usr/initramfs_inc_data
  AS      usr/initramfs_data.o
  AR      usr/built-in.a
  CC      arch/x86/entry/common.o
  CC      arch/x86/entry/vdso/vma.o
  AS      arch/x86/entry/thunk.o
  CC      arch/x86/entry/vdso/extable.o
  UPD     init/utsversion-tmp.h
  CC      init/do_mounts.o
  CC      arch/x86/entry/vdso/vdso32-setup.o
  CC      kernel/exec_domain.o
  CC      kernel/exec_state.o
  LDS     arch/x86/entry/vdso/vdso32/vdso32.lds
  AS      arch/x86/entry/vdso/vdso32/note.o
  CC      arch/x86/entry/vdso/vdso32/vclock_gettime.o
  CC      init/do_mounts_initrd.o
  CC      kernel/panic.o
  CC      kernel/cpu.o
  CC      arch/x86/entry/vdso/vdso32/vgetcpu.o
  AS      arch/x86/entry/vdso/vdso32/system_call.o
  AS      arch/x86/entry/vdso/vdso32/sigreturn.o
  VDSO    arch/x86/entry/vdso/vdso32/vdso32.so.dbg
  OBJCOPY arch/x86/entry/vdso/vdso32/vdso32.so
  VDSO2C  arch/x86/entry/vdso/vdso32/vdso32-image.c
  CC      arch/x86/entry/vdso/vdso32/vdso32-image.o
  CC      init/initramfs.o
  CC      kernel/exit.o
  AR      arch/x86/entry/vdso/vdso32/built-in.a
  AR      arch/x86/entry/vdso/built-in.a
  AR      arch/x86/entry/built-in.a
  CC      arch/x86/events/core.o
  CC      kernel/softirq.o
  CC      init/calibrate.o
  CC      kernel/resource.o
  CC      init/init_task.o
  CC      kernel/sysctl.o
  CC      arch/x86/events/probe.o
  CC      init/version.o
  CC      kernel/capability.o
  CC      arch/x86/events/utils.o
  CC      kernel/ptrace.o
  AR      init/built-in.a
  CC      arch/x86/events/amd/core.o
  CC      arch/x86/events/intel/core.o
  CC      arch/x86/events/zhaoxin/core.o
  CC      kernel/user.o
  CC      arch/x86/events/amd/lbr.o
  CC      kernel/signal.o
  AR      arch/x86/events/zhaoxin/built-in.a
  CC      kernel/sys.o
  AR      arch/x86/events/amd/built-in.a
  CC      kernel/umh.o
  CC      kernel/workqueue.o
  CC      kernel/pid.o
  CC      kernel/task_work.o
  CC      arch/x86/events/intel/bts.o
  CC      arch/x86/events/intel/ds.o
  CC      kernel/extable.o
  CC      arch/x86/events/intel/knc.o
  CC      kernel/params.o
  CC      kernel/kthread.o
  CC      arch/x86/events/intel/lbr.o
  CC      arch/x86/events/intel/p4.o
  CC      kernel/sys_ni.o
  CC      kernel/nsproxy.o
  CC      kernel/nstree.o
  CC      arch/x86/events/intel/p6.o
  CC      arch/x86/events/intel/pt.o
  CC      kernel/nscommon.o
  CC      kernel/notifier.o
  CC      kernel/ksysfs.o
  CC      kernel/cred.o
  AR      arch/x86/events/intel/built-in.a
  AR      arch/x86/events/built-in.a
  CC      kernel/reboot.o
  CC      arch/x86/realmode/init.o
  CC      kernel/async.o
  CC      kernel/range.o
  AS      arch/x86/realmode/rm/header.o
  CC      kernel/smpboot.o
  CC      kernel/ucount.o
  AS      arch/x86/realmode/rm/trampoline_32.o
  AS      arch/x86/realmode/rm/stack.o
  AS      arch/x86/realmode/rm/reboot.o
  PASYMS  arch/x86/realmode/rm/pasyms.h
  LDS     arch/x86/realmode/rm/realmode.lds
  LD      arch/x86/realmode/rm/realmode.elf
  RELOCS  arch/x86/realmode/rm/realmode.relocs
  OBJCOPY arch/x86/realmode/rm/realmode.bin
  AS      arch/x86/realmode/rmpiggy.o
  CC      kernel/regset.o
  AR      arch/x86/realmode/built-in.a
  CC      kernel/ksyms_common.o
  AS      arch/x86/kernel/head_32.o
  CC      arch/x86/mm/init.o
  CC      arch/x86/kernel/head32.o
  CC      kernel/sched/core.o
  CC      kernel/sched/fair.o
  CC      arch/x86/kernel/ebda.o
  CC      arch/x86/mm/init_32.o
  CC      arch/x86/kernel/platform-quirks.o
  CC      arch/x86/mm/fault.o
  CC      arch/x86/kernel/process_32.o
  CC      kernel/sched/build_policy.o
  CC      arch/x86/mm/ioremap.o
  CC      arch/x86/kernel/signal.o
  CC      arch/x86/mm/extable.o
  CC      arch/x86/kernel/signal_32.o
  CC      arch/x86/kernel/traps.o
  CC      arch/x86/mm/mmap.o
  CC      arch/x86/kernel/idt.o
  CC      arch/x86/mm/pgtable.o
  CC      kernel/sched/build_utility.o
  CC      arch/x86/kernel/irq.o
  CC      arch/x86/mm/physaddr.o
  CC      arch/x86/kernel/irq_32.o
  CC      arch/x86/mm/tlb.o
  CC      arch/x86/kernel/dumpstack_32.o
  CC      arch/x86/kernel/time.o
  CC      arch/x86/kernel/ioport.o
  CC      arch/x86/kernel/dumpstack.o
  CC      arch/x86/mm/cpu_entry_area.o
  AR      kernel/sched/built-in.a
  CC      kernel/locking/mutex.o
  CC      arch/x86/kernel/nmi.o
  CC      arch/x86/kernel/setup.o
  CC      arch/x86/mm/maccess.o
  CC      arch/x86/mm/pgprot.o
  CC      kernel/locking/semaphore.o
  CC      arch/x86/kernel/x86_init.o
  CC      arch/x86/mm/pat/set_memory.o
  CC      arch/x86/mm/pat/memtype.o
  CC      kernel/locking/rwsem.o
  CC      arch/x86/kernel/i8259.o
  CC      arch/x86/mm/pat/memtype_interval.o
  CC      kernel/locking/percpu-rwsem.o
  CC      kernel/locking/mutex-debug.o
  CC      arch/x86/kernel/irqinit.o
  AR      arch/x86/mm/pat/built-in.a
  CC      arch/x86/mm/pgtable_32.o
  CC      arch/x86/kernel/irq_work.o
  CC      kernel/locking/lockdep.o
  CC      arch/x86/mm/iomap_32.o
  CC      arch/x86/kernel/probe_roms.o
  AS      arch/x86/crypto/twofish-i586-asm_32.o
  CC      arch/x86/crypto/twofish_glue.o
  AR      arch/x86/mm/built-in.a
  CC      arch/x86/kernel/sys_ia32.o
  AR      arch/x86/crypto/built-in.a
  AR      arch/x86/platform/olpc/built-in.a
  CC      arch/x86/kernel/bootflag.o
  AR      arch/x86/platform/built-in.a
  CC      arch/x86/virt/svm/cmdline.o
  CC      kernel/locking/spinlock.o
  AR      arch/x86/virt/svm/built-in.a
  AR      arch/x86/virt/built-in.a
  CC      kernel/locking/spinlock_debug.o
  CC      kernel/power/qos.o
  CC      arch/x86/kernel/e820.o
  CC      arch/x86/kernel/pci-dma.o
  CC      kernel/locking/irqflag-debug.o
  AR      kernel/locking/built-in.a
  CC      kernel/printk/printk.o
  CC      kernel/printk/printk_safe.o
  AR      kernel/power/built-in.a
  CC      kernel/irq/irqdesc.o
  CC      arch/x86/kernel/quirks.o
  CC      kernel/printk/nbcon.o
  CC      kernel/irq/handle.o
  CC      arch/x86/kernel/kdebugfs.o
  CC      kernel/irq/manage.o
  CC      kernel/printk/printk_ringbuffer.o
  CC      arch/x86/kernel/alternative.o
  CC      kernel/irq/spurious.o
  AR      kernel/printk/built-in.a
  CC      kernel/irq/resend.o
  CC      kernel/irq/chip.o
  CC      kernel/irq/dummychip.o
  CC      arch/x86/kernel/i8253.o
  CC      arch/x86/kernel/hw_breakpoint.o
  CC      kernel/irq/devres.o
  CC      mm/filemap.o
  CC      mm/mempool.o
  CC      kernel/irq/kexec.o
  CC      arch/x86/kernel/tsc.o
  CC      kernel/irq/autoprobe.o
  CC      fs/open.o
  CC      arch/x86/kernel/tsc_msr.o
  CC      kernel/irq/irqdomain.o
  CC      arch/x86/kernel/io_delay.o
  CC      mm/oom_kill.o
  CC      arch/x86/kernel/rtc.o
  CC      fs/read_write.o
  AR      kernel/irq/built-in.a
  CC      kernel/rcu/update.o
  CC      arch/x86/kernel/resource.o
  AS      arch/x86/kernel/irqflags.o
  CC      arch/x86/kernel/static_call.o
  CC      mm/fadvise.o
  CC      kernel/rcu/sync.o
  CC      arch/x86/kernel/process.o
  CC      fs/file_table.o
  CC      kernel/rcu/srcutiny.o
  CC      mm/maccess.o
  CC      kernel/rcu/refscale.o
  CC      fs/super.o
  CC      arch/x86/kernel/fpu/init.o
  CC      mm/page-writeback.o
  CC      arch/x86/kernel/fpu/bugs.o
  CC      kernel/rcu/tiny.o
  CC      arch/x86/kernel/fpu/core.o
  CC      fs/char_dev.o
  CC      kernel/rcu/rcu_segcblist.o
  CC      mm/folio-compat.o
  CC      arch/x86/kernel/fpu/regset.o
  AR      kernel/rcu/built-in.a
  CC      kernel/dma/mapping.o
  CC      fs/stat.o
  CC      mm/readahead.o
  CC      arch/x86/kernel/fpu/signal.o
  CC      kernel/dma/direct.o
  CC      mm/swap.o
  CC      fs/exec.o
  CC      arch/x86/kernel/fpu/xstate.o
  CC      kernel/dma/remap.o
  AR      arch/x86/kernel/fpu/built-in.a
  AR      kernel/dma/built-in.a
  CC      arch/x86/kernel/ptrace.o
  CC      kernel/entry/common.o
  CC      fs/pipe.o
  CC      mm/truncate.o
  CC      kernel/entry/syscall-common.o
  CC      arch/x86/kernel/tls.o
  CC      mm/vmscan.o
  CC      fs/namei.o
  CC      kernel/entry/syscall_user_dispatch.o
  CC      arch/x86/kernel/step.o
  CC      arch/x86/kernel/i8237.o
  AR      kernel/entry/built-in.a
  CC      kernel/stacktrace.o
  CC      mm/shrinker.o
  CC      arch/x86/kernel/stacktrace.o
  CC      kernel/time/time.o
  CC      mm/shmem.o
  CC      fs/fcntl.o
  CC      arch/x86/kernel/cpu/cacheinfo.o
  CC      kernel/time/timer.o
  CC      mm/util.o
  CC      arch/x86/kernel/cpu/scattered.o
  CC      fs/ioctl.o
  CC      arch/x86/kernel/cpu/topology_common.o
  CC      kernel/time/hrtimer.o
  CC      arch/x86/kernel/cpu/topology_ext.o
  CC      mm/mmzone.o
  CC      fs/readdir.o
  CC      arch/x86/kernel/cpu/topology_amd.o
  CC      mm/vmstat.o
  CC      arch/x86/kernel/cpu/cpuid_parser.o
  CC      fs/select.o
  CC      kernel/time/sleep_timeout.o
  CC      arch/x86/kernel/cpu/common.o
  CC      mm/backing-dev.o
  CC      kernel/time/timekeeping.o
  CC      mm/mm_init.o
  CC      arch/x86/kernel/cpu/rdrand.o
  CC      fs/dcache.o
  CC      arch/x86/kernel/cpu/match.o
  CC      kernel/time/ntp.o
  CC      mm/percpu.o
  CC      arch/x86/kernel/cpu/bugs.o
  CC      kernel/time/clocksource.o
  CC      fs/inode.o
  CC      mm/slab_common.o
  CC      kernel/time/jiffies.o
  CC      arch/x86/kernel/cpu/aperfmperf.o
  CC      kernel/time/timer_list.o
  CC      arch/x86/kernel/cpu/cpuid-deps.o
  CC      mm/compaction.o
  CC      arch/x86/kernel/cpu/cpuid_0x2_table.o
  CC      kernel/time/timeconv.o
  CC      fs/attr.o
  CC      mm/show_mem.o
  CC      arch/x86/kernel/cpu/umwait.o
  CC      kernel/time/timecounter.o
  CC      kernel/time/alarmtimer.o
  CC      arch/x86/kernel/cpu/capflags.o
  CC      fs/bad_inode.o
  CC      arch/x86/kernel/cpu/powerflags.o
  CC      mm/interval_tree.o
  CC      arch/x86/kernel/cpu/feat_ctl.o
  CC      kernel/time/posix-stubs.o
  CC      fs/file.o
  CC      arch/x86/kernel/cpu/intel.o
  CC      mm/list_lru.o
  CC      kernel/time/clockevents.o
  CC      arch/x86/kernel/cpu/tsx.o
  CC      mm/workingset.o
  CC      kernel/time/tick-common.o
  CC      arch/x86/kernel/cpu/amd.o
  CC      fs/filesystems.o
  CC      kernel/time/vsyscall.o
  CC      mm/debug.o
  CC      fs/namespace.o
  CC      arch/x86/kernel/cpu/hygon.o
  AR      kernel/time/built-in.a
  CC      kernel/dma.o
  CC      arch/x86/kernel/cpu/cyrix.o
  CC      mm/gup.o
  CC      kernel/up.o
  CC      kernel/kallsyms.o
  CC      arch/x86/kernel/cpu/centaur.o
  CC      arch/x86/kernel/cpu/transmeta.o
  CC      mm/mmap_lock.o
  CC      fs/seq_file.o
  UPD     kernel/config_data
  CC      kernel/trace/rethook.o
  CC      arch/x86/kernel/cpu/zhaoxin.o
  CC      arch/x86/kernel/cpu/vortex.o
  AR      kernel/trace/built-in.a
  CC      mm/vma_init.o
  CC      fs/xattr.o
  CC      kernel/irq_work.o
  CC      arch/x86/kernel/cpu/mtrr/mtrr.o
  CC      kernel/bpf/preload/bpf_preload_kern.o
  CC      mm/highmem.o
  CC      arch/x86/kernel/cpu/mtrr/if.o
  AR      kernel/bpf/preload/built-in.a
  CC      fs/libfs.o
  CC      kernel/bpf/core.o
  CC      arch/x86/kernel/cpu/mtrr/generic.o
  CC      mm/memory.o
  CC      arch/x86/kernel/cpu/mtrr/cleanup.o
  CC      fs/fs-writeback.o
  CC      kernel/bpf/syscall.o
  CC      arch/x86/kernel/cpu/mtrr/amd.o
  CC      fs/pnode.o
  CC      arch/x86/kernel/cpu/mtrr/cyrix.o
  CC      mm/mincore.o
  CC      fs/splice.o
  CC      arch/x86/kernel/cpu/mtrr/centaur.o
  CC      mm/mlock.o
  CC      arch/x86/kernel/cpu/mtrr/legacy.o
  AR      arch/x86/kernel/cpu/mtrr/built-in.a
  CC      arch/x86/kernel/cpu/microcode/core.o
  CC      fs/sync.o
  CC      kernel/bpf/verifier.o
  CC      mm/mmap.o
  CC      arch/x86/kernel/cpu/microcode/intel.o
  CC      fs/utimes.o
  CC      arch/x86/kernel/cpu/microcode/amd.o
  CC      mm/mmu_gather.o
  CC      fs/d_path.o
  AR      arch/x86/kernel/cpu/microcode/built-in.a
  AR      arch/x86/kernel/cpu/built-in.a
  CC      arch/x86/kernel/reboot.o
  CC      mm/mprotect.o
  CC      fs/stack.o
  CC      arch/x86/kernel/tsc_sync.o
  CC      fs/fs_struct.o
  CC      arch/x86/kernel/apic/hw_nmi.o
  CC      mm/mremap.o
  CC      fs/statfs.o
  AR      arch/x86/kernel/apic/built-in.a
  CC      arch/x86/kernel/trace_clock.o
  CC      arch/x86/kernel/kprobes/core.o
  CC      mm/msync.o
  CC      fs/fs_pin.o
  CC      arch/x86/kernel/kprobes/opt.o
  CC      fs/nsfs.o
  CC      mm/page_vma_mapped.o
  AR      arch/x86/kernel/kprobes/built-in.a
  CC      mm/pagewalk.o
  CC      arch/x86/kernel/doublefault_32.o
  CC      fs/fs_dirent.o
  CC      fs/fs_context.o
  CC      kernel/bpf/inode.o
  CC      mm/pgtable-generic.o
  CC      arch/x86/kernel/eisa.o
  CC      arch/x86/kernel/perf_regs.o
  CC      fs/fs_parser.o
  CC      mm/rmap.o
  CC      kernel/bpf/helpers.o
  CC      arch/x86/kernel/unwind_guess.o
  CC      fs/fsopen.o
  CC      arch/x86/kernel/rethook.o
  CC      mm/vmalloc.o
  CC      fs/init.o
  LDS     arch/x86/kernel/vmlinux.lds
  AR      arch/x86/kernel/built-in.a
  AR      arch/x86/built-in.a
  CC      fs/kernel_read_file.o
  CC      kernel/bpf/tnum.o
  CC      kernel/bpf/cnum.o
  CC      kernel/bpf/log.o
  CC      fs/mnt_idmapping.o
  CC      fs/remap_range.o
  CC      fs/pidfs.o
  CC      mm/vma.o
  CC      kernel/bpf/token.o
  CC      kernel/bpf/liveness.o
  CC      fs/file_attr.o
  CC      fs/fserror.o
  CC      mm/vma_exec.o
  CC      fs/nullfs.o
  CC      fs/anon_inodes.o
  CC      kernel/bpf/const_fold.o
  CC      security/keys/gc.o
  CC      mm/page_alloc.o
  CC      fs/crypto/crypto.o
  CC      security/keys/key.o
  CC      kernel/bpf/bpf_iter.o
  CC      fs/crypto/fname.o
  CC      fs/crypto/hkdf.o
  CC      security/keys/keyring.o
  CC      mm/page_frag_cache.o
  CC      kernel/bpf/map_iter.o
  CC      fs/crypto/hooks.o
  CC      mm/init-mm.o
  CC      security/keys/keyctl.o
  CC      kernel/bpf/task_iter.o
  CC      fs/crypto/keyring.o
  CC      mm/memblock.o
  CC      fs/crypto/keysetup.o
  CC      security/keys/permission.o
  CC      kernel/bpf/prog_iter.o
  CC      mm/slub.o
  CC      security/keys/process_keys.o
  CC      fs/crypto/keysetup_v1.o
  CC      kernel/bpf/link_iter.o
  CC      fs/crypto/policy.o
  CC      security/keys/request_key.o
  CC      kernel/bpf/hashtab.o
  CC      mm/page_io.o
  CC      fs/crypto/bio.o
  CC      security/keys/request_key_auth.o
  CC      mm/swap_state.o
  AR      fs/crypto/built-in.a
  CC      fs/binfmt_script.o
  CC      security/keys/user_defined.o
  CC      fs/binfmt_elf.o
  AR      security/keys/built-in.a
  CC      security/commoncap.o
  CC      kernel/bpf/arraymap.o
  CC      mm/swapfile.o
  CC      security/min_addr.o
  CC      fs/posix_acl.o
  CC      kernel/bpf/percpu_freelist.o
  AR      security/built-in.a
  CC      kernel/bpf/bpf_lru_list.o
  CC      kernel/bpf/lpm_trie.o
  CC      fs/coredump.o
  CC      mm/dmapool.o
  CC      kernel/bpf/map_in_map.o
  CC      mm/early_ioremap.o
  CC      kernel/bpf/bloom_filter.o
  CC      kernel/bpf/local_storage.o
  CC      mm/execmem.o
  CC      fs/iomap/trace.o
  CC      fs/configfs/inode.o
  CC      kernel/bpf/queue_stack_maps.o
  CC      fs/iomap/iter.o
  AR      mm/built-in.a
  CC      fs/iomap/buffered-io.o
  CC      fs/configfs/file.o
  CC      kernel/bpf/ringbuf.o
  CC      fs/iomap/direct-io.o
  CC      fs/configfs/dir.o
  CC      fs/iomap/ioend.o
  CC      kernel/bpf/bpf_insn_array.o
  CC      fs/configfs/symlink.o
  CC      fs/iomap/fiemap.o
  CC      fs/configfs/mount.o
  CC      fs/iomap/seek.o
  CC      kernel/bpf/bpf_local_storage.o
  CC      fs/iomap/bio.o
  CC      fs/iomap/swapfile.o
  CC      fs/configfs/item.o
  AR      fs/configfs/built-in.a
  CC      crypto/api.o
  CC      crypto/cipher.o
  CC      kernel/bpf/bpf_task_storage.o
  AR      fs/iomap/built-in.a
  CC      fs/devpts/inode.o
  CC      fs/ramfs/inode.o
  CC      crypto/algapi.o
  AR      fs/devpts/built-in.a
  CC      kernel/bpf/fixups.o
  CC      kernel/bpf/cfg.o
  CC      fs/ramfs/file-mmu.o
  CC      crypto/scatterwalk.o
  AR      fs/ramfs/built-in.a
  CC      fs/efs/super.o
  CC      fs/efs/inode.o
  CC      kernel/bpf/states.o
  CC      crypto/aead.o
  CC      crypto/lskcipher.o
  CC      fs/efs/namei.o
  CC      crypto/skcipher.o
  CC      crypto/ahash.o
  CC      fs/efs/dir.o
  CC      kernel/bpf/backtrack.o
  CC      fs/efs/file.o
  CC      fs/efs/symlink.o
  CC      crypto/shash.o
  CC      kernel/bpf/check_btf.o
  CC      fs/adfs/dir.o
  AR      fs/efs/built-in.a
  CC      fs/orangefs/acl.o
  CC      fs/adfs/dir_f.o
  CC      crypto/algboss.o
  CC      kernel/bpf/disasm.o
  CC      fs/orangefs/file.o
  CC      fs/adfs/dir_fplus.o
  CC      kernel/bpf/mprog.o
  CC      fs/orangefs/orangefs-cache.o
  CC      crypto/testmgr.o
  CC      fs/adfs/file.o
  CC      crypto/ecb.o
  CC      kernel/bpf/btf.o
  CC      fs/orangefs/orangefs-utils.o
  CC      fs/adfs/inode.o
  CC      crypto/ctr.o
  CC      fs/adfs/map.o
  CC      crypto/twofish_common.o
  CC      fs/orangefs/xattr.o
  CC      fs/adfs/super.o
  CC      crypto/aes.o
  CC      fs/orangefs/dcache.o
  CC      crypto/cast_common.o
  AR      fs/adfs/built-in.a
  CC      fs/buffer.o
  CC      crypto/cast6_generic.o
  CC      fs/orangefs/inode.o
  CC      crypto/bpf_crypto_skcipher.o
  CC      kernel/bpf/memalloc.o
  CC      crypto/acompress.o
  CC      fs/mpage.o
  CC      fs/orangefs/orangefs-sysfs.o
  CC      kernel/bpf/rqspinlock.o
  CC      crypto/scompress.o
  CC      crypto/sha256.o
  CC      fs/orangefs/orangefs-mod.o
  CC      kernel/bpf/stream.o
  CC      kernel/bpf/stackmap.o
  CC      crypto/sha512.o
  CC      fs/orangefs/super.o
  CC      kernel/bpf/crypto.o
  CC      crypto/sha3.o
  CC      kernel/bpf/relo_core.o
  CC      crypto/gcm.o
  CC      fs/orangefs/devorangefs-req.o
  CC      kernel/static_call.o
  CC      kernel/events/core.o
  CC      crypto/aegis128-core.o
  CC      kernel/bpf/btf_iter.o
  CC      fs/orangefs/namei.o
  CC      kernel/bpf/btf_relocate.o
  CC      crypto/lzo.o
  CC      fs/orangefs/symlink.o
  CC      crypto/lzo-rle.o
  CC      kernel/bpf/kmem_cache_iter.o
  CC      fs/orangefs/dir.o
  CC      crypto/rng.o
  AR      kernel/bpf/built-in.a
  CC      fs/orangefs/orangefs-bufmap.o
  CC      kernel/events/ring_buffer.o
  CC      crypto/drbg.o
  CC      crypto/jitterentropy.o
  CC      kernel/events/callchain.o
  CC      crypto/jitterentropy-kcapi.o
  CC      fs/orangefs/orangefs-debugfs.o
  AR      crypto/built-in.a
  CC      kernel/events/hw_breakpoint.o
  CC      block/bdev.o
  CC      fs/orangefs/waitqueue.o
  CC      block/fops.o
  AR      kernel/events/built-in.a
  CC      kernel/torture.o
  CC      kernel/iomem.o
  AR      fs/orangefs/built-in.a
  AR      fs/built-in.a
  CC      io_uring/io_uring.o
  CC      block/bio.o
  CC      block/elevator.o
  CC      kernel/kprobes.o
  CC      block/blk-core.o
  CC      block/blk-sysfs.o
  GZIP    kernel/config_data.gz
  CC      kernel/configs.o
  CC      io_uring/opdef.o
  CC      block/blk-flush.o
  CC      block/blk-settings.o
  AR      kernel/built-in.a
  CC      lib/argv_split.o
  CC      lib/buildid.o
  CC      io_uring/kbuf.o
  CC      block/blk-ioc.o
  CC      block/blk-map.o
  CC      lib/cmdline.o
  CC      block/blk-merge.o
  CC      lib/ctype.o
  CC      lib/dec_and_lock.o
  CC      io_uring/rsrc.o
  CC      lib/decompress.o
  CC      io_uring/notif.o
  CC      lib/decompress_bunzip2.o
  CC      lib/decompress_inflate.o
  CC      block/blk-timeout.o
  CC      io_uring/tctx.o
  CC      io_uring/filetable.o
  CC      lib/decompress_unlz4.o
  CC      block/blk-lib.o
  CC      lib/decompress_unlzma.o
  CC      block/blk-mq.o
  CC      io_uring/rw.o
  CC      block/blk-mq-tag.o
  CC      lib/decompress_unlzo.o
  CC      lib/decompress_unxz.o
  CC      io_uring/poll.o
  CC      block/blk-mq-dma.o
  CC      lib/decompress_unzstd.o
  CC      block/blk-stat.o
  CC      lib/dump_stack.o
  CC      block/blk-mq-sysfs.o
  CC      io_uring/tw.o
  CC      lib/earlycpio.o
  CC      block/blk-mq-cpumap.o
  CC      lib/extable.o
  CC      block/blk-mq-sched.o
  CC      io_uring/wait.o
  CC      lib/flex_proportions.o
  CC      io_uring/eventfd.o
  CC      lib/idr.o
  CC      block/ioctl.o
  CC      io_uring/uring_cmd.o
  CC      lib/iomem_copy.o
  CC      lib/irq_regs.o
  CC      lib/is_single_threaded.o
  CC      io_uring/openclose.o
  CC      block/genhd.o
  CC      lib/klist.o
  CC      io_uring/sqpoll.o
  CC      lib/kobject.o
  CC      io_uring/xattr.o
  CC      block/ioprio.o
  CC      lib/kobject_uevent.o
  CC      io_uring/nop.o
  CC      io_uring/fs.o
  CC      block/badblocks.o
  CC      lib/logic_pio.o
  CC      block/partitions/core.o
  CC      block/blk-rq-qos.o
  CC      io_uring/splice.o
  CC      lib/maple_tree.o
  CC      block/disk-events.o
  CC      block/partitions/msdos.o
  CC      io_uring/sync.o
  CC      block/blk-ia-ranges.o
  CC      block/partitions/efi.o
  CC      io_uring/msg_ring.o
  CC      lib/memcat_p.o
  CC      lib/nmi_backtrace.o
  CC      lib/objpool.o
  AR      block/partitions/built-in.a
  CC      block/early-lookup.o
  CC      io_uring/advise.o
  CC      lib/plist.o
  CC      lib/radix-tree.o
  CC      lib/ratelimit.o
  CC      block/mq-deadline.o
  CC      io_uring/statx.o
  CC      lib/rbtree.o
  CC      lib/seq_buf.o
  CC      lib/siphash.o
  CC      io_uring/timeout.o
  CC      block/kyber-iosched.o
  CC      lib/string.o
  CC      lib/sys_info.o
  CC      lib/timerqueue.o
  CC      lib/vsprintf.o
  CC      io_uring/cancel.o
  CC      io_uring/waitid.o
  CC      block/bsg.o
  CC      block/bsg-lib.o
  CC      io_uring/register.o
  CC      io_uring/truncate.o
  CC      block/blk-crypto.o
  CC      io_uring/memmap.o
  CC      lib/win_minmax.o
  CC      io_uring/alloc_cache.o
  CC      lib/xarray.o
  CC      block/blk-crypto-profile.o
  CC      io_uring/query.o
  CC      io_uring/loop.o
  CC      block/blk-crypto-sysfs.o
  CC      lib/lockref.o
  CC      io_uring/io-wq.o
  CC      lib/bcd.o
  CC      lib/sort.o
  AR      block/built-in.a
  CC      lib/parser.o
  CC      lib/debug_locks.o
  CC      lib/random32.o
  CC      lib/bust_spinlocks.o
  CC      lib/kasprintf.o
  CC      lib/bitmap.o
  CC      lib/scatterlist.o
  AR      io_uring/built-in.a
  AS      arch/x86/lib/atomic64_cx8_32.o
  AS      arch/x86/lib/checksum_32.o
  CC      arch/x86/lib/cmdline.o
  CC      lib/list_sort.o
  AS      arch/x86/lib/cmpxchg8b_emu.o
  CC      lib/uuid.o
  CC      arch/x86/lib/cpu.o
  CC      lib/iov_iter.o
  CC      lib/clz_ctz.o
  CC      lib/bsearch.o
  CC      lib/find_bit.o
  CC      arch/x86/lib/delay.o
  CC      lib/llist.o
  AS      arch/x86/lib/getuser.o
  CC      lib/lwq.o
  CC      arch/x86/lib/inat.o
  AR      drivers/irqchip/built-in.a
  AR      drivers/bus/built-in.a
  AR      drivers/phy/built-in.a
  CC      drivers/gpio/gpiolib.o
  CC      arch/x86/lib/insn-eval.o
  CC      lib/memweight.o
  CC      lib/kfifo.o
  CC      lib/percpu-refcount.o
  CC      arch/x86/lib/insn.o
  CC      lib/rhashtable.o
  CC      arch/x86/lib/memcpy_32.o
  AS      arch/x86/lib/memmove_32.o
  CC      arch/x86/lib/misc.o
  CC      arch/x86/lib/pc-conf-reg.o
  CC      lib/base64.o
  AS      arch/x86/lib/putuser.o
  CC      drivers/gpio/gpiolib-devres.o
  CC      arch/x86/lib/string_32.o
  CC      arch/x86/lib/strstr_32.o
  CC      arch/x86/lib/usercopy.o
  CC      arch/x86/lib/usercopy_32.o
  CC      drivers/gpio/gpiolib-legacy.o
  CC      drivers/gpio/gpiolib-cdev.o
  CC      lib/once.o
  CC      arch/x86/lib/msr.o
  AS      arch/x86/lib/msr-reg.o
  CC      lib/refcount.o
  CC      arch/x86/lib/msr-reg-export.o
  CC      drivers/gpio/gpiolib-swnode.o
  CC      lib/rcuref.o
  AS      arch/x86/lib/hweight.o
  CC      arch/x86/lib/iomem.o
  CC      lib/usercopy.o
  CC      lib/errseq.o
  CC      drivers/gpio/gpio-aggregator.o
  CC      drivers/gpio/gpio-by-pinctrl.o
  CC      arch/x86/lib/atomic64_32.o
  CC      lib/bucket_locks.o
  AR      arch/x86/lib/lib.a
  AR      arch/x86/lib/built-in.a
  CC      lib/generic-radix-tree.o
  CC      lib/bitmap-str.o
  CC      lib/string_helpers.o
  CC      lib/hexdump.o
  AR      drivers/gpio/built-in.a
  CC      drivers/leds/led-core.o
  CC      drivers/leds/led-class.o
  CC      lib/kstrtox.o
  CC      drivers/leds/leds-lt3593.o
  CC      lib/math/div64.o
  HOSTCC  lib/crc/gen_crc32table
  GEN     lib/crc/crc32table.h
  CC      lib/crc/crc32-main.o
  CC      lib/math/gcd.o
  CC      lib/crypto/memneq.o
  CC      lib/math/lcm.o
  CC      lib/math/int_log.o
  CC      lib/math/int_pow.o
  AR      drivers/leds/built-in.a
  AR      drivers/pci/built-in.a
  CC      lib/math/int_sqrt.o
  AR      lib/crc/built-in.a
  CC      drivers/video/console/dummycon.o
  CC      drivers/video/console/vgacon.o
  CC      lib/crypto/utils.o
  CC      lib/math/reciprocal_div.o
  CC      lib/math/prime_numbers.o
  CC      lib/crypto/aes.o
  AS      lib/crypto/x86/aes-aesni.o
  CC      lib/math/rational.o
  CC      lib/crypto/blake2s.o
  AR      drivers/video/console/built-in.a
  CC      drivers/video/backlight/backlight.o
  CC      drivers/video/backlight/ktd253-backlight.o
  AR      lib/math/built-in.a
  CC      lib/vdso/datastore.o
  CC      lib/crypto/chacha-block-generic.o
  CC      lib/crypto/sha256.o
  CC      lib/crypto/sha3.o
  AR      drivers/video/backlight/built-in.a
  AR      drivers/video/built-in.a
  CC      drivers/clk/clk-devres.o
  AR      lib/vdso/built-in.a
  CC      drivers/clk/clk-bulk.o
  CC      lib/crypto/gf128hash.o
  CC      lib/crypto/sha512.o
  CC      drivers/clk/clkdev.o
  CC      drivers/clk/clk.o
  AR      drivers/virtio/built-in.a
  CC      drivers/tty/tty_io.o
  CC      drivers/clk/clk-divider.o
  AR      lib/crypto/built-in.a
  CC      lib/iomap.o
  CC      drivers/clk/clk-fixed-factor.o
  CC      lib/iomap_copy.o
  CC      lib/devres.o
  CC      drivers/clk/clk-fixed-rate.o
  CC      drivers/clk/clk-gate.o
  CC      lib/locking-selftest.o
  CC      drivers/tty/n_tty.o
  CC      drivers/clk/clk-multiplier.o
  CC      drivers/clk/clk-mux.o
  CC      drivers/clk/clk-composite.o
  CC      drivers/clk/clk-fractional-divider.o
  CC      drivers/tty/tty_ioctl.o
  CC      drivers/clk/clk-gpio.o
  CC      lib/assoc_array.o
  CC      drivers/char/mem.o
  CC      drivers/tty/tty_ldisc.o
  AR      drivers/clk/built-in.a
  CC      drivers/char/random.o
  CC      lib/bitrev.o
  CC      drivers/tty/tty_buffer.o
  CC      lib/xxhash.o
  CC      drivers/char/misc.o
  CC      drivers/tty/tty_port.o
  CC      lib/zlib_inflate/inffast.o
  CC      drivers/char/nsc_gpio.o
  CC      lib/zlib_inflate/inflate.o
  CC      drivers/char/tlclk.o
  CC      lib/zlib_inflate/infutil.o
  CC      drivers/tty/tty_mutex.o
  CC      drivers/tty/tty_ldsem.o
  AR      drivers/char/built-in.a
  CC      lib/zlib_inflate/inftrees.o
  CC      lib/zlib_inflate/inflate_syms.o
  CC      drivers/tty/tty_baudrate.o
  CC      drivers/tty/tty_jobctrl.o
  AR      lib/zlib_inflate/built-in.a
  CC      lib/lzo/lzo1x_decompress_safe.o
  CC      drivers/base/component.o
  CC      drivers/tty/n_null.o
  CC      lib/lzo/lzo1x_compress.o
  CC      drivers/tty/pty.o
  CC      lib/lzo/lzo1x_compress_safe.o
  CC      drivers/base/core.o
  CC      drivers/tty/vt/vt_ioctl.o
  AR      lib/lzo/built-in.a
  CC      drivers/tty/vt/vc_screen.o
  CC      lib/lz4/lz4_decompress.o
  CC      drivers/tty/vt/selection.o
  AR      lib/lz4/built-in.a
  CC      lib/zstd/zstd_decompress_module.o
  CC      lib/zstd/decompress/huf_decompress.o
  CC      drivers/tty/vt/keyboard.o
  CC      drivers/tty/vt/vt.o
  CC      drivers/base/bus.o
  CC      lib/zstd/decompress/zstd_ddict.o
  CC      drivers/base/dd.o
  CC      lib/zstd/decompress/zstd_decompress.o
  CC      drivers/base/syscore.o
  CC      lib/zstd/decompress/zstd_decompress_block.o
  CC      drivers/base/driver.o
  CC      drivers/tty/vt/defkeymap.o
  CC      drivers/tty/vt/consolemap.o
  AR      drivers/misc/built-in.a
  HOSTCC  drivers/tty/vt/conmakehash
  CC      drivers/base/class.o
  CC      drivers/tty/vt/ucs.o
  CC      lib/zstd/zstd_common_module.o
  CONMK   drivers/tty/vt/consolemap_deftbl.c
  CC      drivers/tty/vt/consolemap_deftbl.o
  CC      lib/zstd/common/debug.o
  AR      drivers/tty/vt/built-in.a
  CC      lib/zstd/common/entropy_common.o
  CC      drivers/tty/serial/serial_core.o
  CC      drivers/base/platform.o
  CC      drivers/tty/serial/serial_base_bus.o
  CC      lib/zstd/common/error_private.o
  CC      lib/zstd/common/fse_decompress.o
  CC      drivers/tty/serial/serial_ctrl.o
  CC      drivers/base/cpu.o
  CC      lib/zstd/common/zstd_common.o
  AR      lib/zstd/built-in.a
  CC      lib/xz/xz_dec_syms.o
  CC      drivers/base/firmware.o
  CC      lib/syscall.o
  CC      lib/xz/xz_dec_stream.o
  CC      drivers/tty/serial/serial_port.o
  CC      drivers/base/init.o
  CC      lib/xz/xz_dec_lzma2.o
  CC      drivers/tty/serial/earlycon.o
  CC      drivers/base/map.o
  CC      drivers/base/devres.o
  CC      drivers/base/attribute_container.o
  CC      lib/xz/xz_dec_bcj.o
  CC      drivers/tty/serial/8250/8250_core.o
  CC      lib/xz/xz_dec_test.o
  CC      drivers/base/transport_class.o
  CC      drivers/base/topology.o
  CC      drivers/tty/serial/8250/8250_platform.o
  CC      drivers/base/container.o
  AR      lib/xz/built-in.a
  CC      lib/glob.o
  CC      lib/strncpy_from_user.o
  CC      drivers/base/property.o
  CC      drivers/base/cacheinfo.o
  CC      drivers/tty/serial/8250/8250_port.o
  CC      lib/strnlen_user.o
  CC      drivers/base/swnode.o
  CC      lib/sg_pool.o
  CC      lib/bootconfig.o
  CC      drivers/base/faux.o
  CC      drivers/tty/serial/8250/8250_early.o
  CC      lib/sbitmap.o
  CC      drivers/base/power/clock_ops.o
  CC      lib/group_cpus.o
  AR      drivers/tty/serial/8250/built-in.a
  CC      drivers/tty/serial/fsl_lpuart.o
  AR      drivers/base/power/built-in.a
  CC      drivers/base/firmware_loader/builtin/main.o
  CC      drivers/tty/serial/serial_mctrl_gpio.o
  CC      lib/check_signature.o
  AR      lib/lib.a
  AR      lib/built-in.a
  AR      drivers/base/firmware_loader/builtin/built-in.a
  CC      drivers/mfd/sm501.o
  AR      drivers/base/firmware_loader/built-in.a
  AR      drivers/base/built-in.a
  CC      drivers/mfd/mfd-core.o
  CC      drivers/mfd/mt6397-core.o
  AR      drivers/tty/serial/built-in.a
  AR      drivers/tty/built-in.a
  CC      drivers/mfd/mt6397-irq.o
  CC      drivers/scsi/scsi_common.o
  CC      drivers/scsi/scsi.o
  CC      drivers/mfd/mt6358-irq.o
  CC      drivers/nvme/host/core.o
  CC      drivers/nvme/host/ioctl.o
  AR      drivers/mfd/built-in.a
  CC      drivers/ata/libata-core.o
  CC      drivers/scsi/hosts.o
  CC      drivers/ata/libata-scsi.o
  CC      drivers/scsi/scsi_ioctl.o
  CC      drivers/scsi/scsicam.o
  CC      drivers/ata/libata-eh.o
  CC      drivers/nvme/host/sysfs.o
  CC      drivers/scsi/scsi_error.o
  CC      drivers/ata/libata-transport.o
  CC      drivers/nvme/host/pr.o
  CC      drivers/scsi/scsi_lib.o
  CC      drivers/ata/libata-trace.o
  CC      drivers/scsi/scsi_lib_dma.o
  CC      drivers/nvme/host/fabrics.o
  CC      drivers/ata/libata-sff.o
  CC      drivers/scsi/scsi_scan.o
  CC      drivers/nvme/host/fc.o
  GEN     drivers/scsi/scsi_devinfo_tbl.c
  CC      drivers/scsi/scsi_devinfo.o
  AR      drivers/ata/built-in.a
  CC      drivers/spmi/spmi.o
  CC      drivers/scsi/scsi_trace.o
  CC      drivers/scsi/scsi_logging.o
  CC      drivers/spmi/spmi-devres.o
  CC      drivers/scsi/scsi_bsg.o
  AR      drivers/spmi/built-in.a
  CC      drivers/input/serio/serio.o
  CC      drivers/input/input.o
  AR      drivers/nvme/host/built-in.a
  AR      drivers/nvme/built-in.a
  CC      drivers/rtc/lib.o
  CC      drivers/scsi/st.o
  CC      drivers/input/serio/i8042.o
  CC      drivers/rtc/rtc-mc146818-lib.o
  CC      drivers/input/input-compat.o
  AR      drivers/rtc/built-in.a
  CC      drivers/scsi/ch.o
  CC      drivers/input/serio/serport.o
  CC      drivers/input/input-mt.o
  CC      drivers/input/serio/libps2.o
  CC      drivers/scsi/scsi_sysfs.o
  CC      drivers/input/input-poller.o
  CC      drivers/input/ff-core.o
  AR      drivers/input/serio/built-in.a
  CC      drivers/input/touchscreen.o
  CC      drivers/input/touch-overlay.o
  AR      drivers/scsi/built-in.a
  CC      drivers/edac/edac_mc.o
  CC      drivers/input/sparse-keymap.o
  CC      drivers/input/matrix-keymap.o
  GEN     drivers/eisa/devlist.h
  CC      drivers/eisa/virtual_root.o
  CC      drivers/input/vivaldi-fmap.o
  CC      drivers/edac/edac_device.o
  CC      drivers/eisa/eisa-bus.o
  CC      drivers/edac/edac_mc_sysfs.o
  CC      drivers/input/joydev.o
  AR      drivers/eisa/built-in.a
  CC      drivers/edac/edac_module.o
  CC      drivers/edac/edac_device_sysfs.o
  CC      drivers/edac/wq.o
  CC      drivers/input/keyboard/atkbd.o
  CC      drivers/input/keyboard/mtk-pmic-keys.o
  CC      drivers/edac/scrub.o
  CC      drivers/input/keyboard/samsung-keypad.o
  CC      drivers/input/mouse/psmouse-base.o
  CC      drivers/input/mouse/synaptics.o
  AR      drivers/input/keyboard/built-in.a
  AR      drivers/edac/built-in.a
  CC      drivers/input/mouse/focaltech.o
  CC      drivers/firmware/edd.o
  CC      drivers/input/mouse/alps.o
  CC      drivers/input/mouse/byd.o
  CC      drivers/input/mouse/logips2pp.o
  AR      drivers/firmware/built-in.a
  CC      drivers/clocksource/i8253.o
  CC      drivers/input/mouse/trackpoint.o
  CC      drivers/input/mouse/cypress_ps2.o
  CC      drivers/hid/hid-core.o
  AR      drivers/clocksource/built-in.a
  CC      drivers/hid/hid-input.o
  CC      drivers/hid/hid-quirks.o
  AR      drivers/input/mouse/built-in.a
  CC      drivers/input/misc/adxl34x.o
  CC      drivers/input/misc/uinput.o
  CC      drivers/input/misc/wistron_btns.o
  CC      drivers/hid/hid-generic.o
  CC      drivers/input/input-leds.o
  AR      drivers/input/misc/built-in.a
  AR      drivers/platform/built-in.a
  CC      drivers/extcon/extcon.o
  CC      drivers/ipack/ipack.o
  AR      drivers/hid/built-in.a
  AR      drivers/ras/amd/atl/built-in.a
  AR      drivers/input/built-in.a
  CC      drivers/ras/ras.o
  CC      drivers/nvmem/core.o
  AR      drivers/ipack/built-in.a
  CC      drivers/mux/core.o
  CC      drivers/extcon/devres.o
  AR      drivers/ras/built-in.a
  AR      drivers/nvmem/layouts/built-in.a
  AR      drivers/extcon/built-in.a
  AR      drivers/nvmem/built-in.a
  AR      drivers/mux/built-in.a
  AR      drivers/built-in.a
  AR      built-in.a
  AR      built-in-fixup.a
  COPY    vmlinux.a
  LD      vmlinux.o
  MODPOST vmlinux.symvers
  CC      .vmlinux.export.o
  UPD     include/generated/utsversion.h
  CC      init/version-timestamp.o
  KSYMS   .tmp_vmlinux0.kallsyms.S
  AS      .tmp_vmlinux0.kallsyms.o
  LD      .tmp_vmlinux1
  NM      .tmp_vmlinux1.syms
  KSYMS   .tmp_vmlinux1.kallsyms.S
  AS      .tmp_vmlinux1.kallsyms.o
  LD      .tmp_vmlinux2
  NM      .tmp_vmlinux2.syms
  KSYMS   .tmp_vmlinux2.kallsyms.S
  AS      .tmp_vmlinux2.kallsyms.o
  LD      vmlinux.unstripped
  NM      System.map
  SORTTAB vmlinux.unstripped
  OBJCOPY vmlinux
  GEN     modules.builtin.modinfo
  GEN     modules.builtin
  CC      arch/x86/boot/a20.o
  AS      arch/x86/boot/bioscall.o
  CC      arch/x86/boot/cmdline.o
  AS      arch/x86/boot/copy.o
  HOSTCC  arch/x86/boot/mkcpustr
  CC      arch/x86/boot/cpuflags.o
  CC      arch/x86/boot/cpucheck.o
  CC      arch/x86/boot/early_serial_console.o
  CC      arch/x86/boot/edd.o
  CC      arch/x86/boot/main.o
  CC      arch/x86/boot/memory.o
  CC      arch/x86/boot/pm.o
  LDS     arch/x86/boot/compressed/vmlinux.lds
  AS      arch/x86/boot/compressed/kernel_info.o
  AS      arch/x86/boot/pmjump.o
  AS      arch/x86/boot/compressed/head_32.o
  CC      arch/x86/boot/printf.o
  CC      arch/x86/boot/regs.o
  CC      arch/x86/boot/string.o
  VOFFSET arch/x86/boot/compressed/../voffset.h
  CC      arch/x86/boot/tty.o
  CC      arch/x86/boot/video.o
  CC      arch/x86/boot/compressed/string.o
  CC      arch/x86/boot/compressed/cmdline.o
  CC      arch/x86/boot/compressed/error.o
  OBJCOPY arch/x86/boot/compressed/vmlinux.bin
  HOSTCC  arch/x86/boot/compressed/mkpiggy
  CC      arch/x86/boot/compressed/cpuflags.o
  CC      arch/x86/boot/video-mode.o
  CC      arch/x86/boot/compressed/misc.o
  CC      arch/x86/boot/version.o
  CC      arch/x86/boot/video-vga.o
  GZIP    arch/x86/boot/compressed/vmlinux.bin.gz
  CC      arch/x86/boot/video-vesa.o
  CC      arch/x86/boot/video-bios.o
  CPUSTR  arch/x86/boot/cpustr.h
  CC      arch/x86/boot/cpu.o
  MKPIGGY arch/x86/boot/compressed/piggy.S
  AS      arch/x86/boot/compressed/piggy.o
  LD      arch/x86/boot/compressed/vmlinux
  ZOFFSET arch/x86/boot/zoffset.h
  OBJCOPY arch/x86/boot/vmlinux.bin
  AS      arch/x86/boot/header.o
  LD      arch/x86/boot/setup.elf
  OBJCOPY arch/x86/boot/setup.bin
  BUILD   arch/x86/boot/bzImage
Kernel: arch/x86/boot/bzImage is ready  (#11)
make[5]: Leaving directory '/mnt/git-volume/kernel-test-stable/build/rand500config-i386'
make[4]: Leaving directory '/mnt/git-volume/linux-stable'
