make[2]: Entering directory '/mnt/git-volume/linux-stable'
make[3]: Entering directory '/mnt/git-volume/kernel-test-stable/build/rand500config-x86_64'
  HOSTCC  scripts/basic/fixdep
  HOSTCC  scripts/kconfig/conf.o
  HOSTCC  scripts/kconfig/confdata.o
  HOSTCC  scripts/kconfig/expr.o
  HOSTCC  scripts/kconfig/lexer.lex.o
  HOSTCC  scripts/kconfig/menu.o
  HOSTCC  scripts/kconfig/parser.tab.o
  HOSTCC  scripts/kconfig/preprocess.o
  HOSTCC  scripts/kconfig/symbol.o
  HOSTCC  scripts/kconfig/util.o
  HOSTLD  scripts/kconfig/conf
#
# configuration written to .config
#
Using .config as base
Merging /mnt/git-volume/linux-stable/kernel/configs/tiny.config
Value of CONFIG_KERNEL_XZ is redefined by fragment /mnt/git-volume/linux-stable/kernel/configs/tiny.config:
Previous value: # CONFIG_KERNEL_XZ is not set
New value: CONFIG_KERNEL_XZ=y

Value of CONFIG_CC_OPTIMIZE_FOR_SIZE is redefined by fragment /mnt/git-volume/linux-stable/kernel/configs/tiny.config:
Previous value: # CONFIG_CC_OPTIMIZE_FOR_SIZE is not set
New value: CONFIG_CC_OPTIMIZE_FOR_SIZE=y

Value of CONFIG_SLUB_TINY is redefined by fragment /mnt/git-volume/linux-stable/kernel/configs/tiny.config:
Previous value: # CONFIG_SLUB_TINY is not set
New value: CONFIG_SLUB_TINY=y

Merging /mnt/git-volume/linux-stable/arch/x86/configs/tiny.config
Value of CONFIG_UNWINDER_GUESS is redefined by fragment /mnt/git-volume/linux-stable/arch/x86/configs/tiny.config:
Previous value: # CONFIG_UNWINDER_GUESS is not set
New value: CONFIG_UNWINDER_GUESS=y

#
# merged configuration written to .config (needs make)
#
#
# configuration written to .config
#
make[3]: Leaving directory '/mnt/git-volume/kernel-test-stable/build/rand500config-x86_64'
make[2]: Leaving directory '/mnt/git-volume/linux-stable'
make[2]: Entering directory '/mnt/git-volume/linux-stable'
make[3]: Entering directory '/tmp/tmp.8zomBdhAhc'
  UPD     /tmp/tmp.8zomBdhAhc/Makefile
  HOSTCC  scripts/basic/fixdep
  HOSTCC  scripts/kconfig/conf.o
  HOSTCC  scripts/kconfig/confdata.o
  HOSTCC  scripts/kconfig/expr.o
  LEX     scripts/kconfig/lexer.lex.c
  YACC    scripts/kconfig/parser.tab.[ch]
  HOSTCC  scripts/kconfig/lexer.lex.o
  HOSTCC  scripts/kconfig/menu.o
  HOSTCC  scripts/kconfig/parser.tab.o
  HOSTCC  scripts/kconfig/preprocess.o
  HOSTCC  scripts/kconfig/symbol.o
  HOSTCC  scripts/kconfig/util.o
  HOSTLD  scripts/kconfig/conf
KCONFIG_SEED=0xF662C21D
#
# configuration written to .config
#
make[3]: Leaving directory '/tmp/tmp.8zomBdhAhc'
make[2]: Leaving directory '/mnt/git-volume/linux-stable'
make[2]: Entering directory '/mnt/git-volume/linux-stable'
make[3]: Entering directory '/tmp/tmp.8zomBdhAhc'
.config:5851:warning: override: reassigning to symbol PRINTK
.config:5855:warning: override: reassigning to symbol TTY
.config:5858:warning: override: reassigning to symbol BLK_DEV_INITRD
.config:5862:warning: override: reassigning to symbol BINFMT_ELF
.config:5863:warning: override: reassigning to symbol BINFMT_SCRIPT
.config:5866:warning: override: reassigning to symbol TMPFS
.config:5869:warning: override: reassigning to symbol KERNEL_GZIP
.config:5875:warning: override: reassigning to symbol KERNEL_BZIP2
.config:5876:warning: override: reassigning to symbol KERNEL_LZMA
.config:5877:warning: override: reassigning to symbol KERNEL_XZ
.config:5878:warning: override: reassigning to symbol KERNEL_LZO
.config:5879:warning: override: reassigning to symbol KERNEL_LZ4
.config:5880:warning: override: reassigning to symbol KERNEL_ZSTD
.config:5883:warning: override: reassigning to symbol MODULES
.config:5886:warning: override: reassigning to symbol DRM
.config:5887:warning: override: reassigning to symbol SOUND
.config:5888:warning: override: reassigning to symbol STAGING
.config:5890:warning: override: reassigning to symbol MEDIA_SUPPORT
.config:5896:warning: override: reassigning to symbol KCOV
.config:5897:warning: override: reassigning to symbol KASAN
.config:5899:warning: override: reassigning to symbol KCSAN
.config:5900:warning: override: reassigning to symbol KFENCE
.config:5901:warning: override: reassigning to symbol UBSAN
.config:5908:warning: override: reassigning to symbol RCU_TORTURE_TEST
.config:5909:warning: override: reassigning to symbol RCU_SCALE_TEST
.config:5910:warning: override: reassigning to symbol LOCK_TORTURE_TEST
.config:5917:warning: override: reassigning to symbol KUNIT
#
# configuration written to .config
#
make[3]: Leaving directory '/tmp/tmp.8zomBdhAhc'
make[2]: Leaving directory '/mnt/git-volume/linux-stable'
make[2]: Entering directory '/mnt/git-volume/linux-stable'
make[3]: Entering directory '/mnt/git-volume/kernel-test-stable/build/rand500config-x86_64'
.config:1441:warning: override: reassigning to symbol GENERIC_EARLY_IOREMAP
.config:1442:warning: override: reassigning to symbol HAVE_DYNAMIC_FTRACE_WITH_JMP
.config:1443:warning: override: reassigning to symbol CRYPTO_LIB_SHA256_ARCH
.config:1445:warning: override: reassigning to symbol DEBUG_KERNEL
.config:1454:warning: override: reassigning to symbol HAVE_ARCH_PREL32_RELOCATIONS
.config:1455:warning: override: reassigning to symbol DEBUG_MEMORY_INIT
.config:1457:warning: override: reassigning to symbol DEBUG_NMI_SELFTEST
.config:1461:warning: override: reassigning to symbol I3C
.config:1467:warning: override: reassigning to symbol CC_HAS_AUTO_VAR_INIT_PATTERN
.config:1469:warning: override: reassigning to symbol DEBUG_ATOMIC_SLEEP
.config:1472:warning: override: reassigning to symbol ARCH_HAS_KCOV
.config:1479:warning: override: reassigning to symbol THREAD_INFO_IN_TASK
.config:1484:warning: override: reassigning to symbol HAS_IOPORT_MAP
.config:1485:warning: override: reassigning to symbol HAVE_OBJTOOL_NOP_MCOUNT
.config:1487:warning: override: reassigning to symbol RPMSG_VIRTIO
.config:1489:warning: override: reassigning to symbol ARCH_HAS_STRICT_MODULE_RWX
.config:1493:warning: override: reassigning to symbol ARCH_HAS_CPU_RELAX
.config:1497:warning: override: reassigning to symbol GENERIC_ENTRY
.config:1498:warning: override: reassigning to symbol HAVE_SETUP_PER_CPU_AREA
.config:1508:warning: override: reassigning to symbol MAGIC_SYSRQ
.config:1510:warning: override: reassigning to symbol ARCH_STACKWALK
.config:1511:warning: override: reassigning to symbol X86_DISABLED_FEATURE_RETPOLINE
.config:1512:warning: override: reassigning to symbol ARCH_SUPPORTS_CRASH_HOTPLUG
.config:1513:warning: override: reassigning to symbol HAVE_ARCH_KFENCE
.config:1514:warning: override: reassigning to symbol PROC_FS
.config:1528:warning: override: reassigning to symbol GENERIC_CLOCKEVENTS_COUPLED
.config:1535:warning: override: reassigning to symbol QUOTA
.config:1550:warning: override: reassigning to symbol X86_REQUIRED_FEATURE_ALWAYS
.config:1562:warning: override: reassigning to symbol DEBUG_RWSEMS
.config:1568:warning: override: reassigning to symbol ARCH_HAS_DEBUG_VIRTUAL
.config:1570:warning: override: reassigning to symbol USE_X86_SEG_SUPPORT
.config:1572:warning: override: reassigning to symbol GPIOLIB
.config:1578:warning: override: reassigning to symbol HAVE_FUNCTION_ARG_ACCESS_API
.config:1585:warning: override: reassigning to symbol IRQ_FORCED_THREADING
.config:1593:warning: override: reassigning to symbol SHMEM
.config:1596:warning: override: reassigning to symbol LCD_CLASS_DEVICE
.config:1597:warning: override: reassigning to symbol MFD_MT6397
.config:1605:warning: override: reassigning to symbol HAVE_KCSAN_COMPILER
.config:1608:warning: override: reassigning to symbol MULTIUSER
.config:1618:warning: override: reassigning to symbol GENERIC_CLOCKEVENTS_BROADCAST
.config:1625:warning: override: reassigning to symbol X86
.config:1631:warning: override: reassigning to symbol IRQ_DOMAIN_HIERARCHY
.config:1634:warning: override: reassigning to symbol HAVE_DEBUG_KMEMLEAK
.config:1637:warning: override: reassigning to symbol X86_DISABLED_FEATURE_RETHUNK
.config:1642:warning: override: reassigning to symbol CC_NO_ARRAY_BOUNDS
.config:1643:warning: override: reassigning to symbol DEBUG_PREEMPT
.config:1646:warning: override: reassigning to symbol ARCH_DMA_ADDR_T_64BIT
.config:1647:warning: override: reassigning to symbol GENERIC_IOMAP
.config:1648:warning: override: reassigning to symbol GENERIC_VDSO_OVERFLOW_PROTECT
.config:1651:warning: override: reassigning to symbol HAVE_VIRT_CPU_ACCOUNTING_GEN
.config:1659:warning: override: reassigning to symbol X86_64
.config:1668:warning: override: reassigning to symbol STACKTRACE
.config:1671:warning: override: reassigning to symbol EEPROM_93CX6
.config:1676:warning: override: reassigning to symbol HAVE_ARCH_RANDOMIZE_KSTACK_OFFSET
.config:1677:warning: override: reassigning to symbol LRU_GEN
.config:1684:warning: override: reassigning to symbol ARCH_HAS_MEM_ENCRYPT
.config:1685:warning: override: reassigning to symbol SGETMASK_SYSCALL
.config:1686:warning: override: reassigning to symbol HAVE_STATIC_CALL_INLINE
.config:1687:warning: override: reassigning to symbol X86_DISABLED_FEATURE_RETPOLINE_LFENCE
.config:1688:warning: override: reassigning to symbol COMPACTION
.config:1690:warning: override: reassigning to symbol HAVE_KERNEL_GZIP
.config:1692:warning: override: reassigning to symbol X86_INTEL_TSX_MODE_AUTO
.config:1694:warning: override: reassigning to symbol PCI
.config:1704:warning: override: reassigning to symbol X86_DISABLED_FEATURE_LAM
.config:1706:warning: override: reassigning to symbol MELLANOX_PLATFORM
.config:1708:warning: override: reassigning to symbol MEMBARRIER
.config:1709:warning: override: reassigning to symbol ARCH_HAS_NON_OVERLAPPING_ADDRESS_SPACE
.config:1710:warning: override: reassigning to symbol X86_MCE
.config:1716:warning: override: reassigning to symbol HAVE_DMA_CONTIGUOUS
.config:1720:warning: override: reassigning to symbol VIRT_DRIVERS
.config:1726:warning: override: reassigning to symbol X86_REQUIRED_FEATURE_PAE
.config:1728:warning: override: reassigning to symbol NLS
.config:1736:warning: override: reassigning to symbol COMEDI
.config:1737:warning: override: reassigning to symbol PARPORT
.config:1751:warning: override: reassigning to symbol CORDIC
.config:1765:warning: override: reassigning to symbol RSEQ
.config:1770:warning: override: reassigning to symbol INSTRUCTION_DECODER
.config:1776:warning: override: reassigning to symbol ARCH_SUPPORTS_PAGE_TABLE_CHECK
.config:1793:warning: override: reassigning to symbol ZONE_DMA
.config:1794:warning: override: reassigning to symbol ARCH_HAS_CURRENT_STACK_POINTER
.config:1798:warning: override: reassigning to symbol HAVE_MIXED_BREAKPOINTS_REGS
.config:1801:warning: override: reassigning to symbol SOFTLOCKUP_DETECTOR
.config:1806:warning: override: reassigning to symbol X86_LOCAL_APIC
.config:1807:warning: override: reassigning to symbol RESET_CONTROLLER
.config:1811:warning: override: reassigning to symbol ARCH_SUPPORTS_UPROBES
.config:1823:warning: override: reassigning to symbol HAVE_NMI
.config:1831:warning: override: reassigning to symbol IPMI_HANDLER
.config:1848:warning: override: reassigning to symbol TCG_TPM
.config:1856:warning: override: reassigning to symbol CC_HAS_KASAN_GENERIC
.config:1859:warning: override: reassigning to symbol ARCH_HAS_PARANOID_L1D_FLUSH
.config:1861:warning: override: reassigning to symbol DEBUG_PAGEALLOC
.config:1864:warning: override: reassigning to symbol FIRMWARE_EDID
.config:1865:warning: override: reassigning to symbol NEED_SG_DMA_LENGTH
.config:1867:warning: override: reassigning to symbol TRANSPARENT_HUGEPAGE
.config:1872:warning: override: reassigning to symbol READABLE_ASM
.config:1874:warning: override: reassigning to symbol X86_VSYSCALL_EMULATION
.config:1879:warning: override: reassigning to symbol GENERIC_SYSCALL
.config:1880:warning: override: reassigning to symbol PM
.config:1881:warning: override: reassigning to symbol MFD_TQMX86
.config:1882:warning: override: reassigning to symbol JUMP_LABEL
.config:1884:warning: override: reassigning to symbol CGROUPS
.config:1893:warning: override: reassigning to symbol ARCH_SUPPORTS_KMAP_LOCAL_FORCE_MAP
.config:1895:warning: override: reassigning to symbol DYNAMIC_SIGFRAME
.config:1899:warning: override: reassigning to symbol GENERIC_STRNCPY_FROM_USER
.config:1900:warning: override: reassigning to symbol ARCH_WANT_GENERAL_HUGETLB
.config:1907:warning: override: reassigning to symbol INTERCONNECT
.config:1911:warning: override: reassigning to symbol LOCK_MM_AND_FIND_VMA
.config:1913:warning: override: reassigning to symbol SIGNALFD
.config:1917:warning: override: reassigning to symbol RANDSTRUCT_NONE
.config:1919:warning: override: reassigning to symbol DEBUG_LOCK_ALLOC
.config:1920:warning: override: reassigning to symbol MFD_SM501
.config:1949:warning: override: reassigning to symbol PRINTK
.config:1953:warning: override: reassigning to symbol TTY
.config:1956:warning: override: reassigning to symbol BLK_DEV_INITRD
.config:1960:warning: override: reassigning to symbol BINFMT_ELF
.config:1961:warning: override: reassigning to symbol BINFMT_SCRIPT
.config:1967:warning: override: reassigning to symbol KERNEL_GZIP
#
# configuration written to .config
#
make[3]: Leaving directory '/mnt/git-volume/kernel-test-stable/build/rand500config-x86_64'
make[2]: Leaving directory '/mnt/git-volume/linux-stable'
make[2]: Entering directory '/mnt/git-volume/linux-stable'
make[3]: Entering directory '/mnt/git-volume/kernel-test-stable/build/rand500config-x86_64'
  SYNC    include/config/auto.conf.cmd
  UPD     include/generated/compile.h
  HOSTCC  scripts/kallsyms
  HOSTCC  arch/x86/tools/relocs_32.o
  DESCEND objtool
  HOSTCC  scripts/sorttable.o
  HOSTCC  arch/x86/tools/relocs_64.o
  HOSTCC  scripts/elf-parse.o
  HOSTLD  scripts/sorttable
  HOSTCC  arch/x86/tools/relocs_common.o
  HOSTCC  arch/x86/tools/vdso2c
  INSTALL libsubcmd_headers
  CC      /mnt/git-volume/kernel-test-stable/build/rand500config-x86_64/tools/objtool/libsubcmd/exec-cmd.o
  HOSTLD  arch/x86/tools/relocs
  CC      /mnt/git-volume/kernel-test-stable/build/rand500config-x86_64/tools/objtool/libsubcmd/help.o
  CC      /mnt/git-volume/kernel-test-stable/build/rand500config-x86_64/tools/objtool/libsubcmd/pager.o
  CC      /mnt/git-volume/kernel-test-stable/build/rand500config-x86_64/tools/objtool/libsubcmd/parse-options.o
  CC      /mnt/git-volume/kernel-test-stable/build/rand500config-x86_64/tools/objtool/libsubcmd/run-command.o
  CC      /mnt/git-volume/kernel-test-stable/build/rand500config-x86_64/tools/objtool/libsubcmd/sigchain.o
  CC      /mnt/git-volume/kernel-test-stable/build/rand500config-x86_64/tools/objtool/libsubcmd/subcmd-config.o
  CC      scripts/mod/empty.o
  HOSTCC  scripts/mod/mk_elfconfig
  CC      scripts/mod/devicetable-offsets.s
  LD      /mnt/git-volume/kernel-test-stable/build/rand500config-x86_64/tools/objtool/libsubcmd/libsubcmd-in.o
  AR      /mnt/git-volume/kernel-test-stable/build/rand500config-x86_64/tools/objtool/libsubcmd/libsubcmd.a
  MKELF   scripts/mod/elfconfig.h
  HOSTCC  scripts/mod/modpost.o
  HOSTCC  scripts/mod/sumversion.o
  HOSTCC  scripts/mod/symsearch.o
  CC      /mnt/git-volume/kernel-test-stable/build/rand500config-x86_64/tools/objtool/arch/x86/decode.o
  CC      /mnt/git-volume/kernel-test-stable/build/rand500config-x86_64/tools/objtool/weak.o
  HOSTCC  scripts/mod/file2alias.o
  CC      /mnt/git-volume/kernel-test-stable/build/rand500config-x86_64/tools/objtool/check.o
  CC      /mnt/git-volume/kernel-test-stable/build/rand500config-x86_64/tools/objtool/special.o
  CC      /mnt/git-volume/kernel-test-stable/build/rand500config-x86_64/tools/objtool/arch/x86/special.o
  CC      /mnt/git-volume/kernel-test-stable/build/rand500config-x86_64/tools/objtool/builtin-check.o
  CC      /mnt/git-volume/kernel-test-stable/build/rand500config-x86_64/tools/objtool/arch/x86/orc.o
  CC      /mnt/git-volume/kernel-test-stable/build/rand500config-x86_64/tools/objtool/elf.o
  HOSTLD  scripts/mod/modpost
  LD      /mnt/git-volume/kernel-test-stable/build/rand500config-x86_64/tools/objtool/arch/x86/objtool-in.o
  CC      /mnt/git-volume/kernel-test-stable/build/rand500config-x86_64/tools/objtool/objtool.o
  CC      kernel/bounds.s
  UPD     include/generated/bounds.h
  CC      arch/x86/kernel/asm-offsets.s
  CC      /mnt/git-volume/kernel-test-stable/build/rand500config-x86_64/tools/objtool/orc_gen.o
  CC      /mnt/git-volume/kernel-test-stable/build/rand500config-x86_64/tools/objtool/orc_dump.o
  CC      /mnt/git-volume/kernel-test-stable/build/rand500config-x86_64/tools/objtool/libstring.o
  CC      /mnt/git-volume/kernel-test-stable/build/rand500config-x86_64/tools/objtool/libctype.o
  CC      /mnt/git-volume/kernel-test-stable/build/rand500config-x86_64/tools/objtool/str_error_r.o
  CC      /mnt/git-volume/kernel-test-stable/build/rand500config-x86_64/tools/objtool/librbtree.o
  CC      /mnt/git-volume/kernel-test-stable/build/rand500config-x86_64/tools/objtool/signal.o
  UPD     include/generated/asm-offsets.h
  CC      kernel/sched/rq-offsets.s
  LD      /mnt/git-volume/kernel-test-stable/build/rand500config-x86_64/tools/objtool/objtool-in.o
  LINK    /mnt/git-volume/kernel-test-stable/build/rand500config-x86_64/tools/objtool/objtool
  UPD     include/generated/rq-offsets.h
  CALL    /mnt/git-volume/linux-stable/scripts/checksyscalls.sh 
  HOSTCC  usr/gen_init_cpio
  AS      arch/x86/boot/startup/la57toggle.o
  CC      init/main.o
  CC      arch/x86/boot/startup/gdt_idt.o
  GEN     usr/initramfs_data.cpio
  CC      kernel/fork.o
  COPY    usr/initramfs_inc_data
  AS      usr/initramfs_data.o
  AR      usr/built-in.a
  CC      arch/x86/boot/startup/map_kernel.o
  AR      arch/x86/boot/startup/lib.a
  OBJCOPY arch/x86/boot/startup/gdt_idt.pi.o
  OBJCOPY arch/x86/boot/startup/map_kernel.pi.o
  AR      arch/x86/boot/startup/built-in.a
  AS      arch/x86/entry/entry.o
  CC      mm/filemap.o
  AS      arch/x86/entry/entry_64.o
  CC      arch/x86/entry/syscall_64.o
  UPD     init/utsversion-tmp.h
  CC      init/do_mounts.o
  CC      kernel/exec_domain.o
  CC      arch/x86/entry/common.o
  CC      mm/mempool.o
  CC      kernel/panic.o
  CC      arch/x86/entry/vdso/vma.o
  CC      init/do_mounts_initrd.o
  CC      mm/oom_kill.o
  CC      arch/x86/entry/vdso/extable.o
  CC      kernel/cpu.o
  CC      init/initramfs.o
  LDS     arch/x86/entry/vdso/vdso64/vdso64.lds
  CC      mm/fadvise.o
  CC      kernel/exit.o
  AS      arch/x86/entry/vdso/vdso64/note.o
  CC      arch/x86/entry/vdso/vdso64/vclock_gettime.o
  CC      init/calibrate.o
  CC      init/init_task.o
  CC      arch/x86/entry/vdso/vdso64/vgetcpu.o
  CC      arch/x86/entry/vdso/vdso64/vgetrandom.o
  AS      arch/x86/entry/vdso/vdso64/vgetrandom-chacha.o
  CC      mm/maccess.o
  VDSO    arch/x86/entry/vdso/vdso64/vdso64.so.dbg
  OBJCOPY arch/x86/entry/vdso/vdso64/vdso64.so
  VDSO2C  arch/x86/entry/vdso/vdso64/vdso64-image.c
  CC      arch/x86/entry/vdso/vdso64/vdso64-image.o
  AR      arch/x86/entry/vdso/vdso64/built-in.a
  AR      arch/x86/entry/vdso/built-in.a
  CC      arch/x86/entry/vsyscall/vsyscall_64.o
  CC      init/version.o
  CC      kernel/softirq.o
  CC      mm/page-writeback.o
  AR      init/built-in.a
  AS      arch/x86/entry/vsyscall/vsyscall_emu_64.o
  CC      fs/open.o
  CC      kernel/resource.o
  AR      arch/x86/entry/vsyscall/built-in.a
  AS      arch/x86/entry/thunk.o
  AR      arch/x86/entry/built-in.a
  CC      arch/x86/events/core.o
  CC      mm/folio-compat.o
  CC      kernel/sysctl.o
  CC      fs/read_write.o
  CC      mm/readahead.o
  CC      arch/x86/events/probe.o
  CC      arch/x86/events/utils.o
  CC      kernel/capability.o
  CC      fs/file_table.o
  CC      mm/swap.o
  CC      arch/x86/events/amd/core.o
  CC      kernel/ptrace.o
  CC      fs/super.o
  CC      mm/truncate.o
  CC      arch/x86/events/amd/lbr.o
  CC      kernel/user.o
  CC      fs/char_dev.o
  CC      mm/vmscan.o
  CC      kernel/signal.o
  CC      fs/stat.o
  CC      arch/x86/events/amd/ibs.o
  CC      fs/exec.o
  AR      arch/x86/events/amd/built-in.a
  CC      arch/x86/events/msr.o
  CC      kernel/sys.o
  CC      mm/shrinker.o
  CC      arch/x86/events/intel/core.o
  CC      fs/pipe.o
  CC      mm/shmem.o
  CC      kernel/umh.o
  CC      fs/namei.o
  CC      kernel/workqueue.o
  CC      mm/util.o
  CC      arch/x86/events/intel/bts.o
  CC      fs/fcntl.o
  CC      kernel/pid.o
  CC      mm/mmzone.o
  CC      mm/vmstat.o
  CC      arch/x86/events/intel/ds.o
  CC      fs/ioctl.o
  CC      kernel/task_work.o
  CC      mm/backing-dev.o
  CC      kernel/extable.o
  CC      fs/readdir.o
  CC      arch/x86/events/intel/knc.o
  CC      mm/mm_init.o
  CC      kernel/params.o
  CC      arch/x86/events/intel/lbr.o
  CC      fs/select.o
  CC      mm/percpu.o
  CC      kernel/kthread.o
  CC      arch/x86/events/intel/p4.o
  CC      fs/dcache.o
  CC      kernel/sys_ni.o
  CC      mm/slab_common.o
  CC      kernel/nsproxy.o
  CC      arch/x86/events/intel/p6.o
  CC      mm/compaction.o
  CC      arch/x86/events/intel/pt.o
  CC      fs/inode.o
  CC      kernel/nstree.o
  CC      kernel/nscommon.o
  CC      arch/x86/events/intel/uncore.o
  CC      mm/show_mem.o
  CC      fs/attr.o
  CC      kernel/notifier.o
  CC      mm/interval_tree.o
  CC      fs/bad_inode.o
  CC      kernel/ksysfs.o
  CC      arch/x86/events/intel/uncore_nhmex.o
  CC      fs/file.o
  CC      mm/list_lru.o
  CC      kernel/cred.o
  CC      mm/workingset.o
  CC      arch/x86/events/intel/uncore_snb.o
  CC      kernel/reboot.o
  CC      fs/filesystems.o
  CC      mm/debug.o
  CC      arch/x86/events/intel/uncore_snbep.o
  CC      fs/namespace.o
  CC      kernel/async.o
  CC      kernel/range.o
  CC      kernel/smpboot.o
  CC      mm/gup.o
  CC      kernel/ucount.o
  CC      arch/x86/events/intel/uncore_discovery.o
  CC      kernel/regset.o
  CC      kernel/ksyms_common.o
  CC      mm/mmap_lock.o
  CC      fs/seq_file.o
  CC      arch/x86/events/intel/cstate.o
  CC      mm/vma_init.o
  CC      kernel/groups.o
  CC      fs/xattr.o
  AR      arch/x86/events/intel/built-in.a
  CC      arch/x86/events/zhaoxin/core.o
  CC      mm/highmem.o
  CC      kernel/sched/core.o
  AR      arch/x86/events/zhaoxin/built-in.a
  CC      arch/x86/events/rapl.o
  CC      mm/memory.o
  CC      fs/libfs.o
  AR      arch/x86/events/built-in.a
  CC      arch/x86/realmode/init.o
  CC      fs/fs-writeback.o
  CC      kernel/sched/fair.o
  AS      arch/x86/realmode/rm/header.o
  AS      arch/x86/realmode/rm/trampoline_64.o
  AS      arch/x86/realmode/rm/stack.o
  AS      arch/x86/realmode/rm/reboot.o
  PASYMS  arch/x86/realmode/rm/pasyms.h
  LDS     arch/x86/realmode/rm/realmode.lds
  LD      arch/x86/realmode/rm/realmode.elf
  RELOCS  arch/x86/realmode/rm/realmode.relocs
  OBJCOPY arch/x86/realmode/rm/realmode.bin
  AS      arch/x86/realmode/rmpiggy.o
  AR      arch/x86/realmode/built-in.a
  CC      fs/pnode.o
  AS      arch/x86/kernel/head_64.o
  CC      arch/x86/kernel/head64.o
  CC      mm/mincore.o
  CC      fs/splice.o
  CC      arch/x86/kernel/ebda.o
  CC      kernel/sched/build_policy.o
  CC      mm/mlock.o
  CC      arch/x86/kernel/platform-quirks.o
  CC      fs/sync.o
  CC      arch/x86/kernel/process_64.o
  CC      mm/mmap.o
  CC      fs/utimes.o
  CC      arch/x86/kernel/signal.o
  CC      kernel/sched/build_utility.o
  CC      mm/mmu_gather.o
  CC      fs/d_path.o
  CC      arch/x86/kernel/signal_64.o
  CC      mm/mprotect.o
  CC      fs/stack.o
  CC      arch/x86/kernel/traps.o
  CC      fs/fs_struct.o
  AR      kernel/sched/built-in.a
  CC      kernel/locking/mutex.o
  CC      mm/mremap.o
  CC      fs/statfs.o
  CC      arch/x86/kernel/idt.o
  CC      kernel/locking/semaphore.o
  CC      fs/fs_pin.o
  CC      mm/msync.o
  CC      arch/x86/kernel/irq.o
  CC      kernel/locking/rwsem.o
  CC      fs/nsfs.o
  CC      mm/page_vma_mapped.o
  CC      arch/x86/kernel/irq_64.o
  CC      kernel/locking/percpu-rwsem.o
  CC      fs/fs_dirent.o
  CC      kernel/locking/mutex-debug.o
  CC      mm/pagewalk.o
  CC      arch/x86/kernel/dumpstack_64.o
  CC      fs/fs_context.o
  CC      kernel/locking/lockdep.o
  CC      arch/x86/kernel/time.o
  CC      mm/pgtable-generic.o
  CC      fs/fs_parser.o
  CC      arch/x86/kernel/ioport.o
  CC      kernel/locking/rtmutex_api.o
  CC      mm/rmap.o
  CC      fs/fsopen.o
  CC      arch/x86/kernel/dumpstack.o
  CC      kernel/locking/spinlock.o
  CC      arch/x86/kernel/nmi.o
  CC      fs/init.o
  CC      kernel/locking/spinlock_debug.o
  CC      mm/vmalloc.o
  CC      kernel/locking/lockdep_proc.o
  CC      fs/kernel_read_file.o
  CC      arch/x86/kernel/setup.o
  AR      kernel/locking/built-in.a
  CC      kernel/power/qos.o
  CC      fs/mnt_idmapping.o
  CC      kernel/power/main.o
  CC      arch/x86/kernel/x86_init.o
  CC      mm/vma.o
  CC      fs/remap_range.o
  CC      kernel/power/poweroff.o
  CC      arch/x86/kernel/i8259.o
  AR      kernel/power/built-in.a
  CC      kernel/printk/printk.o
  CC      fs/pidfs.o
  CC      arch/x86/kernel/irqinit.o
  CC      mm/vma_exec.o
  CC      fs/file_attr.o
  CC      arch/x86/kernel/irq_work.o
  CC      mm/mseal.o
  CC      kernel/printk/printk_safe.o
  CC      fs/fserror.o
  CC      mm/page_alloc.o
  CC      arch/x86/kernel/probe_roms.o
  CC      kernel/printk/nbcon.o
  CC      fs/nullfs.o
  CC      arch/x86/kernel/sys_x86_64.o
  CC      kernel/printk/printk_ringbuffer.o
  CC      fs/anon_inodes.o
  CC      kernel/printk/sysctl.o
  CC      fs/signalfd.o
  CC      mm/page_frag_cache.o
  CC      arch/x86/kernel/bootflag.o
  AR      kernel/printk/built-in.a
  CC      kernel/irq/irqdesc.o
  CC      mm/init-mm.o
  CC      fs/binfmt_script.o
  CC      kernel/irq/handle.o
  CC      arch/x86/kernel/e820.o
  CC      mm/memblock.o
  CC      fs/binfmt_elf.o
  CC      kernel/irq/manage.o
  CC      arch/x86/kernel/pci-dma.o
  CC      fs/quota/dquot.o
  CC      mm/slub.o
  CC      arch/x86/kernel/quirks.o
  CC      kernel/irq/spurious.o
  CC      kernel/irq/resend.o
  CC      arch/x86/kernel/kdebugfs.o
  CC      fs/quota/quota.o
  CC      kernel/irq/chip.o
  CC      arch/x86/kernel/alternative.o
  CC      mm/dmapool.o
  CC      kernel/irq/dummychip.o
  CC      mm/sparse.o
  CC      fs/quota/kqid.o
  CC      arch/x86/kernel/i8253.o
  CC      kernel/irq/devres.o
  AR      fs/quota/built-in.a
  CC      fs/proc/task_mmu.o
  CC      arch/x86/kernel/hw_breakpoint.o
  CC      mm/sparse-vmemmap.o
  CC      kernel/irq/kexec.o
  CC      kernel/irq/autoprobe.o
  CC      mm/early_ioremap.o
  CC      fs/proc/inode.o
  CC      arch/x86/kernel/tsc.o
  CC      kernel/irq/irqdomain.o
  CC      mm/memfd.o
  CC      fs/proc/root.o
  CC      arch/x86/kernel/tsc_msr.o
  CC      kernel/irq/matrix.o
  CC      arch/x86/kernel/io_delay.o
  CC      mm/migrate.o
  CC      fs/proc/base.o
  CC      arch/x86/kernel/rtc.o
  CC      kernel/irq/irq_sim.o
  CC      kernel/irq/proc.o
  CC      arch/x86/kernel/resource.o
  CC      mm/huge_memory.o
  AS      arch/x86/kernel/irqflags.o
  CC      arch/x86/kernel/static_call.o
  AR      kernel/irq/built-in.a
  CC      kernel/rcu/update.o
  CC      fs/proc/generic.o
  CC      arch/x86/kernel/process.o
  CC      kernel/rcu/sync.o
  CC      kernel/rcu/srcutiny.o
  CC      fs/proc/array.o
  CC      mm/khugepaged.o
  CC      arch/x86/kernel/fpu/init.o
  CC      kernel/rcu/tiny.o
  CC      arch/x86/kernel/fpu/bugs.o
  CC      arch/x86/kernel/fpu/core.o
  CC      fs/proc/fd.o
  AR      kernel/rcu/built-in.a
  CC      kernel/dma/mapping.o
  CC      mm/memory-failure.o
  CC      arch/x86/kernel/fpu/regset.o
  CC      fs/proc/proc_tty.o
  CC      kernel/dma/direct.o
  CC      arch/x86/kernel/fpu/signal.o
  CC      fs/proc/cmdline.o
  CC      kernel/dma/swiotlb.o
  CC      mm/hwpoison-inject.o
  CC      arch/x86/kernel/fpu/xstate.o
  CC      fs/proc/consoles.o
  CC      kernel/dma/remap.o
  CC      fs/proc/cpuinfo.o
  CC      mm/debug_page_alloc.o
  AR      arch/x86/kernel/fpu/built-in.a
  CC      arch/x86/kernel/ptrace.o
  CC      fs/proc/devices.o
  AR      kernel/dma/built-in.a
  AR      mm/built-in.a
  CC      kernel/entry/common.o
  CC      kernel/unwind/user.o
  CC      kernel/unwind/deferred.o
  CC      fs/proc/interrupts.o
  CC      arch/x86/kernel/step.o
  CC      kernel/entry/syscall-common.o
  CC      fs/proc/loadavg.o
  AR      kernel/unwind/built-in.a
  CC      kernel/stacktrace.o
  CC      arch/x86/kernel/stacktrace.o
  CC      kernel/entry/syscall_user_dispatch.o
  CC      fs/proc/meminfo.o
  CC      arch/x86/kernel/cpu/cacheinfo.o
  CC      arch/x86/kernel/reboot.o
  CC      fs/proc/stat.o
  AR      kernel/entry/built-in.a
  CC      arch/x86/kernel/cpu/scattered.o
  CC      kernel/time/time.o
  CC      arch/x86/kernel/cpu/topology_common.o
  CC      arch/x86/kernel/cpu/topology_ext.o
  CC      fs/proc/uptime.o
  CC      arch/x86/kernel/cpu/topology_amd.o
  CC      arch/x86/kernel/cpu/common.o
  CC      kernel/time/timer.o
  CC      fs/proc/util.o
  CC      fs/proc/version.o
  CC      fs/proc/softirqs.o
  CC      fs/proc/namespaces.o
  CC      kernel/time/hrtimer.o
  CC      fs/proc/self.o
  CC      arch/x86/kernel/cpu/rdrand.o
  CC      arch/x86/kernel/cpu/match.o
  CC      fs/proc/thread_self.o
  CC      fs/proc/proc_sysctl.o
  CC      arch/x86/kernel/cpu/bugs.o
  CC      fs/proc/kmsg.o
  CC      kernel/time/sleep_timeout.o
  CC      fs/proc/page.o
  CC      kernel/time/timekeeping.o
  CC      kernel/up.o
  CC      arch/x86/kernel/cpu/aperfmperf.o
  AR      fs/proc/built-in.a
  CC      fs/kernfs/mount.o
  CC      fs/kernfs/inode.o
  CC      arch/x86/kernel/cpu/cpuid-deps.o
  CC      kernel/time/ntp.o
  CC      arch/x86/kernel/cpu/cpuid_0x2_table.o
  CC      fs/kernfs/dir.o
  CC      fs/kernfs/file.o
  CC      kernel/time/clocksource.o
  CC      arch/x86/kernel/cpu/umwait.o
  CC      kernel/time/jiffies.o
  CC      fs/kernfs/symlink.o
  CC      kernel/time/timer_list.o
  CC      arch/x86/kernel/cpu/capflags.o
  CC      arch/x86/kernel/cpu/powerflags.o
  CC      arch/x86/kernel/cpu/topology.o
  CC      kernel/time/timeconv.o
  AR      fs/kernfs/built-in.a
  CC      fs/devpts/inode.o
  CC      fs/ramfs/inode.o
  CC      kernel/time/timecounter.o
  CC      arch/x86/kernel/cpu/feat_ctl.o
  CC      kernel/time/alarmtimer.o
  CC      arch/x86/kernel/cpu/intel.o
  CC      kernel/time/posix-stubs.o
  CC      fs/ramfs/file-mmu.o
  AR      fs/devpts/built-in.a
  CC      kernel/time/clockevents.o
  CC      arch/x86/kernel/cpu/tsx.o
  CC      kernel/time/tick-common.o
  CC      kernel/time/tick-broadcast.o
  CC      arch/x86/kernel/cpu/intel_epb.o
  AR      fs/ramfs/built-in.a
  CC      fs/nls/nls_base.o
  CC      arch/x86/kernel/cpu/amd.o
  CC      kernel/time/vsyscall.o
  CC      fs/nls/nls_cp869.o
  CC      kernel/time/namespace.o
  CC      arch/x86/kernel/cpu/hygon.o
  CC      fs/nls/nls_iso8859-7.o
  CC      fs/nls/nls_utf8.o
  CC      arch/x86/kernel/cpu/centaur.o
  CC      fs/nls/mac-croatian.o
  CC      kernel/time/namespace_vdso.o
  CC      arch/x86/kernel/cpu/zhaoxin.o
  AR      fs/nls/built-in.a
  CC      fs/proc_namespace.o
  CC      arch/x86/kernel/cpu/mce/core.o
  CC      arch/x86/kernel/cpu/microcode/core.o
  AR      kernel/time/built-in.a
  CC      kernel/kallsyms.o
  CC      fs/drop_caches.o
  CC      arch/x86/kernel/cpu/microcode/intel.o
  CC      arch/x86/kernel/cpu/mce/severity.o
  CC      fs/sysctls.o
  CC      kernel/cgroup/cgroup.o
  AR      fs/built-in.a
  CC      security/commoncap.o
  CC      arch/x86/kernel/cpu/microcode/amd.o
  CC      arch/x86/kernel/cpu/mce/genpool.o
  CC      arch/x86/kernel/cpu/mce/intel.o
  AR      arch/x86/kernel/cpu/microcode/built-in.a
  CC      arch/x86/kernel/cpu/perfctr-watchdog.o
  CC      security/min_addr.o
  CC      arch/x86/kernel/cpu/mce/amd.o
  CC      arch/x86/kernel/cpu/proc.o
  CC      kernel/cgroup/rstat.o
  CC      security/device_cgroup.o
  CC      kernel/cgroup/namespace.o
  CC      kernel/cgroup/cgroup-v1.o
  CC      arch/x86/kernel/cpu/mce/threshold.o
  AR      security/built-in.a
  CC      crypto/api.o
  CC      kernel/cgroup/freezer.o
  AR      arch/x86/kernel/cpu/mce/built-in.a
  AR      arch/x86/kernel/cpu/built-in.a
  CC      arch/x86/kernel/tsc_sync.o
  CC      arch/x86/kernel/mpparse.o
  CC      crypto/cipher.o
  AR      kernel/cgroup/built-in.a
  CC      kernel/watchdog.o
  CC      arch/x86/kernel/apic/apic.o
  CC      arch/x86/kernel/trace_clock.o
  CC      crypto/algapi.o
  CC      arch/x86/kernel/hpet.o
  CC      kernel/irq_work.o
  CC      arch/x86/kernel/apic/apic_common.o
  CC      arch/x86/kernel/perf_regs.o
  CC      kernel/static_call.o
  CC      crypto/scatterwalk.o
  CC      arch/x86/kernel/apic/apic_noop.o
  CC      kernel/static_call_inline.o
  CC      arch/x86/kernel/unwind_guess.o
  CC      arch/x86/kernel/apic/ipi.o
  CC      kernel/events/core.o
  CC      crypto/aead.o
  CC      arch/x86/kernel/apic/vector.o
  CC      arch/x86/kernel/vsmp_64.o
  CC      crypto/lskcipher.o
  CC      arch/x86/kernel/jump_label.o
  CC      arch/x86/kernel/apic/init.o
  CC      arch/x86/kernel/early-quirks.o
  CC      arch/x86/kernel/apic/hw_nmi.o
  CC      crypto/skcipher.o
  CC      arch/x86/kernel/apic/io_apic.o
  CC      arch/x86/kernel/amd_nb.o
  CC      crypto/ahash.o
  CC      crypto/shash.o
  CC      kernel/events/ring_buffer.o
  CC      arch/x86/kernel/apic/apic_flat_64.o
  CC      crypto/algboss.o
  CC      arch/x86/kernel/apic/probe_64.o
  CC      crypto/testmgr.o
  AR      arch/x86/kernel/apic/built-in.a
  CC      arch/x86/kernel/amd_node.o
  CC      crypto/hmac.o
  CC      kernel/events/callchain.o
  CC      crypto/sha1.o
  CC      arch/x86/kernel/nmi_selftest.o
  CC      crypto/sha256.o
  CC      crypto/sha512.o
  CC      kernel/events/hw_breakpoint.o
  LDS     arch/x86/kernel/vmlinux.lds
  AR      arch/x86/kernel/built-in.a
  CC      arch/x86/mm/init.o
  CC      crypto/ecb.o
  CC      arch/x86/mm/init_64.o
  CC      crypto/ctr.o
  CC      kernel/iomem.o
  CC      crypto/serpent_generic.o
  CC      arch/x86/mm/fault.o
  CC      kernel/kcmp.o
  AR      kernel/events/built-in.a
  CC      kernel/kallsyms_selftest.o
  CC      crypto/aria_generic.o
  CC      arch/x86/mm/ioremap.o
  CC      kernel/acct.o
  CC      kernel/utsname.o
  CC      crypto/chacha.o
  CC      crypto/authenc.o
  CC      kernel/user_namespace.o
  CC      arch/x86/mm/extable.o
  CC      crypto/authencesn.o
  CC      crypto/proc.o
  CC      kernel/pid_namespace.o
  CC      arch/x86/mm/mmap.o
  CC      crypto/geniv.o
  CC      crypto/seqiv.o
  CC      arch/x86/mm/pgtable.o
  CC      kernel/utsname_sysctl.o
  CC      crypto/md5.o
  CC      kernel/jump_label.o
  CC      crypto/sha3.o
  CC      arch/x86/mm/physaddr.o
  CC      crypto/chacha20poly1305.o
  CC      kernel/rseq.o
  CC      crypto/aegis128-core.o
  CC      arch/x86/mm/tlb.o
  CC      crypto/des_generic.o
  AR      kernel/built-in.a
  CC      crypto/twofish_common.o
  AS      arch/x86/lib/bhi.o
  CC      lib/argv_split.o
  AS      arch/x86/lib/clear_page_64.o
  CC      arch/x86/lib/cmdline.o
  CC      arch/x86/mm/cpu_entry_area.o
  AS      arch/x86/lib/cmpxchg16b_emu.o
  CC      arch/x86/lib/copy_mc.o
  AR      crypto/built-in.a
  CC      drivers/gpio/gpiolib.o
  CC      lib/buildid.o
  AS      arch/x86/lib/copy_mc_64.o
  AS      arch/x86/lib/copy_page_64.o
  AS      arch/x86/lib/copy_user_64.o
  AS      arch/x86/lib/copy_user_uncached_64.o
  CC      arch/x86/lib/cpu.o
  CC      arch/x86/mm/maccess.o
  CC      lib/cmdline.o
  CC      lib/ctype.o
  CC      arch/x86/mm/pgprot.o
  AS      arch/x86/lib/csum-copy_64.o
  CC      lib/dec_and_lock.o
  CC      arch/x86/lib/csum-partial_64.o
  CC      arch/x86/lib/csum-wrappers_64.o
  CC      lib/decompress.o
  CC      lib/decompress_bunzip2.o
  CC      arch/x86/mm/pat/set_memory.o
  CC      arch/x86/lib/delay.o
  CC      drivers/gpio/gpiolib-devres.o
  AS      arch/x86/lib/getuser.o
  CC      arch/x86/lib/inat.o
  CC      lib/decompress_inflate.o
  CC      arch/x86/lib/insn-eval.o
  CC      drivers/gpio/gpiolib-legacy.o
  CC      lib/decompress_unlz4.o
  CC      arch/x86/mm/pat/memtype.o
  CC      arch/x86/lib/insn.o
  CC      drivers/gpio/gpiolib-cdev.o
  AS      arch/x86/lib/memcpy_64.o
  CC      lib/decompress_unlzma.o
  AS      arch/x86/lib/memmove_64.o
  AS      arch/x86/lib/memset_64.o
  CC      arch/x86/lib/misc.o
  CC      arch/x86/lib/pc-conf-reg.o
  AS      arch/x86/lib/putuser.o
  AR      arch/x86/mm/pat/built-in.a
  AR      arch/x86/mm/built-in.a
  CC      arch/x86/lib/usercopy.o
  AS      arch/x86/crypto/aria-aesni-avx-asm_64.o
  CC      arch/x86/crypto/aria_aesni_avx_glue.o
  CC      lib/decompress_unlzo.o
  CC      drivers/gpio/gpiolib-swnode.o
  CC      arch/x86/lib/usercopy_64.o
  AS      arch/x86/crypto/aria-aesni-avx2-asm_64.o
  CC      arch/x86/crypto/aria_aesni_avx2_glue.o
  CC      lib/decompress_unxz.o
  CC      drivers/gpio/gpio-regmap.o
  CC      arch/x86/lib/msr.o
  AS      arch/x86/crypto/twofish-x86_64-asm_64.o
  CC      arch/x86/crypto/twofish_glue.o
  CC      lib/decompress_unzstd.o
  CC      drivers/gpio/gpio-lp3943.o
  AS      arch/x86/lib/msr-reg.o
  CC      arch/x86/lib/msr-reg-export.o
  AS      arch/x86/crypto/twofish-x86_64-asm_64-3way.o
  CC      arch/x86/crypto/twofish_glue_3way.o
  AS      arch/x86/lib/hweight.o
  CC      lib/dump_stack.o
  CC      arch/x86/lib/iomem.o
  AS      arch/x86/crypto/aria-gfni-avx512-asm_64.o
  CC      drivers/gpio/gpio-mockup.o
  CC      arch/x86/crypto/aria_gfni_avx512_glue.o
  AR      arch/x86/lib/lib.a
  AR      arch/x86/lib/built-in.a
  CC      arch/x86/pci/i386.o
  CC      lib/earlycpio.o
  CC      lib/extable.o
  AR      arch/x86/crypto/built-in.a
  CC      arch/x86/virt/svm/cmdline.o
  AR      arch/x86/virt/svm/built-in.a
  AR      arch/x86/virt/built-in.a
  AR      arch/x86/built-in.a
  CC      lib/flex_proportions.o
  CC      drivers/gpio/gpio-pcie-idio-24.o
  CC      lib/idr.o
  CC      arch/x86/pci/init.o
  CC      lib/iomem_copy.o
  CC      lib/irq_regs.o
  CC      lib/is_single_threaded.o
  CC      drivers/gpio/gpio-sch311x.o
  CC      lib/klist.o
  CC      arch/x86/pci/direct.o
  CC      lib/kobject.o
  CC      lib/kobject_uevent.o
  CC      drivers/gpio/gpio-tps65912.o
  CC      arch/x86/pci/fixup.o
  CC      lib/logic_pio.o
  CC      drivers/gpio/gpio-virtio.o
  CC      lib/maple_tree.o
  CC      lib/memcat_p.o
  CC      arch/x86/pci/legacy.o
  CC      lib/nmi_backtrace.o
  CC      drivers/gpio/gpio-winbond.o
  CC      arch/x86/pci/irq.o
  CC      lib/objpool.o
  AR      drivers/gpio/built-in.a
  CC      drivers/pci/msi/pcidev_msi.o
  CC      lib/plist.o
  CC      lib/radix-tree.o
  CC      lib/ratelimit.o
  CC      arch/x86/pci/common.o
  CC      lib/rbtree.o
  AR      drivers/pci/msi/built-in.a
  CC      drivers/pci/pcie/aspm.o
  CC      lib/seq_buf.o
  CC      lib/siphash.o
  CC      arch/x86/pci/early.o
  CC      lib/string.o
  CC      lib/sys_info.o
  CC      lib/timerqueue.o
  AR      drivers/pci/pcie/built-in.a
  AR      drivers/pci/pwrctrl/built-in.a
  CC      drivers/pci/access.o
  CC      arch/x86/pci/bus_numa.o
  CC      lib/vsprintf.o
  CC      lib/win_minmax.o
  CC      arch/x86/pci/amd_bus.o
  CC      drivers/pci/bus.o
  CC      lib/xarray.o
  AR      arch/x86/pci/built-in.a
  CC      lib/lockref.o
  CC      drivers/pci/probe.o
  CC      lib/bcd.o
  CC      lib/sort.o
  CC      lib/parser.o
  CC      lib/debug_locks.o
  CC      lib/random32.o
  CC      lib/bust_spinlocks.o
  CC      lib/kasprintf.o
  CC      lib/bitmap.o
  CC      lib/scatterlist.o
  CC      lib/list_sort.o
  CC      lib/uuid.o
  CC      drivers/pci/host-bridge.o
  CC      lib/iov_iter.o
  CC      lib/clz_ctz.o
  CC      drivers/pci/remove.o
  CC      drivers/pci/pci.o
  CC      drivers/pci/pci-driver.o
  CC      drivers/pci/search.o
  CC      lib/bsearch.o
  CC      drivers/pci/rebar.o
  CC      drivers/pci/rom.o
  CC      drivers/pci/setup-res.o
  CC      lib/find_bit.o
  CC      drivers/pci/irq.o
  CC      lib/llist.o
  CC      lib/lwq.o
  CC      drivers/pci/vpd.o
  CC      lib/memweight.o
  CC      drivers/pci/setup-bus.o
  CC      lib/kfifo.o
  CC      drivers/pci/vc.o
  CC      drivers/pci/mmap.o
  CC      lib/percpu-refcount.o
  CC      drivers/pci/devres.o
  CC      drivers/pci/proc.o
  CC      drivers/pci/iomap.o
  CC      lib/rhashtable.o
  CC      drivers/pci/quirks.o
  CC      drivers/pci/ats.o
  CC      drivers/pci/iov.o
  CC      lib/base64.o
  CC      lib/once.o
  CC      drivers/pci/vgaarb.o
  CC      lib/refcount.o
  CC      drivers/video/console/dummycon.o
  CC      lib/rcuref.o
  CC      lib/usercopy.o
  CC      lib/errseq.o
  CC      lib/bucket_locks.o
  CC      lib/generic-radix-tree.o
  CC      drivers/video/console/vgacon.o
  AR      drivers/pci/built-in.a
  CC      drivers/char/ipmi/ipmi_msghandler.o
  CC      lib/bitmap-str.o
  CC      lib/string_helpers.o
  AR      drivers/video/console/built-in.a
  CC      drivers/video/backlight/lcd.o
  CC      lib/hexdump.o
  CC      lib/kstrtox.o
  CC      lib/math/div64.o
  CC      lib/math/gcd.o
  CC      lib/math/lcm.o
  CC      lib/math/int_log.o
  AR      drivers/video/backlight/built-in.a
  CC      drivers/video/screen_info_generic.o
  CC      lib/math/int_pow.o
  CC      lib/math/int_sqrt.o
  CC      drivers/video/screen_info_pci.o
  AR      drivers/char/ipmi/built-in.a
  CC      lib/math/reciprocal_div.o
  HOSTCC  lib/crc/gen_crc32table
  GEN     lib/crc/crc32table.h
  CC      lib/math/rational.o
  CC      lib/crc/crc32-main.o
  CC      drivers/virtio/virtio.o
  CC      lib/math/cordic.o
  AR      lib/crc/built-in.a
  CC      lib/crypto/hash_info.o
  AR      drivers/video/built-in.a
  AR      drivers/reset/amlogic/built-in.a
  AR      drivers/reset/hisilicon/built-in.a
  AR      drivers/reset/spacemit/built-in.a
  AR      drivers/reset/starfive/built-in.a
  AR      drivers/reset/sti/built-in.a
  AR      drivers/reset/tegra/built-in.a
  CC      drivers/reset/core.o
  AR      lib/math/built-in.a
  CC      lib/vdso/datastore.o
  CC      drivers/virtio/virtio_ring.o
  CC      lib/crypto/memneq.o
  AR      lib/vdso/built-in.a
  CC      lib/iomap.o
  CC      lib/crypto/utils.o
  AR      drivers/reset/built-in.a
  CC      drivers/tty/tty_io.o
  CC      lib/crypto/aes.o
  CC      lib/iomap_copy.o
  CC      drivers/virtio/virtio_anchor.o
  CC      lib/devres.o
  AS      lib/crypto/x86/aes-aesni.o
  CC      lib/crypto/blake2s.o
  CC      lib/interval_tree.o
  AR      drivers/virtio/built-in.a
  CC      drivers/char/mem.o
  AS      lib/crypto/x86/blake2s-core.o
  CC      drivers/tty/n_tty.o
  CC      lib/crypto/chacha-block-generic.o
  CC      lib/bitrev.o
  CC      lib/crypto/chacha.o
  CC      lib/xxhash.o
  AS      lib/crypto/x86/chacha-ssse3-x86_64.o
  AS      lib/crypto/x86/chacha-avx2-x86_64.o
  AS      lib/crypto/x86/chacha-avx512vl-x86_64.o
  CC      drivers/char/random.o
  CC      lib/crypto/poly1305.o
  CC      lib/genalloc.o
  AS      lib/crypto/x86/poly1305-x86_64-cryptogams.o
  CC      drivers/tty/tty_ioctl.o
  CC      lib/crypto/sha1.o
  AS      lib/crypto/x86/sha1-ssse3-and-avx.o
  AS      lib/crypto/x86/sha1-avx2-asm.o
  AS      lib/crypto/x86/sha1-ni-asm.o
  CC      lib/crypto/sha256.o
  AS      lib/crypto/x86/sha256-ssse3-asm.o
  AS      lib/crypto/x86/sha256-avx-asm.o
  AS      lib/crypto/x86/sha256-avx2-asm.o
  AS      lib/crypto/x86/sha256-ni-asm.o
  CC      drivers/char/misc.o
  CC      lib/crypto/sha512.o
  CC      drivers/tty/tty_ldisc.o
  AS      lib/crypto/x86/sha512-ssse3-asm.o
  AS      lib/crypto/x86/sha512-avx-asm.o
  AS      lib/crypto/x86/sha512-avx2-asm.o
  CC      lib/crypto/sha3.o
  CC      lib/crypto/des.o
  CC      drivers/char/tpm/tpm-chip.o
  CC      drivers/tty/tty_buffer.o
  CC      drivers/tty/tty_port.o
  CC      lib/crypto/md5.o
  CC      drivers/char/tpm/tpm-dev-common.o
  CC      drivers/tty/tty_mutex.o
  CC      drivers/tty/tty_ldsem.o
  AR      lib/crypto/built-in.a
  CC      lib/zlib_inflate/inffast.o
  CC      lib/zlib_inflate/inflate.o
  CC      drivers/tty/tty_baudrate.o
  CC      drivers/char/tpm/tpm-dev.o
  CC      drivers/tty/tty_jobctrl.o
  CC      lib/zlib_inflate/infutil.o
  CC      lib/zlib_inflate/inftrees.o
  CC      drivers/tty/n_null.o
  CC      lib/zlib_inflate/inflate_syms.o
  CC      drivers/char/tpm/tpm-interface.o
  CC      drivers/tty/pty.o
  AR      lib/zlib_inflate/built-in.a
  CC      lib/lzo/lzo1x_decompress_safe.o
  CC      drivers/tty/vt/vt_ioctl.o
  AR      lib/lzo/built-in.a
  CC      lib/lz4/lz4_decompress.o
  CC      drivers/char/tpm/tpm1-cmd.o
  CC      drivers/tty/serial/serial_core.o
  CC      drivers/tty/vt/vc_screen.o
  CC      drivers/char/tpm/tpm2-cmd.o
  AR      lib/lz4/built-in.a
  CC      lib/zstd/zstd_decompress_module.o
  CC      lib/zstd/decompress/huf_decompress.o
  CC      drivers/tty/vt/selection.o
  CC      drivers/char/tpm/tpmrm-dev.o
  CC      drivers/tty/serial/serial_base_bus.o
  CC      drivers/tty/vt/keyboard.o
  CC      drivers/tty/serial/serial_ctrl.o
  CC      drivers/char/tpm/tpm2-space.o
  CC      lib/zstd/decompress/zstd_ddict.o
  CC      lib/zstd/decompress/zstd_decompress.o
  CC      drivers/tty/serial/serial_port.o
  CC      drivers/char/tpm/tpm-sysfs.o
  CC      drivers/tty/vt/vt.o
  CC      lib/zstd/decompress/zstd_decompress_block.o
  CC      drivers/tty/serial/earlycon.o
  CC      drivers/char/tpm/eventlog/common.o
  CC      drivers/tty/serial/8250/8250_core.o
  CC      lib/zstd/zstd_common_module.o
  CC      drivers/char/tpm/eventlog/tpm1.o
  CC      drivers/tty/vt/defkeymap.o
  CC      lib/zstd/common/debug.o
  CC      lib/zstd/common/entropy_common.o
  CC      drivers/tty/vt/consolemap.o
  CC      drivers/tty/serial/8250/8250_platform.o
  CC      lib/zstd/common/error_private.o
  CC      lib/zstd/common/fse_decompress.o
  CC      lib/zstd/common/zstd_common.o
  AR      lib/zstd/built-in.a
  CC      lib/xz/xz_dec_syms.o
  CC      drivers/char/tpm/eventlog/tpm2.o
  CC      drivers/tty/serial/8250/8250_port.o
  HOSTCC  drivers/tty/vt/conmakehash
  CC      lib/xz/xz_dec_stream.o
  CC      drivers/tty/vt/ucs.o
  CONMK   drivers/tty/vt/consolemap_deftbl.c
  CC      drivers/tty/vt/consolemap_deftbl.o
  AR      drivers/tty/vt/built-in.a
  CC      drivers/tty/sysrq.o
  CC      lib/xz/xz_dec_lzma2.o
  CC      drivers/char/tpm/tpm-buf.o
  CC      lib/xz/xz_dec_bcj.o
  CC      drivers/tty/serial/8250/8250_dwlib.o
  CC      drivers/tty/rpmsg_tty.o
  CC      drivers/char/tpm/tpm2-sessions.o
  AR      lib/xz/built-in.a
  CC      lib/syscall.o
  CC      drivers/tty/serial/8250/8250_early.o
  CC      drivers/tty/serial/8250/8250_pcilib.o
  CC      drivers/char/tpm/tpm_tis_core.o
  CC      lib/strncpy_from_user.o
  CC      drivers/tty/serial/8250/8250_exar.o
  CC      drivers/tty/serial/8250/8250_lpss.o
  CC      lib/strnlen_user.o
  CC      drivers/char/tpm/tpm_tis.o
  CC      drivers/tty/serial/8250/8250_mid.o
  CC      drivers/tty/serial/8250/8250_pci.o
  CC      lib/group_cpus.o
  CC      drivers/char/tpm/tpm_i2c_nuvoton.o
  CC      lib/smp_processor_id.o
  CC      drivers/tty/serial/8250/8250_pericom.o
  CC      drivers/tty/serial/altera_jtaguart.o
  AR      lib/lib.a
  AR      lib/built-in.a
  CC      drivers/tty/serial/rp2.o
  AR      drivers/char/tpm/built-in.a
  AR      drivers/char/built-in.a
  AR      drivers/tty/serial/8250/built-in.a
  CC      drivers/tty/serial/sccnxp.o
  CC      drivers/parport/share.o
  CC      drivers/tty/serial/serial_mctrl_gpio.o
  CC      drivers/parport/ieee1284.o
  CC      drivers/parport/ieee1284_ops.o
  CC      drivers/parport/procfs.o
  AR      drivers/tty/serial/built-in.a
  AR      drivers/tty/built-in.a
  CC      drivers/misc/eeprom/eeprom_93cx6.o
  CC      drivers/base/component.o
  CC      drivers/misc/eeprom/max6875.o
  CC      drivers/base/core.o
  AR      drivers/parport/built-in.a
  CC      drivers/base/bus.o
  CC      drivers/base/dd.o
  AR      drivers/misc/eeprom/built-in.a
  CC      drivers/misc/lis3lv02d/lis3lv02d.o
  CC      drivers/base/syscore.o
  CC      drivers/base/driver.o
  CC      drivers/base/class.o
  CC      drivers/base/platform.o
  CC      drivers/misc/lis3lv02d/lis3lv02d_i2c.o
  CC      drivers/base/cpu.o
  CC      drivers/base/firmware.o
  CC      drivers/base/init.o
  AR      drivers/misc/lis3lv02d/built-in.a
  CC      drivers/misc/mei/init.o
  CC      drivers/mfd/sm501.o
  CC      drivers/base/map.o
  CC      drivers/base/devres.o
  CC      drivers/misc/mei/hbm.o
  CC      drivers/misc/apds9802als.o
  CC      drivers/mfd/tqmx86.o
  CC      drivers/base/attribute_container.o
  CC      drivers/misc/mei/interrupt.o
  CC      drivers/base/transport_class.o
  CC      drivers/misc/dw-xdata-pcie.o
  CC      drivers/mfd/tps65912-core.o
  CC      drivers/base/topology.o
  CC      drivers/misc/mei/client.o
  CC      drivers/mfd/tps65912-i2c.o
  CC      drivers/mfd/mfd-core.o
  CC      drivers/base/container.o
  CC      drivers/mfd/mt6397-core.o
  CC      drivers/base/property.o
  CC      drivers/mfd/mt6397-irq.o
  CC      drivers/misc/mei/main.o
  CC      drivers/mfd/mt6358-irq.o
  CC      drivers/mfd/cs40l50-core.o
  CC      drivers/mfd/cs40l50-i2c.o
  CC      drivers/misc/mei/dma-ring.o
  CC      drivers/base/cacheinfo.o
  CC      drivers/base/swnode.o
  CC      drivers/base/faux.o
  CC      drivers/misc/mei/bus.o
  CC      drivers/mfd/tps6507x.o
  CC      drivers/base/power/sysfs.o
  CC      drivers/base/firmware_loader/builtin/main.o
  CC      drivers/mfd/tps65086.o
  CC      drivers/base/power/generic_ops.o
  CC      drivers/misc/mei/bus-fixup.o
  AR      drivers/base/firmware_loader/builtin/built-in.a
  AR      drivers/base/firmware_loader/built-in.a
  CC      drivers/base/regmap/regmap.o
  CC      drivers/base/power/common.o
  CC      drivers/mfd/mc13xxx-core.o
  CC      drivers/misc/mei/pci-me.o
  CC      drivers/base/power/qos.o
  CC      drivers/mfd/mc13xxx-i2c.o
  CC      drivers/base/regmap/regcache.o
  CC      drivers/misc/mei/hw-me.o
  CC      drivers/base/power/runtime.o
  CC      drivers/mfd/lp3943.o
  CC      drivers/base/regmap/regcache-rbtree.o
  AR      drivers/misc/mei/built-in.a
  AR      drivers/misc/built-in.a
  CC      drivers/mfd/da9150-core.o
  CC      drivers/base/power/wakeirq.o
  CC      drivers/mfd/mt6370.o
  CC      drivers/base/regmap/regcache-flat.o
  AR      drivers/base/power/built-in.a
  CC      drivers/base/regmap/regcache-maple.o
  CC      drivers/mfd/lpc_sch.o
  CC      drivers/base/regmap/regmap-i2c.o
  CC      drivers/mfd/sky81452.o
  CC      drivers/base/regmap/regmap-mmio.o
  CC      drivers/base/regmap/regmap-irq.o
  CC      drivers/base/isa.o
  AR      drivers/mfd/built-in.a
  CC      drivers/auxdisplay/charlcd.o
  CC      drivers/auxdisplay/hd44780_common.o
  AR      drivers/base/regmap/built-in.a
  CC      drivers/auxdisplay/panel.o
  AR      drivers/base/built-in.a
  AR      drivers/usb/built-in.a
  CC      drivers/input/serio/serio.o
  CC      drivers/input/serio/i8042.o
  CC      drivers/input/serio/serport.o
  CC      drivers/input/serio/libps2.o
  AR      drivers/auxdisplay/built-in.a
  CC      drivers/input/input.o
  CC      drivers/input/serio/ps2mult.o
  CC      drivers/input/input-compat.o
  CC      drivers/input/input-mt.o
  AR      drivers/input/serio/built-in.a
  CC      drivers/rtc/lib.o
  CC      drivers/input/input-poller.o
  CC      drivers/rtc/rtc-mc146818-lib.o
  CC      drivers/input/ff-core.o
  CC      drivers/input/touchscreen.o
  CC      drivers/input/touch-overlay.o
  AR      drivers/rtc/built-in.a
  CC      drivers/i2c/i2c-boardinfo.o
  CC      drivers/input/vivaldi-fmap.o
  CC      drivers/input/keyboard/atkbd.o
  CC      drivers/input/mouse/psmouse-base.o
  CC      drivers/input/mouse/synaptics.o
  CC      drivers/i2c/i2c-core-base.o
  AR      drivers/input/keyboard/built-in.a
  CC      drivers/i3c/device.o
  CC      drivers/input/mouse/focaltech.o
  CC      drivers/input/mouse/alps.o
  CC      drivers/i3c/master.o
  CC      drivers/i2c/i2c-core-smbus.o
  CC      drivers/input/mouse/byd.o
  CC      drivers/input/mouse/logips2pp.o
  CC      drivers/input/mouse/trackpoint.o
  CC      drivers/i2c/busses/i2c-isch.o
  AR      drivers/i3c/built-in.a
  CC      drivers/input/mouse/cypress_ps2.o
  CC      drivers/input/mouse/psmouse-smbus.o
  CC      drivers/i2c/busses/i2c-sis96x.o
  AR      drivers/power/built-in.a
  CC      drivers/i2c/busses/i2c-ocores.o
  CC      drivers/firmware/cirrus/cs_dsp.o
  AR      drivers/input/mouse/built-in.a
  AR      drivers/input/built-in.a
  CC      drivers/crypto/inside-secure/safexcel.o
  CC      drivers/crypto/inside-secure/safexcel_ring.o
  AR      drivers/i2c/busses/built-in.a
  CC      drivers/i2c/i2c-dev.o
  AR      drivers/firmware/cirrus/built-in.a
  CC      drivers/crypto/inside-secure/safexcel_cipher.o
  AR      drivers/firmware/built-in.a
  CC      drivers/clocksource/i8253.o
  CC      drivers/hid/hid-core.o
  AR      drivers/i2c/built-in.a
  CC      drivers/comedi/comedi_fops.o
  AR      drivers/clocksource/built-in.a
  AR      drivers/platform/built-in.a
  CC      drivers/rpmsg/rpmsg_core.o
  CC      drivers/crypto/inside-secure/safexcel_hash.o
  CC      drivers/rpmsg/rpmsg_ns.o
  CC      drivers/hid/hid-input.o
  CC      drivers/comedi/range.o
  CC      drivers/rpmsg/virtio_rpmsg_bus.o
  AR      drivers/crypto/inside-secure/built-in.a
  AR      drivers/crypto/built-in.a
  CC      drivers/hid/hid-quirks.o
  CC      drivers/comedi/drivers.o
  AR      drivers/rpmsg/built-in.a
  CC      drivers/virt/vboxguest/vboxguest_linux.o
  CC      drivers/hid/hid-generic.o
  CC      drivers/virt/vmgenid.o
  CC      drivers/comedi/comedi_buf.o
  CC      drivers/virt/vboxguest/vboxguest_core.o
  AR      drivers/hid/built-in.a
  CC      drivers/perf/dwc_pcie_pmu.o
  CC      drivers/interconnect/core.o
  CC      drivers/comedi/proc.o
  CC      drivers/virt/vboxguest/vboxguest_utils.o
  CC      drivers/interconnect/bulk.o
  AR      drivers/perf/built-in.a
  CC      drivers/interconnect/debugfs-client.o
  AR      drivers/comedi/built-in.a
  AR      drivers/virt/vboxguest/built-in.a
  AR      drivers/virt/built-in.a
  AR      drivers/interconnect/built-in.a
  AR      drivers/built-in.a
  AR      built-in.a
  AR      vmlinux.a
  LD      vmlinux.o
  MODPOST vmlinux.symvers
  CC      .vmlinux.export.o
  UPD     include/generated/utsversion.h
  CC      init/version-timestamp.o
  KSYMS   .tmp_vmlinux0.kallsyms.S
  AS      .tmp_vmlinux0.kallsyms.o
  LD      .tmp_vmlinux1
  NM      .tmp_vmlinux1.syms
  KSYMS   .tmp_vmlinux1.kallsyms.S
  AS      .tmp_vmlinux1.kallsyms.o
  LD      .tmp_vmlinux2
  NM      .tmp_vmlinux2.syms
  KSYMS   .tmp_vmlinux2.kallsyms.S
  AS      .tmp_vmlinux2.kallsyms.o
  LD      vmlinux.unstripped
  NM      System.map
  SORTTAB vmlinux.unstripped
  OBJCOPY vmlinux
  GEN     modules.builtin.modinfo
  GEN     modules.builtin
  CC      arch/x86/boot/a20.o
  AS      arch/x86/boot/bioscall.o
  CC      arch/x86/boot/cmdline.o
  AS      arch/x86/boot/copy.o
  HOSTCC  arch/x86/boot/mkcpustr
  CC      arch/x86/boot/cpuflags.o
  CC      arch/x86/boot/cpucheck.o
  CC      arch/x86/boot/early_serial_console.o
  CC      arch/x86/boot/edd.o
  CC      arch/x86/boot/main.o
  CC      arch/x86/boot/memory.o
  CC      arch/x86/boot/pm.o
  AS      arch/x86/boot/pmjump.o
  CC      arch/x86/boot/printf.o
  CC      arch/x86/boot/regs.o
  CC      arch/x86/boot/string.o
  LDS     arch/x86/boot/compressed/vmlinux.lds
  AS      arch/x86/boot/compressed/kernel_info.o
  CC      arch/x86/boot/tty.o
  AS      arch/x86/boot/compressed/head_64.o
  CC      arch/x86/boot/video.o
  VOFFSET arch/x86/boot/compressed/../voffset.h
  CC      arch/x86/boot/video-mode.o
  CC      arch/x86/boot/version.o
  CC      arch/x86/boot/compressed/string.o
  CC      arch/x86/boot/video-vga.o
  CC      arch/x86/boot/video-vesa.o
  CC      arch/x86/boot/video-bios.o
  CPUSTR  arch/x86/boot/cpustr.h
  CC      arch/x86/boot/cpu.o
  CC      arch/x86/boot/compressed/cmdline.o
  CC      arch/x86/boot/compressed/error.o
  OBJCOPY arch/x86/boot/compressed/vmlinux.bin
  HOSTCC  arch/x86/boot/compressed/mkpiggy
  CC      arch/x86/boot/compressed/cpuflags.o
  CC      arch/x86/boot/compressed/ident_map_64.o
  CC      arch/x86/boot/compressed/idt_64.o
  AS      arch/x86/boot/compressed/idt_handlers_64.o
  CC      arch/x86/boot/compressed/pgtable_64.o
  CC      arch/x86/boot/compressed/misc.o
  GZIP    arch/x86/boot/compressed/vmlinux.bin.gz
  MKPIGGY arch/x86/boot/compressed/piggy.S
  AS      arch/x86/boot/compressed/piggy.o
  LD      arch/x86/boot/compressed/vmlinux
  ZOFFSET arch/x86/boot/zoffset.h
  OBJCOPY arch/x86/boot/vmlinux.bin
  AS      arch/x86/boot/header.o
  LD      arch/x86/boot/setup.elf
  OBJCOPY arch/x86/boot/setup.bin
  BUILD   arch/x86/boot/bzImage
Kernel: arch/x86/boot/bzImage is ready  (#6)
make[3]: Leaving directory '/mnt/git-volume/kernel-test-stable/build/rand500config-x86_64'
make[2]: Leaving directory '/mnt/git-volume/linux-stable'
