make[4]: Entering directory '/mnt/git-volume/linux-stable'
make[5]: Entering directory '/mnt/git-volume/kernel-test-stable/build/rand500nsconfig-x86_64'
  UPD     /mnt/git-volume/kernel-test-stable/build/rand500nsconfig-x86_64/Makefile
  HOSTCC  scripts/basic/fixdep
  HOSTCC  scripts/kconfig/conf.o
  HOSTCC  scripts/kconfig/confdata.o
  HOSTCC  scripts/kconfig/expr.o
  LEX     scripts/kconfig/lexer.lex.c
  YACC    scripts/kconfig/parser.tab.[ch]
  HOSTCC  scripts/kconfig/lexer.lex.o
  HOSTCC  scripts/kconfig/menu.o
  HOSTCC  scripts/kconfig/parser.tab.o
  HOSTCC  scripts/kconfig/preprocess.o
  HOSTCC  scripts/kconfig/symbol.o
  HOSTCC  scripts/kconfig/util.o
  HOSTLD  scripts/kconfig/conf
#
# configuration written to .config
#
Using .config as base
Merging /mnt/git-volume/linux-stable/kernel/configs/tiny.config
Value of CONFIG_KERNEL_XZ is redefined by fragment /mnt/git-volume/linux-stable/kernel/configs/tiny.config:
Previous value: # CONFIG_KERNEL_XZ is not set
New value: CONFIG_KERNEL_XZ=y

Value of CONFIG_CC_OPTIMIZE_FOR_SIZE is redefined by fragment /mnt/git-volume/linux-stable/kernel/configs/tiny.config:
Previous value: # CONFIG_CC_OPTIMIZE_FOR_SIZE is not set
New value: CONFIG_CC_OPTIMIZE_FOR_SIZE=y

Value of CONFIG_SLUB_TINY is redefined by fragment /mnt/git-volume/linux-stable/kernel/configs/tiny.config:
Previous value: # CONFIG_SLUB_TINY is not set
New value: CONFIG_SLUB_TINY=y

Merging /mnt/git-volume/linux-stable/arch/x86/configs/tiny.config
Value of CONFIG_UNWINDER_GUESS is redefined by fragment /mnt/git-volume/linux-stable/arch/x86/configs/tiny.config:
Previous value: # CONFIG_UNWINDER_GUESS is not set
New value: CONFIG_UNWINDER_GUESS=y

#
# merged configuration written to .config (needs make)
#
#
# configuration written to .config
#
make[5]: Leaving directory '/mnt/git-volume/kernel-test-stable/build/rand500nsconfig-x86_64'
make[4]: Leaving directory '/mnt/git-volume/linux-stable'
make[4]: Entering directory '/mnt/git-volume/linux-stable'
make[5]: Entering directory '/tmp/tmp.swwz20EmY2'
  UPD     /tmp/tmp.swwz20EmY2/Makefile
  HOSTCC  scripts/basic/fixdep
  HOSTCC  scripts/kconfig/conf.o
  HOSTCC  scripts/kconfig/confdata.o
  HOSTCC  scripts/kconfig/expr.o
  LEX     scripts/kconfig/lexer.lex.c
  YACC    scripts/kconfig/parser.tab.[ch]
  HOSTCC  scripts/kconfig/lexer.lex.o
  HOSTCC  scripts/kconfig/menu.o
  HOSTCC  scripts/kconfig/parser.tab.o
  HOSTCC  scripts/kconfig/preprocess.o
  HOSTCC  scripts/kconfig/symbol.o
  HOSTCC  scripts/kconfig/util.o
  HOSTLD  scripts/kconfig/conf
KCONFIG_SEED=0xC61E393E
#
# configuration written to .config
#
make[5]: Leaving directory '/tmp/tmp.swwz20EmY2'
make[4]: Leaving directory '/mnt/git-volume/linux-stable'
make[4]: Entering directory '/mnt/git-volume/linux-stable'
make[5]: Entering directory '/tmp/tmp.swwz20EmY2'
.config:6340:warning: override: reassigning to symbol PRINTK
.config:6344:warning: override: reassigning to symbol TTY
.config:6347:warning: override: reassigning to symbol BLK_DEV_INITRD
.config:6351:warning: override: reassigning to symbol BINFMT_ELF
.config:6352:warning: override: reassigning to symbol BINFMT_SCRIPT
.config:6355:warning: override: reassigning to symbol TMPFS
.config:6358:warning: override: reassigning to symbol KERNEL_GZIP
.config:6364:warning: override: reassigning to symbol KERNEL_BZIP2
.config:6365:warning: override: reassigning to symbol KERNEL_LZMA
.config:6366:warning: override: reassigning to symbol KERNEL_XZ
.config:6367:warning: override: reassigning to symbol KERNEL_LZO
.config:6368:warning: override: reassigning to symbol KERNEL_LZ4
.config:6369:warning: override: reassigning to symbol KERNEL_ZSTD
.config:6372:warning: override: reassigning to symbol MODULES
.config:6375:warning: override: reassigning to symbol DRM
.config:6376:warning: override: reassigning to symbol SOUND
.config:6377:warning: override: reassigning to symbol STAGING
.config:6379:warning: override: reassigning to symbol MEDIA_SUPPORT
.config:6385:warning: override: reassigning to symbol KCOV
.config:6388:warning: override: reassigning to symbol KCSAN
.config:6389:warning: override: reassigning to symbol KFENCE
.config:6390:warning: override: reassigning to symbol UBSAN
.config:6397:warning: override: reassigning to symbol RCU_TORTURE_TEST
.config:6398:warning: override: reassigning to symbol RCU_SCALE_TEST
.config:6399:warning: override: reassigning to symbol LOCK_TORTURE_TEST
.config:6409:warning: override: reassigning to symbol DEBUG_PREEMPT
.config:6410:warning: override: reassigning to symbol DEBUG_ATOMIC_SLEEP
.config:6417:warning: override: reassigning to symbol KUNIT
.config:6425:warning: override: reassigning to symbol OF_UNITTEST
#
# configuration written to .config
#
make[5]: Leaving directory '/tmp/tmp.swwz20EmY2'
make[4]: Leaving directory '/mnt/git-volume/linux-stable'
make[4]: Entering directory '/mnt/git-volume/linux-stable'
make[5]: Entering directory '/mnt/git-volume/kernel-test-stable/build/rand500nsconfig-x86_64'
.config:1438:warning: override: reassigning to symbol X86_64
.config:1439:warning: override: reassigning to symbol HAVE_OBJTOOL_MCOUNT
.config:1441:warning: override: reassigning to symbol CC_HAS_NAMED_AS
.config:1443:warning: override: reassigning to symbol HANGCHECK_TIMER
.config:1444:warning: override: reassigning to symbol STATIC_CALL_SELFTEST
.config:1448:warning: override: reassigning to symbol HAVE_ARCH_KASAN
.config:1451:warning: override: reassigning to symbol ARCH_SUPPORTS_KEXEC_SIG
.config:1459:warning: override: reassigning to symbol MHI_BUS_EP
.config:1466:warning: override: reassigning to symbol REGULATOR
.config:1469:warning: override: reassigning to symbol PCSPKR_PLATFORM
.config:1473:warning: override: reassigning to symbol GCC_NO_STRINGOP_OVERFLOW
.config:1478:warning: override: reassigning to symbol DEBUG_WW_MUTEX_SLOWPATH
.config:1480:warning: override: reassigning to symbol SYSFS_SYSCALL
.config:1481:warning: override: reassigning to symbol X86_DISABLED_FEATURE_XENPV
.config:1485:warning: override: reassigning to symbol HAVE_ARCH_MMAP_RND_BITS
.config:1497:warning: override: reassigning to symbol MEMFD_CREATE
.config:1503:warning: override: reassigning to symbol ARCH_SUPPORTS_KEXEC_PURGATORY
.config:1507:warning: override: reassigning to symbol PACKING
.config:1509:warning: override: reassigning to symbol PREEMPT_BUILD
.config:1510:warning: override: reassigning to symbol HAVE_KRETPROBES
.config:1516:warning: override: reassigning to symbol INOTIFY_USER
.config:1520:warning: override: reassigning to symbol UEVENT_HELPER
.config:1528:warning: override: reassigning to symbol HAVE_UNSTABLE_SCHED_CLOCK
.config:1529:warning: override: reassigning to symbol X86_DISABLED_FEATURE_RETPOLINE
.config:1531:warning: override: reassigning to symbol HAVE_DYNAMIC_FTRACE
.config:1542:warning: override: reassigning to symbol HAVE_KERNEL_LZ4
.config:1543:warning: override: reassigning to symbol KGDB
.config:1550:warning: override: reassigning to symbol CPA_DEBUG
.config:1552:warning: override: reassigning to symbol USER_STACKTRACE_SUPPORT
.config:1555:warning: override: reassigning to symbol ARCH_WANT_OPTIMIZE_DAX_VMEMMAP
.config:1559:warning: override: reassigning to symbol CPU_IDLE
.config:1568:warning: override: reassigning to symbol CC_HAS_MARCH_NATIVE
.config:1570:warning: override: reassigning to symbol BROADCAST_TLB_FLUSH
.config:1578:warning: override: reassigning to symbol HARDLOCKUP_CHECK_TIMESTAMP
.config:1582:warning: override: reassigning to symbol DMA_NEED_SYNC
.config:1586:warning: override: reassigning to symbol EVENTFD
.config:1593:warning: override: reassigning to symbol NEED_PER_CPU_EMBED_FIRST_CHUNK
.config:1599:warning: override: reassigning to symbol TCG_TPM
.config:1613:warning: override: reassigning to symbol HAVE_SYSCALL_TRACEPOINTS
.config:1614:warning: override: reassigning to symbol ARCH_WANT_OPTIMIZE_HUGETLB_VMEMMAP
.config:1615:warning: override: reassigning to symbol CC_HAS_WORKING_NOSANITIZE_ADDRESS
.config:1617:warning: override: reassigning to symbol X86_DIRECT_GBPAGES
.config:1621:warning: override: reassigning to symbol GENERIC_IRQ_ENTRY
.config:1623:warning: override: reassigning to symbol ARCH_HAS_ZONE_DMA_SET
.config:1625:warning: override: reassigning to symbol DYNAMIC_SIGFRAME
.config:1629:warning: override: reassigning to symbol PHY_CAN_TRANSCEIVER
.config:1630:warning: override: reassigning to symbol SECCOMP
.config:1631:warning: override: reassigning to symbol SPARSEMEM
.config:1635:warning: override: reassigning to symbol HAVE_RUST
.config:1639:warning: override: reassigning to symbol HAVE_FUNCTION_ERROR_INJECTION
.config:1641:warning: override: reassigning to symbol ARCH_SUPPORTS_DEBUG_PAGEALLOC
.config:1643:warning: override: reassigning to symbol HAVE_ARCH_HUGE_VMAP
.config:1649:warning: override: reassigning to symbol ARCH_HAS_NON_OVERLAPPING_ADDRESS_SPACE
.config:1650:warning: override: reassigning to symbol ARCH_SUPPORTS_CRASH_HOTPLUG
.config:1652:warning: override: reassigning to symbol RESET_CONTROLLER
.config:1653:warning: override: reassigning to symbol GENERIC_CLOCKEVENTS_BROADCAST
.config:1654:warning: override: reassigning to symbol SPARSEMEM_VMEMMAP_ENABLE
.config:1678:warning: override: reassigning to symbol X86_PLATFORM_DEVICES
.config:1680:warning: override: reassigning to symbol GENERIC_GETTIMEOFDAY
.config:1685:warning: override: reassigning to symbol CONFIGFS_FS
.config:1687:warning: override: reassigning to symbol CC_HAS_RETURN_THUNK
.config:1688:warning: override: reassigning to symbol X86_REQUIRED_FEATURE_CMOV
.config:1691:warning: override: reassigning to symbol DEBUG_DEVRES
.config:1699:warning: override: reassigning to symbol INPUT
.config:1701:warning: override: reassigning to symbol ARCH_HAVE_EXTRA_ELF_NOTES
.config:1708:warning: override: reassigning to symbol HAVE_DYNAMIC_FTRACE_NO_PATCHABLE
.config:1716:warning: override: reassigning to symbol TTY
.config:1718:warning: override: reassigning to symbol CC_HAS_ASM_INLINE
.config:1721:warning: override: reassigning to symbol PECI
.config:1722:warning: override: reassigning to symbol PHY_INTEL_LGM_EMMC
.config:1727:warning: override: reassigning to symbol MFD_SYSCON
.config:1728:warning: override: reassigning to symbol SIGNALFD
.config:1737:warning: override: reassigning to symbol RTC_LIB
.config:1738:warning: override: reassigning to symbol X86_CX8
.config:1739:warning: override: reassigning to symbol PAGE_SIZE_4KB
.config:1740:warning: override: reassigning to symbol HAVE_USER_RETURN_NOTIFIER
.config:1752:warning: override: reassigning to symbol HAS_IOPORT
.config:1756:warning: override: reassigning to symbol RTC_CLASS
.config:1759:warning: override: reassigning to symbol DAX
.config:1762:warning: override: reassigning to symbol IIO
.config:1763:warning: override: reassigning to symbol MFD_MADERA
.config:1770:warning: override: reassigning to symbol HAVE_KPROBES
.config:1772:warning: override: reassigning to symbol SLUB
.config:1790:warning: override: reassigning to symbol X86_REQUIRED_FEATURE_XMM
.config:1793:warning: override: reassigning to symbol MMU_GATHER_MERGE_VMAS
.config:1796:warning: override: reassigning to symbol IRQ_TIME_ACCOUNTING
.config:1800:warning: override: reassigning to symbol PTP_1588_CLOCK_OPTIONAL
.config:1804:warning: override: reassigning to symbol PT_RECLAIM
.config:1807:warning: override: reassigning to symbol ARCH_CORRECT_STACKTRACE_ON_KRETPROBE
.config:1819:warning: override: reassigning to symbol HAVE_KLP_BUILD
.config:1828:warning: override: reassigning to symbol HAVE_FUNCTION_ARG_ACCESS_API
.config:1833:warning: override: reassigning to symbol INSTRUCTION_DECODER
.config:1844:warning: override: reassigning to symbol ARCH_USE_QUEUED_RWLOCKS
.config:1847:warning: override: reassigning to symbol HAVE_KERNEL_ZSTD
.config:1848:warning: override: reassigning to symbol PRINTK
.config:1851:warning: override: reassigning to symbol RCU_TRACE
.config:1852:warning: override: reassigning to symbol OBJTOOL
.config:1857:warning: override: reassigning to symbol X86
.config:1861:warning: override: reassigning to symbol HAVE_DEBUG_KMEMLEAK
.config:1866:warning: override: reassigning to symbol HAVE_STACKPROTECTOR
.config:1874:warning: override: reassigning to symbol HAVE_PERF_USER_STACK_DUMP
.config:1878:warning: override: reassigning to symbol HAVE_DYNAMIC_FTRACE_WITH_JMP
.config:1880:warning: override: reassigning to symbol ARCH_WANT_LD_ORPHAN_WARN
.config:1885:warning: override: reassigning to symbol HUGETLBFS
.config:1887:warning: override: reassigning to symbol CC_IS_GCC
.config:1888:warning: override: reassigning to symbol THERMAL
.config:1891:warning: override: reassigning to symbol X86_REQUIRED_FEATURE_ALWAYS
.config:1893:warning: override: reassigning to symbol FB
.config:1897:warning: override: reassigning to symbol HAVE_GENERIC_TIF_BITS
.config:1900:warning: override: reassigning to symbol GCC10_NO_ARRAY_BOUNDS
.config:1903:warning: override: reassigning to symbol CGROUPS
.config:1904:warning: override: reassigning to symbol VIRTUALIZATION
.config:1907:warning: override: reassigning to symbol ARCH_HAS_CURRENT_STACK_POINTER
.config:1909:warning: override: reassigning to symbol AS_HAS_NON_CONST_ULEB128
.config:1912:warning: override: reassigning to symbol ARCH_CLOCKSOURCE_INIT
.config:1917:warning: override: reassigning to symbol DEBUG_PERF_USE_VMALLOC
.config:1929:warning: override: reassigning to symbol ARCH_HAS_KCOV
.config:1948:warning: override: reassigning to symbol PRINTK
.config:1952:warning: override: reassigning to symbol TTY
.config:1955:warning: override: reassigning to symbol BLK_DEV_INITRD
.config:1959:warning: override: reassigning to symbol BINFMT_ELF
.config:1960:warning: override: reassigning to symbol BINFMT_SCRIPT
.config:1966:warning: override: reassigning to symbol KERNEL_GZIP
.config:1985:warning: override: reassigning to symbol CGROUPS
.config:1989:warning: override: reassigning to symbol PROC_FS
.config:1990:warning: override: reassigning to symbol NET
.config:1992:warning: override: reassigning to symbol TMPFS
.config:1993:warning: override: reassigning to symbol SYSVIPC
.config:1994:warning: override: reassigning to symbol FUTEX
#
# configuration written to .config
#
make[5]: Leaving directory '/mnt/git-volume/kernel-test-stable/build/rand500nsconfig-x86_64'
make[4]: Leaving directory '/mnt/git-volume/linux-stable'
make[4]: Entering directory '/mnt/git-volume/linux-stable'
make[5]: Entering directory '/mnt/git-volume/kernel-test-stable/build/rand500nsconfig-x86_64'
  SYNC    include/config/auto.conf.cmd
  WRAP    arch/x86/include/generated/uapi/asm/bpf_perf_event.h
  WRAP    arch/x86/include/generated/uapi/asm/errno.h
  WRAP    arch/x86/include/generated/uapi/asm/fcntl.h
  WRAP    arch/x86/include/generated/uapi/asm/ioctl.h
  SYSHDR  arch/x86/include/generated/uapi/asm/unistd_32.h
  WRAP    arch/x86/include/generated/uapi/asm/ioctls.h
  WRAP    arch/x86/include/generated/uapi/asm/ipcbuf.h
  WRAP    arch/x86/include/generated/uapi/asm/param.h
  WRAP    arch/x86/include/generated/uapi/asm/poll.h
  WRAP    arch/x86/include/generated/uapi/asm/resource.h
  UPD     arch/x86/include/generated/asm/cpufeaturemasks.h
  SYSHDR  arch/x86/include/generated/uapi/asm/unistd_64.h
  WRAP    arch/x86/include/generated/uapi/asm/socket.h
  WRAP    arch/x86/include/generated/uapi/asm/sockios.h
  WRAP    arch/x86/include/generated/uapi/asm/termbits.h
  WRAP    arch/x86/include/generated/uapi/asm/termios.h
  WRAP    arch/x86/include/generated/uapi/asm/types.h
  HOSTCC  arch/x86/tools/relocs_32.o
  HOSTCC  arch/x86/tools/relocs_64.o
  SYSHDR  arch/x86/include/generated/uapi/asm/unistd_x32.h
  HOSTCC  arch/x86/tools/relocs_common.o
  HOSTCC  arch/x86/tools/vdso2c
  SYSTBL  arch/x86/include/generated/asm/syscalls_32.h
  HOSTLD  arch/x86/tools/relocs
  SYSHDR  arch/x86/include/generated/asm/unistd_32_ia32.h
  SYSHDR  arch/x86/include/generated/asm/unistd_64_x32.h
  SYSTBL  arch/x86/include/generated/asm/syscalls_64.h
  WRAP    arch/x86/include/generated/asm/early_ioremap.h
  WRAP    arch/x86/include/generated/asm/fprobe.h
  WRAP    arch/x86/include/generated/asm/mcs_spinlock.h
  WRAP    arch/x86/include/generated/asm/mmzone.h
  UPD     include/generated/uapi/linux/version.h
  WRAP    arch/x86/include/generated/asm/ring_buffer.h
  WRAP    arch/x86/include/generated/asm/device.h
  WRAP    arch/x86/include/generated/asm/irq_regs.h
  WRAP    arch/x86/include/generated/asm/kmap_size.h
  WRAP    arch/x86/include/generated/asm/local64.h
  WRAP    arch/x86/include/generated/asm/mmiowb.h
  WRAP    arch/x86/include/generated/asm/module.lds.h
  WRAP    arch/x86/include/generated/asm/rwonce.h
  HOSTCC  scripts/kallsyms
  UPD     include/generated/compile.h
  UPD     include/config/kernel.release
  UPD     include/generated/utsrelease.h
  HOSTCC  scripts/sorttable.o
  HOSTCC  scripts/elf-parse.o
  DESCEND objtool
  HOSTLD  scripts/sorttable
  CC      scripts/mod/empty.o
  HOSTCC  scripts/mod/mk_elfconfig
  CC      scripts/mod/devicetable-offsets.s
  MKELF   scripts/mod/elfconfig.h
  HOSTCC  scripts/mod/sumversion.o
  HOSTCC  scripts/mod/modpost.o
  HOSTCC  scripts/mod/symsearch.o
  UPD     scripts/mod/devicetable-offsets.h
  HOSTCC  scripts/mod/file2alias.o
  HOSTLD  scripts/mod/modpost
  CC      kernel/bounds.s
  CHKSHA1 /mnt/git-volume/linux-stable/include/linux/atomic/atomic-arch-fallback.h
  UPD     include/generated/timeconst.h
  CHKSHA1 /mnt/git-volume/linux-stable/include/linux/atomic/atomic-instrumented.h
  CHKSHA1 /mnt/git-volume/linux-stable/include/linux/atomic/atomic-long.h
  UPD     include/generated/bounds.h
  CC      arch/x86/kernel/asm-offsets.s
  CC      /mnt/git-volume/kernel-test-stable/build/rand500nsconfig-x86_64/tools/objtool/libsubcmd/exec-cmd.o
  CC      /mnt/git-volume/kernel-test-stable/build/rand500nsconfig-x86_64/tools/objtool/libsubcmd/help.o
  CC      /mnt/git-volume/kernel-test-stable/build/rand500nsconfig-x86_64/tools/objtool/libsubcmd/pager.o
  CC      /mnt/git-volume/kernel-test-stable/build/rand500nsconfig-x86_64/tools/objtool/libsubcmd/parse-options.o
  CC      /mnt/git-volume/kernel-test-stable/build/rand500nsconfig-x86_64/tools/objtool/libsubcmd/run-command.o
  CC      /mnt/git-volume/kernel-test-stable/build/rand500nsconfig-x86_64/tools/objtool/libsubcmd/sigchain.o
  CC      /mnt/git-volume/kernel-test-stable/build/rand500nsconfig-x86_64/tools/objtool/libsubcmd/subcmd-config.o
  LD      /mnt/git-volume/kernel-test-stable/build/rand500nsconfig-x86_64/tools/objtool/libsubcmd/libsubcmd-in.o
  AR      /mnt/git-volume/kernel-test-stable/build/rand500nsconfig-x86_64/tools/objtool/libsubcmd/libsubcmd.a
  CC      /mnt/git-volume/kernel-test-stable/build/rand500nsconfig-x86_64/tools/objtool/weak.o
  CC      /mnt/git-volume/kernel-test-stable/build/rand500nsconfig-x86_64/tools/objtool/check.o
  MKDIR   /mnt/git-volume/kernel-test-stable/build/rand500nsconfig-x86_64/tools/objtool/arch/x86/lib/
  GEN     /mnt/git-volume/kernel-test-stable/build/rand500nsconfig-x86_64/tools/objtool/arch/x86/lib/inat-tables.c
  MKDIR   /mnt/git-volume/kernel-test-stable/build/rand500nsconfig-x86_64/tools/objtool/arch/x86/lib/
  GEN     /mnt/git-volume/kernel-test-stable/build/rand500nsconfig-x86_64/tools/objtool/arch/x86/lib/cpu-feature-names.c
  CC      /mnt/git-volume/kernel-test-stable/build/rand500nsconfig-x86_64/tools/objtool/arch/x86/orc.o
  UPD     include/generated/asm-offsets.h
  CC      kernel/sched/rq-offsets.s
  CC      /mnt/git-volume/kernel-test-stable/build/rand500nsconfig-x86_64/tools/objtool/special.o
  CC      /mnt/git-volume/kernel-test-stable/build/rand500nsconfig-x86_64/tools/objtool/arch/x86/decode.o
  CC      /mnt/git-volume/kernel-test-stable/build/rand500nsconfig-x86_64/tools/objtool/builtin-check.o
  CC      /mnt/git-volume/kernel-test-stable/build/rand500nsconfig-x86_64/tools/objtool/elf.o
  UPD     include/generated/rq-offsets.h
  CALL    /mnt/git-volume/linux-stable/scripts/checksyscalls.sh 
  CC      /mnt/git-volume/kernel-test-stable/build/rand500nsconfig-x86_64/tools/objtool/objtool.o
  CC      /mnt/git-volume/kernel-test-stable/build/rand500nsconfig-x86_64/tools/objtool/arch/x86/special.o
  LD      /mnt/git-volume/kernel-test-stable/build/rand500nsconfig-x86_64/tools/objtool/arch/x86/objtool-in.o
  CC      /mnt/git-volume/kernel-test-stable/build/rand500nsconfig-x86_64/tools/objtool/orc_gen.o
  CC      /mnt/git-volume/kernel-test-stable/build/rand500nsconfig-x86_64/tools/objtool/orc_dump.o
  CC      /mnt/git-volume/kernel-test-stable/build/rand500nsconfig-x86_64/tools/objtool/libstring.o
  CC      /mnt/git-volume/kernel-test-stable/build/rand500nsconfig-x86_64/tools/objtool/libctype.o
  CC      /mnt/git-volume/kernel-test-stable/build/rand500nsconfig-x86_64/tools/objtool/str_error_r.o
  CC      /mnt/git-volume/kernel-test-stable/build/rand500nsconfig-x86_64/tools/objtool/librbtree.o
  CC      /mnt/git-volume/kernel-test-stable/build/rand500nsconfig-x86_64/tools/objtool/signal.o
  LD      /mnt/git-volume/kernel-test-stable/build/rand500nsconfig-x86_64/tools/objtool/objtool-in.o
  LINK    /mnt/git-volume/kernel-test-stable/build/rand500nsconfig-x86_64/tools/objtool/objtool
  HOSTCC  usr/gen_init_cpio
  CC      init/main.o
  AS      arch/x86/boot/startup/la57toggle.o
  CC      kernel/sched/core.o
  CC      arch/x86/boot/startup/gdt_idt.o
  GEN     usr/initramfs_data.cpio
  COPY    usr/initramfs_inc_data
  AS      usr/initramfs_data.o
  AR      usr/built-in.a
  CC      arch/x86/boot/startup/map_kernel.o
  AR      arch/x86/boot/startup/lib.a
  OBJCOPY arch/x86/boot/startup/gdt_idt.pi.o
  AR      certs/built-in.a
  CC      mm/filemap.o
  OBJCOPY arch/x86/boot/startup/map_kernel.pi.o
  AR      arch/x86/boot/startup/built-in.a
  LDS     arch/x86/entry/vdso/vdso64/vdso64.lds
  AS      arch/x86/entry/vdso/vdso64/note.o
  CC      arch/x86/entry/vdso/vdso64/vclock_gettime.o
  UPD     init/utsversion-tmp.h
  CC      init/do_mounts.o
  CC      arch/x86/entry/vdso/vdso64/vgetcpu.o
  CC      arch/x86/entry/vdso/vdso64/vgetrandom.o
  AS      arch/x86/entry/vdso/vdso64/vgetrandom-chacha.o
  VDSO    arch/x86/entry/vdso/vdso64/vdso64.so.dbg
  OBJCOPY arch/x86/entry/vdso/vdso64/vdso64.so
  VDSO2C  arch/x86/entry/vdso/vdso64/vdso64-image.c
  CC      arch/x86/entry/vdso/vdso64/vdso64-image.o
  AR      arch/x86/entry/vdso/vdso64/built-in.a
  CC      arch/x86/entry/vdso/vma.o
  CC      kernel/sched/fair.o
  CC      mm/mempool.o
  CC      init/do_mounts_initrd.o
  CC      arch/x86/entry/vdso/extable.o
  CC      mm/oom_kill.o
  CC      init/initramfs.o
  AR      arch/x86/entry/vdso/built-in.a
  AR      arch/x86/entry/vsyscall/built-in.a
  AS      arch/x86/entry/entry.o
  AS      arch/x86/entry/entry_64.o
  CC      arch/x86/entry/syscall_64.o
  CC      init/calibrate.o
  CC      mm/fadvise.o
  CC      arch/x86/entry/common.o
  CC      init/init_task.o
  CC      kernel/sched/build_policy.o
  CC      mm/maccess.o
  AS      arch/x86/entry/thunk.o
  AR      arch/x86/entry/built-in.a
  CC      init/version.o
  CC      arch/x86/events/amd/core.o
  CC      mm/page-writeback.o
  AR      init/built-in.a
  AR      fs/notify/dnotify/built-in.a
  CC      fs/notify/inotify/inotify_fsnotify.o
  CC      fs/notify/inotify/inotify_user.o
  CC      arch/x86/events/amd/lbr.o
  CC      kernel/sched/build_utility.o
  CC      mm/folio-compat.o
  CC      arch/x86/events/amd/ibs.o
  AR      fs/notify/inotify/built-in.a
  AR      fs/notify/fanotify/built-in.a
  CC      fs/notify/fsnotify.o
  CC      mm/readahead.o
  CC      fs/notify/notification.o
  AR      arch/x86/events/amd/built-in.a
  CC      arch/x86/events/intel/core.o
  AR      kernel/sched/built-in.a
  CC      kernel/locking/mutex.o
  CC      mm/swap.o
  CC      fs/notify/group.o
  CC      kernel/locking/semaphore.o
  CC      fs/notify/mark.o
  CC      mm/truncate.o
  CC      kernel/locking/rwsem.o
  CC      fs/notify/fdinfo.o
  CC      kernel/locking/percpu-rwsem.o
  CC      mm/vmscan.o
  AR      fs/notify/built-in.a
  AR      fs/iomap/built-in.a
  AR      fs/quota/built-in.a
  CC      fs/proc/task_mmu.o
  CC      kernel/locking/mutex-debug.o
  CC      arch/x86/events/intel/bts.o
  CC      kernel/locking/lockdep.o
  CC      fs/proc/inode.o
  CC      arch/x86/events/intel/ds.o
  CC      mm/shrinker.o
  CC      kernel/locking/lockdep_proc.o
  CC      fs/proc/root.o
  CC      mm/shmem.o
  CC      kernel/locking/rtmutex_api.o
  CC      fs/proc/base.o
  CC      arch/x86/events/intel/knc.o
  CC      mm/util.o
  CC      kernel/locking/spinlock.o
  CC      kernel/locking/spinlock_debug.o
  CC      arch/x86/events/intel/lbr.o
  AR      kernel/locking/built-in.a
  CC      kernel/power/qos.o
  CC      mm/mmzone.o
  CC      fs/proc/generic.o
  CC      mm/vmstat.o
  CC      arch/x86/events/intel/p4.o
  CC      kernel/power/poweroff.o
  CC      fs/proc/array.o
  AR      kernel/power/built-in.a
  CC      kernel/printk/printk.o
  CC      mm/backing-dev.o
  CC      fs/proc/fd.o
  CC      arch/x86/events/intel/p6.o
  CC      mm/mm_init.o
  CC      kernel/printk/printk_safe.o
  CC      arch/x86/events/intel/pt.o
  CC      fs/proc/proc_tty.o
  CC      kernel/printk/nbcon.o
  CC      fs/proc/cmdline.o
  CC      mm/percpu.o
  AR      arch/x86/events/intel/built-in.a
  CC      arch/x86/events/zhaoxin/core.o
  CC      kernel/printk/printk_ringbuffer.o
  CC      fs/proc/consoles.o
  CC      kernel/printk/sysctl.o
  CC      fs/proc/cpuinfo.o
  CC      mm/slab_common.o
  AR      arch/x86/events/zhaoxin/built-in.a
  CC      arch/x86/events/core.o
  AR      kernel/printk/built-in.a
  CC      kernel/irq/irqdesc.o
  CC      fs/proc/devices.o
  CC      mm/compaction.o
  CC      kernel/irq/handle.o
  CC      fs/proc/loadavg.o
  CC      mm/show_mem.o
  CC      kernel/irq/manage.o
  CC      arch/x86/events/probe.o
  CC      fs/proc/meminfo.o
  CC      arch/x86/events/utils.o
  CC      mm/interval_tree.o
  CC      kernel/irq/spurious.o
  CC      fs/proc/stat.o
  CC      arch/x86/events/msr.o
  CC      kernel/irq/resend.o
  CC      fs/proc/uptime.o
  CC      mm/list_lru.o
  AR      arch/x86/events/built-in.a
  CC      kernel/irq/chip.o
  AR      arch/x86/kvm/built-in.a
  CC      arch/x86/realmode/init.o
  CC      fs/proc/util.o
  CC      mm/workingset.o
  AS      arch/x86/realmode/rm/header.o
  AS      arch/x86/realmode/rm/trampoline_64.o
  CC      kernel/irq/dummychip.o
  AS      arch/x86/realmode/rm/stack.o
  CC      fs/proc/version.o
  AS      arch/x86/realmode/rm/reboot.o
  PASYMS  arch/x86/realmode/rm/pasyms.h
  LDS     arch/x86/realmode/rm/realmode.lds
  LD      arch/x86/realmode/rm/realmode.elf
  RELOCS  arch/x86/realmode/rm/realmode.relocs
  OBJCOPY arch/x86/realmode/rm/realmode.bin
  AS      arch/x86/realmode/rmpiggy.o
  AR      arch/x86/realmode/built-in.a
  CC      arch/x86/kernel/fpu/init.o
  CC      kernel/irq/devres.o
  CC      mm/debug.o
  CC      fs/proc/softirqs.o
  CC      arch/x86/kernel/fpu/bugs.o
  CC      arch/x86/kernel/fpu/core.o
  CC      kernel/irq/kexec.o
  CC      fs/proc/namespaces.o
  CC      mm/gup.o
  CC      kernel/irq/autoprobe.o
  CC      arch/x86/kernel/fpu/regset.o
  CC      fs/proc/self.o
  CC      kernel/irq/irqdomain.o
  CC      arch/x86/kernel/fpu/signal.o
  CC      fs/proc/thread_self.o
  CC      mm/mmap_lock.o
  CC      kernel/irq/proc.o
  CC      arch/x86/kernel/fpu/xstate.o
  CC      fs/proc/proc_sysctl.o
  CC      mm/vma_init.o
  CC      kernel/irq/matrix.o
  AR      arch/x86/kernel/fpu/built-in.a
  CC      arch/x86/kernel/cpu/microcode/core.o
  AR      kernel/irq/built-in.a
  CC      kernel/rcu/update.o
  CC      fs/proc/proc_net.o
  CC      mm/highmem.o
  CC      arch/x86/kernel/cpu/microcode/intel.o
  CC      kernel/rcu/sync.o
  CC      kernel/rcu/srcutiny.o
  CC      mm/memory.o
  CC      fs/proc/kmsg.o
  CC      arch/x86/kernel/cpu/microcode/amd.o
  CC      kernel/rcu/tiny.o
  CC      fs/proc/page.o
  AR      kernel/rcu/built-in.a
  AR      kernel/livepatch/built-in.a
  AR      kernel/liveupdate/built-in.a
  CC      kernel/dma/mapping.o
  AR      arch/x86/kernel/cpu/microcode/built-in.a
  CC      arch/x86/kernel/cpu/cacheinfo.o
  AR      fs/proc/built-in.a
  CC      fs/kernfs/mount.o
  CC      arch/x86/kernel/cpu/scattered.o
  CC      kernel/dma/direct.o
  CC      fs/kernfs/inode.o
  CC      arch/x86/kernel/cpu/topology_common.o
  CC      mm/mincore.o
  CC      kernel/dma/swiotlb.o
  CC      arch/x86/kernel/cpu/topology_ext.o
  CC      fs/kernfs/dir.o
  CC      arch/x86/kernel/cpu/topology_amd.o
  CC      mm/mlock.o
  CC      kernel/dma/remap.o
  CC      arch/x86/kernel/cpu/cpuid_parser.o
  CC      arch/x86/kernel/cpu/common.o
  CC      fs/kernfs/file.o
  AR      kernel/dma/built-in.a
  CC      kernel/entry/common.o
  CC      mm/mmap.o
  CC      kernel/entry/syscall-common.o
  CC      fs/kernfs/symlink.o
  CC      arch/x86/kernel/cpu/rdrand.o
  CC      arch/x86/kernel/cpu/match.o
  CC      mm/mmu_gather.o
  CC      arch/x86/kernel/cpu/bugs.o
  CC      kernel/entry/syscall_user_dispatch.o
  AR      fs/kernfs/built-in.a
  CC      fs/configfs/inode.o
  CC      mm/mprotect.o
  CC      fs/configfs/file.o
  AR      kernel/entry/built-in.a
  CC      kernel/unwind/user.o
  CC      fs/configfs/dir.o
  CC      kernel/unwind/deferred.o
  CC      arch/x86/kernel/cpu/aperfmperf.o
  CC      mm/mremap.o
  CC      arch/x86/kernel/cpu/cpuid-deps.o
  AR      kernel/unwind/built-in.a
  CC      kernel/time/time.o
  CC      fs/configfs/symlink.o
  CC      arch/x86/kernel/cpu/cpuid_0x2_table.o
  CC      mm/msync.o
  CC      fs/configfs/mount.o
  CC      arch/x86/kernel/cpu/umwait.o
  CC      kernel/time/timer.o
  MKCAP   arch/x86/kernel/cpu/capflags.c
  CC      fs/configfs/item.o
  CC      mm/page_vma_mapped.o
  CC      kernel/time/hrtimer.o
  AR      fs/configfs/built-in.a
  CC      fs/devpts/inode.o
  CC      mm/pagewalk.o
  AR      fs/devpts/built-in.a
  CC      fs/ramfs/inode.o
  CC      kernel/time/sleep_timeout.o
  CC      mm/pgtable-generic.o
  CC      kernel/time/timekeeping.o
  CC      fs/ramfs/file-mmu.o
  CC      mm/rmap.o
  CC      arch/x86/kernel/cpu/powerflags.o
  AR      fs/ramfs/built-in.a
  CC      fs/hugetlbfs/inode.o
  CC      arch/x86/kernel/cpu/topology.o
  CC      kernel/time/ntp.o
  CC      arch/x86/kernel/cpu/proc.o
  CC      kernel/time/clocksource.o
  CC      mm/vmalloc.o
  AR      fs/hugetlbfs/built-in.a
  AR      fs/unicode/built-in.a
  AR      fs/hostfs/built-in.a
  CC      fs/open.o
  CC      arch/x86/kernel/cpu/feat_ctl.o
  CC      kernel/time/jiffies.o
  CC      mm/vma.o
  CC      arch/x86/kernel/cpu/intel.o
  CC      kernel/time/timer_list.o
  CC      arch/x86/kernel/cpu/tsx.o
  CC      fs/read_write.o
  CC      kernel/time/timeconv.o
  CC      arch/x86/kernel/cpu/amd.o
  CC      kernel/time/timecounter.o
  CC      kernel/time/alarmtimer.o
  CC      mm/vma_exec.o
  CC      arch/x86/kernel/cpu/hygon.o
  CC      fs/file_table.o
  CC      kernel/time/posix-stubs.o
  CC      arch/x86/kernel/cpu/centaur.o
  CC      mm/mseal.o
  CC      arch/x86/kernel/cpu/zhaoxin.o
  CC      kernel/time/clockevents.o
  CC      fs/super.o
  CC      arch/x86/kernel/cpu/perfctr-watchdog.o
  CC      mm/page_alloc.o
  CC      kernel/time/tick-common.o
  CC      arch/x86/kernel/cpu/capflags.o
  AR      arch/x86/kernel/cpu/built-in.a
  AR      arch/x86/kernel/acpi/built-in.a
  CC      arch/x86/kernel/apic/apic.o
  CC      fs/char_dev.o
  CC      kernel/time/tick-broadcast.o
  CC      kernel/time/vsyscall.o
  CC      fs/stat.o
  CC      mm/page_frag_cache.o
  AR      kernel/time/built-in.a
  CC      kernel/futex/core.o
  CC      arch/x86/kernel/apic/apic_common.o
  CC      mm/init-mm.o
  CC      arch/x86/kernel/apic/apic_noop.o
  CC      fs/exec.o
  CC      kernel/futex/syscalls.o
  CC      arch/x86/kernel/apic/ipi.o
  CC      mm/memblock.o
  CC      arch/x86/kernel/apic/vector.o
  CC      kernel/futex/pi.o
  CC      fs/pipe.o
  CC      mm/slub.o
  CC      kernel/futex/requeue.o
  CC      arch/x86/kernel/apic/init.o
  CC      arch/x86/kernel/apic/hw_nmi.o
  CC      fs/namei.o
  CC      kernel/futex/waitwake.o
  CC      arch/x86/kernel/apic/io_apic.o
  AR      kernel/futex/built-in.a
  CC      kernel/cgroup/cgroup.o
  CC      mm/dmapool.o
  CC      mm/hugetlb.o
  CC      arch/x86/kernel/apic/apic_flat_64.o
  CC      arch/x86/kernel/apic/probe_64.o
  CC      fs/fcntl.o
  AR      arch/x86/kernel/apic/built-in.a
  AR      arch/x86/kernel/kprobes/built-in.a
  AS      arch/x86/kernel/head_64.o
  CC      arch/x86/kernel/head64.o
  CC      kernel/cgroup/rstat.o
  CC      fs/ioctl.o
  CC      arch/x86/kernel/ebda.o
  CC      mm/hugetlb_sysfs.o
  CC      arch/x86/kernel/platform-quirks.o
  CC      kernel/cgroup/namespace.o
  CC      fs/readdir.o
  CC      mm/hugetlb_sysctl.o
  CC      arch/x86/kernel/process_64.o
  CC      kernel/cgroup/cgroup-v1.o
  CC      mm/hugetlb_vmemmap.o
  CC      fs/select.o
  CC      arch/x86/kernel/signal.o
  CC      mm/sparse.o
  CC      kernel/cgroup/freezer.o
  CC      arch/x86/kernel/signal_64.o
  CC      fs/dcache.o
  CC      mm/sparse-vmemmap.o
  AR      kernel/cgroup/built-in.a
  CC      kernel/debug/debug_core.o
  CC      arch/x86/kernel/traps.o
  CC      mm/page_counter.o
  CC      mm/memcontrol.o
  CC      kernel/debug/gdbstub.o
  CC      fs/inode.o
  CC      arch/x86/kernel/idt.o
  AR      kernel/debug/built-in.a
  CC      kernel/trace/trace_clock.o
  AR      kernel/trace/built-in.a
  CC      kernel/bpf/core.o
  CC      arch/x86/kernel/irq.o
  CC      fs/attr.o
  CC      mm/vmpressure.o
  CC      arch/x86/kernel/irq_64.o
  CC      fs/bad_inode.o
  CC      mm/early_ioremap.o
  AR      kernel/bpf/built-in.a
  CC      kernel/events/core.o
  CC      arch/x86/kernel/dumpstack_64.o
  CC      fs/file.o
  CC      mm/memfd.o
  CC      arch/x86/kernel/time.o
  CC      arch/x86/kernel/ioport.o
  CC      fs/filesystems.o
  AR      mm/built-in.a
  CC      kernel/events/ring_buffer.o
  CC      arch/x86/kernel/dumpstack.o
  CC      fs/namespace.o
  CC      kernel/events/callchain.o
  CC      arch/x86/kernel/nmi.o
  CC      kernel/events/hw_breakpoint.o
  CC      arch/x86/kernel/setup.o
  CC      arch/x86/kernel/x86_init.o
  CC      fs/seq_file.o
  CC      arch/x86/kernel/i8259.o
  AR      kernel/events/built-in.a
  CC      kernel/fork.o
  CC      arch/x86/kernel/irqinit.o
  CC      arch/x86/kernel/irq_work.o
  CC      fs/xattr.o
  CC      arch/x86/kernel/probe_roms.o
  CC      arch/x86/kernel/sys_x86_64.o
  CC      kernel/exec_domain.o
  CC      arch/x86/kernel/bootflag.o
  CC      fs/libfs.o
  CC      arch/x86/kernel/e820.o
  CC      kernel/exec_state.o
  CC      arch/x86/kernel/pci-dma.o
  CC      kernel/panic.o
  CC      arch/x86/kernel/quirks.o
  CC      fs/fs-writeback.o
  CC      arch/x86/kernel/kdebugfs.o
  CC      kernel/cpu.o
  CC      arch/x86/kernel/alternative.o
  CC      arch/x86/kernel/i8253.o
  CC      fs/pnode.o
  CC      arch/x86/kernel/hw_breakpoint.o
  CC      kernel/exit.o
  CC      arch/x86/kernel/tsc.o
  CC      fs/splice.o
  CC      arch/x86/kernel/tsc_msr.o
  CC      arch/x86/kernel/io_delay.o
  CC      arch/x86/kernel/rtc.o
  CC      arch/x86/kernel/resource.o
  CC      fs/sync.o
  AS      arch/x86/kernel/irqflags.o
  CC      arch/x86/kernel/static_call.o
  CC      arch/x86/mm/pat/set_memory.o
  CC      kernel/softirq.o
  CC      arch/x86/kernel/process.o
  CC      fs/utimes.o
  CC      kernel/resource.o
  CC      arch/x86/mm/pat/memtype.o
  CC      arch/x86/kernel/ptrace.o
  CC      fs/d_path.o
  AR      arch/x86/mm/pat/built-in.a
  CC      arch/x86/mm/init.o
  CC      kernel/sysctl.o
  CC      arch/x86/kernel/step.o
  CC      fs/stack.o
  CC      arch/x86/mm/init_64.o
  CC      fs/fs_struct.o
  CC      arch/x86/kernel/stacktrace.o
  CC      kernel/capability.o
  CC      arch/x86/kernel/reboot.o
  CC      arch/x86/mm/fault.o
  CC      fs/statfs.o
  CC      kernel/ptrace.o
  CC      arch/x86/kernel/tsc_sync.o
  CC      arch/x86/kernel/mpparse.o
  CC      arch/x86/mm/ioremap.o
  CC      fs/fs_pin.o
  CC      kernel/user.o
  CC      fs/nsfs.o
  CC      kernel/signal.o
  CC      arch/x86/kernel/trace_clock.o
  CC      arch/x86/mm/extable.o
  CC      arch/x86/kernel/kgdb.o
  CC      fs/fs_dirent.o
  CC      arch/x86/mm/mmap.o
  CC      arch/x86/kernel/hpet.o
  CC      fs/fs_context.o
  CC      kernel/sys.o
  CC      arch/x86/mm/pgtable.o
  CC      arch/x86/kernel/pcspeaker.o
  CC      fs/fs_parser.o
  CC      arch/x86/kernel/perf_regs.o
  CC      arch/x86/mm/physaddr.o
  CC      kernel/umh.o
  CC      arch/x86/mm/tlb.o
  CC      fs/fsopen.o
  CC      arch/x86/kernel/unwind_guess.o
  CC      kernel/workqueue.o
  CC      fs/init.o
  CC      arch/x86/kernel/vsmp_64.o
  CC      arch/x86/mm/cpu_entry_area.o
  LDS     arch/x86/kernel/vmlinux.lds
  AR      arch/x86/kernel/built-in.a
  AS      arch/x86/crypto/serpent-avx-x86_64-asm_64.o
  CC      fs/kernel_read_file.o
  CC      arch/x86/crypto/serpent_avx_glue.o
  CC      arch/x86/mm/maccess.o
  AR      arch/x86/crypto/built-in.a
  AR      arch/x86/platform/atom/built-in.a
  AR      arch/x86/platform/ce4100/built-in.a
  AR      arch/x86/platform/efi/built-in.a
  AR      arch/x86/platform/geode/built-in.a
  AR      arch/x86/platform/iris/built-in.a
  CC      arch/x86/mm/pgprot.o
  AR      arch/x86/platform/intel/built-in.a
  AR      arch/x86/platform/intel-mid/built-in.a
  AR      arch/x86/platform/intel-quark/built-in.a
  AR      arch/x86/platform/olpc/built-in.a
  AR      arch/x86/platform/scx200/built-in.a
  AR      arch/x86/platform/ts5500/built-in.a
  CC      kernel/pid.o
  AR      arch/x86/platform/uv/built-in.a
  AR      arch/x86/platform/built-in.a
  CC      ipc/util.o
  CC      fs/mnt_idmapping.o
  CC      arch/x86/mm/hugetlbpage.o
  CC      fs/remap_range.o
  CC      ipc/msgutil.o
  CC      kernel/task_work.o
  AR      arch/x86/mm/built-in.a
  AR      arch/x86/net/built-in.a
  CC      arch/x86/virt/svm/cmdline.o
  AR      arch/x86/virt/svm/built-in.a
  AR      arch/x86/virt/vmx/built-in.a
  AR      arch/x86/virt/built-in.a
  AR      arch/x86/built-in.a
  CC      security/commoncap.o
  CC      fs/pidfs.o
  CC      ipc/msg.o
  CC      kernel/extable.o
  CC      security/min_addr.o
  CC      ipc/sem.o
  CC      fs/file_attr.o
  CC      security/device_cgroup.o
  CC      kernel/params.o
  CC      fs/fserror.o
  CC      ipc/shm.o
  AR      security/built-in.a
  CC      crypto/api.o
  CC      fs/nullfs.o
  CC      kernel/kthread.o
  CC      ipc/syscall.o
  CC      crypto/cipher.o
  CC      fs/proc_namespace.o
  CC      kernel/sys_ni.o
  CC      crypto/algapi.o
  CC      ipc/ipc_sysctl.o
  CC      kernel/nsproxy.o
  CC      fs/anon_inodes.o
  AR      ipc/built-in.a
  CC      fs/signalfd.o
  CC      fs/eventfd.o
  CC      kernel/nstree.o
  CC      crypto/scatterwalk.o
  CC      fs/binfmt_script.o
  CC      crypto/proc.o
  CC      fs/binfmt_elf.o
  CC      fs/drop_caches.o
  CC      kernel/nscommon.o
  CC      crypto/aead.o
  CC      kernel/notifier.o
  CC      fs/sysctls.o
  CC      kernel/ksysfs.o
  AR      fs/built-in.a
  AR      lib/kunit/built-in.a
  AR      lib/math/tests/built-in.a
  CC      lib/math/div64.o
  CC      lib/math/gcd.o
  CC      lib/math/lcm.o
  CC      lib/math/int_log.o
  CC      kernel/cred.o
  CC      crypto/lskcipher.o
  CC      lib/math/int_pow.o
  CC      lib/math/int_sqrt.o
  CC      lib/math/reciprocal_div.o
  CC      kernel/reboot.o
  AR      lib/math/built-in.a
  AR      lib/crc/tests/built-in.a
  HOSTCC  lib/crc/gen_crc32table
  GEN     lib/crc/crc32table.h
  CC      lib/crc/crc32-main.o
  AR      lib/crc/built-in.a
  CC      lib/crypto/hash_info.o
  CC      kernel/async.o
  CC      crypto/skcipher.o
  CC      kernel/range.o
  CC      kernel/smpboot.o
  CC      kernel/ucount.o
  CC      lib/crypto/memneq.o
  CC      lib/crypto/utils.o
  CC      kernel/regset.o
  CC      kernel/ksyms_common.o
  CC      crypto/ahash.o
  CC      lib/crypto/aes.o
  CC      kernel/stacktrace.o
  AS      arch/x86/lib/bhi.o
  AS      arch/x86/lib/clear_page_64.o
  AS      lib/crypto/x86/aes-aesni.o
  CC      arch/x86/lib/cmdline.o
  CC      lib/crypto/gf128mul.o
  CC      kernel/up.o
  AS      arch/x86/lib/cmpxchg16b_emu.o
  CC      arch/x86/lib/copy_mc.o
  CC      kernel/kallsyms.o
  CC      crypto/shash.o
  CC      lib/crypto/blake2s.o
  AS      arch/x86/lib/copy_mc_64.o
  AS      arch/x86/lib/copy_page_64.o
  AS      arch/x86/lib/copy_user_64.o
  AS      arch/x86/lib/copy_user_uncached_64.o
  CC      arch/x86/lib/cpu.o
  AS      arch/x86/lib/csum-copy_64.o
  CC      arch/x86/lib/csum-partial_64.o
  AS      lib/crypto/x86/blake2s-core.o
  CC      lib/crypto/chacha-block-generic.o
  CC      arch/x86/lib/csum-wrappers_64.o
  CC      lib/crypto/chacha.o
  CC      kernel/seccomp.o
  CC      crypto/kpp.o
  CC      arch/x86/lib/delay.o
  AS      lib/crypto/x86/chacha-ssse3-x86_64.o
  AS      lib/crypto/x86/chacha-avx2-x86_64.o
  AS      lib/crypto/x86/chacha-avx512vl-x86_64.o
  AS      arch/x86/lib/getuser.o
  CC      lib/crypto/sha1.o
  GEN     arch/x86/lib/inat-tables.c
  CC      arch/x86/lib/insn-eval.o
  CC      crypto/acompress.o
  AS      lib/crypto/x86/sha1-ssse3-and-avx.o
  AS      lib/crypto/x86/sha1-avx2-asm.o
  AS      lib/crypto/x86/sha1-ni-asm.o
  CC      lib/crypto/sha256.o
  CC      kernel/utsname_sysctl.o
  CC      arch/x86/lib/insn.o
  CC      kernel/irq_work.o
  AS      lib/crypto/x86/sha256-ssse3-asm.o
  AS      lib/crypto/x86/sha256-avx-asm.o
  AS      arch/x86/lib/memcpy_64.o
  AS      lib/crypto/x86/sha256-avx2-asm.o
  AS      arch/x86/lib/memmove_64.o
  AS      lib/crypto/x86/sha256-ni-asm.o
  AS      arch/x86/lib/memset_64.o
  CC      lib/crypto/sha512.o
  CC      arch/x86/lib/misc.o
  CC      arch/x86/lib/pc-conf-reg.o
  CC      crypto/scompress.o
  AS      arch/x86/lib/putuser.o
  CC      arch/x86/lib/usercopy.o
  CC      kernel/static_call.o
  AS      lib/crypto/x86/sha512-ssse3-asm.o
  AS      lib/crypto/x86/sha512-avx-asm.o
  AS      lib/crypto/x86/sha512-avx2-asm.o
  CC      lib/crypto/sha3.o
  CC      arch/x86/lib/usercopy_64.o
  CC      kernel/static_call_inline.o
  CC      crypto/algboss.o
  AR      lib/crypto/built-in.a
  AR      lib/tests/built-in.a
  CC      lib/vdso/datastore.o
  CC      arch/x86/lib/msr.o
  CC      kernel/iomem.o
  AR      lib/vdso/built-in.a
  AR      lib/raid/xor/tests/built-in.a
  AR      lib/raid/xor/built-in.a
  AR      lib/raid/raid6/built-in.a
  AR      lib/raid/built-in.a
  CC      lib/842/842_compress.o
  AS      arch/x86/lib/msr-reg.o
  CC      arch/x86/lib/msr-reg-export.o
  CC      crypto/testmgr.o
  AR      kernel/built-in.a
  AR      drivers/cache/built-in.a
  CC      drivers/irqchip/irq-madera.o
  AS      arch/x86/lib/hweight.o
  CC      arch/x86/lib/iomem.o
  CC      lib/842/842_decompress.o
  CC      crypto/crypto_null.o
  CC      arch/x86/lib/inat.o
  AR      arch/x86/lib/built-in.a
  AR      arch/x86/lib/lib.a
  AR      sound/built-in.a
  CC      net/core/sock.o
  AR      drivers/irqchip/built-in.a
  CC      drivers/bus/mhi/ep/main.o
  CC      crypto/rmd160.o
  AR      lib/842/built-in.a
  CC      lib/zlib_inflate/inffast.o
  CC      lib/zlib_inflate/inflate.o
  CC      lib/zlib_inflate/infutil.o
  CC      crypto/sha3.o
  CC      drivers/bus/mhi/ep/mmio.o
  CC      lib/zlib_inflate/inftrees.o
  CC      lib/zlib_inflate/inflate_syms.o
  CC      crypto/ecb.o
  AR      lib/zlib_inflate/built-in.a
  CC      lib/lzo/lzo1x_decompress_safe.o
  CC      crypto/lrw.o
  CC      drivers/bus/mhi/ep/ring.o
  CC      net/core/skbuff.o
  AR      lib/lzo/built-in.a
  CC      lib/lz4/lz4_decompress.o
  CC      drivers/bus/mhi/ep/sm.o
  CC      crypto/xts.o
  AR      lib/lz4/built-in.a
  CC      lib/zstd/zstd_compress_module.o
  CC      crypto/ctr.o
  CC      lib/zstd/compress/fse_compress.o
  AR      drivers/bus/mhi/ep/built-in.a
  AR      drivers/bus/mhi/built-in.a
  AR      drivers/bus/built-in.a
  AR      drivers/phy/allwinner/built-in.a
  AR      drivers/phy/amlogic/built-in.a
  AR      drivers/phy/apple/built-in.a
  AR      drivers/phy/axiado/built-in.a
  AR      drivers/phy/broadcom/built-in.a
  AR      drivers/phy/cadence/built-in.a
  AR      drivers/phy/canaan/built-in.a
  AR      drivers/phy/eswin/built-in.a
  AR      drivers/phy/freescale/built-in.a
  AR      drivers/phy/hisilicon/built-in.a
  AR      drivers/phy/ingenic/built-in.a
  CC      drivers/phy/intel/phy-intel-lgm-emmc.o
  CC      lib/zstd/compress/hist.o
  CC      lib/zstd/compress/huf_compress.o
  CC      crypto/aegis128-core.o
  AR      drivers/phy/intel/built-in.a
  AR      drivers/phy/lantiq/built-in.a
  AR      drivers/phy/marvell/built-in.a
  AR      drivers/phy/mediatek/built-in.a
  AR      drivers/phy/microchip/built-in.a
  AR      drivers/phy/motorola/built-in.a
  AR      drivers/phy/mscc/built-in.a
  CC      lib/zstd/compress/zstd_compress.o
  AR      drivers/phy/nuvoton/built-in.a
  AR      drivers/phy/qualcomm/built-in.a
  AR      drivers/phy/ralink/built-in.a
  AR      drivers/phy/realtek/built-in.a
  AR      drivers/phy/renesas/built-in.a
  AR      drivers/phy/rockchip/built-in.a
  AR      drivers/phy/samsung/built-in.a
  AR      drivers/phy/socionext/built-in.a
  AR      drivers/phy/sophgo/built-in.a
  AR      drivers/phy/spacemit/built-in.a
  AR      drivers/phy/st/built-in.a
  AR      drivers/phy/starfive/built-in.a
  AR      drivers/phy/sunplus/built-in.a
  AR      drivers/phy/tegra/built-in.a
  AR      drivers/phy/ti/built-in.a
  AR      drivers/phy/xilinx/built-in.a
  CC      drivers/phy/phy-core.o
  CC      crypto/cryptd.o
  CC      net/core/datagram.o
  CC      crypto/serpent_generic.o
  CC      drivers/phy/phy-can-transceiver.o
  CC      lib/zstd/compress/zstd_compress_literals.o
  CC      lib/zstd/compress/zstd_compress_sequences.o
  CC      lib/zstd/compress/zstd_compress_superblock.o
  CC      crypto/chacha.o
  AR      drivers/phy/built-in.a
  AR      drivers/pinctrl/actions/built-in.a
  AR      drivers/pinctrl/airoha/built-in.a
  AR      drivers/pinctrl/bcm/built-in.a
  CC      drivers/pinctrl/cirrus/pinctrl-madera-core.o
  CC      lib/zstd/compress/zstd_double_fast.o
  CC      crypto/crc32c.o
  CC      net/core/stream.o
  CC      crypto/authenc.o
  CC      drivers/pinctrl/cirrus/pinctrl-cs47l85.o
  CC      lib/zstd/compress/zstd_fast.o
  CC      net/core/scm.o
  CC      drivers/pinctrl/cirrus/pinctrl-cs47l92.o
  CC      crypto/authencesn.o
  CC      lib/zstd/compress/zstd_lazy.o
  AR      drivers/pinctrl/cirrus/built-in.a
  AR      drivers/pinctrl/cix/built-in.a
  AR      drivers/pinctrl/freescale/built-in.a
  AR      drivers/pinctrl/intel/built-in.a
  AR      drivers/pinctrl/mediatek/built-in.a
  AR      drivers/pinctrl/microchip/built-in.a
  AR      drivers/pinctrl/mvebu/built-in.a
  AR      drivers/pinctrl/nomadik/built-in.a
  AR      drivers/pinctrl/nuvoton/built-in.a
  AR      drivers/pinctrl/nxp/built-in.a
  AR      drivers/pinctrl/qcom/built-in.a
  AR      drivers/pinctrl/sophgo/built-in.a
  AR      drivers/pinctrl/spacemit/built-in.a
  AR      drivers/pinctrl/sprd/built-in.a
  AR      drivers/pinctrl/starfive/built-in.a
  AR      drivers/pinctrl/sunplus/built-in.a
  AR      drivers/pinctrl/tegra/built-in.a
  AR      drivers/pinctrl/ti/built-in.a
  CC      drivers/pinctrl/core.o
  CC      net/core/gen_stats.o
  CC      crypto/842.o
  CC      drivers/pinctrl/pinctrl-utils.o
  CC      crypto/rng.o
  CC      drivers/pinctrl/pinmux.o
  CC      net/core/gen_estimator.o
  CC      drivers/pinctrl/pinconf.o
  CC      crypto/drbg.o
  CC      drivers/pinctrl/pinconf-generic.o
  CC      net/core/net_namespace.o
  CC      crypto/jitterentropy.o
  CC      crypto/jitterentropy-kcapi.o
  AR      drivers/pinctrl/built-in.a
  AR      drivers/pwm/built-in.a
  AR      drivers/leds/blink/built-in.a
  AR      drivers/leds/simatic/built-in.a
  AR      drivers/leds/built-in.a
  AR      drivers/pci/controller/dwc/built-in.a
  AR      drivers/pci/controller/mobiveil/built-in.a
  AR      drivers/pci/controller/plda/built-in.a
  AR      drivers/pci/controller/built-in.a
  AR      drivers/pci/switch/built-in.a
  AR      drivers/pci/built-in.a
  CC      drivers/video/console/dummycon.o
  CC      crypto/zstd.o
  CC      drivers/video/console/vgacon.o
  CC      net/core/secure_seq.o
  CC      lib/zstd/compress/zstd_ldm.o
  CC      crypto/ecc.o
  CC      lib/zstd/compress/zstd_opt.o
  AR      drivers/video/console/built-in.a
  AR      drivers/video/backlight/built-in.a
  CC      drivers/video/fbdev/core/fb_notify.o
  CC      crypto/ecdh.o
  CC      drivers/video/fbdev/core/fb_info.o
  CC      net/core/flow_dissector.o
  CC      lib/zstd/compress/zstd_preSplit.o
  CC      lib/zstd/zstd_decompress_module.o
  CC      crypto/ecdh_helper.o
  CC      lib/zstd/decompress/huf_decompress.o
  CC      lib/zstd/decompress/zstd_ddict.o
  AR      crypto/built-in.a
  CC      drivers/video/fbdev/core/fbmem.o
  CC      lib/zstd/decompress/zstd_decompress.o
  AR      virt/lib/built-in.a
  AR      virt/built-in.a
  CC      net/ethernet/eth.o
  CC      lib/zstd/decompress/zstd_decompress_block.o
  CC      lib/zstd/zstd_common_module.o
  CC      lib/zstd/common/debug.o
  CC      lib/zstd/common/entropy_common.o
  CC      lib/zstd/common/error_private.o
  CC      lib/zstd/common/fse_decompress.o
  CC      lib/zstd/common/zstd_common.o
  AR      lib/zstd/built-in.a
  CC      lib/xz/xz_dec_syms.o
  CC      drivers/video/fbdev/core/fbcmap.o
  CC      net/core/sysctl_net_core.o
  CC      lib/xz/xz_dec_stream.o
  AR      net/ethernet/built-in.a
  AR      net/802/built-in.a
  CC      net/sched/sch_generic.o
  CC      lib/xz/xz_dec_lzma2.o
  CC      drivers/video/fbdev/core/modedb.o
  CC      net/core/dev.o
  CC      lib/xz/xz_dec_bcj.o
  AR      lib/xz/built-in.a
  CC      drivers/video/fbdev/core/fbcvt.o
  CC      lib/dim/dim.o
  CC      net/sched/sch_mq.o
  CC      lib/dim/net_dim.o
  CC      drivers/video/fbdev/core/fb_cmdline.o
  CC      drivers/video/fbdev/core/fb_backlight.o
  CC      lib/dim/rdma_dim.o
  CC      net/sched/sch_frag.o
  AR      lib/dim/built-in.a
  CC      lib/argv_split.o
  CC      drivers/video/fbdev/core/fbmon.o
  CC      lib/buildid.o
  AR      net/sched/built-in.a
  CC      net/netlink/af_netlink.o
  CC      net/core/dev_api.o
  CC      lib/cmdline.o
  CC      drivers/video/fbdev/core/fb_defio.o
  CC      lib/ctype.o
  CC      lib/dec_and_lock.o
  CC      lib/decompress.o
  CC      lib/decompress_bunzip2.o
  CC      net/core/dev_addr_lists.o
  CC      drivers/video/fbdev/core/fb_chrdev.o
  CC      lib/decompress_inflate.o
  CC      net/netlink/genetlink.o
  CC      lib/decompress_unlz4.o
  CC      drivers/video/fbdev/core/fb_procfs.o
  CC      net/core/dst.o
  CC      lib/decompress_unlzma.o
  CC      drivers/video/fbdev/core/fbsysfs.o
  CC      net/netlink/policy.o
  CC      lib/decompress_unlzo.o
  CC      net/core/netevent.o
  CC      drivers/video/fbdev/core/cfbfillrect.o
  CC      lib/decompress_unxz.o
  AR      net/netlink/built-in.a
  AR      net/bpf/built-in.a
  CC      net/ethtool/ioctl.o
  CC      net/core/neighbour.o
  CC      lib/decompress_unzstd.o
  CC      drivers/video/fbdev/core/cfbcopyarea.o
  CC      lib/dump_stack.o
  CC      drivers/video/fbdev/core/cfbimgblt.o
  CC      lib/earlycpio.o
  CC      lib/extable.o
  CC      lib/flex_proportions.o
  CC      net/ethtool/common.o
  CC      drivers/video/fbdev/core/fb_io_fops.o
  CC      lib/idr.o
  CC      net/core/rtnetlink.o
  CC      lib/iomem_copy.o
  CC      lib/irq_regs.o
  CC      drivers/video/fbdev/core/sysfillrect.o
  CC      lib/is_single_threaded.o
  CC      net/ethtool/netlink.o
  CC      lib/klist.o
  CC      lib/kobject.o
  CC      drivers/video/fbdev/core/syscopyarea.o
  CC      lib/kobject_uevent.o
  CC      net/ethtool/bitset.o
  CC      drivers/video/fbdev/core/sysimgblt.o
  CC      net/core/utils.o
  CC      lib/logic_pio.o
  CC      net/ethtool/strset.o
  CC      drivers/video/fbdev/core/fb_sys_fops.o
  CC      net/core/link_watch.o
  CC      lib/maple_tree.o
  AR      drivers/video/fbdev/core/built-in.a
  AR      drivers/video/fbdev/omap/built-in.a
  AR      drivers/video/fbdev/omap2/omapfb/dss/built-in.a
  AR      drivers/video/fbdev/omap2/omapfb/displays/built-in.a
  AR      drivers/video/fbdev/omap2/omapfb/built-in.a
  AR      drivers/video/fbdev/omap2/built-in.a
  CC      drivers/video/fbdev/arcfb.o
  CC      net/ethtool/linkinfo.o
  CC      net/core/filter.o
  CC      drivers/video/fbdev/vga16fb.o
  CC      lib/memcat_p.o
  CC      net/ethtool/linkmodes.o
  CC      lib/nmi_backtrace.o
  AR      drivers/video/fbdev/built-in.a
  CC      drivers/video/aperture.o
  CC      lib/objpool.o
  CC      net/ethtool/rss.o
  CC      lib/plist.o
  CC      drivers/video/vgastate.o
  CC      lib/radix-tree.o
  CC      lib/ratelimit.o
  CC      drivers/video/cmdline.o
  CC      net/ethtool/linkstate.o
  CC      lib/rbtree.o
  CC      lib/seq_buf.o
  CC      drivers/video/nomodeset.o
  CC      lib/siphash.o
  CC      net/ethtool/debug.o
  AR      drivers/video/built-in.a
  AR      drivers/idle/built-in.a
  AR      drivers/char/ipmi/built-in.a
  AR      drivers/amba/built-in.a
  AR      drivers/clk/actions/built-in.a
  AR      drivers/clk/analogbits/built-in.a
  AR      drivers/clk/aspeed/built-in.a
  AR      drivers/clk/bcm/built-in.a
  AR      drivers/clk/imgtec/built-in.a
  AR      drivers/clk/imx/built-in.a
  CC      net/core/sock_diag.o
  AR      drivers/clk/ingenic/built-in.a
  AR      drivers/clk/keystone/built-in.a
  AR      drivers/clk/mediatek/built-in.a
  AR      drivers/clk/microchip/built-in.a
  AR      drivers/clk/mstar/built-in.a
  AR      drivers/clk/mvebu/built-in.a
  AR      drivers/clk/ralink/built-in.a
  AR      drivers/clk/renesas/built-in.a
  AR      drivers/clk/socfpga/built-in.a
  AR      drivers/clk/sophgo/built-in.a
  AR      drivers/clk/spacemit/built-in.a
  AR      drivers/clk/sprd/built-in.a
  AR      drivers/clk/starfive/built-in.a
  AR      drivers/clk/sunxi-ng/built-in.a
  CC      lib/string.o
  AR      drivers/clk/tenstorrent/built-in.a
  AR      drivers/clk/ti/built-in.a
  AR      drivers/clk/versatile/built-in.a
  AR      drivers/clk/xilinx/built-in.a
  AR      drivers/clk/built-in.a
  AR      drivers/soc/apple/built-in.a
  AR      drivers/soc/aspeed/built-in.a
  AR      drivers/soc/bcm/built-in.a
  AR      drivers/soc/fsl/built-in.a
  AR      drivers/soc/fujitsu/built-in.a
  AR      drivers/soc/hisilicon/built-in.a
  AR      drivers/soc/imx/built-in.a
  AR      drivers/soc/ixp4xx/built-in.a
  AR      drivers/soc/loongson/built-in.a
  AR      drivers/soc/mediatek/built-in.a
  AR      drivers/soc/microchip/built-in.a
  AR      drivers/soc/nuvoton/built-in.a
  AR      drivers/soc/pxa/built-in.a
  AR      drivers/soc/amlogic/built-in.a
  AR      drivers/soc/qcom/built-in.a
  AR      drivers/soc/renesas/built-in.a
  AR      drivers/soc/rockchip/built-in.a
  AR      drivers/soc/sophgo/built-in.a
  AR      drivers/soc/sunxi/built-in.a
  AR      drivers/soc/ti/built-in.a
  AR      drivers/soc/versatile/built-in.a
  CC      lib/sys_info.o
  AR      drivers/soc/vt8500/built-in.a
  AR      drivers/soc/xilinx/built-in.a
  AR      drivers/soc/built-in.a
  AR      drivers/virtio/built-in.a
  CC      drivers/regulator/core.o
  CC      net/ethtool/wol.o
  CC      lib/timerqueue.o
  CC      net/core/dev_ioctl.o
  CC      lib/vsprintf.o
  CC      net/ethtool/features.o
  CC      drivers/regulator/dummy.o
  CC      net/core/tso.o
  CC      drivers/regulator/fixed-helper.o
  CC      net/ethtool/privflags.o
  CC      lib/win_minmax.o
  CC      drivers/regulator/helpers.o
  CC      lib/xarray.o
  CC      net/core/sock_reuseport.o
  CC      net/ethtool/rings.o
  CC      drivers/regulator/devres.o
  CC      lib/lockref.o
  CC      lib/bcd.o
  CC      lib/sort.o
  CC      net/core/fib_notifier.o
  CC      lib/parser.o
  CC      net/ethtool/channels.o
  CC      drivers/regulator/irq_helpers.o
  CC      lib/debug_locks.o
  CC      lib/random32.o
  CC      net/core/xdp.o
  CC      lib/bust_spinlocks.o
  CC      drivers/regulator/virtual.o
  CC      net/ethtool/coalesce.o
  CC      lib/kasprintf.o
  AR      drivers/regulator/built-in.a
  AR      drivers/reset/amlogic/built-in.a
  AR      drivers/reset/hisilicon/built-in.a
  AR      drivers/reset/spacemit/built-in.a
  AR      drivers/reset/starfive/built-in.a
  AR      drivers/reset/sti/built-in.a
  AR      drivers/reset/tegra/built-in.a
  CC      drivers/reset/core.o
  CC      lib/bitmap.o
  CC      net/core/flow_offload.o
  CC      net/ethtool/pause.o
  AR      drivers/reset/built-in.a
  CC      lib/scatterlist.o
  CC      drivers/tty/vt/vt_ioctl.o
  CC      net/ethtool/eee.o
  CC      net/core/gro.o
  CC      lib/list_sort.o
  CC      drivers/tty/vt/vc_screen.o
  CC      lib/uuid.o
  CC      lib/iov_iter.o
  CC      net/ethtool/tsinfo.o
  CC      drivers/tty/vt/selection.o
  CC      drivers/tty/vt/keyboard.o
  CC      net/core/netdev-genl.o
  CC      lib/clz_ctz.o
  CC      lib/bsearch.o
  CC      net/ethtool/cabletest.o
  CC      lib/find_bit.o
  CC      drivers/tty/vt/vt.o
  CC      lib/llist.o
  CC      lib/lwq.o
  CC      lib/memweight.o
  CC      net/ethtool/tunnels.o
  CC      net/core/netdev-genl-gen.o
  CC      lib/kfifo.o
  CC      net/core/netdev_work.o
  CC      lib/percpu-refcount.o
  CC      net/ethtool/fec.o
  COPY    drivers/tty/vt/defkeymap.c
  CC      drivers/tty/vt/consolemap.o
  CC      lib/rhashtable.o
  CC      net/core/gso.o
  HOSTCC  drivers/tty/vt/conmakehash
  CC      net/ethtool/eeprom.o
  COPY    drivers/tty/vt/ucs_width_table.h
  COPY    drivers/tty/vt/ucs_recompose_table.h
  COPY    drivers/tty/vt/ucs_fallback_table.h
  CC      drivers/tty/vt/defkeymap.o
  CC      lib/base64.o
  CONMK   drivers/tty/vt/consolemap_deftbl.c
  CC      drivers/tty/vt/ucs.o
  CC      drivers/tty/vt/consolemap_deftbl.o
  AR      drivers/tty/vt/built-in.a
  CC      drivers/tty/serial/8250/8250_core.o
  CC      lib/once.o
  CC      lib/refcount.o
  CC      net/core/net-sysfs.o
  CC      net/ethtool/stats.o
  CC      lib/rcuref.o
  CC      lib/usercopy.o
  CC      drivers/tty/serial/8250/8250_platform.o
  CC      lib/errseq.o
  CC      lib/bucket_locks.o
  CC      drivers/tty/serial/8250/8250_port.o
  CC      net/ethtool/phc_vclocks.o
  CC      lib/generic-radix-tree.o
  CC      net/core/hotdata.o
  CC      lib/bitmap-str.o
  CC      net/ethtool/mm.o
  CC      drivers/tty/serial/8250/8250_early.o
  CC      net/core/netdev_config.o
  CC      lib/string_helpers.o
  AR      drivers/tty/serial/8250/built-in.a
  CC      drivers/tty/serial/serial_core.o
  CC      net/ethtool/module.o
  CC      lib/hexdump.o
  CC      net/core/netdev_rx_queue.o
  CC      lib/kstrtox.o
  CC      lib/iomap.o
  CC      drivers/tty/serial/serial_base_bus.o
  CC      net/core/netdev_queues.o
  CC      net/ethtool/cmis_fw_update.o
  CC      lib/iomap_copy.o
  CC      lib/devres.o
  CC      drivers/tty/serial/serial_ctrl.o
  CC      lib/bitrev.o
  CC      net/core/net-procfs.o
  CC      drivers/tty/serial/serial_port.o
  CC      net/ethtool/cmis_cdb.o
  CC      lib/linear_ranges.o
  CC      lib/packing.o
  CC      drivers/tty/serial/earlycon.o
  CC      lib/xxhash.o
  CC      net/core/dst_cache.o
  CC      net/ethtool/pse-pd.o
  CC      drivers/tty/serial/kgdboc.o
  CC      lib/syscall.o
  CC      lib/nlattr.o
  AR      drivers/tty/serial/built-in.a
  AR      drivers/tty/ipwireless/built-in.a
  CC      drivers/tty/tty_io.o
  CC      net/ethtool/plca.o
  CC      net/core/gro_cells.o
  CC      lib/strncpy_from_user.o
  CC      net/ethtool/phy.o
  AR      net/core/built-in.a
  CC      net/ethtool/tsconfig.o
  CC      drivers/tty/n_tty.o
  CC      lib/strnlen_user.o
  CC      lib/net_utils.o
  CC      net/ethtool/mse.o
  CC      lib/group_cpus.o
  CC      drivers/tty/tty_ioctl.o
  AR      lib/lib.a
  CC      drivers/tty/tty_ldisc.o
  AR      lib/built-in.a
  CC      arch/x86/video/video-common.o
  AR      net/ethtool/built-in.a
  CC      net/ipv4/route.o
  CC      drivers/tty/tty_buffer.o
  CC      drivers/tty/tty_port.o
  CC      drivers/tty/tty_mutex.o
  AR      arch/x86/video/built-in.a
  CC      drivers/tty/tty_ldsem.o
  CC      drivers/tty/tty_baudrate.o
  CC      drivers/tty/tty_jobctrl.o
  CC      drivers/tty/n_null.o
  CC      drivers/tty/pty.o
  CC      net/ipv4/inetpeer.o
  CC      drivers/tty/sysrq.o
  CC      net/ipv4/protocol.o
  AR      drivers/char/agp/built-in.a
  CC      drivers/char/tpm/tpm-chip.o
  CC      net/ipv4/ip_input.o
  AR      drivers/tty/built-in.a
  AR      drivers/iommu/arm/arm-smmu/built-in.a
  AR      drivers/iommu/arm/arm-smmu-v3/built-in.a
  AR      drivers/iommu/arm/built-in.a
  AR      drivers/iommu/iommufd/built-in.a
  AR      drivers/iommu/built-in.a
  AR      drivers/gpu/host1x/built-in.a
  AR      drivers/base/power/built-in.a
  CC      drivers/base/firmware_loader/builtin/main.o
  AR      drivers/gpu/drm/tests/built-in.a
  AR      drivers/gpu/drm/arm/built-in.a
  AR      drivers/gpu/drm/clients/built-in.a
  AR      drivers/gpu/drm/display/built-in.a
  AR      drivers/gpu/drm/renesas/rcar-du/built-in.a
  AR      drivers/gpu/drm/renesas/rz-du/built-in.a
  AR      drivers/gpu/drm/renesas/built-in.a
  AR      drivers/gpu/drm/omapdrm/built-in.a
  AR      drivers/gpu/drm/tilcdc/built-in.a
  AR      drivers/gpu/drm/imx/built-in.a
  AR      drivers/gpu/drm/panel/built-in.a
  AR      drivers/gpu/drm/bridge/analogix/built-in.a
  AR      drivers/gpu/drm/bridge/cadence/built-in.a
  AR      drivers/gpu/drm/bridge/imx/built-in.a
  AR      drivers/gpu/drm/bridge/synopsys/built-in.a
  AR      drivers/gpu/drm/bridge/built-in.a
  AR      drivers/gpu/drm/hisilicon/built-in.a
  AR      drivers/gpu/drm/mxsfb/built-in.a
  CC      drivers/char/tpm/tpm-dev-common.o
  AR      drivers/gpu/drm/sysfb/built-in.a
  AR      drivers/gpu/drm/tiny/built-in.a
  AR      drivers/gpu/drm/xlnx/built-in.a
  AR      drivers/gpu/drm/gud/built-in.a
  AR      drivers/gpu/drm/sitronix/built-in.a
  AR      drivers/gpu/drm/solomon/built-in.a
  AR      drivers/gpu/drm/built-in.a
  AR      drivers/gpu/vga/built-in.a
  AR      drivers/gpu/tests/built-in.a
  AR      drivers/gpu/built-in.a
  AR      drivers/block/built-in.a
  AR      drivers/misc/eeprom/built-in.a
  AR      drivers/misc/cb710/built-in.a
  AR      drivers/misc/lis3lv02d/built-in.a
  AR      drivers/misc/cardreader/built-in.a
  AR      drivers/misc/keba/built-in.a
  AR      drivers/misc/amd-sbi/built-in.a
  AR      drivers/misc/built-in.a
  CC      drivers/mfd/madera-core.o
  AR      drivers/base/firmware_loader/builtin/built-in.a
  CC      drivers/base/firmware_loader/fallback_table.o
  CC      drivers/char/tpm/tpm-dev.o
  CC      drivers/mfd/cs47l85-tables.o
  CC      drivers/base/firmware_loader/main.o
  CC      net/ipv4/ip_fragment.o
  CC      drivers/char/tpm/tpm-interface.o
  CC      drivers/mfd/cs47l92-tables.o
  CC      drivers/base/firmware_loader/fallback.o
  CC      drivers/char/tpm/tpm1-cmd.o
  CC      net/ipv4/ip_forward.o
  CC      drivers/mfd/mfd-core.o
  CC      drivers/base/firmware_loader/sysfs.o
  CC      drivers/char/tpm/tpm2-cmd.o
  AR      drivers/base/firmware_loader/built-in.a
  CC      drivers/mfd/syscon.o
  CC      drivers/base/regmap/regmap.o
  CC      net/ipv4/ip_options.o
  CC      drivers/char/tpm/tpmrm-dev.o
  AR      drivers/mfd/built-in.a
  CC      drivers/base/regmap/regcache.o
  CC      drivers/char/tpm/tpm2-space.o
  CC      drivers/base/regmap/regcache-rbtree.o
  CC      drivers/base/regmap/regcache-flat.o
  CC      net/ipv4/ip_output.o
  CC      drivers/char/tpm/tpm-sysfs.o
  CC      net/ipv4/ip_sockglue.o
  CC      drivers/base/regmap/regcache-maple.o
  CC      drivers/base/regmap/regmap-mmio.o
  CC      drivers/char/tpm/eventlog/common.o
  CC      drivers/base/regmap/regmap-irq.o
  CC      net/ipv4/inet_hashtables.o
  CC      net/ipv4/inet_timewait_sock.o
  CC      drivers/char/tpm/eventlog/tpm1.o
  AR      drivers/base/regmap/built-in.a
  AR      drivers/base/test/built-in.a
  CC      drivers/base/component.o
  CC      drivers/char/tpm/eventlog/tpm2.o
  CC      net/ipv4/inet_connection_sock.o
  CC      drivers/base/core.o
  CC      drivers/char/tpm/tpm-buf.o
  CC      net/ipv4/tcp.o
  CC      drivers/char/tpm/tpm2-sessions.o
  CC      drivers/char/tpm/tpm_vtpm_proxy.o
  CC      net/ipv4/tcp_input.o
  CC      drivers/base/bus.o
  CC      drivers/base/dd.o
  AR      drivers/char/tpm/built-in.a
  CC      drivers/char/mem.o
  CC      net/ipv4/tcp_output.o
  CC      drivers/base/syscore.o
  CC      drivers/char/random.o
  CC      drivers/base/driver.o
  CC      drivers/base/class.o
  CC      drivers/char/misc.o
  CC      net/ipv4/tcp_timer.o
  CC      drivers/base/platform.o
  CC      drivers/char/hangcheck-timer.o
  CC      net/ipv4/tcp_ipv4.o
  AR      drivers/char/built-in.a
  AR      drivers/nfc/built-in.a
  CC      drivers/base/cpu.o
  AR      drivers/dax/hmem/built-in.a
  CC      drivers/dax/super.o
  CC      net/ipv4/tcp_minisocks.o
  CC      drivers/base/firmware.o
  CC      drivers/base/init.o
  CC      drivers/dax/bus.o
  CC      net/ipv4/tcp_cong.o
  CC      drivers/base/map.o
  CC      net/ipv4/tcp_metrics.o
  CC      drivers/base/devres.o
  AR      drivers/dax/built-in.a
  CC      net/ipv6/af_inet6.o
  CC      drivers/base/attribute_container.o
  CC      net/ipv4/tcp_fastopen.o
  CC      drivers/base/transport_class.o
  CC      net/ipv4/tcp_recovery.o
  CC      net/ipv6/anycast.o
  CC      drivers/base/topology.o
  CC      net/ipv4/tcp_ulp.o
  CC      drivers/base/container.o
  CC      net/ipv4/tcp_offload.o
  CC      drivers/base/property.o
  CC      net/ipv6/ip6_output.o
  CC      net/ipv4/tcp_plb.o
  CC      drivers/base/cacheinfo.o
  CC      net/ipv4/datagram.o
  CC      drivers/base/swnode.o
  CC      net/ipv6/ip6_input.o
  CC      drivers/dma-buf/dma-buf.o
  CC      drivers/base/faux.o
  CC      net/ipv4/raw.o
  CC      drivers/base/auxiliary.o
  CC      drivers/dma-buf/dma-fence.o
  CC      drivers/base/pinctrl.o
  CC      net/ipv6/addrconf.o
  AR      drivers/base/built-in.a
  AR      drivers/cxl/core/built-in.a
  AR      drivers/cxl/built-in.a
  AR      drivers/macintosh/built-in.a
  AR      drivers/scsi/built-in.a
  AR      drivers/nvme/common/built-in.a
  AR      drivers/nvme/host/built-in.a
  AR      drivers/nvme/target/built-in.a
  AR      drivers/nvme/built-in.a
  AR      drivers/net/phy/mediatek/built-in.a
  AR      drivers/net/phy/qcom/built-in.a
  AR      drivers/net/phy/built-in.a
  AR      drivers/net/pse-pd/built-in.a
  CC      net/ipv4/udp.o
  AR      drivers/net/mdio/built-in.a
  AR      drivers/net/pcs/built-in.a
  CC      drivers/net/loopback.o
  CC      drivers/dma-buf/dma-fence-array.o
  CC      drivers/dma-buf/dma-fence-chain.o
  AR      drivers/net/built-in.a
  AR      drivers/firewire/built-in.a
  AR      drivers/cdrom/built-in.a
  AR      drivers/auxdisplay/built-in.a
  CC      drivers/input/serio/serio.o
  CC      drivers/dma-buf/dma-fence-unwrap.o
  CC      drivers/dma-buf/dma-resv.o
  CC      drivers/input/serio/i8042.o
  CC      net/ipv4/udp_offload.o
  CC      drivers/dma-buf/dma-buf-mapping.o
  CC      net/ipv6/addrlabel.o
  CC      drivers/input/serio/serport.o
  AR      drivers/dma-buf/built-in.a
  CC      drivers/input/keyboard/atkbd.o
  CC      drivers/input/serio/libps2.o
  CC      net/ipv4/arp.o
  CC      net/ipv6/route.o
  AR      drivers/input/keyboard/built-in.a
  CC      drivers/input/mouse/psmouse-base.o
  CC      drivers/input/serio/serio_raw.o
  AR      drivers/input/serio/built-in.a
  CC      drivers/rtc/lib.o
  CC      drivers/input/mouse/synaptics.o
  CC      net/ipv4/icmp.o
  CC      drivers/rtc/class.o
  CC      drivers/input/mouse/focaltech.o
  CC      drivers/rtc/interface.o
  CC      net/ipv6/ip6_fib.o
  CC      drivers/input/mouse/alps.o
  CC      drivers/rtc/nvmem.o
  CC      net/ipv4/devinet.o
  CC      drivers/rtc/dev.o
  CC      drivers/input/mouse/byd.o
  CC      net/ipv6/ipv6_sockglue.o
  CC      drivers/rtc/proc.o
  CC      drivers/input/mouse/logips2pp.o
  CC      net/ipv4/af_inet.o
  CC      drivers/rtc/rtc-mc146818-lib.o
  CC      drivers/input/mouse/trackpoint.o
  CC      drivers/rtc/rtc-cmos.o
  CC      net/ipv6/ndisc.o
  CC      drivers/input/mouse/cypress_ps2.o
  CC      drivers/rtc/rtc-m48t35.o
  CC      net/ipv4/igmp.o
  AR      drivers/input/mouse/built-in.a
  CC      drivers/input/input.o
  AR      drivers/rtc/built-in.a
  AR      drivers/i2c/algos/built-in.a
  AR      drivers/i2c/busses/built-in.a
  AR      drivers/i2c/muxes/built-in.a
  AR      drivers/i2c/built-in.a
  AR      drivers/i3c/built-in.a
  AR      drivers/media/i2c/built-in.a
  AR      drivers/media/tuners/built-in.a
  AR      drivers/media/rc/keymaps/built-in.a
  AR      drivers/media/rc/built-in.a
  AR      drivers/media/common/b2c2/built-in.a
  AR      drivers/media/common/saa7146/built-in.a
  AR      drivers/media/common/siano/built-in.a
  AR      drivers/media/common/v4l2-tpg/built-in.a
  AR      drivers/media/common/videobuf2/built-in.a
  AR      drivers/media/common/built-in.a
  AR      drivers/media/platform/allegro-dvt/built-in.a
  AR      drivers/media/platform/amd/isp4/built-in.a
  AR      drivers/media/platform/amd/built-in.a
  AR      drivers/media/platform/amlogic/c3/isp/built-in.a
  AR      drivers/media/platform/amlogic/c3/mipi-adapter/built-in.a
  AR      drivers/media/platform/amlogic/c3/mipi-csi2/built-in.a
  AR      drivers/media/platform/amlogic/c3/built-in.a
  AR      drivers/media/platform/amlogic/meson-ge2d/built-in.a
  AR      drivers/media/platform/amlogic/built-in.a
  AR      drivers/media/platform/amphion/built-in.a
  AR      drivers/media/platform/arm/mali-c55/built-in.a
  AR      drivers/media/platform/arm/built-in.a
  AR      drivers/media/platform/aspeed/built-in.a
  AR      drivers/media/platform/atmel/built-in.a
  AR      drivers/media/platform/broadcom/built-in.a
  AR      drivers/media/platform/cadence/built-in.a
  AR      drivers/media/platform/chips-media/coda/built-in.a
  AR      drivers/media/platform/chips-media/wave5/built-in.a
  AR      drivers/media/platform/chips-media/built-in.a
  AR      drivers/media/platform/imagination/built-in.a
  AR      drivers/media/platform/intel/built-in.a
  AR      drivers/media/platform/marvell/built-in.a
  AR      drivers/media/platform/mediatek/jpeg/built-in.a
  AR      drivers/media/platform/mediatek/mdp/built-in.a
  AR      drivers/media/platform/mediatek/vcodec/common/built-in.a
  AR      drivers/media/platform/mediatek/vcodec/encoder/built-in.a
  AR      drivers/media/platform/mediatek/vcodec/decoder/built-in.a
  AR      drivers/media/platform/mediatek/vcodec/built-in.a
  AR      drivers/media/platform/mediatek/vpu/built-in.a
  AR      drivers/media/platform/mediatek/mdp3/built-in.a
  AR      drivers/media/platform/mediatek/built-in.a
  AR      drivers/media/platform/microchip/built-in.a
  AR      drivers/media/platform/nuvoton/built-in.a
  AR      drivers/media/platform/nvidia/tegra-vde/built-in.a
  AR      drivers/media/platform/nvidia/built-in.a
  AR      drivers/media/platform/nxp/dw100/built-in.a
  AR      drivers/media/platform/nxp/imx-jpeg/built-in.a
  AR      drivers/media/platform/nxp/imx8-isi/built-in.a
  AR      drivers/media/platform/nxp/built-in.a
  CC      net/ipv6/udp.o
  AR      drivers/media/platform/qcom/camss/built-in.a
  AR      drivers/media/platform/qcom/iris/built-in.a
  AR      drivers/media/platform/qcom/venus/built-in.a
  AR      drivers/media/platform/qcom/built-in.a
  AR      drivers/media/platform/raspberrypi/pisp_be/built-in.a
  AR      drivers/media/platform/raspberrypi/rp1-cfe/built-in.a
  AR      drivers/media/platform/raspberrypi/built-in.a
  AR      drivers/media/platform/renesas/rcar-isp/built-in.a
  AR      drivers/media/platform/renesas/rcar-vin/built-in.a
  AR      drivers/media/platform/renesas/rzg2l-cru/built-in.a
  AR      drivers/media/platform/renesas/rzv2h-ivc/built-in.a
  AR      drivers/media/platform/renesas/vsp1/built-in.a
  AR      drivers/media/platform/renesas/built-in.a
  AR      drivers/media/platform/rockchip/rga/built-in.a
  AR      drivers/media/platform/rockchip/rkcif/built-in.a
  AR      drivers/media/platform/rockchip/rkisp1/built-in.a
  AR      drivers/media/platform/rockchip/rkvdec/built-in.a
  AR      drivers/media/platform/rockchip/built-in.a
  AR      drivers/media/platform/samsung/exynos-gsc/built-in.a
  AR      drivers/media/platform/samsung/exynos4-is/built-in.a
  AR      drivers/media/platform/samsung/s3c-camif/built-in.a
  AR      drivers/media/platform/samsung/s5p-g2d/built-in.a
  AR      drivers/media/platform/samsung/s5p-jpeg/built-in.a
  AR      drivers/media/platform/samsung/s5p-mfc/built-in.a
  AR      drivers/media/platform/samsung/built-in.a
  AR      drivers/media/platform/st/sti/bdisp/built-in.a
  CC      drivers/input/input-compat.o
  AR      drivers/media/platform/st/sti/delta/built-in.a
  AR      drivers/media/platform/st/sti/hva/built-in.a
  AR      drivers/media/platform/st/stm32/built-in.a
  AR      drivers/media/platform/st/built-in.a
  AR      drivers/media/platform/sunxi/sun4i-csi/built-in.a
  AR      drivers/media/platform/sunxi/sun6i-csi/built-in.a
  AR      drivers/media/platform/sunxi/sun6i-mipi-csi2/built-in.a
  AR      drivers/media/platform/sunxi/sun8i-a83t-mipi-csi2/built-in.a
  AR      drivers/media/platform/sunxi/sun8i-di/built-in.a
  AR      drivers/media/platform/sunxi/sun8i-rotate/built-in.a
  AR      drivers/media/platform/sunxi/built-in.a
  AR      drivers/media/platform/synopsys/hdmirx/built-in.a
  AR      drivers/media/platform/synopsys/built-in.a
  AR      drivers/media/platform/ti/am437x/built-in.a
  AR      drivers/media/platform/ti/cal/built-in.a
  AR      drivers/media/platform/ti/vpe/built-in.a
  AR      drivers/media/platform/ti/davinci/built-in.a
  AR      drivers/media/platform/ti/j721e-csi2rx/built-in.a
  AR      drivers/media/platform/ti/omap/built-in.a
  AR      drivers/media/platform/ti/omap3isp/built-in.a
  AR      drivers/media/platform/ti/built-in.a
  AR      drivers/media/platform/verisilicon/built-in.a
  AR      drivers/media/platform/via/built-in.a
  AR      drivers/media/platform/xilinx/built-in.a
  AR      drivers/media/platform/built-in.a
  AR      drivers/media/pci/ttpci/built-in.a
  AR      drivers/media/pci/b2c2/built-in.a
  AR      drivers/media/pci/pluto2/built-in.a
  AR      drivers/media/pci/dm1105/built-in.a
  AR      drivers/media/pci/pt1/built-in.a
  AR      drivers/media/pci/pt3/built-in.a
  AR      drivers/media/pci/mantis/built-in.a
  AR      drivers/media/pci/ngene/built-in.a
  AR      drivers/media/pci/ddbridge/built-in.a
  AR      drivers/media/pci/saa7146/built-in.a
  AR      drivers/media/pci/smipcie/built-in.a
  AR      drivers/media/pci/netup_unidvb/built-in.a
  AR      drivers/media/pci/intel/ipu3/built-in.a
  AR      drivers/media/pci/intel/ivsc/built-in.a
  AR      drivers/media/pci/intel/built-in.a
  AR      drivers/media/pci/built-in.a
  AR      drivers/media/usb/b2c2/built-in.a
  CC      net/ipv4/fib_frontend.o
  AR      drivers/media/usb/dvb-usb/built-in.a
  AR      drivers/media/usb/dvb-usb-v2/built-in.a
  AR      drivers/media/usb/s2255/built-in.a
  AR      drivers/media/usb/siano/built-in.a
  AR      drivers/media/usb/ttusb-budget/built-in.a
  AR      drivers/media/usb/ttusb-dec/built-in.a
  AR      drivers/media/usb/built-in.a
  AR      drivers/media/mmc/siano/built-in.a
  AR      drivers/media/mmc/built-in.a
  AR      drivers/media/firewire/built-in.a
  AR      drivers/media/spi/built-in.a
  AR      drivers/media/test-drivers/built-in.a
  AR      drivers/media/built-in.a
  AR      drivers/ptp/built-in.a
  AR      drivers/power/built-in.a
  AR      drivers/thermal/broadcom/built-in.a
  AR      drivers/thermal/renesas/built-in.a
  AR      drivers/thermal/samsung/built-in.a
  CC      drivers/thermal/intel/intel_tcc.o
  CC      drivers/input/input-mt.o
  CC      drivers/thermal/intel/x86_pkg_temp_thermal.o
  CC      drivers/input/input-poller.o
  CC      drivers/thermal/intel/therm_throt.o
  CC      net/ipv4/fib_semantics.o
  CC      net/ipv6/raw.o
  CC      drivers/input/ff-core.o
  AR      drivers/thermal/intel/built-in.a
  AR      drivers/thermal/st/built-in.a
  AR      drivers/thermal/qcom/built-in.a
  AR      drivers/thermal/tegra/built-in.a
  AR      drivers/thermal/mediatek/built-in.a
  AR      drivers/thermal/spacemit/built-in.a
  CC      drivers/thermal/thermal_core.o
  CC      drivers/input/touchscreen.o
  CC      drivers/input/touch-overlay.o
  CC      net/ipv4/fib_trie.o
  CC      drivers/thermal/thermal_sysfs.o
  CC      net/ipv6/icmp.o
  CC      drivers/input/vivaldi-fmap.o
  CC      drivers/thermal/thermal_trip.o
  AR      drivers/input/built-in.a
  CC      drivers/cpuidle/governors/ladder.o
  CC      drivers/thermal/thermal_helpers.o
  CC      net/ipv6/mcast.o
  AR      drivers/cpuidle/governors/built-in.a
  CC      drivers/cpuidle/cpuidle.o
  CC      drivers/thermal/thermal_thresholds.o
  CC      net/ipv4/fib_notifier.o
  CC      drivers/thermal/thermal_netlink.o
  CC      drivers/cpuidle/driver.o
  CC      net/ipv4/inet_fragment.o
  CC      drivers/cpuidle/governor.o
  CC      drivers/thermal/gov_step_wise.o
  CC      drivers/cpuidle/sysfs.o
  CC      net/ipv6/reassembly.o
  AR      drivers/thermal/built-in.a
  AR      drivers/mmc/built-in.a
  AR      drivers/ufs/built-in.a
  AR      drivers/firmware/arm_ffa/built-in.a
  AR      drivers/firmware/arm_scmi/built-in.a
  AR      drivers/firmware/broadcom/built-in.a
  AR      drivers/firmware/cirrus/test/built-in.a
  AR      drivers/firmware/cirrus/built-in.a
  AR      drivers/firmware/meson/built-in.a
  AR      drivers/firmware/microchip/built-in.a
  AR      drivers/firmware/efi/built-in.a
  AR      drivers/firmware/imx/built-in.a
  AR      drivers/firmware/psci/built-in.a
  AR      drivers/firmware/qcom/built-in.a
  AR      drivers/firmware/samsung/built-in.a
  CC      drivers/cpuidle/poll_state.o
  AR      drivers/firmware/smccc/built-in.a
  AR      drivers/firmware/tegra/built-in.a
  AR      drivers/firmware/xilinx/built-in.a
  AR      drivers/firmware/built-in.a
  AR      drivers/crypto/stm32/built-in.a
  AR      drivers/crypto/inside-secure/eip93/built-in.a
  AR      drivers/crypto/inside-secure/built-in.a
  AR      drivers/crypto/xilinx/built-in.a
  AR      drivers/crypto/hisilicon/built-in.a
  AR      drivers/crypto/intel/keembay/built-in.a
  AR      drivers/crypto/intel/ixp4xx/built-in.a
  AR      drivers/crypto/intel/built-in.a
  AR      drivers/crypto/starfive/built-in.a
  AR      drivers/crypto/cavium/built-in.a
  AR      drivers/crypto/ti/built-in.a
  CC      net/ipv4/ping.o
  AR      drivers/crypto/built-in.a
  CC      drivers/clocksource/i8253.o
  AR      drivers/cpuidle/built-in.a
  CC      drivers/hid/hid-core.o
  AR      drivers/clocksource/built-in.a
  CC      net/ipv6/tcp_ipv6.o
  AR      drivers/platform/x86/amd/built-in.a
  CC      drivers/platform/x86/dell/dcdbas.o
  CC      net/ipv4/ip_tunnel_core.o
  CC      drivers/platform/x86/dell/dell_rbu.o
  CC      drivers/hid/hid-input.o
  CC      drivers/platform/x86/dell/dell-smbios-base.o
  CC      net/ipv6/ping.o
  CC      drivers/platform/x86/dell/dell-smbios-smm.o
  CC      net/ipv4/gre_offload.o
  CC      drivers/hid/hid-quirks.o
  AR      drivers/platform/x86/dell/built-in.a
  AR      drivers/platform/x86/lenovo/built-in.a
  AR      drivers/platform/x86/intel/built-in.a
  AR      drivers/platform/x86/uniwill/built-in.a
  AR      drivers/platform/x86/tuxedo/nb04/built-in.a
  AR      drivers/platform/x86/tuxedo/built-in.a
  AR      drivers/platform/x86/built-in.a
  AR      drivers/platform/built-in.a
  CC      net/ipv6/exthdrs.o
  AR      drivers/virt/vboxguest/built-in.a
  AR      drivers/virt/coco/built-in.a
  AR      drivers/virt/built-in.a
  CC      drivers/iio/accel/bma400_core.o
  CC      drivers/hid/hid-generic.o
  CC      net/ipv4/metrics.o
  AR      drivers/hid/built-in.a
  AR      drivers/perf/built-in.a
  AR      drivers/hwtracing/intel_th/built-in.a
  AR      drivers/android/built-in.a
  AR      drivers/nvmem/layouts/built-in.a
  CC      drivers/nvmem/core.o
  CC      net/ipv6/datagram.o
  AR      drivers/iio/accel/built-in.a
  AR      drivers/iio/adc/built-in.a
  AR      drivers/iio/addac/built-in.a
  AR      drivers/iio/afe/built-in.a
  AR      drivers/iio/amplifiers/built-in.a
  CC      drivers/iio/buffer/industrialio-buffer-cb.o
  CC      net/ipv4/netlink.o
  AR      drivers/nvmem/built-in.a
  CC      drivers/iio/buffer/industrialio-hw-consumer.o
  CC      drivers/mux/core.o
  CC      drivers/iio/buffer/industrialio-triggered-buffer.o
  CC      net/ipv6/ip6_flowlabel.o
  AR      drivers/mux/built-in.a
  AR      drivers/peci/controller/built-in.a
  CC      drivers/peci/core.o
  CC      drivers/iio/buffer/kfifo_buf.o
  CC      net/ipv4/nexthop.o
  CC      drivers/peci/request.o
  AR      drivers/iio/buffer/built-in.a
  AR      drivers/iio/cdc/built-in.a
  AR      drivers/iio/chemical/built-in.a
  AR      drivers/iio/common/cros_ec_sensors/built-in.a
  AR      drivers/iio/common/hid-sensors/built-in.a
  AR      drivers/iio/common/inv_sensors/built-in.a
  AR      drivers/iio/common/ms_sensors/built-in.a
  AR      drivers/iio/common/scmi_sensors/built-in.a
  AR      drivers/iio/common/ssp_sensors/built-in.a
  AR      drivers/iio/common/st_sensors/built-in.a
  AR      drivers/iio/common/built-in.a
  CC      drivers/iio/dac/vf610_dac.o
  CC      net/ipv6/inet6_connection_sock.o
  CC      drivers/peci/device.o
  CC      drivers/peci/sysfs.o
  AR      drivers/iio/dac/built-in.a
  AR      drivers/iio/dummy/built-in.a
  AR      drivers/iio/gyro/built-in.a
  AR      drivers/iio/filter/built-in.a
  AR      drivers/iio/frequency/built-in.a
  AR      drivers/iio/health/built-in.a
  AR      drivers/iio/humidity/built-in.a
  AR      drivers/iio/imu/bmi160/built-in.a
  AR      drivers/iio/imu/bmi270/built-in.a
  AR      drivers/iio/imu/bmi323/built-in.a
  AR      drivers/iio/imu/bno055/built-in.a
  AR      drivers/iio/imu/inv_icm42600/built-in.a
  AR      drivers/iio/imu/inv_icm45600/built-in.a
  AR      drivers/iio/imu/inv_mpu6050/built-in.a
  AR      drivers/iio/imu/smi330/built-in.a
  AR      drivers/iio/imu/st_lsm6dsx/built-in.a
  AR      drivers/iio/imu/st_lsm9ds0/built-in.a
  AR      drivers/iio/imu/built-in.a
  AR      drivers/iio/light/built-in.a
  AR      drivers/iio/magnetometer/built-in.a
  AR      drivers/iio/multiplexer/built-in.a
  AR      drivers/iio/orientation/built-in.a
  AR      drivers/iio/position/built-in.a
  AR      drivers/iio/potentiometer/built-in.a
  AR      drivers/iio/potentiostat/built-in.a
  CC      drivers/iio/pressure/zpa2326.o
  CC      drivers/peci/cpu.o
  CC      net/ipv4/udp_tunnel_stub.o
  CC      net/ipv6/udp_offload.o
  AR      drivers/peci/built-in.a
  CC      net/ipv6/seg6.o
  AR      drivers/iio/pressure/built-in.a
  AR      drivers/iio/proximity/built-in.a
  AR      drivers/iio/resolver/built-in.a
  AR      drivers/iio/temperature/built-in.a
  AR      drivers/iio/test/built-in.a
  CC      drivers/iio/trigger/iio-trig-hrtimer.o
  CC      net/ipv6/fib6_notifier.o
  AR      drivers/iio/trigger/built-in.a
  CC      drivers/iio/industrialio-core.o
  CC      net/ipv4/ip_tunnel.o
  CC      net/ipv6/rpl.o
  CC      drivers/iio/industrialio-event.o
  CC      net/ipv6/ioam6.o
  CC      net/ipv6/sysctl_net_ipv6.o
  CC      drivers/iio/inkern.o
  CC      net/ipv4/sysctl_net_ipv4.o
  CC      drivers/iio/industrialio-buffer.o
  CC      net/ipv6/proc.o
  CC      net/ipv6/sit.o
  CC      net/ipv4/proc.o
  CC      drivers/iio/industrialio-trigger.o
  CC      net/ipv6/addrconf_core.o
  CC      net/ipv6/exthdrs_core.o
  CC      net/ipv4/tunnel4.o
  CC      drivers/iio/industrialio-configfs.o
  CC      drivers/iio/industrialio-sw-device.o
  CC      net/ipv6/ip6_checksum.o
  CC      drivers/iio/industrialio-sw-trigger.o
  CC      net/ipv6/ip6_icmp.o
  CC      net/ipv4/inet_diag.o
  AR      drivers/iio/built-in.a
  AR      drivers/resctrl/built-in.a
  AR      drivers/built-in.a
  CC      net/ipv4/tcp_diag.o
  CC      net/ipv6/output_core.o
  CC      net/ipv6/protocol.o
  CC      net/ipv4/tcp_cubic.o
  CC      net/ipv6/ip6_offload.o
  CC      net/ipv6/exthdrs_offload.o
  CC      net/ipv6/inet6_hashtables.o
  AR      net/ipv4/built-in.a
  AR      net/dsa/built-in.a
  AR      net/wireless/tests/built-in.a
  AR      net/wireless/built-in.a
  CC      net/devres.o
  CC      net/ipv6/mcast_snoop.o
  CC      net/socket.o
  CC      net/sysctl_net.o
  AR      net/ipv6/built-in.a
  AR      net/built-in.a
  AR      built-in.a
  AR      built-in-fixup.a
  COPY    vmlinux.a
  LD      vmlinux.o
  MODPOST vmlinux.symvers
  CC      .vmlinux.export.o
  UPD     include/generated/utsversion.h
  CC      init/version-timestamp.o
  KSYMS   .tmp_vmlinux0.kallsyms.S
  AS      .tmp_vmlinux0.kallsyms.o
  LD      .tmp_vmlinux1
  NM      .tmp_vmlinux1.syms
  KSYMS   .tmp_vmlinux1.kallsyms.S
  AS      .tmp_vmlinux1.kallsyms.o
  LD      .tmp_vmlinux2
  NM      .tmp_vmlinux2.syms
  KSYMS   .tmp_vmlinux2.kallsyms.S
  AS      .tmp_vmlinux2.kallsyms.o
  LD      vmlinux.unstripped
  NM      System.map
  SORTTAB vmlinux.unstripped
  OBJCOPY vmlinux
  GEN     modules.builtin.modinfo
  GEN     modules.builtin
  CC      arch/x86/boot/a20.o
  AS      arch/x86/boot/bioscall.o
  CC      arch/x86/boot/cmdline.o
  AS      arch/x86/boot/copy.o
  HOSTCC  arch/x86/boot/mkcpustr
  CC      arch/x86/boot/cpuflags.o
  CC      arch/x86/boot/cpucheck.o
  CC      arch/x86/boot/early_serial_console.o
  CC      arch/x86/boot/edd.o
  CC      arch/x86/boot/main.o
  LDS     arch/x86/boot/compressed/vmlinux.lds
  CC      arch/x86/boot/memory.o
  AS      arch/x86/boot/compressed/kernel_info.o
  CC      arch/x86/boot/pm.o
  AS      arch/x86/boot/compressed/head_64.o
  AS      arch/x86/boot/pmjump.o
  CC      arch/x86/boot/printf.o
  VOFFSET arch/x86/boot/compressed/../voffset.h
  CC      arch/x86/boot/regs.o
  CC      arch/x86/boot/string.o
  CC      arch/x86/boot/compressed/string.o
  CC      arch/x86/boot/tty.o
  CC      arch/x86/boot/compressed/cmdline.o
  CC      arch/x86/boot/video.o
  CC      arch/x86/boot/video-mode.o
  CC      arch/x86/boot/version.o
  CC      arch/x86/boot/video-vga.o
  CC      arch/x86/boot/video-vesa.o
  CC      arch/x86/boot/video-bios.o
  CPUSTR  arch/x86/boot/cpustr.h
  CC      arch/x86/boot/cpu.o
  CC      arch/x86/boot/compressed/error.o
  OBJCOPY arch/x86/boot/compressed/vmlinux.bin
  HOSTCC  arch/x86/boot/compressed/mkpiggy
  CC      arch/x86/boot/compressed/cpuflags.o
  CC      arch/x86/boot/compressed/ident_map_64.o
  CC      arch/x86/boot/compressed/idt_64.o
  AS      arch/x86/boot/compressed/idt_handlers_64.o
  CC      arch/x86/boot/compressed/pgtable_64.o
  CC      arch/x86/boot/compressed/misc.o
  GZIP    arch/x86/boot/compressed/vmlinux.bin.gz
  MKPIGGY arch/x86/boot/compressed/piggy.S
  AS      arch/x86/boot/compressed/piggy.o
  LD      arch/x86/boot/compressed/vmlinux
  ZOFFSET arch/x86/boot/zoffset.h
  OBJCOPY arch/x86/boot/vmlinux.bin
  AS      arch/x86/boot/header.o
  LD      arch/x86/boot/setup.elf
  OBJCOPY arch/x86/boot/setup.bin
  BUILD   arch/x86/boot/bzImage
Kernel: arch/x86/boot/bzImage is ready  (#1)
make[5]: Leaving directory '/mnt/git-volume/kernel-test-stable/build/rand500nsconfig-x86_64'
make[4]: Leaving directory '/mnt/git-volume/linux-stable'
