make[4]: Entering directory '/mnt/git-volume/linux-mainline'
make[5]: Entering directory '/mnt/git-volume/kernel-test-mainline/build/rand500nsconfig-arm64'
  UPD     /mnt/git-volume/kernel-test-mainline/build/rand500nsconfig-arm64/Makefile
  HOSTCC  scripts/basic/fixdep
  HOSTCC  scripts/kconfig/conf.o
  HOSTCC  scripts/kconfig/confdata.o
  HOSTCC  scripts/kconfig/expr.o
  LEX     scripts/kconfig/lexer.lex.c
  YACC    scripts/kconfig/parser.tab.[ch]
  HOSTCC  scripts/kconfig/lexer.lex.o
  HOSTCC  scripts/kconfig/menu.o
  HOSTCC  scripts/kconfig/parser.tab.o
  HOSTCC  scripts/kconfig/preprocess.o
  HOSTCC  scripts/kconfig/symbol.o
  HOSTCC  scripts/kconfig/util.o
  HOSTLD  scripts/kconfig/conf
#
# configuration written to .config
#
Using .config as base
Merging /mnt/git-volume/linux-mainline/kernel/configs/tiny.config
Value of CONFIG_CC_OPTIMIZE_FOR_SIZE is redefined by fragment /mnt/git-volume/linux-mainline/kernel/configs/tiny.config:
Previous value: # CONFIG_CC_OPTIMIZE_FOR_SIZE is not set
New value: CONFIG_CC_OPTIMIZE_FOR_SIZE=y

Value of CONFIG_SLUB_TINY is redefined by fragment /mnt/git-volume/linux-mainline/kernel/configs/tiny.config:
Previous value: # CONFIG_SLUB_TINY is not set
New value: CONFIG_SLUB_TINY=y

#
# merged configuration written to .config (needs make)
#
#
# configuration written to .config
#
make[5]: Leaving directory '/mnt/git-volume/kernel-test-mainline/build/rand500nsconfig-arm64'
make[4]: Leaving directory '/mnt/git-volume/linux-mainline'
make[4]: Entering directory '/mnt/git-volume/linux-mainline'
make[5]: Entering directory '/tmp/tmp.lCkOVttCkg'
  UPD     /tmp/tmp.lCkOVttCkg/Makefile
  HOSTCC  scripts/basic/fixdep
  HOSTCC  scripts/kconfig/conf.o
  HOSTCC  scripts/kconfig/confdata.o
  HOSTCC  scripts/kconfig/expr.o
  LEX     scripts/kconfig/lexer.lex.c
  YACC    scripts/kconfig/parser.tab.[ch]
  HOSTCC  scripts/kconfig/lexer.lex.o
  HOSTCC  scripts/kconfig/menu.o
  HOSTCC  scripts/kconfig/parser.tab.o
  HOSTCC  scripts/kconfig/preprocess.o
  HOSTCC  scripts/kconfig/symbol.o
  HOSTCC  scripts/kconfig/util.o
  HOSTLD  scripts/kconfig/conf
KCONFIG_SEED=0x9926B111
#
# configuration written to .config
#
make[5]: Leaving directory '/tmp/tmp.lCkOVttCkg'
make[4]: Leaving directory '/mnt/git-volume/linux-mainline'
make[4]: Entering directory '/mnt/git-volume/linux-mainline'
make[5]: Entering directory '/tmp/tmp.lCkOVttCkg'
.config:5877:warning: override: reassigning to symbol PRINTK
.config:5881:warning: override: reassigning to symbol TTY
.config:5884:warning: override: reassigning to symbol BLK_DEV_INITRD
.config:5885:warning: override: reassigning to symbol RD_GZIP
.config:5888:warning: override: reassigning to symbol BINFMT_ELF
.config:5889:warning: override: reassigning to symbol BINFMT_SCRIPT
.config:5892:warning: override: reassigning to symbol TMPFS
.config:5909:warning: override: reassigning to symbol MODULES
.config:5912:warning: override: reassigning to symbol DRM
.config:5913:warning: override: reassigning to symbol SOUND
.config:5914:warning: override: reassigning to symbol STAGING
.config:5916:warning: override: reassigning to symbol MEDIA_SUPPORT
.config:5922:warning: override: reassigning to symbol KCOV
.config:5925:warning: override: reassigning to symbol KCSAN
.config:5926:warning: override: reassigning to symbol KFENCE
.config:5927:warning: override: reassigning to symbol UBSAN
.config:5932:warning: override: reassigning to symbol RCU_TORTURE_TEST
.config:5933:warning: override: reassigning to symbol LOCK_TORTURE_TEST
.config:5940:warning: override: reassigning to symbol KUNIT
#
# configuration written to .config
#
make[5]: Leaving directory '/tmp/tmp.lCkOVttCkg'
make[4]: Leaving directory '/mnt/git-volume/linux-mainline'
make[4]: Entering directory '/mnt/git-volume/linux-mainline'
make[5]: Entering directory '/mnt/git-volume/kernel-test-mainline/build/rand500nsconfig-arm64'
.config:1546:warning: override: reassigning to symbol DEBUG_INFO_NONE
.config:1551:warning: override: reassigning to symbol ARCH_SUPPORTS_LTO_CLANG
.config:1552:warning: override: reassigning to symbol PREEMPT_RT
.config:1555:warning: override: reassigning to symbol HARDIRQS_SW_RESEND
.config:1559:warning: override: reassigning to symbol HAVE_ARCH_RANDOMIZE_KSTACK_OFFSET
.config:1562:warning: override: reassigning to symbol ARM64_ERRATUM_2645198
.config:1563:warning: override: reassigning to symbol CC_HAS_ZERO_CALL_USED_REGS
.config:1564:warning: override: reassigning to symbol SLAB_MERGE_DEFAULT
.config:1566:warning: override: reassigning to symbol MMU
.config:1572:warning: override: reassigning to symbol GENERIC_STRNCPY_FROM_USER
.config:1580:warning: override: reassigning to symbol WPCM450_SOC
.config:1586:warning: override: reassigning to symbol ARCH_HAS_KEEPINITRD
.config:1591:warning: override: reassigning to symbol EEPROM_93CX6
.config:1604:warning: override: reassigning to symbol ARM_AMBA
.config:1607:warning: override: reassigning to symbol OF_EARLY_FLATTREE
.config:1609:warning: override: reassigning to symbol ARCH_HAS_STRICT_MODULE_RWX
.config:1617:warning: override: reassigning to symbol POWERCAP
.config:1618:warning: override: reassigning to symbol ARCH_SUSPEND_POSSIBLE
.config:1621:warning: override: reassigning to symbol ARCH_HAS_SET_DIRECT_MAP
.config:1628:warning: override: reassigning to symbol CONTEXT_TRACKING_IDLE
.config:1635:warning: override: reassigning to symbol MMC
.config:1636:warning: override: reassigning to symbol QUOTA
.config:1640:warning: override: reassigning to symbol ARCH_SUPPORTS_NUMA_BALANCING
.config:1641:warning: override: reassigning to symbol REGULATOR
.config:1642:warning: override: reassigning to symbol HAVE_GUP_FAST
.config:1646:warning: override: reassigning to symbol FANOTIFY
.config:1648:warning: override: reassigning to symbol STACKPROTECTOR
.config:1650:warning: override: reassigning to symbol POWER_RESET_QEMU_VIRT_CTRL
.config:1662:warning: override: reassigning to symbol HAVE_ARCH_TRANSPARENT_HUGEPAGE
.config:1663:warning: override: reassigning to symbol CC_IS_GCC
.config:1664:warning: override: reassigning to symbol SCHED_SMT
.config:1666:warning: override: reassigning to symbol GENERIC_IRQ_SHOW
.config:1671:warning: override: reassigning to symbol ARM_GIC
.config:1672:warning: override: reassigning to symbol ARCH_WANTS_NO_INSTR
.config:1676:warning: override: reassigning to symbol RATIONAL
.config:1702:warning: override: reassigning to symbol DEBUG_DEVRES
.config:1705:warning: override: reassigning to symbol GCC_ASM_GOTO_OUTPUT_BROKEN
.config:1706:warning: override: reassigning to symbol HAVE_STACKPROTECTOR
.config:1720:warning: override: reassigning to symbol PAGE_MAPCOUNT
.config:1730:warning: override: reassigning to symbol FIX_EARLYCON_MEM
.config:1731:warning: override: reassigning to symbol CRC32
.config:1732:warning: override: reassigning to symbol HAVE_PREEMPT_DYNAMIC
.config:1741:warning: override: reassigning to symbol DMA_NONCOHERENT_MMAP
.config:1742:warning: override: reassigning to symbol DEBUG_SHIRQ
.config:1758:warning: override: reassigning to symbol GENERIC_ARCH_TOPOLOGY
.config:1764:warning: override: reassigning to symbol DUMMY_IRQ
.config:1765:warning: override: reassigning to symbol GENERIC_PCI_IOMAP
.config:1770:warning: override: reassigning to symbol OF_IRQ
.config:1771:warning: override: reassigning to symbol HAVE_ASM_MODVERSIONS
.config:1772:warning: override: reassigning to symbol GOLDFISH
.config:1780:warning: override: reassigning to symbol RELOCATABLE
.config:1782:warning: override: reassigning to symbol HAVE_ARM_SMCCC
.config:1787:warning: override: reassigning to symbol BINFMT_SCRIPT
.config:1789:warning: override: reassigning to symbol ARCH_VISCONTI
.config:1796:warning: override: reassigning to symbol HAVE_ARCH_JUMP_LABEL
.config:1797:warning: override: reassigning to symbol COMMON_CLK
.config:1798:warning: override: reassigning to symbol OF_FLATTREE
.config:1803:warning: override: reassigning to symbol ARM64_ERRATUM_3194386
.config:1805:warning: override: reassigning to symbol KEYS
.config:1811:warning: override: reassigning to symbol HWSPINLOCK
.config:1813:warning: override: reassigning to symbol ARCH_HAVE_NMI_SAFE_CMPXCHG
.config:1814:warning: override: reassigning to symbol ARCH_HAS_TICK_BROADCAST
.config:1815:warning: override: reassigning to symbol FSI
.config:1828:warning: override: reassigning to symbol VEXPRESS_CONFIG
.config:1831:warning: override: reassigning to symbol RCU_NEED_SEGCBLIST
.config:1843:warning: override: reassigning to symbol HAVE_ARCH_VMAP_STACK
.config:1846:warning: override: reassigning to symbol FS_ENCRYPTION
.config:1847:warning: override: reassigning to symbol ARM_GIC_ITS_PARENT
.config:1848:warning: override: reassigning to symbol GCC_NO_STRINGOP_OVERFLOW
.config:1850:warning: override: reassigning to symbol HAS_DMA
.config:1851:warning: override: reassigning to symbol MUX_CORE
.config:1853:warning: override: reassigning to symbol ARCH_SUPPORTS_PAGE_TABLE_CHECK
.config:1860:warning: override: reassigning to symbol ARCH_HAS_FORCE_DMA_UNENCRYPTED
.config:1864:warning: override: reassigning to symbol SAMPLES
.config:1878:warning: override: reassigning to symbol SCHED_MC
.config:1883:warning: override: reassigning to symbol PECI
.config:1886:warning: override: reassigning to symbol GNSS
.config:1888:warning: override: reassigning to symbol READABLE_ASM
.config:1891:warning: override: reassigning to symbol DEBUG_VFS
.config:1893:warning: override: reassigning to symbol ARCH_SUPPORTS_CRASH_DUMP
.config:1905:warning: override: reassigning to symbol HIGH_RES_TIMERS
.config:1907:warning: override: reassigning to symbol INTEL_TH
.config:1908:warning: override: reassigning to symbol HAVE_ARCH_KASAN_SW_TAGS
.config:1915:warning: override: reassigning to symbol ARCH_BITMAIN
.config:1918:warning: override: reassigning to symbol LOCKDEP_SUPPORT
.config:1920:warning: override: reassigning to symbol DEVTMPFS
.config:1928:warning: override: reassigning to symbol ARCH_SYNQUACER
.config:1933:warning: override: reassigning to symbol ARCH_HAS_CURRENT_STACK_POINTER
.config:1938:warning: override: reassigning to symbol WQ_WATCHDOG
.config:1948:warning: override: reassigning to symbol COMMON_CLK_AXI_CLKGEN
.config:1954:warning: override: reassigning to symbol HAVE_SYSCALL_TRACEPOINTS
.config:1959:warning: override: reassigning to symbol MFD_HI6421_PMIC
.config:1966:warning: override: reassigning to symbol SYSFS
.config:1972:warning: override: reassigning to symbol DEBUG_WW_MUTEX_SLOWPATH
.config:1975:warning: override: reassigning to symbol BACKLIGHT_CLASS_DEVICE
.config:1978:warning: override: reassigning to symbol SERIAL_DEV_BUS
.config:1983:warning: override: reassigning to symbol NLS
.config:1995:warning: override: reassigning to symbol ARCH_HAS_ZONE_DMA_SET
.config:1997:warning: override: reassigning to symbol GENERIC_LIB_DEVMEM_IS_ALLOWED
.config:2001:warning: override: reassigning to symbol ARCH_SUNXI
.config:2006:warning: override: reassigning to symbol AS_IS_GNU
.config:2007:warning: override: reassigning to symbol VHOST_MENU
.config:2011:warning: override: reassigning to symbol POWER_SUPPLY_DEBUG
.config:2025:warning: override: reassigning to symbol HARDENED_USERCOPY
.config:2033:warning: override: reassigning to symbol ARCH_SUPPORTS_HUGETLBFS
.config:2053:warning: override: reassigning to symbol PRINTK
.config:2057:warning: override: reassigning to symbol TTY
.config:2060:warning: override: reassigning to symbol BLK_DEV_INITRD
.config:2064:warning: override: reassigning to symbol BINFMT_ELF
.config:2065:warning: override: reassigning to symbol BINFMT_SCRIPT
.config:2090:warning: override: reassigning to symbol CGROUPS
.config:2094:warning: override: reassigning to symbol PROC_FS
.config:2095:warning: override: reassigning to symbol NET
.config:2097:warning: override: reassigning to symbol TMPFS
.config:2098:warning: override: reassigning to symbol SYSVIPC
.config:2099:warning: override: reassigning to symbol FUTEX
.config:2102:warning: override: reassigning to symbol SERIAL_AMBA_PL011_CONSOLE
#
# configuration written to .config
#
make[5]: Leaving directory '/mnt/git-volume/kernel-test-mainline/build/rand500nsconfig-arm64'
make[4]: Leaving directory '/mnt/git-volume/linux-mainline'
make[4]: Entering directory '/mnt/git-volume/linux-mainline'
make[5]: Entering directory '/mnt/git-volume/kernel-test-mainline/build/rand500nsconfig-arm64'
  SYNC    include/config/auto.conf.cmd
  WRAP    arch/arm64/include/generated/uapi/asm/kvm_para.h
  WRAP    arch/arm64/include/generated/uapi/asm/errno.h
  WRAP    arch/arm64/include/generated/uapi/asm/ioctl.h
  WRAP    arch/arm64/include/generated/uapi/asm/ioctls.h
  WRAP    arch/arm64/include/generated/uapi/asm/ipcbuf.h
  WRAP    arch/arm64/include/generated/uapi/asm/msgbuf.h
  WRAP    arch/arm64/include/generated/uapi/asm/poll.h
  UPD     include/generated/uapi/linux/version.h
  WRAP    arch/arm64/include/generated/uapi/asm/resource.h
  WRAP    arch/arm64/include/generated/uapi/asm/sembuf.h
  WRAP    arch/arm64/include/generated/uapi/asm/shmbuf.h
  WRAP    arch/arm64/include/generated/uapi/asm/siginfo.h
  WRAP    arch/arm64/include/generated/uapi/asm/socket.h
  WRAP    arch/arm64/include/generated/uapi/asm/sockios.h
  WRAP    arch/arm64/include/generated/uapi/asm/stat.h
  WRAP    arch/arm64/include/generated/uapi/asm/swab.h
  UPD     include/generated/compile.h
  WRAP    arch/arm64/include/generated/uapi/asm/termbits.h
  WRAP    arch/arm64/include/generated/uapi/asm/termios.h
  WRAP    arch/arm64/include/generated/uapi/asm/types.h
  SYSHDR  arch/arm64/include/generated/uapi/asm/unistd_64.h
  HOSTCC  scripts/dtc/flattree.o
  WRAP    arch/arm64/include/generated/asm/early_ioremap.h
  HOSTCC  scripts/dtc/dtc.o
  WRAP    arch/arm64/include/generated/asm/fprobe.h
  HOSTCC  scripts/dtc/fstree.o
  WRAP    arch/arm64/include/generated/asm/mcs_spinlock.h
  WRAP    arch/arm64/include/generated/asm/mmzone.h
  HOSTCC  scripts/dtc/data.o
  WRAP    arch/arm64/include/generated/asm/qrwlock.h
  WRAP    arch/arm64/include/generated/asm/qspinlock.h
  WRAP    arch/arm64/include/generated/asm/parport.h
  WRAP    arch/arm64/include/generated/asm/user.h
  WRAP    arch/arm64/include/generated/asm/delay.h
  WRAP    arch/arm64/include/generated/asm/device.h
  HOSTCC  scripts/dtc/livetree.o
  WRAP    arch/arm64/include/generated/asm/div64.h
  WRAP    arch/arm64/include/generated/asm/dma-mapping.h
  WRAP    arch/arm64/include/generated/asm/dma.h
  WRAP    arch/arm64/include/generated/asm/emergency-restart.h
  WRAP    arch/arm64/include/generated/asm/hw_irq.h
  HOSTCC  scripts/dtc/treesource.o
  WRAP    arch/arm64/include/generated/asm/irq_regs.h
  WRAP    arch/arm64/include/generated/asm/kdebug.h
  WRAP    arch/arm64/include/generated/asm/kmap_size.h
  WRAP    arch/arm64/include/generated/asm/local.h
  WRAP    arch/arm64/include/generated/asm/local64.h
  WRAP    arch/arm64/include/generated/asm/mmiowb.h
  WRAP    arch/arm64/include/generated/asm/msi.h
  WRAP    arch/arm64/include/generated/asm/percpu_types.h
  HOSTCC  scripts/dtc/srcpos.o
  WRAP    arch/arm64/include/generated/asm/serial.h
  WRAP    arch/arm64/include/generated/asm/softirq_stack.h
  WRAP    arch/arm64/include/generated/asm/switch_to.h
  WRAP    arch/arm64/include/generated/asm/trace_clock.h
  WRAP    arch/arm64/include/generated/asm/unwind_user.h
  WRAP    arch/arm64/include/generated/asm/vga.h
  WRAP    arch/arm64/include/generated/asm/video.h
  SYSTBL  arch/arm64/include/generated/asm/syscall_table_32.h
  SYSTBL  arch/arm64/include/generated/asm/syscall_table_64.h
  HOSTCC  scripts/dtc/checks.o
  HOSTCC  scripts/dtc/util.o
  SYSHDR  arch/arm64/include/generated/asm/unistd_32.h
  LEX     scripts/dtc/dtc-lexer.lex.c
  YACC    scripts/dtc/dtc-parser.tab.[ch]
  HOSTCC  scripts/dtc/libfdt/fdt.o
  UPD     include/config/kernel.release
  HOSTCC  scripts/dtc/libfdt/fdt_ro.o
  SYSHDR  arch/arm64/include/generated/asm/unistd_compat_32.h
  HOSTCC  scripts/dtc/libfdt/fdt_wip.o
  HOSTCC  scripts/dtc/libfdt/fdt_sw.o
  HOSTCC  scripts/dtc/libfdt/fdt_rw.o
  HOSTCC  scripts/dtc/libfdt/fdt_strerror.o
  HOSTCC  scripts/dtc/libfdt/fdt_empty_tree.o
  HOSTCC  scripts/dtc/libfdt/fdt_addresses.o
  HOSTCC  scripts/dtc/libfdt/fdt_overlay.o
  HOSTCC  scripts/dtc/fdtoverlay.o
  HOSTLD  scripts/dtc/fdtoverlay
  UPD     include/generated/utsrelease.h
  HOSTCC  scripts/dtc/dtc-lexer.lex.o
  HOSTCC  scripts/dtc/dtc-parser.tab.o
  HOSTLD  scripts/dtc/dtc
  HOSTCC  scripts/kallsyms
  HOSTCC  scripts/sorttable.o
  HOSTCC  scripts/elf-parse.o
  HOSTLD  scripts/sorttable
  GEN     arch/arm64/include/generated/asm/cpucap-defs.h
  GEN     arch/arm64/include/generated/asm/kernel-hwcap.h
  GEN     arch/arm64/include/generated/asm/sysreg-defs.h
  CC      scripts/mod/empty.o
  HOSTCC  scripts/mod/mk_elfconfig
  CC      scripts/mod/devicetable-offsets.s
  MKELF   scripts/mod/elfconfig.h
  HOSTCC  scripts/mod/modpost.o
  HOSTCC  scripts/mod/sumversion.o
  HOSTCC  scripts/mod/symsearch.o
  UPD     scripts/mod/devicetable-offsets.h
  HOSTCC  scripts/mod/file2alias.o
  HOSTLD  scripts/mod/modpost
  CC      kernel/bounds.s
  CHKSHA1 /mnt/git-volume/linux-mainline/include/linux/atomic/atomic-arch-fallback.h
  CHKSHA1 /mnt/git-volume/linux-mainline/include/linux/atomic/atomic-instrumented.h
  UPD     include/generated/timeconst.h
  CHKSHA1 /mnt/git-volume/linux-mainline/include/linux/atomic/atomic-long.h
  UPD     include/generated/bounds.h
  CC      arch/arm64/kernel/asm-offsets.s
  UPD     include/generated/asm-offsets.h
  CC      kernel/sched/rq-offsets.s
  UPD     include/generated/rq-offsets.h
  CALL    /mnt/git-volume/linux-mainline/scripts/checksyscalls.sh 
  LDS     arch/arm64/kernel/vdso/vdso.lds
  CC      arch/arm64/kernel/vdso/vgettimeofday.o
  AS      arch/arm64/kernel/vdso/note.o
  AS      arch/arm64/kernel/vdso/sigreturn.o
  CC      arch/arm64/kernel/vdso/vgetrandom.o
  AS      arch/arm64/kernel/vdso/vgetrandom-chacha.o
  LD      arch/arm64/kernel/vdso/vdso.so.dbg
  VDSOSYM include/generated/vdso-offsets.h
  OBJCOPY arch/arm64/kernel/vdso/vdso.so
  HOSTCC  usr/gen_init_cpio
  CC      init/main.o
  CC      arch/arm64/kernel/pi/idreg-override.o
  CC      kernel/sched/core.o
  GEN     usr/initramfs_data.cpio
  COPY    usr/initramfs_inc_data
  AS      usr/initramfs_data.o
  AR      usr/built-in.a
  CC      kernel/sched/fair.o
  HOSTCC  arch/arm64/kernel/pi/relacheck
  CC      arch/arm64/kernel/pi/map_kernel.o
  UPD     init/utsversion-tmp.h
  CC      init/do_mounts.o
  CC      arch/arm64/kernel/pi/map_range.o
  CC      kernel/sched/build_policy.o
  CC      kernel/sched/build_utility.o
  CC      arch/arm64/kernel/pi/lib-fdt.o
  CC      init/do_mounts_initrd.o
  CC      arch/arm64/kernel/pi/lib-fdt_ro.o
  CC      arch/arm64/kernel/pi/relocate.o
  OBJCOPY arch/arm64/kernel/pi/idreg-override.pi.o
  OBJCOPY arch/arm64/kernel/pi/map_kernel.pi.o
  OBJCOPY arch/arm64/kernel/pi/map_range.pi.o
  OBJCOPY arch/arm64/kernel/pi/lib-fdt.pi.o
  OBJCOPY arch/arm64/kernel/pi/lib-fdt_ro.pi.o
  OBJCOPY arch/arm64/kernel/pi/relocate.pi.o
  AR      arch/arm64/kernel/pi/built-in.a
  AR      arch/arm64/kernel/probes/built-in.a
  CC      arch/arm64/kernel/debug-monitors.o
  CC      init/initramfs.o
  AS      arch/arm64/kernel/entry.o
  CC      arch/arm64/kernel/irq.o
  CC      arch/arm64/kernel/fpsimd.o
  CC      init/calibrate.o
  AR      kernel/sched/built-in.a
  CC      kernel/locking/mutex.o
  CC      init/init_task.o
  CC      arch/arm64/kernel/entry-common.o
  CC      arch/arm64/kernel/process.o
  CC      kernel/locking/semaphore.o
  CC      init/version.o
  CC      arch/arm64/kernel/ptrace.o
  AR      init/built-in.a
  AR      certs/built-in.a
  CC      mm/filemap.o
  CC      kernel/locking/rwsem.o
  CC      arch/arm64/kernel/setup.o
  CC      arch/arm64/kernel/signal.o
  CC      arch/arm64/kernel/sys.o
  CC      kernel/locking/percpu-rwsem.o
  CC      kernel/locking/lockdep.o
  CC      kernel/locking/lockdep_proc.o
  CC      mm/mempool.o
  CC      arch/arm64/kernel/stacktrace.o
  CC      kernel/locking/spinlock.o
  CC      kernel/locking/osq_lock.o
  CC      mm/oom_kill.o
  CC      kernel/locking/qspinlock.o
  CC      kernel/locking/rtmutex_api.o
  CC      arch/arm64/kernel/time.o
  CC      kernel/locking/spinlock_rt.o
  CC      arch/arm64/kernel/traps.o
  CC      mm/fadvise.o
  CC      kernel/locking/ww_rt_mutex.o
  CC      kernel/locking/spinlock_debug.o
  CC      mm/maccess.o
  CC      mm/page-writeback.o
  CC      arch/arm64/kernel/io.o
  AR      kernel/locking/built-in.a
  CC      kernel/power/qos.o
  CC      arch/arm64/kernel/vdso.o
  CC      mm/folio-compat.o
  AR      kernel/power/built-in.a
  CC      kernel/printk/printk.o
  AS      arch/arm64/kernel/hyp-stub.o
  CC      arch/arm64/kernel/psci.o
  CC      arch/arm64/mm/dma-mapping.o
  CC      mm/readahead.o
  CC      arch/arm64/kernel/cpu_ops.o
  CC      arch/arm64/mm/extable.o
  CC      kernel/printk/printk_safe.o
  CC      arch/arm64/mm/fault.o
  CC      mm/swap.o
  CC      arch/arm64/kernel/return_address.o
  CC      kernel/printk/nbcon.o
  CC      arch/arm64/kernel/cpuinfo.o
  CC      arch/arm64/mm/init.o
  CC      mm/truncate.o
  CC      kernel/printk/printk_ringbuffer.o
  CC      arch/arm64/kernel/cpu_errata.o
  CC      kernel/printk/sysctl.o
  AS      arch/arm64/mm/cache.o
  CC      arch/arm64/mm/copypage.o
  CC      arch/arm64/kernel/cpufeature.o
  CC      mm/vmscan.o
  AR      kernel/printk/built-in.a
  CC      kernel/irq/irqdesc.o
  CC      arch/arm64/mm/flush.o
  CC      kernel/irq/handle.o
  CC      arch/arm64/mm/ioremap.o
  CC      arch/arm64/kernel/alternative.o
  CC      mm/shrinker.o
  CC      kernel/irq/manage.o
  CC      arch/arm64/mm/mmap.o
  CC      arch/arm64/kernel/cacheinfo.o
  CC      mm/shmem.o
  CC      arch/arm64/mm/pgd.o
  CC      arch/arm64/kernel/smp.o
  CC      kernel/irq/spurious.o
  CC      arch/arm64/mm/mem_encrypt.o
  CC      mm/util.o
  CC      kernel/irq/resend.o
  CC      arch/arm64/mm/mmu.o
  CC      arch/arm64/kernel/smp_spin_table.o
  CC      mm/mmzone.o
  CC      kernel/irq/chip.o
  CC      arch/arm64/kernel/topology.o
  CC      mm/vmstat.o
  CC      arch/arm64/mm/context.o
  CC      kernel/irq/dummychip.o
  AS      arch/arm64/kernel/smccc-call.o
  CC      arch/arm64/kernel/syscall.o
  CC      kernel/irq/devres.o
  AS      arch/arm64/mm/proc.o
  CC      arch/arm64/mm/pageattr.o
  CC      mm/backing-dev.o
  CC      arch/arm64/kernel/proton-pack.o
  CC      kernel/irq/kexec.o
  CC      arch/arm64/mm/fixmap.o
  CC      mm/mm_init.o
  CC      arch/arm64/kernel/idle.o
  CC      kernel/irq/generic-chip.o
  AR      arch/arm64/mm/built-in.a
  AR      arch/arm64/net/built-in.a
  CC      arch/arm64/crypto/aes-glue-ce.o
  CC      arch/arm64/kernel/patching.o
  CC      kernel/irq/autoprobe.o
  CC      mm/percpu.o
  CC      arch/arm64/kernel/rsi.o
  AR      arch/arm64/crypto/built-in.a
  CC      arch/arm64/kernel/jump_label.o
  CC      kernel/irq/irqdomain.o
  AS      arch/arm64/kernel/vdso-wrap.o
  AS      arch/arm64/kernel/head.o
  LDS     arch/arm64/kernel/vmlinux.lds
  CC      kernel/irq/proc.o
  AR      arch/arm64/kernel/built-in.a
  AR      arch/arm64/built-in.a
  AR      fs/notify/dnotify/built-in.a
  AR      fs/notify/inotify/built-in.a
  CC      fs/notify/fanotify/fanotify.o
  CC      mm/slab_common.o
  CC      fs/crypto/crypto.o
  CC      kernel/irq/msi.o
  CC      fs/notify/fanotify/fanotify_user.o
  CC      mm/compaction.o
  CC      fs/crypto/fname.o
  CC      kernel/irq/ipi.o
  CC      mm/show_mem.o
  CC      kernel/irq/affinity.o
  AR      fs/notify/fanotify/built-in.a
  CC      fs/notify/fsnotify.o
  CC      fs/crypto/hkdf.o
  AR      kernel/irq/built-in.a
  CC      kernel/rcu/update.o
  CC      fs/notify/notification.o
  CC      mm/interval_tree.o
  CC      fs/crypto/hooks.o
  CC      kernel/rcu/sync.o
  CC      fs/notify/group.o
  CC      mm/list_lru.o
  CC      kernel/rcu/srcutree.o
  CC      fs/crypto/keyring.o
  CC      fs/notify/mark.o
  CC      kernel/rcu/tree.o
  CC      mm/workingset.o
  CC      fs/crypto/keysetup.o
  CC      fs/notify/fdinfo.o
  CC      fs/crypto/keysetup_v1.o
  CC      mm/debug.o
  AR      fs/notify/built-in.a
  AR      fs/iomap/built-in.a
  CC      fs/quota/dquot.o
  CC      fs/crypto/policy.o
  CC      mm/gup.o
  CC      kernel/rcu/rcu_segcblist.o
  AR      fs/crypto/built-in.a
  CC      fs/proc/task_mmu.o
  CC      fs/quota/quota.o
  AR      kernel/rcu/built-in.a
  AR      kernel/livepatch/built-in.a
  AR      kernel/liveupdate/built-in.a
  CC      kernel/dma/mapping.o
  CC      mm/mmap_lock.o
  CC      fs/quota/kqid.o
  CC      kernel/dma/direct.o
  CC      fs/proc/inode.o
  AR      fs/quota/built-in.a
  CC      fs/kernfs/mount.o
  CC      mm/vma_init.o
  CC      kernel/dma/coherent.o
  CC      fs/proc/root.o
  CC      fs/kernfs/inode.o
  CC      mm/highmem.o
  CC      kernel/dma/swiotlb.o
  CC      fs/proc/base.o
  CC      fs/kernfs/dir.o
  CC      mm/memory.o
  CC      kernel/dma/pool.o
  CC      kernel/dma/remap.o
  CC      fs/kernfs/file.o
  CC      fs/proc/generic.o
  AR      kernel/dma/built-in.a
  CC      kernel/entry/common.o
  CC      fs/proc/array.o
  CC      fs/kernfs/symlink.o
  CC      mm/mincore.o
  AR      kernel/entry/built-in.a
  AR      kernel/unwind/built-in.a
  CC      kernel/time/time.o
  CC      fs/proc/fd.o
  AR      fs/kernfs/built-in.a
  CC      kernel/time/timer.o
  CC      mm/mlock.o
  CC      kernel/time/hrtimer.o
  CC      fs/proc/proc_tty.o
  CC      kernel/time/sleep_timeout.o
  CC      kernel/time/timekeeping.o
  CC      mm/mmap.o
  CC      fs/proc/cmdline.o
  CC      fs/proc/consoles.o
  CC      fs/proc/cpuinfo.o
  CC      fs/proc/devices.o
  CC      kernel/time/ntp.o
  CC      mm/mmu_gather.o
  CC      fs/proc/loadavg.o
  CC      fs/proc/meminfo.o
  CC      kernel/time/clocksource.o
  CC      fs/proc/stat.o
  CC      mm/mprotect.o
  CC      fs/proc/uptime.o
  CC      kernel/time/jiffies.o
  CC      fs/proc/util.o
  CC      fs/proc/version.o
  CC      kernel/time/timer_list.o
  CC      fs/sysfs/file.o
  CC      mm/mremap.o
  CC      fs/proc/softirqs.o
  CC      fs/sysfs/dir.o
  CC      kernel/time/timeconv.o
  CC      mm/msync.o
  CC      fs/proc/namespaces.o
  CC      fs/sysfs/symlink.o
  CC      kernel/time/timecounter.o
  CC      kernel/time/alarmtimer.o
  CC      fs/proc/self.o
  CC      mm/page_vma_mapped.o
  CC      kernel/time/posix-stubs.o
  CC      fs/sysfs/mount.o
  CC      fs/proc/thread_self.o
  CC      kernel/time/clockevents.o
  CC      mm/pagewalk.o
  CC      fs/sysfs/group.o
  CC      fs/proc/proc_sysctl.o
  CC      kernel/time/tick-common.o
  AR      fs/sysfs/built-in.a
  CC      fs/devpts/inode.o
  CC      mm/pgtable-generic.o
  CC      fs/proc/proc_net.o
  CC      kernel/time/tick-broadcast.o
  AR      fs/devpts/built-in.a
  CC      fs/ramfs/inode.o
  CC      mm/rmap.o
  CC      kernel/time/tick-broadcast-hrtimer.o
  CC      fs/proc/kmsg.o
  CC      fs/ramfs/file-mmu.o
  CC      fs/proc/page.o
  CC      kernel/time/sched_clock.o
  CC      mm/vmalloc.o
  AR      fs/ramfs/built-in.a
  CC      fs/exportfs/expfs.o
  CC      kernel/time/tick-oneshot.o
  AR      fs/proc/built-in.a
  CC      fs/nls/nls_base.o
  AR      fs/exportfs/built-in.a
  AR      fs/unicode/built-in.a
  AR      fs/hostfs/built-in.a
  CC      fs/open.o
  CC      kernel/time/tick-sched.o
  CC      fs/nls/nls_cp863.o
  CC      kernel/time/vsyscall.o
  CC      fs/nls/nls_cp864.o
  CC      mm/vma.o
  CC      fs/nls/nls_cp932.o
  AR      kernel/time/built-in.a
  CC      kernel/futex/core.o
  CC      fs/nls/nls_euc-jp.o
  CC      kernel/futex/syscalls.o
  CC      fs/nls/nls_cp1251.o
  CC      kernel/futex/pi.o
  CC      mm/vma_exec.o
  CC      fs/nls/nls_koi8-r.o
  CC      kernel/futex/requeue.o
  CC      kernel/futex/waitwake.o
  CC      fs/nls/mac-iceland.o
  CC      mm/mseal.o
  CC      mm/page_alloc.o
  CC      fs/nls/mac-inuit.o
  AR      kernel/futex/built-in.a
  CC      kernel/cgroup/cgroup.o
  CC      fs/read_write.o
  AR      fs/nls/built-in.a
  CC      fs/file_table.o
  CC      mm/page_frag_cache.o
  CC      fs/super.o
  CC      fs/char_dev.o
  CC      mm/init-mm.o
  CC      kernel/cgroup/rstat.o
  CC      kernel/cgroup/namespace.o
  CC      fs/stat.o
  CC      mm/memblock.o
  CC      kernel/cgroup/cgroup-v1.o
  CC      kernel/cgroup/freezer.o
  CC      fs/exec.o
  CC      mm/slub.o
  CC      kernel/cgroup/cpuset.o
  CC      mm/dmapool.o
  CC      fs/pipe.o
  CC      mm/sparse.o
  AR      kernel/cgroup/built-in.a
  CC      kernel/bpf/core.o
  CC      mm/sparse-vmemmap.o
  CC      mm/early_ioremap.o
  CC      fs/namei.o
  CC      mm/usercopy.o
  CC      mm/ioremap.o
  AR      kernel/bpf/built-in.a
  CC      kernel/fork.o
  CC      kernel/exec_domain.o
  AR      mm/built-in.a
  CC      ipc/util.o
  CC      fs/fcntl.o
  CC      kernel/exec_state.o
  CC      ipc/msgutil.o
  CC      kernel/panic.o
  CC      kernel/cpu.o
  CC      fs/ioctl.o
  CC      ipc/msg.o
  CC      kernel/exit.o
  CC      fs/readdir.o
  CC      kernel/softirq.o
  CC      ipc/sem.o
  CC      fs/select.o
  CC      kernel/resource.o
  CC      kernel/sysctl.o
  CC      ipc/shm.o
  CC      fs/dcache.o
  CC      fs/inode.o
  CC      kernel/capability.o
  CC      ipc/syscall.o
  CC      kernel/ptrace.o
  CC      fs/attr.o
  CC      ipc/ipc_sysctl.o
  CC      fs/bad_inode.o
  CC      kernel/user.o
  AR      ipc/built-in.a
  CC      security/keys/gc.o
  CC      fs/file.o
  CC      security/commoncap.o
  CC      kernel/signal.o
  CC      security/keys/key.o
  CC      security/min_addr.o
  CC      fs/filesystems.o
  CC      security/keys/keyring.o
  CC      security/device_cgroup.o
  CC      kernel/sys.o
  CC      fs/namespace.o
  CC      security/keys/keyctl.o
  CC      security/keys/permission.o
  CC      kernel/umh.o
  CC      security/keys/process_keys.o
  CC      security/keys/request_key.o
  CC      kernel/workqueue.o
  CC      fs/seq_file.o
  CC      security/keys/request_key_auth.o
  CC      kernel/pid.o
  CC      security/keys/user_defined.o
  CC      fs/xattr.o
  CC      kernel/task_work.o
  CC      security/keys/proc.o
  CC      kernel/extable.o
  CC      security/keys/sysctl.o
  CC      fs/libfs.o
  CC      kernel/params.o
  CC      kernel/kthread.o
  AR      security/keys/built-in.a
  AR      security/built-in.a
  CC      crypto/api.o
  CC      kernel/sys_ni.o
  CC      fs/fs-writeback.o
  CC      kernel/nsproxy.o
  CC      kernel/nstree.o
  CC      crypto/cipher.o
  CC      kernel/nscommon.o
  CC      crypto/algapi.o
  CC      fs/pnode.o
  CC      kernel/notifier.o
  CC      kernel/ksysfs.o
  CC      fs/splice.o
  CC      kernel/cred.o
  CC      crypto/scatterwalk.o
  CC      kernel/reboot.o
  CC      kernel/async.o
  CC      fs/sync.o
  CC      crypto/proc.o
  CC      kernel/range.o
  CC      kernel/smpboot.o
  AS      arch/arm64/lib/clear_page.o
  AS      arch/arm64/lib/clear_user.o
  AS      arch/arm64/lib/copy_from_user.o
  AS      arch/arm64/lib/copy_page.o
  CC      crypto/lskcipher.o
  AS      arch/arm64/lib/copy_to_user.o
  CC      arch/arm64/lib/csum.o
  CC      fs/utimes.o
  CC      kernel/ucount.o
  CC      arch/arm64/lib/delay.o
  CC      kernel/regset.o
  CC      fs/d_path.o
  CC      arch/arm64/lib/insn.o
  CC      crypto/skcipher.o
  CC      kernel/ksyms_common.o
  AS      arch/arm64/lib/memchr.o
  AS      arch/arm64/lib/memcmp.o
  AS      arch/arm64/lib/memcpy.o
  AS      arch/arm64/lib/memset.o
  AS      arch/arm64/lib/strchr.o
  AS      arch/arm64/lib/strcmp.o
  AS      arch/arm64/lib/strlen.o
  AS      arch/arm64/lib/strncmp.o
  AS      arch/arm64/lib/strnlen.o
  CC      fs/stack.o
  AS      arch/arm64/lib/strrchr.o
  AS      arch/arm64/lib/tishift.o
  AR      arch/arm64/lib/built-in.a
  AR      arch/arm64/lib/lib.a
  AR      lib/kunit/built-in.a
  AR      lib/math/tests/built-in.a
  CC      lib/math/div64.o
  CC      kernel/stacktrace.o
  CC      lib/math/gcd.o
  CC      crypto/ahash.o
  CC      lib/math/lcm.o
  CC      lib/math/int_log.o
  CC      fs/fs_struct.o
  CC      lib/math/int_pow.o
  CC      lib/math/int_sqrt.o
  CC      lib/math/reciprocal_div.o
  CC      lib/math/rational.o
  CC      kernel/smp.o
  CC      crypto/shash.o
  AR      lib/math/built-in.a
  AR      lib/crc/tests/built-in.a
  CC      lib/crc/crc4.o
  CC      fs/statfs.o
  CC      kernel/kallsyms.o
  HOSTCC  lib/crc/gen_crc32table
  GEN     lib/crc/crc32table.h
  CC      lib/crc/crc32-main.o
  CC      fs/fs_pin.o
  CC      crypto/algboss.o
  AR      lib/crc/built-in.a
  CC      lib/crypto/memneq.o
  CC      kernel/stop_machine.o
  CC      fs/nsfs.o
  CC      lib/crypto/utils.o
  CC      crypto/testmgr.o
  CC      kernel/utsname_sysctl.o
  CC      lib/crypto/aes.o
  CC      kernel/irq_work.o
  CC      fs/fs_dirent.o
  CC      crypto/wp512.o
  AS      lib/crypto/arm64/aes-cipher-core.o
  CC      fs/fs_context.o
  AS      lib/crypto/arm64/aes-ce-core.o
  AS      lib/crypto/arm64/aes-ce.o
  AS      lib/crypto/arm64/aes-neon.o
  CC      lib/crypto/blake2s.o
  CC      kernel/jump_label.o
  CC      crypto/ecb.o
  CC      lib/crypto/chacha-block-generic.o
  CC      kernel/context_tracking.o
  CC      fs/fs_parser.o
  CC      lib/crypto/sha1.o
  CC      crypto/xxhash_generic.o
  AS      lib/crypto/arm64/sha1-ce-core.o
  CC      lib/crypto/sha256.o
  CC      kernel/iomem.o
  AR      crypto/built-in.a
  AR      drivers/cache/built-in.a
  CC      drivers/irqchip/irqchip.o
  CC      fs/fsopen.o
  AS      lib/crypto/arm64/sha256-ce.o
  PERLASM lib/crypto/arm64/sha256-core.S
  CC      lib/crypto/sha512.o
  AR      kernel/built-in.a
  AR      sound/built-in.a
  CC      drivers/irqchip/irq-sun6i-r.o
  AR      samples/vfio-mdev/built-in.a
  AR      samples/built-in.a
  CC      net/core/sock.o
  CC      fs/init.o
  AS      lib/crypto/arm64/sha512-ce-core.o
  PERLASM lib/crypto/arm64/sha512-core.S
  AS      lib/crypto/arm64/sha256-core.o
  AS      lib/crypto/arm64/sha512-core.o
  AR      lib/crypto/built-in.a
  AR      lib/tests/built-in.a
  CC      lib/vdso/datastore.o
  CC      drivers/irqchip/irq-sunxi-nmi.o
  CC      fs/kernel_read_file.o
  AR      lib/vdso/built-in.a
  AR      lib/raid/xor/tests/built-in.a
  AR      lib/raid/xor/built-in.a
  AR      lib/raid/raid6/built-in.a
  AR      lib/raid/built-in.a
  CC      lib/zlib_inflate/inffast.o
  CC      drivers/irqchip/irq-gic.o
  CC      lib/zlib_inflate/inflate.o
  CC      lib/zlib_inflate/infutil.o
  CC      fs/mnt_idmapping.o
  CC      lib/zlib_inflate/inftrees.o
  CC      net/core/skbuff.o
  CC      lib/zlib_inflate/inflate_syms.o
  CC      drivers/irqchip/irq-gic-common.o
  CC      fs/remap_range.o
  AR      lib/zlib_inflate/built-in.a
  CC      lib/lzo/lzo1x_decompress_safe.o
  CC      drivers/irqchip/irq-msi-lib.o
  AR      lib/lzo/built-in.a
  CC      lib/lz4/lz4_decompress.o
  CC      drivers/irqchip/irq-gic-v3.o
  CC      fs/pidfs.o
  AR      lib/lz4/built-in.a
  CC      lib/zstd/zstd_decompress_module.o
  CC      fs/file_attr.o
  CC      drivers/irqchip/irq-gic-v3-mbi.o
  CC      lib/zstd/decompress/huf_decompress.o
  CC      net/core/datagram.o
  CC      drivers/irqchip/irq-gic-its-msi-parent.o
  CC      lib/zstd/decompress/zstd_ddict.o
  CC      lib/zstd/decompress/zstd_decompress.o
  CC      fs/fserror.o
  CC      lib/zstd/decompress/zstd_decompress_block.o
  CC      fs/nullfs.o
  CC      drivers/irqchip/irq-gic-v3-its.o
  CC      net/core/stream.o
  CC      lib/zstd/zstd_common_module.o
  CC      fs/proc_namespace.o
  CC      net/core/scm.o
  CC      lib/zstd/common/debug.o
  CC      lib/zstd/common/entropy_common.o
  CC      lib/zstd/common/error_private.o
  CC      lib/zstd/common/fse_decompress.o
  CC      lib/zstd/common/zstd_common.o
  AR      lib/zstd/built-in.a
  CC      lib/xz/xz_dec_syms.o
  CC      fs/anon_inodes.o
  CC      drivers/irqchip/irq-gic-v4.o
  CC      lib/xz/xz_dec_stream.o
  CC      net/core/gen_stats.o
  CC      drivers/irqchip/irq-gic-v5.o
  CC      fs/binfmt_script.o
  CC      lib/xz/xz_dec_lzma2.o
  CC      fs/binfmt_elf.o
  CC      net/core/gen_estimator.o
  CC      lib/xz/xz_dec_bcj.o
  CC      drivers/irqchip/irq-gic-v5-irs.o
  AR      lib/xz/built-in.a
  CC      lib/dim/dim.o
  CC      fs/drop_caches.o
  CC      net/core/net_namespace.o
  CC      lib/dim/net_dim.o
  CC      drivers/irqchip/irq-gic-v5-its.o
  CC      fs/sysctls.o
  AR      fs/built-in.a
  CC      net/core/secure_seq.o
  CC      lib/dim/rdma_dim.o
  CC      net/core/flow_dissector.o
  CC      drivers/irqchip/irq-gic-v5-iwb.o
  AR      lib/dim/built-in.a
  CC      lib/argv_split.o
  CC      lib/buildid.o
  CC      net/core/sysctl_net_core.o
  CC      drivers/irqchip/irq-sni-exiu.o
  CC      net/core/dev.o
  CC      lib/cmdline.o
  AR      drivers/irqchip/built-in.a
  AR      drivers/bus/mhi/built-in.a
  CC      drivers/bus/sun50i-de2.o
  CC      lib/cpumask.o
  CC      drivers/bus/sunxi-rsb.o
  CC      drivers/bus/simple-pm-bus.o
  CC      lib/ctype.o
  CC      lib/dec_and_lock.o
  CC      drivers/bus/vexpress-config.o
  CC      lib/decompress.o
  CC      lib/decompress_bunzip2.o
  CC      lib/decompress_inflate.o
  CC      lib/decompress_unlz4.o
  AR      drivers/bus/built-in.a
  AR      drivers/phy/built-in.a
  AR      drivers/pinctrl/actions/built-in.a
  AR      drivers/pinctrl/airoha/built-in.a
  AR      drivers/pinctrl/bcm/built-in.a
  CC      lib/decompress_unlzma.o
  AR      drivers/pinctrl/cirrus/built-in.a
  AR      drivers/pinctrl/cix/built-in.a
  AR      drivers/pinctrl/freescale/built-in.a
  AR      drivers/pinctrl/mediatek/built-in.a
  AR      drivers/pinctrl/microchip/built-in.a
  AR      drivers/pinctrl/mvebu/built-in.a
  AR      drivers/pinctrl/nomadik/built-in.a
  AR      drivers/pinctrl/nuvoton/built-in.a
  AR      drivers/pinctrl/nxp/built-in.a
  AR      drivers/pinctrl/qcom/built-in.a
  AR      drivers/pinctrl/sophgo/built-in.a
  AR      drivers/pinctrl/spacemit/built-in.a
  AR      drivers/pinctrl/sprd/built-in.a
  AR      drivers/pinctrl/starfive/built-in.a
  AR      drivers/pinctrl/sunplus/built-in.a
  CC      drivers/pinctrl/sunxi/pinctrl-sunxi.o
  CC      lib/decompress_unlzo.o
  CC      lib/decompress_unxz.o
  CC      lib/decompress_unzstd.o
  CC      drivers/pinctrl/sunxi/pinctrl-sunxi-dt.o
  CC      lib/dump_stack.o
  CC      lib/earlycpio.o
  CC      net/core/dev_api.o
  CC      lib/extable.o
  CC      drivers/pinctrl/sunxi/pinctrl-sun8i-a23.o
  CC      lib/fdt.o
  CC      lib/fdt_addresses.o
  CC      lib/fdt_empty_tree.o
  CC      drivers/gpio/gpiolib.o
  CC      lib/fdt_ro.o
  CC      drivers/pinctrl/sunxi/pinctrl-sun8i-a23-r.o
  CC      lib/fdt_rw.o
  CC      net/core/dev_addr_lists.o
  CC      lib/fdt_strerror.o
  CC      lib/fdt_sw.o
  CC      lib/fdt_wip.o
  CC      drivers/pinctrl/sunxi/pinctrl-sun50i-a64.o
  CC      lib/flex_proportions.o
  CC      lib/idr.o
  CC      drivers/pinctrl/sunxi/pinctrl-sun50i-a64-r.o
  CC      net/core/dst.o
  CC      drivers/gpio/gpiolib-devres.o
  CC      lib/iomem_copy.o
  CC      drivers/pinctrl/sunxi/pinctrl-sun50i-a100.o
  CC      lib/irq_regs.o
  CC      drivers/gpio/gpiolib-legacy.o
  CC      lib/is_single_threaded.o
  CC      drivers/pinctrl/sunxi/pinctrl-sun50i-a100-r.o
  CC      net/core/netevent.o
  CC      lib/klist.o
  CC      drivers/gpio/gpiolib-of.o
  CC      drivers/pinctrl/sunxi/pinctrl-sun8i-a83t-r.o
  CC      lib/kobject.o
  CC      net/core/neighbour.o
  CC      drivers/pinctrl/sunxi/pinctrl-sun8i-h3-r.o
  CC      lib/kobject_uevent.o
  CC      drivers/gpio/gpiolib-cdev.o
  CC      drivers/pinctrl/sunxi/pinctrl-sun50i-h5.o
  CC      lib/logic_pio.o
  CC      drivers/gpio/gpiolib-sysfs.o
  CC      drivers/pinctrl/sunxi/pinctrl-sun50i-h6.o
  CC      drivers/pinctrl/sunxi/pinctrl-sun50i-h6-r.o
  CC      lib/maple_tree.o
  CC      drivers/gpio/gpiolib-swnode.o
  CC      net/core/rtnetlink.o
  CC      drivers/pinctrl/sunxi/pinctrl-sun50i-h616.o
  CC      drivers/gpio/gpio-mmio.o
  CC      drivers/pinctrl/sunxi/pinctrl-sun50i-h616-r.o
  CC      lib/memcat_p.o
  CC      drivers/gpio/gpio-74xx-mmio.o
  CC      drivers/pinctrl/sunxi/pinctrl-sun55i-a523.o
  CC      lib/nmi_backtrace.o
  CC      drivers/pinctrl/sunxi/pinctrl-sun55i-a523-r.o
  CC      drivers/gpio/gpio-grgpio.o
  CC      lib/objpool.o
  AR      drivers/pinctrl/sunxi/built-in.a
  AR      drivers/pinctrl/tegra/built-in.a
  AR      drivers/pinctrl/ti/built-in.a
  CC      net/core/utils.o
  CC      drivers/pinctrl/visconti/pinctrl-common.o
  CC      drivers/gpio/gpio-hisi.o
  CC      lib/plist.o
  CC      lib/radix-tree.o
  CC      drivers/pinctrl/visconti/pinctrl-tmpv7700.o
  CC      drivers/gpio/gpio-sifive.o
  CC      net/core/link_watch.o
  AR      drivers/pinctrl/visconti/built-in.a
  CC      drivers/pinctrl/core.o
  CC      lib/ratelimit.o
  AR      drivers/gpio/built-in.a
  AR      drivers/pwm/built-in.a
  AR      drivers/leds/blink/built-in.a
  AR      drivers/leds/simatic/built-in.a
  AR      drivers/leds/built-in.a
  AR      drivers/pci/controller/dwc/built-in.a
  AR      drivers/pci/controller/mobiveil/built-in.a
  CC      lib/rbtree.o
  AR      drivers/pci/controller/plda/built-in.a
  AR      drivers/pci/controller/built-in.a
  AR      drivers/pci/switch/built-in.a
  CC      drivers/pci/of.o
  CC      lib/seq_buf.o
  CC      net/core/filter.o
  CC      drivers/pinctrl/pinctrl-utils.o
  AR      drivers/pci/built-in.a
  CC      drivers/video/console/dummycon.o
  CC      lib/siphash.o
  CC      drivers/pinctrl/pinmux.o
  AR      drivers/video/console/built-in.a
  CC      drivers/video/backlight/backlight.o
  CC      lib/string.o
  CC      drivers/pinctrl/pinconf.o
  CC      lib/sys_info.o
  AR      drivers/video/backlight/built-in.a
  AR      drivers/video/fbdev/core/built-in.a
  AR      drivers/video/fbdev/omap/built-in.a
  AR      drivers/video/fbdev/omap2/omapfb/dss/built-in.a
  AR      drivers/video/fbdev/omap2/omapfb/displays/built-in.a
  AR      drivers/video/fbdev/omap2/omapfb/built-in.a
  AR      drivers/video/fbdev/omap2/built-in.a
  AR      drivers/video/fbdev/built-in.a
  AR      drivers/video/built-in.a
  AR      drivers/idle/built-in.a
  AR      drivers/char/ipmi/built-in.a
  CC      drivers/amba/bus.o
  CC      drivers/pinctrl/pinconf-generic.o
  CC      lib/timerqueue.o
  CC      drivers/pinctrl/devicetree.o
  CC      lib/union_find.o
  CC      lib/vsprintf.o
  AR      drivers/amba/built-in.a
  AR      drivers/clk/actions/built-in.a
  AR      drivers/clk/analogbits/built-in.a
  AR      drivers/clk/aspeed/built-in.a
  AR      drivers/clk/bcm/built-in.a
  AR      drivers/clk/imgtec/built-in.a
  AR      drivers/clk/imx/built-in.a
  AR      drivers/clk/ingenic/built-in.a
  AR      drivers/clk/keystone/built-in.a
  AR      drivers/clk/mediatek/built-in.a
  AR      drivers/clk/microchip/built-in.a
  AR      drivers/clk/mstar/built-in.a
  AR      drivers/clk/mvebu/built-in.a
  AR      drivers/clk/ralink/built-in.a
  AR      drivers/clk/renesas/built-in.a
  AR      drivers/clk/socfpga/built-in.a
  AR      drivers/clk/sophgo/built-in.a
  AR      drivers/clk/spacemit/built-in.a
  AR      drivers/clk/sprd/built-in.a
  AR      drivers/clk/starfive/built-in.a
  AR      drivers/clk/sunxi/built-in.a
  CC      drivers/clk/sunxi-ng/ccu_common.o
  CC      drivers/pinctrl/pinctrl-bm1880.o
  CC      drivers/clk/sunxi-ng/ccu_mmc_timing.o
  AR      drivers/pinctrl/built-in.a
  AR      drivers/soc/apple/built-in.a
  AR      drivers/soc/aspeed/built-in.a
  CC      net/core/sock_diag.o
  AR      drivers/soc/bcm/built-in.a
  AR      drivers/soc/fsl/built-in.a
  AR      drivers/soc/fujitsu/built-in.a
  AR      drivers/soc/hisilicon/built-in.a
  AR      drivers/soc/imx/built-in.a
  AR      drivers/soc/ixp4xx/built-in.a
  AR      drivers/soc/loongson/built-in.a
  AR      drivers/soc/mediatek/built-in.a
  AR      drivers/soc/microchip/built-in.a
  CC      drivers/soc/nuvoton/wpcm450-soc.o
  CC      drivers/clk/sunxi-ng/ccu_reset.o
  CC      lib/win_minmax.o
  CC      drivers/clk/sunxi-ng/ccu_div.o
  AR      drivers/soc/nuvoton/built-in.a
  AR      drivers/soc/pxa/built-in.a
  AR      drivers/soc/amlogic/built-in.a
  AR      drivers/soc/qcom/built-in.a
  AR      drivers/soc/renesas/built-in.a
  AR      drivers/soc/rockchip/built-in.a
  AR      drivers/soc/sophgo/built-in.a
  CC      drivers/soc/sunxi/sunxi_mbus.o
  CC      lib/xarray.o
  CC      net/core/dev_ioctl.o
  CC      drivers/clk/sunxi-ng/ccu_frac.o
  CC      drivers/soc/sunxi/sunxi_sram.o
  CC      drivers/clk/sunxi-ng/ccu_gate.o
  CC      lib/lockref.o
  CC      lib/bcd.o
  CC      lib/sort.o
  CC      drivers/clk/sunxi-ng/ccu_mux.o
  AR      drivers/soc/sunxi/built-in.a
  AR      drivers/soc/ti/built-in.a
  AR      drivers/soc/versatile/built-in.a
  AR      drivers/soc/vt8500/built-in.a
  AR      drivers/soc/xilinx/built-in.a
  AR      drivers/soc/built-in.a
  AR      drivers/virtio/built-in.a
  CC      drivers/regulator/core.o
  CC      net/core/tso.o
  CC      lib/parser.o
  CC      drivers/clk/sunxi-ng/ccu_mult.o
  CC      lib/debug_locks.o
  CC      lib/random32.o
  CC      drivers/clk/sunxi-ng/ccu_phase.o
  CC      net/core/sock_reuseport.o
  CC      lib/bust_spinlocks.o
  CC      drivers/clk/sunxi-ng/ccu_sdm.o
  CC      drivers/regulator/dummy.o
  CC      lib/kasprintf.o
  CC      drivers/clk/sunxi-ng/ccu_nk.o
  CC      lib/bitmap.o
  CC      drivers/regulator/fixed-helper.o
  CC      net/core/fib_notifier.o
  CC      drivers/clk/sunxi-ng/ccu_nkm.o
  CC      lib/scatterlist.o
  CC      drivers/clk/sunxi-ng/ccu_nkmp.o
  CC      drivers/regulator/helpers.o
  CC      net/core/xdp.o
  CC      drivers/clk/sunxi-ng/ccu_nm.o
  CC      lib/list_sort.o
  CC      drivers/regulator/devres.o
  CC      lib/uuid.o
  CC      lib/iov_iter.o
  CC      drivers/clk/sunxi-ng/ccu_mp.o
  CC      net/core/flow_offload.o
  CC      drivers/clk/sunxi-ng/ccu-sun50i-a64.o
  CC      drivers/regulator/irq_helpers.o
  CC      drivers/clk/sunxi-ng/ccu-sun50i-a100.o
  CC      lib/clz_ctz.o
  CC      lib/bsearch.o
  CC      drivers/regulator/of_regulator.o
  CC      net/core/gro.o
  CC      drivers/clk/sunxi-ng/ccu-sun50i-a100-r.o
  CC      lib/find_bit.o
  CC      lib/llist.o
  CC      lib/lwq.o
  CC      drivers/regulator/userspace-consumer.o
  CC      drivers/clk/sunxi-ng/ccu-sun50i-h6.o
  CC      lib/memweight.o
  CC      lib/kfifo.o
  CC      net/core/netdev-genl.o
  CC      drivers/regulator/sun20i-regulator.o
  CC      drivers/clk/sunxi-ng/ccu-sun50i-h6-r.o
  CC      lib/percpu-refcount.o
  CC      drivers/clk/sunxi-ng/ccu-sun50i-h616.o
  AR      drivers/regulator/built-in.a
  AR      drivers/reset/amlogic/built-in.a
  AR      drivers/reset/hisilicon/built-in.a
  AR      drivers/reset/spacemit/built-in.a
  AR      drivers/reset/starfive/built-in.a
  AR      drivers/reset/sti/built-in.a
  AR      drivers/reset/tegra/built-in.a
  CC      drivers/reset/core.o
  CC      lib/rhashtable.o
  CC      net/core/netdev-genl-gen.o
  CC      drivers/clk/sunxi-ng/ccu-sun55i-a523.o
  CC      drivers/reset/reset-simple.o
  CC      lib/base64.o
  CC      drivers/clk/sunxi-ng/ccu-sun55i-a523-mcu.o
  CC      net/core/netdev_work.o
  CC      lib/once.o
  CC      drivers/reset/reset-sunxi.o
  CC      drivers/clk/sunxi-ng/ccu-sun55i-a523-r.o
  CC      lib/refcount.o
  CC      lib/rcuref.o
  CC      net/core/gso.o
  AR      drivers/reset/built-in.a
  CC      drivers/tty/vt/vt_ioctl.o
  CC      drivers/clk/sunxi-ng/ccu-sun6i-rtc.o
  CC      lib/usercopy.o
  CC      lib/errseq.o
  CC      lib/bucket_locks.o
  CC      drivers/clk/sunxi-ng/ccu-sun8i-h3.o
  CC      drivers/tty/vt/vc_screen.o
  CC      net/core/net-sysfs.o
  CC      lib/generic-radix-tree.o
  CC      drivers/clk/sunxi-ng/ccu-sun8i-de2.o
  CC      drivers/tty/vt/selection.o
  CC      lib/bitmap-str.o
  CC      drivers/clk/sunxi-ng/ccu-sun8i-r.o
  CC      lib/string_helpers.o
  CC      drivers/tty/vt/keyboard.o
  CC      net/core/hotdata.o
  AR      drivers/clk/sunxi-ng/built-in.a
  AR      drivers/clk/tenstorrent/built-in.a
  AR      drivers/clk/ti/built-in.a
  AR      drivers/clk/versatile/built-in.a
  CC      drivers/clk/visconti/clkc.o
  CC      drivers/clk/visconti/pll.o
  CC      lib/hexdump.o
  CC      lib/kstrtox.o
  CC      net/core/netdev_config.o
  CC      drivers/tty/vt/vt.o
  CC      drivers/clk/visconti/reset.o
  CC      lib/iomap_copy.o
  CC      lib/devres.o
  CC      net/core/netdev_rx_queue.o
  CC      drivers/clk/visconti/pll-tmpv770x.o
  CC      lib/cache_maint.o
  COPY    drivers/tty/vt/defkeymap.c
  CC      drivers/tty/vt/consolemap.o
  CC      drivers/clk/visconti/clkc-tmpv770x.o
  CC      lib/hweight.o
  CC      net/core/netdev_queues.o
  CC      lib/assoc_array.o
  AR      drivers/clk/visconti/built-in.a
  AR      drivers/clk/xilinx/built-in.a
  CC      drivers/clk/clk-devres.o
  HOSTCC  drivers/tty/vt/conmakehash
  COPY    drivers/tty/vt/ucs_width_table.h
  COPY    drivers/tty/vt/ucs_recompose_table.h
  COPY    drivers/tty/vt/ucs_fallback_table.h
  CC      drivers/tty/vt/defkeymap.o
  CONMK   drivers/tty/vt/consolemap_deftbl.c
  CC      drivers/tty/vt/ucs.o
  CC      lib/linear_ranges.o
  CC      drivers/tty/vt/consolemap_deftbl.o
  AR      drivers/tty/vt/built-in.a
  CC      drivers/tty/serial/8250/8250_core.o
  CC      drivers/clk/clk-bulk.o
  CC      net/core/net-procfs.o
  CC      lib/xxhash.o
  CC      drivers/clk/clkdev.o
  CC      drivers/tty/serial/8250/8250_platform.o
  CC      lib/genalloc.o
  CC      net/core/dst_cache.o
  CC      drivers/clk/clk.o
  CC      drivers/tty/serial/8250/8250_port.o
  CC      lib/percpu_counter.o
  CC      net/core/gro_cells.o
  CC      drivers/clk/clk-divider.o
  CC      lib/syscall.o
  CC      drivers/tty/serial/8250/8250_fsl.o
  CC      drivers/clk/clk-fixed-factor.o
  CC      net/core/of_net.o
  CC      lib/nlattr.o
  AR      drivers/tty/serial/8250/built-in.a
  CC      drivers/tty/serial/serial_core.o
  CC      drivers/clk/clk-fixed-rate.o
  AR      net/core/built-in.a
  CC      net/ethernet/eth.o
  CC      lib/checksum.o
  CC      drivers/clk/clk-gate.o
  CC      lib/cpu_rmap.o
  CC      drivers/clk/clk-multiplier.o
  CC      drivers/tty/serial/serial_base_bus.o
  CC      lib/dynamic_queue_limits.o
  AR      net/ethernet/built-in.a
  AR      net/802/built-in.a
  CC      net/sched/sch_generic.o
  CC      drivers/clk/clk-mux.o
  CC      drivers/tty/serial/serial_ctrl.o
  CC      lib/glob.o
  CC      drivers/clk/clk-composite.o
  CC      drivers/tty/serial/serial_port.o
  CC      lib/strncpy_from_user.o
  CC      drivers/clk/clk-fractional-divider.o
  CC      net/sched/sch_mq.o
  CC      drivers/tty/serial/earlycon.o
  CC      lib/strnlen_user.o
  CC      drivers/clk/clk-gpio.o
  CC      drivers/tty/serial/amba-pl011.o
  CC      lib/net_utils.o
  CC      net/sched/sch_frag.o
  CC      drivers/clk/clk-conf.o
  CC      lib/group_cpus.o
  CC      drivers/clk/clk-axi-clkgen.o
  CC      drivers/tty/serial/sprd_serial.o
  AR      net/sched/built-in.a
  CC      net/netlink/af_netlink.o
  CC      lib/devmem_is_allowed.o
  CC      drivers/clk/clk-bm1880.o
  CC      drivers/tty/serial/xilinx_uartps.o
  AR      lib/lib.a
  AR      lib/built-in.a
  AR      virt/lib/built-in.a
  AR      virt/built-in.a
  CC      net/netlink/genetlink.o
  AR      drivers/clk/built-in.a
  AR      drivers/char/agp/built-in.a
  CC      drivers/char/mem.o
  CC      drivers/tty/serial/serial_mctrl_gpio.o
  CC      net/netlink/policy.o
  CC      drivers/char/random.o
  AR      drivers/tty/serial/built-in.a
  CC      drivers/tty/serdev/core.o
  CC      drivers/tty/serdev/serdev-ttyport.o
  AR      net/netlink/built-in.a
  AR      net/bpf/built-in.a
  CC      net/ethtool/ioctl.o
  CC      net/ethtool/common.o
  CC      drivers/char/misc.o
  AR      drivers/tty/serdev/built-in.a
  AR      drivers/tty/ipwireless/built-in.a
  CC      drivers/tty/tty_io.o
  AR      drivers/char/built-in.a
  AR      drivers/iommu/arm/arm-smmu/built-in.a
  AR      drivers/iommu/arm/arm-smmu-v3/built-in.a
  AR      drivers/iommu/arm/built-in.a
  AR      drivers/iommu/iommufd/built-in.a
  AR      drivers/iommu/built-in.a
  AR      drivers/gpu/host1x/built-in.a
  AR      drivers/gpu/drm/tests/built-in.a
  AR      drivers/gpu/drm/arm/built-in.a
  AR      drivers/gpu/drm/clients/built-in.a
  AR      drivers/gpu/drm/display/built-in.a
  AR      drivers/gpu/drm/renesas/rcar-du/built-in.a
  AR      drivers/gpu/drm/renesas/rz-du/built-in.a
  AR      drivers/gpu/drm/renesas/built-in.a
  AR      drivers/gpu/drm/omapdrm/built-in.a
  AR      drivers/gpu/drm/tilcdc/built-in.a
  AR      drivers/gpu/drm/imx/built-in.a
  AR      drivers/gpu/drm/panel/built-in.a
  AR      drivers/gpu/drm/bridge/analogix/built-in.a
  AR      drivers/gpu/drm/bridge/cadence/built-in.a
  AR      drivers/gpu/drm/bridge/imx/built-in.a
  AR      drivers/gpu/drm/bridge/synopsys/built-in.a
  AR      drivers/gpu/drm/bridge/built-in.a
  AR      drivers/gpu/drm/hisilicon/built-in.a
  AR      drivers/gpu/drm/mxsfb/built-in.a
  AR      drivers/gpu/drm/sysfb/built-in.a
  AR      drivers/gpu/drm/tiny/built-in.a
  AR      drivers/gpu/drm/xlnx/built-in.a
  AR      drivers/gpu/drm/gud/built-in.a
  AR      drivers/gpu/drm/sitronix/built-in.a
  AR      drivers/gpu/drm/solomon/built-in.a
  AR      drivers/gpu/drm/built-in.a
  AR      drivers/gpu/vga/built-in.a
  AR      drivers/gpu/tests/built-in.a
  AR      drivers/gpu/built-in.a
  CC      drivers/base/power/clock_ops.o
  CC      net/ethtool/netlink.o
  CC      drivers/tty/n_tty.o
  CC      net/ethtool/bitset.o
  AR      drivers/base/power/built-in.a
  CC      drivers/base/firmware_loader/builtin/main.o
  AR      drivers/base/firmware_loader/builtin/built-in.a
  AR      drivers/base/firmware_loader/built-in.a
  CC      drivers/base/regmap/regmap.o
  CC      net/ethtool/strset.o
  CC      net/ethtool/linkinfo.o
  CC      drivers/tty/tty_ioctl.o
  CC      drivers/base/regmap/regcache.o
  CC      net/ethtool/linkmodes.o
  CC      net/ethtool/rss.o
  CC      drivers/tty/tty_ldisc.o
  CC      drivers/base/regmap/regcache-rbtree.o
  CC      drivers/tty/tty_buffer.o
  CC      drivers/tty/tty_port.o
  CC      drivers/base/regmap/regcache-flat.o
  CC      net/ethtool/linkstate.o
  CC      drivers/tty/tty_mutex.o
  CC      drivers/tty/tty_ldsem.o
  CC      drivers/base/regmap/regcache-maple.o
  CC      drivers/base/regmap/regmap-mmio.o
  CC      net/ethtool/debug.o
  CC      drivers/tty/tty_baudrate.o
  CC      drivers/tty/tty_jobctrl.o
  CC      net/ethtool/wol.o
  AR      drivers/base/regmap/built-in.a
  AR      drivers/base/test/built-in.a
  CC      drivers/base/component.o
  CC      drivers/tty/n_null.o
  CC      drivers/tty/pty.o
  CC      net/ethtool/features.o
  CC      drivers/base/core.o
  CC      net/ethtool/privflags.o
  AR      drivers/tty/built-in.a
  AR      drivers/block/built-in.a
  CC      drivers/misc/eeprom/eeprom_93cx6.o
  AR      drivers/misc/eeprom/built-in.a
  AR      drivers/misc/cb710/built-in.a
  AR      drivers/misc/lis3lv02d/built-in.a
  AR      drivers/misc/cardreader/built-in.a
  AR      drivers/misc/keba/built-in.a
  AR      drivers/misc/amd-sbi/built-in.a
  CC      drivers/misc/dummy-irq.o
  CC      net/ethtool/rings.o
  CC      net/ethtool/channels.o
  AR      drivers/misc/built-in.a
  CC      drivers/mfd/mfd-core.o
  CC      drivers/base/bus.o
  CC      drivers/mfd/syscon.o
  CC      net/ethtool/coalesce.o
  CC      drivers/mfd/vexpress-sysreg.o
  CC      drivers/mfd/hi6421-pmic-core.o
  CC      drivers/base/dd.o
  CC      drivers/base/syscore.o
  AR      drivers/mfd/built-in.a
  AR      drivers/nfc/built-in.a
  AR      drivers/dax/hmem/built-in.a
  AR      drivers/dax/built-in.a
  AR      drivers/cxl/core/built-in.a
  AR      drivers/cxl/built-in.a
  AR      drivers/macintosh/built-in.a
  AR      drivers/scsi/built-in.a
  AR      drivers/nvme/common/built-in.a
  AR      drivers/nvme/host/built-in.a
  AR      drivers/nvme/target/built-in.a
  AR      drivers/nvme/built-in.a
  CC      net/ethtool/pause.o
  AR      drivers/net/phy/mediatek/built-in.a
  AR      drivers/net/phy/qcom/built-in.a
  AR      drivers/net/phy/built-in.a
  AR      drivers/net/pse-pd/built-in.a
  AR      drivers/net/mdio/built-in.a
  AR      drivers/net/pcs/built-in.a
  CC      drivers/net/loopback.o
  CC      net/ethtool/eee.o
  CC      drivers/base/driver.o
  AR      drivers/firewire/built-in.a
  AR      drivers/cdrom/built-in.a
  AR      drivers/auxdisplay/built-in.a
  AR      drivers/usb/built-in.a
  CC      drivers/input/serio/serio.o
  CC      drivers/base/class.o
  AR      drivers/net/built-in.a
  CC      drivers/input/serio/serport.o
  CC      net/ethtool/tsinfo.o
  CC      drivers/input/serio/ps2mult.o
  CC      drivers/base/platform.o
  CC      drivers/input/serio/libps2.o
  CC      net/ethtool/cabletest.o
  CC      drivers/input/serio/serio_raw.o
  CC      drivers/input/serio/ps2-gpio.o
  CC      drivers/base/cpu.o
  CC      drivers/base/firmware.o
  AR      drivers/input/serio/built-in.a
  CC      drivers/input/keyboard/atkbd.o
  CC      drivers/base/init.o
  CC      net/ethtool/tunnels.o
  CC      drivers/base/map.o
  CC      drivers/base/devres.o
  AR      drivers/input/keyboard/built-in.a
  CC      drivers/input/mouse/psmouse-base.o
  CC      drivers/base/attribute_container.o
  CC      net/ethtool/fec.o
  CC      drivers/base/transport_class.o
  CC      drivers/base/topology.o
  CC      drivers/input/mouse/synaptics.o
  CC      drivers/base/container.o
  CC      drivers/base/property.o
  CC      net/ethtool/eeprom.o
  CC      drivers/base/cacheinfo.o
  CC      drivers/input/mouse/focaltech.o
  CC      drivers/base/swnode.o
  CC      net/ethtool/stats.o
  CC      net/ethtool/phc_vclocks.o
  CC      drivers/input/mouse/alps.o
  CC      drivers/base/faux.o
  CC      drivers/input/input.o
  CC      net/ethtool/mm.o
  CC      drivers/base/devtmpfs.o
  CC      drivers/input/mouse/byd.o
  CC      drivers/input/input-compat.o
  CC      drivers/input/mouse/logips2pp.o
  CC      net/ethtool/module.o
  CC      drivers/base/soc.o
  CC      drivers/input/input-mt.o
  CC      drivers/base/pinctrl.o
  CC      drivers/input/mouse/trackpoint.o
  CC      net/ethtool/cmis_fw_update.o
  CC      drivers/base/platform-msi.o
  CC      drivers/input/mouse/cypress_ps2.o
  CC      drivers/input/input-poller.o
  CC      drivers/base/arch_topology.o
  AR      drivers/input/mouse/built-in.a
  CC      drivers/input/ff-core.o
  CC      drivers/input/touchscreen.o
  CC      net/ethtool/cmis_cdb.o
  CC      net/ethtool/pse-pd.o
  CC      drivers/input/touch-overlay.o
  AR      drivers/base/built-in.a
  AR      drivers/i2c/algos/built-in.a
  AR      drivers/i2c/busses/built-in.a
  AR      drivers/i2c/muxes/built-in.a
  AR      drivers/i2c/built-in.a
  AR      drivers/i3c/built-in.a
  AR      drivers/media/i2c/built-in.a
  AR      drivers/media/tuners/built-in.a
  AR      drivers/media/rc/keymaps/built-in.a
  AR      drivers/media/rc/built-in.a
  AR      drivers/media/common/b2c2/built-in.a
  AR      drivers/media/common/saa7146/built-in.a
  AR      drivers/media/common/siano/built-in.a
  AR      drivers/media/common/v4l2-tpg/built-in.a
  AR      drivers/media/common/videobuf2/built-in.a
  AR      drivers/media/common/built-in.a
  AR      drivers/media/platform/allegro-dvt/built-in.a
  AR      drivers/media/platform/amd/isp4/built-in.a
  AR      drivers/media/platform/amd/built-in.a
  AR      drivers/media/platform/amlogic/c3/isp/built-in.a
  AR      drivers/media/platform/amlogic/c3/mipi-adapter/built-in.a
  AR      drivers/media/platform/amlogic/c3/mipi-csi2/built-in.a
  AR      drivers/media/platform/amlogic/c3/built-in.a
  AR      drivers/media/platform/amlogic/meson-ge2d/built-in.a
  AR      drivers/media/platform/amlogic/built-in.a
  AR      drivers/media/platform/amphion/built-in.a
  AR      drivers/media/platform/arm/mali-c55/built-in.a
  AR      drivers/media/platform/arm/built-in.a
  AR      drivers/media/platform/aspeed/built-in.a
  AR      drivers/media/platform/atmel/built-in.a
  AR      drivers/media/platform/broadcom/built-in.a
  AR      drivers/media/platform/cadence/built-in.a
  AR      drivers/media/platform/chips-media/coda/built-in.a
  AR      drivers/media/platform/chips-media/wave5/built-in.a
  AR      drivers/media/platform/chips-media/built-in.a
  AR      drivers/media/platform/imagination/built-in.a
  AR      drivers/media/platform/intel/built-in.a
  AR      drivers/media/platform/marvell/built-in.a
  AR      drivers/media/platform/mediatek/jpeg/built-in.a
  AR      drivers/media/platform/mediatek/mdp/built-in.a
  AR      drivers/media/platform/mediatek/vcodec/common/built-in.a
  AR      drivers/media/platform/mediatek/vcodec/encoder/built-in.a
  AR      drivers/media/platform/mediatek/vcodec/decoder/built-in.a
  AR      drivers/media/platform/mediatek/vcodec/built-in.a
  AR      drivers/media/platform/mediatek/vpu/built-in.a
  AR      drivers/media/platform/mediatek/mdp3/built-in.a
  CC      drivers/input/vivaldi-fmap.o
  AR      drivers/media/platform/mediatek/built-in.a
  AR      drivers/media/platform/microchip/built-in.a
  AR      drivers/media/platform/nuvoton/built-in.a
  CC      net/ethtool/plca.o
  AR      drivers/media/platform/nvidia/tegra-vde/built-in.a
  AR      drivers/media/platform/nvidia/built-in.a
  AR      drivers/media/platform/nxp/dw100/built-in.a
  AR      drivers/media/platform/nxp/imx-jpeg/built-in.a
  AR      drivers/media/platform/nxp/imx8-isi/built-in.a
  AR      drivers/media/platform/nxp/built-in.a
  AR      drivers/media/platform/qcom/camss/built-in.a
  AR      drivers/media/platform/qcom/iris/built-in.a
  AR      drivers/media/platform/qcom/venus/built-in.a
  AR      drivers/media/platform/qcom/built-in.a
  AR      drivers/media/platform/raspberrypi/pisp_be/built-in.a
  AR      drivers/media/platform/raspberrypi/rp1-cfe/built-in.a
  AR      drivers/media/platform/raspberrypi/built-in.a
  AR      drivers/media/platform/renesas/rcar-isp/built-in.a
  AR      drivers/media/platform/renesas/rcar-vin/built-in.a
  AR      drivers/media/platform/renesas/rzg2l-cru/built-in.a
  AR      drivers/media/platform/renesas/rzv2h-ivc/built-in.a
  AR      drivers/media/platform/renesas/vsp1/built-in.a
  AR      drivers/media/platform/renesas/built-in.a
  AR      drivers/media/platform/rockchip/rga/built-in.a
  AR      drivers/media/platform/rockchip/rkcif/built-in.a
  AR      drivers/media/platform/rockchip/rkisp1/built-in.a
  AR      drivers/media/platform/rockchip/rkvdec/built-in.a
  AR      drivers/media/platform/rockchip/built-in.a
  AR      drivers/media/platform/samsung/exynos-gsc/built-in.a
  AR      drivers/media/platform/samsung/exynos4-is/built-in.a
  AR      drivers/media/platform/samsung/s3c-camif/built-in.a
  AR      drivers/media/platform/samsung/s5p-g2d/built-in.a
  AR      drivers/media/platform/samsung/s5p-jpeg/built-in.a
  AR      drivers/media/platform/samsung/s5p-mfc/built-in.a
  AR      drivers/media/platform/samsung/built-in.a
  AR      drivers/media/platform/st/sti/bdisp/built-in.a
  AR      drivers/media/platform/st/sti/delta/built-in.a
  AR      drivers/media/platform/st/sti/hva/built-in.a
  AR      drivers/media/platform/st/stm32/built-in.a
  AR      drivers/media/platform/st/built-in.a
  AR      drivers/media/platform/sunxi/sun4i-csi/built-in.a
  AR      drivers/media/platform/sunxi/sun6i-csi/built-in.a
  AR      drivers/media/platform/sunxi/sun6i-mipi-csi2/built-in.a
  AR      drivers/media/platform/sunxi/sun8i-a83t-mipi-csi2/built-in.a
  AR      drivers/media/platform/sunxi/sun8i-di/built-in.a
  AR      drivers/media/platform/sunxi/sun8i-rotate/built-in.a
  AR      drivers/media/platform/sunxi/built-in.a
  AR      drivers/media/platform/synopsys/hdmirx/built-in.a
  AR      drivers/media/platform/synopsys/built-in.a
  AR      drivers/media/platform/ti/am437x/built-in.a
  AR      drivers/media/platform/ti/cal/built-in.a
  AR      drivers/media/platform/ti/vpe/built-in.a
  AR      drivers/media/platform/ti/davinci/built-in.a
  AR      drivers/media/platform/ti/j721e-csi2rx/built-in.a
  AR      drivers/media/platform/ti/omap/built-in.a
  AR      drivers/media/platform/ti/omap3isp/built-in.a
  AR      drivers/media/platform/ti/built-in.a
  AR      drivers/media/platform/verisilicon/built-in.a
  AR      drivers/media/platform/via/built-in.a
  AR      drivers/media/platform/xilinx/built-in.a
  AR      drivers/media/platform/built-in.a
  AR      drivers/media/pci/ttpci/built-in.a
  AR      drivers/media/pci/b2c2/built-in.a
  AR      drivers/media/pci/pluto2/built-in.a
  AR      drivers/media/pci/dm1105/built-in.a
  AR      drivers/media/pci/pt1/built-in.a
  AR      drivers/media/pci/pt3/built-in.a
  CC      net/ethtool/phy.o
  AR      drivers/media/pci/mantis/built-in.a
  AR      drivers/media/pci/ngene/built-in.a
  AR      drivers/media/pci/ddbridge/built-in.a
  AR      drivers/media/pci/saa7146/built-in.a
  AR      drivers/media/pci/smipcie/built-in.a
  AR      drivers/media/pci/netup_unidvb/built-in.a
  AR      drivers/input/built-in.a
  AR      drivers/media/pci/intel/ipu3/built-in.a
  AR      drivers/ptp/built-in.a
  AR      drivers/media/pci/intel/ivsc/built-in.a
  AR      drivers/media/pci/intel/built-in.a
  AR      drivers/media/pci/built-in.a
  CC      drivers/power/reset/vexpress-poweroff.o
  AR      drivers/media/usb/b2c2/built-in.a
  AR      drivers/media/usb/dvb-usb/built-in.a
  AR      drivers/media/usb/dvb-usb-v2/built-in.a
  AR      drivers/media/usb/s2255/built-in.a
  AR      drivers/media/usb/siano/built-in.a
  AR      drivers/media/usb/ttusb-budget/built-in.a
  AR      drivers/media/usb/ttusb-dec/built-in.a
  AR      drivers/media/usb/built-in.a
  AR      drivers/media/mmc/siano/built-in.a
  AR      drivers/media/mmc/built-in.a
  AR      drivers/media/firewire/built-in.a
  AR      drivers/media/spi/built-in.a
  AR      drivers/media/test-drivers/built-in.a
  AR      drivers/media/built-in.a
  CC      drivers/mmc/core/core.o
  AR      drivers/mmc/host/built-in.a
  CC      net/ethtool/tsconfig.o
  CC      drivers/power/reset/qemu-virt-ctrl.o
  CC      net/ethtool/mse.o
  CC      drivers/mmc/core/bus.o
  AR      drivers/power/reset/built-in.a
  CC      drivers/power/supply/power_supply_core.o
  AR      drivers/ufs/built-in.a
  CC      drivers/power/supply/power_supply_sysfs.o
  AR      net/ethtool/built-in.a
  CC      net/ipv4/route.o
  CC      drivers/mmc/core/host.o
  CC      net/ipv4/inetpeer.o
  CC      drivers/power/supply/gpio-charger.o
  CC      drivers/mmc/core/mmc.o
  AR      drivers/power/supply/built-in.a
  AR      drivers/power/built-in.a
  AR      drivers/firmware/arm_ffa/built-in.a
  AR      drivers/firmware/arm_scmi/built-in.a
  AR      drivers/firmware/broadcom/built-in.a
  AR      drivers/firmware/cirrus/test/built-in.a
  AR      drivers/firmware/cirrus/built-in.a
  AR      drivers/firmware/meson/built-in.a
  AR      drivers/firmware/microchip/built-in.a
  AR      drivers/firmware/efi/built-in.a
  AR      drivers/firmware/imx/built-in.a
  CC      drivers/firmware/psci/psci.o
  CC      net/ipv4/protocol.o
  AR      drivers/firmware/psci/built-in.a
  AR      drivers/firmware/qcom/built-in.a
  AR      drivers/firmware/samsung/built-in.a
  CC      drivers/firmware/smccc/smccc.o
  CC      net/ipv4/ip_input.o
  CC      drivers/mmc/core/mmc_ops.o
  CC      net/ipv4/ip_fragment.o
  CC      drivers/firmware/smccc/kvm_guest.o
  CC      drivers/mmc/core/sd.o
  AR      drivers/firmware/smccc/built-in.a
  AR      drivers/firmware/tegra/built-in.a
  AR      drivers/firmware/xilinx/built-in.a
  AR      drivers/firmware/built-in.a
  CC      drivers/mmc/core/sd_ops.o
  CC      net/ipv4/ip_forward.o
  CC      net/ipv4/ip_options.o
  CC      drivers/mmc/core/sdio.o
  CC      drivers/mmc/core/sdio_ops.o
  CC      net/ipv4/ip_output.o
  CC      net/ipv4/ip_sockglue.o
  CC      drivers/mmc/core/sdio_bus.o
  CC      drivers/mmc/core/sdio_cis.o
  CC      drivers/mmc/core/sdio_io.o
  CC      drivers/mmc/core/sdio_irq.o
  CC      net/ipv4/inet_hashtables.o
  CC      net/ipv4/inet_timewait_sock.o
  CC      drivers/mmc/core/sd_uhs2.o
  CC      drivers/mmc/core/slot-gpio.o
  CC      drivers/mmc/core/regulator.o
  CC      drivers/mmc/core/pwrseq.o
  CC      net/ipv4/inet_connection_sock.o
  CC      net/ipv4/tcp.o
  CC      drivers/mmc/core/pwrseq_simple.o
  CC      drivers/mmc/core/pwrseq_emmc.o
  CC      drivers/mmc/core/mmc_test.o
  CC      net/ipv4/tcp_input.o
  CC      net/ipv4/tcp_output.o
  AR      drivers/mmc/core/built-in.a
  AR      drivers/mmc/built-in.a
  AR      drivers/crypto/allwinner/built-in.a
  AR      drivers/crypto/stm32/built-in.a
  AR      drivers/crypto/inside-secure/eip93/built-in.a
  AR      drivers/crypto/inside-secure/built-in.a
  CC      net/ipv6/af_inet6.o
  AR      drivers/crypto/xilinx/built-in.a
  AR      drivers/crypto/hisilicon/built-in.a
  AR      drivers/crypto/intel/keembay/built-in.a
  AR      drivers/crypto/intel/ixp4xx/built-in.a
  AR      drivers/crypto/intel/built-in.a
  AR      drivers/crypto/starfive/built-in.a
  AR      drivers/crypto/cavium/built-in.a
  AR      drivers/crypto/ti/built-in.a
  AR      drivers/crypto/built-in.a
  CC      drivers/clocksource/timer-of.o
  CC      drivers/clocksource/timer-probe.o
  CC      net/ipv6/anycast.o
  CC      drivers/clocksource/mmio.o
  CC      net/ipv6/ip6_output.o
  CC      net/ipv4/tcp_timer.o
  CC      drivers/clocksource/timer-sun4i.o
  CC      drivers/clocksource/arm_arch_timer.o
  CC      net/ipv6/ip6_input.o
  CC      net/ipv4/tcp_ipv4.o
  CC      drivers/clocksource/arm_arch_timer_mmio.o
  CC      net/ipv6/addrconf.o
  CC      drivers/clocksource/dummy_timer.o
  CC      net/ipv6/addrlabel.o
  AR      drivers/clocksource/built-in.a
  CC      drivers/hid/hid-core.o
  CC      net/ipv4/tcp_minisocks.o
  CC      drivers/hid/hid-input.o
  CC      drivers/hid/hid-quirks.o
  CC      net/ipv6/route.o
  CC      net/ipv4/tcp_cong.o
  CC      drivers/hid/hid-generic.o
  CC      net/ipv4/tcp_metrics.o
  AR      drivers/hid/built-in.a
  CC      drivers/of/base.o
  CC      net/ipv4/tcp_fastopen.o
  CC      drivers/of/cpu.o
  CC      net/ipv4/tcp_recovery.o
  CC      net/ipv6/ip6_fib.o
  CC      drivers/of/device.o
  CC      net/ipv4/tcp_ulp.o
  CC      net/ipv4/tcp_offload.o
  CC      drivers/of/module.o
  CC      drivers/of/platform.o
  CC      net/ipv4/tcp_plb.o
  CC      net/ipv6/ipv6_sockglue.o
  CC      net/ipv4/datagram.o
  CC      drivers/of/property.o
  CC      net/ipv4/raw.o
  CC      net/ipv6/ndisc.o
  CC      drivers/of/kobj.o
  CC      net/ipv4/udp.o
  CC      drivers/of/fdt.o
  CC      net/ipv4/udp_offload.o
  DTC     drivers/of/empty_root.dtb
  CC      drivers/of/fdt_address.o
  CC      net/ipv6/udp.o
  CC      drivers/of/address.o
  CC      net/ipv4/arp.o
  CC      net/ipv4/icmp.o
  CC      drivers/of/irq.o
  CC      net/ipv6/raw.o
  CC      drivers/of/of_reserved_mem.o
  CC      net/ipv4/devinet.o
  CC      net/ipv4/af_inet.o
  WRAP    drivers/of/empty_root.dtb.S
  AS      drivers/of/empty_root.dtb.o
  AR      drivers/of/built-in.a
  AR      drivers/platform/goldfish/built-in.a
  AR      drivers/platform/built-in.a
  CC      drivers/hwspinlock/hwspinlock_core.o
  CC      net/ipv6/icmp.o
  CC      drivers/hwspinlock/sun6i_hwspinlock.o
  CC      net/ipv6/mcast.o
  AR      drivers/hwspinlock/built-in.a
  AR      drivers/virt/vboxguest/built-in.a
  CC      net/ipv4/igmp.o
  AR      drivers/virt/coco/built-in.a
  AR      drivers/virt/built-in.a
  CC      drivers/powercap/powercap_sys.o
  AR      drivers/powercap/built-in.a
  CC      drivers/hwtracing/intel_th/core.o
  CC      net/ipv6/reassembly.o
  AR      drivers/hwtracing/intel_th/built-in.a
  AR      drivers/android/built-in.a
  CC      drivers/fsi/fsi-core.o
  CC      net/ipv4/fib_frontend.o
  CC      drivers/fsi/fsi-scom.o
  CC      net/ipv6/tcp_ipv6.o
  CC      net/ipv6/ping.o
  AR      drivers/fsi/built-in.a
  CC      drivers/mux/core.o
  CC      net/ipv4/fib_semantics.o
  CC      drivers/mux/gpio.o
  CC      net/ipv6/exthdrs.o
  CC      net/ipv6/datagram.o
  AR      drivers/mux/built-in.a
  CC      drivers/gnss/core.o
  AR      drivers/gnss/built-in.a
  AR      drivers/peci/controller/built-in.a
  CC      drivers/peci/core.o
  CC      net/ipv4/fib_trie.o
  CC      drivers/peci/request.o
  CC      net/ipv6/ip6_flowlabel.o
  CC      drivers/peci/device.o
  CC      drivers/peci/sysfs.o
  CC      net/ipv6/inet6_connection_sock.o
  AR      drivers/peci/built-in.a
  AR      drivers/resctrl/built-in.a
  AR      drivers/built-in.a
  CC      net/ipv6/udp_offload.o
  CC      net/ipv4/fib_notifier.o
  CC      net/ipv4/inet_fragment.o
  CC      net/ipv6/seg6.o
  CC      net/ipv6/fib6_notifier.o
  CC      net/ipv4/ping.o
  CC      net/ipv4/ip_tunnel_core.o
  CC      net/ipv6/rpl.o
  CC      net/ipv6/ioam6.o
  CC      net/ipv4/gre_offload.o
  CC      net/ipv4/metrics.o
  AR      net/dsa/built-in.a
  AR      net/wireless/tests/built-in.a
  AR      net/wireless/built-in.a
  CC      net/devres.o
  CC      net/ipv6/sysctl_net_ipv6.o
  CC      net/ipv4/netlink.o
  CC      net/socket.o
  CC      net/ipv4/nexthop.o
  CC      net/ipv6/proc.o
  CC      net/ipv4/udp_tunnel_stub.o
  CC      net/ipv6/sit.o
  CC      net/ipv4/ip_tunnel.o
  CC      net/sysctl_net.o
  CC      net/ipv4/sysctl_net_ipv4.o
  CC      net/ipv6/addrconf_core.o
  CC      net/ipv4/proc.o
  CC      net/ipv6/exthdrs_core.o
  CC      net/ipv4/tunnel4.o
  CC      net/ipv6/ip6_checksum.o
  CC      net/ipv6/ip6_icmp.o
  CC      net/ipv4/inet_diag.o
  CC      net/ipv4/tcp_diag.o
  CC      net/ipv6/output_core.o
  CC      net/ipv6/protocol.o
  CC      net/ipv4/tcp_cubic.o
  CC      net/ipv6/ip6_offload.o
  CC      net/ipv6/exthdrs_offload.o
  CC      net/ipv6/inet6_hashtables.o
  CC      net/ipv6/mcast_snoop.o
  AR      net/ipv4/built-in.a
  AR      net/ipv6/built-in.a
  AR      net/built-in.a
  AR      built-in.a
  AR      built-in-fixup.a
  COPY    vmlinux.a
  LD      vmlinux.o
  MODPOST vmlinux.symvers
  CC      .vmlinux.export.o
  UPD     include/generated/utsversion.h
  CC      init/version-timestamp.o
  KSYMS   .tmp_vmlinux0.kallsyms.S
  AS      .tmp_vmlinux0.kallsyms.o
  LD      .tmp_vmlinux1
  NM      .tmp_vmlinux1.syms
  KSYMS   .tmp_vmlinux1.kallsyms.S
  AS      .tmp_vmlinux1.kallsyms.o
  LD      .tmp_vmlinux2
  NM      .tmp_vmlinux2.syms
  KSYMS   .tmp_vmlinux2.kallsyms.S
  AS      .tmp_vmlinux2.kallsyms.o
  LD      vmlinux.unstripped
  NM      System.map
  SORTTAB vmlinux.unstripped
  OBJCOPY vmlinux
  GEN     modules.builtin.modinfo
  GEN     modules.builtin
  OBJCOPY arch/arm64/boot/Image
make[5]: Leaving directory '/mnt/git-volume/kernel-test-mainline/build/rand500nsconfig-arm64'
make[4]: Leaving directory '/mnt/git-volume/linux-mainline'
