make[2]: Entering directory '/home/benni/git/linux'
make[3]: Entering directory '/home/benni/git/kernel-test/build/kunitrandconfig-riscv'
*** Default configuration is based on 'defconfig'
#
# configuration written to .config
#
make[3]: Leaving directory '/home/benni/git/kernel-test/build/kunitrandconfig-riscv'
make[2]: Leaving directory '/home/benni/git/linux'
make[2]: Entering directory '/home/benni/git/linux'
make[3]: Entering directory '/tmp/tmp.EIVE1NUkE2'
  UPD     /tmp/tmp.EIVE1NUkE2/Makefile
  HOSTCC  scripts/basic/fixdep
  HOSTCC  scripts/kconfig/conf.o
  HOSTCC  scripts/kconfig/confdata.o
  HOSTCC  scripts/kconfig/expr.o
  LEX     scripts/kconfig/lexer.lex.c
  YACC    scripts/kconfig/parser.tab.[ch]
  HOSTCC  scripts/kconfig/lexer.lex.o
  HOSTCC  scripts/kconfig/menu.o
  HOSTCC  scripts/kconfig/parser.tab.o
  HOSTCC  scripts/kconfig/preprocess.o
  HOSTCC  scripts/kconfig/symbol.o
  HOSTCC  scripts/kconfig/util.o
  HOSTLD  scripts/kconfig/conf
KCONFIG_SEED=0x73A53DFF
#
# configuration written to .config
#
make[3]: Leaving directory '/tmp/tmp.EIVE1NUkE2'
make[2]: Leaving directory '/home/benni/git/linux'
make[2]: Entering directory '/home/benni/git/linux'
make[3]: Entering directory '/home/benni/git/kernel-test/build/kunitrandconfig-riscv'
.config:7313:warning: override: reassigning to symbol KUNIT
.config:7327:warning: override: reassigning to symbol PRINTK
.config:7331:warning: override: reassigning to symbol TTY
.config:7334:warning: override: reassigning to symbol BLK_DEV_INITRD
.config:7335:warning: override: reassigning to symbol RD_GZIP
.config:7338:warning: override: reassigning to symbol BINFMT_ELF
.config:7339:warning: override: reassigning to symbol BINFMT_SCRIPT
.config:7342:warning: override: reassigning to symbol TMPFS
.config:7345:warning: override: reassigning to symbol KERNEL_GZIP
.config:7348:warning: override: reassigning to symbol KUNIT
.config:7357:warning: override: reassigning to symbol KUNIT_TEST
.config:7358:warning: override: reassigning to symbol KUNIT_ALL_TESTS
.config:7361:warning: override: reassigning to symbol KUNIT_EXAMPLE_TEST
.config:7373:warning: override: reassigning to symbol SERIAL_8250
.config:7374:warning: override: reassigning to symbol SERIAL_8250_CONSOLE
.config:7375:warning: override: reassigning to symbol SERIAL_OF_PLATFORM
.config:7377:warning: override: reassigning to symbol FPU
#
# configuration written to .config
#
make[3]: Leaving directory '/home/benni/git/kernel-test/build/kunitrandconfig-riscv'
make[2]: Leaving directory '/home/benni/git/linux'
make[2]: Entering directory '/home/benni/git/linux'
make[3]: Entering directory '/home/benni/git/kernel-test/build/kunitrandconfig-riscv'
  SYNC    include/config/auto.conf
  GEN     usr/initramfs_data.cpio
  COPY    usr/initramfs_inc_data
  UPD     init/utsversion-tmp.h
  AS      usr/initramfs_data.o
  CC      init/version.o
  AR      usr/built-in.a
  CC      fs/exec.o
  AR      drivers/gpio/built-in.a
  CC      kernel/printk/printk_ringbuffer_kunit_test.o
  AR      init/built-in.a
  CC      lib/crc/tests/crc_kunit.o
  AR      kernel/irq/built-in.a
  AR      drivers/gpu/tests/built-in.a
  CC      net/handshake/handshake-test.o
  AR      kernel/time/built-in.a
  UPD     kernel/config_data
  AR      drivers/clk/built-in.a
  CC      drivers/base/power/runtime-test.o
  CC      drivers/base/regmap/regmap-kunit.o
  CC      drivers/base/regmap/regmap-ram.o
  AR      drivers/rtc/built-in.a
  CC      drivers/input/tests/input_test.o
  AR      drivers/gpu/built-in.a
  CC      drivers/base/regmap/regmap-raw-ram.o
  AR      drivers/base/test/built-in.a
  GZIP    kernel/config_data.gz
  CC      kernel/configs.o
  CC      fs/binfmt_elf.o
  AR      kernel/printk/built-in.a
  CC      fs/compat_binfmt_elf.o
  AR      lib/crc/tests/built-in.a
  AR      lib/crc/built-in.a
  AR      lib/built-in.a
  CC      fs/ext4/balloc.o
  CC      fs/ext4/bitmap.o
  AR      fs/fat/built-in.a
  CC      fs/ext4/block_validity.o
  CC      fs/ext4/dir.o
  CC      fs/ext4/ext4_jbd2.o
  CC      fs/ext4/extents.o
  CC      fs/ext4/extents_status.o
  AR      drivers/input/tests/built-in.a
  AR      drivers/input/built-in.a
  CC      fs/ext4/file.o
  AR      drivers/base/power/built-in.a
  CC      fs/ext4/fsmap.o
  CC      fs/ext4/fsync.o
  AR      kernel/built-in.a
  CC      fs/ext4/hash.o
  CC      fs/ext4/ialloc.o
  CC      fs/ext4/indirect.o
  CC      fs/ext4/inline.o
  CC      fs/ext4/inode.o
  CC      fs/ext4/ioctl.o
  AR      net/handshake/built-in.a
  AR      net/built-in.a
  CC      fs/ext4/mballoc.o
  CC      fs/ext4/migrate.o
  CC      fs/ext4/mmp.o
  CC      fs/ext4/move_extent.o
  CC      fs/ext4/namei.o
  CC      fs/ext4/page-io.o
  CC      fs/ext4/readpage.o
  CC      fs/ext4/resize.o
  CC      fs/ext4/super.o
  CC      fs/ext4/symlink.o
  CC      fs/ext4/sysfs.o
  CC      fs/ext4/xattr.o
  CC      fs/ext4/xattr_hurd.o
  CC      fs/ext4/xattr_trusted.o
  CC      fs/ext4/xattr_user.o
  CC      fs/ext4/fast_commit.o
  CC      fs/ext4/orphan.o
  CC      fs/ext4/acl.o
  CC      fs/ext4/xattr_security.o
  AR      drivers/base/regmap/built-in.a
  AR      drivers/base/built-in.a
  AR      drivers/built-in.a
  AR      fs/ext4/built-in.a
  AR      fs/built-in.a
  AR      built-in.a
  AR      built-in-fixup.a
  COPY    vmlinux.a
  LD      vmlinux.o
  MODPOST vmlinux.symvers
  CC      .vmlinux.export.o
  UPD     include/generated/utsversion.h
  CC      init/version-timestamp.o
  KSYMS   .tmp_vmlinux0.kallsyms.S
  AS      .tmp_vmlinux0.kallsyms.o
  LD      .tmp_vmlinux1
  NM      .tmp_vmlinux1.syms
  KSYMS   .tmp_vmlinux1.kallsyms.S
  AS      .tmp_vmlinux1.kallsyms.o
  LD      .tmp_vmlinux2
  NM      .tmp_vmlinux2.syms
  KSYMS   .tmp_vmlinux2.kallsyms.S
  AS      .tmp_vmlinux2.kallsyms.o
  LD      vmlinux.unstripped
  NM      System.map
  SORTTAB vmlinux.unstripped
  OBJCOPY vmlinux
  GEN     modules.builtin.modinfo
  GEN     modules.builtin
  OBJCOPY arch/riscv/boot/Image
  Kernel: arch/riscv/boot/Image is ready
make[3]: Leaving directory '/home/benni/git/kernel-test/build/kunitrandconfig-riscv'
make[2]: Leaving directory '/home/benni/git/linux'
