make[3]: Entering directory '/home/benni/git/linux'
make[4]: Entering directory '/home/benni/git/kernel-test/build/tinynsconfig-riscv'
  UPD     /home/benni/git/kernel-test/build/tinynsconfig-riscv/Makefile
  HOSTCC  scripts/basic/fixdep
  HOSTCC  scripts/kconfig/conf.o
  HOSTCC  scripts/kconfig/confdata.o
  HOSTCC  scripts/kconfig/expr.o
  LEX     scripts/kconfig/lexer.lex.c
  YACC    scripts/kconfig/parser.tab.[ch]
  HOSTCC  scripts/kconfig/lexer.lex.o
  HOSTCC  scripts/kconfig/menu.o
  HOSTCC  scripts/kconfig/parser.tab.o
  HOSTCC  scripts/kconfig/preprocess.o
  HOSTCC  scripts/kconfig/symbol.o
  HOSTCC  scripts/kconfig/util.o
  HOSTLD  scripts/kconfig/conf
#
# configuration written to .config
#
Using .config as base
Merging /home/benni/git/linux/kernel/configs/tiny.config
Value of CONFIG_KERNEL_XZ is redefined by fragment /home/benni/git/linux/kernel/configs/tiny.config:
Previous value: # CONFIG_KERNEL_XZ is not set
New value: CONFIG_KERNEL_XZ=y

Value of CONFIG_CC_OPTIMIZE_FOR_SIZE is redefined by fragment /home/benni/git/linux/kernel/configs/tiny.config:
Previous value: # CONFIG_CC_OPTIMIZE_FOR_SIZE is not set
New value: CONFIG_CC_OPTIMIZE_FOR_SIZE=y

Value of CONFIG_LD_DEAD_CODE_DATA_ELIMINATION is redefined by fragment /home/benni/git/linux/kernel/configs/tiny.config:
Previous value: # CONFIG_LD_DEAD_CODE_DATA_ELIMINATION is not set
New value: CONFIG_LD_DEAD_CODE_DATA_ELIMINATION=y

Value of CONFIG_SLUB_TINY is redefined by fragment /home/benni/git/linux/kernel/configs/tiny.config:
Previous value: # CONFIG_SLUB_TINY is not set
New value: CONFIG_SLUB_TINY=y

#
# merged configuration written to .config (needs make)
#
#
# configuration written to .config
#
make[4]: Leaving directory '/home/benni/git/kernel-test/build/tinynsconfig-riscv'
make[3]: Leaving directory '/home/benni/git/linux'
make[3]: Entering directory '/home/benni/git/linux'
make[4]: Entering directory '/home/benni/git/kernel-test/build/tinynsconfig-riscv'
.config:1394:warning: override: reassigning to symbol PRINTK
.config:1398:warning: override: reassigning to symbol TTY
.config:1401:warning: override: reassigning to symbol BLK_DEV_INITRD
.config:1405:warning: override: reassigning to symbol BINFMT_ELF
.config:1406:warning: override: reassigning to symbol BINFMT_SCRIPT
.config:1428:warning: override: reassigning to symbol CGROUPS
.config:1432:warning: override: reassigning to symbol PROC_FS
.config:1433:warning: override: reassigning to symbol NET
.config:1435:warning: override: reassigning to symbol TMPFS
.config:1436:warning: override: reassigning to symbol SYSVIPC
.config:1437:warning: override: reassigning to symbol FUTEX
.config:1445:warning: override: reassigning to symbol FPU
#
# configuration written to .config
#
make[4]: Leaving directory '/home/benni/git/kernel-test/build/tinynsconfig-riscv'
make[3]: Leaving directory '/home/benni/git/linux'
make[3]: Entering directory '/home/benni/git/linux'
make[4]: Entering directory '/home/benni/git/kernel-test/build/tinynsconfig-riscv'
  SYNC    include/config/auto.conf
  WRAP    arch/riscv/include/generated/uapi/asm/errno.h
  WRAP    arch/riscv/include/generated/uapi/asm/fcntl.h
  WRAP    arch/riscv/include/generated/uapi/asm/ioctl.h
  WRAP    arch/riscv/include/generated/uapi/asm/ioctls.h
  WRAP    arch/riscv/include/generated/uapi/asm/ipcbuf.h
  WRAP    arch/riscv/include/generated/uapi/asm/mman.h
  WRAP    arch/riscv/include/generated/uapi/asm/msgbuf.h
  WRAP    arch/riscv/include/generated/uapi/asm/param.h
  WRAP    arch/riscv/include/generated/uapi/asm/poll.h
  WRAP    arch/riscv/include/generated/uapi/asm/posix_types.h
  WRAP    arch/riscv/include/generated/uapi/asm/resource.h
  WRAP    arch/riscv/include/generated/uapi/asm/sembuf.h
  WRAP    arch/riscv/include/generated/uapi/asm/shmbuf.h
  WRAP    arch/riscv/include/generated/uapi/asm/siginfo.h
  WRAP    arch/riscv/include/generated/uapi/asm/signal.h
  WRAP    arch/riscv/include/generated/uapi/asm/socket.h
  WRAP    arch/riscv/include/generated/uapi/asm/sockios.h
  WRAP    arch/riscv/include/generated/uapi/asm/stat.h
  WRAP    arch/riscv/include/generated/uapi/asm/statfs.h
  WRAP    arch/riscv/include/generated/uapi/asm/swab.h
  WRAP    arch/riscv/include/generated/uapi/asm/termbits.h
  WRAP    arch/riscv/include/generated/uapi/asm/termios.h
  WRAP    arch/riscv/include/generated/uapi/asm/types.h
  SYSHDR  arch/riscv/include/generated/uapi/asm/unistd_32.h
  SYSHDR  arch/riscv/include/generated/uapi/asm/unistd_64.h
  UPD     include/generated/uapi/linux/version.h
  UPD     include/generated/compile.h
  HOSTCC  scripts/dtc/dtc.o
  HOSTCC  scripts/dtc/flattree.o
  HOSTCC  scripts/dtc/fstree.o
  HOSTCC  scripts/dtc/data.o
  HOSTCC  scripts/dtc/livetree.o
  HOSTCC  scripts/dtc/treesource.o
  HOSTCC  scripts/dtc/srcpos.o
  HOSTCC  scripts/dtc/checks.o
  HOSTCC  scripts/dtc/util.o
  LEX     scripts/dtc/dtc-lexer.lex.c
  YACC    scripts/dtc/dtc-parser.tab.[ch]
  HOSTCC  scripts/dtc/libfdt/fdt.o
  HOSTCC  scripts/dtc/libfdt/fdt_wip.o
  HOSTCC  scripts/dtc/libfdt/fdt_ro.o
  WRAP    arch/riscv/include/generated/asm/early_ioremap.h
  WRAP    arch/riscv/include/generated/asm/flat.h
  WRAP    arch/riscv/include/generated/asm/fprobe.h
  WRAP    arch/riscv/include/generated/asm/kvm_para.h
  HOSTCC  scripts/dtc/libfdt/fdt_sw.o
  HOSTCC  scripts/dtc/libfdt/fdt_rw.o
  HOSTCC  scripts/dtc/libfdt/fdt_strerror.o
  WRAP    arch/riscv/include/generated/asm/mmzone.h
  HOSTCC  scripts/dtc/libfdt/fdt_empty_tree.o
  HOSTCC  scripts/dtc/libfdt/fdt_addresses.o
  WRAP    arch/riscv/include/generated/asm/mcs_spinlock.h
  HOSTCC  scripts/dtc/libfdt/fdt_overlay.o
  HOSTCC  scripts/dtc/fdtoverlay.o
  WRAP    arch/riscv/include/generated/asm/parport.h
  UPD     include/config/kernel.release
  WRAP    arch/riscv/include/generated/asm/spinlock_types.h
  WRAP    arch/riscv/include/generated/asm/ticket_spinlock.h
  WRAP    arch/riscv/include/generated/asm/qrwlock.h
  WRAP    arch/riscv/include/generated/asm/qrwlock_types.h
  WRAP    arch/riscv/include/generated/asm/qspinlock.h
  WRAP    arch/riscv/include/generated/asm/ring_buffer.h
  WRAP    arch/riscv/include/generated/asm/user.h
  WRAP    arch/riscv/include/generated/asm/vmlinux.lds.h
  WRAP    arch/riscv/include/generated/asm/device.h
  WRAP    arch/riscv/include/generated/asm/div64.h
  WRAP    arch/riscv/include/generated/asm/dma-mapping.h
  WRAP    arch/riscv/include/generated/asm/dma.h
  WRAP    arch/riscv/include/generated/asm/emergency-restart.h
  WRAP    arch/riscv/include/generated/asm/hardirq.h
  WRAP    arch/riscv/include/generated/asm/hw_irq.h
  WRAP    arch/riscv/include/generated/asm/irq_regs.h
  WRAP    arch/riscv/include/generated/asm/kmap_size.h
  HOSTLD  scripts/dtc/fdtoverlay
  WRAP    arch/riscv/include/generated/asm/local.h
  WRAP    arch/riscv/include/generated/asm/local64.h
  WRAP    arch/riscv/include/generated/asm/msi.h
  WRAP    arch/riscv/include/generated/asm/percpu.h
  WRAP    arch/riscv/include/generated/asm/percpu_types.h
  UPD     include/generated/utsrelease.h
  WRAP    arch/riscv/include/generated/asm/preempt.h
  WRAP    arch/riscv/include/generated/asm/rqspinlock.h
  WRAP    arch/riscv/include/generated/asm/rwonce.h
  WRAP    arch/riscv/include/generated/asm/serial.h
  WRAP    arch/riscv/include/generated/asm/shmparam.h
  WRAP    arch/riscv/include/generated/asm/softirq_stack.h
  WRAP    arch/riscv/include/generated/asm/trace_clock.h
  WRAP    arch/riscv/include/generated/asm/unwind_user.h
  WRAP    arch/riscv/include/generated/asm/vga.h
  WRAP    arch/riscv/include/generated/asm/video.h
  SYSTBL  arch/riscv/include/generated/asm/syscall_table_32.h
  SYSTBL  arch/riscv/include/generated/asm/syscall_table_64.h
  HOSTCC  scripts/dtc/dtc-lexer.lex.o
  HOSTCC  scripts/dtc/dtc-parser.tab.o
  HOSTLD  scripts/dtc/dtc
  HOSTCC  scripts/sorttable.o
  HOSTCC  scripts/elf-parse.o
  HOSTLD  scripts/sorttable
  CC      scripts/mod/empty.o
  HOSTCC  scripts/mod/mk_elfconfig
  CC      scripts/mod/devicetable-offsets.s
  UPD     scripts/mod/devicetable-offsets.h
  MKELF   scripts/mod/elfconfig.h
  HOSTCC  scripts/mod/modpost.o
  HOSTCC  scripts/mod/file2alias.o
  HOSTCC  scripts/mod/sumversion.o
  HOSTCC  scripts/mod/symsearch.o
  HOSTLD  scripts/mod/modpost
  CC      kernel/bounds.s
  CHKSHA1 /home/benni/git/linux/include/linux/atomic/atomic-arch-fallback.h
  CHKSHA1 /home/benni/git/linux/include/linux/atomic/atomic-instrumented.h
  CHKSHA1 /home/benni/git/linux/include/linux/atomic/atomic-long.h
  UPD     include/generated/timeconst.h
  UPD     include/generated/bounds.h
  CC      arch/riscv/kernel/asm-offsets.s
  UPD     include/generated/asm-offsets.h
  CC      kernel/sched/rq-offsets.s
  UPD     include/generated/rq-offsets.h
  CALL    /home/benni/git/linux/scripts/checksyscalls.sh 
  LDS     arch/riscv/kernel/vdso/vdso.lds
  AS      arch/riscv/kernel/vdso/rt_sigreturn.o
  CC      arch/riscv/kernel/vdso/vgettimeofday.o
  AS      arch/riscv/kernel/vdso/getcpu.o
  AS      arch/riscv/kernel/vdso/flush_icache.o
  CC      arch/riscv/kernel/vdso/hwprobe.o
  AS      arch/riscv/kernel/vdso/sys_hwprobe.o
  CC      arch/riscv/kernel/vdso/getrandom.o
  AS      arch/riscv/kernel/vdso/note.o
  AS      arch/riscv/kernel/vdso/vgetrandom-chacha.o
  VDSOLD  arch/riscv/kernel/vdso/vdso.so.dbg
  VDSOSYM include/generated/vdso-offsets.h
  HOSTCC  usr/gen_init_cpio
  CC      init/main.o
  AR      certs/built-in.a
  CC      ipc/util.o
  CC      init/do_mounts.o
  CC      fs/open.o
  CC      mm/filemap.o
  CC      arch/riscv/lib/csum.o
  CC      security/commoncap.o
  CC      arch/riscv/mm/init.o
  UPD     init/utsversion-tmp.h
  AS      arch/riscv/kernel/head.o
  CC      arch/riscv/mm/extable.o
  CC      lib/argv_split.o
  CC      kernel/fork.o
  AR      drivers/cache/built-in.a
  CC      drivers/irqchip/irqchip.o
  CC      drivers/irqchip/irq-msi-lib.o
  AR      crypto/built-in.a
  CC      arch/riscv/kernel/soc.o
  CC      mm/mempool.o
  GEN     usr/initramfs_data.cpio
  COPY    usr/initramfs_inc_data
  AS      usr/initramfs_data.o
  AR      usr/built-in.a
  CC      lib/buildid.o
  CC      arch/riscv/mm/fault.o
  CC      arch/riscv/lib/delay.o
  CC      arch/riscv/kernel/alternative.o
  AR      arch/riscv/net/built-in.a
  CC      arch/riscv/kernel/cpu.o
  CC      fs/read_write.o
  CC      drivers/irqchip/irq-riscv-intc.o
  AS      arch/riscv/lib/memcpy.o
  AS      arch/riscv/lib/memmove.o
  AS      arch/riscv/lib/memset.o
  CC      arch/riscv/lib/riscv_v_helpers.o
  CC      kernel/exec_domain.o
  CC      ipc/msgutil.o
  CC      security/min_addr.o
  CC      drivers/bus/simple-pm-bus.o
  AR      drivers/bus/mhi/built-in.a
  CC      arch/riscv/kernel/cpufeature.o
  AR      arch/riscv/errata/built-in.a
  CC      arch/riscv/purgatory/purgatory.o
  AR      sound/built-in.a
  CC      arch/riscv/purgatory/sha256.o
  CC      lib/cmdline.o
  CC      init/do_mounts_initrd.o
  AS      arch/riscv/lib/strchr.o
  CC      mm/oom_kill.o
  CC      lib/ctype.o
  CC      ipc/msg.o
  CC      lib/dec_and_lock.o
  CC      arch/riscv/mm/pageattr.o
  CC      drivers/irqchip/irq-riscv-aplic-main.o
  AS      arch/riscv/lib/strcmp.o
  AS      arch/riscv/lib/strlen.o
  AS      arch/riscv/lib/strncmp.o
  AS      arch/riscv/lib/strnlen.o
  CC      drivers/irqchip/irq-riscv-aplic-direct.o
  AS      arch/riscv/lib/strrchr.o
  CC      lib/decompress.o
  AS      arch/riscv/lib/tishift.o
  AR      drivers/bus/built-in.a
  AS      arch/riscv/lib/uaccess.o
  AS      arch/riscv/purgatory/entry.o
  CC      kernel/exec_state.o
  AS      arch/riscv/lib/uaccess_vector.o
  CC      lib/decompress_bunzip2.o
  CC      arch/riscv/mm/pgtable.o
  AR      arch/riscv/lib/built-in.a
  AR      arch/riscv/lib/lib.a
  CC      security/device_cgroup.o
  CC      drivers/irqchip/irq-riscv-aplic-msi.o
  CC      arch/riscv/mm/tlbflush.o
  CC      arch/riscv/mm/cacheflush.o
  CC      arch/riscv/purgatory/string.o
  CC      fs/file_table.o
  AS      arch/riscv/kernel/entry.o
  CC      arch/riscv/kernel/irq.o
  CC      arch/riscv/kernel/process.o
  CC      arch/riscv/purgatory/ctype.o
  CC      init/initramfs.o
  AS      arch/riscv/purgatory/memcpy.o
  AS      arch/riscv/purgatory/memset.o
  CC      kernel/panic.o
  AS      arch/riscv/purgatory/strcmp.o
  AS      arch/riscv/purgatory/strlen.o
  AS      arch/riscv/purgatory/strncmp.o
  CC      net/devres.o
  AS      arch/riscv/purgatory/strnlen.o
  AS      arch/riscv/purgatory/strchr.o
  CC      mm/fadvise.o
  CC      net/socket.o
  CC      ipc/sem.o
  AS      arch/riscv/purgatory/strrchr.o
  CC      lib/decompress_inflate.o
  LD      arch/riscv/purgatory/purgatory.ro
  LD      arch/riscv/purgatory/purgatory.chk
  AS      arch/riscv/purgatory/kexec-purgatory.o
  AR      arch/riscv/purgatory/built-in.a
  CC      drivers/irqchip/irq-riscv-imsic-state.o
  CC      mm/maccess.o
  CC      ipc/shm.o
  CC      ipc/syscall.o
  CC      arch/riscv/mm/context.o
  AR      security/built-in.a
  CC      arch/riscv/kernel/ptrace.o
  CC      init/calibrate.o
  CC      fs/super.o
  CC      fs/char_dev.o
  CC      lib/decompress_unlz4.o
  CC      net/core/sock.o
  CC      init/init_task.o
  CC      kernel/cpu.o
  CC      drivers/irqchip/irq-riscv-imsic-early.o
  CC      arch/riscv/mm/pmem.o
  CC      init/version.o
  AR      virt/lib/built-in.a
  AR      virt/built-in.a
  CC      mm/page-writeback.o
  CC      kernel/exit.o
  CC      arch/riscv/kernel/reset.o
  CC      mm/folio-compat.o
  CC      lib/decompress_unlzma.o
  CC      ipc/ipc_sysctl.o
  AR      drivers/phy/built-in.a
  CC      net/ethernet/eth.o
  CC      arch/riscv/kernel/return_address.o
  CC      net/core/skbuff.o
  AR      arch/riscv/mm/built-in.a
  CC      mm/readahead.o
  CC      fs/stat.o
  AR      init/built-in.a
  CC      drivers/irqchip/irq-riscv-imsic-platform.o
  CC      lib/decompress_unlzo.o
  CC      kernel/softirq.o
  CC      arch/riscv/kernel/setup.o
  AR      ipc/built-in.a
  CC      net/core/datagram.o
  AR      net/802/built-in.a
  CC      drivers/irqchip/irq-sifive-plic.o
  AR      drivers/pwm/built-in.a
  CC      kernel/resource.o
  CC      arch/riscv/kernel/signal.o
  AR      drivers/leds/blink/built-in.a
  CC      lib/decompress_unxz.o
  AR      drivers/leds/simatic/built-in.a
  AR      drivers/leds/built-in.a
  CC      net/core/stream.o
  CC      lib/decompress_unzstd.o
  CC      fs/exec.o
  CC      kernel/sysctl.o
  CC      net/sched/sch_generic.o
  CC      net/sched/sch_mq.o
  CC      mm/swap.o
  CC      lib/dump_stack.o
  CC      net/sched/sch_frag.o
  AR      net/ethernet/built-in.a
  CC      net/core/scm.o
  AR      drivers/irqchip/built-in.a
  CC      drivers/pci/of.o
  CC      kernel/capability.o
  CC      fs/pipe.o
  CC      arch/riscv/kernel/syscall_table.o
  CC      net/netlink/af_netlink.o
  CC      mm/truncate.o
  CC      lib/earlycpio.o
  CC      drivers/video/console/dummycon.o
  AR      drivers/video/backlight/built-in.a
  AR      drivers/pci/controller/dwc/built-in.a
  AR      drivers/pci/controller/mobiveil/built-in.a
  AR      drivers/idle/built-in.a
  CC      net/core/gen_stats.o
  AR      drivers/pci/controller/plda/built-in.a
  AR      drivers/pci/controller/built-in.a
  CC      net/netlink/genetlink.o
  CC      lib/extable.o
  AR      drivers/pci/switch/built-in.a
  AR      drivers/pci/built-in.a
  AR      net/bpf/built-in.a
  CC      mm/vmscan.o
  CC      fs/namei.o
  CC      kernel/ptrace.o
  AR      drivers/video/fbdev/core/built-in.a
  CC      arch/riscv/kernel/sys_riscv.o
  AR      drivers/video/fbdev/omap/built-in.a
  AR      drivers/video/fbdev/omap2/omapfb/dss/built-in.a
  AR      drivers/video/fbdev/omap2/omapfb/displays/built-in.a
  AR      drivers/video/fbdev/omap2/omapfb/built-in.a
  CC      net/core/gen_estimator.o
  AR      drivers/video/fbdev/omap2/built-in.a
  AR      drivers/video/fbdev/built-in.a
  CC      arch/riscv/kernel/sys_hwprobe.o
  CC      arch/riscv/kernel/time.o
  AR      net/sched/built-in.a
  CC      arch/riscv/kernel/traps.o
  AR      drivers/video/console/built-in.a
  AR      drivers/video/built-in.a
  CC      lib/fdt.o
  AR      drivers/char/ipmi/built-in.a
  AR      drivers/amba/built-in.a
  CC      lib/fdt_addresses.o
  CC      fs/fcntl.o
  CC      drivers/clk/clk-devres.o
  CC      lib/fdt_empty_tree.o
  CC      drivers/clk/clk-bulk.o
  CC      lib/fdt_ro.o
  CC      lib/fdt_rw.o
  CC      lib/fdt_strerror.o
  CC      lib/fdt_sw.o
  CC      net/ethtool/ioctl.o
  CC      lib/fdt_wip.o
  CC      net/ethtool/common.o
  CC      kernel/user.o
  CC      lib/flex_proportions.o
  CC      drivers/clk/clkdev.o
  CC      net/netlink/policy.o
  CC      lib/idr.o
  AR      drivers/soc/apple/built-in.a
  CC      net/ipv4/route.o
  AR      drivers/soc/aspeed/built-in.a
  AR      drivers/soc/bcm/built-in.a
  AR      drivers/soc/fsl/built-in.a
  AR      drivers/soc/fujitsu/built-in.a
  CC      net/core/net_namespace.o
  AR      drivers/soc/hisilicon/built-in.a
  AR      drivers/soc/imx/built-in.a
  AR      drivers/soc/ixp4xx/built-in.a
  CC      net/ipv4/inetpeer.o
  CC      arch/riscv/kernel/riscv_ksyms.o
  AR      drivers/soc/loongson/built-in.a
  AR      drivers/soc/mediatek/built-in.a
  CC      lib/iomem_copy.o
  AR      drivers/soc/microchip/built-in.a
  CC      net/ethtool/netlink.o
  AR      drivers/soc/nuvoton/built-in.a
  AR      drivers/soc/pxa/built-in.a
  AR      drivers/soc/amlogic/built-in.a
  AR      drivers/soc/qcom/built-in.a
  AR      drivers/soc/renesas/built-in.a
  AR      drivers/soc/rockchip/built-in.a
  AR      drivers/soc/sophgo/built-in.a
  AR      drivers/soc/sunxi/built-in.a
  AR      drivers/soc/ti/built-in.a
  CC      net/ethtool/bitset.o
  AR      drivers/soc/versatile/built-in.a
  AR      drivers/soc/vt8500/built-in.a
  AR      drivers/soc/xilinx/built-in.a
  AR      drivers/soc/built-in.a
  CC      mm/shrinker.o
  CC      net/ethtool/strset.o
  CC      kernel/signal.o
  CC      arch/riscv/kernel/stacktrace.o
  CC      mm/shmem.o
  CC      lib/irq_regs.o
  CC      drivers/clk/clk.o
  AR      net/netlink/built-in.a
  CC      kernel/sys.o
  CC      lib/is_single_threaded.o
  CC      lib/klist.o
  CC      net/core/secure_seq.o
  CC      fs/ioctl.o
  CC      arch/riscv/kernel/cacheinfo.o
  CC      mm/util.o
  CC      lib/kobject.o
  CC      drivers/clk/clk-divider.o
  CC      net/ipv4/protocol.o
  CC      kernel/umh.o
  CC      net/ipv4/ip_input.o
  CC      fs/readdir.o
  CC      kernel/workqueue.o
  CC      net/ethtool/linkinfo.o
  CC      arch/riscv/kernel/patch.o
  CC      lib/kobject_uevent.o
  CC      lib/logic_pio.o
  CC      lib/maple_tree.o
  CC      drivers/clk/clk-fixed-factor.o
  CC      net/core/flow_dissector.o
  CC      lib/memcat_p.o
  CC      net/ethtool/linkmodes.o
  CC      mm/mmzone.o
  AR      drivers/virtio/built-in.a
  CC      arch/riscv/kernel/vendor_extensions.o
  AR      arch/riscv/kernel/vendor_extensions/built-in.a
  CC      mm/vmstat.o
  CC      fs/select.o
  CC      lib/nmi_backtrace.o
  CC      drivers/tty/tty_io.o
  CC      drivers/clk/clk-fixed-rate.o
  AR      arch/riscv/kernel/probes/built-in.a
  AR      arch/riscv/kernel/tests/built-in.a
  CC      arch/riscv/kernel/vdso.o
  OBJCOPY arch/riscv/kernel/vdso/vdso.so
  CC      net/ethtool/rss.o
  AS      arch/riscv/kernel/vdso/vdso.o
  CC      mm/backing-dev.o
  AR      arch/riscv/kernel/vdso/built-in.a
  CC      mm/mm_init.o
  CC      mm/percpu.o
  CC      net/ipv4/ip_fragment.o
  CC      drivers/char/mem.o
  CC      mm/slab_common.o
  CC      net/core/sysctl_net_core.o
  CC      drivers/clk/clk-gate.o
  CC      lib/objpool.o
  CC      arch/riscv/kernel/traps_misaligned.o
  CC      kernel/pid.o
  CC      net/ipv6/af_inet6.o
  CC      fs/dcache.o
  CC      net/ipv6/anycast.o
  CC      drivers/clk/clk-multiplier.o
  CC      net/ipv4/ip_forward.o
  CC      drivers/char/random.o
  CC      lib/plist.o
  CC      lib/radix-tree.o
  CC      drivers/tty/n_tty.o
  CC      net/ethtool/linkstate.o
  CC      net/ipv4/ip_options.o
  CC      arch/riscv/kernel/unaligned_access_speed.o
  CC      mm/compaction.o
  CC      net/ipv4/ip_output.o
  CC      drivers/clk/clk-mux.o
  CC      net/core/dev.o
  AR      drivers/iommu/arm/arm-smmu/built-in.a
  AR      drivers/iommu/arm/arm-smmu-v3/built-in.a
  AR      drivers/iommu/arm/built-in.a
  AR      drivers/iommu/iommufd/built-in.a
  AR      drivers/iommu/built-in.a
  CC      drivers/char/misc.o
  CC      kernel/task_work.o
  AS      arch/riscv/kernel/copy-unaligned.o
  AS      arch/riscv/kernel/vec-copy-unaligned.o
  CC      lib/ratelimit.o
  AS      arch/riscv/kernel/fpu.o
  CC      drivers/clk/clk-composite.o
  CC      arch/riscv/kernel/kernel_mode_fpu.o
  CC      net/ethtool/debug.o
  CC      net/ipv6/ip6_output.o
  CC      drivers/clk/clk-fractional-divider.o
  CC      mm/show_mem.o
  AR      net/dsa/built-in.a
  CC      net/ipv6/ip6_input.o
  AR      net/wireless/tests/built-in.a
  CC      drivers/tty/tty_ioctl.o
  AR      net/wireless/built-in.a
  AR      drivers/char/agp/built-in.a
  CC      net/ipv4/ip_sockglue.o
  AR      drivers/char/built-in.a
  CC      net/sysctl_net.o
  CC      lib/rbtree.o
  CC      arch/riscv/kernel/vector.o
  CC      arch/riscv/kernel/kernel_mode_vector.o
  CC      fs/inode.o
  CC      kernel/extable.o
  CC      drivers/clk/clk-gpio.o
  CC      lib/seq_buf.o
  CC      arch/riscv/kernel/perf_regs.o
  CC      net/ethtool/wol.o
  CC      drivers/tty/tty_ldisc.o
  CC      mm/interval_tree.o
  CC      net/ipv6/addrconf.o
  CC      net/ethtool/features.o
  CC      net/ipv4/inet_hashtables.o
  CC      fs/attr.o
  CC      lib/siphash.o
  CC      drivers/clk/clk-conf.o
  CC      drivers/tty/tty_buffer.o
  CC      arch/riscv/kernel/sbi.o
  CC      kernel/params.o
  CC      lib/string.o
  CC      mm/list_lru.o
  CC      net/core/dev_api.o
  AR      drivers/gpu/host1x/built-in.a
  AR      drivers/clk/actions/built-in.a
  CC      fs/bad_inode.o
  CC      lib/sys_info.o
  AR      drivers/clk/analogbits/built-in.a
  AR      drivers/clk/aspeed/built-in.a
  AR      drivers/gpu/drm/tests/built-in.a
  AR      drivers/clk/bcm/built-in.a
  AR      drivers/clk/imgtec/built-in.a
  AR      drivers/gpu/drm/arm/built-in.a
  AR      drivers/gpu/drm/clients/built-in.a
  CC      net/core/dev_addr_lists.o
  AR      drivers/clk/imx/built-in.a
  AR      drivers/gpu/drm/display/built-in.a
  CC      net/ipv4/inet_timewait_sock.o
  AR      drivers/clk/ingenic/built-in.a
  AR      drivers/clk/keystone/built-in.a
  AR      drivers/gpu/drm/renesas/rcar-du/built-in.a
  AR      drivers/gpu/drm/omapdrm/built-in.a
  AR      drivers/clk/mediatek/built-in.a
  AR      drivers/gpu/drm/renesas/rz-du/built-in.a
  CC      net/ethtool/privflags.o
  AR      drivers/gpu/drm/renesas/built-in.a
  CC      net/ipv4/inet_connection_sock.o
  AR      drivers/clk/microchip/built-in.a
  AR      drivers/gpu/drm/tilcdc/built-in.a
  AR      drivers/clk/mstar/built-in.a
  AR      drivers/clk/mvebu/built-in.a
  AR      drivers/gpu/drm/imx/built-in.a
  AR      drivers/clk/ralink/built-in.a
  AR      drivers/gpu/drm/panel/built-in.a
  AR      drivers/clk/renesas/built-in.a
  AR      drivers/gpu/drm/bridge/analogix/built-in.a
  CC      drivers/tty/tty_port.o
  AR      drivers/clk/socfpga/built-in.a
  AR      drivers/gpu/drm/bridge/cadence/built-in.a
  AR      drivers/clk/sophgo/built-in.a
  AR      drivers/gpu/drm/bridge/imx/built-in.a
  AR      drivers/clk/spacemit/built-in.a
  AR      drivers/gpu/drm/bridge/synopsys/built-in.a
  AR      drivers/clk/sprd/built-in.a
  AR      drivers/gpu/drm/bridge/built-in.a
  AR      drivers/clk/starfive/built-in.a
  AR      drivers/gpu/drm/hisilicon/built-in.a
  AR      drivers/clk/sunxi-ng/built-in.a
  AR      drivers/gpu/drm/mxsfb/built-in.a
  AR      drivers/clk/tenstorrent/built-in.a
  CC      arch/riscv/kernel/sbi_ecall.o
  AR      drivers/gpu/drm/sysfb/built-in.a
  AR      drivers/clk/ti/built-in.a
  AR      drivers/clk/versatile/built-in.a
  AR      drivers/gpu/drm/tiny/built-in.a
  AR      drivers/clk/xilinx/built-in.a
  AR      drivers/gpu/drm/xlnx/built-in.a
  AR      drivers/clk/built-in.a
  AR      drivers/gpu/drm/gud/built-in.a
  AR      drivers/gpu/drm/sitronix/built-in.a
  CC      mm/workingset.o
  AR      drivers/gpu/drm/solomon/built-in.a
  AR      drivers/gpu/drm/built-in.a
  CC      fs/file.o
  AR      drivers/gpu/vga/built-in.a
  AR      drivers/gpu/tests/built-in.a
  AR      drivers/gpu/built-in.a
  CC      fs/filesystems.o
  CC      kernel/kthread.o
  CC      net/core/dst.o
  CC      lib/timerqueue.o
  CC      net/ipv6/addrlabel.o
  CC      drivers/tty/tty_mutex.o
  CC      arch/riscv/kernel/efi.o
  CC      mm/debug.o
  CC      lib/vsprintf.o
  CC      net/ethtool/rings.o
  CC      drivers/tty/tty_ldsem.o
  CC      fs/namespace.o
  CC      kernel/sys_ni.o
  CC      net/ipv6/route.o
  CC      drivers/base/component.o
  CC      kernel/nsproxy.o
  CC      drivers/base/core.o
  CC      arch/riscv/kernel/pi/cmdline_early.o
  CC      net/ipv6/ip6_fib.o
  CC      net/ipv4/tcp.o
  CC      mm/gup.o
  CC      net/core/netevent.o
  CC      drivers/tty/tty_baudrate.o
  CC      net/core/neighbour.o
  CC      net/ipv4/tcp_input.o
  CC      lib/win_minmax.o
  CC      arch/riscv/kernel/pi/fdt_early.o
  CC      arch/riscv/kernel/pi/string.o
  CC      net/ethtool/channels.o
  CC      lib/xarray.o
  CC      arch/riscv/kernel/pi/ctype.o
  CC      arch/riscv/kernel/pi/lib-fdt.o
  CC      arch/riscv/kernel/pi/lib-fdt_ro.o
  CC      kernel/nstree.o
  CC      mm/mmap_lock.o
  CC      arch/riscv/kernel/pi/archrandom_early.o
  CC      drivers/tty/tty_jobctrl.o
  OBJCOPY arch/riscv/kernel/pi/cmdline_early.pi.o
  OBJCOPY arch/riscv/kernel/pi/fdt_early.pi.o
  OBJCOPY arch/riscv/kernel/pi/string.pi.o
  OBJCOPY arch/riscv/kernel/pi/ctype.pi.o
  OBJCOPY arch/riscv/kernel/pi/lib-fdt.pi.o
  OBJCOPY arch/riscv/kernel/pi/lib-fdt_ro.pi.o
  OBJCOPY arch/riscv/kernel/pi/archrandom_early.pi.o
  AR      arch/riscv/kernel/pi/built-in.a
  CC      arch/riscv/kernel/bugs.o
  CC      kernel/nscommon.o
  CC      fs/seq_file.o
  CC      lib/lockref.o
  CC      kernel/notifier.o
  CC      fs/xattr.o
  CC      net/ethtool/coalesce.o
  CC      drivers/tty/n_null.o
  CC      mm/vma_init.o
  CC      lib/bcd.o
  LDS     arch/riscv/kernel/vmlinux.lds
  CC      lib/sort.o
  CC      drivers/base/bus.o
  AR      arch/riscv/kernel/built-in.a
  AR      arch/riscv/built-in.a
  CC      kernel/ksysfs.o
  CC      fs/libfs.o
  CC      net/core/rtnetlink.o
  CC      lib/parser.o
  CC      net/ipv6/ipv6_sockglue.o
  CC      drivers/tty/pty.o
  CC      drivers/base/dd.o
  CC      mm/highmem.o
  AR      drivers/block/built-in.a
  CC      kernel/cred.o
  CC      lib/debug_locks.o
  CC      lib/random32.o
  CC      net/core/utils.o
  CC      drivers/tty/vt/vt_ioctl.o
  CC      net/ethtool/pause.o
  CC      drivers/tty/vt/vc_screen.o
  CC      drivers/tty/vt/selection.o
  CC      drivers/tty/vt/keyboard.o
  CC      lib/bust_spinlocks.o
  CC      net/ipv6/ndisc.o
  CC      kernel/reboot.o
  CC      drivers/base/syscore.o
  CC      mm/memory.o
  CC      fs/fs-writeback.o
  CC      fs/pnode.o
  CC      net/core/link_watch.o
  CC      net/ipv4/tcp_output.o
  CC      lib/kasprintf.o
  CC      net/ethtool/eee.o
  CC      lib/bitmap.o
  CC      net/core/filter.o
  CC      drivers/tty/vt/vt.o
  COPY    drivers/tty/vt/defkeymap.c
  CC      kernel/async.o
  CC      drivers/base/driver.o
  AR      drivers/misc/eeprom/built-in.a
  AR      drivers/misc/cb710/built-in.a
  AR      drivers/misc/lis3lv02d/built-in.a
  AR      drivers/misc/cardreader/built-in.a
  AR      drivers/misc/keba/built-in.a
  AR      drivers/mfd/built-in.a
  AR      drivers/nfc/built-in.a
  CC      net/ipv4/tcp_timer.o
  AR      drivers/misc/amd-sbi/built-in.a
  CC      net/ipv4/tcp_ipv4.o
  AR      drivers/misc/built-in.a
  CC      net/ipv4/tcp_minisocks.o
  AR      drivers/dax/hmem/built-in.a
  AR      drivers/dax/built-in.a
  CC      lib/scatterlist.o
  CC      fs/splice.o
  CC      kernel/range.o
  CC      kernel/smpboot.o
  CC      drivers/base/class.o
  CC      drivers/tty/serial/serial_core.o
  CC      kernel/ucount.o
  CC      drivers/tty/serial/serial_base_bus.o
  CC      net/ethtool/tsinfo.o
  CC      net/ipv6/udp.o
  CC      fs/sync.o
  CC      lib/list_sort.o
  CC      kernel/regset.o
  CC      lib/uuid.o
  CC      drivers/base/platform.o
  CC      lib/iov_iter.o
  CC      net/ethtool/cabletest.o
  CC      drivers/tty/vt/consolemap.o
  CC      lib/clz_ctz.o
  CC      kernel/ksyms_common.o
  CC      mm/mincore.o
  CC      net/core/sock_diag.o
  AR      drivers/cxl/core/built-in.a
  AR      drivers/cxl/built-in.a
  CC      net/ipv6/raw.o
  AR      drivers/tty/ipwireless/built-in.a
  CC      net/ethtool/tunnels.o
  HOSTCC  drivers/tty/vt/conmakehash
  CC      kernel/sched/core.o
  CC      fs/utimes.o
  CC      drivers/tty/serial/serial_ctrl.o
  CC      mm/mlock.o
  CC      net/ipv4/tcp_cong.o
  CC      drivers/base/cpu.o
  CC      kernel/sched/fair.o
  COPY    drivers/tty/vt/ucs_width_table.h
  COPY    drivers/tty/vt/ucs_recompose_table.h
  COPY    drivers/tty/vt/ucs_fallback_table.h
  CC      net/ipv6/icmp.o
  CC      drivers/tty/vt/defkeymap.o
  CC      drivers/base/firmware.o
  CC      net/core/dev_ioctl.o
  CC      drivers/tty/serial/serial_port.o
  CONMK   drivers/tty/vt/consolemap_deftbl.c
  CC      drivers/tty/vt/ucs.o
  CC      drivers/tty/vt/consolemap_deftbl.o
  CC      kernel/locking/mutex.o
  AR      drivers/tty/vt/built-in.a
  CC      net/ipv6/mcast.o
  CC      fs/d_path.o
  CC      lib/bsearch.o
  CC      net/ethtool/fec.o
  CC      kernel/locking/semaphore.o
  CC      mm/mmap.o
  CC      drivers/base/init.o
  CC      net/ethtool/eeprom.o
  CC      drivers/tty/serial/earlycon.o
  CC      net/ipv4/tcp_metrics.o
  CC      lib/find_bit.o
  CC      lib/llist.o
  CC      kernel/locking/rwsem.o
  CC      fs/stack.o
  CC      kernel/power/qos.o
  CC      net/ipv4/tcp_fastopen.o
  CC      kernel/printk/printk.o
  CC      drivers/base/map.o
  CC      drivers/base/devres.o
  CC      lib/lwq.o
  CC      drivers/tty/serial/8250/8250_core.o
  CC      kernel/irq/irqdesc.o
  CC      mm/mmu_gather.o
  CC      lib/memweight.o
  CC      fs/fs_struct.o
  CC      net/ethtool/stats.o
  CC      kernel/sched/build_policy.o
  CC      net/core/tso.o
  CC      lib/kfifo.o
  CC      kernel/rcu/update.o
  CC      kernel/locking/percpu-rwsem.o
  AR      kernel/power/built-in.a
  CC      kernel/locking/rtmutex_api.o
  CC      drivers/base/attribute_container.o
  CC      net/ipv6/reassembly.o
  CC      mm/mprotect.o
  CC      kernel/irq/handle.o
  CC      kernel/sched/build_utility.o
  CC      drivers/tty/serial/8250/8250_platform.o
  CC      fs/statfs.o
  CC      kernel/irq/manage.o
  CC      net/ipv4/tcp_recovery.o
  CC      kernel/rcu/sync.o
  CC      lib/percpu-refcount.o
  CC      net/ethtool/phc_vclocks.o
  CC      kernel/printk/printk_safe.o
  CC      drivers/base/transport_class.o
  CC      kernel/rcu/srcutiny.o
  CC      net/core/sock_reuseport.o
  AR      kernel/locking/built-in.a
  AR      kernel/livepatch/built-in.a
  CC      lib/rhashtable.o
  CC      net/ipv6/tcp_ipv6.o
  CC      drivers/tty/serial/8250/8250_port.o
  AR      kernel/liveupdate/built-in.a
  CC      net/ipv4/tcp_ulp.o
  CC      fs/fs_pin.o
  CC      mm/mremap.o
  CC      kernel/printk/nbcon.o
  CC      drivers/base/topology.o
  CC      kernel/irq/spurious.o
  CC      kernel/rcu/tiny.o
  CC      net/ethtool/mm.o
  CC      kernel/printk/printk_ringbuffer.o
  CC      net/core/fib_notifier.o
  CC      fs/nsfs.o
  CC      lib/base64.o
  CC      drivers/base/container.o
  CC      drivers/tty/serial/8250/8250_early.o
  CC      drivers/tty/serial/8250/8250_of.o
  AR      kernel/rcu/built-in.a
  CC      mm/msync.o
  CC      kernel/printk/sysctl.o
  CC      fs/fs_dirent.o
  CC      lib/once.o
  CC      kernel/irq/resend.o
  AR      kernel/sched/built-in.a
  CC      kernel/irq/chip.o
  CC      kernel/irq/dummychip.o
  CC      net/ipv4/tcp_offload.o
  CC      net/ipv4/tcp_plb.o
  CC      net/ipv4/datagram.o
  AR      kernel/printk/built-in.a
  CC      drivers/base/property.o
  CC      net/core/xdp.o
  CC      net/ethtool/module.o
  CC      net/ipv6/ping.o
  CC      lib/refcount.o
  CC      fs/fs_context.o
  CC      drivers/base/cacheinfo.o
  CC      mm/page_vma_mapped.o
  CC      lib/rcuref.o
  AR      drivers/tty/serial/8250/built-in.a
  AR      drivers/tty/serial/built-in.a
  AR      drivers/tty/built-in.a
  CC      net/ipv6/exthdrs.o
  CC      kernel/dma/mapping.o
  CC      kernel/dma/direct.o
  CC      fs/fs_parser.o
  CC      kernel/irq/devres.o
  CC      lib/usercopy.o
  CC      mm/pagewalk.o
  CC      kernel/irq/kexec.o
  CC      kernel/irq/irqdomain.o
  CC      kernel/irq/proc.o
  CC      drivers/base/swnode.o
  CC      net/ethtool/cmis_fw_update.o
  CC      lib/errseq.o
  CC      fs/fsopen.o
  CC      net/core/flow_offload.o
  CC      net/ipv4/raw.o
  CC      net/ipv6/datagram.o
  CC      net/ipv6/ip6_flowlabel.o
  CC      kernel/dma/coherent.o
  CC      mm/pgtable-generic.o
  CC      drivers/base/faux.o
  CC      lib/bucket_locks.o
  AR      drivers/macintosh/built-in.a
  CC      kernel/entry/common.o
  CC      net/ethtool/cmis_cdb.o
  CC      net/ethtool/pse-pd.o
  CC      kernel/dma/swiotlb.o
  CC      drivers/base/power/clock_ops.o
  CC      lib/generic-radix-tree.o
  CC      kernel/dma/remap.o
  CC      fs/init.o
  CC      lib/bitmap-str.o
  CC      mm/rmap.o
  CC      kernel/irq/msi.o
  CC      net/core/gro.o
  CC      net/ipv4/udp.o
  CC      kernel/entry/syscall-common.o
  AR      drivers/base/power/built-in.a
  CC      fs/kernel_read_file.o
  CC      drivers/base/firmware_loader/builtin/main.o
  CC      kernel/irq/matrix.o
  CC      net/ethtool/plca.o
  CC      lib/string_helpers.o
  CC      net/ipv6/inet6_connection_sock.o
  CC      fs/mnt_idmapping.o
  AR      kernel/dma/built-in.a
  CC      drivers/base/platform-msi.o
  CC      mm/vmalloc.o
  CC      net/core/netdev-genl.o
  CC      net/ipv6/udp_offload.o
  AR      drivers/base/firmware_loader/builtin/built-in.a
  AR      drivers/base/firmware_loader/built-in.a
  AR      drivers/scsi/built-in.a
  CC      kernel/entry/syscall_user_dispatch.o
  CC      net/ipv4/udp_offload.o
  CC      fs/remap_range.o
  CC      net/core/netdev-genl-gen.o
  CC      drivers/base/arch_topology.o
  CC      net/ethtool/phy.o
  AR      kernel/irq/built-in.a
  CC      net/ipv6/seg6.o
  CC      lib/hexdump.o
  CC      net/ipv6/fib6_notifier.o
  CC      net/ipv4/arp.o
  CC      net/ipv6/rpl.o
  CC      lib/kstrtox.o
  AR      kernel/entry/built-in.a
  AR      kernel/unwind/built-in.a
  CC      net/ethtool/tsconfig.o
  CC      kernel/time/time.o
  CC      fs/pidfs.o
  CC      net/ipv6/ioam6.o
  CC      net/core/netdev_work.o
  AR      lib/kunit/built-in.a
  AR      drivers/base/test/built-in.a
  CC      lib/math/div64.o
  AR      drivers/base/built-in.a
  AR      drivers/nvme/common/built-in.a
  AR      drivers/nvme/host/built-in.a
  AR      drivers/nvme/target/built-in.a
  AR      drivers/nvme/built-in.a
  CC      drivers/net/loopback.o
  CC      lib/math/gcd.o
  AR      drivers/net/phy/mediatek/built-in.a
  AR      drivers/net/phy/qcom/built-in.a
  AR      drivers/net/phy/built-in.a
  HOSTCC  lib/crc/gen_crc32table
  AR      drivers/firewire/built-in.a
  CC      lib/crypto/blake2s.o
  CC      lib/math/lcm.o
  CC      kernel/futex/core.o
  CC      lib/crypto/chacha-block-generic.o
  CC      kernel/futex/syscalls.o
  AR      lib/crc/tests/built-in.a
  AR      drivers/net/pse-pd/built-in.a
  GEN     lib/crc/crc32table.h
  CC      lib/crc/crc32-main.o
  CC      kernel/futex/pi.o
  CC      lib/math/int_log.o
  CC      lib/math/int_pow.o
  CC      lib/crypto/sha1.o
  CC      mm/vma.o
  CC      kernel/time/timer.o
  CC      lib/math/int_sqrt.o
  CC      kernel/time/hrtimer.o
  CC      lib/math/reciprocal_div.o
  CC      net/ethtool/mse.o
  CC      net/core/gso.o
  CC      lib/math/rational.o
  AR      lib/crc/built-in.a
  CC      net/ipv4/icmp.o
  AR      lib/math/tests/built-in.a
  CC      kernel/time/sleep_timeout.o
  CC      fs/file_attr.o
  CC      fs/fserror.o
  CC      fs/nullfs.o
  CC      lib/crypto/sha256.o
  AR      drivers/net/mdio/built-in.a
  AR      drivers/net/pcs/built-in.a
  CC      mm/vma_exec.o
  AR      drivers/net/built-in.a
  AR      drivers/cdrom/built-in.a
  CC      kernel/futex/requeue.o
  AR      drivers/auxdisplay/built-in.a
  AR      drivers/usb/built-in.a
  CC      drivers/input/serio/serio.o
  CC      net/ipv6/sysctl_net_ipv6.o
  AR      lib/math/built-in.a
  CC      net/core/net-sysfs.o
  CC      drivers/input/input.o
  AR      lib/tests/built-in.a
  CC      net/ipv6/proc.o
  CC      kernel/up.o
  AR      net/ethtool/built-in.a
  CC      drivers/input/input-compat.o
  CC      kernel/time/timekeeping.o
  CC      kernel/time/ntp.o
  AR      lib/crypto/built-in.a
  CC      drivers/input/input-mt.o
  CC      lib/vdso/datastore.o
  CC      fs/proc_namespace.o
  CC      kernel/futex/waitwake.o
  CC      mm/mseal.o
  AR      fs/notify/dnotify/built-in.a
  AR      fs/notify/inotify/built-in.a
  AR      fs/notify/fanotify/built-in.a
  AR      fs/notify/built-in.a
  CC      net/ipv6/sit.o
  CC      drivers/input/serio/serport.o
  CC      kernel/time/clocksource.o
  AR      drivers/i2c/algos/built-in.a
  AR      drivers/i2c/busses/built-in.a
  AR      drivers/i2c/muxes/built-in.a
  AR      drivers/i2c/built-in.a
  CC      kernel/cgroup/cgroup.o
  CC      mm/page_alloc.o
  CC      net/ipv4/devinet.o
  AR      lib/vdso/built-in.a
  AR      lib/raid/xor/tests/built-in.a
  AR      lib/raid/xor/built-in.a
  AR      lib/raid/raid6/built-in.a
  CC      net/core/hotdata.o
  AR      lib/raid/built-in.a
  CC      net/ipv4/af_inet.o
  CC      lib/iomap_copy.o
  CC      mm/page_frag_cache.o
  AR      kernel/futex/built-in.a
  CC      drivers/input/serio/libps2.o
  CC      drivers/input/input-poller.o
  CC      fs/anon_inodes.o
  CC      drivers/input/ff-core.o
  CC      fs/binfmt_script.o
  CC      kernel/time/jiffies.o
  CC      net/ipv4/igmp.o
  CC      kernel/cgroup/rstat.o
  CC      lib/devres.o
  CC      kernel/utsname_sysctl.o
  CC      kernel/time/timer_list.o
  CC      fs/binfmt_elf.o
  AR      drivers/input/serio/built-in.a
  AR      drivers/i3c/built-in.a
  CC      fs/drop_caches.o
  CC      drivers/input/touchscreen.o
  CC      net/ipv6/addrconf_core.o
  CC      net/core/netdev_config.o
  CC      net/ipv4/fib_frontend.o
  CC      kernel/cgroup/namespace.o
  CC      net/ipv6/exthdrs_core.o
  CC      lib/hweight.o
  CC      mm/init-mm.o
  CC      lib/bitrev.o
  CC      kernel/time/timeconv.o
  CC      drivers/input/touch-overlay.o
  CC      kernel/time/timecounter.o
  CC      kernel/time/alarmtimer.o
  CC      drivers/input/vivaldi-fmap.o
  CC      drivers/input/keyboard/atkbd.o
  CC      kernel/time/posix-stubs.o
  CC      mm/memblock.o
  AR      drivers/media/i2c/built-in.a
  CC      lib/xxhash.o
  CC      kernel/cgroup/cgroup-v1.o
  AR      drivers/media/tuners/built-in.a
  CC      net/core/netdev_rx_queue.o
  AR      drivers/media/rc/keymaps/built-in.a
  AR      drivers/media/rc/built-in.a
  AR      drivers/media/common/b2c2/built-in.a
  AR      drivers/media/common/saa7146/built-in.a
  CC      fs/sysctls.o
  CC      mm/slub.o
  AR      drivers/media/common/siano/built-in.a
  AR      drivers/media/common/v4l2-tpg/built-in.a
  AR      drivers/media/common/videobuf2/built-in.a
  CC      net/ipv4/fib_semantics.o
  AR      drivers/media/common/built-in.a
  CC      kernel/cgroup/freezer.o
  AR      drivers/media/platform/allegro-dvt/built-in.a
  AR      drivers/media/platform/amd/isp4/built-in.a
  AR      drivers/media/platform/amd/built-in.a
  AR      drivers/media/platform/amlogic/c3/isp/built-in.a
  CC      net/ipv6/ip6_checksum.o
  AR      drivers/media/platform/amlogic/c3/mipi-adapter/built-in.a
  AR      drivers/media/platform/amlogic/c3/mipi-csi2/built-in.a
  AR      drivers/media/platform/amlogic/c3/built-in.a
  AR      drivers/media/platform/amlogic/meson-ge2d/built-in.a
  CC      kernel/irq_work.o
  AR      drivers/media/platform/amlogic/built-in.a
  CC      kernel/bpf/core.o
  AR      drivers/media/platform/amphion/built-in.a
  AR      drivers/media/platform/arm/mali-c55/built-in.a
  AR      drivers/media/platform/arm/built-in.a
  AR      fs/iomap/built-in.a
  AR      fs/quota/built-in.a
  AR      drivers/media/platform/aspeed/built-in.a
  CC      fs/proc/task_mmu.o
  AR      drivers/media/platform/atmel/built-in.a
  AR      drivers/media/platform/broadcom/built-in.a
  AR      drivers/media/platform/cadence/built-in.a
  CC      fs/proc/inode.o
  AR      drivers/media/platform/chips-media/coda/built-in.a
  AR      drivers/media/platform/chips-media/wave5/built-in.a
  AR      drivers/media/platform/chips-media/built-in.a
  AR      drivers/media/platform/imagination/built-in.a
  AR      drivers/media/platform/intel/built-in.a
  AR      drivers/media/platform/marvell/built-in.a
  AR      drivers/media/platform/mediatek/jpeg/built-in.a
  AR      drivers/media/platform/mediatek/mdp/built-in.a
  AR      drivers/media/platform/mediatek/vcodec/common/built-in.a
  CC      kernel/time/clockevents.o
  AR      drivers/media/platform/mediatek/vcodec/encoder/built-in.a
  AR      drivers/media/platform/mediatek/vcodec/decoder/built-in.a
  AR      drivers/media/platform/mediatek/vcodec/built-in.a
  CC      lib/zlib_inflate/inffast.o
  AR      drivers/media/platform/mediatek/vpu/built-in.a
  AR      drivers/media/platform/mediatek/mdp3/built-in.a
  CC      net/core/netdev_queues.o
  AR      drivers/media/platform/mediatek/built-in.a
  AR      drivers/media/platform/microchip/built-in.a
  AR      drivers/media/platform/nuvoton/built-in.a
  AR      drivers/media/platform/nvidia/tegra-vde/built-in.a
  AR      drivers/media/platform/nvidia/built-in.a
  AR      drivers/input/keyboard/built-in.a
  AR      drivers/media/platform/nxp/dw100/built-in.a
  CC      drivers/input/mouse/psmouse-base.o
  AR      drivers/media/platform/nxp/imx-jpeg/built-in.a
  AR      drivers/media/platform/nxp/imx8-isi/built-in.a
  AR      drivers/media/platform/nxp/built-in.a
  CC      lib/zlib_inflate/inflate.o
  AR      drivers/media/platform/qcom/camss/built-in.a
  AR      drivers/media/platform/qcom/iris/built-in.a
  AR      drivers/media/platform/qcom/venus/built-in.a
  AR      drivers/media/platform/qcom/built-in.a
  AR      drivers/media/platform/raspberrypi/pisp_be/built-in.a
  AR      drivers/media/platform/raspberrypi/rp1-cfe/built-in.a
  AR      drivers/media/platform/raspberrypi/built-in.a
  AR      drivers/media/platform/renesas/rcar-isp/built-in.a
  CC      drivers/input/mouse/synaptics.o
  CC      fs/kernfs/mount.o
  AR      drivers/media/platform/renesas/rcar-vin/built-in.a
  AR      drivers/media/platform/renesas/rzg2l-cru/built-in.a
  AR      kernel/cgroup/built-in.a
  AR      drivers/media/pci/ttpci/built-in.a
  AR      drivers/media/platform/renesas/rzv2h-ivc/built-in.a
  AR      drivers/media/pci/b2c2/built-in.a
  AR      drivers/media/platform/renesas/vsp1/built-in.a
  CC      drivers/input/mouse/focaltech.o
  AR      drivers/media/platform/renesas/built-in.a
  AR      drivers/media/usb/b2c2/built-in.a
  AR      drivers/media/pci/pluto2/built-in.a
  AR      drivers/media/usb/dvb-usb/built-in.a
  AR      drivers/media/pci/dm1105/built-in.a
  AR      drivers/media/platform/rockchip/rga/built-in.a
  AR      drivers/media/usb/dvb-usb-v2/built-in.a
  AR      drivers/media/pci/pt1/built-in.a
  AR      drivers/media/platform/rockchip/rkcif/built-in.a
  AR      drivers/media/platform/rockchip/rkisp1/built-in.a
  AR      drivers/media/usb/s2255/built-in.a
  AR      drivers/media/pci/pt3/built-in.a
  AR      drivers/media/platform/rockchip/rkvdec/built-in.a
  AR      drivers/media/pci/mantis/built-in.a
  AR      drivers/media/usb/siano/built-in.a
  AR      drivers/media/platform/rockchip/built-in.a
  AR      drivers/media/pci/ngene/built-in.a
  AR      drivers/media/usb/ttusb-budget/built-in.a
  AR      drivers/media/mmc/siano/built-in.a
  AR      drivers/media/platform/samsung/exynos-gsc/built-in.a
  AR      drivers/media/usb/ttusb-dec/built-in.a
  AR      drivers/media/pci/ddbridge/built-in.a
  AR      drivers/media/mmc/built-in.a
  AR      drivers/media/usb/built-in.a
  AR      drivers/media/platform/samsung/exynos4-is/built-in.a
  CC      fs/kernfs/inode.o
  CC      fs/kernfs/dir.o
  AR      drivers/media/pci/saa7146/built-in.a
  AR      drivers/media/platform/samsung/s3c-camif/built-in.a
  AR      drivers/media/pci/smipcie/built-in.a
  AR      drivers/media/pci/netup_unidvb/built-in.a
  AR      drivers/media/platform/samsung/s5p-g2d/built-in.a
  CC      lib/zlib_inflate/infutil.o
  AR      drivers/media/platform/samsung/s5p-jpeg/built-in.a
  AR      drivers/media/pci/intel/ipu3/built-in.a
  AR      drivers/media/platform/samsung/s5p-mfc/built-in.a
  AR      drivers/media/pci/intel/ivsc/built-in.a
  AR      drivers/media/platform/samsung/built-in.a
  AR      drivers/media/pci/intel/built-in.a
  AR      drivers/media/pci/built-in.a
  CC      kernel/time/tick-common.o
  AR      drivers/media/platform/st/sti/bdisp/built-in.a
  AR      drivers/media/platform/st/sti/delta/built-in.a
  CC      net/ipv4/fib_trie.o
  AR      drivers/media/platform/st/sti/hva/built-in.a
  AR      drivers/media/platform/st/stm32/built-in.a
  AR      drivers/media/platform/st/built-in.a
  CC      net/ipv6/ip6_icmp.o
  AR      drivers/media/platform/sunxi/sun4i-csi/built-in.a
  AR      drivers/media/platform/sunxi/sun6i-csi/built-in.a
  AR      drivers/media/platform/sunxi/sun6i-mipi-csi2/built-in.a
  AR      drivers/media/platform/sunxi/sun8i-a83t-mipi-csi2/built-in.a
  AR      drivers/media/platform/sunxi/sun8i-di/built-in.a
  AR      drivers/media/platform/sunxi/sun8i-rotate/built-in.a
  AR      drivers/media/platform/sunxi/built-in.a
  AR      drivers/media/platform/synopsys/hdmirx/built-in.a
  AR      drivers/media/platform/synopsys/built-in.a
  AR      drivers/media/platform/ti/am437x/built-in.a
  AR      drivers/media/platform/ti/cal/built-in.a
  CC      lib/zlib_inflate/inftrees.o
  AR      drivers/media/platform/ti/vpe/built-in.a
  AR      drivers/media/platform/ti/davinci/built-in.a
  AR      drivers/media/platform/ti/j721e-csi2rx/built-in.a
  CC      fs/proc/root.o
  AR      drivers/media/platform/ti/omap/built-in.a
  AR      drivers/media/platform/ti/omap3isp/built-in.a
  CC      net/core/net-procfs.o
  AR      drivers/media/platform/ti/built-in.a
  AR      drivers/media/platform/verisilicon/built-in.a
  CC      drivers/input/mouse/alps.o
  AR      drivers/media/platform/via/built-in.a
  CC      mm/dmapool.o
  AR      drivers/media/platform/xilinx/built-in.a
  AR      drivers/media/platform/built-in.a
  AR      drivers/ptp/built-in.a
  AR      drivers/media/firewire/built-in.a
  AR      drivers/media/spi/built-in.a
  CC      kernel/time/sched_clock.o
  AR      drivers/media/test-drivers/built-in.a
  CC      lib/zlib_inflate/inflate_syms.o
  AR      drivers/media/built-in.a
  AR      drivers/power/built-in.a
  CC      net/ipv4/fib_notifier.o
  CC      net/core/dst_cache.o
  CC      net/core/gro_cells.o
  CC      net/ipv4/inet_fragment.o
  CC      net/ipv4/ping.o
  AR      kernel/bpf/built-in.a
  CC      net/ipv6/output_core.o
  CC      drivers/input/mouse/byd.o
  CC      kernel/time/vsyscall.o
  AR      lib/zlib_inflate/built-in.a
  CC      fs/kernfs/file.o
  CC      lib/lzo/lzo1x_decompress_safe.o
  CC      fs/devpts/inode.o
  CC      mm/early_ioremap.o
  CC      fs/proc/base.o
  AR      kernel/time/built-in.a
  CC      kernel/iomem.o
  CC      net/ipv6/protocol.o
  CC      mm/ioremap.o
  AR      drivers/mmc/built-in.a
  CC      drivers/input/mouse/logips2pp.o
  CC      net/core/of_net.o
  CC      fs/kernfs/symlink.o
  AR      lib/lzo/built-in.a
  CC      lib/lz4/lz4_decompress.o
  CC      fs/ramfs/inode.o
  CC      fs/proc/generic.o
  CC      fs/ramfs/file-mmu.o
  AR      fs/devpts/built-in.a
  CC      net/ipv6/ip6_offload.o
  AR      drivers/ufs/built-in.a
  CC      lib/zstd/zstd_decompress_module.o
  CC      lib/xz/xz_dec_syms.o
  AR      mm/built-in.a
  AR      kernel/built-in.a
  CC      lib/xz/xz_dec_stream.o
  CC      drivers/input/mouse/trackpoint.o
  CC      fs/proc/array.o
  CC      net/ipv4/ip_tunnel_core.o
  AR      fs/unicode/built-in.a
  AR      drivers/firmware/arm_ffa/built-in.a
  AR      drivers/firmware/arm_scmi/built-in.a
  AR      drivers/firmware/broadcom/built-in.a
  AR      drivers/firmware/cirrus/test/built-in.a
  AR      drivers/firmware/cirrus/built-in.a
  AR      fs/kernfs/built-in.a
  CC      net/ipv6/exthdrs_offload.o
  AR      drivers/firmware/meson/built-in.a
  CC      net/ipv6/inet6_hashtables.o
  CC      lib/xz/xz_dec_lzma2.o
  AR      drivers/firmware/microchip/built-in.a
  CC      drivers/firmware/efi/efi.o
  CC      drivers/firmware/efi/vars.o
  CC      lib/syscall.o
  CC      lib/zstd/decompress/huf_decompress.o
  AR      net/core/built-in.a
  CC      lib/zstd/decompress/zstd_ddict.o
  CC      drivers/firmware/efi/reboot.o
  CC      drivers/clocksource/timer-of.o
  CC      drivers/firmware/efi/memattr.o
  CC      lib/zstd/decompress/zstd_decompress.o
  AR      fs/ramfs/built-in.a
  CC      lib/zstd/decompress/zstd_decompress_block.o
  CC      drivers/firmware/efi/tpm.o
  CC      lib/zstd/zstd_common_module.o
  CC      drivers/input/mouse/cypress_ps2.o
  AR      lib/lz4/built-in.a
  CC      fs/proc/fd.o
  CC      drivers/firmware/efi/memmap.o
  CC      lib/xz/xz_dec_bcj.o
  CC      drivers/hid/hid-core.o
  CC      drivers/clocksource/timer-probe.o
  CC      drivers/hid/hid-input.o
  CC      net/ipv4/gre_offload.o
  CC      lib/zstd/common/debug.o
  CC      net/ipv6/mcast_snoop.o
  CC      lib/zstd/common/entropy_common.o
  CC      lib/nlattr.o
  CC      lib/zstd/common/error_private.o
  CC      drivers/clocksource/timer-riscv.o
  CC      drivers/hid/hid-quirks.o
  CC      fs/proc/proc_tty.o
  CC      lib/zstd/common/fse_decompress.o
  AR      fs/hostfs/built-in.a
  CC      lib/zstd/common/zstd_common.o
  AR      drivers/firmware/imx/built-in.a
  AR      lib/zstd/built-in.a
  CC      lib/checksum.o
  CC      fs/proc/cmdline.o
  AR      lib/xz/built-in.a
  CC      drivers/of/base.o
  AR      drivers/input/mouse/built-in.a
  AR      drivers/input/built-in.a
  CC      net/ipv4/metrics.o
  CC      drivers/hid/hid-generic.o
  AR      drivers/firmware/psci/built-in.a
  CC      drivers/firmware/efi/fdtparams.o
  CC      fs/proc/consoles.o
  CC      lib/dim/dim.o
  CC      fs/proc/cpuinfo.o
  CC      net/ipv4/netlink.o
  AR      drivers/clocksource/built-in.a
  CC      drivers/firmware/efi/esrt.o
  AR      drivers/platform/built-in.a
  AR      drivers/firmware/qcom/built-in.a
  CC      lib/dim/net_dim.o
  CC      drivers/of/cpu.o
  CC      drivers/firmware/efi/runtime-wrappers.o
  CC      net/ipv4/nexthop.o
  AR      drivers/virt/vboxguest/built-in.a
  AR      drivers/virt/coco/built-in.a
  AR      net/ipv6/built-in.a
  AR      drivers/virt/built-in.a
  CC      drivers/of/device.o
  AR      drivers/firmware/samsung/built-in.a
  CC      drivers/firmware/efi/efi-init.o
  CC      lib/dim/rdma_dim.o
  CC      fs/proc/devices.o
  CC      net/ipv4/udp_tunnel_stub.o
  CC      lib/strncpy_from_user.o
  CC      drivers/of/module.o
  CC      drivers/firmware/efi/riscv-runtime.o
  AR      drivers/hid/built-in.a
  AR      drivers/hwtracing/intel_th/built-in.a
  CC      net/ipv4/ip_tunnel.o
  CC      drivers/of/platform.o
  CC      lib/strnlen_user.o
  AR      drivers/firmware/smccc/built-in.a
  CC      fs/proc/loadavg.o
  AR      drivers/android/built-in.a
  CC      drivers/of/property.o
  CC      fs/proc/meminfo.o
  AR      lib/dim/built-in.a
  CC      lib/net_utils.o
  CC      lib/fonts/fonts.o
  CC      drivers/of/fdt.o
  AR      drivers/firmware/tegra/built-in.a
  DTC     drivers/of/empty_root.dtb
  CC      drivers/of/fdt_address.o
  CC      net/ipv4/sysctl_net_ipv4.o
  CC      net/ipv4/proc.o
  CC      net/ipv4/tunnel4.o
  CC      drivers/firmware/efi/earlycon.o
  CC      fs/proc/stat.o
  CC      lib/fonts/font_8x16.o
  AR      drivers/firmware/xilinx/built-in.a
  CC      lib/ucs2_string.o
  CC      net/ipv4/inet_diag.o
  CC      drivers/firmware/efi/libstub/alignedmem.o
  CC      lib/group_cpus.o
  CC      net/ipv4/tcp_diag.o
  CC      drivers/firmware/efi/libstub/efi-stub-entry.o
  CC      fs/proc/uptime.o
  CC      drivers/of/address.o
  AR      lib/fonts/built-in.a
  AR      drivers/resctrl/built-in.a
  CC      drivers/firmware/efi/libstub/efi-stub-helper.o
  CC      net/ipv4/tcp_cubic.o
  CC      fs/proc/util.o
  CC      lib/devmem_is_allowed.o
  AR      lib/lib.a
  CC      drivers/of/irq.o
  CC      drivers/firmware/efi/libstub/efi-stub.o
  CC      drivers/of/of_reserved_mem.o
  AR      drivers/firmware/efi/built-in.a
  CC      fs/proc/version.o
  WRAP    drivers/of/empty_root.dtb.S
  CC      drivers/firmware/efi/libstub/fdt.o
  CC      fs/proc/softirqs.o
  CC      drivers/firmware/efi/libstub/file.o
  AS      drivers/of/empty_root.dtb.o
  CC      fs/proc/namespaces.o
  CC      fs/proc/self.o
  CC      drivers/firmware/efi/libstub/gop.o
  AR      lib/built-in.a
  CC      drivers/firmware/efi/libstub/intrinsics.o
  CC      fs/proc/thread_self.o
  CC      drivers/firmware/efi/libstub/kaslr.o
  CC      fs/proc/proc_sysctl.o
  CC      drivers/firmware/efi/libstub/lib-cmdline.o
  CC      fs/proc/proc_net.o
  CC      drivers/firmware/efi/libstub/lib-ctype.o
  CC      fs/proc/kmsg.o
  CC      drivers/firmware/efi/libstub/lib-fdt.o
  CC      drivers/firmware/efi/libstub/lib-fdt_empty_tree.o
  CC      fs/proc/page.o
  AR      drivers/of/built-in.a
  CC      drivers/firmware/efi/libstub/lib-fdt_ro.o
  CC      drivers/firmware/efi/libstub/lib-fdt_rw.o
  CC      drivers/firmware/efi/libstub/lib-fdt_sw.o
  CC      drivers/firmware/efi/libstub/lib-fdt_wip.o
  CC      drivers/firmware/efi/libstub/mem.o
  CC      drivers/firmware/efi/libstub/pci.o
  CC      drivers/firmware/efi/libstub/primary_display.o
  CC      drivers/firmware/efi/libstub/printk.o
  CC      drivers/firmware/efi/libstub/random.o
  CC      drivers/firmware/efi/libstub/randomalloc.o
  AR      net/ipv4/built-in.a
  CC      drivers/firmware/efi/libstub/riscv-stub.o
  AR      net/built-in.a
  CC      drivers/firmware/efi/libstub/riscv.o
  CC      drivers/firmware/efi/libstub/secureboot.o
  CC      drivers/firmware/efi/libstub/skip_spaces.o
  CC      drivers/firmware/efi/libstub/string.o
  CC      drivers/firmware/efi/libstub/systable.o
  CC      drivers/firmware/efi/libstub/tpm.o
  CC      drivers/firmware/efi/libstub/vsprintf.o
  STUBCPY drivers/firmware/efi/libstub/alignedmem.stub.o
  STUBCPY drivers/firmware/efi/libstub/efi-stub-entry.stub.o
  STUBCPY drivers/firmware/efi/libstub/efi-stub-helper.stub.o
  STUBCPY drivers/firmware/efi/libstub/efi-stub.stub.o
  STUBCPY drivers/firmware/efi/libstub/fdt.stub.o
  STUBCPY drivers/firmware/efi/libstub/file.stub.o
  STUBCPY drivers/firmware/efi/libstub/gop.stub.o
  STUBCPY drivers/firmware/efi/libstub/intrinsics.stub.o
  STUBCPY drivers/firmware/efi/libstub/kaslr.stub.o
  STUBCPY drivers/firmware/efi/libstub/lib-cmdline.stub.o
  STUBCPY drivers/firmware/efi/libstub/lib-ctype.stub.o
  STUBCPY drivers/firmware/efi/libstub/lib-fdt.stub.o
  STUBCPY drivers/firmware/efi/libstub/lib-fdt_empty_tree.stub.o
  STUBCPY drivers/firmware/efi/libstub/lib-fdt_ro.stub.o
  STUBCPY drivers/firmware/efi/libstub/lib-fdt_rw.stub.o
  STUBCPY drivers/firmware/efi/libstub/lib-fdt_sw.stub.o
  STUBCPY drivers/firmware/efi/libstub/lib-fdt_wip.stub.o
  STUBCPY drivers/firmware/efi/libstub/mem.stub.o
  STUBCPY drivers/firmware/efi/libstub/random.stub.o
  STUBCPY drivers/firmware/efi/libstub/skip_spaces.stub.o
  STUBCPY drivers/firmware/efi/libstub/string.stub.o
  STUBCPY drivers/firmware/efi/libstub/pci.stub.o
  STUBCPY drivers/firmware/efi/libstub/vsprintf.stub.o
  STUBCPY drivers/firmware/efi/libstub/printk.stub.o
  STUBCPY drivers/firmware/efi/libstub/randomalloc.stub.o
  STUBCPY drivers/firmware/efi/libstub/primary_display.stub.o
  STUBCPY drivers/firmware/efi/libstub/riscv-stub.stub.o
  STUBCPY drivers/firmware/efi/libstub/riscv.stub.o
  STUBCPY drivers/firmware/efi/libstub/secureboot.stub.o
  AR      fs/proc/built-in.a
  AR      fs/built-in.a
  STUBCPY drivers/firmware/efi/libstub/systable.stub.o
  STUBCPY drivers/firmware/efi/libstub/tpm.stub.o
  AR      drivers/firmware/efi/libstub/lib.a
  AR      drivers/firmware/built-in.a
  AR      drivers/built-in.a
  AR      built-in.a
  AR      built-in-fixup.a
  COPY    vmlinux.a
  LD      vmlinux.o
  MODPOST vmlinux.symvers
  CC      .vmlinux.export.o
  UPD     include/generated/utsversion.h
  CC      init/version-timestamp.o
  LD      vmlinux.unstripped
  NM      System.map
  SORTTAB vmlinux.unstripped
  OBJCOPY vmlinux
  GEN     modules.builtin.modinfo
  GEN     modules.builtin
  OBJCOPY arch/riscv/boot/Image
  Kernel: arch/riscv/boot/Image is ready
make[4]: Leaving directory '/home/benni/git/kernel-test/build/tinynsconfig-riscv'
make[3]: Leaving directory '/home/benni/git/linux'
