make[4]: Entering directory '/home/benni/git/linux-stable-rc'
make[5]: Entering directory '/home/benni/git/kernel-test-stable-rc/build/rand500nsconfig-arm64'
  UPD     /home/benni/git/kernel-test-stable-rc/build/rand500nsconfig-arm64/Makefile
  HOSTCC  scripts/basic/fixdep
  HOSTCC  scripts/kconfig/conf.o
  HOSTCC  scripts/kconfig/confdata.o
  HOSTCC  scripts/kconfig/expr.o
  LEX     scripts/kconfig/lexer.lex.c
  YACC    scripts/kconfig/parser.tab.[ch]
  HOSTCC  scripts/kconfig/lexer.lex.o
  HOSTCC  scripts/kconfig/menu.o
  HOSTCC  scripts/kconfig/parser.tab.o
  HOSTCC  scripts/kconfig/preprocess.o
  HOSTCC  scripts/kconfig/symbol.o
  HOSTCC  scripts/kconfig/util.o
  HOSTLD  scripts/kconfig/conf
#
# configuration written to .config
#
Using .config as base
Merging /home/benni/git/linux-stable-rc/kernel/configs/tiny.config
Value of CONFIG_CC_OPTIMIZE_FOR_SIZE is redefined by fragment /home/benni/git/linux-stable-rc/kernel/configs/tiny.config:
Previous value: # CONFIG_CC_OPTIMIZE_FOR_SIZE is not set
New value: CONFIG_CC_OPTIMIZE_FOR_SIZE=y

Value of CONFIG_SLUB_TINY is redefined by fragment /home/benni/git/linux-stable-rc/kernel/configs/tiny.config:
Previous value: # CONFIG_SLUB_TINY is not set
New value: CONFIG_SLUB_TINY=y

#
# merged configuration written to .config (needs make)
#
#
# configuration written to .config
#
make[5]: Leaving directory '/home/benni/git/kernel-test-stable-rc/build/rand500nsconfig-arm64'
make[4]: Leaving directory '/home/benni/git/linux-stable-rc'
make[4]: Entering directory '/home/benni/git/linux-stable-rc'
make[5]: Entering directory '/tmp/tmp.FI8cKXSJe5'
  UPD     /tmp/tmp.FI8cKXSJe5/Makefile
  HOSTCC  scripts/basic/fixdep
  HOSTCC  scripts/kconfig/conf.o
  HOSTCC  scripts/kconfig/confdata.o
  HOSTCC  scripts/kconfig/expr.o
  LEX     scripts/kconfig/lexer.lex.c
  YACC    scripts/kconfig/parser.tab.[ch]
  HOSTCC  scripts/kconfig/lexer.lex.o
  HOSTCC  scripts/kconfig/menu.o
  HOSTCC  scripts/kconfig/parser.tab.o
  HOSTCC  scripts/kconfig/preprocess.o
  HOSTCC  scripts/kconfig/symbol.o
  HOSTCC  scripts/kconfig/util.o
  HOSTLD  scripts/kconfig/conf
KCONFIG_SEED=0x9590DC46
#
# configuration written to .config
#
make[5]: Leaving directory '/tmp/tmp.FI8cKXSJe5'
make[4]: Leaving directory '/home/benni/git/linux-stable-rc'
make[4]: Entering directory '/home/benni/git/linux-stable-rc'
make[5]: Entering directory '/tmp/tmp.FI8cKXSJe5'
.config:9698:warning: override: reassigning to symbol PRINTK
.config:9702:warning: override: reassigning to symbol TTY
.config:9705:warning: override: reassigning to symbol BLK_DEV_INITRD
.config:9706:warning: override: reassigning to symbol RD_GZIP
.config:9709:warning: override: reassigning to symbol BINFMT_ELF
.config:9710:warning: override: reassigning to symbol BINFMT_SCRIPT
.config:9713:warning: override: reassigning to symbol TMPFS
.config:9716:warning: override: reassigning to symbol KERNEL_GZIP
.config:9727:warning: override: reassigning to symbol KERNEL_ZSTD
.config:9730:warning: override: reassigning to symbol MODULES
.config:9733:warning: override: reassigning to symbol DRM
.config:9734:warning: override: reassigning to symbol SOUND
.config:9735:warning: override: reassigning to symbol STAGING
.config:9737:warning: override: reassigning to symbol MEDIA_SUPPORT
.config:9743:warning: override: reassigning to symbol KCOV
.config:9746:warning: override: reassigning to symbol KCSAN
.config:9747:warning: override: reassigning to symbol KFENCE
.config:9748:warning: override: reassigning to symbol UBSAN
.config:9755:warning: override: reassigning to symbol RCU_TORTURE_TEST
.config:9756:warning: override: reassigning to symbol RCU_SCALE_TEST
.config:9757:warning: override: reassigning to symbol LOCK_TORTURE_TEST
.config:9767:warning: override: reassigning to symbol DEBUG_PREEMPT
.config:9768:warning: override: reassigning to symbol DEBUG_ATOMIC_SLEEP
.config:9775:warning: override: reassigning to symbol KUNIT
.config:9783:warning: override: reassigning to symbol OF_UNITTEST
#
# configuration written to .config
#
make[5]: Leaving directory '/tmp/tmp.FI8cKXSJe5'
make[4]: Leaving directory '/home/benni/git/linux-stable-rc'
make[4]: Entering directory '/home/benni/git/linux-stable-rc'
make[5]: Entering directory '/home/benni/git/kernel-test-stable-rc/build/rand500nsconfig-arm64'
.config:1561:warning: override: reassigning to symbol MEMFD_CREATE
.config:1562:warning: override: reassigning to symbol NEED_SG_DMA_LENGTH
.config:1584:warning: override: reassigning to symbol LRU_GEN
.config:1589:warning: override: reassigning to symbol MHI_BUS_EP
.config:1594:warning: override: reassigning to symbol SUSPEND
.config:1610:warning: override: reassigning to symbol HAVE_ARCH_SECCOMP_FILTER
.config:1611:warning: override: reassigning to symbol SSB
.config:1615:warning: override: reassigning to symbol KEXEC_FILE
.config:1618:warning: override: reassigning to symbol CC_HAS_COUNTED_BY
.config:1641:warning: override: reassigning to symbol GENERIC_SCHED_CLOCK
.config:1650:warning: override: reassigning to symbol GENERIC_EARLY_IOREMAP
.config:1652:warning: override: reassigning to symbol HAVE_DMA_CONTIGUOUS
.config:1658:warning: override: reassigning to symbol TCG_TPM
.config:1659:warning: override: reassigning to symbol HAS_IOPORT
.config:1668:warning: override: reassigning to symbol HAVE_REGS_AND_STACK_ACCESS_API
.config:1677:warning: override: reassigning to symbol STACKTRACE_SUPPORT
.config:1680:warning: override: reassigning to symbol XEN
.config:1687:warning: override: reassigning to symbol HWSPINLOCK
.config:1692:warning: override: reassigning to symbol HAVE_ARCH_KGDB
.config:1700:warning: override: reassigning to symbol ARCH_HAVE_ELF_PROT
.config:1702:warning: override: reassigning to symbol ARCH_BINFMT_ELF_EXTRA_PHDRS
.config:1716:warning: override: reassigning to symbol HAVE_LIVEPATCH
.config:1725:warning: override: reassigning to symbol FUJITSU_ERRATUM_010001
.config:1732:warning: override: reassigning to symbol GCC_SUPPORTS_DYNAMIC_FTRACE_WITH_ARGS
.config:1736:warning: override: reassigning to symbol BCMA_POSSIBLE
.config:1749:warning: override: reassigning to symbol DTC
.config:1767:warning: override: reassigning to symbol ARCH_TEGRA
.config:1769:warning: override: reassigning to symbol ARM_GIC_V5
.config:1779:warning: override: reassigning to symbol GENERIC_IRQ_PROBE
.config:1782:warning: override: reassigning to symbol MFD_SYSCON
.config:1794:warning: override: reassigning to symbol AS_HAS_NON_CONST_ULEB128
.config:1807:warning: override: reassigning to symbol HAVE_EXTRA_IPI_TRACEPOINTS
.config:1808:warning: override: reassigning to symbol HAVE_PREEMPT_DYNAMIC
.config:1810:warning: override: reassigning to symbol HAVE_CMPXCHG_DOUBLE
.config:1816:warning: override: reassigning to symbol MFD_TQMX86
.config:1819:warning: override: reassigning to symbol ARM_GIC_ITS_PARENT
.config:1827:warning: override: reassigning to symbol HAVE_ARCH_BITREVERSE
.config:1828:warning: override: reassigning to symbol PHY_PXA_28NM_USB2
.config:1835:warning: override: reassigning to symbol GENERIC_MSI_IRQ
.config:1852:warning: override: reassigning to symbol 64BIT
.config:1856:warning: override: reassigning to symbol MTD
.config:1859:warning: override: reassigning to symbol DEBUG_SPINLOCK
.config:1872:warning: override: reassigning to symbol POWER_RESET
.config:1879:warning: override: reassigning to symbol FRAME_POINTER
.config:1881:warning: override: reassigning to symbol ARCH_HAS_SET_DIRECT_MAP
.config:1914:warning: override: reassigning to symbol KALLSYMS
.config:1917:warning: override: reassigning to symbol CC_CAN_LINK
.config:1921:warning: override: reassigning to symbol ARCH_HAVE_TRACE_MMIO_ACCESS
.config:1923:warning: override: reassigning to symbol FB
.config:1935:warning: override: reassigning to symbol CC_HAS_KASAN_GENERIC
.config:1936:warning: override: reassigning to symbol ARCH_MHP_MEMMAP_ON_MEMORY_ENABLE
.config:1937:warning: override: reassigning to symbol HAVE_MOD_ARCH_SPECIFIC
.config:1952:warning: override: reassigning to symbol DEBUG_VFS
.config:1956:warning: override: reassigning to symbol ARM64_ERRATUM_1165522
.config:1960:warning: override: reassigning to symbol ARCH_SUPPORTS_HUGETLBFS
.config:1968:warning: override: reassigning to symbol SOC_TI
.config:1978:warning: override: reassigning to symbol HAVE_ARCH_HUGE_VMALLOC
.config:1992:warning: override: reassigning to symbol OF_OVERLAY
.config:1998:warning: override: reassigning to symbol ARM64_ERRATUM_1286807
.config:2004:warning: override: reassigning to symbol AS_HAS_CFI_NEGATE_RA_STATE
.config:2019:warning: override: reassigning to symbol USB_OHCI_LITTLE_ENDIAN
.config:2025:warning: override: reassigning to symbol I3C
.config:2028:warning: override: reassigning to symbol OF_EARLY_FLATTREE
.config:2033:warning: override: reassigning to symbol WATCHDOG
.config:2037:warning: override: reassigning to symbol HAVE_ARCH_KCSAN
.config:2040:warning: override: reassigning to symbol JUMP_LABEL
.config:2043:warning: override: reassigning to symbol RUSTC_SUPPORTS_ARM64
.config:2047:warning: override: reassigning to symbol ARCH_WANT_BATCHED_UNMAP_TLB_FLUSH
.config:2052:warning: override: reassigning to symbol HAVE_KRETPROBES
.config:2069:warning: override: reassigning to symbol PRINTK
.config:2073:warning: override: reassigning to symbol TTY
.config:2076:warning: override: reassigning to symbol BLK_DEV_INITRD
.config:2080:warning: override: reassigning to symbol BINFMT_ELF
.config:2081:warning: override: reassigning to symbol BINFMT_SCRIPT
.config:2106:warning: override: reassigning to symbol CGROUPS
.config:2110:warning: override: reassigning to symbol PROC_FS
.config:2111:warning: override: reassigning to symbol NET
.config:2113:warning: override: reassigning to symbol TMPFS
.config:2114:warning: override: reassigning to symbol SYSVIPC
.config:2115:warning: override: reassigning to symbol FUTEX
.config:2123:warning: override: reassigning to symbol ARM64_4K_PAGES
#
# configuration written to .config
#
make[5]: Leaving directory '/home/benni/git/kernel-test-stable-rc/build/rand500nsconfig-arm64'
make[4]: Leaving directory '/home/benni/git/linux-stable-rc'
make[4]: Entering directory '/home/benni/git/linux-stable-rc'
make[5]: Entering directory '/home/benni/git/kernel-test-stable-rc/build/rand500nsconfig-arm64'
  SYNC    include/config/auto.conf
  WRAP    arch/arm64/include/generated/uapi/asm/kvm_para.h
  WRAP    arch/arm64/include/generated/uapi/asm/errno.h
  WRAP    arch/arm64/include/generated/uapi/asm/ioctl.h
  UPD     include/generated/uapi/linux/version.h
  WRAP    arch/arm64/include/generated/uapi/asm/ioctls.h
  WRAP    arch/arm64/include/generated/uapi/asm/ipcbuf.h
  WRAP    arch/arm64/include/generated/uapi/asm/msgbuf.h
  WRAP    arch/arm64/include/generated/uapi/asm/poll.h
  WRAP    arch/arm64/include/generated/uapi/asm/resource.h
  WRAP    arch/arm64/include/generated/uapi/asm/sembuf.h
  WRAP    arch/arm64/include/generated/uapi/asm/shmbuf.h
  WRAP    arch/arm64/include/generated/uapi/asm/siginfo.h
  WRAP    arch/arm64/include/generated/uapi/asm/socket.h
  WRAP    arch/arm64/include/generated/uapi/asm/sockios.h
  WRAP    arch/arm64/include/generated/uapi/asm/stat.h
  WRAP    arch/arm64/include/generated/uapi/asm/swab.h
  WRAP    arch/arm64/include/generated/uapi/asm/termbits.h
  WRAP    arch/arm64/include/generated/uapi/asm/termios.h
  WRAP    arch/arm64/include/generated/uapi/asm/types.h
  SYSHDR  arch/arm64/include/generated/uapi/asm/unistd_64.h
  HOSTCC  scripts/dtc/dtc.o
  HOSTCC  scripts/dtc/flattree.o
  HOSTCC  scripts/dtc/fstree.o
  HOSTCC  scripts/dtc/data.o
  HOSTCC  scripts/dtc/livetree.o
  HOSTCC  scripts/dtc/treesource.o
  UPD     include/generated/compile.h
  HOSTCC  scripts/dtc/srcpos.o
  HOSTCC  scripts/dtc/checks.o
  HOSTCC  scripts/dtc/util.o
  LEX     scripts/dtc/dtc-lexer.lex.c
  YACC    scripts/dtc/dtc-parser.tab.[ch]
  HOSTCC  scripts/dtc/libfdt/fdt.o
  HOSTCC  scripts/dtc/libfdt/fdt_ro.o
  HOSTCC  scripts/dtc/libfdt/fdt_wip.o
  UPD     include/config/kernel.release
  HOSTCC  scripts/dtc/libfdt/fdt_sw.o
  HOSTCC  scripts/dtc/libfdt/fdt_rw.o
  HOSTCC  scripts/dtc/libfdt/fdt_strerror.o
  HOSTCC  scripts/dtc/libfdt/fdt_empty_tree.o
  HOSTCC  scripts/dtc/libfdt/fdt_addresses.o
  HOSTCC  scripts/dtc/libfdt/fdt_overlay.o
  HOSTCC  scripts/dtc/fdtoverlay.o
  UPD     include/generated/utsrelease.h
  HOSTLD  scripts/dtc/fdtoverlay
  WRAP    arch/arm64/include/generated/asm/early_ioremap.h
  WRAP    arch/arm64/include/generated/asm/fprobe.h
  WRAP    arch/arm64/include/generated/asm/mcs_spinlock.h
  WRAP    arch/arm64/include/generated/asm/mmzone.h
  WRAP    arch/arm64/include/generated/asm/qrwlock.h
  WRAP    arch/arm64/include/generated/asm/qspinlock.h
  WRAP    arch/arm64/include/generated/asm/parport.h
  WRAP    arch/arm64/include/generated/asm/user.h
  WRAP    arch/arm64/include/generated/asm/delay.h
  WRAP    arch/arm64/include/generated/asm/device.h
  WRAP    arch/arm64/include/generated/asm/div64.h
  WRAP    arch/arm64/include/generated/asm/dma-mapping.h
  WRAP    arch/arm64/include/generated/asm/dma.h
  WRAP    arch/arm64/include/generated/asm/emergency-restart.h
  WRAP    arch/arm64/include/generated/asm/hw_irq.h
  WRAP    arch/arm64/include/generated/asm/irq_regs.h
  WRAP    arch/arm64/include/generated/asm/kdebug.h
  WRAP    arch/arm64/include/generated/asm/kmap_size.h
  WRAP    arch/arm64/include/generated/asm/local.h
  WRAP    arch/arm64/include/generated/asm/local64.h
  WRAP    arch/arm64/include/generated/asm/mmiowb.h
  WRAP    arch/arm64/include/generated/asm/msi.h
  WRAP    arch/arm64/include/generated/asm/percpu_types.h
  WRAP    arch/arm64/include/generated/asm/serial.h
  WRAP    arch/arm64/include/generated/asm/softirq_stack.h
  WRAP    arch/arm64/include/generated/asm/switch_to.h
  WRAP    arch/arm64/include/generated/asm/trace_clock.h
  WRAP    arch/arm64/include/generated/asm/unwind_user.h
  WRAP    arch/arm64/include/generated/asm/vga.h
  WRAP    arch/arm64/include/generated/asm/video.h
  SYSTBL  arch/arm64/include/generated/asm/syscall_table_32.h
  SYSTBL  arch/arm64/include/generated/asm/syscall_table_64.h
  SYSHDR  arch/arm64/include/generated/asm/unistd_32.h
  SYSHDR  arch/arm64/include/generated/asm/unistd_compat_32.h
  HOSTCC  scripts/dtc/dtc-lexer.lex.o
  HOSTCC  scripts/dtc/dtc-parser.tab.o
  HOSTLD  scripts/dtc/dtc
  HOSTCC  scripts/kallsyms
  HOSTCC  scripts/sorttable.o
  HOSTCC  scripts/elf-parse.o
  HOSTLD  scripts/sorttable
  GEN     arch/arm64/include/generated/asm/cpucap-defs.h
  GEN     arch/arm64/include/generated/asm/kernel-hwcap.h
  GEN     arch/arm64/include/generated/asm/sysreg-defs.h
  CC      scripts/mod/empty.o
  HOSTCC  scripts/mod/mk_elfconfig
  CC      scripts/mod/devicetable-offsets.s
  UPD     scripts/mod/devicetable-offsets.h
  MKELF   scripts/mod/elfconfig.h
  HOSTCC  scripts/mod/modpost.o
  HOSTCC  scripts/mod/file2alias.o
  HOSTCC  scripts/mod/sumversion.o
  HOSTCC  scripts/mod/symsearch.o
  HOSTLD  scripts/mod/modpost
  CC      kernel/bounds.s
  CHKSHA1 /home/benni/git/linux-stable-rc/include/linux/atomic/atomic-arch-fallback.h
  CHKSHA1 /home/benni/git/linux-stable-rc/include/linux/atomic/atomic-instrumented.h
  CHKSHA1 /home/benni/git/linux-stable-rc/include/linux/atomic/atomic-long.h
  UPD     include/generated/timeconst.h
  UPD     include/generated/bounds.h
  CC      arch/arm64/kernel/asm-offsets.s
  UPD     include/generated/asm-offsets.h
  CC      kernel/sched/rq-offsets.s
  UPD     include/generated/rq-offsets.h
  CALL    /home/benni/git/linux-stable-rc/scripts/checksyscalls.sh 
  LDS     arch/arm64/kernel/vdso/vdso.lds
  CC      arch/arm64/kernel/vdso/vgettimeofday.o
  AS      arch/arm64/kernel/vdso/note.o
  AS      arch/arm64/kernel/vdso/sigreturn.o
  CC      arch/arm64/kernel/vdso/vgetrandom.o
  AS      arch/arm64/kernel/vdso/vgetrandom-chacha.o
  LD      arch/arm64/kernel/vdso/vdso.so.dbg
  VDSOSYM include/generated/vdso-offsets.h
  OBJCOPY arch/arm64/kernel/vdso/vdso.so
  HOSTCC  usr/gen_init_cpio
  CC      init/main.o
  AR      certs/built-in.a
  CC      init/do_mounts.o
  CC      mm/filemap.o
  CC      ipc/util.o
  UPD     init/utsversion-tmp.h
  CC      security/commoncap.o
  CC      fs/open.o
  AS      arch/arm64/lib/clear_page.o
  CC      fs/read_write.o
  CC      arch/arm64/mm/dma-mapping.o
  CC      arch/arm64/kernel/debug-monitors.o
  CC      lib/argv_split.o
  AR      arch/arm64/net/built-in.a
  AS      arch/arm64/lib/clear_user.o
  CC      kernel/fork.o
  CC      mm/mempool.o
  CC      crypto/api.o
  CC      mm/oom_kill.o
  AS      arch/arm64/lib/copy_from_user.o
  AS      arch/arm64/lib/copy_page.o
  AS      arch/arm64/lib/copy_to_user.o
  GEN     usr/initramfs_data.cpio
  CC      arch/arm64/lib/csum.o
  COPY    usr/initramfs_inc_data
  AS      usr/initramfs_data.o
  AR      usr/built-in.a
  CC      mm/fadvise.o
  CC      lib/buildid.o
  CC      arch/arm64/lib/delay.o
  CC      arch/arm64/mm/extable.o
  CC      crypto/cipher.o
  AS      arch/arm64/kernel/entry.o
  CC      arch/arm64/lib/insn.o
  CC      arch/arm64/kernel/irq.o
  CC      ipc/msgutil.o
  CC      security/min_addr.o
  CC      fs/file_table.o
  CC      init/do_mounts_initrd.o
  CC      arch/arm64/mm/fault.o
  CC      kernel/exec_domain.o
  CC      arch/arm64/xen/../../arm/xen/enlighten.o
  CC      lib/cmdline.o
  CC      mm/maccess.o
  CC      crypto/algapi.o
  AR      drivers/cache/built-in.a
  AS      arch/arm64/lib/memchr.o
  CC      drivers/irqchip/irqchip.o
  AS      arch/arm64/lib/memcmp.o
  CC      lib/cpumask.o
  AS      arch/arm64/lib/memcpy.o
  AS      arch/arm64/lib/memset.o
  CC      drivers/irqchip/irq-tegra.o
  AS      arch/arm64/lib/strchr.o
  AS      arch/arm64/lib/strcmp.o
  CC      drivers/irqchip/irq-gic.o
  AS      arch/arm64/lib/strlen.o
  AS      arch/arm64/lib/strncmp.o
  CC      arch/arm64/kernel/fpsimd.o
  CC      arch/arm64/xen/../../arm/xen/grant-table.o
  AS      arch/arm64/lib/strnlen.o
  AS      arch/arm64/lib/strrchr.o
  CC      security/device_cgroup.o
  CC      ipc/msg.o
  AS      arch/arm64/lib/tishift.o
  AR      arch/arm64/lib/built-in.a
  AR      arch/arm64/lib/lib.a
  CC      ipc/sem.o
  CC      init/initramfs.o
  CC      arch/arm64/xen/../../arm/xen/p2m.o
  CC      kernel/exec_state.o
  CC      drivers/bus/simple-pm-bus.o
  CC      fs/super.o
  CC      lib/ctype.o
  CC      lib/dec_and_lock.o
  CC      mm/page-writeback.o
  CC      ipc/shm.o
  CC      arch/arm64/mm/init.o
  CC      fs/char_dev.o
  CC      lib/decompress.o
  CC      crypto/scatterwalk.o
  CC      kernel/panic.o
  CC      lib/decompress_bunzip2.o
  CC      arch/arm64/kernel/entry-common.o
  CC      drivers/irqchip/irq-gic-common.o
  CC      drivers/bus/mhi/ep/main.o
  CC      arch/arm64/xen/../../arm/xen/mm.o
  AR      security/built-in.a
  CC      drivers/bus/mhi/ep/mmio.o
  CC      init/calibrate.o
  CC      fs/stat.o
  AS      arch/arm64/mm/cache.o
  CC      crypto/proc.o
  CC      arch/arm64/mm/copypage.o
  CC      init/init_task.o
  CC      drivers/irqchip/irq-gic-pm.o
  CC      drivers/bus/mhi/ep/ring.o
  CC      lib/decompress_inflate.o
  AS      arch/arm64/xen/hypercall.o
  CC      drivers/phy/phy-core.o
  CC      ipc/syscall.o
  AR      drivers/phy/allwinner/built-in.a
  CC      drivers/irqchip/irq-msi-lib.o
  CC      kernel/cpu.o
  CC      mm/folio-compat.o
  AR      arch/arm64/xen/built-in.a
  CC      arch/arm64/mm/flush.o
  CC      arch/arm64/mm/ioremap.o
  CC      arch/arm64/kernel/process.o
  CC      crypto/aead.o
  CC      lib/decompress_unlz4.o
  CC      fs/exec.o
  CC      arch/arm64/mm/mmap.o
  CC      init/version.o
  CC      drivers/irqchip/irq-gic-v3.o
  CC      drivers/pinctrl/core.o
  CC      drivers/bus/mhi/ep/sm.o
  CC      kernel/exit.o
  CC      ipc/ipc_sysctl.o
  CC      drivers/irqchip/irq-gic-v3-mbi.o
  CC      kernel/softirq.o
  AR      drivers/phy/amlogic/built-in.a
  CC      mm/readahead.o
  AR      drivers/phy/apple/built-in.a
  AR      drivers/phy/axiado/built-in.a
  AR      drivers/phy/broadcom/built-in.a
  AR      drivers/phy/cadence/built-in.a
  AR      drivers/phy/canaan/built-in.a
  AR      drivers/phy/eswin/built-in.a
  AR      drivers/phy/freescale/built-in.a
  AR      drivers/phy/hisilicon/built-in.a
  AR      drivers/phy/ingenic/built-in.a
  AR      drivers/phy/intel/built-in.a
  AR      drivers/phy/lantiq/built-in.a
  CC      drivers/phy/marvell/phy-pxa-28nm-usb2.o
  CC      lib/decompress_unlzma.o
  CC      arch/arm64/mm/pgd.o
  AR      init/built-in.a
  AR      drivers/phy/mediatek/built-in.a
  CC      kernel/resource.o
  AR      ipc/built-in.a
  CC      arch/arm64/kernel/ptrace.o
  CC      drivers/irqchip/irq-gic-its-msi-parent.o
  CC      crypto/lskcipher.o
  CC      arch/arm64/crypto/aes-ce-ccm-glue.o
  AR      drivers/bus/mhi/ep/built-in.a
  AR      drivers/bus/mhi/built-in.a
  AR      drivers/bus/built-in.a
  AS      arch/arm64/crypto/aes-ce-ccm-core.o
  CC      drivers/gpio/gpiolib.o
  CC      drivers/pinctrl/pinctrl-utils.o
  CC      lib/decompress_unlzo.o
  CC      arch/arm64/mm/mem_encrypt.o
  AR      sound/built-in.a
  CC      arch/arm64/crypto/aes-glue-ce.o
  CC      arch/arm64/crypto/aes-glue-neon.o
  CC      fs/pipe.o
  CC      mm/swap.o
  AR      drivers/phy/marvell/built-in.a
  AR      drivers/phy/microchip/built-in.a
  AR      drivers/phy/motorola/built-in.a
  CC      drivers/pinctrl/pinmux.o
  AR      drivers/phy/mscc/built-in.a
  AR      drivers/phy/nuvoton/built-in.a
  AR      drivers/phy/qualcomm/built-in.a
  AR      drivers/phy/ralink/built-in.a
  AR      drivers/phy/realtek/built-in.a
  AR      drivers/pwm/built-in.a
  AR      drivers/phy/renesas/built-in.a
  CC      drivers/gpio/gpiolib-devres.o
  AR      drivers/phy/rockchip/built-in.a
  AR      drivers/phy/samsung/built-in.a
  AR      drivers/phy/socionext/built-in.a
  AR      drivers/phy/sophgo/built-in.a
  AR      drivers/phy/spacemit/built-in.a
  AR      drivers/phy/st/built-in.a
  AR      drivers/phy/starfive/built-in.a
  CC      drivers/irqchip/irq-gic-v3-its.o
  AR      drivers/phy/sunplus/built-in.a
  AR      drivers/phy/tegra/built-in.a
  AR      drivers/phy/ti/built-in.a
  CC      drivers/irqchip/irq-gic-v4.o
  AR      drivers/phy/xilinx/built-in.a
  AR      drivers/phy/built-in.a
  CC      drivers/irqchip/irq-gic-v5.o
  CC      net/devres.o
  CC      arch/arm64/kernel/setup.o
  CC      kernel/sysctl.o
  CC      lib/decompress_unxz.o
  CC      arch/arm64/mm/mmu.o
  CC      crypto/skcipher.o
  CC      drivers/pinctrl/pinconf.o
  CC      crypto/ahash.o
  AS      arch/arm64/crypto/aes-neonbs-core.o
  CC      net/socket.o
  CC      arch/arm64/crypto/aes-neonbs-glue.o
  CC      kernel/capability.o
  CC      fs/namei.o
  CC      lib/decompress_unzstd.o
  CC      mm/truncate.o
  CC      drivers/pinctrl/pinconf-generic.o
  CC      arch/arm64/kernel/signal.o
  CC      drivers/pinctrl/devicetree.o
  CC      drivers/gpio/gpiolib-legacy.o
  AR      virt/lib/built-in.a
  AR      virt/built-in.a
  CC      arch/arm64/mm/context.o
  CC      lib/dump_stack.o
  CC      fs/fcntl.o
  AR      arch/arm64/crypto/built-in.a
  CC      crypto/shash.o
  CC      crypto/kpp.o
  CC      mm/vmscan.o
  CC      kernel/ptrace.o
  CC      kernel/user.o
  CC      crypto/algboss.o
  AR      drivers/pinctrl/actions/built-in.a
  AR      drivers/pinctrl/airoha/built-in.a
  AR      drivers/pinctrl/bcm/built-in.a
  AR      drivers/pinctrl/cirrus/built-in.a
  AR      drivers/pinctrl/cix/built-in.a
  AR      drivers/pinctrl/freescale/built-in.a
  AR      drivers/pinctrl/mediatek/built-in.a
  AR      drivers/pinctrl/microchip/built-in.a
  AR      drivers/pinctrl/mvebu/built-in.a
  AR      drivers/pinctrl/nomadik/built-in.a
  AR      drivers/pinctrl/nuvoton/built-in.a
  AR      drivers/pinctrl/nxp/built-in.a
  AR      drivers/pinctrl/qcom/built-in.a
  CC      drivers/gpio/gpiolib-of.o
  AR      drivers/pinctrl/sophgo/built-in.a
  AR      drivers/pinctrl/spacemit/built-in.a
  AR      drivers/pinctrl/sprd/built-in.a
  AR      drivers/pinctrl/starfive/built-in.a
  AR      drivers/pinctrl/sunplus/built-in.a
  CC      drivers/pinctrl/tegra/pinctrl-tegra.o
  CC      arch/arm64/kernel/sys.o
  CC      lib/earlycpio.o
  CC      drivers/pinctrl/tegra/pinctrl-tegra124.o
  AS      arch/arm64/mm/proc.o
  CC      drivers/irqchip/irq-gic-v5-irs.o
  CC      arch/arm64/mm/pageattr.o
  CC      crypto/testmgr.o
  CC      lib/extable.o
  AR      drivers/leds/blink/built-in.a
  CC      drivers/pinctrl/tegra/pinctrl-tegra210.o
  CC      net/core/sock.o
  AR      drivers/leds/simatic/built-in.a
  AR      drivers/leds/built-in.a
  CC      lib/fdt.o
  CC      mm/shrinker.o
  CC      arch/arm64/kernel/stacktrace.o
  CC      arch/arm64/kernel/time.o
  CC      kernel/signal.o
  CC      drivers/gpio/gpiolib-cdev.o
  CC      kernel/sys.o
  CC      drivers/gpio/gpiolib-swnode.o
  CC      arch/arm64/mm/fixmap.o
  CC      lib/fdt_addresses.o
  CC      lib/fdt_empty_tree.o
  CC      lib/fdt_ro.o
  CC      fs/ioctl.o
  CC      drivers/pinctrl/tegra/pinctrl-tegra186.o
  CC      crypto/ecb.o
  CC      lib/fdt_rw.o
  CC      lib/fdt_strerror.o
  CC      drivers/gpio/gpio-regmap.o
  CC      lib/fdt_sw.o
  CC      lib/fdt_wip.o
  CC      lib/flex_proportions.o
  CC      net/llc/llc_core.o
  CC      drivers/irqchip/irq-gic-v5-its.o
  CC      drivers/gpio/gpio-aggregator.o
  CC      kernel/umh.o
  CC      crypto/aria_generic.o
  CC      arch/arm64/mm/trans_pgd.o
  CC      arch/arm64/kernel/traps.o
  CC      drivers/pinctrl/tegra/pinctrl-tegra194.o
  CC      mm/shmem.o
  CC      lib/idr.o
  CC      drivers/gpio/gpio-ds4520.o
  CC      drivers/pinctrl/tegra/pinctrl-tegra234.o
  CC      fs/readdir.o
  CC      net/llc/llc_input.o
  CC      crypto/rng.o
  CC      net/core/skbuff.o
  CC      fs/select.o
  CC      lib/iomem_copy.o
  CC      arch/arm64/kernel/io.o
  CC      fs/dcache.o
  CC      kernel/workqueue.o
  CC      drivers/pinctrl/tegra/pinctrl-tegra238.o
  AS      arch/arm64/mm/trans_pgd-asm.o
  CC      mm/util.o
  CC      drivers/pci/of.o
  AR      arch/arm64/mm/built-in.a
  AR      drivers/pci/controller/dwc/built-in.a
  CC      drivers/irqchip/irq-gic-v5-iwb.o
  AR      drivers/pci/controller/mobiveil/built-in.a
  AR      drivers/pinctrl/ti/built-in.a
  AR      drivers/pci/controller/plda/built-in.a
  AR      drivers/pci/controller/built-in.a
  CC      net/ethernet/eth.o
  CC      net/llc/llc_output.o
  CC      drivers/gpio/gpio-tegra186.o
  CC      lib/irq_regs.o
  CC      arch/arm64/kernel/vdso.o
  CC      kernel/pid.o
  CC      lib/is_single_threaded.o
  CC      fs/inode.o
  CC      drivers/pinctrl/tegra/pinctrl-tegra264.o
  CC      crypto/drbg.o
  AR      drivers/pci/switch/built-in.a
  AR      drivers/pci/built-in.a
  CC      drivers/pinctrl/tegra/pinctrl-tegra-xusb.o
  AR      drivers/irqchip/built-in.a
  CC      lib/klist.o
  CC      net/802/psnap.o
  AR      net/llc/built-in.a
  CC      drivers/gpio/gpio-tegra.o
  CC      lib/kobject.o
  AS      arch/arm64/kernel/hyp-stub.o
  CC      net/802/stp.o
  CC      arch/arm64/kernel/psci.o
  CC      mm/mmzone.o
  CC      arch/arm64/kernel/cpu_ops.o
  CC      crypto/jitterentropy.o
  CC      crypto/jitterentropy-kcapi.o
  AR      net/ethernet/built-in.a
  CC      mm/vmstat.o
  CC      net/sched/sch_generic.o
  CC      net/netlink/af_netlink.o
  CC      net/sched/sch_mq.o
  CC      lib/kobject_uevent.o
  AR      drivers/pinctrl/tegra/built-in.a
  CC      net/core/datagram.o
  AR      drivers/pinctrl/built-in.a
  CC      lib/logic_pio.o
  CC      net/netlink/genetlink.o
  CC      crypto/tcrypt.o
  CC      net/core/stream.o
  AR      drivers/gpio/built-in.a
  CC      arch/arm64/kernel/return_address.o
  CC      drivers/video/cmdline.o
  CC      kernel/task_work.o
  CC      fs/attr.o
  AR      net/802/built-in.a
  CC      kernel/extable.o
  CC      kernel/params.o
  CC      drivers/video/nomodeset.o
  CC      mm/backing-dev.o
  CC      arch/arm64/kernel/cpuinfo.o
  CC      lib/maple_tree.o
  CC      net/core/scm.o
  CC      net/core/gen_stats.o
  CC      net/sched/sch_frag.o
  CC      fs/bad_inode.o
  CC      net/netlink/policy.o
  AR      drivers/idle/built-in.a
  CC      arch/arm64/kernel/cpu_errata.o
  CC      drivers/video/console/dummycon.o
  AR      net/bpf/built-in.a
  CC      mm/mm_init.o
  CC      mm/percpu.o
  AR      drivers/char/ipmi/built-in.a
  CC      lib/memcat_p.o
  CC      arch/arm64/kernel/cpufeature.o
  CC      fs/file.o
  CC      crypto/ecc.o
  CC      crypto/ecdh.o
  CC      kernel/kthread.o
  CC      mm/slab_common.o
  CC      lib/nmi_backtrace.o
  CC      crypto/ecdh_helper.o
  AR      drivers/video/console/built-in.a
  CC      mm/compaction.o
  AR      drivers/video/backlight/built-in.a
  CC      drivers/video/fbdev/core/fb_notify.o
  AR      net/netlink/built-in.a
  CC      drivers/video/fbdev/core/fb_info.o
  CC      net/core/gen_estimator.o
  AR      net/sched/built-in.a
  CC      lib/objpool.o
  CC      kernel/sys_ni.o
  CC      lib/plist.o
  AR      crypto/built-in.a
  CC      lib/radix-tree.o
  CC      drivers/video/fbdev/core/fbmem.o
  CC      fs/filesystems.o
  CC      fs/namespace.o
  CC      kernel/nsproxy.o
  CC      arch/arm64/kernel/alternative.o
  CC      fs/seq_file.o
  AR      drivers/video/fbdev/omap/built-in.a
  CC      net/core/net_namespace.o
  AR      drivers/video/fbdev/omap2/omapfb/dss/built-in.a
  AR      drivers/video/fbdev/omap2/omapfb/displays/built-in.a
  AR      drivers/video/fbdev/omap2/omapfb/built-in.a
  CC      net/core/secure_seq.o
  AR      drivers/video/fbdev/omap2/built-in.a
  CC      net/core/flow_dissector.o
  CC      lib/ratelimit.o
  CC      net/core/sysctl_net_core.o
  CC      mm/show_mem.o
  CC      fs/xattr.o
  CC      kernel/nstree.o
  CC      kernel/nscommon.o
  CC      drivers/amba/bus.o
  CC      lib/rbtree.o
  CC      drivers/video/fbdev/core/fbcmap.o
  CC      net/core/dev.o
  CC      arch/arm64/kernel/cacheinfo.o
  CC      kernel/notifier.o
  CC      drivers/video/fbdev/xen-fbfront.o
  CC      net/ethtool/ioctl.o
  CC      mm/interval_tree.o
  CC      lib/seq_buf.o
  CC      drivers/clk/clk-devres.o
  AR      drivers/soc/apple/built-in.a
  AR      drivers/soc/aspeed/built-in.a
  AR      drivers/soc/bcm/built-in.a
  AR      drivers/pmdomain/actions/built-in.a
  AR      drivers/soc/fsl/built-in.a
  AR      drivers/pmdomain/amlogic/built-in.a
  AR      drivers/soc/fujitsu/built-in.a
  AR      drivers/pmdomain/apple/built-in.a
  AR      drivers/soc/hisilicon/built-in.a
  AR      drivers/pmdomain/arm/built-in.a
  AR      drivers/soc/imx/built-in.a
  AR      drivers/pmdomain/bcm/built-in.a
  CC      kernel/ksysfs.o
  AR      drivers/soc/ixp4xx/built-in.a
  AR      drivers/pmdomain/imx/built-in.a
  AR      drivers/soc/loongson/built-in.a
  AR      drivers/pmdomain/marvell/built-in.a
  AR      drivers/pmdomain/mediatek/built-in.a
  AR      drivers/soc/mediatek/built-in.a
  AR      drivers/pmdomain/qcom/built-in.a
  AR      drivers/pmdomain/renesas/built-in.a
  AR      drivers/soc/microchip/built-in.a
  AR      drivers/pmdomain/rockchip/built-in.a
  AR      drivers/soc/nuvoton/built-in.a
  AR      drivers/pmdomain/samsung/built-in.a
  AR      drivers/soc/pxa/built-in.a
  CC      arch/arm64/kernel/smp.o
  AR      drivers/pmdomain/st/built-in.a
  AR      drivers/soc/amlogic/built-in.a
  AR      drivers/pmdomain/starfive/built-in.a
  AR      drivers/soc/qcom/built-in.a
  AR      drivers/pmdomain/sunxi/built-in.a
  AR      drivers/soc/renesas/built-in.a
  AR      drivers/soc/rockchip/built-in.a
  AR      drivers/pmdomain/tegra/built-in.a
  CC      drivers/amba/tegra-ahb.o
  AR      drivers/soc/sophgo/built-in.a
  AR      drivers/pmdomain/thead/built-in.a
  AR      drivers/soc/sunxi/built-in.a
  AR      drivers/pmdomain/ti/built-in.a
  AR      drivers/pmdomain/xilinx/built-in.a
  CC      drivers/video/fbdev/core/modedb.o
  CC      drivers/pmdomain/core.o
  CC      drivers/soc/tegra/fuse/fuse-tegra.o
  AR      drivers/virtio/built-in.a
  CC      arch/arm64/kernel/smp_spin_table.o
  CC      lib/siphash.o
  CC      drivers/soc/tegra/cbb/tegra-cbb.o
  CC      drivers/soc/tegra/common.o
  CC      drivers/clk/clk-bulk.o
  CC      drivers/soc/tegra/flowctrl.o
  CC      mm/list_lru.o
  CC      kernel/cred.o
  AR      drivers/amba/built-in.a
  CC      drivers/pmdomain/governor.o
  CC      lib/string.o
  CC      fs/libfs.o
  CC      kernel/reboot.o
  CC      drivers/soc/tegra/fuse/fuse-tegra30.o
  CC      kernel/async.o
  CC      drivers/video/fbdev/core/fbcvt.o
  CC      drivers/soc/tegra/cbb/tegra194-cbb.o
  CC      drivers/clk/clkdev.o
  CC      net/ipv4/route.o
  CC      lib/sys_info.o
  CC      kernel/range.o
  CC      arch/arm64/kernel/topology.o
  CC      mm/workingset.o
  CC      drivers/soc/tegra/pmc.o
  CC      drivers/soc/tegra/ari-tegra186.o
  AR      drivers/pmdomain/built-in.a
  CC      drivers/soc/tegra/fuse/tegra-apbmisc.o
  CC      net/core/dev_api.o
  CC      drivers/xen/cpu_hotplug.o
  CC      net/ethtool/common.o
  CC      drivers/clk/clk.o
  CC      kernel/smpboot.o
  CC      drivers/video/fbdev/core/fb_cmdline.o
  AS      arch/arm64/kernel/smccc-call.o
  CC      lib/timerqueue.o
  AR      drivers/soc/ti/built-in.a
  CC      drivers/soc/tegra/cbb/tegra234-cbb.o
  CC      drivers/video/fbdev/core/fb_backlight.o
  CC      fs/fs-writeback.o
  CC      arch/arm64/kernel/syscall.o
  CC      drivers/xen/grant-table.o
  CC      drivers/soc/tegra/fuse/speedo-tegra124.o
  CC      lib/vsprintf.o
  CC      mm/debug.o
  CC      kernel/ucount.o
  CC      drivers/video/fbdev/core/fbmon.o
  CC      fs/pnode.o
  CC      net/ethtool/netlink.o
  CC      lib/win_minmax.o
  CC      lib/xarray.o
  CC      arch/arm64/kernel/proton-pack.o
  CC      drivers/soc/tegra/fuse/speedo-tegra210.o
  AR      drivers/soc/tegra/cbb/built-in.a
  CC      lib/lockref.o
  CC      net/ipv4/inetpeer.o
  CC      kernel/regset.o
  CC      drivers/clk/clk-divider.o
  CC      lib/bcd.o
  CC      net/core/dev_addr_lists.o
  CC      mm/gup.o
  CC      kernel/ksyms_common.o
  CC      drivers/video/fbdev/core/fb_defio.o
  CC      drivers/xen/features.o
  CC      drivers/video/fbdev/core/fb_chrdev.o
  CC      fs/splice.o
  CC      drivers/xen/balloon.o
  CC      net/ethtool/bitset.o
  CC      drivers/clk/clk-fixed-factor.o
  CC      drivers/reset/core.o
  AR      drivers/soc/tegra/fuse/built-in.a
  AR      drivers/soc/tegra/built-in.a
  AR      drivers/soc/versatile/built-in.a
  AR      drivers/soc/vt8500/built-in.a
  AR      drivers/soc/xilinx/built-in.a
  AR      drivers/soc/built-in.a
  AR      drivers/reset/amlogic/built-in.a
  CC      drivers/xen/manage.o
  CC      drivers/video/fbdev/core/fb_procfs.o
  CC      kernel/sched/core.o
  CC      arch/arm64/kernel/idle.o
  CC      lib/sort.o
  CC      kernel/sched/fair.o
  CC      net/core/dst.o
  CC      net/ipv4/protocol.o
  CC      net/ipv4/ip_input.o
  CC      drivers/clk/clk-fixed-rate.o
  CC      fs/sync.o
  CC      mm/mmap_lock.o
  CC      lib/parser.o
  AR      drivers/reset/hisilicon/built-in.a
  CC      net/ethtool/strset.o
  CC      fs/utimes.o
  AR      drivers/reset/spacemit/built-in.a
  AR      drivers/reset/starfive/built-in.a
  AR      drivers/reset/sti/built-in.a
  CC      arch/arm64/kernel/patching.o
  AR      drivers/reset/tegra/built-in.a
  CC      drivers/reset/reset-simple.o
  CC      kernel/locking/mutex.o
  CC      drivers/xen/time.o
  CC      drivers/video/fbdev/core/fbsysfs.o
  CC      lib/debug_locks.o
  CC      drivers/clk/clk-gate.o
  CC      lib/random32.o
  CC      kernel/locking/semaphore.o
  CC      mm/vma_init.o
  CC      drivers/xen/mem-reservation.o
  AR      drivers/reset/built-in.a
  CC      net/core/netevent.o
  CC      mm/highmem.o
  CC      arch/arm64/kernel/pi/idreg-override.o
  CC      fs/d_path.o
  HOSTCC  arch/arm64/kernel/pi/relacheck
  CC      arch/arm64/kernel/pi/map_kernel.o
  CC      net/ethtool/linkinfo.o
  CC      drivers/clk/clk-multiplier.o
  CC      lib/bust_spinlocks.o
  CC      kernel/locking/rwsem.o
  CC      net/ipv4/ip_fragment.o
  CC      drivers/video/fbdev/core/sysfillrect.o
  CC      drivers/video/fbdev/core/syscopyarea.o
  CC      net/ipv6/af_inet6.o
  CC      drivers/xen/events/events_base.o
  CC      drivers/xen/xenbus/xenbus_client.o
  CC      drivers/clk/clk-mux.o
  CC      mm/memory.o
  CC      net/core/neighbour.o
  CC      net/ipv6/anycast.o
  CC      kernel/sched/build_policy.o
  CC      lib/kasprintf.o
  CC      kernel/locking/percpu-rwsem.o
  CC      arch/arm64/kernel/pi/map_range.o
  CC      fs/stack.o
  CC      net/ethtool/linkmodes.o
  CC      lib/bitmap.o
  CC      kernel/sched/build_utility.o
  CC      drivers/clk/clk-composite.o
  CC      drivers/xen/xenbus/xenbus_comms.o
  CC      drivers/video/fbdev/core/sysimgblt.o
  CC      net/ipv4/ip_forward.o
  CC      kernel/locking/spinlock.o
  CC      fs/fs_struct.o
  CC      arch/arm64/kernel/pi/lib-fdt.o
  CC      arch/arm64/kernel/pi/lib-fdt_ro.o
  CC      drivers/xen/events/events_2l.o
  OBJCOPY arch/arm64/kernel/pi/idreg-override.pi.o
  OBJCOPY arch/arm64/kernel/pi/map_kernel.pi.o
  OBJCOPY arch/arm64/kernel/pi/map_range.pi.o
  OBJCOPY arch/arm64/kernel/pi/lib-fdt.pi.o
  OBJCOPY arch/arm64/kernel/pi/lib-fdt_ro.pi.o
  AR      arch/arm64/kernel/pi/built-in.a
  CC      arch/arm64/kernel/rsi.o
  CC      mm/mincore.o
  CC      drivers/clk/clk-fractional-divider.o
  CC      net/ipv6/ip6_output.o
  CC      lib/scatterlist.o
  CC      net/ethtool/rss.o
  CC      kernel/locking/osq_lock.o
  CC      drivers/xen/xenbus/xenbus_xs.o
  CC      fs/statfs.o
  CC      drivers/video/fbdev/core/fb_sys_fops.o
  CC      arch/arm64/kernel/jump_label.o
  CC      drivers/xen/events/events_fifo.o
  CC      kernel/locking/qspinlock.o
  CC      drivers/clk/clk-gpio.o
  CC      net/ipv4/ip_options.o
  AS      arch/arm64/kernel/sleep.o
  CC      net/core/rtnetlink.o
  CC      net/ipv4/ip_output.o
  CC      arch/arm64/kernel/suspend.o
  CC      drivers/xen/xenbus/xenbus_probe.o
  CC      mm/mlock.o
  CC      lib/list_sort.o
  CC      lib/uuid.o
  CC      kernel/locking/rtmutex_api.o
  CC      fs/fs_pin.o
  AR      drivers/video/fbdev/core/built-in.a
  AR      drivers/video/fbdev/built-in.a
  AR      drivers/video/built-in.a
  AR      drivers/xen/events/built-in.a
  AR      net/dsa/built-in.a
  CC      net/bridge/br.o
  CC      mm/mmap.o
  CC      lib/iov_iter.o
  CC      mm/mmu_gather.o
  CC      net/ethtool/linkstate.o
  CC      drivers/clk/clk-conf.o
  CC      arch/arm64/kernel/paravirt.o
  AR      kernel/sched/built-in.a
  CC      mm/mprotect.o
  CC      fs/nsfs.o
  CC      mm/mremap.o
  CC      drivers/xen/xenbus/xenbus_probe_backend.o
  CC      drivers/clk/clk-si521xx.o
  CC      net/ipv6/ip6_input.o
  CC      kernel/locking/spinlock_debug.o
  CC      arch/arm64/kernel/machine_kexec.o
  CC      drivers/xen/xenbus/xenbus_dev_frontend.o
  CC      drivers/xen/xenbus/xenbus_dev_backend.o
  CC      net/ethtool/debug.o
  CC      net/bridge/br_device.o
  CC      net/ipv4/ip_sockglue.o
  CC      net/core/utils.o
  CC      kernel/locking/qrwlock.o
  CC      drivers/tty/tty_io.o
  CC      fs/fs_dirent.o
  CC      lib/clz_ctz.o
  CC      mm/msync.o
  AR      drivers/clk/actions/built-in.a
  AR      drivers/clk/analogbits/built-in.a
  AR      drivers/clk/aspeed/built-in.a
  AR      drivers/clk/bcm/built-in.a
  AS      arch/arm64/kernel/relocate_kernel.o
  AR      drivers/clk/imgtec/built-in.a
  AR      drivers/clk/imx/built-in.a
  CC      lib/bsearch.o
  AR      drivers/clk/ingenic/built-in.a
  AR      drivers/clk/keystone/built-in.a
  AR      drivers/clk/mediatek/built-in.a
  AR      drivers/clk/microchip/built-in.a
  CC      drivers/char/mem.o
  AR      drivers/clk/mstar/built-in.a
  AS      arch/arm64/kernel/cpu-reset.o
  AR      drivers/clk/mvebu/built-in.a
  AR      drivers/clk/ralink/built-in.a
  AR      drivers/iommu/arm/arm-smmu/built-in.a
  AR      drivers/clk/renesas/built-in.a
  AR      drivers/iommu/arm/arm-smmu-v3/built-in.a
  AR      drivers/iommu/arm/built-in.a
  CC      fs/fs_context.o
  AR      drivers/clk/socfpga/built-in.a
  AR      drivers/clk/sophgo/built-in.a
  CC      drivers/xen/xenbus/xenbus_probe_frontend.o
  AR      drivers/clk/spacemit/built-in.a
  AR      drivers/iommu/iommufd/built-in.a
  AR      drivers/iommu/built-in.a
  AR      drivers/clk/sprd/built-in.a
  CC      arch/arm64/kernel/machine_kexec_file.o
  AR      drivers/clk/starfive/built-in.a
  AR      drivers/clk/sunxi-ng/built-in.a
  CC      net/ipv6/addrconf.o
  CC      drivers/clk/tegra/clk.o
  AR      kernel/locking/built-in.a
  CC      kernel/power/qos.o
  CC      net/ethtool/wol.o
  AR      net/wireless/tests/built-in.a
  CC      drivers/tty/n_tty.o
  AR      net/wireless/built-in.a
  CC      net/bridge/br_fdb.o
  CC      net/ipv4/inet_hashtables.o
  CC      net/core/link_watch.o
  CC      mm/page_vma_mapped.o
  CC      lib/find_bit.o
  CC      drivers/char/random.o
  AR      drivers/xen/xenbus/built-in.a
  CC      arch/arm64/kernel/kexec_image.o
  CC      drivers/xen/arm-device.o
  CC      drivers/clk/tegra/clk-audio-sync.o
  CC      drivers/clk/tegra/clk-device.o
  CC      fs/fs_parser.o
  CC      drivers/clk/tegra/clk-dfll.o
  CC      lib/llist.o
  CC      kernel/power/main.o
  CC      lib/lwq.o
  CC      kernel/power/console.o
  CC      net/ethtool/features.o
  CC      drivers/tty/tty_ioctl.o
  CC      mm/pagewalk.o
  CC      lib/memweight.o
  CC      drivers/tty/tty_ldisc.o
  CC      arch/arm64/kernel/crash_dump.o
  CC      drivers/xen/xen-balloon.o
  CC      lib/kfifo.o
  CC      net/core/filter.o
  CC      fs/fsopen.o
  CC      drivers/clk/tegra/clk-divider.o
  CC      net/bridge/br_forward.o
  CC      fs/init.o
  CC      drivers/char/misc.o
  CC      net/ipv4/inet_timewait_sock.o
  CC      kernel/power/process.o
  CC      arch/arm64/kernel/vmcore_info.o
  CC      kernel/power/suspend.o
  CC      net/ethtool/privflags.o
  CC      drivers/tty/tty_buffer.o
  CC      drivers/xen/evtchn.o
  CC      lib/percpu-refcount.o
  CC      mm/pgtable-generic.o
  CC      drivers/clk/tegra/clk-periph.o
  AR      drivers/char/agp/built-in.a
  CC      drivers/char/tpm/tpm-chip.o
  CC      drivers/xen/gntdev.o
  AS      arch/arm64/kernel/vdso-wrap.o
  CC      net/ipv6/addrlabel.o
  AR      arch/arm64/kernel/probes/built-in.a
  CC      fs/kernel_read_file.o
  AS      arch/arm64/kernel/head.o
  LDS     arch/arm64/kernel/vmlinux.lds
  AR      arch/arm64/kernel/built-in.a
  AR      drivers/gpu/host1x/built-in.a
  CC      drivers/tty/tty_port.o
  AR      arch/arm64/built-in.a
  AR      drivers/gpu/vga/built-in.a
  AR      drivers/gpu/tests/built-in.a
  CC      drivers/clk/tegra/clk-periph-fixed.o
  CC      net/ethtool/rings.o
  AR      drivers/gpu/drm/tests/built-in.a
  CC      net/bridge/br_if.o
  AR      drivers/gpu/drm/arm/built-in.a
  AR      drivers/gpu/drm/clients/built-in.a
  AR      drivers/gpu/drm/display/built-in.a
  CC      net/ethtool/channels.o
  CC      kernel/power/autosleep.o
  AR      drivers/gpu/drm/renesas/rcar-du/built-in.a
  AR      drivers/gpu/drm/renesas/rz-du/built-in.a
  AR      drivers/gpu/drm/renesas/built-in.a
  CC      lib/rhashtable.o
  CC      drivers/xen/gntalloc.o
  AR      drivers/gpu/drm/omapdrm/built-in.a
  AR      drivers/gpu/drm/tilcdc/built-in.a
  AR      drivers/gpu/drm/imx/built-in.a
  AR      drivers/gpu/drm/panel/built-in.a
  AR      drivers/gpu/drm/bridge/analogix/built-in.a
  AR      drivers/gpu/drm/bridge/cadence/built-in.a
  CC      net/ipv4/inet_connection_sock.o
  AR      drivers/gpu/drm/bridge/imx/built-in.a
  CC      mm/rmap.o
  AR      drivers/gpu/drm/bridge/synopsys/built-in.a
  AR      drivers/gpu/drm/bridge/built-in.a
  AR      drivers/gpu/drm/hisilicon/built-in.a
  AR      drivers/gpu/drm/mxsfb/built-in.a
  AR      drivers/gpu/drm/sysfb/built-in.a
  AR      drivers/gpu/drm/tiny/built-in.a
  CC      drivers/char/tpm/tpm-dev-common.o
  AR      drivers/gpu/drm/xlnx/built-in.a
  AR      drivers/gpu/drm/gud/built-in.a
  AR      drivers/gpu/drm/sitronix/built-in.a
  AR      drivers/gpu/drm/solomon/built-in.a
  AR      drivers/gpu/drm/built-in.a
  AR      drivers/gpu/built-in.a
  CC      net/bridge/br_input.o
  CC      drivers/clk/tegra/clk-periph-gate.o
  CC      fs/mnt_idmapping.o
  CC      drivers/tty/tty_mutex.o
  CC      mm/vmalloc.o
  AR      kernel/power/built-in.a
  CC      kernel/printk/printk.o
  CC      net/ipv6/route.o
  CC      drivers/tty/tty_ldsem.o
  CC      drivers/xen/xenfs/super.o
  CC      net/ethtool/coalesce.o
  CC      drivers/clk/tegra/clk-pll.o
  CC      lib/base64.o
  CC      fs/remap_range.o
  CC      drivers/char/tpm/tpm-dev.o
  CC      kernel/printk/printk_safe.o
  CC      lib/once.o
  CC      kernel/printk/nbcon.o
  CC      mm/vma.o
  CC      drivers/tty/tty_baudrate.o
  CC      net/bridge/br_ioctl.o
  CC      drivers/xen/xenfs/xenstored.o
  CC      lib/refcount.o
  CC      net/ipv4/tcp.o
  CC      drivers/char/tpm/tpm-interface.o
  CC      fs/pidfs.o
  CC      net/ipv4/tcp_input.o
  CC      net/ethtool/pause.o
  CC      drivers/clk/tegra/clk-pll-out.o
  CC      drivers/base/component.o
  CC      drivers/tty/tty_jobctrl.o
  CC      lib/rcuref.o
  AR      drivers/xen/xenfs/built-in.a
  CC      kernel/printk/printk_ringbuffer.o
  CC      drivers/xen/swiotlb-xen.o
  CC      lib/usercopy.o
  CC      drivers/clk/tegra/clk-sdmmc-mux.o
  CC      drivers/base/core.o
  CC      net/bridge/br_stp.o
  CC      net/core/sock_diag.o
  CC      drivers/char/tpm/tpm1-cmd.o
  AR      drivers/block/built-in.a
  CC      net/sysctl_net.o
  CC      lib/errseq.o
  CC      drivers/tty/n_null.o
  CC      net/ethtool/eee.o
  CC      kernel/printk/sysctl.o
  CC      lib/bucket_locks.o
  CC      mm/vma_exec.o
  CC      drivers/clk/tegra/clk-super.o
  CC      fs/file_attr.o
  CC      drivers/xen/privcmd.o
  CC      net/ipv6/ip6_fib.o
  AR      kernel/printk/built-in.a
  CC      drivers/tty/pty.o
  CC      kernel/irq/irqdesc.o
  CC      drivers/char/tpm/tpm2-cmd.o
  CC      lib/generic-radix-tree.o
  CC      drivers/clk/tegra/clk-tegra-audio.o
  CC      kernel/rcu/update.o
  CC      net/ethtool/tsinfo.o
  CC      net/core/dev_ioctl.o
  CC      net/bridge/br_stp_bpdu.o
  CC      mm/mseal.o
  CC      fs/fserror.o
  CC      drivers/xen/privcmd-buf.o
  CC      kernel/rcu/sync.o
  CC      lib/bitmap-str.o
  CC      drivers/clk/tegra/clk-tegra-periph.o
  CC      drivers/tty/vt/vt_ioctl.o
  CC      drivers/base/bus.o
  CC      kernel/irq/handle.o
  CC      drivers/char/tpm/tpmrm-dev.o
  CC      drivers/tty/vt/vc_screen.o
  CC      kernel/rcu/srcutree.o
  CC      net/ipv6/ipv6_sockglue.o
  CC      fs/nullfs.o
  CC      drivers/clk/tegra/clk-tegra-fixed.o
  CC      drivers/xen/xlate_mmu.o
  CC      mm/page_alloc.o
  CC      lib/string_helpers.o
  CC      net/ethtool/cabletest.o
  CC      net/bridge/br_stp_if.o
  CC      net/ipv4/tcp_output.o
  CC      net/core/tso.o
  CC      kernel/irq/manage.o
  CC      drivers/base/dd.o
  CC      drivers/char/tpm/tpm2-space.o
  CC      drivers/clk/tegra/clk-tegra-super-cclk.o
  CC      drivers/tty/vt/selection.o
  CC      drivers/base/syscore.o
  CC      kernel/rcu/tree.o
  CC      fs/proc_namespace.o
  AR      drivers/xen/built-in.a
  CC      net/ipv4/tcp_timer.o
  CC      lib/hexdump.o
  CC      drivers/clk/tegra/clk-tegra-super-gen4.o
  CC      drivers/clk/tegra/clk-tegra124-dfll-fcpu.o
  CC      lib/kstrtox.o
  CC      net/ethtool/tunnels.o
  CC      drivers/char/tpm/tpm-sysfs.o
  CC      net/core/sock_reuseport.o
  CC      net/bridge/br_stp_timer.o
  CC      drivers/tty/vt/keyboard.o
  CC      kernel/irq/spurious.o
  CC      drivers/base/driver.o
  CC      net/ipv6/ndisc.o
  CC      net/ipv6/udp.o
  AR      lib/kunit/built-in.a
  CC      lib/math/div64.o
  AR      fs/notify/dnotify/built-in.a
  AR      fs/notify/inotify/built-in.a
  AR      fs/notify/fanotify/built-in.a
  AR      fs/notify/built-in.a
  CC      fs/anon_inodes.o
  CC      lib/math/gcd.o
  CC      drivers/clk/tegra/clk-tegra124.o
  CC      lib/math/lcm.o
  CC      mm/page_frag_cache.o
  CC      lib/math/int_log.o
  CC      drivers/base/class.o
  CC      drivers/char/tpm/eventlog/common.o
  CC      lib/math/int_pow.o
  CC      kernel/irq/resend.o
  CC      lib/math/int_sqrt.o
  CC      net/ethtool/fec.o
  CC      drivers/base/platform.o
  CC      lib/math/reciprocal_div.o
  CC      net/bridge/br_netlink.o
  CC      net/core/fib_notifier.o
  CC      lib/math/rational.o
  CC      drivers/tty/vt/vt.o
  CC      drivers/clk/tegra/cvb.o
  CC      net/ipv4/tcp_ipv4.o
  CC      fs/binfmt_script.o
  CC      kernel/rcu/rcu_segcblist.o
  CC      fs/binfmt_elf.o
  CC      mm/init-mm.o
  CC      drivers/char/tpm/eventlog/tpm1.o
  CC      kernel/irq/chip.o
  AR      lib/math/tests/built-in.a
  AR      lib/math/built-in.a
  HOSTCC  lib/crc/gen_crc32table
  AR      lib/crc/tests/built-in.a
  GEN     lib/crc/crc32table.h
  CC      lib/crc/crc32-main.o
  CC      net/hsr/hsr_main.o
  CC      drivers/clk/tegra/clk-tegra210.o
  CC      net/ipv6/raw.o
  CC      mm/memblock.o
  CC      drivers/base/cpu.o
  CC      net/ethtool/eeprom.o
  CC      net/core/xdp.o
  AR      kernel/rcu/built-in.a
  CC      net/bridge/br_netlink_tunnel.o
  AR      lib/crc/built-in.a
  CC      net/ethtool/stats.o
  CC      net/core/flow_offload.o
  CC      lib/crypto/hash_info.o
  CC      drivers/char/tpm/eventlog/tpm2.o
  CC      fs/drop_caches.o
  CC      kernel/irq/dummychip.o
  CC      drivers/clk/tegra/clk-tegra210-emc.o
  CC      net/hsr/hsr_framereg.o
  CC      drivers/base/firmware.o
  COPY    drivers/tty/vt/defkeymap.c
  CC      lib/crypto/memneq.o
  CC      drivers/tty/vt/consolemap.o
  CC      net/hsr/hsr_device.o
  CC      net/ipv4/tcp_minisocks.o
  CC      mm/slub.o
  CC      kernel/irq/devres.o
  CC      fs/sysctls.o
  CC      drivers/base/init.o
  CC      drivers/char/tpm/tpm-buf.o
  AR      fs/iomap/built-in.a
  CC      mm/dmapool.o
  CC      net/bridge/br_arp_nd_proxy.o
  CC      net/ipv6/icmp.o
  CC      lib/crypto/utils.o
  CC      drivers/clk/tegra/clk-utils.o
  CC      net/core/gro.o
  CC      net/ethtool/phc_vclocks.o
  AR      fs/quota/built-in.a
  CC      fs/proc/task_mmu.o
  CC      fs/proc/inode.o
  HOSTCC  drivers/tty/vt/conmakehash
  AR      drivers/clk/tegra/built-in.a
  CC      kernel/irq/kexec.o
  AR      drivers/clk/tenstorrent/built-in.a
  AR      drivers/clk/ti/built-in.a
  AR      drivers/clk/versatile/built-in.a
  CC      lib/crypto/aes.o
  AR      drivers/clk/xilinx/built-in.a
  AR      drivers/clk/built-in.a
  AR      lib/tests/built-in.a
  CC      kernel/irq/autoprobe.o
  COPY    drivers/tty/vt/ucs_width_table.h
  COPY    drivers/tty/vt/ucs_recompose_table.h
  COPY    drivers/tty/vt/ucs_fallback_table.h
  CC      drivers/tty/vt/defkeymap.o
  CC      drivers/base/map.o
  CC      net/ethtool/mm.o
  CC      net/hsr/hsr_netlink.o
  CC      drivers/char/tpm/tpm2-sessions.o
  CONMK   drivers/tty/vt/consolemap_deftbl.c
  CC      drivers/tty/vt/ucs.o
  CC      drivers/tty/vt/consolemap_deftbl.o
  CC      drivers/base/devres.o
  AR      drivers/tty/vt/built-in.a
  CC      drivers/tty/hvc/hvc_console.o
  CC      net/ipv4/tcp_cong.o
  CC      net/bridge/br_multicast.o
  CC      drivers/base/attribute_container.o
  CC      fs/proc/root.o
  AS      lib/crypto/arm64/aes-cipher-core.o
  CC      kernel/irq/irqdomain.o
  AR      drivers/misc/eeprom/built-in.a
  CC      mm/sparse.o
  AR      drivers/misc/cb710/built-in.a
  AS      lib/crypto/arm64/aes-ce-core.o
  AR      drivers/misc/lis3lv02d/built-in.a
  CC      net/ipv6/mcast.o
  AR      drivers/misc/cardreader/built-in.a
  AR      drivers/misc/keba/built-in.a
  AR      drivers/misc/amd-sbi/built-in.a
  AR      drivers/misc/built-in.a
  CC      net/core/netdev-genl.o
  CC      drivers/tty/hvc/hvc_irq.o
  AS      lib/crypto/arm64/aes-ce.o
  CC      drivers/char/tpm/eventlog/of.o
  AS      lib/crypto/arm64/aes-neon.o
  CC      net/ethtool/module.o
  CC      net/hsr/hsr_slave.o
  CC      drivers/char/tpm/xen-tpmfront.o
  CC      mm/sparse-vmemmap.o
  CC      lib/crypto/blake2s.o
  CC      drivers/base/transport_class.o
  CC      drivers/tty/hvc/hvc_xen.o
  CC      fs/proc/base.o
  CC      drivers/tty/serial/serial_core.o
  CC      drivers/tty/serial/serial_base_bus.o
  CC      fs/kernfs/mount.o
  CC      kernel/irq/proc.o
  CC      drivers/base/topology.o
  CC      lib/crypto/chacha-block-generic.o
  CC      net/ipv4/tcp_metrics.o
  AR      drivers/char/tpm/built-in.a
  CC      lib/crypto/sha1.o
  AR      drivers/char/built-in.a
  CC      drivers/base/container.o
  CC      mm/mmu_notifier.o
  CC      net/hsr/hsr_forward.o
  CC      net/ethtool/cmis_fw_update.o
  AR      drivers/tty/hvc/built-in.a
  CC      net/core/netdev-genl-gen.o
  CC      drivers/mfd/lp873x.o
  AR      drivers/nfc/built-in.a
  CC      net/core/netdev_work.o
  CC      net/ethtool/cmis_cdb.o
  AS      lib/crypto/arm64/sha1-ce-core.o
  CC      drivers/base/property.o
  CC      kernel/irq/cpuhotplug.o
  CC      fs/kernfs/inode.o
  CC      lib/crypto/sha256.o
  CC      net/ipv6/reassembly.o
  CC      mm/early_ioremap.o
  CC      fs/proc/generic.o
  CC      net/bridge/br_mdb.o
  CC      drivers/mfd/tqmx86.o
  CC      drivers/tty/serial/serial_ctrl.o
  CC      drivers/mfd/arizona-core.o
  AR      net/hsr/built-in.a
  CC      net/core/gso.o
  AS      lib/crypto/arm64/sha256-ce.o
  CC      net/core/net-sysfs.o
  CC      drivers/mfd/arizona-irq.o
  CC      net/ipv4/tcp_fastopen.o
  PERLASM lib/crypto/arm64/sha256-core.S
  CC      kernel/irq/pm.o
  CC      lib/crypto/sha512.o
  CC      net/ethtool/pse-pd.o
  CC      fs/kernfs/dir.o
  CC      drivers/base/cacheinfo.o
  CC      mm/memfd.o
  CC      fs/proc/array.o
  CC      drivers/tty/serial/serial_port.o
  CC      drivers/base/swnode.o
  CC      net/ipv6/tcp_ipv6.o
  AS      lib/crypto/arm64/sha512-ce-core.o
  PERLASM lib/crypto/arm64/sha512-core.S
  CC      net/core/hotdata.o
  CC      drivers/mfd/arizona-i2c.o
  CC      kernel/irq/msi.o
  CC      lib/crypto/sha3.o
  AR      kernel/livepatch/built-in.a
  CC      lib/vdso/datastore.o
  AR      lib/raid/xor/tests/built-in.a
  AR      lib/raid/xor/built-in.a
  AR      lib/raid/raid6/built-in.a
  AR      lib/raid/built-in.a
  CC      net/ethtool/plca.o
  CC      net/bridge/br_multicast_eht.o
  CC      net/core/netdev_config.o
  CC      net/ipv4/tcp_recovery.o
  CC      net/ipv4/tcp_ulp.o
  CC      drivers/tty/serial/earlycon.o
  CC      mm/ioremap.o
  CC      drivers/base/faux.o
  CC      fs/kernfs/file.o
  AS      lib/crypto/arm64/sha3-ce-core.o
  CC      fs/proc/fd.o
  AS      lib/crypto/arm64/sha256-core.o
  AS      lib/crypto/arm64/sha512-core.o
  AR      lib/crypto/built-in.a
  CC      drivers/mfd/wm8994-core.o
  AR      lib/vdso/built-in.a
  AR      drivers/dax/hmem/built-in.a
  CC      lib/iomap_copy.o
  AR      drivers/dax/built-in.a
  AR      drivers/tty/ipwireless/built-in.a
  CC      kernel/irq/ipi.o
  CC      net/ipv6/ping.o
  CC      net/core/netdev_rx_queue.o
  CC      drivers/base/power/sysfs.o
  AR      mm/built-in.a
  CC      drivers/base/power/generic_ops.o
  AR      drivers/tty/serial/8250/built-in.a
  CC      drivers/tty/serial/amba-pl011.o
  CC      net/ethtool/phy.o
  CC      lib/devres.o
  CC      fs/configfs/inode.o
  CC      fs/configfs/file.o
  CC      fs/kernfs/symlink.o
  CC      kernel/irq/affinity.o
  CC      fs/proc/proc_tty.o
  CC      net/ipv4/tcp_offload.o
  AR      net/bridge/built-in.a
  CC      fs/configfs/dir.o
  CC      fs/configfs/symlink.o
  CC      drivers/base/power/common.o
  CC      fs/devpts/inode.o
  CC      drivers/mfd/wm8994-irq.o
  CC      net/core/netdev_queues.o
  CC      net/ipv6/exthdrs.o
  CC      lib/cache_maint.o
  CC      net/ipv6/datagram.o
  AR      kernel/liveupdate/built-in.a
  CC      net/ethtool/tsconfig.o
  CC      fs/ramfs/inode.o
  AR      kernel/irq/built-in.a
  CC      fs/proc/cmdline.o
  CC      fs/ramfs/file-mmu.o
  CC      kernel/dma/mapping.o
  CC      drivers/base/power/qos.o
  AR      fs/kernfs/built-in.a
  CC      drivers/base/firmware_loader/builtin/main.o
  AR      drivers/tty/serial/built-in.a
  AR      drivers/tty/built-in.a
  CC      drivers/base/regmap/regmap.o
  CC      drivers/mfd/wm8994-regmap.o
  CC      fs/configfs/mount.o
  CC      lib/hweight.o
  AR      fs/devpts/built-in.a
  CC      kernel/dma/direct.o
  CC      lib/interval_tree.o
  AR      drivers/base/firmware_loader/builtin/built-in.a
  AR      drivers/base/firmware_loader/built-in.a
  CC      drivers/mfd/mc13xxx-core.o
  CC      fs/proc/consoles.o
  CC      net/core/net-procfs.o
  CC      net/ipv4/tcp_plb.o
  CC      drivers/base/soc.o
  AR      fs/ramfs/built-in.a
  CC      kernel/dma/ops_helpers.o
  CC      lib/xxhash.o
  CC      net/ethtool/mse.o
  CC      net/ipv6/ip6_flowlabel.o
  CC      drivers/base/power/runtime.o
  CC      drivers/base/power/wakeirq.o
  CC      fs/configfs/item.o
  CC      kernel/entry/common.o
  AR      kernel/unwind/built-in.a
  CC      fs/proc/cpuinfo.o
  CC      fs/proc/devices.o
  CC      net/ipv6/inet6_connection_sock.o
  CC      drivers/mfd/mc13xxx-i2c.o
  CC      drivers/base/regmap/regcache.o
  CC      drivers/base/regmap/regcache-rbtree.o
  CC      lib/genalloc.o
  CC      kernel/dma/dummy.o
  CC      net/core/dst_cache.o
  AR      fs/configfs/built-in.a
  CC      net/core/gro_cells.o
  AR      fs/unicode/built-in.a
  AR      drivers/cxl/core/built-in.a
  AR      drivers/cxl/built-in.a
  CC      fs/proc/loadavg.o
  CC      net/ipv4/datagram.o
  CC      kernel/freezer.o
  CC      drivers/base/power/main.o
  CC      drivers/mfd/mfd-core.o
  AR      net/ethtool/built-in.a
  AR      fs/hostfs/built-in.a
  CC      net/ipv6/udp_offload.o
  AR      kernel/entry/built-in.a
  CC      lib/zlib_inflate/inffast.o
  CC      lib/zlib_inflate/inflate.o
  CC      kernel/dma/coherent.o
  CC      drivers/base/regmap/regcache-flat.o
  CC      net/core/failover.o
  CC      drivers/base/power/wakeup.o
  AR      drivers/macintosh/built-in.a
  CC      net/ipv4/raw.o
  CC      net/ipv4/udp.o
  CC      fs/proc/meminfo.o
  CC      net/ipv4/udp_offload.o
  CC      lib/zlib_inflate/infutil.o
  CC      lib/zlib_inflate/inftrees.o
  CC      drivers/mfd/max77705.o
  CC      drivers/mfd/syscon.o
  CC      lib/zlib_inflate/inflate_syms.o
  CC      lib/lzo/lzo1x_decompress_safe.o
  CC      drivers/base/regmap/regcache-maple.o
  CC      lib/lz4/lz4_decompress.o
  CC      kernel/dma/swiotlb.o
  CC      net/core/of_net.o
  CC      net/ipv6/seg6.o
  AR      drivers/scsi/built-in.a
  CC      kernel/time/time.o
  CC      kernel/time/timer.o
  CC      fs/proc/stat.o
  CC      drivers/base/power/wakeup_stats.o
  AR      lib/zlib_inflate/built-in.a
  CC      kernel/time/hrtimer.o
  CC      drivers/base/power/clock_ops.o
  AR      lib/lzo/built-in.a
  CC      net/ipv6/fib6_notifier.o
  CC      drivers/mfd/rt5033.o
  CC      drivers/base/regmap/regmap-i2c.o
  CC      net/ipv4/arp.o
  CC      kernel/dma/pool.o
  CC      net/ipv4/icmp.o
  CC      kernel/futex/core.o
  CC      fs/proc/uptime.o
  AR      net/core/built-in.a
  CC      kernel/futex/syscalls.o
  AR      drivers/nvme/common/built-in.a
  AR      drivers/nvme/host/built-in.a
  AR      drivers/nvme/target/built-in.a
  AR      drivers/nvme/built-in.a
  AR      drivers/base/power/built-in.a
  CC      drivers/base/pinctrl.o
  CC      net/ipv6/rpl.o
  CC      drivers/base/platform-msi.o
  CC      net/ipv6/ioam6.o
  CC      kernel/time/sleep_timeout.o
  CC      drivers/mfd/simple-mfd-i2c.o
  CC      drivers/base/regmap/regmap-mmio.o
  CC      drivers/base/arch_topology.o
  AR      lib/lz4/built-in.a
  CC      lib/zstd/zstd_decompress_module.o
  CC      kernel/futex/pi.o
  CC      kernel/dma/remap.o
  CC      fs/proc/util.o
  AR      drivers/base/test/built-in.a
  CC      drivers/base/regmap/regmap-irq.o
  CC      kernel/futex/requeue.o
  CC      drivers/mtd/mtdcore.o
  CC      kernel/time/timekeeping.o
  CC      drivers/net/loopback.o
  CC      net/ipv4/devinet.o
  CC      lib/zstd/decompress/huf_decompress.o
  CC      lib/zstd/decompress/zstd_ddict.o
  CC      kernel/smp.o
  AR      kernel/dma/built-in.a
  CC      lib/zstd/decompress/zstd_decompress.o
  CC      fs/proc/version.o
  AR      drivers/firewire/built-in.a
  AR      drivers/net/phy/mediatek/built-in.a
  CC      lib/zstd/decompress/zstd_decompress_block.o
  CC      drivers/mtd/mtdsuper.o
  AR      drivers/mfd/built-in.a
  AR      drivers/net/phy/qcom/built-in.a
  AR      drivers/net/phy/built-in.a
  CC      kernel/time/ntp.o
  CC      net/ipv6/sysctl_net_ipv6.o
  CC      lib/zstd/zstd_common_module.o
  CC      net/ipv4/af_inet.o
  AR      drivers/cdrom/built-in.a
  CC      kernel/futex/waitwake.o
  CC      kernel/kallsyms.o
  CC      lib/xz/xz_dec_syms.o
  AR      drivers/base/regmap/built-in.a
  AR      drivers/base/built-in.a
  CC      fs/proc/softirqs.o
  CC      lib/xz/xz_dec_stream.o
  CC      lib/zstd/common/debug.o
  CC      lib/zstd/common/entropy_common.o
  AR      drivers/auxdisplay/built-in.a
  CC      lib/xz/xz_dec_lzma2.o
  CC      lib/zstd/common/error_private.o
  CC      lib/zstd/common/fse_decompress.o
  CC      lib/zstd/common/zstd_common.o
  CC      drivers/mtd/mtdconcat.o
  AR      lib/zstd/built-in.a
  CC      kernel/vmcore_info.o
  CC      lib/percpu_counter.o
  CC      fs/proc/namespaces.o
  AR      kernel/futex/built-in.a
  AR      drivers/net/pse-pd/built-in.a
  CC      fs/proc/self.o
  AR      drivers/net/mdio/built-in.a
  AR      drivers/net/pcs/built-in.a
  AR      drivers/net/built-in.a
  CC      fs/proc/thread_self.o
  CC      fs/proc/proc_sysctl.o
  CC      fs/proc/proc_net.o
  CC      net/ipv4/igmp.o
  CC      kernel/time/clocksource.o
  CC      net/ipv6/proc.o
  CC      lib/syscall.o
  CC      drivers/mtd/mtdpart.o
  CC      lib/xz/xz_dec_bcj.o
  AR      drivers/usb/built-in.a
  CC      kernel/time/jiffies.o
  CC      drivers/mtd/mtdchar.o
  CC      net/ipv6/sit.o
  CC      net/ipv6/addrconf_core.o
  CC      drivers/mtd/parsers/ofpart_core.o
  CC      net/ipv4/fib_frontend.o
  CC      lib/nlattr.o
  CC      kernel/time/timer_list.o
  CC      fs/proc/vmcore.o
  CC      fs/proc/kmsg.o
  CC      fs/proc/page.o
  CC      kernel/time/timeconv.o
  AR      lib/xz/built-in.a
  CC      kernel/time/timecounter.o
  CC      kernel/elfcorehdr.o
  CC      net/ipv6/exthdrs_core.o
  AR      drivers/mtd/parsers/built-in.a
  CC      drivers/mtd/chips/chipreg.o
  CC      drivers/input/serio/serio.o
  CC      net/ipv4/fib_semantics.o
  CC      net/ipv4/fib_trie.o
  CC      kernel/time/alarmtimer.o
  CC      kernel/time/posix-stubs.o
  CC      drivers/mtd/lpddr/qinfo_probe.o
  CC      drivers/mtd/lpddr/lpddr_cmds.o
  CC      net/ipv4/fib_notifier.o
  CC      drivers/input/serio/serport.o
  CC      lib/checksum.o
  CC      kernel/time/clockevents.o
  AR      fs/proc/built-in.a
  AR      fs/built-in.a
  CC      kernel/crash_reserve.o
  AR      drivers/mtd/chips/built-in.a
  CC      lib/glob.o
  CC      lib/dim/dim.o
  CC      kernel/kexec_core.o
  CC      kernel/crash_core.o
  CC      kernel/kexec_file.o
  CC      lib/dim/net_dim.o
  CC      net/ipv6/ip6_checksum.o
  CC      net/ipv6/ip6_icmp.o
  CC      net/ipv6/output_core.o
  AR      drivers/mtd/lpddr/built-in.a
  CC      drivers/mtd/maps/physmap-core.o
  CC      drivers/input/serio/ps2mult.o
  CC      kernel/time/tick-common.o
  CC      kernel/cgroup/cgroup.o
  CC      net/ipv6/protocol.o
  CC      lib/dim/rdma_dim.o
  CC      kernel/stop_machine.o
  CC      net/ipv4/inet_fragment.o
  CC      net/ipv6/ip6_offload.o
  AR      drivers/mtd/maps/built-in.a
  AR      drivers/mtd/devices/built-in.a
  AR      drivers/mtd/nand/onenand/built-in.a
  AR      drivers/mtd/nand/raw/ingenic/built-in.a
  CC      kernel/time/tick-broadcast.o
  AR      drivers/mtd/nand/raw/built-in.a
  AR      drivers/mtd/nand/spi/built-in.a
  AR      drivers/mtd/tests/built-in.a
  AR      drivers/mtd/nand/built-in.a
  CC      drivers/input/input.o
  AR      lib/dim/built-in.a
  AR      drivers/mtd/built-in.a
  CC      net/ipv6/exthdrs_offload.o
  CC      net/ipv4/ping.o
  CC      drivers/input/input-compat.o
  CC      lib/strncpy_from_user.o
  CC      drivers/i2c/i2c-boardinfo.o
  CC      drivers/i2c/i2c-core-base.o
  CC      drivers/i2c/i2c-core-smbus.o
  CC      drivers/input/serio/libps2.o
  CC      kernel/cgroup/rstat.o
  CC      drivers/i2c/i2c-core-slave.o
  CC      lib/strnlen_user.o
  CC      drivers/i2c/i2c-core-of.o
  CC      drivers/i3c/device.o
  CC      kernel/time/sched_clock.o
  CC      net/ipv6/inet6_hashtables.o
  AR      drivers/input/serio/built-in.a
  CC      drivers/i3c/master.o
  CC      net/ipv4/ip_tunnel_core.o
  CC      kernel/utsname_sysctl.o
  CC      drivers/input/input-mt.o
  CC      lib/net_utils.o
  CC      kernel/cgroup/namespace.o
  CC      drivers/i2c/i2c-core-of-prober.o
  CC      kernel/time/vsyscall.o
  AR      drivers/i3c/master/built-in.a
  CC      net/ipv4/gre_offload.o
  CC      kernel/irq_work.o
  CC      lib/group_cpus.o
  AR      drivers/i2c/algos/built-in.a
  CC      net/ipv6/mcast_snoop.o
  CC      drivers/input/input-poller.o
  AR      drivers/media/i2c/built-in.a
  AR      drivers/media/tuners/built-in.a
  AR      drivers/media/common/b2c2/built-in.a
  CC      drivers/media/rc/keymaps/rc-adstech-dvb-t-pci.o
  AR      drivers/media/common/saa7146/built-in.a
  AR      drivers/media/common/siano/built-in.a
  AR      drivers/media/common/v4l2-tpg/built-in.a
  CC      drivers/media/rc/keymaps/rc-alink-dtu-m.o
  AR      drivers/media/common/videobuf2/built-in.a
  AR      drivers/media/common/built-in.a
  CC      drivers/media/rc/keymaps/rc-anysee.o
  AR      kernel/time/built-in.a
  CC      kernel/cpu_pm.o
  CC      drivers/input/ff-core.o
  CC      kernel/bpf/core.o
  CC      kernel/cgroup/cgroup-v1.o
  CC      drivers/input/touchscreen.o
  AR      drivers/ptp/built-in.a
  AR      drivers/media/platform/allegro-dvt/built-in.a
  AR      drivers/media/platform/amd/isp4/built-in.a
  AR      drivers/media/platform/amlogic/c3/isp/built-in.a
  AR      drivers/media/platform/amd/built-in.a
  CC      drivers/i2c/busses/i2c-nomadik.o
  CC      lib/devmem_is_allowed.o
  AR      drivers/media/platform/amlogic/c3/mipi-adapter/built-in.a
  AR      drivers/media/platform/amlogic/c3/mipi-csi2/built-in.a
  AR      drivers/media/platform/amphion/built-in.a
  CC      drivers/i2c/i2c-slave-testunit.o
  AR      drivers/i2c/muxes/built-in.a
  AR      drivers/media/platform/amlogic/c3/built-in.a
  CC      kernel/cgroup/freezer.o
  CC      drivers/input/touch-overlay.o
  AR      drivers/media/platform/amlogic/meson-ge2d/built-in.a
  CC      drivers/media/rc/keymaps/rc-apac-viewcomp.o
  AR      drivers/media/platform/amlogic/built-in.a
  AR      drivers/media/platform/arm/mali-c55/built-in.a
  AR      drivers/media/platform/arm/built-in.a
  AR      drivers/media/platform/aspeed/built-in.a
  AR      drivers/media/platform/atmel/built-in.a
  AR      drivers/media/platform/broadcom/built-in.a
  AR      drivers/media/platform/cadence/built-in.a
  AR      drivers/power/reset/built-in.a
  CC      drivers/media/rc/keymaps/rc-astrometa-t2hybrid.o
  CC      drivers/power/supply/power_supply_core.o
  AR      drivers/media/platform/chips-media/coda/built-in.a
  CC      net/ipv4/metrics.o
  AR      drivers/media/platform/chips-media/wave5/built-in.a
  AR      drivers/media/platform/chips-media/built-in.a
  AR      drivers/media/platform/imagination/built-in.a
  AR      net/ipv6/built-in.a
  AR      drivers/media/platform/intel/built-in.a
  CC      drivers/media/rc/rc-main.o
  AR      drivers/media/platform/marvell/built-in.a
  AR      drivers/i3c/built-in.a
  AR      drivers/media/platform/mediatek/jpeg/built-in.a
  AR      drivers/media/platform/mediatek/mdp/built-in.a
  AR      drivers/media/platform/mediatek/vpu/built-in.a
  CC      drivers/input/vivaldi-fmap.o
  AR      drivers/media/platform/mediatek/vcodec/common/built-in.a
  AR      lib/lib.a
  AR      drivers/media/platform/mediatek/vcodec/encoder/built-in.a
  CC      drivers/media/rc/keymaps/rc-asus-pc39.o
  AR      drivers/media/platform/mediatek/vcodec/decoder/built-in.a
  AR      drivers/media/platform/mediatek/vcodec/built-in.a
  AR      drivers/media/platform/mediatek/mdp3/built-in.a
  AR      drivers/media/platform/mediatek/built-in.a
  CC      drivers/media/rc/keymaps/rc-asus-ps3-100.o
  AR      drivers/media/platform/microchip/built-in.a
  AR      drivers/media/platform/nuvoton/built-in.a
  AR      drivers/media/platform/nvidia/tegra-vde/built-in.a
  AR      drivers/media/platform/nvidia/built-in.a
  AR      drivers/media/platform/nxp/dw100/built-in.a
  CC      drivers/media/rc/rc-ir-raw.o
  AR      drivers/media/platform/nxp/imx-jpeg/built-in.a
  AR      drivers/media/platform/nxp/imx8-isi/built-in.a
  AR      lib/built-in.a
  AR      drivers/media/platform/nxp/built-in.a
  AR      drivers/media/pci/ttpci/built-in.a
  CC      drivers/media/rc/keymaps/rc-ati-tv-wonder-hd-600.o
  AR      drivers/media/pci/b2c2/built-in.a
  AR      drivers/media/pci/pluto2/built-in.a
  AR      drivers/media/platform/qcom/camss/built-in.a
  AR      drivers/media/platform/qcom/iris/built-in.a
  AR      drivers/media/pci/dm1105/built-in.a
  AR      drivers/media/platform/qcom/venus/built-in.a
  AR      drivers/media/pci/pt1/built-in.a
  AR      drivers/media/platform/qcom/built-in.a
  AR      drivers/media/pci/pt3/built-in.a
  AR      drivers/media/pci/mantis/built-in.a
  CC      drivers/power/supply/adp5061.o
  AR      drivers/media/platform/raspberrypi/pisp_be/built-in.a
  AR      drivers/media/pci/ngene/built-in.a
  AR      drivers/media/platform/raspberrypi/rp1-cfe/built-in.a
  AR      drivers/media/pci/ddbridge/built-in.a
  AR      drivers/media/platform/raspberrypi/built-in.a
  AR      drivers/media/pci/saa7146/built-in.a
  AR      drivers/media/pci/smipcie/built-in.a
  AR      drivers/media/platform/renesas/rcar-isp/built-in.a
  AR      drivers/media/pci/netup_unidvb/built-in.a
  AR      drivers/media/platform/renesas/rcar-vin/built-in.a
  AR      drivers/media/pci/intel/ipu3/built-in.a
  CC      drivers/power/supply/max14656_charger_detector.o
  AR      drivers/media/platform/renesas/rzg2l-cru/built-in.a
  AR      drivers/media/platform/rockchip/rga/built-in.a
  AR      drivers/media/pci/intel/ivsc/built-in.a
  AR      drivers/media/platform/rockchip/rkcif/built-in.a
  AR      drivers/media/pci/intel/built-in.a
  AR      drivers/media/platform/renesas/rzv2h-ivc/built-in.a
  AR      drivers/media/platform/rockchip/rkisp1/built-in.a
  AR      drivers/media/platform/renesas/vsp1/built-in.a
  AR      drivers/media/platform/renesas/built-in.a
  AR      drivers/media/platform/rockchip/rkvdec/built-in.a
  AR      drivers/media/pci/built-in.a
  CC      drivers/input/keyboard/atkbd.o
  AR      drivers/media/platform/rockchip/built-in.a
  CC      drivers/watchdog/watchdog_core.o
  CC      drivers/media/rc/keymaps/rc-ati-x10.o
  CC      drivers/watchdog/watchdog_dev.o
  AR      drivers/media/platform/samsung/exynos-gsc/built-in.a
  AR      kernel/cgroup/built-in.a
  AR      drivers/media/platform/samsung/exynos4-is/built-in.a
  AR      drivers/media/platform/samsung/s3c-camif/built-in.a
  AR      drivers/media/platform/samsung/s5p-g2d/built-in.a
  AR      drivers/media/platform/samsung/s5p-jpeg/built-in.a
  AR      drivers/media/platform/st/sti/bdisp/built-in.a
  AR      drivers/media/platform/st/sti/delta/built-in.a
  AR      drivers/media/platform/samsung/s5p-mfc/built-in.a
  AR      drivers/media/platform/samsung/built-in.a
  AR      drivers/media/platform/st/sti/hva/built-in.a
  AR      drivers/i2c/busses/built-in.a
  AR      drivers/media/platform/st/stm32/built-in.a
  CC      net/ipv4/netlink.o
  AR      drivers/media/platform/st/built-in.a
  AR      drivers/i2c/built-in.a
  AR      drivers/media/platform/sunxi/sun4i-csi/built-in.a
  CC      net/ipv4/nexthop.o
  AR      drivers/media/platform/sunxi/sun6i-csi/built-in.a
  CC      drivers/opp/core.o
  AR      drivers/media/platform/sunxi/sun6i-mipi-csi2/built-in.a
  CC      drivers/input/mouse/gpio_mouse.o
  AR      drivers/media/platform/sunxi/sun8i-a83t-mipi-csi2/built-in.a
  AR      drivers/media/platform/sunxi/sun8i-di/built-in.a
  AR      drivers/media/platform/sunxi/sun8i-rotate/built-in.a
  AR      drivers/media/platform/sunxi/built-in.a
  CC      drivers/input/mouse/psmouse-base.o
  AR      drivers/media/platform/synopsys/hdmirx/built-in.a
  CC      drivers/watchdog/xilinx_wwdt.o
  AR      drivers/media/platform/synopsys/built-in.a
  AR      drivers/media/platform/ti/am437x/built-in.a
  CC      kernel/jump_label.o
  AR      drivers/media/platform/ti/cal/built-in.a
  AR      drivers/media/platform/ti/vpe/built-in.a
  AR      drivers/media/platform/ti/davinci/built-in.a
  CC      drivers/watchdog/mena21_wdt.o
  AR      drivers/media/platform/ti/j721e-csi2rx/built-in.a
  AR      drivers/media/platform/ti/omap/built-in.a
  AR      drivers/media/platform/ti/omap3isp/built-in.a
  AR      drivers/media/platform/ti/built-in.a
  AR      drivers/media/platform/verisilicon/built-in.a
  AR      drivers/media/platform/via/built-in.a
  AR      drivers/media/platform/xilinx/built-in.a
  AR      drivers/media/platform/built-in.a
  CC      drivers/input/mouse/synaptics.o
  AR      kernel/bpf/built-in.a
  CC      drivers/media/rc/keymaps/rc-avermedia-a16d.o
  AR      drivers/mmc/built-in.a
  CC      kernel/context_tracking.o
  AR      drivers/media/usb/b2c2/built-in.a
  AR      drivers/media/usb/dvb-usb/built-in.a
  AR      drivers/power/supply/built-in.a
  CC      kernel/iomem.o
  AR      drivers/media/usb/dvb-usb-v2/built-in.a
  AR      drivers/power/built-in.a
  AR      drivers/media/usb/s2255/built-in.a
  AR      drivers/media/usb/siano/built-in.a
  CC      net/ipv4/udp_tunnel_stub.o
  AR      drivers/media/usb/ttusb-budget/built-in.a
  CC      drivers/opp/cpu.o
  AR      drivers/media/usb/ttusb-dec/built-in.a
  AR      drivers/media/usb/built-in.a
  AR      drivers/media/mmc/siano/built-in.a
  CC      drivers/input/mouse/focaltech.o
  AR      drivers/media/mmc/built-in.a
  CC      drivers/media/rc/keymaps/rc-avermedia-cardbus.o
  AR      drivers/input/keyboard/built-in.a
  CC      net/ipv4/ip_tunnel.o
  CC      drivers/media/rc/keymaps/rc-avermedia-dvbt.o
  CC      drivers/opp/of.o
  AR      drivers/watchdog/built-in.a
  CC      net/ipv4/sysctl_net_ipv4.o
  AR      drivers/ufs/built-in.a
  CC      net/ipv4/proc.o
  AR      drivers/firmware/arm_ffa/built-in.a
  AR      drivers/firmware/arm_scmi/built-in.a
  AR      drivers/firmware/broadcom/built-in.a
  AR      drivers/crypto/stm32/built-in.a
  AR      drivers/firmware/cirrus/test/built-in.a
  AR      drivers/firmware/cirrus/built-in.a
  AR      drivers/crypto/inside-secure/eip93/built-in.a
  AR      drivers/crypto/inside-secure/built-in.a
  AR      drivers/firmware/meson/built-in.a
  AR      drivers/firmware/microchip/built-in.a
  AR      drivers/crypto/xilinx/built-in.a
  AR      drivers/firmware/efi/built-in.a
  AR      drivers/firmware/imx/built-in.a
  AR      drivers/crypto/hisilicon/built-in.a
  CC      drivers/firmware/psci/psci.o
  AR      drivers/crypto/intel/keembay/built-in.a
  AR      drivers/crypto/intel/ixp4xx/built-in.a
  AR      drivers/crypto/intel/built-in.a
  AR      drivers/crypto/starfive/built-in.a
  AR      drivers/firmware/qcom/built-in.a
  AR      drivers/media/firewire/built-in.a
  CC      drivers/input/mouse/alps.o
  AR      drivers/crypto/cavium/built-in.a
  AR      drivers/media/spi/built-in.a
  AR      drivers/crypto/ti/built-in.a
  CC      drivers/media/rc/keymaps/rc-avermedia-m135a.o
  AR      drivers/crypto/built-in.a
  CC      drivers/clocksource/timer-of.o
  CC      net/ipv4/tunnel4.o
  CC      drivers/hid/hid-core.o
  AR      kernel/built-in.a
  CC      drivers/clocksource/timer-probe.o
  CC      drivers/hid/hid-input.o
  CC      drivers/of/base.o
  CC      drivers/hid/hid-quirks.o
  CC      drivers/of/cpu.o
  AR      drivers/opp/built-in.a
  CC      drivers/hid/hid-generic.o
  CC      drivers/media/rc/keymaps/rc-avermedia-m733a-rm-k6.o
  CC      drivers/of/device.o
  CC      drivers/clocksource/mmio.o
  AR      drivers/media/test-drivers/built-in.a
  AR      drivers/firmware/psci/built-in.a
  CC      drivers/input/mouse/byd.o
  AR      drivers/firmware/samsung/built-in.a
  CC      drivers/firmware/smccc/smccc.o
  CC      drivers/firmware/smccc/kvm_guest.o
  AR      drivers/firmware/tegra/built-in.a
  CC      drivers/ssb/main.o
  AR      drivers/firmware/xilinx/built-in.a
  AR      drivers/platform/built-in.a
  CC      drivers/media/rc/keymaps/rc-avermedia.o
  CC      drivers/media/rc/keymaps/rc-avermedia-rm-ks.o
  CC      drivers/input/mouse/logips2pp.o
  CC      net/ipv4/inet_diag.o
  CC      drivers/input/mouse/trackpoint.o
  CC      drivers/input/mouse/cypress_ps2.o
  CC      drivers/clocksource/timer-tegra.o
  CC      drivers/input/mouse/psmouse-smbus.o
  CC      drivers/ssb/scan.o
  CC      drivers/of/module.o
  CC      drivers/mailbox/mailbox.o
  CC      net/ipv4/tcp_diag.o
  CC      drivers/media/rc/keymaps/rc-avertv-303.o
  AR      drivers/firmware/smccc/built-in.a
  AR      drivers/firmware/built-in.a
  CC      net/ipv4/tcp_cubic.o
  CC      drivers/clocksource/arm_arch_timer.o
  CC      drivers/ssb/driver_chipcommon.o
  AR      drivers/hid/built-in.a
  CC      drivers/of/platform.o
  CC      drivers/clocksource/arm_arch_timer_mmio.o
  CC      drivers/clocksource/dummy_timer.o
  CC      drivers/ssb/driver_chipcommon_pmu.o
  CC      drivers/hwspinlock/hwspinlock_core.o
  AR      drivers/virt/vboxguest/built-in.a
  AR      drivers/virt/coco/built-in.a
  AR      drivers/virt/built-in.a
  CC      drivers/media/rc/keymaps/rc-azurewave-ad-tu700.o
  CC      drivers/media/rc/keymaps/rc-beelink-gs1.o
  CC      drivers/media/rc/keymaps/rc-beelink-mxiii.o
  CC      drivers/media/rc/keymaps/rc-behold-columbus.o
  AR      drivers/mailbox/built-in.a
  AR      drivers/hwtracing/intel_th/built-in.a
  AR      drivers/input/mouse/built-in.a
  CC      drivers/media/rc/keymaps/rc-behold.o
  AR      drivers/input/built-in.a
  CC      drivers/of/property.o
  CC      drivers/of/kobj.o
  CC      drivers/media/rc/keymaps/rc-budget-ci-old.o
  CC      drivers/media/rc/keymaps/rc-cinergy-1400.o
  AR      drivers/android/built-in.a
  CC      drivers/media/rc/keymaps/rc-cinergy.o
  AR      drivers/resctrl/built-in.a
  CC      drivers/of/dynamic.o
  CC      drivers/of/fdt.o
  CC      drivers/media/rc/keymaps/rc-ct-90405.o
  AR      drivers/clocksource/built-in.a
  DTC     drivers/of/empty_root.dtb
  CC      drivers/of/fdt_address.o
  AR      drivers/hwspinlock/built-in.a
  CC      drivers/media/rc/keymaps/rc-d680-dmb.o
  CC      drivers/of/address.o
  CC      drivers/media/rc/keymaps/rc-delock-61959.o
  CC      drivers/of/irq.o
  CC      drivers/media/rc/keymaps/rc-dib0700-nec.o
  AR      drivers/ssb/built-in.a
  CC      drivers/of/of_reserved_mem.o
  AR      net/ipv4/built-in.a
  AR      net/built-in.a
  CC      drivers/media/rc/keymaps/rc-dib0700-rc5.o
  CC      drivers/of/resolver.o
  CC      drivers/media/rc/keymaps/rc-digitalnow-tinytwin.o
  CC      drivers/media/rc/keymaps/rc-digittrade.o
  CC      drivers/media/rc/keymaps/rc-dm1105-nec.o
  CC      drivers/of/overlay.o
  CC      drivers/of/kexec.o
  CC      drivers/media/rc/keymaps/rc-dntv-live-dvb-t.o
  WRAP    drivers/of/empty_root.dtb.S
  CC      drivers/media/rc/keymaps/rc-dntv-live-dvbt-pro.o
  AS      drivers/of/empty_root.dtb.o
  CC      drivers/media/rc/keymaps/rc-dreambox.o
  CC      drivers/media/rc/keymaps/rc-dtt200u.o
  CC      drivers/media/rc/keymaps/rc-dvbsky.o
  CC      drivers/media/rc/keymaps/rc-dvico-mce.o
  CC      drivers/media/rc/keymaps/rc-dvico-portable.o
  CC      drivers/media/rc/keymaps/rc-em-terratec.o
  CC      drivers/media/rc/keymaps/rc-encore-enltv2.o
  CC      drivers/media/rc/keymaps/rc-encore-enltv-fm53.o
  CC      drivers/media/rc/keymaps/rc-encore-enltv.o
  CC      drivers/media/rc/keymaps/rc-evga-indtube.o
  CC      drivers/media/rc/keymaps/rc-eztv.o
  CC      drivers/media/rc/keymaps/rc-flydvb.o
  CC      drivers/media/rc/keymaps/rc-flyvideo.o
  CC      drivers/media/rc/keymaps/rc-fusionhdtv-mce.o
  CC      drivers/media/rc/keymaps/rc-gadmei-rm008z.o
  CC      drivers/media/rc/keymaps/rc-geekbox.o
  CC      drivers/media/rc/keymaps/rc-genius-tvgo-a11mce.o
  CC      drivers/media/rc/keymaps/rc-gotview7135.o
  CC      drivers/media/rc/keymaps/rc-hauppauge.o
  AR      drivers/of/built-in.a
  CC      drivers/media/rc/keymaps/rc-hisi-poplar.o
  CC      drivers/media/rc/keymaps/rc-hisi-tv-demo.o
  CC      drivers/media/rc/keymaps/rc-imon-mce.o
  CC      drivers/media/rc/keymaps/rc-imon-pad.o
  CC      drivers/media/rc/keymaps/rc-imon-rsc.o
  CC      drivers/media/rc/keymaps/rc-iodata-bctv7e.o
  CC      drivers/media/rc/keymaps/rc-it913x-v1.o
  CC      drivers/media/rc/keymaps/rc-it913x-v2.o
  CC      drivers/media/rc/keymaps/rc-kaiomy.o
  CC      drivers/media/rc/keymaps/rc-khadas.o
  CC      drivers/media/rc/keymaps/rc-khamsin.o
  CC      drivers/media/rc/keymaps/rc-kworld-315u.o
  CC      drivers/media/rc/keymaps/rc-kworld-pc150u.o
  CC      drivers/media/rc/keymaps/rc-kworld-plus-tv-analog.o
  CC      drivers/media/rc/keymaps/rc-leadtek-y04g0051.o
  CC      drivers/media/rc/keymaps/rc-lme2510.o
  CC      drivers/media/rc/keymaps/rc-manli.o
  CC      drivers/media/rc/keymaps/rc-mecool-kiii-pro.o
  CC      drivers/media/rc/keymaps/rc-mecool-kii-pro.o
  CC      drivers/media/rc/keymaps/rc-medion-x10-digitainer.o
  CC      drivers/media/rc/keymaps/rc-medion-x10.o
  CC      drivers/media/rc/keymaps/rc-medion-x10-or2x.o
  CC      drivers/media/rc/keymaps/rc-minix-neo.o
  CC      drivers/media/rc/keymaps/rc-msi-digivox-iii.o
  CC      drivers/media/rc/keymaps/rc-msi-digivox-ii.o
  CC      drivers/media/rc/keymaps/rc-msi-tvanywhere.o
  CC      drivers/media/rc/keymaps/rc-msi-tvanywhere-plus.o
  CC      drivers/media/rc/keymaps/rc-mygica-utv3.o
  CC      drivers/media/rc/keymaps/rc-nebula.o
  CC      drivers/media/rc/keymaps/rc-nec-terratec-cinergy-xs.o
  CC      drivers/media/rc/keymaps/rc-norwood.o
  CC      drivers/media/rc/keymaps/rc-npgtech.o
  CC      drivers/media/rc/keymaps/rc-odroid.o
  CC      drivers/media/rc/keymaps/rc-pctv-sedna.o
  CC      drivers/media/rc/keymaps/rc-pine64.o
  CC      drivers/media/rc/keymaps/rc-pinnacle-color.o
  CC      drivers/media/rc/keymaps/rc-pinnacle-grey.o
  CC      drivers/media/rc/keymaps/rc-pinnacle-pctv-hd.o
  CC      drivers/media/rc/keymaps/rc-pixelview-002t.o
  CC      drivers/media/rc/keymaps/rc-pixelview-mk12.o
  CC      drivers/media/rc/keymaps/rc-pixelview-new.o
  CC      drivers/media/rc/keymaps/rc-pixelview.o
  CC      drivers/media/rc/keymaps/rc-powercolor-real-angel.o
  CC      drivers/media/rc/keymaps/rc-proteus-2309.o
  CC      drivers/media/rc/keymaps/rc-purpletv.o
  CC      drivers/media/rc/keymaps/rc-pv951.o
  CC      drivers/media/rc/keymaps/rc-rc6-mce.o
  CC      drivers/media/rc/keymaps/rc-real-audio-220-32-keys.o
  CC      drivers/media/rc/keymaps/rc-reddo.o
  CC      drivers/media/rc/keymaps/rc-siemens-gigaset-rc20.o
  CC      drivers/media/rc/keymaps/rc-snapstream-firefly.o
  CC      drivers/media/rc/keymaps/rc-streamzap.o
  CC      drivers/media/rc/keymaps/rc-su3000.o
  CC      drivers/media/rc/keymaps/rc-tanix-tx3mini.o
  CC      drivers/media/rc/keymaps/rc-tanix-tx5max.o
  CC      drivers/media/rc/keymaps/rc-tbs-nec.o
  CC      drivers/media/rc/keymaps/rc-technisat-ts35.o
  CC      drivers/media/rc/keymaps/rc-technisat-usb2.o
  CC      drivers/media/rc/keymaps/rc-terratec-cinergy-c-pci.o
  CC      drivers/media/rc/keymaps/rc-terratec-cinergy-s2-hd.o
  CC      drivers/media/rc/keymaps/rc-terratec-cinergy-xs.o
  CC      drivers/media/rc/keymaps/rc-terratec-slim-2.o
  CC      drivers/media/rc/keymaps/rc-terratec-slim.o
  CC      drivers/media/rc/keymaps/rc-tevii-nec.o
  CC      drivers/media/rc/keymaps/rc-tivo.o
  CC      drivers/media/rc/keymaps/rc-total-media-in-hand-02.o
  CC      drivers/media/rc/keymaps/rc-total-media-in-hand.o
  CC      drivers/media/rc/keymaps/rc-trekstor.o
  CC      drivers/media/rc/keymaps/rc-tt-1500.o
  CC      drivers/media/rc/keymaps/rc-twinhan1027.o
  CC      drivers/media/rc/keymaps/rc-twinhan-dtv-cab-ci.o
  CC      drivers/media/rc/keymaps/rc-vega-s9x.o
  CC      drivers/media/rc/keymaps/rc-videomate-m1f.o
  CC      drivers/media/rc/keymaps/rc-videomate-s350.o
  CC      drivers/media/rc/keymaps/rc-videomate-tv-pvr.o
  CC      drivers/media/rc/keymaps/rc-wetek-hub.o
  CC      drivers/media/rc/keymaps/rc-videostrong-kii-pro.o
  CC      drivers/media/rc/keymaps/rc-wetek-play2.o
  CC      drivers/media/rc/keymaps/rc-winfast.o
  CC      drivers/media/rc/keymaps/rc-winfast-usbii-deluxe.o
  CC      drivers/media/rc/keymaps/rc-x96max.o
  CC      drivers/media/rc/keymaps/rc-xbox-360.o
  CC      drivers/media/rc/keymaps/rc-xbox-dvd.o
  CC      drivers/media/rc/keymaps/rc-zx-irdec.o
  AR      drivers/media/rc/keymaps/built-in.a
  AR      drivers/media/rc/built-in.a
  AR      drivers/media/built-in.a
  AR      drivers/built-in.a
  AR      built-in.a
  AR      built-in-fixup.a
  COPY    vmlinux.a
  LD      vmlinux.o
  MODPOST vmlinux.symvers
  CC      .vmlinux.export.o
  UPD     include/generated/utsversion.h
  CC      init/version-timestamp.o
  KSYMS   .tmp_vmlinux0.kallsyms.S
  AS      .tmp_vmlinux0.kallsyms.o
  LD      .tmp_vmlinux1
  NM      .tmp_vmlinux1.syms
  KSYMS   .tmp_vmlinux1.kallsyms.S
  AS      .tmp_vmlinux1.kallsyms.o
  LD      .tmp_vmlinux2
  NM      .tmp_vmlinux2.syms
  KSYMS   .tmp_vmlinux2.kallsyms.S
  AS      .tmp_vmlinux2.kallsyms.o
  LD      vmlinux.unstripped
  NM      System.map
  SORTTAB vmlinux.unstripped
  OBJCOPY vmlinux
  GEN     modules.builtin.modinfo
  GEN     modules.builtin
  OBJCOPY arch/arm64/boot/Image
make[5]: Leaving directory '/home/benni/git/kernel-test-stable-rc/build/rand500nsconfig-arm64'
make[4]: Leaving directory '/home/benni/git/linux-stable-rc'
