make[4]: Entering directory '/mnt/git-volume/linux-stable-rc'
make[5]: Entering directory '/mnt/git-volume/kernel-test-stable-rc/build/rand500nsconfig-i386'
#
# configuration written to .config
#
Using .config as base
Merging /mnt/git-volume/linux-stable-rc/kernel/configs/tiny.config
Value of CONFIG_KERNEL_XZ is redefined by fragment /mnt/git-volume/linux-stable-rc/kernel/configs/tiny.config:
Previous value: # CONFIG_KERNEL_XZ is not set
New value: CONFIG_KERNEL_XZ=y

Value of CONFIG_CC_OPTIMIZE_FOR_SIZE is redefined by fragment /mnt/git-volume/linux-stable-rc/kernel/configs/tiny.config:
Previous value: # CONFIG_CC_OPTIMIZE_FOR_SIZE is not set
New value: CONFIG_CC_OPTIMIZE_FOR_SIZE=y

Value of CONFIG_SLUB_TINY is redefined by fragment /mnt/git-volume/linux-stable-rc/kernel/configs/tiny.config:
Previous value: # CONFIG_SLUB_TINY is not set
New value: CONFIG_SLUB_TINY=y

Merging /mnt/git-volume/linux-stable-rc/arch/x86/configs/tiny.config
Value of CONFIG_UNWINDER_GUESS is redefined by fragment /mnt/git-volume/linux-stable-rc/arch/x86/configs/tiny.config:
Previous value: # CONFIG_UNWINDER_GUESS is not set
New value: CONFIG_UNWINDER_GUESS=y

#
# merged configuration written to .config (needs make)
#
#
# configuration written to .config
#
make[5]: Leaving directory '/mnt/git-volume/kernel-test-stable-rc/build/rand500nsconfig-i386'
make[4]: Leaving directory '/mnt/git-volume/linux-stable-rc'
make[4]: Entering directory '/mnt/git-volume/linux-stable-rc'
make[5]: Entering directory '/tmp/tmp.aBqwTUgSPp'
  UPD     /tmp/tmp.aBqwTUgSPp/Makefile
  HOSTCC  scripts/basic/fixdep
  HOSTCC  scripts/kconfig/conf.o
  HOSTCC  scripts/kconfig/confdata.o
  HOSTCC  scripts/kconfig/expr.o
  LEX     scripts/kconfig/lexer.lex.c
  YACC    scripts/kconfig/parser.tab.[ch]
  HOSTCC  scripts/kconfig/lexer.lex.o
  HOSTCC  scripts/kconfig/menu.o
  HOSTCC  scripts/kconfig/parser.tab.o
  HOSTCC  scripts/kconfig/preprocess.o
  HOSTCC  scripts/kconfig/symbol.o
  HOSTCC  scripts/kconfig/util.o
  HOSTLD  scripts/kconfig/conf
KCONFIG_SEED=0x74221595
#
# configuration written to .config
#
make[5]: Leaving directory '/tmp/tmp.aBqwTUgSPp'
make[4]: Leaving directory '/mnt/git-volume/linux-stable-rc'
make[4]: Entering directory '/mnt/git-volume/linux-stable-rc'
make[5]: Entering directory '/tmp/tmp.aBqwTUgSPp'
.config:6041:warning: override: reassigning to symbol PRINTK
.config:6045:warning: override: reassigning to symbol TTY
.config:6048:warning: override: reassigning to symbol BLK_DEV_INITRD
.config:6052:warning: override: reassigning to symbol BINFMT_ELF
.config:6053:warning: override: reassigning to symbol BINFMT_SCRIPT
.config:6059:warning: override: reassigning to symbol KERNEL_GZIP
.config:6065:warning: override: reassigning to symbol KERNEL_BZIP2
.config:6066:warning: override: reassigning to symbol KERNEL_LZMA
.config:6067:warning: override: reassigning to symbol KERNEL_XZ
.config:6068:warning: override: reassigning to symbol KERNEL_LZO
.config:6069:warning: override: reassigning to symbol KERNEL_LZ4
.config:6070:warning: override: reassigning to symbol KERNEL_ZSTD
.config:6073:warning: override: reassigning to symbol MODULES
.config:6076:warning: override: reassigning to symbol DRM
.config:6077:warning: override: reassigning to symbol SOUND
.config:6078:warning: override: reassigning to symbol STAGING
.config:6080:warning: override: reassigning to symbol MEDIA_SUPPORT
.config:6090:warning: override: reassigning to symbol KFENCE
.config:6091:warning: override: reassigning to symbol UBSAN
.config:6098:warning: override: reassigning to symbol RCU_TORTURE_TEST
.config:6099:warning: override: reassigning to symbol RCU_SCALE_TEST
.config:6100:warning: override: reassigning to symbol LOCK_TORTURE_TEST
.config:6110:warning: override: reassigning to symbol DEBUG_PREEMPT
.config:6111:warning: override: reassigning to symbol DEBUG_ATOMIC_SLEEP
.config:6118:warning: override: reassigning to symbol KUNIT
.config:6126:warning: override: reassigning to symbol OF_UNITTEST
#
# configuration written to .config
#
make[5]: Leaving directory '/tmp/tmp.aBqwTUgSPp'
make[4]: Leaving directory '/mnt/git-volume/linux-stable-rc'
make[4]: Entering directory '/mnt/git-volume/linux-stable-rc'
make[5]: Entering directory '/mnt/git-volume/kernel-test-stable-rc/build/rand500nsconfig-i386'
.config:1381:warning: override: reassigning to symbol C2PORT
.config:1383:warning: override: reassigning to symbol DEBUG_MISC
.config:1384:warning: override: reassigning to symbol HAVE_PERF_USER_STACK_DUMP
.config:1386:warning: override: reassigning to symbol PHY_CAN_TRANSCEIVER
.config:1388:warning: override: reassigning to symbol RCU_EQS_DEBUG
.config:1391:warning: override: reassigning to symbol HAVE_HW_BREAKPOINT
.config:1396:warning: override: reassigning to symbol EDAC_SUPPORT
.config:1398:warning: override: reassigning to symbol POWERCAP
.config:1399:warning: override: reassigning to symbol INOTIFY_USER
.config:1401:warning: override: reassigning to symbol LOCK_STAT
.config:1410:warning: override: reassigning to symbol BINFMT_ELF
.config:1412:warning: override: reassigning to symbol STATIC_USERMODEHELPER
.config:1413:warning: override: reassigning to symbol CROSS_MEMORY_ATTACH
.config:1419:warning: override: reassigning to symbol MFD_SYSCON
.config:1420:warning: override: reassigning to symbol COMPACTION
.config:1422:warning: override: reassigning to symbol HAVE_SETUP_PER_CPU_AREA
.config:1423:warning: override: reassigning to symbol REGULATOR
.config:1426:warning: override: reassigning to symbol HAVE_FUNCTION_ERROR_INJECTION
.config:1431:warning: override: reassigning to symbol HW_RANDOM
.config:1438:warning: override: reassigning to symbol HAVE_FUNCTION_TRACER
.config:1441:warning: override: reassigning to symbol EXPORTFS_BLOCK_OPS
.config:1458:warning: override: reassigning to symbol MEMTEST
.config:1461:warning: override: reassigning to symbol HARDLOCKUP_DETECTOR
.config:1462:warning: override: reassigning to symbol CC_HAS_ENTRY_PADDING
.config:1472:warning: override: reassigning to symbol HZ_250
.config:1473:warning: override: reassigning to symbol MMU_GATHER_TABLE_FREE
.config:1476:warning: override: reassigning to symbol GCC_ASM_GOTO_OUTPUT_BROKEN
.config:1477:warning: override: reassigning to symbol CC_HAS_SLS
.config:1481:warning: override: reassigning to symbol TOOLS_SUPPORT_RELR
.config:1482:warning: override: reassigning to symbol ARCH_SUPPORTS_LTO_CLANG
.config:1486:warning: override: reassigning to symbol ARCH_SUPPORTS_KEXEC
.config:1492:warning: override: reassigning to symbol DNOTIFY
.config:1494:warning: override: reassigning to symbol DEBUG_KMAP_LOCAL
.config:1497:warning: override: reassigning to symbol HAVE_ASM_MODVERSIONS
.config:1499:warning: override: reassigning to symbol HAVE_PREEMPT_DYNAMIC_CALL
.config:1501:warning: override: reassigning to symbol SPARSEMEM_STATIC
.config:1502:warning: override: reassigning to symbol PTP_1588_CLOCK_OPTIONAL
.config:1505:warning: override: reassigning to symbol PECI
.config:1524:warning: override: reassigning to symbol ARCH_HIBERNATION_POSSIBLE
.config:1525:warning: override: reassigning to symbol COMPAT_VDSO
.config:1526:warning: override: reassigning to symbol SERIO
.config:1531:warning: override: reassigning to symbol CC_HAS_NAMED_AS_FIXED_SANITIZERS
.config:1532:warning: override: reassigning to symbol HAVE_NMI
.config:1534:warning: override: reassigning to symbol CLKSRC_I8253
.config:1537:warning: override: reassigning to symbol HAVE_PCI
.config:1545:warning: override: reassigning to symbol QUOTA
.config:1546:warning: override: reassigning to symbol PAGE_REPORTING
.config:1548:warning: override: reassigning to symbol ARCH_USE_CMPXCHG_LOCKREF
.config:1549:warning: override: reassigning to symbol ARCH_HAS_SET_MEMORY
.config:1560:warning: override: reassigning to symbol ZONE_DMA
.config:1562:warning: override: reassigning to symbol SRAM
.config:1563:warning: override: reassigning to symbol GENERIC_IRQ_PROBE
.config:1564:warning: override: reassigning to symbol FWCTL
.config:1568:warning: override: reassigning to symbol USER_STACKTRACE_SUPPORT
.config:1571:warning: override: reassigning to symbol GENERIC_SYSCALL
.config:1576:warning: override: reassigning to symbol CC_OPTIMIZE_FOR_PERFORMANCE
.config:1577:warning: override: reassigning to symbol ISA_DMA_API
.config:1580:warning: override: reassigning to symbol SIOX
.config:1583:warning: override: reassigning to symbol DEBUG_RWSEMS
.config:1587:warning: override: reassigning to symbol ARCH_STACKWALK
.config:1599:warning: override: reassigning to symbol ARCH_SUPPORTS_HUGETLBFS
.config:1603:warning: override: reassigning to symbol MICROCODE
.config:1609:warning: override: reassigning to symbol HAVE_DEBUG_STACKOVERFLOW
.config:1614:warning: override: reassigning to symbol LOCALVERSION_AUTO
.config:1615:warning: override: reassigning to symbol BINFMT_SCRIPT
.config:1616:warning: override: reassigning to symbol FS_VERITY
.config:1618:warning: override: reassigning to symbol RELOCATABLE
.config:1623:warning: override: reassigning to symbol BCMA
.config:1625:warning: override: reassigning to symbol MMU
.config:1626:warning: override: reassigning to symbol ARCH_HAS_CACHE_LINE_SIZE
.config:1631:warning: override: reassigning to symbol TRACE_IRQFLAGS_SUPPORT
.config:1632:warning: override: reassigning to symbol PROC_MEM_ALWAYS_FORCE
.config:1643:warning: override: reassigning to symbol X86_DISABLED_FEATURE_UMIP
.config:1655:warning: override: reassigning to symbol PHY_INTEL_LGM_EMMC
.config:1657:warning: override: reassigning to symbol PROVE_LOCKING
.config:1667:warning: override: reassigning to symbol LD_IS_BFD
.config:1669:warning: override: reassigning to symbol GENERIC_CPU_AUTOPROBE
.config:1684:warning: override: reassigning to symbol XZ_DEC
.config:1686:warning: override: reassigning to symbol HTE
.config:1702:warning: override: reassigning to symbol MFD_TQMX86
.config:1704:warning: override: reassigning to symbol HAVE_ARCH_KSTACK_ERASE
.config:1705:warning: override: reassigning to symbol PREEMPTION
.config:1710:warning: override: reassigning to symbol CC_HAS_RETURN_THUNK
.config:1712:warning: override: reassigning to symbol NLS
.config:1714:warning: override: reassigning to symbol X86_DISABLED_FEATURE_IBT
.config:1726:warning: override: reassigning to symbol HAVE_ARCH_MMAP_RND_BITS
.config:1736:warning: override: reassigning to symbol DEVMEM
.config:1748:warning: override: reassigning to symbol THREAD_INFO_IN_TASK
.config:1750:warning: override: reassigning to symbol GENERIC_IRQ_ENTRY
.config:1756:warning: override: reassigning to symbol HAVE_KERNEL_LZO
.config:1757:warning: override: reassigning to symbol KCMP
.config:1761:warning: override: reassigning to symbol HAVE_KERNEL_XZ
.config:1773:warning: override: reassigning to symbol CLKEVT_I8253
.config:1774:warning: override: reassigning to symbol HAVE_DYNAMIC_FTRACE_WITH_REGS
.config:1782:warning: override: reassigning to symbol SLUB_TINY
.config:1791:warning: override: reassigning to symbol ARCH_USE_QUEUED_RWLOCKS
.config:1793:warning: override: reassigning to symbol COMPAT_BRK
.config:1802:warning: override: reassigning to symbol USB_OHCI_LITTLE_ENDIAN
.config:1805:warning: override: reassigning to symbol AUTOFS_FS
.config:1813:warning: override: reassigning to symbol SOFTLOCKUP_DETECTOR
.config:1817:warning: override: reassigning to symbol ARCH_HAS_PTDUMP
.config:1832:warning: override: reassigning to symbol ARCH_HAS_PARANOID_L1D_FLUSH
.config:1835:warning: override: reassigning to symbol DEBUG_LIST
.config:1837:warning: override: reassigning to symbol AS_HAS_NON_CONST_ULEB128
.config:1845:warning: override: reassigning to symbol SECURITYFS
.config:1848:warning: override: reassigning to symbol MISC_FILESYSTEMS
.config:1854:warning: override: reassigning to symbol PC104
.config:1858:warning: override: reassigning to symbol CC_HAS_WORKING_NOSANITIZE_ADDRESS
.config:1859:warning: override: reassigning to symbol X86_CPUID
.config:1870:warning: override: reassigning to symbol UNICODE
.config:1889:warning: override: reassigning to symbol PRINTK
.config:1893:warning: override: reassigning to symbol TTY
.config:1896:warning: override: reassigning to symbol BLK_DEV_INITRD
.config:1900:warning: override: reassigning to symbol BINFMT_ELF
.config:1901:warning: override: reassigning to symbol BINFMT_SCRIPT
.config:1907:warning: override: reassigning to symbol KERNEL_GZIP
.config:1918:warning: override: reassigning to symbol UTS_NS
.config:1926:warning: override: reassigning to symbol CGROUPS
.config:1930:warning: override: reassigning to symbol PROC_FS
.config:1931:warning: override: reassigning to symbol NET
.config:1933:warning: override: reassigning to symbol TMPFS
.config:1934:warning: override: reassigning to symbol SYSVIPC
.config:1935:warning: override: reassigning to symbol FUTEX
#
# configuration written to .config
#
make[5]: Leaving directory '/mnt/git-volume/kernel-test-stable-rc/build/rand500nsconfig-i386'
make[4]: Leaving directory '/mnt/git-volume/linux-stable-rc'
make[4]: Entering directory '/mnt/git-volume/linux-stable-rc'
make[5]: Entering directory '/mnt/git-volume/kernel-test-stable-rc/build/rand500nsconfig-i386'
  SYNC    include/config/auto.conf.cmd
  HOSTCC  scripts/asn1_compiler
  HOSTCC  scripts/tracepoint-update.o
  HOSTLD  scripts/tracepoint-update
  UPD     include/config/kernel.release
  UPD     include/generated/utsrelease.h
  CC      scripts/mod/empty.o
  CC      scripts/mod/devicetable-offsets.s
  MKELF   scripts/mod/elfconfig.h
  HOSTCC  scripts/mod/modpost.o
  HOSTCC  scripts/mod/sumversion.o
  HOSTCC  scripts/mod/symsearch.o
  HOSTCC  scripts/mod/file2alias.o
  HOSTLD  scripts/mod/modpost
  CC      kernel/bounds.s
  CC      arch/x86/kernel/asm-offsets.s
  UPD     include/generated/asm-offsets.h
  CC      kernel/sched/rq-offsets.s
  UPD     include/generated/rq-offsets.h
  CALL    /mnt/git-volume/linux-stable-rc/scripts/checksyscalls.sh 
  GEN     usr/initramfs_data.cpio
  AS      arch/x86/entry/entry.o
  COPY    usr/initramfs_inc_data
  CC      init/main.o
  AS      usr/initramfs_data.o
  AS      arch/x86/entry/entry_32.o
  AR      usr/built-in.a
  CC      certs/system_keyring.o
  CC      arch/x86/entry/syscall_32.o
  CC      kernel/fork.o
  HOSTCC  certs/extract-cert
  CERT    certs/x509_certificate_list
  CERT    certs/signing_key.x509
  AS      certs/system_certificates.o
  AR      certs/built-in.a
  CC      mm/filemap.o
  CC      arch/x86/entry/common.o
  UPD     init/utsversion-tmp.h
  CC      init/do_mounts.o
  CC      arch/x86/entry/vdso/vma.o
  CC      kernel/exec_domain.o
  CC      init/do_mounts_initrd.o
  CC      arch/x86/entry/vdso/extable.o
  CC      kernel/exec_state.o
  CC      kernel/panic.o
  CC      mm/mempool.o
  CC      arch/x86/entry/vdso/vdso32-setup.o
  CC      init/initramfs.o
  LDS     arch/x86/entry/vdso/vdso32/vdso32.lds
  CC      arch/x86/entry/vdso/vdso32/vclock_gettime.o
  CC      kernel/cpu.o
  CC      mm/oom_kill.o
  CC      arch/x86/entry/vdso/vdso32/vgetcpu.o
  AS      arch/x86/entry/vdso/vdso32/system_call.o
  AS      arch/x86/entry/vdso/vdso32/sigreturn.o
  VDSO    arch/x86/entry/vdso/vdso32/vdso32.so.dbg
  CC      init/calibrate.o
  OBJCOPY arch/x86/entry/vdso/vdso32/vdso32.so
  VDSO2C  arch/x86/entry/vdso/vdso32/vdso32-image.c
  CC      arch/x86/entry/vdso/vdso32/vdso32-image.o
  CC      init/init_task.o
  AR      arch/x86/entry/vdso/vdso32/built-in.a
  AR      arch/x86/entry/vdso/built-in.a
  AS      arch/x86/entry/thunk.o
  AR      arch/x86/entry/built-in.a
  CC      arch/x86/events/core.o
  CC      kernel/exit.o
  CC      mm/fadvise.o
  CC      init/version.o
  AR      init/built-in.a
  CC      fs/open.o
  CC      mm/maccess.o
  CC      kernel/softirq.o
  CC      arch/x86/events/probe.o
  CC      arch/x86/events/utils.o
  CC      mm/page-writeback.o
  CC      kernel/resource.o
  CC      fs/read_write.o
  CC      arch/x86/events/amd/core.o
  CC      mm/folio-compat.o
  CC      kernel/sysctl.o
  CC      arch/x86/events/amd/lbr.o
  CC      fs/file_table.o
  CC      mm/readahead.o
  CC      kernel/capability.o
  AR      arch/x86/events/amd/built-in.a
  CC      arch/x86/events/intel/core.o
  CC      fs/super.o
  CC      kernel/ptrace.o
  CC      mm/swap.o
  CC      fs/char_dev.o
  CC      kernel/user.o
  CC      fs/stat.o
  CC      mm/truncate.o
  CC      kernel/signal.o
  CC      fs/exec.o
  CC      mm/vmscan.o
  CC      arch/x86/events/intel/bts.o
  CC      kernel/sys.o
  CC      fs/pipe.o
  CC      arch/x86/events/intel/ds.o
  CC      mm/shrinker.o
  CC      fs/namei.o
  CC      kernel/umh.o
  CC      mm/shmem.o
  CC      kernel/workqueue.o
  CC      arch/x86/events/intel/knc.o
  CC      mm/util.o
  CC      arch/x86/events/intel/lbr.o
  CC      fs/fcntl.o
  CC      mm/mmzone.o
  CC      mm/vmstat.o
  CC      kernel/pid.o
  CC      fs/ioctl.o
  CC      arch/x86/events/intel/p4.o
  CC      mm/backing-dev.o
  CC      fs/readdir.o
  CC      arch/x86/events/intel/p6.o
  CC      kernel/task_work.o
  CC      mm/mm_init.o
  CC      arch/x86/events/intel/pt.o
  CC      fs/select.o
  CC      kernel/extable.o
  CC      mm/percpu.o
  AR      arch/x86/events/intel/built-in.a
  CC      arch/x86/events/zhaoxin/core.o
  CC      kernel/params.o
  CC      fs/dcache.o
  AR      arch/x86/events/zhaoxin/built-in.a
  AR      arch/x86/events/built-in.a
  CC      arch/x86/realmode/init.o
  CC      kernel/kthread.o
  CC      mm/slab_common.o
  AS      arch/x86/realmode/rm/header.o
  AS      arch/x86/realmode/rm/trampoline_32.o
  AS      arch/x86/realmode/rm/stack.o
  AS      arch/x86/realmode/rm/reboot.o
  PASYMS  arch/x86/realmode/rm/pasyms.h
  LDS     arch/x86/realmode/rm/realmode.lds
  LD      arch/x86/realmode/rm/realmode.elf
  RELOCS  arch/x86/realmode/rm/realmode.relocs
  OBJCOPY arch/x86/realmode/rm/realmode.bin
  AS      arch/x86/realmode/rmpiggy.o
  AR      arch/x86/realmode/built-in.a
  CC      fs/inode.o
  AS      arch/x86/kernel/head_32.o
  CC      arch/x86/kernel/head32.o
  CC      kernel/sys_ni.o
  CC      kernel/nsproxy.o
  CC      arch/x86/kernel/ebda.o
  CC      mm/compaction.o
  CC      arch/x86/kernel/platform-quirks.o
  CC      kernel/nstree.o
  CC      fs/attr.o
  CC      arch/x86/kernel/process_32.o
  CC      kernel/nscommon.o
  CC      fs/bad_inode.o
  CC      arch/x86/kernel/signal.o
  CC      mm/show_mem.o
  CC      kernel/notifier.o
  CC      fs/file.o
  CC      arch/x86/kernel/signal_32.o
  CC      mm/interval_tree.o
  CC      kernel/ksysfs.o
  CC      mm/list_lru.o
  CC      arch/x86/kernel/traps.o
  CC      fs/filesystems.o
  CC      kernel/cred.o
  CC      mm/workingset.o
  CC      fs/namespace.o
  CC      kernel/reboot.o
  CC      arch/x86/kernel/idt.o
  CC      mm/debug.o
  CC      kernel/async.o
  CC      arch/x86/kernel/irq.o
  CC      mm/gup.o
  CC      kernel/range.o
  CC      kernel/smpboot.o
  CC      arch/x86/kernel/irq_32.o
  CC      kernel/ucount.o
  CC      fs/seq_file.o
  CC      arch/x86/kernel/dumpstack_32.o
  CC      kernel/regset.o
  CC      mm/mmap_lock.o
  CC      kernel/ksyms_common.o
  CC      arch/x86/kernel/time.o
  CC      fs/xattr.o
  CC      arch/x86/kernel/ioport.o
  CC      mm/vma_init.o
  CC      kernel/sched/core.o
  CC      arch/x86/kernel/dumpstack.o
  CC      mm/highmem.o
  CC      fs/libfs.o
  CC      arch/x86/kernel/nmi.o
  CC      mm/memory.o
  CC      fs/fs-writeback.o
  CC      arch/x86/kernel/setup.o
  CC      kernel/sched/fair.o
  CC      arch/x86/kernel/x86_init.o
  CC      mm/mincore.o
  CC      arch/x86/kernel/i8259.o
  CC      fs/pnode.o
  CC      arch/x86/kernel/irqinit.o
  CC      mm/mlock.o
  CC      fs/splice.o
  CC      arch/x86/kernel/irq_work.o
  CC      kernel/sched/build_policy.o
  CC      mm/mmap.o
  CC      fs/sync.o
  CC      arch/x86/kernel/probe_roms.o
  CC      fs/utimes.o
  CC      arch/x86/kernel/sys_ia32.o
  CC      mm/mmu_gather.o
  CC      fs/d_path.o
  CC      arch/x86/kernel/bootflag.o
  CC      mm/mprotect.o
  CC      arch/x86/kernel/e820.o
  CC      fs/stack.o
  CC      kernel/sched/build_utility.o
  CC      mm/mremap.o
  CC      fs/fs_struct.o
  CC      arch/x86/kernel/pci-dma.o
  CC      fs/statfs.o
  CC      mm/msync.o
  CC      arch/x86/kernel/quirks.o
  CC      fs/fs_pin.o
  CC      arch/x86/kernel/kdebugfs.o
  CC      mm/page_vma_mapped.o
  CC      fs/nsfs.o
  AR      kernel/sched/built-in.a
  CC      kernel/locking/mutex.o
  CC      arch/x86/kernel/alternative.o
  CC      mm/pagewalk.o
  CC      fs/fs_dirent.o
  CC      fs/fs_context.o
  CC      arch/x86/kernel/i8253.o
  CC      mm/pgtable-generic.o
  CC      kernel/locking/semaphore.o
  CC      arch/x86/kernel/hw_breakpoint.o
  CC      mm/rmap.o
  CC      fs/fs_parser.o
  CC      kernel/locking/rwsem.o
  CC      arch/x86/kernel/tsc.o
  CC      fs/fsopen.o
  CC      kernel/locking/percpu-rwsem.o
  CC      mm/vmalloc.o
  CC      arch/x86/kernel/tsc_msr.o
  CC      fs/init.o
  CC      kernel/locking/mutex-debug.o
  CC      arch/x86/kernel/io_delay.o
  CC      arch/x86/kernel/rtc.o
  CC      fs/kernel_read_file.o
  CC      kernel/locking/lockdep.o
  CC      arch/x86/kernel/resource.o
  CC      fs/mnt_idmapping.o
  AS      arch/x86/kernel/irqflags.o
  CC      arch/x86/kernel/static_call.o
  CC      mm/vma.o
  CC      arch/x86/kernel/process.o
  CC      fs/remap_range.o
  CC      kernel/locking/lockdep_proc.o
  CC      fs/pidfs.o
  CC      mm/vma_exec.o
  CC      arch/x86/kernel/fpu/init.o
  CC      arch/x86/kernel/fpu/bugs.o
  CC      kernel/locking/spinlock.o
  CC      arch/x86/kernel/fpu/core.o
  CC      mm/process_vm_access.o
  CC      kernel/locking/rtmutex_api.o
  CC      fs/file_attr.o
  CC      arch/x86/kernel/fpu/regset.o
  CC      kernel/locking/spinlock_debug.o
  CC      mm/page_alloc.o
  CC      fs/fserror.o
  AR      kernel/locking/built-in.a
  CC      kernel/power/qos.o
  CC      arch/x86/kernel/fpu/signal.o
  CC      fs/nullfs.o
  AR      kernel/power/built-in.a
  CC      kernel/printk/printk.o
  CC      arch/x86/kernel/fpu/xstate.o
  CC      fs/proc_namespace.o
  CC      mm/page_frag_cache.o
  AR      arch/x86/kernel/fpu/built-in.a
  CC      arch/x86/kernel/ptrace.o
  CC      fs/notify/dnotify/dnotify.o
  CC      mm/init-mm.o
  CC      kernel/printk/printk_safe.o
  AR      fs/notify/dnotify/built-in.a
  CC      fs/notify/inotify/inotify_fsnotify.o
  CC      arch/x86/kernel/tls.o
  CC      kernel/printk/nbcon.o
  CC      mm/memblock.o
  CC      fs/notify/inotify/inotify_user.o
  CC      arch/x86/kernel/step.o
  CC      kernel/printk/printk_ringbuffer.o
  AR      fs/notify/inotify/built-in.a
  CC      fs/notify/fsnotify.o
  CC      mm/slub.o
  CC      arch/x86/kernel/i8237.o
  CC      kernel/printk/sysctl.o
  CC      arch/x86/kernel/stacktrace.o
  AR      kernel/printk/built-in.a
  CC      kernel/irq/irqdesc.o
  CC      fs/notify/notification.o
  CC      kernel/irq/handle.o
  CC      arch/x86/kernel/cpu/cacheinfo.o
  CC      fs/notify/group.o
  CC      mm/dmapool.o
  CC      kernel/irq/manage.o
  CC      arch/x86/kernel/cpu/scattered.o
  CC      fs/notify/mark.o
  CC      mm/memtest.o
  CC      arch/x86/kernel/cpu/topology_common.o
  CC      kernel/irq/spurious.o
  CC      arch/x86/kernel/cpu/topology_ext.o
  CC      mm/migrate.o
  CC      fs/notify/fdinfo.o
  CC      kernel/irq/resend.o
  CC      arch/x86/kernel/cpu/topology_amd.o
  AR      fs/notify/built-in.a
  CC      fs/anon_inodes.o
  CC      kernel/irq/chip.o
  CC      arch/x86/kernel/cpu/cpuid_parser.o
  CC      arch/x86/kernel/cpu/common.o
  CC      mm/early_ioremap.o
  CC      fs/verity/enable.o
  CC      kernel/irq/dummychip.o
  CC      mm/page_reporting.o
  CC      kernel/irq/devres.o
  CC      fs/verity/hash_algs.o
  CC      arch/x86/kernel/cpu/rdrand.o
  CC      arch/x86/kernel/cpu/match.o
  CC      kernel/irq/kexec.o
  AR      mm/built-in.a
  CC      fs/verity/init.o
  CC      ipc/util.o
  CC      arch/x86/kernel/cpu/bugs.o
  CC      kernel/irq/autoprobe.o
  CC      kernel/irq/irqdomain.o
  CC      fs/verity/measure.o
  CC      ipc/msgutil.o
  CC      arch/x86/kernel/cpu/aperfmperf.o
  CC      arch/x86/kernel/cpu/cpuid-deps.o
  CC      fs/verity/open.o
  CC      ipc/msg.o
  CC      kernel/irq/proc.o
  CC      arch/x86/kernel/cpu/cpuid_0x2_table.o
  AR      kernel/irq/built-in.a
  CC      kernel/rcu/update.o
  CC      fs/verity/pagecache.o
  CC      arch/x86/kernel/cpu/umwait.o
  CC      ipc/sem.o
  CC      fs/verity/read_metadata.o
  CC      arch/x86/kernel/cpu/capflags.o
  CC      arch/x86/kernel/cpu/powerflags.o
  CC      arch/x86/kernel/cpu/proc.o
  CC      kernel/rcu/sync.o
  CC      kernel/rcu/srcutiny.o
  CC      fs/verity/verify.o
  CC      arch/x86/kernel/cpu/feat_ctl.o
  CC      ipc/shm.o
  CC      kernel/rcu/tiny.o
  CC      arch/x86/kernel/cpu/intel.o
  CC      fs/verity/signature.o
  CC      arch/x86/kernel/cpu/tsx.o
  CC      kernel/rcu/rcu_segcblist.o
  CC      ipc/syscall.o
  CC      arch/x86/kernel/cpu/amd.o
  AR      kernel/rcu/built-in.a
  AR      fs/verity/built-in.a
  CC      fs/binfmt_script.o
  CC      kernel/dma/mapping.o
  CC      fs/binfmt_elf.o
  CC      ipc/ipc_sysctl.o
  CC      arch/x86/kernel/cpu/hygon.o
  AR      ipc/built-in.a
  CC      security/keys/gc.o
  CC      arch/x86/kernel/cpu/cyrix.o
  CC      fs/drop_caches.o
  CC      kernel/dma/direct.o
  CC      arch/x86/kernel/cpu/centaur.o
  CC      security/keys/key.o
  CC      fs/sysctls.o
  CC      arch/x86/kernel/cpu/transmeta.o
  CC      fs/quota/dquot.o
  CC      kernel/dma/remap.o
  CC      security/keys/keyring.o
  CC      arch/x86/kernel/cpu/zhaoxin.o
  AR      kernel/dma/built-in.a
  CC      kernel/entry/common.o
  CC      arch/x86/kernel/cpu/vortex.o
  CC      arch/x86/kernel/cpu/microcode/core.o
  CC      kernel/entry/syscall-common.o
  CC      security/keys/keyctl.o
  CC      fs/quota/quota_v2.o
  CC      arch/x86/kernel/cpu/microcode/intel.o
  CC      fs/quota/quota_tree.o
  CC      kernel/entry/syscall_user_dispatch.o
  CC      security/keys/permission.o
  CC      arch/x86/kernel/cpu/microcode/amd.o
  CC      fs/quota/quota.o
  AR      kernel/entry/built-in.a
  CC      kernel/stacktrace.o
  CC      security/keys/process_keys.o
  AR      arch/x86/kernel/cpu/microcode/built-in.a
  AR      arch/x86/kernel/cpu/built-in.a
  CC      arch/x86/kernel/reboot.o
  CC      kernel/time/time.o
  CC      fs/quota/kqid.o
  CC      arch/x86/kernel/tsc_sync.o
  CC      security/keys/request_key.o
  AR      fs/quota/built-in.a
  CC      fs/proc/task_mmu.o
  CC      arch/x86/kernel/apic/hw_nmi.o
  CC      kernel/time/timer.o
  CC      security/keys/request_key_auth.o
  AR      arch/x86/kernel/apic/built-in.a
  CC      arch/x86/kernel/trace_clock.o
  CC      arch/x86/kernel/doublefault_32.o
  CC      security/keys/user_defined.o
  CC      fs/proc/inode.o
  CC      kernel/time/hrtimer.o
  CC      arch/x86/kernel/perf_regs.o
  CC      security/keys/proc.o
  CC      fs/proc/root.o
  CC      arch/x86/kernel/unwind_guess.o
  CC      security/keys/sysctl.o
  CC      kernel/time/sleep_timeout.o
  CC      fs/proc/base.o
  CC      kernel/time/timekeeping.o
  CC      security/keys/persistent.o
  CC      arch/x86/kernel/cpuid.o
  CC      security/keys/keyctl_pkey.o
  CC      arch/x86/kernel/trace.o
  CC      fs/proc/generic.o
  LDS     arch/x86/kernel/vmlinux.lds
  AR      arch/x86/kernel/built-in.a
  CC      kernel/time/ntp.o
  AR      security/keys/built-in.a
  CC      security/commoncap.o
  CC      arch/x86/mm/init.o
  CC      fs/proc/array.o
  CC      kernel/time/clocksource.o
  CC      arch/x86/mm/init_32.o
  CC      security/min_addr.o
  CC      kernel/time/jiffies.o
  CC      fs/proc/fd.o
  CC      arch/x86/mm/fault.o
  CC      kernel/time/timer_list.o
  CC      security/device_cgroup.o
  CC      fs/proc/proc_tty.o
  CC      kernel/time/timeconv.o
  CC      security/inode.o
  CC      kernel/time/timecounter.o
  CC      kernel/time/alarmtimer.o
  CC      fs/proc/cmdline.o
  CC      arch/x86/mm/ioremap.o
  AR      security/built-in.a
  CC      fs/proc/consoles.o
  CC      crypto/asymmetric_keys/asymmetric_type.o
  CC      kernel/time/posix-stubs.o
  CC      arch/x86/mm/extable.o
  CC      fs/proc/cpuinfo.o
  CC      crypto/asymmetric_keys/restrict.o
  CC      kernel/time/clockevents.o
  CC      fs/proc/devices.o
  CC      arch/x86/mm/mmap.o
  CC      crypto/asymmetric_keys/signature.o
  CC      kernel/time/tick-common.o
  CC      fs/proc/loadavg.o
  CC      crypto/asymmetric_keys/public_key.o
  CC      arch/x86/mm/pgtable.o
  CC      fs/proc/meminfo.o
  CC      kernel/time/vsyscall.o
  ASN.1   crypto/asymmetric_keys/x509.asn1.[ch]
  ASN.1   crypto/asymmetric_keys/x509_akid.asn1.[ch]
  CC      crypto/asymmetric_keys/x509_loader.o
  CC      arch/x86/mm/physaddr.o
  CC      crypto/asymmetric_keys/x509_public_key.o
  AR      kernel/time/built-in.a
  CC      kernel/futex/core.o
  CC      fs/proc/stat.o
  CC      arch/x86/mm/tlb.o
  ASN.1   crypto/asymmetric_keys/pkcs7.asn1.[ch]
  CC      crypto/asymmetric_keys/pkcs7_trust.o
  CC      fs/proc/uptime.o
  CC      crypto/asymmetric_keys/pkcs7_verify.o
  CC      kernel/futex/syscalls.o
  CC      arch/x86/mm/cpu_entry_area.o
  CC      fs/proc/util.o
  CC      crypto/asymmetric_keys/x509.asn1.o
  CC      crypto/asymmetric_keys/x509_akid.asn1.o
  CC      crypto/asymmetric_keys/x509_cert_parser.o
  CC      arch/x86/mm/maccess.o
  CC      kernel/futex/pi.o
  CC      fs/proc/version.o
  CC      arch/x86/mm/pgprot.o
  CC      crypto/asymmetric_keys/pkcs7.asn1.o
  CC      crypto/asymmetric_keys/pkcs7_parser.o
  CC      kernel/futex/requeue.o
  CC      fs/proc/softirqs.o
  CC      arch/x86/mm/pat/set_memory.o
  AR      crypto/asymmetric_keys/built-in.a
  CC      crypto/api.o
  CC      fs/proc/namespaces.o
  CC      kernel/futex/waitwake.o
  CC      crypto/cipher.o
  AR      kernel/futex/built-in.a
  CC      kernel/dma.o
  CC      fs/proc/self.o
  CC      arch/x86/mm/pat/memtype.o
  CC      crypto/algapi.o
  CC      kernel/up.o
  CC      fs/proc/thread_self.o
  AR      arch/x86/mm/pat/built-in.a
  CC      arch/x86/mm/pgtable_32.o
  CC      kernel/kallsyms.o
  CC      fs/proc/proc_sysctl.o
  CC      crypto/scatterwalk.o
  CC      arch/x86/mm/iomap_32.o
  CC      kernel/cgroup/cgroup.o
  AR      arch/x86/mm/built-in.a
  CC      crypto/proc.o
  CC      arch/x86/virt/svm/cmdline.o
  AR      arch/x86/virt/svm/built-in.a
  AR      arch/x86/virt/built-in.a
  AR      arch/x86/built-in.a
  CC      lib/argv_split.o
  CC      fs/proc/proc_net.o
  CC      crypto/aead.o
  CC      lib/buildid.o
  CC      fs/proc/kmsg.o
  CC      lib/cmdline.o
  CC      crypto/lskcipher.o
  CC      lib/ctype.o
  CC      lib/dec_and_lock.o
  CC      lib/decompress.o
  CC      fs/proc/page.o
  CC      lib/decompress_bunzip2.o
  CC      kernel/cgroup/rstat.o
  CC      crypto/skcipher.o
  AR      fs/proc/built-in.a
  CC      lib/decompress_inflate.o
  CC      fs/kernfs/mount.o
  CC      kernel/cgroup/namespace.o
  CC      lib/decompress_unlz4.o
  CC      crypto/ahash.o
  CC      fs/kernfs/inode.o
  CC      lib/decompress_unlzma.o
  CC      kernel/cgroup/cgroup-v1.o
  CC      fs/kernfs/dir.o
  CC      crypto/shash.o
  CC      lib/decompress_unlzo.o
  CC      kernel/cgroup/freezer.o
  CC      lib/decompress_unxz.o
  CC      crypto/akcipher.o
  CC      lib/decompress_unzstd.o
  CC      fs/kernfs/file.o
  AR      kernel/cgroup/built-in.a
  CC      kernel/utsname_sysctl.o
  CC      kernel/trace/trace_clock.o
  CC      lib/dump_stack.o
  CC      crypto/sig.o
  CC      kernel/trace/ring_buffer.o
  CC      fs/kernfs/symlink.o
  CC      lib/earlycpio.o
  CC      lib/extable.o
  ASN.1   crypto/rsapubkey.asn1.[ch]
  ASN.1   crypto/rsaprivkey.asn1.[ch]
  CC      crypto/rsa.o
  CC      lib/flex_proportions.o
  AR      fs/kernfs/built-in.a
  CC      fs/devpts/inode.o
  CC      crypto/rsa_helper.o
  CC      lib/idr.o
  CC      crypto/rsa-pkcs1pad.o
  CC      lib/iomem_copy.o
  CC      lib/irq_regs.o
  AR      fs/devpts/built-in.a
  CC      fs/netfs/buffered_read.o
  CC      kernel/trace/trace.o
  CC      lib/is_single_threaded.o
  CC      crypto/rsassa-pkcs1.o
  CC      lib/klist.o
  CC      lib/kobject.o
  CC      crypto/acompress.o
  CC      fs/netfs/buffered_write.o
  CC      lib/kobject_uevent.o
  CC      fs/netfs/direct_read.o
  CC      crypto/scompress.o
  CC      lib/logic_pio.o
  CC      fs/netfs/direct_write.o
  CC      crypto/algboss.o
  CC      kernel/trace/trace_output.o
  CC      lib/maple_tree.o
  CC      fs/netfs/iterator.o
  CC      crypto/testmgr.o
  CC      kernel/trace/trace_seq.o
  CC      fs/netfs/locking.o
  CC      crypto/xcbc.o
  CC      kernel/trace/trace_stat.o
  CC      crypto/sha1.o
  CC      fs/netfs/main.o
  CC      kernel/trace/trace_printk.o
  CC      crypto/sha512.o
  CC      kernel/trace/trace_pid.o
  CC      crypto/streebog_generic.o
  CC      lib/memcat_p.o
  CC      fs/netfs/misc.o
  CC      lib/nmi_backtrace.o
  CC      crypto/ecb.o
  CC      kernel/trace/pid_list.o
  CC      lib/objpool.o
  CC      crypto/camellia_generic.o
  CC      fs/netfs/objects.o
  CC      lib/plist.o
  CC      lib/radix-tree.o
  CC      kernel/trace/trace_sched_switch.o
  CC      crypto/deflate.o
  CC      fs/netfs/read_collect.o
  CC      lib/ratelimit.o
  CC      crypto/authenc.o
  CC      lib/rbtree.o
  CC      kernel/trace/trace_preemptirq.o
  CC      lib/seq_buf.o
  CC      fs/netfs/read_pgpriv2.o
  CC      crypto/authencesn.o
  CC      lib/siphash.o
  CC      fs/netfs/read_retry.o
  CC      kernel/trace/trace_nop.o
  CC      lib/string.o
  CC      lib/sys_info.o
  CC      crypto/krb5enc.o
  CC      fs/netfs/read_single.o
  CC      kernel/trace/trace_events.o
  CC      lib/timerqueue.o
  CC      lib/vsprintf.o
  CC      crypto/af_alg.o
  CC      fs/netfs/rolling_buffer.o
  CC      fs/netfs/write_collect.o
  CC      kernel/trace/trace_export.o
  CC      crypto/algif_hash.o
  CC      lib/win_minmax.o
  CC      fs/netfs/write_issue.o
  CC      kernel/trace/trace_event_perf.o
  CC      lib/xarray.o
  CC      crypto/algif_skcipher.o
  CC      kernel/trace/trace_events_filter.o
  CC      fs/netfs/write_retry.o
  CC      lib/clz_tab.o
  CC      lib/lockref.o
  CC      lib/bcd.o
  CC      lib/sort.o
  CC      lib/parser.o
  CC      crypto/zstd.o
  AR      fs/netfs/built-in.a
  CC      fs/ramfs/inode.o
  CC      lib/debug_locks.o
  CC      lib/random32.o
  CC      crypto/ecc.o
  CC      kernel/trace/trace_events_trigger.o
  CC      lib/bust_spinlocks.o
  CC      fs/ramfs/file-mmu.o
  CC      lib/kasprintf.o
  AR      fs/ramfs/built-in.a
  CC      fs/nls/nls_base.o
  CC      lib/bitmap.o
  CC      kernel/trace/error_report-traces.o
  CC      crypto/essiv.o
  CC      fs/nls/nls_cp861.o
  CC      lib/scatterlist.o
  CC      kernel/trace/power-traces.o
  ASN.1   crypto/ecrdsa_params.asn1.[ch]
  ASN.1   crypto/ecrdsa_pub_key.asn1.[ch]
  CC      crypto/ecrdsa_params.asn1.o
  CC      fs/nls/nls_cp1250.o
  CC      crypto/ecrdsa_pub_key.asn1.o
  CC      crypto/rsapubkey.asn1.o
  CC      crypto/rsaprivkey.asn1.o
  CC      crypto/ecrdsa.o
  CC      fs/nls/nls_iso8859-7.o
  AR      crypto/built-in.a
  AS      arch/x86/lib/atomic64_cx8_32.o
  CC      lib/list_sort.o
  AS      arch/x86/lib/checksum_32.o
  CC      arch/x86/lib/cmdline.o
  CC      lib/uuid.o
  AS      arch/x86/lib/cmpxchg8b_emu.o
  CC      arch/x86/lib/cpu.o
  CC      fs/nls/nls_koi8-u.o
  CC      lib/iov_iter.o
  AR      kernel/trace/built-in.a
  CC      kernel/irq_work.o
  CC      arch/x86/lib/delay.o
  CC      fs/nls/nls_koi8-ru.o
  CC      kernel/bpf/core.o
  AS      arch/x86/lib/getuser.o
  CC      arch/x86/lib/inat.o
  CC      arch/x86/lib/insn-eval.o
  CC      fs/nls/mac-celtic.o
  AR      fs/nls/built-in.a
  CC      fs/unicode/utf8-norm.o
  CC      lib/clz_ctz.o
  CC      lib/bsearch.o
  CC      arch/x86/lib/insn.o
  CC      fs/unicode/utf8-core.o
  CC      arch/x86/lib/memcpy_32.o
  AS      arch/x86/lib/memmove_32.o
  CC      arch/x86/lib/misc.o
  CC      arch/x86/lib/pc-conf-reg.o
  CC      lib/find_bit.o
  AS      arch/x86/lib/putuser.o
  COPY    fs/unicode/utf8data.c
  CC      arch/x86/lib/string_32.o
  CC      fs/unicode/utf8data.o
  CC      arch/x86/lib/strstr_32.o
  CC      arch/x86/lib/usercopy.o
  CC      lib/llist.o
  AR      kernel/bpf/built-in.a
  CC      kernel/static_call.o
  CC      lib/lwq.o
  AR      fs/unicode/built-in.a
  CC      fs/autofs/init.o
  CC      arch/x86/lib/usercopy_32.o
  CC      lib/memweight.o
  CC      lib/kfifo.o
  CC      kernel/events/core.o
  CC      arch/x86/lib/kaslr.o
  CC      fs/autofs/inode.o
  CC      arch/x86/lib/msr.o
  CC      lib/percpu-refcount.o
  CC      fs/autofs/root.o
  CC      lib/rhashtable.o
  AS      arch/x86/lib/msr-reg.o
  CC      arch/x86/lib/msr-reg-export.o
  AS      arch/x86/lib/hweight.o
  CC      arch/x86/lib/iomem.o
  CC      arch/x86/lib/atomic64_32.o
  AR      arch/x86/lib/lib.a
  CC      fs/autofs/symlink.o
  AR      arch/x86/lib/built-in.a
  CC      kernel/events/ring_buffer.o
  CC      lib/base64.o
  CC      lib/once.o
  CC      fs/autofs/waitq.o
  CC      lib/refcount.o
  CC      lib/rcuref.o
  CC      kernel/events/callchain.o
  CC      lib/usercopy.o
  CC      fs/autofs/expire.o
  CC      lib/errseq.o
  CC      lib/bucket_locks.o
  CC      kernel/events/hw_breakpoint.o
  CC      lib/generic-radix-tree.o
  CC      fs/autofs/dev-ioctl.o
  CC      lib/bitmap-str.o
  AR      drivers/irqchip/built-in.a
  AR      drivers/bus/mhi/built-in.a
  AR      drivers/bus/built-in.a
  CC      drivers/phy/phy-core.o
  AR      kernel/events/built-in.a
  CC      kernel/iomem.o
  AR      fs/autofs/built-in.a
  CC      fs/9p/vfs_super.o
  CC      lib/string_helpers.o
  CC      drivers/phy/intel/phy-intel-lgm-emmc.o
  CC      kernel/kcmp.o
  CC      fs/9p/vfs_inode.o
  CC      lib/hexdump.o
  CC      lib/kstrtox.o
  AR      drivers/phy/intel/built-in.a
  AR      drivers/phy/marvell/built-in.a
  CC      drivers/phy/phy-can-transceiver.o
  CC      kernel/audit.o
  CC      lib/math/div64.o
  CC      lib/math/gcd.o
  CC      fs/9p/vfs_inode_dotl.o
  CC      lib/math/lcm.o
  AR      drivers/phy/built-in.a
  CC      lib/math/int_log.o
  CC      drivers/pci/trace.o
  CC      lib/math/int_pow.o
  CC      lib/math/int_sqrt.o
  CC      lib/math/reciprocal_div.o
  AR      lib/math/built-in.a
  CC      lib/crc/crc32-main.o
  AR      lib/crc/built-in.a
  CC      lib/crypto/blake2s.o
  CC      fs/9p/vfs_addr.o
  AR      drivers/pci/built-in.a
  CC      drivers/video/console/dummycon.o
  CC      kernel/auditfilter.o
  CC      lib/crypto/chacha-block-generic.o
  CC      lib/crypto/sha1.o
  CC      drivers/video/console/vgacon.o
  CC      fs/9p/vfs_file.o
  CC      lib/crypto/sha256.o
  CC      kernel/auditsc.o
  AR      drivers/video/console/built-in.a
  AR      drivers/video/built-in.a
  CC      lib/crypto/mpi/generic_mpih-lshift.o
  CC      fs/9p/vfs_dir.o
  CC      drivers/regulator/core.o
  CC      lib/crypto/mpi/generic_mpih-mul1.o
  CC      fs/9p/vfs_dentry.o
  CC      kernel/audit_watch.o
  CC      lib/crypto/mpi/generic_mpih-mul2.o
  CC      fs/9p/v9fs.o
  CC      lib/crypto/mpi/generic_mpih-mul3.o
  CC      kernel/audit_fsnotify.o
  CC      fs/9p/fid.o
  CC      drivers/regulator/dummy.o
  CC      lib/crypto/mpi/generic_mpih-rshift.o
  CC      lib/crypto/mpi/generic_mpih-sub1.o
  CC      kernel/audit_tree.o
  CC      drivers/regulator/fixed-helper.o
  CC      fs/9p/xattr.o
  CC      lib/crypto/mpi/generic_mpih-add1.o
  CC      drivers/regulator/helpers.o
  AR      fs/9p/built-in.a
  CC      fs/tracefs/inode.o
  CC      kernel/watchdog.o
  CC      lib/crypto/mpi/mpicoder.o
  CC      drivers/regulator/devres.o
  CC      fs/tracefs/event_inode.o
  CC      lib/crypto/mpi/mpi-add.o
  CC      kernel/watchdog_perf.o
  CC      drivers/regulator/irq_helpers.o
  CC      lib/crypto/mpi/mpi-bit.o
  CC      kernel/tracepoint.o
  AR      fs/tracefs/built-in.a
  AR      fs/built-in.a
  CC      net/devres.o
  CC      lib/crypto/mpi/mpi-cmp.o
  AR      drivers/regulator/built-in.a
  CC      drivers/tty/tty_io.o
  AR      kernel/built-in.a
  CC      lib/crypto/mpi/mpi-sub-ui.o
  CC      net/socket.o
  CC      lib/crypto/mpi/mpi-div.o
  CC      lib/crypto/mpi/mpi-mod.o
  CC      lib/crypto/mpi/mpi-mul.o
  CC      lib/crypto/mpi/mpih-cmp.o
  CC      drivers/tty/n_tty.o
  CC      drivers/tty/tty_ioctl.o
  CC      lib/crypto/mpi/mpih-div.o
  CC      lib/crypto/mpi/mpih-mul.o
  CC      drivers/tty/tty_ldisc.o
  CC      net/core/sock.o
  CC      drivers/tty/tty_buffer.o
  CC      lib/crypto/mpi/mpi-pow.o
  CC      drivers/tty/tty_port.o
  CC      drivers/tty/tty_mutex.o
  CC      lib/crypto/mpi/mpiutil.o
  CC      lib/vdso/datastore.o
  CC      drivers/tty/tty_ldsem.o
  AR      lib/crypto/mpi/built-in.a
  CC      lib/crypto/hash_info.o
  AR      lib/vdso/built-in.a
  CC      lib/iomap.o
  CC      drivers/tty/tty_baudrate.o
  CC      net/core/skbuff.o
  CC      lib/crypto/memneq.o
  CC      lib/iomap_copy.o
  CC      lib/crypto/utils.o
  CC      drivers/tty/tty_jobctrl.o
  CC      lib/devres.o
  CC      lib/crypto/sha512.o
  CC      lib/list_debug.o
  CC      drivers/tty/n_null.o
  CC      lib/bitrev.o
  AR      lib/crypto/built-in.a
  CC      lib/linear_ranges.o
  CC      lib/xxhash.o
  CC      drivers/tty/pty.o
  CC      lib/zlib_inflate/inffast.o
  CC      lib/zlib_inflate/inflate.o
  CC      lib/zlib_deflate/deflate.o
  CC      lib/zlib_inflate/infutil.o
  CC      drivers/tty/vt/vt_ioctl.o
  CC      lib/zlib_inflate/inftrees.o
  CC      lib/zlib_deflate/deftree.o
  CC      lib/zlib_inflate/inflate_syms.o
  CC      lib/zlib_deflate/deflate_syms.o
  AR      lib/zlib_inflate/built-in.a
  CC      lib/lzo/lzo1x_decompress_safe.o
  CC      net/core/datagram.o
  CC      drivers/tty/vt/vc_screen.o
  AR      lib/zlib_deflate/built-in.a
  CC      lib/lz4/lz4_decompress.o
  AR      lib/lzo/built-in.a
  CC      lib/zstd/zstd_decompress_module.o
  CC      lib/zstd/decompress/huf_decompress.o
  CC      drivers/tty/vt/selection.o
  AR      lib/lz4/built-in.a
  CC      lib/xz/xz_dec_syms.o
  CC      net/core/stream.o
  CC      lib/xz/xz_dec_stream.o
  CC      drivers/tty/vt/keyboard.o
  CC      lib/xz/xz_dec_lzma2.o
  CC      lib/zstd/decompress/zstd_ddict.o
  CC      lib/zstd/decompress/zstd_decompress.o
  CC      net/core/scm.o
  CC      lib/xz/xz_dec_bcj.o
  AR      lib/xz/built-in.a
  CC      lib/zstd/decompress/zstd_decompress_block.o
  CC      lib/syscall.o
  CC      drivers/tty/vt/vt.o
  CC      lib/nlattr.o
  CC      net/core/gen_stats.o
  CC      lib/dim/dim.o
  CC      net/core/gen_estimator.o
  CC      drivers/tty/vt/defkeymap.o
  CC      lib/zstd/zstd_common_module.o
  CC      drivers/tty/vt/consolemap.o
  CC      lib/dim/net_dim.o
  CC      lib/zstd/common/debug.o
  CC      lib/zstd/common/entropy_common.o
  CC      lib/zstd/common/error_private.o
  CC      lib/zstd/common/fse_decompress.o
  CC      net/core/net_namespace.o
  CC      lib/zstd/common/zstd_common.o
  CC      lib/zstd/zstd_compress_module.o
  CC      drivers/tty/vt/consolemap_deftbl.o
  CC      lib/dim/rdma_dim.o
  CC      drivers/tty/vt/ucs.o
  AR      drivers/tty/vt/built-in.a
  CC      drivers/tty/serial/serial_core.o
  AR      lib/dim/built-in.a
  CC      lib/strncpy_from_user.o
  CC      lib/zstd/compress/fse_compress.o
  CC      lib/zstd/compress/hist.o
  CC      lib/zstd/compress/huf_compress.o
  CC      lib/strnlen_user.o
  CC      net/core/secure_seq.o
  CC      lib/zstd/compress/zstd_compress.o
  CC      lib/net_utils.o
  CC      drivers/tty/serial/serial_base_bus.o
  CC      net/core/flow_dissector.o
  CC      lib/group_cpus.o
  CC      drivers/tty/serial/serial_ctrl.o
  CC      lib/assoc_array.o
  CC      lib/zstd/compress/zstd_compress_literals.o
  CC      drivers/tty/serial/serial_port.o
  CC      lib/zstd/compress/zstd_compress_sequences.o
  CC      lib/zstd/compress/zstd_compress_superblock.o
  CC      lib/zstd/compress/zstd_double_fast.o
  CC      lib/genalloc.o
  CC      drivers/tty/serial/earlycon.o
  CC      net/core/sysctl_net_core.o
  CC      lib/audit.o
  CC      drivers/tty/serial/8250/8250_core.o
  CC      drivers/tty/serial/arc_uart.o
  CC      net/core/dev.o
  CC      drivers/tty/serial/8250/8250_platform.o
  CC      lib/zstd/compress/zstd_fast.o
  CC      lib/zstd/compress/zstd_lazy.o
  CC      drivers/tty/serial/8250/8250_port.o
  CC      lib/zstd/compress/zstd_ldm.o
  CC      lib/zstd/compress/zstd_opt.o
  CC      drivers/tty/serial/8250/8250_early.o
  AR      drivers/tty/serial/8250/built-in.a
  AR      drivers/tty/serial/built-in.a
  CC      drivers/tty/tty_audit.o
  CC      lib/zstd/compress/zstd_preSplit.o
  CC      net/core/dev_api.o
  AR      drivers/tty/built-in.a
  CC      drivers/char/mem.o
  CC      net/core/dev_addr_lists.o
  CC      drivers/char/random.o
  CC      net/core/dst.o
  CC      net/core/netevent.o
  CC      drivers/char/misc.o
  CC      net/core/neighbour.o
  CC      net/core/rtnetlink.o
  CC      drivers/char/hw_random/core.o
  AR      lib/zstd/built-in.a
  CC      lib/glob.o
  CC      drivers/char/hw_random/via-rng.o
  CC      lib/asn1_decoder.o
  CC      drivers/char/hw_random/timeriomem-rng.o
  GEN     lib/oid_registry_data.c
  CC      net/core/utils.o
  AR      drivers/char/hw_random/built-in.a
  AR      drivers/char/built-in.a
  AR      drivers/gpu/built-in.a
  CC      drivers/connector/cn_queue.o
  CC      net/core/link_watch.o
  CC      net/core/filter.o
  CC      drivers/connector/connector.o
  CC      net/core/sock_diag.o
  AR      lib/lib.a
  CC      lib/oid_registry.o
  CC      drivers/connector/cn_proc.o
  AR      lib/built-in.a
  CC      net/core/dev_ioctl.o
  CC      net/core/tso.o
  AR      drivers/connector/built-in.a
  CC      drivers/base/component.o
  CC      drivers/base/core.o
  CC      net/core/sock_reuseport.o
  CC      drivers/base/bus.o
  CC      drivers/base/dd.o
  CC      net/core/fib_notifier.o
  CC      drivers/base/syscore.o
  CC      drivers/base/driver.o
  CC      net/core/xdp.o
  CC      drivers/base/class.o
  CC      drivers/base/platform.o
  CC      net/core/flow_offload.o
  CC      drivers/base/cpu.o
  CC      drivers/base/firmware.o
  CC      net/core/gro.o
  CC      drivers/base/init.o
  CC      drivers/base/map.o
  CC      net/core/netdev-genl.o
  CC      drivers/base/devres.o
  CC      drivers/base/attribute_container.o
  CC      drivers/base/transport_class.o
  CC      drivers/base/topology.o
  CC      net/core/netdev-genl-gen.o
  CC      drivers/base/container.o
  CC      net/core/netdev_work.o
  CC      drivers/base/property.o
  CC      drivers/base/cacheinfo.o
  CC      net/core/gso.o
  CC      drivers/base/swnode.o
  CC      net/core/net-sysfs.o
  CC      drivers/base/faux.o
  CC      drivers/base/firmware_loader/builtin/main.o
  CC      net/core/hotdata.o
  CC      drivers/base/regmap/regmap.o
  AR      drivers/base/firmware_loader/builtin/built-in.a
  AR      drivers/base/firmware_loader/built-in.a
  CC      drivers/base/trace.o
  CC      net/core/netdev_config.o
  CC      net/core/netdev_rx_queue.o
  CC      net/core/netdev_queues.o
  CC      net/core/net-procfs.o
  CC      drivers/base/regmap/regcache.o
  CC      net/core/dst_cache.o
  CC      drivers/base/regmap/regcache-rbtree.o
  CC      net/core/gro_cells.o
  CC      drivers/base/regmap/regcache-flat.o
  CC      net/core/failover.o
  CC      drivers/base/regmap/regcache-maple.o
  CC      drivers/base/regmap/regmap-mmio.o
  CC      net/core/net-traces.o
  CC      drivers/misc/c2port/core.o
  AR      drivers/base/regmap/built-in.a
  AR      drivers/base/built-in.a
  CC      drivers/mfd/mfd-core.o
  CC      drivers/mfd/syscon.o
  AR      drivers/misc/c2port/built-in.a
  CC      drivers/misc/sram.o
  CC      drivers/mfd/tqmx86.o
  AR      drivers/misc/built-in.a
  CC      drivers/net/loopback.o
  CC      drivers/input/serio/serio.o
  AR      drivers/mfd/built-in.a
  CC      drivers/input/input.o
  CC      drivers/input/serio/i8042.o
  AR      drivers/net/ieee802154/built-in.a
  AR      drivers/net/built-in.a
  CC      drivers/rtc/lib.o
  CC      drivers/input/input-compat.o
  CC      drivers/input/serio/serport.o
  CC      drivers/rtc/rtc-mc146818-lib.o
  AR      net/core/built-in.a
  CC      net/ethernet/eth.o
  CC      drivers/input/input-mt.o
  CC      drivers/input/serio/libps2.o
  AR      drivers/rtc/built-in.a
  AR      drivers/i2c/built-in.a
  CC      drivers/input/input-poller.o
  AR      drivers/power/built-in.a
  CC      drivers/fwctl/main.o
  CC      drivers/input/serio/arc_ps2.o
  AR      net/ethernet/built-in.a
  CC      net/sched/sch_generic.o
  CC      drivers/input/ff-core.o
  CC      drivers/input/serio/serio_raw.o
  AR      drivers/fwctl/built-in.a
  AR      drivers/crypto/stm32/built-in.a
  AR      drivers/crypto/inside-secure/eip93/built-in.a
  AR      drivers/crypto/inside-secure/built-in.a
  AR      drivers/crypto/xilinx/built-in.a
  AR      drivers/crypto/hisilicon/built-in.a
  AR      drivers/crypto/intel/keembay/built-in.a
  AR      drivers/crypto/intel/ixp4xx/built-in.a
  AR      drivers/crypto/intel/built-in.a
  AR      drivers/crypto/starfive/built-in.a
  AR      drivers/crypto/cavium/built-in.a
  AR      drivers/crypto/ti/built-in.a
  AR      drivers/crypto/built-in.a
  CC      drivers/clocksource/i8253.o
  CC      drivers/input/touchscreen.o
  CC      drivers/input/serio/altera_ps2.o
  AR      drivers/clocksource/built-in.a
  CC      drivers/input/touch-overlay.o
  CC      drivers/hid/hid-core.o
  AR      drivers/input/serio/built-in.a
  CC      drivers/bcma/main.o
  CC      drivers/input/vivaldi-fmap.o
  CC      net/sched/sch_mq.o
  CC      drivers/input/mousedev.o
  CC      drivers/bcma/scan.o
  CC      drivers/hid/hid-input.o
  CC      drivers/input/keyboard/atkbd.o
  CC      net/sched/sch_frag.o
  CC      drivers/bcma/core.o
  AR      drivers/input/keyboard/built-in.a
  CC      drivers/bcma/sprom.o
  CC      drivers/input/mouse/psmouse-base.o
  AR      net/sched/built-in.a
  CC      net/netlink/af_netlink.o
  CC      drivers/hid/hid-quirks.o
  CC      drivers/bcma/driver_chipcommon.o
  CC      drivers/input/mouse/synaptics.o
  CC      drivers/hid/hid-generic.o
  CC      drivers/bcma/driver_chipcommon_pmu.o
  CC      drivers/input/mouse/focaltech.o
  AR      drivers/hid/built-in.a
  CC      drivers/powercap/powercap_sys.o
  CC      drivers/bcma/driver_chipcommon_b.o
  CC      drivers/input/mouse/alps.o
  CC      net/netlink/genetlink.o
  AR      drivers/powercap/built-in.a
  CC      drivers/input/mouse/byd.o
  AR      drivers/bcma/built-in.a
  CC      drivers/mux/core.o
  CC      drivers/siox/siox-core.o
  AR      drivers/mux/built-in.a
  CC      drivers/input/mouse/logips2pp.o
  AR      drivers/peci/controller/built-in.a
  CC      drivers/peci/core.o
  CC      net/netlink/policy.o
  CC      drivers/input/mouse/trackpoint.o
  CC      drivers/peci/request.o
  AR      drivers/siox/built-in.a
  CC      drivers/input/tablet/wacom_serial4.o
  AR      net/netlink/built-in.a
  CC      drivers/input/mouse/cypress_ps2.o
  CC      drivers/peci/device.o
  AR      drivers/input/tablet/built-in.a
  CC      drivers/input/sparse-keymap.o
  CC      net/ethtool/ioctl.o
  CC      drivers/peci/sysfs.o
  AR      drivers/input/mouse/built-in.a
  CC      net/ethtool/common.o
  AR      drivers/input/built-in.a
  CC      drivers/hte/hte.o
  AR      drivers/peci/built-in.a
  CC      net/ethtool/netlink.o
  AR      drivers/hte/built-in.a
  AR      drivers/built-in.a
  CC      net/ethtool/bitset.o
  CC      net/ethtool/strset.o
  CC      net/ethtool/linkinfo.o
  CC      net/ethtool/linkmodes.o
  CC      net/ethtool/rss.o
  CC      net/ethtool/linkstate.o
  CC      net/ethtool/debug.o
  CC      net/ethtool/wol.o
  CC      net/ethtool/features.o
  CC      net/ethtool/privflags.o
  CC      net/ethtool/rings.o
  CC      net/ethtool/channels.o
  CC      net/ethtool/coalesce.o
  CC      net/ethtool/pause.o
  CC      net/ethtool/eee.o
  CC      net/ethtool/tsinfo.o
  CC      net/ethtool/cabletest.o
  CC      net/ethtool/tunnels.o
  CC      net/ethtool/fec.o
  CC      net/ethtool/eeprom.o
  CC      net/ethtool/stats.o
  CC      net/ethtool/phc_vclocks.o
  CC      net/ethtool/mm.o
  CC      net/ethtool/module.o
  CC      net/ethtool/cmis_fw_update.o
  CC      net/ethtool/cmis_cdb.o
  CC      net/ethtool/pse-pd.o
  CC      net/ethtool/plca.o
  CC      net/ethtool/phy.o
  CC      net/ethtool/tsconfig.o
  CC      net/ethtool/mse.o
  CC      net/ipv4/route.o
  CC      net/ipv4/inetpeer.o
  CC      net/ipv4/protocol.o
  AR      net/ethtool/built-in.a
  CC      net/unix/af_unix.o
  CC      net/ipv4/ip_input.o
  CC      net/ipv4/ip_fragment.o
  CC      net/ipv4/ip_forward.o
  CC      net/unix/garbage.o
  CC      net/ipv4/ip_options.o
  CC      net/ipv4/ip_output.o
  CC      net/ipv4/ip_sockglue.o
  CC      net/unix/sysctl_net_unix.o
  CC      net/ipv4/inet_hashtables.o
  AR      net/unix/built-in.a
  CC      net/ipv6/af_inet6.o
  CC      net/ipv6/anycast.o
  CC      net/ipv4/inet_timewait_sock.o
  CC      net/ipv6/ip6_output.o
  CC      net/lapb/lapb_in.o
  CC      net/ipv4/inet_connection_sock.o
  CC      net/lapb/lapb_out.o
  CC      net/ipv6/ip6_input.o
  CC      net/lapb/lapb_subr.o
  CC      net/ipv4/tcp.o
  CC      net/ipv4/tcp_input.o
  CC      net/lapb/lapb_timer.o
  CC      net/ipv6/addrconf.o
  CC      net/lapb/lapb_iface.o
  AR      net/lapb/built-in.a
  CC      net/9p/mod.o
  CC      net/ipv4/tcp_output.o
  CC      net/9p/client.o
  CC      net/ipv6/addrlabel.o
  CC      net/ipv6/route.o
  CC      net/9p/error.o
  CC      net/ipv6/ip6_fib.o
  CC      net/9p/protocol.o
  CC      net/ipv4/tcp_timer.o
  CC      net/9p/trans_common.o
  CC      net/9p/trans_fd.o
  CC      net/ipv4/tcp_ipv4.o
  CC      net/ipv6/ipv6_sockglue.o
  CC      net/ipv6/ndisc.o
  AR      net/9p/built-in.a
  AR      net/ieee802154/6lowpan/built-in.a
  CC      net/ieee802154/netlink.o
  CC      net/ipv6/udp.o
  CC      net/ieee802154/nl-mac.o
  CC      net/ipv4/tcp_minisocks.o
  CC      net/ipv6/raw.o
  CC      net/ieee802154/nl-phy.o
  CC      net/ipv4/tcp_cong.o
  CC      net/ipv6/icmp.o
  CC      net/ipv6/mcast.o
  CC      net/ieee802154/nl_policy.o
  CC      net/ipv4/tcp_metrics.o
  CC      net/ipv6/reassembly.o
  CC      net/ieee802154/core.o
  CC      net/ieee802154/header_ops.o
  CC      net/ipv6/tcp_ipv6.o
  CC      net/ipv4/tcp_fastopen.o
  CC      net/ipv6/ping.o
  CC      net/ieee802154/sysfs.o
  CC      net/ipv4/tcp_recovery.o
  CC      net/ipv6/exthdrs.o
  CC      net/ieee802154/nl802154.o
  CC      net/ipv6/datagram.o
  CC      net/ipv4/tcp_ulp.o
  CC      net/ipv6/ip6_flowlabel.o
  CC      net/ieee802154/trace.o
  CC      net/ipv6/inet6_connection_sock.o
  CC      net/ipv4/tcp_offload.o
  CC      net/ipv6/udp_offload.o
  CC      net/ieee802154/pan.o
  CC      net/ipv6/seg6.o
  CC      net/ipv4/tcp_plb.o
  CC      net/ipv6/fib6_notifier.o
  CC      net/ieee802154/socket.o
  CC      net/ipv6/rpl.o
  CC      net/ipv4/datagram.o
  CC      net/ipv6/ioam6.o
  AR      net/ieee802154/built-in.a
  CC      net/sysctl_net.o
  CC      net/ipv6/sysctl_net_ipv6.o
  CC      net/ipv4/raw.o
  CC      net/nfc/core.o
  CC      net/ipv6/proc.o
  CC      net/ipv6/sit.o
  CC      net/ipv4/udp.o
  CC      net/nfc/netlink.o
  CC      net/ipv6/addrconf_core.o
  CC      net/ipv6/exthdrs_core.o
  CC      net/nfc/af_nfc.o
  CC      net/ipv6/ip6_checksum.o
  CC      net/ipv6/ip6_icmp.o
  CC      net/ipv4/udp_offload.o
  CC      net/nfc/rawsock.o
  CC      net/ipv6/output_core.o
  CC      net/ipv6/protocol.o
  CC      net/nfc/llcp_core.o
  CC      net/ipv4/arp.o
  CC      net/nfc/llcp_commands.o
  CC      net/ipv6/ip6_offload.o
  CC      net/nfc/llcp_sock.o
  CC      net/ipv6/exthdrs_offload.o
  CC      net/ipv4/icmp.o
  CC      net/ipv6/inet6_hashtables.o
  AR      net/nfc/built-in.a
  CC      net/ipv6/mcast_snoop.o
  CC      net/ipv4/devinet.o
  CC      net/ipv4/af_inet.o
  CC      net/ipv4/igmp.o
  AR      net/ipv6/built-in.a
  CC      net/ipv4/fib_frontend.o
  CC      net/ipv4/fib_semantics.o
  CC      net/ipv4/fib_trie.o
  CC      net/ipv4/fib_notifier.o
  CC      net/ipv4/inet_fragment.o
  CC      net/ipv4/ping.o
  CC      net/ipv4/ip_tunnel_core.o
  CC      net/ipv4/gre_offload.o
  CC      net/ipv4/metrics.o
  CC      net/ipv4/netlink.o
  CC      net/ipv4/nexthop.o
  CC      net/ipv4/udp_tunnel_stub.o
  CC      net/ipv4/ip_tunnel.o
  CC      net/ipv4/sysctl_net_ipv4.o
  CC      net/ipv4/proc.o
  CC      net/ipv4/tunnel4.o
  CC      net/ipv4/inet_diag.o
  CC      net/ipv4/tcp_diag.o
  CC      net/ipv4/tcp_cubic.o
  AR      net/ipv4/built-in.a
  AR      net/built-in.a
  AR      built-in.a
  AR      built-in-fixup.a
  COPY    vmlinux.a
  LD      vmlinux.o
  MODPOST vmlinux.symvers
  CC      .vmlinux.export.o
  UPD     include/generated/utsversion.h
  CC      init/version-timestamp.o
  KSYMS   .tmp_vmlinux0.kallsyms.S
  AS      .tmp_vmlinux0.kallsyms.o
  LD      .tmp_vmlinux1
  NM      .tmp_vmlinux1.syms
  KSYMS   .tmp_vmlinux1.kallsyms.S
  AS      .tmp_vmlinux1.kallsyms.o
  LD      .tmp_vmlinux2
  NM      .tmp_vmlinux2.syms
  KSYMS   .tmp_vmlinux2.kallsyms.S
  AS      .tmp_vmlinux2.kallsyms.o
  LD      vmlinux.unstripped
  NM      System.map
  SORTTAB vmlinux.unstripped
  OBJCOPY vmlinux
  GEN     modules.builtin.modinfo
  GEN     modules.builtin
  CC      arch/x86/boot/a20.o
  CC      arch/x86/boot/cmdline.o
  AS      arch/x86/boot/copy.o
  CC      arch/x86/boot/cpu.o
  CC      arch/x86/boot/cpuflags.o
  CC      arch/x86/boot/cpucheck.o
  CC      arch/x86/boot/early_serial_console.o
  CC      arch/x86/boot/edd.o
  CC      arch/x86/boot/main.o
  CC      arch/x86/boot/memory.o
  CC      arch/x86/boot/pm.o
  AS      arch/x86/boot/pmjump.o
  CC      arch/x86/boot/printf.o
  CC      arch/x86/boot/regs.o
  LDS     arch/x86/boot/compressed/vmlinux.lds
  CC      arch/x86/boot/string.o
  AS      arch/x86/boot/compressed/head_32.o
  CC      arch/x86/boot/tty.o
  CC      arch/x86/boot/video.o
  CC      arch/x86/boot/video-mode.o
  CC      arch/x86/boot/version.o
  VOFFSET arch/x86/boot/compressed/../voffset.h
  CC      arch/x86/boot/video-vga.o
  CC      arch/x86/boot/video-vesa.o
  CC      arch/x86/boot/video-bios.o
  CC      arch/x86/boot/compressed/string.o
  CC      arch/x86/boot/compressed/error.o
  CC      arch/x86/boot/compressed/cmdline.o
  OBJCOPY arch/x86/boot/compressed/vmlinux.bin
  RELOCS  arch/x86/boot/compressed/vmlinux.relocs
  CC      arch/x86/boot/compressed/cpuflags.o
  CC      arch/x86/boot/compressed/kaslr.o
  CC      arch/x86/boot/compressed/misc.o
  GZIP    arch/x86/boot/compressed/vmlinux.bin.gz
  MKPIGGY arch/x86/boot/compressed/piggy.S
  AS      arch/x86/boot/compressed/piggy.o
  LD      arch/x86/boot/compressed/vmlinux
  ZOFFSET arch/x86/boot/zoffset.h
  OBJCOPY arch/x86/boot/vmlinux.bin
  AS      arch/x86/boot/header.o
  LD      arch/x86/boot/setup.elf
  OBJCOPY arch/x86/boot/setup.bin
  BUILD   arch/x86/boot/bzImage
Kernel: arch/x86/boot/bzImage is ready  (#4)
make[5]: Leaving directory '/mnt/git-volume/kernel-test-stable-rc/build/rand500nsconfig-i386'
make[4]: Leaving directory '/mnt/git-volume/linux-stable-rc'
