make[4]: Entering directory '/home/benni/git/linux-stable-rc'
make[5]: Entering directory '/home/benni/git/kernel-test-stable-rc/build/rand500config-x86_64'
#
# configuration written to .config
#
Using .config as base
Merging /home/benni/git/linux-stable-rc/kernel/configs/tiny.config
Value of CONFIG_KERNEL_XZ is redefined by fragment /home/benni/git/linux-stable-rc/kernel/configs/tiny.config:
Previous value: # CONFIG_KERNEL_XZ is not set
New value: CONFIG_KERNEL_XZ=y

Value of CONFIG_CC_OPTIMIZE_FOR_SIZE is redefined by fragment /home/benni/git/linux-stable-rc/kernel/configs/tiny.config:
Previous value: # CONFIG_CC_OPTIMIZE_FOR_SIZE is not set
New value: CONFIG_CC_OPTIMIZE_FOR_SIZE=y

Value of CONFIG_SLUB_TINY is redefined by fragment /home/benni/git/linux-stable-rc/kernel/configs/tiny.config:
Previous value: # CONFIG_SLUB_TINY is not set
New value: CONFIG_SLUB_TINY=y

Merging /home/benni/git/linux-stable-rc/arch/x86/configs/tiny.config
Value of CONFIG_UNWINDER_GUESS is redefined by fragment /home/benni/git/linux-stable-rc/arch/x86/configs/tiny.config:
Previous value: # CONFIG_UNWINDER_GUESS is not set
New value: CONFIG_UNWINDER_GUESS=y

#
# merged configuration written to .config (needs make)
#
#
# configuration written to .config
#
make[5]: Leaving directory '/home/benni/git/kernel-test-stable-rc/build/rand500config-x86_64'
make[4]: Leaving directory '/home/benni/git/linux-stable-rc'
make[4]: Entering directory '/home/benni/git/linux-stable-rc'
make[5]: Entering directory '/tmp/tmp.eAQR8AZZUo'
  UPD     /tmp/tmp.eAQR8AZZUo/Makefile
  HOSTCC  scripts/basic/fixdep
  HOSTCC  scripts/kconfig/conf.o
  HOSTCC  scripts/kconfig/confdata.o
  HOSTCC  scripts/kconfig/expr.o
  LEX     scripts/kconfig/lexer.lex.c
  YACC    scripts/kconfig/parser.tab.[ch]
  HOSTCC  scripts/kconfig/lexer.lex.o
  HOSTCC  scripts/kconfig/menu.o
  HOSTCC  scripts/kconfig/parser.tab.o
  HOSTCC  scripts/kconfig/preprocess.o
  HOSTCC  scripts/kconfig/symbol.o
  HOSTCC  scripts/kconfig/util.o
  HOSTLD  scripts/kconfig/conf
KCONFIG_SEED=0x764394B4
#
# configuration written to .config
#
make[5]: Leaving directory '/tmp/tmp.eAQR8AZZUo'
make[4]: Leaving directory '/home/benni/git/linux-stable-rc'
make[4]: Entering directory '/home/benni/git/linux-stable-rc'
make[5]: Entering directory '/tmp/tmp.eAQR8AZZUo'
  GENSEED scripts/basic/randstruct.seed
.config:4454:warning: override: reassigning to symbol PRINTK
.config:4458:warning: override: reassigning to symbol TTY
.config:4461:warning: override: reassigning to symbol BLK_DEV_INITRD
.config:4462:warning: override: reassigning to symbol RD_GZIP
.config:4465:warning: override: reassigning to symbol BINFMT_ELF
.config:4466:warning: override: reassigning to symbol BINFMT_SCRIPT
.config:4469:warning: override: reassigning to symbol TMPFS
.config:4472:warning: override: reassigning to symbol KERNEL_GZIP
.config:4478:warning: override: reassigning to symbol KERNEL_BZIP2
.config:4479:warning: override: reassigning to symbol KERNEL_LZMA
.config:4480:warning: override: reassigning to symbol KERNEL_XZ
.config:4481:warning: override: reassigning to symbol KERNEL_LZO
.config:4482:warning: override: reassigning to symbol KERNEL_LZ4
.config:4483:warning: override: reassigning to symbol KERNEL_ZSTD
.config:4486:warning: override: reassigning to symbol MODULES
.config:4489:warning: override: reassigning to symbol DRM
.config:4490:warning: override: reassigning to symbol SOUND
.config:4491:warning: override: reassigning to symbol STAGING
.config:4493:warning: override: reassigning to symbol MEDIA_SUPPORT
.config:4499:warning: override: reassigning to symbol KCOV
.config:4502:warning: override: reassigning to symbol KCSAN
.config:4503:warning: override: reassigning to symbol KFENCE
.config:4504:warning: override: reassigning to symbol UBSAN
.config:4509:warning: override: reassigning to symbol RCU_TORTURE_TEST
.config:4510:warning: override: reassigning to symbol LOCK_TORTURE_TEST
.config:4517:warning: override: reassigning to symbol KUNIT
#
# configuration written to .config
#
make[5]: Leaving directory '/tmp/tmp.eAQR8AZZUo'
make[4]: Leaving directory '/home/benni/git/linux-stable-rc'
make[4]: Entering directory '/home/benni/git/linux-stable-rc'
make[5]: Entering directory '/home/benni/git/kernel-test-stable-rc/build/rand500config-x86_64'
.config:1448:warning: override: reassigning to symbol ARCH_SUPPORTS_PER_VMA_LOCK
.config:1453:warning: override: reassigning to symbol NOTIFIER_ERROR_INJECTION
.config:1455:warning: override: reassigning to symbol HAVE_MIXED_BREAKPOINTS_REGS
.config:1456:warning: override: reassigning to symbol RUSTC_HAS_SPAN_FILE
.config:1460:warning: override: reassigning to symbol ARCH_ENABLE_SPLIT_PMD_PTLOCK
.config:1463:warning: override: reassigning to symbol ARCH_HAS_PREEMPT_LAZY
.config:1465:warning: override: reassigning to symbol HAVE_OBJTOOL_NOP_MCOUNT
.config:1468:warning: override: reassigning to symbol X86_DISABLED_FEATURE_RETPOLINE
.config:1469:warning: override: reassigning to symbol CC_HAS_KASAN_SW_TAGS
.config:1472:warning: override: reassigning to symbol ARCH_HAS_NON_OVERLAPPING_ADDRESS_SPACE
.config:1474:warning: override: reassigning to symbol RCU_SCALE_TEST
.config:1480:warning: override: reassigning to symbol DEBUG_VM_PGTABLE
.config:1482:warning: override: reassigning to symbol ARCH_MHP_MEMMAP_ON_MEMORY_ENABLE
.config:1484:warning: override: reassigning to symbol HAVE_POSIX_CPU_TIMERS_TASK_WORK
.config:1489:warning: override: reassigning to symbol DEBUG_KOBJECT
.config:1490:warning: override: reassigning to symbol WERROR
.config:1491:warning: override: reassigning to symbol HAVE_ARCH_WITHIN_STACK_FRAMES
.config:1496:warning: override: reassigning to symbol TRACE_GPU_MEM
.config:1497:warning: override: reassigning to symbol HAVE_GENERIC_TIF_BITS
.config:1499:warning: override: reassigning to symbol TELCLOCK
.config:1510:warning: override: reassigning to symbol ARCH_USE_CMPXCHG_LOCKREF
.config:1512:warning: override: reassigning to symbol HAVE_KCSAN_COMPILER
.config:1519:warning: override: reassigning to symbol HANGCHECK_TIMER
.config:1520:warning: override: reassigning to symbol HAVE_ARCH_KFENCE
.config:1523:warning: override: reassigning to symbol ARCH_CLOCKSOURCE_INIT
.config:1524:warning: override: reassigning to symbol HUGETLBFS
.config:1526:warning: override: reassigning to symbol ACPI
.config:1536:warning: override: reassigning to symbol X86_DEBUGCTLMSR
.config:1538:warning: override: reassigning to symbol ARCH_HAS_PMEM_API
.config:1542:warning: override: reassigning to symbol POWER_RESET
.config:1544:warning: override: reassigning to symbol DAMON
.config:1547:warning: override: reassigning to symbol X86_REQUIRED_FEATURE_LM
.config:1549:warning: override: reassigning to symbol SPI
.config:1551:warning: override: reassigning to symbol ARCH_WANTS_NO_INSTR
.config:1552:warning: override: reassigning to symbol OBJTOOL
.config:1555:warning: override: reassigning to symbol BROADCAST_TLB_FLUSH
.config:1556:warning: override: reassigning to symbol NEED_DMA_MAP_STATE
.config:1565:warning: override: reassigning to symbol RTC_LIB
.config:1570:warning: override: reassigning to symbol AS_IS_GNU
.config:1574:warning: override: reassigning to symbol NLS
.config:1575:warning: override: reassigning to symbol KEXEC
.config:1577:warning: override: reassigning to symbol HAVE_PREEMPT_DYNAMIC
.config:1591:warning: override: reassigning to symbol INIT_STACK_NONE
.config:1593:warning: override: reassigning to symbol ARCH_MIGHT_HAVE_PC_SERIO
.config:1596:warning: override: reassigning to symbol HAVE_SAMPLE_FTRACE_DIRECT
.config:1597:warning: override: reassigning to symbol GENERIC_EARLY_IOREMAP
.config:1601:warning: override: reassigning to symbol X86_TSC
.config:1602:warning: override: reassigning to symbol HAVE_DYNAMIC_FTRACE
.config:1604:warning: override: reassigning to symbol KEXEC_FILE
.config:1609:warning: override: reassigning to symbol PINCTRL
.config:1611:warning: override: reassigning to symbol GNSS
.config:1613:warning: override: reassigning to symbol MICROCODE_DBG
.config:1614:warning: override: reassigning to symbol RPMB
.config:1619:warning: override: reassigning to symbol ARCH_HAVE_NMI_SAFE_CMPXCHG
.config:1621:warning: override: reassigning to symbol KERNEL_GZIP
.config:1628:warning: override: reassigning to symbol BINFMT_SCRIPT
.config:1633:warning: override: reassigning to symbol CC_HAS_ZERO_CALL_USED_REGS
.config:1637:warning: override: reassigning to symbol GENERIC_CLOCKEVENTS_COUPLED
.config:1641:warning: override: reassigning to symbol GENERIC_ENTRY
.config:1643:warning: override: reassigning to symbol DEBUG_MAPLE_TREE
.config:1646:warning: override: reassigning to symbol KALLSYMS
.config:1652:warning: override: reassigning to symbol MICROCODE
.config:1658:warning: override: reassigning to symbol MEMSTICK
.config:1664:warning: override: reassigning to symbol ARCH_HAS_PTDUMP
.config:1675:warning: override: reassigning to symbol ARCH_HAS_GIGANTIC_PAGE
.config:1677:warning: override: reassigning to symbol IRQ_TIME_ACCOUNTING
.config:1691:warning: override: reassigning to symbol HAVE_BUILDTIME_MCOUNT_SORT
.config:1696:warning: override: reassigning to symbol HAVE_KERNEL_XZ
.config:1700:warning: override: reassigning to symbol NEED_PER_CPU_PAGE_FIRST_CHUNK
.config:1702:warning: override: reassigning to symbol HAVE_EBPF_JIT
.config:1703:warning: override: reassigning to symbol CPU_SUP_ZHAOXIN
.config:1705:warning: override: reassigning to symbol X86_REQUIRED_FEATURE_FXSR
.config:1710:warning: override: reassigning to symbol HEADERS_INSTALL
.config:1712:warning: override: reassigning to symbol HAVE_STATIC_CALL_INLINE
.config:1713:warning: override: reassigning to symbol IRQ_WORK
.config:1724:warning: override: reassigning to symbol X86_MCE
.config:1728:warning: override: reassigning to symbol OF
.config:1731:warning: override: reassigning to symbol HAVE_IOREMAP_PROT
.config:1732:warning: override: reassigning to symbol HW_RANDOM
.config:1736:warning: override: reassigning to symbol ARCH_HAS_UBSAN
.config:1738:warning: override: reassigning to symbol KGDB
.config:1739:warning: override: reassigning to symbol PAGE_SIZE_LESS_THAN_64KB
.config:1747:warning: override: reassigning to symbol STATIC_CALL_SELFTEST
.config:1750:warning: override: reassigning to symbol CC_CAN_LINK
.config:1752:warning: override: reassigning to symbol GENERIC_IRQ_RESERVATION_MODE
.config:1753:warning: override: reassigning to symbol X86_REQUIRED_FEATURE_XMM2
.config:1760:warning: override: reassigning to symbol VIRT_DRIVERS
.config:1761:warning: override: reassigning to symbol SLIMBUS
.config:1762:warning: override: reassigning to symbol HAVE_ARCH_RANDOMIZE_KSTACK_OFFSET
.config:1763:warning: override: reassigning to symbol DEBUG_LIST
.config:1770:warning: override: reassigning to symbol CONFIGFS_FS
.config:1772:warning: override: reassigning to symbol DYNAMIC_SIGFRAME
.config:1774:warning: override: reassigning to symbol ARCH_SUPPORTS_KEXEC_BZIMAGE_VERIFY_SIG
.config:1775:warning: override: reassigning to symbol PAGE_REPORTING
.config:1778:warning: override: reassigning to symbol ARCH_USE_BUILTIN_BSWAP
.config:1779:warning: override: reassigning to symbol CMA
.config:1780:warning: override: reassigning to symbol HAVE_EFFICIENT_UNALIGNED_ACCESS
.config:1785:warning: override: reassigning to symbol LOCK_STAT
.config:1787:warning: override: reassigning to symbol SWIOTLB
.config:1788:warning: override: reassigning to symbol CC_HAS_NAMED_AS_FIXED_SANITIZERS
.config:1795:warning: override: reassigning to symbol ZONE_DMA
.config:1798:warning: override: reassigning to symbol ARCH_WANTS_DYNAMIC_TASK_STRUCT
.config:1800:warning: override: reassigning to symbol BLK_DEV_INITRD
.config:1803:warning: override: reassigning to symbol SECTION_MISMATCH_WARN_ONLY
.config:1804:warning: override: reassigning to symbol DEBUG_MISC
.config:1805:warning: override: reassigning to symbol HAVE_MOVE_PUD
.config:1807:warning: override: reassigning to symbol EDAC_SUPPORT
.config:1827:warning: override: reassigning to symbol PERF_EVENTS_AMD_UNCORE
.config:1828:warning: override: reassigning to symbol HAVE_OPTPROBES
.config:1830:warning: override: reassigning to symbol REMOTEPROC
.config:1831:warning: override: reassigning to symbol SCHED_OMIT_FRAME_POINTER
.config:1844:warning: override: reassigning to symbol AUXDISPLAY
.config:1851:warning: override: reassigning to symbol DEBUG_PLIST
.config:1852:warning: override: reassigning to symbol POSIX_TIMERS
.config:1853:warning: override: reassigning to symbol RCU_REF_SCALE_TEST
.config:1855:warning: override: reassigning to symbol HAVE_KERNEL_GZIP
.config:1859:warning: override: reassigning to symbol HAVE_KLP_BUILD
.config:1864:warning: override: reassigning to symbol X86_DISABLED_FEATURE_USER_SHSTK
.config:1866:warning: override: reassigning to symbol X86_MSR
.config:1870:warning: override: reassigning to symbol DAX
.config:1872:warning: override: reassigning to symbol GENERIC_VDSO_OVERFLOW_PROTECT
.config:1874:warning: override: reassigning to symbol HAVE_FUNCTION_ARG_ACCESS_API
.config:1878:warning: override: reassigning to symbol HAVE_ARCH_TRANSPARENT_HUGEPAGE_PUD
.config:1880:warning: override: reassigning to symbol HAVE_KPROBES_ON_FTRACE
.config:1885:warning: override: reassigning to symbol GENERIC_SYSCALL
.config:1889:warning: override: reassigning to symbol ARCH_HAS_DEBUG_WX
.config:1890:warning: override: reassigning to symbol HAVE_ARCH_KASAN
.config:1891:warning: override: reassigning to symbol GENERIC_CLOCKEVENTS_BROADCAST
.config:1898:warning: override: reassigning to symbol IPMI_HANDLER
.config:1902:warning: override: reassigning to symbol BUILDTIME_TABLE_SORT
.config:1903:warning: override: reassigning to symbol HAVE_KPROBES
.config:1906:warning: override: reassigning to symbol X86_MPPARSE
.config:1917:warning: override: reassigning to symbol STANDALONE
.config:1919:warning: override: reassigning to symbol HAVE_DEBUG_KMEMLEAK
.config:1920:warning: override: reassigning to symbol MEMBARRIER
.config:1922:warning: override: reassigning to symbol ARCH_HAS_CACHE_LINE_SIZE
.config:1925:warning: override: reassigning to symbol HAVE_PERF_EVENTS_NMI
.config:1927:warning: override: reassigning to symbol CC_HAS_WORKING_NOSANITIZE_ADDRESS
.config:1928:warning: override: reassigning to symbol PERF_EVENTS
.config:1936:warning: override: reassigning to symbol HAVE_ARCH_HUGE_VMALLOC
.config:1937:warning: override: reassigning to symbol CC_HAS_MIN_FUNCTION_ALIGNMENT
.config:1944:warning: override: reassigning to symbol HAVE_FTRACE_REGS_HAVING_PT_REGS
.config:1960:warning: override: reassigning to symbol PRINTK
.config:1964:warning: override: reassigning to symbol TTY
.config:1967:warning: override: reassigning to symbol BLK_DEV_INITRD
.config:1971:warning: override: reassigning to symbol BINFMT_ELF
.config:1972:warning: override: reassigning to symbol BINFMT_SCRIPT
.config:1978:warning: override: reassigning to symbol KERNEL_GZIP
#
# configuration written to .config
#
make[5]: Leaving directory '/home/benni/git/kernel-test-stable-rc/build/rand500config-x86_64'
make[4]: Leaving directory '/home/benni/git/linux-stable-rc'
make[4]: Entering directory '/home/benni/git/linux-stable-rc'
make[5]: Entering directory '/home/benni/git/kernel-test-stable-rc/build/rand500config-x86_64'
  SYNC    include/config/auto.conf
  HOSTCC  scripts/unifdef
  HOSTCC  arch/x86/tools/relocs_32.o
  HOSTCC  arch/x86/tools/relocs_64.o
  HOSTCC  arch/x86/tools/relocs_common.o
  HOSTCC  arch/x86/tools/vdso2c
  HOSTCC  scripts/dtc/dtc.o
  HOSTCC  scripts/dtc/flattree.o
  HOSTCC  scripts/dtc/fstree.o
  HOSTCC  scripts/dtc/data.o
  HOSTCC  scripts/dtc/livetree.o
  HOSTCC  scripts/dtc/treesource.o
  HOSTCC  scripts/dtc/srcpos.o
  HOSTCC  scripts/dtc/checks.o
  HOSTCC  scripts/dtc/util.o
  DESCEND objtool
  HOSTCC  scripts/dtc/dtc-lexer.lex.o
  HOSTCC  scripts/dtc/dtc-parser.tab.o
  HOSTCC  scripts/dtc/libfdt/fdt.o
  HOSTCC  scripts/dtc/libfdt/fdt_ro.o
  HOSTCC  scripts/dtc/libfdt/fdt_wip.o
  HOSTCC  scripts/dtc/libfdt/fdt_sw.o
  HOSTCC  scripts/dtc/libfdt/fdt_rw.o
  HOSTCC  scripts/dtc/libfdt/fdt_strerror.o
  HOSTCC  scripts/dtc/libfdt/fdt_empty_tree.o
  HOSTCC  scripts/dtc/libfdt/fdt_addresses.o
  HOSTCC  scripts/dtc/fdtoverlay.o
  HOSTCC  scripts/dtc/libfdt/fdt_overlay.o
  HOSTLD  arch/x86/tools/relocs
  HOSTLD  scripts/dtc/fdtoverlay
  INSTALL libsubcmd_headers
  HDRINST usr/include/linux/rkisp1-config.h
  HDRINST usr/include/linux/netfilter/nf_conntrack_common.h
  HDRINST usr/include/linux/iommufd.h
  HDRINST usr/include/linux/btrfs.h
  HDRINST usr/include/linux/bpf.h
  HOSTLD  scripts/dtc/dtc
  HDRINST usr/include/linux/if_link.h
  HDRINST usr/include/rdma/bnxt_re-abi.h
  HDRINST usr/include/linux/version.h
  HOSTCC  scripts/kallsyms
  HOSTCC  scripts/sorttable.o
  HOSTCC  scripts/elf-parse.o
  HOSTLD  scripts/sorttable
  CC      scripts/mod/empty.o
  HOSTCC  scripts/mod/mk_elfconfig
  CC      scripts/mod/devicetable-offsets.s
  MKELF   scripts/mod/elfconfig.h
  HOSTCC  scripts/mod/modpost.o
  HOSTCC  scripts/mod/sumversion.o
  HOSTCC  scripts/mod/symsearch.o
  HOSTCC  scripts/mod/file2alias.o
  HOSTLD  scripts/mod/modpost
  CC      kernel/bounds.s
  UPD     include/generated/bounds.h
  CC      arch/x86/kernel/asm-offsets.s
  UPD     include/generated/asm-offsets.h
  CC      kernel/sched/rq-offsets.s
  UPD     include/generated/rq-offsets.h
  CALL    /home/benni/git/linux-stable-rc/scripts/checksyscalls.sh 
  HOSTCC  usr/gen_init_cpio
  AS      arch/x86/boot/startup/la57toggle.o
  CC      arch/x86/realmode/init.o
  CC      security/commoncap.o
  AS      arch/x86/entry/entry.o
  CC      security/min_addr.o
  CC      arch/x86/events/core.o
  CC      drivers/irqchip/irqchip.o
  CC      init/main.o
  AS      arch/x86/lib/bhi.o
  CC      arch/x86/boot/startup/gdt_idt.o
  AS      arch/x86/entry/entry_64.o
  AS      arch/x86/lib/clear_page_64.o
  CC      arch/x86/mm/init.o
  CC      fs/open.o
  CC      arch/x86/lib/cmdline.o
  CC      arch/x86/entry/syscall_64.o
  CC      lib/argv_split.o
  AS      arch/x86/kernel/head_64.o
  CC      kernel/fork.o
  CC      mm/filemap.o
  CC      arch/x86/kernel/head64.o
  GEN     usr/initramfs_data.cpio
  COPY    usr/initramfs_inc_data
  AS      arch/x86/lib/cmpxchg16b_emu.o
  AS      usr/initramfs_data.o
  AR      usr/built-in.a
  CC      arch/x86/lib/copy_mc.o
  CC      arch/x86/kernel/ebda.o
  CC      arch/x86/boot/startup/map_kernel.o
  CC      lib/buildid.o
  AR      drivers/irqchip/built-in.a
  CC      drivers/bus/simple-pm-bus.o
  AS      arch/x86/realmode/rm/header.o
  CC      arch/x86/kernel/platform-quirks.o
  AS      arch/x86/realmode/rm/trampoline_64.o
  AS      arch/x86/lib/copy_mc_64.o
  AS      arch/x86/realmode/rm/stack.o
  AS      arch/x86/lib/copy_page_64.o
  AR      arch/x86/boot/startup/lib.a
  AS      arch/x86/realmode/rm/reboot.o
  OBJCOPY arch/x86/boot/startup/gdt_idt.pi.o
  OBJCOPY arch/x86/boot/startup/map_kernel.pi.o
  AS      arch/x86/lib/copy_user_64.o
  AR      arch/x86/boot/startup/built-in.a
  PASYMS  arch/x86/realmode/rm/pasyms.h
  CC      fs/read_write.o
  CC      arch/x86/kernel/process_64.o
  CC      fs/file_table.o
  LDS     arch/x86/realmode/rm/realmode.lds
  AR      security/built-in.a
  AS      arch/x86/lib/copy_user_uncached_64.o
  LD      arch/x86/realmode/rm/realmode.elf
  CC      arch/x86/mm/init_64.o
  RELOCS  arch/x86/realmode/rm/realmode.relocs
  CC      arch/x86/kernel/signal.o
  OBJCOPY arch/x86/realmode/rm/realmode.bin
  CC      arch/x86/lib/cpu.o
  AS      arch/x86/realmode/rmpiggy.o
  AR      arch/x86/realmode/built-in.a
  CC      fs/super.o
  CC      arch/x86/entry/common.o
  AR      drivers/bus/built-in.a
  AR      drivers/phy/built-in.a
  UPD     init/utsversion-tmp.h
  CC      init/do_mounts.o
  CC      drivers/pinctrl/core.o
  CC      lib/cmdline.o
  CC      drivers/gpio/gpiolib.o
  CC      drivers/pinctrl/pinctrl-utils.o
  AS      arch/x86/lib/csum-copy_64.o
  CC      lib/ctype.o
  CC      arch/x86/lib/csum-partial_64.o
  CC      arch/x86/events/probe.o
  CC      lib/dec_and_lock.o
  CC      arch/x86/lib/csum-wrappers_64.o
  CC      kernel/exec_domain.o
  CC      lib/decompress.o
  CC      arch/x86/entry/vdso/vma.o
  CC      drivers/gpio/gpiolib-devres.o
  CC      drivers/pinctrl/pinmux.o
  CC      arch/x86/kernel/signal_64.o
  CC      arch/x86/kernel/traps.o
  CC      lib/decompress_bunzip2.o
  CC      arch/x86/events/utils.o
  CC      arch/x86/lib/delay.o
  CC      mm/mempool.o
  CC      arch/x86/mm/fault.o
  CC      arch/x86/entry/vdso/extable.o
  CC      fs/char_dev.o
  CC      kernel/panic.o
  CC      init/do_mounts_initrd.o
  AS      arch/x86/lib/getuser.o
  CC      kernel/cpu.o
  CC      arch/x86/lib/inat.o
  LDS     arch/x86/entry/vdso/vdso64/vdso64.lds
  CC      lib/decompress_inflate.o
  AS      arch/x86/entry/vdso/vdso64/note.o
  CC      arch/x86/lib/insn-eval.o
  CC      kernel/exit.o
  CC      drivers/pinctrl/pinconf.o
  CC      arch/x86/entry/vdso/vdso64/vclock_gettime.o
  CC      fs/stat.o
  CC      mm/oom_kill.o
  CC      arch/x86/events/amd/core.o
  CC      arch/x86/events/amd/lbr.o
  CC      mm/fadvise.o
  CC      arch/x86/kernel/idt.o
  CC      arch/x86/entry/vdso/vdso64/vgetcpu.o
  CC      drivers/gpio/gpiolib-legacy.o
  CC      fs/exec.o
  CC      init/initramfs.o
  CC      arch/x86/entry/vdso/vdso64/vgetrandom.o
  CC      lib/decompress_unlz4.o
  CC      arch/x86/mm/ioremap.o
  CC      drivers/pinctrl/pinconf-generic.o
  AS      arch/x86/entry/vdso/vdso64/vgetrandom-chacha.o
  VDSO    arch/x86/entry/vdso/vdso64/vdso64.so.dbg
  OBJCOPY arch/x86/entry/vdso/vdso64/vdso64.so
  VDSO2C  arch/x86/entry/vdso/vdso64/vdso64-image.c
  CC      arch/x86/entry/vdso/vdso64/vdso64-image.o
  CC      arch/x86/events/amd/ibs.o
  CC      arch/x86/lib/insn.o
  CC      drivers/gpio/gpiolib-of.o
  AR      arch/x86/entry/vdso/vdso64/built-in.a
  AR      arch/x86/entry/vdso/built-in.a
  AS      arch/x86/entry/thunk.o
  CC      lib/decompress_unlzma.o
  CC      arch/x86/mm/extable.o
  AS      arch/x86/lib/memcpy_64.o
  AS      arch/x86/lib/memmove_64.o
  CC      drivers/pinctrl/devicetree.o
  AR      arch/x86/entry/built-in.a
  CC      arch/x86/kernel/irq.o
  CC      arch/x86/kernel/irq_64.o
  CC      mm/maccess.o
  CC      kernel/softirq.o
  AS      arch/x86/lib/memset_64.o
  CC      drivers/gpio/gpiolib-cdev.o
  CC      arch/x86/lib/misc.o
  CC      drivers/pinctrl/pinctrl-microchip-sgpio.o
  CC      arch/x86/lib/pc-conf-reg.o
  CC      fs/pipe.o
  CC      init/calibrate.o
  CC      arch/x86/events/amd/uncore.o
  AS      arch/x86/lib/putuser.o
  CC      arch/x86/mm/mmap.o
  CC      arch/x86/lib/usercopy.o
  CC      arch/x86/events/msr.o
  CC      init/init_task.o
  CC      arch/x86/events/intel/core.o
  CC      lib/decompress_unlzo.o
  CC      arch/x86/events/zhaoxin/core.o
  CC      arch/x86/events/intel/bts.o
  CC      mm/page-writeback.o
  CC      kernel/resource.o
  CC      arch/x86/events/intel/ds.o
  CC      arch/x86/lib/usercopy_64.o
  CC      arch/x86/kernel/dumpstack_64.o
  CC      drivers/pinctrl/pinctrl-single.o
  CC      arch/x86/mm/pgtable.o
  CC      lib/decompress_unxz.o
  CC      drivers/gpio/gpiolib-acpi-core.o
  CC      fs/namei.o
  CC      drivers/gpio/gpiolib-acpi-quirks.o
  AR      arch/x86/events/amd/built-in.a
  CC      init/version.o
  CC      mm/folio-compat.o
  CC      arch/x86/lib/msr.o
  CC      arch/x86/kernel/time.o
  AR      arch/x86/events/zhaoxin/built-in.a
  CC      fs/fcntl.o
  CC      drivers/pci/of.o
  CC      lib/decompress_unzstd.o
  CC      lib/dump_stack.o
  CC      kernel/sysctl.o
  AR      init/built-in.a
  CC      drivers/pinctrl/intel/pinctrl-intel.o
  AS      arch/x86/lib/msr-reg.o
  CC      arch/x86/mm/physaddr.o
  CC      drivers/video/console/dummycon.o
  CC      lib/earlycpio.o
  CC      arch/x86/lib/msr-reg-export.o
  CC      mm/readahead.o
  CC      drivers/gpio/gpiolib-swnode.o
  CC      arch/x86/kernel/ioport.o
  AS      arch/x86/lib/hweight.o
  CC      drivers/pinctrl/intel/pinctrl-geminilake.o
  CC      drivers/video/console/vgacon.o
  CC      arch/x86/lib/iomem.o
  AR      drivers/pci/built-in.a
  CC      lib/extable.o
  CC      arch/x86/mm/tlb.o
  CC      drivers/gpio/gpio-mmio.o
  CC      drivers/char/ipmi/ipmi_msghandler.o
  CC      kernel/capability.o
  CC      drivers/char/ipmi/ipmi_poweroff.o
  CC      arch/x86/kernel/dumpstack.o
  CC      fs/ioctl.o
  AR      arch/x86/lib/lib.a
  AR      arch/x86/lib/built-in.a
  CC      arch/x86/mm/cpu_entry_area.o
  CC      arch/x86/mm/maccess.o
  CC      lib/fdt.o
  AR      drivers/pinctrl/intel/built-in.a
  CC      fs/readdir.o
  AR      drivers/pinctrl/built-in.a
  CC      lib/fdt_addresses.o
  CC      mm/swap.o
  CC      drivers/gpio/gpio-74xx-mmio.o
  AR      drivers/video/console/built-in.a
  CC      mm/truncate.o
  CC      drivers/gpio/gpio-aggregator.o
  CC      arch/x86/events/intel/knc.o
  CC      lib/fdt_empty_tree.o
  AR      drivers/video/built-in.a
  CC      drivers/acpi/tables.o
  CC      arch/x86/kernel/nmi.o
  CC      kernel/ptrace.o
  CC      lib/fdt_ro.o
  CC      arch/x86/purgatory/purgatory.o
  CC      fs/select.o
  AS      arch/x86/purgatory/stack.o
  CC      arch/x86/mm/pgprot.o
  CC      drivers/gpio/gpio-by-pinctrl.o
  AS      arch/x86/purgatory/setup-x86_64.o
  CC      fs/dcache.o
  CC      arch/x86/purgatory/sha256.o
  CC      kernel/user.o
  CC      lib/fdt_rw.o
  CC      arch/x86/kernel/setup.o
  CC      arch/x86/events/intel/lbr.o
  AR      drivers/char/ipmi/built-in.a
  CC      lib/fdt_strerror.o
  CC      drivers/gpio/gpio-cadence.o
  CC      lib/fdt_sw.o
  CC      arch/x86/mm/pat/set_memory.o
  CC      arch/x86/kernel/x86_init.o
  AS      arch/x86/purgatory/entry64.o
  CC      drivers/gpio/gpio-max3191x.o
  CC      arch/x86/purgatory/string.o
  CC      arch/x86/kernel/i8259.o
  CC      mm/vmscan.o
  CC      lib/fdt_wip.o
  CC      drivers/acpi/osi.o
  CC      kernel/signal.o
  LD      arch/x86/purgatory/purgatory.ro
  LD      arch/x86/purgatory/purgatory.chk
  AS      arch/x86/purgatory/kexec-purgatory.o
  CC      fs/inode.o
  AR      arch/x86/purgatory/built-in.a
  CC      lib/flex_proportions.o
  CC      arch/x86/events/intel/p4.o
  CC      fs/attr.o
  CC      arch/x86/mm/pat/memtype.o
  CC      arch/x86/kernel/irqinit.o
  CC      drivers/acpi/osl.o
  CC      drivers/pnp/core.o
  CC      lib/idr.o
  CC      lib/iomem_copy.o
  CC      arch/x86/events/intel/p6.o
  CC      drivers/gpio/gpio-pisosr.o
  CC      arch/x86/mm/hugetlbpage.o
  CC      drivers/pnp/card.o
  CC      arch/x86/virt/svm/cmdline.o
  CC      kernel/sys.o
  CC      mm/shrinker.o
  CC      arch/x86/events/intel/pt.o
  AR      arch/x86/virt/svm/built-in.a
  CC      lib/irq_regs.o
  AR      arch/x86/virt/built-in.a
  AR      arch/x86/mm/pat/built-in.a
  CC      arch/x86/kernel/irq_work.o
  CC      lib/is_single_threaded.o
  CC      lib/klist.o
  CC      drivers/pnp/driver.o
  AR      drivers/gpio/built-in.a
  CC      fs/bad_inode.o
  CC      kernel/umh.o
  CC      arch/x86/kernel/probe_roms.o
  CC      mm/shmem.o
  CC      lib/kobject.o
  AR      arch/x86/mm/built-in.a
  CC      drivers/acpi/utils.o
  CC      fs/file.o
  CC      fs/filesystems.o
  CC      drivers/pnp/resource.o
  CC      arch/x86/kernel/sys_x86_64.o
  CC      fs/namespace.o
  CC      arch/x86/kernel/bootflag.o
  CC      drivers/acpi/reboot.o
  CC      drivers/pnp/manager.o
  CC      arch/x86/kernel/e820.o
  CC      lib/kobject_uevent.o
  CC      drivers/pnp/support.o
  AR      arch/x86/events/intel/built-in.a
  CC      drivers/pnp/interface.o
  AR      arch/x86/events/built-in.a
  CC      mm/util.o
  CC      drivers/clk/clk-devres.o
  CC      kernel/workqueue.o
  CC      kernel/pid.o
  CC      kernel/task_work.o
  CC      drivers/acpi/nvs.o
  CC      kernel/extable.o
  CC      drivers/clk/clk-bulk.o
  CC      drivers/virtio/virtio.o
  CC      arch/x86/kernel/pci-dma.o
  CC      drivers/pnp/quirks.o
  CC      lib/logic_pio.o
  CC      drivers/virtio/virtio_ring.o
  CC      drivers/tty/tty_io.o
  CC      arch/x86/kernel/quirks.o
  CC      drivers/char/mem.o
  CC      fs/seq_file.o
  CC      drivers/clk/clkdev.o
  CC      drivers/acpi/wakeup.o
  CC      mm/mmzone.o
  CC      arch/x86/kernel/kdebugfs.o
  CC      lib/maple_tree.o
  CC      mm/vmstat.o
  CC      drivers/char/random.o
  CC      drivers/pnp/system.o
  CC      drivers/char/misc.o
  CC      mm/backing-dev.o
  CC      drivers/clk/clk.o
  CC      drivers/acpi/sleep.o
  CC      drivers/tty/n_tty.o
  CC      drivers/pnp/pnpacpi/core.o
  CC      lib/memcat_p.o
  CC      fs/xattr.o
  CC      arch/x86/kernel/alternative.o
  CC      drivers/virtio/virtio_anchor.o
  CC      mm/mm_init.o
  CC      kernel/params.o
  CC      arch/x86/kernel/i8253.o
  CC      arch/x86/kernel/hw_breakpoint.o
  CC      arch/x86/kernel/tsc.o
  CC      drivers/tty/tty_ioctl.o
  CC      drivers/pnp/pnpacpi/rsparser.o
  CC      drivers/tty/tty_ldisc.o
  CC      drivers/char/hw_random/core.o
  CC      drivers/acpi/device_sysfs.o
  AR      drivers/virtio/built-in.a
  CC      drivers/tty/tty_buffer.o
  CC      drivers/char/hw_random/via-rng.o
  CC      drivers/tty/tty_port.o
  CC      kernel/kthread.o
  CC      lib/nmi_backtrace.o
  CC      kernel/sys_ni.o
  CC      fs/libfs.o
  CC      arch/x86/kernel/tsc_msr.o
  CC      mm/percpu.o
  CC      fs/fs-writeback.o
  CC      drivers/clk/clk-divider.o
  CC      drivers/acpi/device_pm.o
  CC      drivers/clk/clk-fixed-factor.o
  CC      drivers/acpi/bus.o
  CC      drivers/char/tlclk.o
  AR      drivers/char/hw_random/built-in.a
  AR      drivers/pnp/pnpacpi/built-in.a
  CC      arch/x86/kernel/io_delay.o
  CC      mm/slab_common.o
  AR      drivers/pnp/built-in.a
  CC      fs/pnode.o
  CC      drivers/clk/clk-fixed-rate.o
  CC      kernel/nsproxy.o
  CC      lib/objpool.o
  CC      drivers/tty/tty_mutex.o
  CC      arch/x86/kernel/rtc.o
  CC      arch/x86/kernel/resource.o
  CC      kernel/nstree.o
  CC      drivers/clk/clk-gate.o
  CC      mm/compaction.o
  CC      drivers/tty/tty_ldsem.o
  CC      drivers/char/hangcheck-timer.o
  CC      fs/splice.o
  CC      lib/plist.o
  CC      drivers/tty/tty_baudrate.o
  CC      fs/sync.o
  CC      drivers/acpi/glue.o
  CC      drivers/tty/tty_jobctrl.o
  CC      lib/radix-tree.o
  CC      kernel/nscommon.o
  CC      lib/ratelimit.o
  AS      arch/x86/kernel/irqflags.o
  CC      drivers/clk/clk-multiplier.o
  CC      arch/x86/kernel/static_call.o
  CC      arch/x86/kernel/process.o
  CC      drivers/clk/clk-mux.o
  AR      drivers/char/built-in.a
  CC      arch/x86/kernel/fpu/init.o
  CC      fs/utimes.o
  CC      mm/show_mem.o
  CC      mm/interval_tree.o
  CC      drivers/clk/clk-composite.o
  CC      drivers/tty/n_null.o
  CC      lib/rbtree.o
  CC      drivers/acpi/scan.o
  CC      drivers/clk/clk-fractional-divider.o
  CC      kernel/notifier.o
  CC      drivers/clk/clk-gpio.o
  CC      drivers/base/component.o
  CC      arch/x86/kernel/fpu/bugs.o
  CC      kernel/ksysfs.o
  CC      mm/list_lru.o
  CC      arch/x86/kernel/fpu/core.o
  CC      lib/seq_buf.o
  CC      arch/x86/kernel/ptrace.o
  CC      drivers/gpu/trace/trace_gpu_mem.o
  CC      drivers/acpi/mipi-disco-img.o
  CC      drivers/tty/pty.o
  CC      fs/d_path.o
  CC      arch/x86/kernel/fpu/regset.o
  CC      kernel/cred.o
  CC      drivers/clk/clk-conf.o
  CC      drivers/base/core.o
  CC      mm/workingset.o
  CC      drivers/misc/rpmb-core.o
  CC      arch/x86/kernel/step.o
  AR      drivers/gpu/trace/built-in.a
  AR      drivers/gpu/built-in.a
  CC      lib/siphash.o
  CC      drivers/acpi/resource.o
  CC      arch/x86/kernel/stacktrace.o
  CC      kernel/reboot.o
  CC      arch/x86/kernel/acpi/boot.o
  CC      arch/x86/kernel/cpu/cacheinfo.o
  CC      arch/x86/kernel/fpu/signal.o
  CC      drivers/tty/sysrq.o
  CC      fs/stack.o
  AR      drivers/misc/built-in.a
  CC      drivers/tty/vt/vt_ioctl.o
  CC      mm/debug.o
  CC      drivers/clk/x86/clk-fch.o
  CC      lib/string.o
  CC      drivers/base/bus.o
  CC      arch/x86/kernel/cpu/scattered.o
  CC      drivers/tty/serial/serial_core.o
  CC      drivers/acpi/acpi_processor.o
  CC      lib/sys_info.o
  CC      mm/gup.o
  CC      fs/fs_struct.o
  AR      drivers/clk/x86/built-in.a
  CC      lib/timerqueue.o
  CC      arch/x86/kernel/cpu/topology_common.o
  CC      arch/x86/kernel/fpu/xstate.o
  AR      drivers/clk/built-in.a
  CC      kernel/async.o
  CC      arch/x86/kernel/reboot.o
  CC      arch/x86/kernel/acpi/cstate.o
  CC      arch/x86/kernel/cpu/topology_ext.o
  CC      drivers/tty/vt/vc_screen.o
  CC      arch/x86/kernel/cpu/topology_amd.o
  CC      drivers/acpi/processor_core.o
  CC      mm/mmap_lock.o
  CC      lib/vsprintf.o
  CC      drivers/base/dd.o
  CC      kernel/range.o
  CC      mm/vma_init.o
  CC      fs/statfs.o
  CC      fs/fs_pin.o
  CC      kernel/smpboot.o
  CC      arch/x86/kernel/cpu/common.o
  AR      arch/x86/kernel/acpi/built-in.a
  CC      drivers/base/syscore.o
  CC      drivers/acpi/processor_pdc.o
  CC      drivers/tty/serial/serial_base_bus.o
  CC      arch/x86/kernel/cpu/rdrand.o
  AR      arch/x86/kernel/fpu/built-in.a
  CC      drivers/tty/vt/selection.o
  CC      drivers/tty/vt/keyboard.o
  CC      kernel/ucount.o
  CC      lib/win_minmax.o
  CC      drivers/base/driver.o
  CC      arch/x86/kernel/cpu/match.o
  CC      drivers/mfd/arizona-core.o
  CC      drivers/tty/serial/serial_ctrl.o
  CC      arch/x86/kernel/msr.o
  CC      drivers/acpi/ec.o
  CC      mm/highmem.o
  CC      fs/nsfs.o
  CC      drivers/acpi/acpi_apd.o
  CC      drivers/tty/vt/vt.o
  CC      drivers/tty/vt/defkeymap.o
  CC      drivers/base/class.o
  CC      kernel/regset.o
  CC      drivers/mfd/arizona-irq.o
  CC      drivers/tty/serial/serial_port.o
  CC      drivers/tty/serial/earlycon.o
  CC      drivers/mfd/wm8997-tables.o
  CC      drivers/mfd/arizona-spi.o
  CC      arch/x86/kernel/cpu/bugs.o
  CC      kernel/ksyms_common.o
  CC      drivers/mfd/cs40l50-core.o
  CC      mm/memory.o
  CC      drivers/tty/vt/consolemap.o
  CC      lib/xarray.o
  CC      drivers/base/platform.o
  CC      drivers/acpi/acpi_platform.o
  CC      arch/x86/kernel/cpu/aperfmperf.o
  CC      arch/x86/kernel/cpu/cpuid-deps.o
  CC      fs/fs_dirent.o
  CC      arch/x86/kernel/cpu/cpuid_0x2_table.o
  CC      drivers/tty/serial/8250/8250_core.o
  CC      arch/x86/kernel/cpu/umwait.o
  CC      fs/fs_context.o
  CC      kernel/sched/core.o
  CC      drivers/mfd/cs40l50-spi.o
  CC      drivers/tty/serial/8250/8250_platform.o
  CC      kernel/sched/fair.o
  CC      arch/x86/kernel/cpu/capflags.o
  CC      drivers/tty/serial/altera_jtaguart.o
  CC      drivers/dax/super.o
  CC      drivers/acpi/acpi_pnp.o
  CC      lib/lockref.o
  CC      kernel/sched/build_policy.o
  CC      drivers/base/cpu.o
  HOSTCC  drivers/tty/vt/conmakehash
  CC      drivers/tty/vt/ucs.o
  CC      lib/bcd.o
  CC      kernel/sched/build_utility.o
  CC      lib/sort.o
  CONMK   drivers/tty/vt/consolemap_deftbl.c
  CC      drivers/tty/vt/consolemap_deftbl.o
  CC      arch/x86/kernel/cpu/powerflags.o
  CC      drivers/mfd/tps65912-core.o
  AR      drivers/tty/vt/built-in.a
  CC      drivers/acpi/power.o
  CC      mm/mincore.o
  CC      drivers/tty/serial/8250/8250_pnp.o
  CC      arch/x86/kernel/cpu/topology.o
  CC      drivers/dax/bus.o
  CC      fs/fs_parser.o
  CC      drivers/base/firmware.o
  CC      lib/parser.o
  CC      kernel/locking/mutex.o
  CC      lib/debug_locks.o
  CC      drivers/mfd/tps65912-spi.o
  CC      drivers/base/init.o
  CC      arch/x86/kernel/tsc_sync.o
  CC      lib/random32.o
  CC      arch/x86/kernel/cpu/feat_ctl.o
  CC      drivers/acpi/event.o
  CC      drivers/tty/serial/8250/8250_port.o
  CC      drivers/mfd/mfd-core.o
  CC      mm/mlock.o
  CC      fs/fsopen.o
  CC      kernel/locking/semaphore.o
  AR      drivers/dax/built-in.a
  CC      lib/bust_spinlocks.o
  CC      arch/x86/kernel/cpu/intel.o
  CC      drivers/tty/serial/8250/8250_early.o
  CC      drivers/mfd/ezx-pcap.o
  CC      drivers/tty/serial/sprd_serial.o
  CC      drivers/base/map.o
  CC      drivers/mfd/syscon.o
  CC      fs/init.o
  CC      drivers/acpi/evged.o
  CC      arch/x86/kernel/cpu/tsx.o
  CC      kernel/locking/rwsem.o
  CC      lib/kasprintf.o
  CC      drivers/base/devres.o
  CC      kernel/locking/percpu-rwsem.o
  CC      drivers/base/attribute_container.o
  CC      drivers/tty/serial/serial_mctrl_gpio.o
  CC      drivers/base/transport_class.o
  CC      drivers/tty/serial/kgdboc.o
  AR      kernel/sched/built-in.a
  CC      drivers/mfd/intel-m10-bmc-core.o
  CC      drivers/base/topology.o
  CC      drivers/acpi/sysfs.o
  CC      arch/x86/kernel/mpparse.o
  CC      mm/mmap.o
  CC      fs/kernel_read_file.o
  CC      lib/bitmap.o
  CC      arch/x86/kernel/cpu/amd.o
  AR      drivers/tty/serial/8250/built-in.a
  CC      mm/mmu_gather.o
  CC      mm/mprotect.o
  CC      lib/scatterlist.o
  CC      drivers/acpi/property.o
  CC      kernel/locking/irqflag-debug.o
  CC      lib/list_sort.o
  CC      drivers/mfd/intel-m10-bmc-spi.o
  CC      fs/mnt_idmapping.o
  CC      kernel/locking/mutex-debug.o
  CC      kernel/power/qos.o
  CC      drivers/base/container.o
  AR      drivers/tty/serial/built-in.a
  AR      drivers/tty/built-in.a
  CC      kernel/printk/printk.o
  CC      arch/x86/kernel/apic/apic.o
  CC      arch/x86/kernel/trace_clock.o
  CC      drivers/base/property.o
  CC      mm/mremap.o
  CC      arch/x86/kernel/cpu/hygon.o
  CC      kernel/locking/lockdep.o
  CC      mm/msync.o
  CC      fs/remap_range.o
  CC      kernel/power/poweroff.o
  CC      drivers/base/cacheinfo.o
  AR      drivers/mfd/built-in.a
  CC      drivers/acpi/debugfs.o
  CC      kernel/locking/spinlock.o
  CC      lib/uuid.o
  CC      drivers/base/swnode.o
  CC      lib/iov_iter.o
  CC      kernel/printk/printk_safe.o
  AR      kernel/power/built-in.a
  CC      arch/x86/kernel/vmcore_info_64.o
  CC      arch/x86/kernel/cpu/centaur.o
  CC      arch/x86/kernel/apic/apic_common.o
  CC      arch/x86/kernel/apic/apic_noop.o
  CC      drivers/acpi/acpi_lpat.o
  CC      fs/pidfs.o
  CC      arch/x86/kernel/machine_kexec_64.o
  CC      arch/x86/kernel/cpu/zhaoxin.o
  CC      drivers/base/faux.o
  CC      arch/x86/kernel/cpu/mce/core.o
  CC      arch/x86/kernel/cpu/mce/severity.o
  CC      kernel/locking/spinlock_debug.o
  CC      drivers/base/auxiliary.o
  CC      lib/clz_ctz.o
  CC      arch/x86/kernel/apic/ipi.o
  CC      mm/page_vma_mapped.o
  CC      drivers/base/power/clock_ops.o
  CC      drivers/base/firmware_loader/fallback_table.o
  CC      kernel/printk/nbcon.o
  CC      drivers/acpi/acpi_lpit.o
  CC      arch/x86/kernel/apic/vector.o
  CC      arch/x86/kernel/cpu/mce/genpool.o
  CC      arch/x86/kernel/apic/init.o
  AR      drivers/base/power/built-in.a
  AR      kernel/locking/built-in.a
  CC      mm/pagewalk.o
  CC      fs/file_attr.o
  AS      arch/x86/kernel/relocate_kernel_64.o
  CC      kernel/irq/irqdesc.o
  CC      arch/x86/kernel/apic/hw_nmi.o
  CC      arch/x86/kernel/apic/io_apic.o
  CC      lib/bsearch.o
  CC      drivers/acpi/acpi_mrrm.o
  CC      kernel/rcu/update.o
  CC      drivers/base/firmware_loader/main.o
  CC      kernel/irq/handle.o
  CC      arch/x86/kernel/cpu/mce/intel.o
  CC      drivers/base/regmap/regmap.o
  CC      lib/find_bit.o
  CC      kernel/printk/printk_ringbuffer.o
  CC      lib/llist.o
  CC      mm/pgtable-generic.o
  CC      mm/rmap.o
  CC      drivers/base/firmware_loader/fallback.o
  CC      drivers/base/firmware_loader/sysfs.o
  CC      drivers/acpi/acpica/dsargs.o
  CC      drivers/base/firmware_loader/builtin/main.o
  CC      fs/fserror.o
  CC      lib/lwq.o
  CC      arch/x86/kernel/cpu/mce/amd.o
  CC      kernel/dma/mapping.o
  CC      kernel/irq/manage.o
  CC      kernel/rcu/sync.o
  AR      kernel/printk/built-in.a
  CC      drivers/base/regmap/regcache.o
  CC      lib/memweight.o
  AR      drivers/base/firmware_loader/builtin/built-in.a
  CC      arch/x86/kernel/cpu/mce/threshold.o
  CC      drivers/acpi/acpica/dscontrol.o
  CC      mm/vmalloc.o
  CC      kernel/rcu/srcutiny.o
  CC      lib/kfifo.o
  CC      arch/x86/kernel/apic/apic_flat_64.o
  CC      drivers/base/pinctrl.o
  CC      fs/nullfs.o
  CC      kernel/rcu/rcuscale.o
  AR      drivers/base/firmware_loader/built-in.a
  CC      fs/anon_inodes.o
  AR      fs/notify/inotify/built-in.a
  AR      fs/notify/built-in.a
  CC      drivers/acpi/acpica/dsdebug.o
  CC      kernel/entry/common.o
  CC      kernel/dma/direct.o
  CC      drivers/base/regmap/regcache-rbtree.o
  CC      arch/x86/kernel/apic/probe_64.o
  CC      kernel/irq/spurious.o
  CC      drivers/base/physical_location.o
  CC      kernel/entry/syscall-common.o
  CC      mm/vma.o
  CC      lib/percpu-refcount.o
  CC      arch/x86/kernel/cpu/microcode/core.o
  CC      drivers/acpi/acpica/dsfield.o
  AR      arch/x86/kernel/cpu/mce/built-in.a
  CC      kernel/rcu/refscale.o
  CC      arch/x86/kernel/cpu/microcode/intel.o
  CC      fs/binfmt_script.o
  AR      arch/x86/kernel/apic/built-in.a
  CC      drivers/base/regmap/regcache-flat.o
  CC      drivers/base/regmap/regcache-maple.o
  CC      drivers/base/regmap/regmap-debugfs.o
  CC      kernel/irq/resend.o
  CC      kernel/irq/chip.o
  CC      kernel/irq/dummychip.o
  CC      kernel/dma/coherent.o
  CC      drivers/acpi/acpica/dsinit.o
  CC      lib/rhashtable.o
  CC      kernel/entry/syscall_user_dispatch.o
  CC      kernel/irq/devres.o
  CC      fs/binfmt_elf.o
  CC      arch/x86/kernel/cpu/microcode/amd.o
  CC      kernel/irq/kexec.o
  CC      drivers/acpi/acpica/dsmethod.o
  CC      kernel/dma/swiotlb.o
  CC      mm/vma_exec.o
  CC      kernel/rcu/tiny.o
  CC      drivers/base/regmap/regmap-spi.o
  CC      kernel/dma/remap.o
  CC      lib/base64.o
  CC      lib/once.o
  CC      kernel/unwind/user.o
  CC      drivers/spi/spi.o
  CC      drivers/spi/spi-mem.o
  CC      drivers/slimbus/core.o
  AR      kernel/entry/built-in.a
  CC      kernel/irq/autoprobe.o
  CC      drivers/acpi/acpica/dsmthdat.o
  CC      mm/mseal.o
  CC      drivers/acpi/acpica/dsobject.o
  AR      kernel/rcu/built-in.a
  CC      lib/refcount.o
  CC      drivers/slimbus/messaging.o
  CC      arch/x86/kernel/cpu/perfctr-watchdog.o
  CC      kernel/unwind/deferred.o
  AR      arch/x86/kernel/cpu/microcode/built-in.a
  CC      drivers/base/regmap/regmap-mmio.o
  CC      kernel/stacktrace.o
  CC      drivers/slimbus/sched.o
  CC      fs/configfs/inode.o
  AR      kernel/dma/built-in.a
  CC      lib/rcuref.o
  CC      drivers/acpi/acpica/dsopcode.o
  CC      fs/devpts/inode.o
  CC      fs/ramfs/inode.o
  CC      fs/ramfs/file-mmu.o
  CC      kernel/irq/irqdomain.o
  CC      lib/usercopy.o
  CC      fs/hugetlbfs/inode.o
  CC      fs/configfs/file.o
  CC      drivers/slimbus/stream.o
  CC      mm/page_alloc.o
  CC      arch/x86/kernel/cpu/debugfs.o
  AR      kernel/unwind/built-in.a
  CC      mm/page_frag_cache.o
  CC      drivers/acpi/acpica/dspkginit.o
  CC      kernel/irq/matrix.o
  CC      drivers/base/regmap/regmap-irq.o
  CC      arch/x86/kernel/kexec-bzimage64.o
  CC      lib/errseq.o
  CC      drivers/acpi/ac.o
  CC      lib/bucket_locks.o
  AR      fs/devpts/built-in.a
  AR      fs/ramfs/built-in.a
  CC      drivers/spi/spi-bitbang.o
  CC      mm/init-mm.o
  AR      drivers/slimbus/built-in.a
  CC      drivers/acpi/acpica/dsutils.o
  CC      fs/configfs/dir.o
  CC      drivers/acpi/acpica/dswexec.o
  AR      arch/x86/kernel/cpu/built-in.a
  CC      drivers/spi/spi-gpio.o
  CC      drivers/base/regmap/regmap-spi-avmm.o
  CC      kernel/time/time.o
  CC      kernel/up.o
  AR      kernel/irq/built-in.a
  CC      arch/x86/kernel/crash_dump_64.o
  CC      lib/generic-radix-tree.o
  CC      kernel/time/timer.o
  AR      fs/hugetlbfs/built-in.a
  CC      drivers/auxdisplay/img-ascii-lcd.o
  CC      kernel/time/hrtimer.o
  CC      drivers/acpi/acpica/dswload.o
  CC      kernel/time/sleep_timeout.o
  CC      kernel/time/timekeeping.o
  CC      drivers/spi/spi-microchip-core-spi.o
  AR      drivers/usb/built-in.a
  CC      drivers/auxdisplay/line-display.o
  CC      lib/bitmap-str.o
  CC      drivers/auxdisplay/seg-led-gpio.o
  CC      fs/configfs/symlink.o
  CC      mm/memblock.o
  CC      kernel/time/ntp.o
  CC      drivers/acpi/acpica/dswload2.o
  AR      drivers/base/regmap/built-in.a
  CC      arch/x86/kernel/crash.o
  AR      drivers/base/built-in.a
  CC      fs/configfs/mount.o
  CC      drivers/acpi/button.o
  CC      lib/string_helpers.o
  CC      mm/slub.o
  AR      drivers/auxdisplay/built-in.a
  CC      drivers/input/serio/serio.o
  AR      drivers/spi/built-in.a
  CC      fs/nls/nls_base.o
  CC      lib/hexdump.o
  CC      drivers/input/serio/i8042.o
  CC      drivers/acpi/fan_core.o
  CC      drivers/acpi/acpica/dswscope.o
  CC      drivers/input/serio/serport.o
  CC      drivers/acpi/acpica/dswstate.o
  CC      kernel/kallsyms.o
  CC      fs/configfs/item.o
  CC      kernel/time/clocksource.o
  CC      arch/x86/kernel/kgdb.o
  CC      arch/x86/kernel/hpet.o
  CC      fs/nls/nls_cp852.o
  CC      drivers/acpi/fan_attr.o
  CC      kernel/vmcore_info.o
  CC      lib/kstrtox.o
  CC      drivers/acpi/processor_driver.o
  CC      drivers/acpi/acpica/evevent.o
  CC      drivers/acpi/processor_thermal.o
  CC      drivers/input/input.o
  CC      arch/x86/kernel/devicetree.o
  AR      fs/configfs/built-in.a
  CC      fs/nls/nls_cp862.o
  CC      fs/nls/nls_cp866.o
  CC      drivers/input/input-compat.o
  CC      kernel/time/jiffies.o
  CC      drivers/input/input-mt.o
  CC      lib/math/div64.o
  CC      drivers/acpi/acpica/evgpe.o
  CC      drivers/input/serio/libps2.o
  CC      drivers/acpi/processor_idle.o
  CC      lib/math/gcd.o
  CC      mm/dmapool.o
  CC      drivers/rtc/lib.o
  CC      fs/nls/nls_cp932.o
  CC      drivers/rtc/rtc-mc146818-lib.o
  CC      kernel/time/timer_list.o
  CC      arch/x86/kernel/perf_regs.o
  CC      arch/x86/kernel/unwind_guess.o
  CC      lib/math/lcm.o
  CC      lib/math/int_log.o
  CC      mm/hugetlb.o
  CC      lib/crc/crc8.o
  CC      fs/nls/nls_euc-jp.o
  CC      drivers/acpi/acpica/evgpeblk.o
  CC      lib/math/int_pow.o
  CC      lib/math/int_sqrt.o
  HOSTCC  lib/crc/gen_crc32table
  CC      lib/crypto/blake2s.o
  CC      lib/math/reciprocal_div.o
  AR      drivers/input/serio/built-in.a
  AS      lib/crypto/x86/blake2s-core.o
  CC      drivers/acpi/acpica/evgpeinit.o
  CC      arch/x86/kernel/vsmp_64.o
  CC      drivers/input/input-poller.o
  CC      drivers/acpi/acpica/evgpeutil.o
  CC      lib/math/rational.o
  GEN     lib/crc/crc32table.h
  CC      fs/debugfs/inode.o
  CC      drivers/acpi/acpica/evglock.o
  CC      lib/crc/crc32-main.o
  AR      drivers/rtc/built-in.a
  CC      kernel/time/timeconv.o
  CC      fs/debugfs/file.o
  CC      fs/nls/nls_cp1251.o
  LDS     arch/x86/kernel/vmlinux.lds
  CC      drivers/acpi/acpica/evhandler.o
  CC      lib/crypto/chacha-block-generic.o
  CC      fs/nls/nls_iso8859-3.o
  CC      kernel/time/timecounter.o
  CC      kernel/elfcorehdr.o
  AR      lib/math/built-in.a
  AR      lib/crc/built-in.a
  CC      kernel/time/alarmtimer.o
  CC      mm/hugetlb_sysfs.o
  CC      lib/vdso/datastore.o
  CC      lib/crypto/sha256.o
  CC      kernel/time/posix-timers.o
  CC      fs/nls/nls_iso8859-4.o
  AR      arch/x86/kernel/built-in.a
  AR      arch/x86/built-in.a
  CC      drivers/input/ff-core.o
  AS      lib/crypto/x86/sha256-ssse3-asm.o
  CC      kernel/crash_reserve.o
  CC      drivers/acpi/acpica/evmisc.o
  CC      mm/hugetlb_sysctl.o
  CC      drivers/acpi/acpica/evregion.o
  CC      fs/nls/nls_iso8859-7.o
  AS      lib/crypto/x86/sha256-avx-asm.o
  CC      kernel/time/posix-cpu-timers.o
  AS      lib/crypto/x86/sha256-avx2-asm.o
  AS      lib/crypto/x86/sha256-ni-asm.o
  AR      lib/vdso/built-in.a
  AR      fs/debugfs/built-in.a
  CC      drivers/acpi/acpica/evrgnini.o
  CC      drivers/w1/w1.o
  CC      drivers/w1/w1_int.o
  CC      drivers/power/reset/gpio-poweroff.o
  CC      drivers/w1/w1_family.o
  AR      lib/crypto/built-in.a
  CC      drivers/w1/w1_netlink.o
  CC      lib/iomap.o
  CC      lib/iomap_copy.o
  CC      drivers/input/touchscreen.o
  CC      drivers/input/touch-overlay.o
  CC      lib/devres.o
  CC      fs/nls/nls_koi8-r.o
  CC      drivers/w1/w1_io.o
  CC      drivers/acpi/processor_throttling.o
  CC      drivers/w1/masters/sgi_w1.o
  CC      drivers/power/reset/syscon-poweroff.o
  CC      drivers/acpi/acpica/evsci.o
  CC      drivers/thermal/thermal_core.o
  CC      mm/hugetlb_cma.o
  CC      fs/nls/mac-centeuro.o
  CC      drivers/input/vivaldi-fmap.o
  CC      lib/list_debug.o
  CC      kernel/time/posix-clock.o
  CC      drivers/cpuidle/cpuidle.o
  CC      drivers/cpuidle/driver.o
  CC      kernel/time/itimer.o
  CC      drivers/acpi/acpica/evxface.o
  AR      drivers/w1/masters/built-in.a
  CC      kernel/kexec_core.o
  CC      drivers/power/reset/reboot-mode.o
  CC      drivers/acpi/acpica/evxfevnt.o
  CC      drivers/thermal/thermal_sysfs.o
  CC      drivers/acpi/acpica/evxfgpe.o
  CC      lib/bitrev.o
  CC      fs/nls/mac-gaelic.o
  CC      drivers/w1/slaves/w1_ds2780.o
  CC      drivers/input/keyboard/atkbd.o
  CC      drivers/power/supply/power_supply_core.o
  CC      mm/hugetlb_vmemmap.o
  CC      lib/xxhash.o
  CC      drivers/power/supply/ds2760_battery.o
  CC      kernel/crash_core.o
  CC      drivers/power/reset/syscon-reboot-mode.o
  AR      fs/nls/built-in.a
  CC      lib/genalloc.o
  AR      fs/built-in.a
  CC      drivers/acpi/acpica/evxfregn.o
  CC      lib/zlib_inflate/inffast.o
  CC      lib/zlib_inflate/inflate.o
  CC      kernel/time/clockevents.o
  CC      drivers/w1/slaves/w1_ds2781.o
  CC      drivers/thermal/thermal_trip.o
  CC      drivers/cpuidle/governor.o
  CC      drivers/thermal/thermal_helpers.o
  CC      drivers/cpuidle/sysfs.o
  AR      drivers/power/reset/built-in.a
  CC      drivers/cpuidle/governors/ladder.o
  CC      drivers/acpi/acpica/exconcat.o
  CC      lib/zlib_inflate/infutil.o
  CC      drivers/power/supply/ds2781_battery.o
  AR      drivers/input/keyboard/built-in.a
  AR      drivers/w1/slaves/built-in.a
  AR      drivers/w1/built-in.a
  CC      drivers/input/mouse/psmouse-base.o
  CC      drivers/input/mouse/synaptics.o
  CC      drivers/cpuidle/poll_state.o
  CC      kernel/time/tick-common.o
  CC      kernel/time/tick-broadcast.o
  CC      kernel/time/vsyscall.o
  CC      drivers/power/supply/goldfish_battery.o
  CC      drivers/input/mouse/focaltech.o
  CC      drivers/acpi/container.o
  CC      drivers/thermal/thermal_thresholds.o
  CC      lib/zlib_inflate/inftrees.o
  CC      mm/sparse.o
  CC      drivers/acpi/acpica/exconfig.o
  CC      drivers/acpi/thermal_lib.o
  AR      drivers/cpuidle/governors/built-in.a
  CC      lib/lzo/lzo1x_decompress_safe.o
  AR      drivers/cpuidle/built-in.a
  CC      kernel/time/timekeeping_debug.o
  CC      lib/zlib_inflate/inflate_syms.o
  CC      drivers/input/mouse/alps.o
  CC      mm/sparse-vmemmap.o
  CC      drivers/thermal/thermal_of.o
  CC      lib/lz4/lz4_decompress.o
  CC      mm/migrate.o
  CC      drivers/power/supply/lt3651-charger.o
  CC      drivers/acpi/acpica/exconvrt.o
  CC      drivers/acpi/thermal.o
  CC      drivers/acpi/acpica/excreate.o
  AR      lib/lzo/built-in.a
  AR      lib/zlib_inflate/built-in.a
  CC      kernel/kexec.o
  CC      drivers/acpi/acpica/exdebug.o
  CC      lib/zstd/zstd_decompress_module.o
  CC      kernel/kexec_file.o
  CC      drivers/acpi/acpica/exdump.o
  CC      kernel/debug/debug_core.o
  AR      kernel/time/built-in.a
  CC      drivers/acpi/acpi_memhotplug.o
  CC      drivers/thermal/gov_step_wise.o
  CC      kernel/debug/gdbstub.o
  CC      lib/zstd/decompress/huf_decompress.o
  CC      mm/debug_vm_pgtable.o
  AR      drivers/power/supply/built-in.a
  CC      kernel/irq_work.o
  AR      drivers/power/built-in.a
  CC      lib/xz/xz_dec_syms.o
  CC      drivers/acpi/battery.o
  CC      drivers/acpi/acpica/exfield.o
  CC      drivers/input/mouse/byd.o
  CC      drivers/acpi/spcr.o
  CC      lib/zstd/decompress/zstd_ddict.o
  CC      lib/notifier-error-inject.o
  AR      lib/lz4/built-in.a
  CC      drivers/thermal/gov_user_space.o
  CC      lib/zstd/decompress/zstd_decompress.o
  CC      lib/of-reconfig-notifier-error-inject.o
  CC      lib/xz/xz_dec_stream.o
  CC      drivers/acpi/acpi_dbg.o
  CC      lib/syscall.o
  CC      drivers/acpi/acpica/exfldio.o
  CC      drivers/memstick/core/memstick.o
  CC      lib/xz/xz_dec_lzma2.o
  CC      drivers/input/mouse/logips2pp.o
  AR      kernel/debug/built-in.a
  CC      kernel/static_call.o
  CC      mm/page_isolation.o
  CC      drivers/thermal/intel/therm_throt.o
  AR      drivers/acpi/pmic/built-in.a
  CC      drivers/firmware/cirrus/cs_dsp.o
  CC      drivers/input/mouse/trackpoint.o
  CC      drivers/acpi/acpica/exmisc.o
  CC      mm/early_ioremap.o
  CC      mm/cma.o
  CC      kernel/static_call_inline.o
  CC      lib/xz/xz_dec_bcj.o
  CC      drivers/input/mouse/cypress_ps2.o
  CC      lib/strncpy_from_user.o
  CC      drivers/clocksource/acpi_pm.o
  CC      drivers/acpi/acpica/exmutex.o
  CC      mm/damon/core.o
  AR      drivers/memstick/core/built-in.a
  AR      drivers/memstick/built-in.a
  AR      drivers/acpi/dptf/built-in.a
  CC      drivers/acpi/x86/apple.o
  CC      drivers/acpi/x86/cmos_rtc.o
  CC      lib/zstd/decompress/zstd_decompress_block.o
  CC      lib/strnlen_user.o
  AR      lib/xz/built-in.a
  CC      kernel/events/core.o
  CC      lib/zstd/zstd_common_module.o
  CC      drivers/acpi/acpica/exnames.o
  CC      drivers/hid/hid-core.o
  CC      drivers/clocksource/i8253.o
  AR      drivers/thermal/intel/built-in.a
  AR      drivers/thermal/built-in.a
  AR      drivers/input/mouse/built-in.a
  CC      kernel/events/ring_buffer.o
  CC      drivers/acpi/acpica/exoparg1.o
  CC      mm/damon/ops-common.o
  CC      drivers/hid/hid-input.o
  AR      drivers/input/built-in.a
  CC      drivers/hid/hid-quirks.o
  CC      lib/zstd/common/debug.o
  CC      drivers/acpi/x86/s2idle.o
  CC      lib/group_cpus.o
  CC      lib/fw_table.o
  AR      drivers/firmware/cirrus/built-in.a
  CC      mm/damon/vaddr.o
  CC      kernel/events/callchain.o
  AR      drivers/clocksource/built-in.a
  AR      drivers/firmware/built-in.a
  AR      lib/lib.a
  CC      drivers/acpi/acpica/exoparg2.o
  CC      drivers/acpi/acpica/exoparg3.o
  CC      kernel/torture.o
  CC      lib/zstd/common/entropy_common.o
  CC      drivers/hid/hid-debug.o
  CC      mm/damon/paddr.o
  CC      drivers/acpi/x86/utils.o
  CC      drivers/hid/hid-generic.o
  CC      drivers/acpi/x86/blacklist.o
  CC      kernel/iomem.o
  CC      kernel/events/hw_breakpoint.o
  CC      lib/zstd/common/error_private.o
  CC      drivers/acpi/acpica/exoparg6.o
  CC      drivers/of/base.o
  AR      drivers/platform/built-in.a
  CC      drivers/remoteproc/remoteproc_core.o
  CC      drivers/virt/vmgenid.o
  CC      lib/zstd/common/fse_decompress.o
  CC      drivers/acpi/acpica/exprep.o
  CC      mm/memfd.o
  CC      drivers/remoteproc/remoteproc_coredump.o
  CC      drivers/of/cpu.o
  CC      drivers/acpi/acpica/exregion.o
  CC      lib/zstd/common/zstd_common.o
  AR      lib/zstd/built-in.a
  AR      drivers/acpi/x86/built-in.a
  CC      drivers/remoteproc/remoteproc_debugfs.o
  CC      drivers/remoteproc/remoteproc_sysfs.o
  AR      lib/built-in.a
  CC      drivers/remoteproc/remoteproc_virtio.o
  AR      drivers/virt/built-in.a
  CC      drivers/acpi/acpica/exresnte.o
  AR      mm/damon/built-in.a
  CC      drivers/of/device.o
  CC      mm/page_reporting.o
  CC      drivers/acpi/acpica/exresolv.o
  AR      drivers/hid/built-in.a
  CC      drivers/remoteproc/remoteproc_elf_loader.o
  CC      drivers/of/module.o
  CC      drivers/of/platform.o
  CC      drivers/acpi/acpica/exresop.o
  CC      drivers/acpi/acpica/exserial.o
  CC      drivers/acpi/acpica/exstore.o
  CC      drivers/acpi/acpica/exstoren.o
  CC      drivers/acpi/acpica/exstorob.o
  CC      drivers/of/property.o
  CC      drivers/gnss/core.o
  CC      drivers/of/kobj.o
  CC      drivers/acpi/acpica/exsystem.o
  CC      drivers/acpi/acpica/extrace.o
  CC      drivers/of/dynamic.o
  CC      drivers/of/fdt.o
  CC      drivers/acpi/acpica/exutils.o
  AR      kernel/events/built-in.a
  AR      kernel/built-in.a
  DTC     drivers/of/empty_root.dtb
  CC      drivers/of/fdt_address.o
  CC      drivers/acpi/acpica/hwacpi.o
  CC      drivers/acpi/acpica/hwesleep.o
  AR      mm/built-in.a
  AR      drivers/remoteproc/built-in.a
  CC      drivers/acpi/acpica/hwgpe.o
  CC      drivers/of/address.o
  CC      drivers/of/irq.o
  CC      drivers/acpi/acpica/hwregs.o
  CC      drivers/of/unittest.o
  CC      drivers/acpi/acpica/hwsleep.o
  CC      drivers/of/of_reserved_mem.o
  CC      drivers/of/resolver.o
  CC      drivers/acpi/acpica/hwvalid.o
  CC      drivers/of/overlay.o
  AR      drivers/gnss/built-in.a
  CC      drivers/acpi/acpica/hwxface.o
  CC      drivers/acpi/acpica/hwxfsleep.o
  CC      drivers/of/kexec.o
  CC      drivers/acpi/acpica/nsaccess.o
  DTC     drivers/of/unittest-data/testcases.dtbo
  DTC     drivers/of/unittest-data/overlay.dtbo
  DTC     drivers/of/unittest-data/overlay_0.dtbo
  CC      drivers/acpi/acpica/nsalloc.o
  WRAP    drivers/of/empty_root.dtb.S
  DTC     drivers/of/unittest-data/overlay_1.dtbo
  CC      drivers/acpi/acpica/nsarguments.o
  DTC     drivers/of/unittest-data/overlay_2.dtbo
  DTC     drivers/of/unittest-data/overlay_3.dtbo
  DTC     drivers/of/unittest-data/overlay_4.dtbo
  DTC     drivers/of/unittest-data/overlay_5.dtbo
  AS      drivers/of/empty_root.dtb.o
  DTC     drivers/of/unittest-data/overlay_6.dtbo
  CC      drivers/acpi/acpica/nsconvert.o
  DTC     drivers/of/unittest-data/overlay_7.dtbo
  DTC     drivers/of/unittest-data/overlay_8.dtbo
  DTC     drivers/of/unittest-data/overlay_9.dtbo
  CC      drivers/acpi/acpica/nsdump.o
  DTC     drivers/of/unittest-data/overlay_10.dtbo
  DTC     drivers/of/unittest-data/overlay_11.dtbo
  DTC     drivers/of/unittest-data/overlay_12.dtbo
  CC      drivers/acpi/acpica/nseval.o
  DTC     drivers/of/unittest-data/overlay_13.dtbo
  DTC     drivers/of/unittest-data/overlay_15.dtbo
  DTC     drivers/of/unittest-data/overlay_16.dtbo
  CC      drivers/acpi/acpica/nsinit.o
  DTC     drivers/of/unittest-data/overlay_17.dtbo
  DTC     drivers/of/unittest-data/overlay_18.dtbo
  DTC     drivers/of/unittest-data/overlay_19.dtbo
  DTC     drivers/of/unittest-data/overlay_20.dtbo
  CC      drivers/acpi/acpica/nsload.o
  CC      drivers/acpi/acpica/nsnames.o
  DTC     drivers/of/unittest-data/overlay_bad_add_dup_node.dtbo
  CC      drivers/acpi/acpica/nsobject.o
  DTC     drivers/of/unittest-data/overlay_bad_add_dup_prop.dtbo
  CC      drivers/acpi/acpica/nsparse.o
  DTC     drivers/of/unittest-data/overlay_bad_phandle.dtbo
  DTC     drivers/of/unittest-data/overlay_bad_symbol.dtbo
  CC      drivers/acpi/acpica/nspredef.o
  DTC     drivers/of/unittest-data/overlay_base.dtbo
  DTC     drivers/of/unittest-data/overlay_gpio_01.dtbo
  DTC     drivers/of/unittest-data/overlay_gpio_02a.dtbo
  CC      drivers/acpi/acpica/nsprepkg.o
  DTC     drivers/of/unittest-data/overlay_gpio_03.dtbo
  DTC     drivers/of/unittest-data/overlay_gpio_02b.dtbo
  CC      drivers/acpi/acpica/nsrepair.o
  DTC     drivers/of/unittest-data/overlay_gpio_04a.dtbo
  DTC     drivers/of/unittest-data/overlay_gpio_04b.dtbo
  CC      drivers/acpi/acpica/nsrepair2.o
  DTC     drivers/of/unittest-data/overlay_pci_node.dtbo
  CC      drivers/acpi/acpica/nssearch.o
  DTC     drivers/of/unittest-data/overlay_bad_unresolved.dtbo
  DTC     drivers/of/unittest-data/static_base_1.dtb
  CC      drivers/acpi/acpica/nsutils.o
  DTC     drivers/of/unittest-data/static_base_2.dtb
  CC      drivers/acpi/acpica/nswalk.o
  WRAP    drivers/of/unittest-data/testcases.dtbo.S
  WRAP    drivers/of/unittest-data/overlay.dtbo.S
  WRAP    drivers/of/unittest-data/overlay_0.dtbo.S
  CC      drivers/acpi/acpica/nsxfeval.o
  WRAP    drivers/of/unittest-data/overlay_1.dtbo.S
  WRAP    drivers/of/unittest-data/overlay_2.dtbo.S
  CC      drivers/acpi/acpica/nsxfname.o
  WRAP    drivers/of/unittest-data/overlay_3.dtbo.S
  WRAP    drivers/of/unittest-data/overlay_4.dtbo.S
  WRAP    drivers/of/unittest-data/overlay_5.dtbo.S
  WRAP    drivers/of/unittest-data/overlay_6.dtbo.S
  WRAP    drivers/of/unittest-data/overlay_7.dtbo.S
  WRAP    drivers/of/unittest-data/overlay_8.dtbo.S
  CC      drivers/acpi/acpica/nsxfobj.o
  WRAP    drivers/of/unittest-data/overlay_9.dtbo.S
  WRAP    drivers/of/unittest-data/overlay_10.dtbo.S
  WRAP    drivers/of/unittest-data/overlay_11.dtbo.S
  WRAP    drivers/of/unittest-data/overlay_12.dtbo.S
  WRAP    drivers/of/unittest-data/overlay_13.dtbo.S
  WRAP    drivers/of/unittest-data/overlay_15.dtbo.S
  WRAP    drivers/of/unittest-data/overlay_16.dtbo.S
  WRAP    drivers/of/unittest-data/overlay_17.dtbo.S
  CC      drivers/acpi/acpica/psargs.o
  WRAP    drivers/of/unittest-data/overlay_18.dtbo.S
  WRAP    drivers/of/unittest-data/overlay_19.dtbo.S
  WRAP    drivers/of/unittest-data/overlay_20.dtbo.S
  WRAP    drivers/of/unittest-data/overlay_bad_add_dup_node.dtbo.S
  WRAP    drivers/of/unittest-data/overlay_bad_add_dup_prop.dtbo.S
  WRAP    drivers/of/unittest-data/overlay_bad_phandle.dtbo.S
  WRAP    drivers/of/unittest-data/overlay_bad_symbol.dtbo.S
  CC      drivers/acpi/acpica/psloop.o
  WRAP    drivers/of/unittest-data/overlay_base.dtbo.S
  CC      drivers/acpi/acpica/psobject.o
  WRAP    drivers/of/unittest-data/overlay_gpio_01.dtbo.S
  WRAP    drivers/of/unittest-data/overlay_gpio_02a.dtbo.S
  WRAP    drivers/of/unittest-data/overlay_gpio_02b.dtbo.S
  WRAP    drivers/of/unittest-data/overlay_gpio_03.dtbo.S
  CC      drivers/acpi/acpica/psopcode.o
  WRAP    drivers/of/unittest-data/overlay_gpio_04a.dtbo.S
  WRAP    drivers/of/unittest-data/overlay_gpio_04b.dtbo.S
  WRAP    drivers/of/unittest-data/overlay_pci_node.dtbo.S
  WRAP    drivers/of/unittest-data/overlay_bad_unresolved.dtbo.S
  OVL     drivers/of/unittest-data/static_test_1.dtb
  OVL     drivers/of/unittest-data/static_test_2.dtb
  AS      drivers/of/unittest-data/testcases.dtbo.o
  CC      drivers/acpi/acpica/psopinfo.o
  AS      drivers/of/unittest-data/overlay.dtbo.o
  CC      drivers/acpi/acpica/psparse.o
  AS      drivers/of/unittest-data/overlay_0.dtbo.o
  CC      drivers/acpi/acpica/psscope.o
  AS      drivers/of/unittest-data/overlay_1.dtbo.o
  CC      drivers/acpi/acpica/pstree.o
  CC      drivers/acpi/acpica/psutils.o
  AS      drivers/of/unittest-data/overlay_2.dtbo.o
  AS      drivers/of/unittest-data/overlay_3.dtbo.o
  AS      drivers/of/unittest-data/overlay_4.dtbo.o
  CC      drivers/acpi/acpica/pswalk.o
  AS      drivers/of/unittest-data/overlay_5.dtbo.o
  CC      drivers/acpi/acpica/psxface.o
  AS      drivers/of/unittest-data/overlay_6.dtbo.o
  CC      drivers/acpi/acpica/rsaddr.o
  AS      drivers/of/unittest-data/overlay_7.dtbo.o
  CC      drivers/acpi/acpica/rscalc.o
  AS      drivers/of/unittest-data/overlay_8.dtbo.o
  CC      drivers/acpi/acpica/rscreate.o
  AS      drivers/of/unittest-data/overlay_9.dtbo.o
  AS      drivers/of/unittest-data/overlay_11.dtbo.o
  AS      drivers/of/unittest-data/overlay_10.dtbo.o
  CC      drivers/acpi/acpica/rsdumpinfo.o
  AS      drivers/of/unittest-data/overlay_12.dtbo.o
  AS      drivers/of/unittest-data/overlay_13.dtbo.o
  AS      drivers/of/unittest-data/overlay_15.dtbo.o
  AS      drivers/of/unittest-data/overlay_16.dtbo.o
  CC      drivers/acpi/acpica/rsinfo.o
  AS      drivers/of/unittest-data/overlay_17.dtbo.o
  CC      drivers/acpi/acpica/rsio.o
  AS      drivers/of/unittest-data/overlay_18.dtbo.o
  AS      drivers/of/unittest-data/overlay_19.dtbo.o
  CC      drivers/acpi/acpica/rsirq.o
  AS      drivers/of/unittest-data/overlay_20.dtbo.o
  CC      drivers/acpi/acpica/rslist.o
  CC      drivers/acpi/acpica/rsmemory.o
  AS      drivers/of/unittest-data/overlay_bad_add_dup_node.dtbo.o
  AS      drivers/of/unittest-data/overlay_bad_add_dup_prop.dtbo.o
  CC      drivers/acpi/acpica/rsmisc.o
  AS      drivers/of/unittest-data/overlay_bad_phandle.dtbo.o
  CC      drivers/acpi/acpica/rsserial.o
  AS      drivers/of/unittest-data/overlay_bad_symbol.dtbo.o
  AS      drivers/of/unittest-data/overlay_base.dtbo.o
  CC      drivers/acpi/acpica/rsutils.o
  AS      drivers/of/unittest-data/overlay_gpio_01.dtbo.o
  CC      drivers/acpi/acpica/rsxface.o
  CC      drivers/acpi/acpica/tbdata.o
  CC      drivers/acpi/acpica/tbfadt.o
  AS      drivers/of/unittest-data/overlay_gpio_02a.dtbo.o
  AS      drivers/of/unittest-data/overlay_gpio_02b.dtbo.o
  AS      drivers/of/unittest-data/overlay_gpio_03.dtbo.o
  CC      drivers/acpi/acpica/tbfind.o
  CC      drivers/acpi/acpica/tbinstal.o
  AS      drivers/of/unittest-data/overlay_gpio_04a.dtbo.o
  CC      drivers/acpi/acpica/tbprint.o
  AS      drivers/of/unittest-data/overlay_gpio_04b.dtbo.o
  CC      drivers/acpi/acpica/tbutils.o
  AS      drivers/of/unittest-data/overlay_pci_node.dtbo.o
  CC      drivers/acpi/acpica/tbxface.o
  AS      drivers/of/unittest-data/overlay_bad_unresolved.dtbo.o
  CC      drivers/acpi/acpica/tbxfload.o
  CC      drivers/acpi/acpica/tbxfroot.o
  CC      drivers/acpi/acpica/utaddress.o
  AR      drivers/of/unittest-data/built-in.a
  CC      drivers/acpi/acpica/utalloc.o
  AR      drivers/of/built-in.a
  CC      drivers/acpi/acpica/utascii.o
  CC      drivers/acpi/acpica/utbuffer.o
  CC      drivers/acpi/acpica/utcksum.o
  CC      drivers/acpi/acpica/utcopy.o
  CC      drivers/acpi/acpica/utexcep.o
  CC      drivers/acpi/acpica/utdebug.o
  CC      drivers/acpi/acpica/utdecode.o
  CC      drivers/acpi/acpica/utdelete.o
  CC      drivers/acpi/acpica/uterror.o
  CC      drivers/acpi/acpica/uteval.o
  CC      drivers/acpi/acpica/utglobal.o
  CC      drivers/acpi/acpica/uthex.o
  CC      drivers/acpi/acpica/utids.o
  CC      drivers/acpi/acpica/utinit.o
  CC      drivers/acpi/acpica/utlock.o
  CC      drivers/acpi/acpica/utmath.o
  CC      drivers/acpi/acpica/utmisc.o
  CC      drivers/acpi/acpica/utmutex.o
  CC      drivers/acpi/acpica/utnonansi.o
  CC      drivers/acpi/acpica/utobject.o
  CC      drivers/acpi/acpica/utosi.o
  CC      drivers/acpi/acpica/utownerid.o
  CC      drivers/acpi/acpica/utpredef.o
  CC      drivers/acpi/acpica/utresdecode.o
  CC      drivers/acpi/acpica/utresrc.o
  CC      drivers/acpi/acpica/utstate.o
  CC      drivers/acpi/acpica/utstring.o
  CC      drivers/acpi/acpica/utstrsuppt.o
  CC      drivers/acpi/acpica/utstrtoul64.o
  CC      drivers/acpi/acpica/utxface.o
  CC      drivers/acpi/acpica/utxfinit.o
  CC      drivers/acpi/acpica/utxferror.o
  CC      drivers/acpi/acpica/utxfmutex.o
  CC      drivers/acpi/acpica/dbcmds.o
  CC      drivers/acpi/acpica/dbconvert.o
  CC      drivers/acpi/acpica/dbdisply.o
  CC      drivers/acpi/acpica/dbexec.o
  CC      drivers/acpi/acpica/dbhistry.o
  CC      drivers/acpi/acpica/dbinput.o
  CC      drivers/acpi/acpica/dbmethod.o
  CC      drivers/acpi/acpica/dbnames.o
  CC      drivers/acpi/acpica/dbobject.o
  CC      drivers/acpi/acpica/dbstats.o
  CC      drivers/acpi/acpica/dbutils.o
  CC      drivers/acpi/acpica/dbxface.o
  CC      drivers/acpi/acpica/rsdump.o
  AR      drivers/acpi/acpica/built-in.a
  AR      drivers/acpi/built-in.a
  AR      drivers/built-in.a
  AR      built-in.a
  AR      vmlinux.a
  LD      vmlinux.o
  MODPOST vmlinux.symvers
  CC      .vmlinux.export.o
  UPD     include/generated/utsversion.h
  CC      init/version-timestamp.o
  KSYMS   .tmp_vmlinux0.kallsyms.S
  AS      .tmp_vmlinux0.kallsyms.o
  LD      .tmp_vmlinux1
  NM      .tmp_vmlinux1.syms
  KSYMS   .tmp_vmlinux1.kallsyms.S
  AS      .tmp_vmlinux1.kallsyms.o
  LD      .tmp_vmlinux2
  NM      .tmp_vmlinux2.syms
  KSYMS   .tmp_vmlinux2.kallsyms.S
  AS      .tmp_vmlinux2.kallsyms.o
  LD      vmlinux.unstripped
  NM      System.map
  SORTTAB vmlinux.unstripped
  OBJCOPY vmlinux
  GEN     modules.builtin.modinfo
  GEN     modules.builtin
  CC      arch/x86/boot/a20.o
  AS      arch/x86/boot/bioscall.o
  CC      arch/x86/boot/cmdline.o
  AS      arch/x86/boot/copy.o
  HOSTCC  arch/x86/boot/mkcpustr
  CC      arch/x86/boot/cpuflags.o
  CC      arch/x86/boot/cpucheck.o
  CC      arch/x86/boot/early_serial_console.o
  CC      arch/x86/boot/edd.o
  CC      arch/x86/boot/main.o
  CC      arch/x86/boot/memory.o
  CC      arch/x86/boot/pm.o
  AS      arch/x86/boot/pmjump.o
  CC      arch/x86/boot/printf.o
  CC      arch/x86/boot/regs.o
  CC      arch/x86/boot/string.o
  CC      arch/x86/boot/tty.o
  CC      arch/x86/boot/video.o
  CC      arch/x86/boot/video-mode.o
  CC      arch/x86/boot/version.o
  CC      arch/x86/boot/video-vga.o
  LDS     arch/x86/boot/compressed/vmlinux.lds
  AS      arch/x86/boot/compressed/kernel_info.o
  AS      arch/x86/boot/compressed/head_64.o
  VOFFSET arch/x86/boot/compressed/../voffset.h
  CC      arch/x86/boot/video-vesa.o
  CC      arch/x86/boot/video-bios.o
  CC      arch/x86/boot/compressed/string.o
  CPUSTR  arch/x86/boot/cpustr.h
  CC      arch/x86/boot/compressed/error.o
  OBJCOPY arch/x86/boot/compressed/vmlinux.bin
  CC      arch/x86/boot/compressed/cmdline.o
  CC      arch/x86/boot/cpu.o
  HOSTCC  arch/x86/boot/compressed/mkpiggy
  CC      arch/x86/boot/compressed/cpuflags.o
  CC      arch/x86/boot/compressed/ident_map_64.o
  CC      arch/x86/boot/compressed/idt_64.o
  AS      arch/x86/boot/compressed/idt_handlers_64.o
  CC      arch/x86/boot/compressed/pgtable_64.o
  CC      arch/x86/boot/compressed/acpi.o
  CC      arch/x86/boot/compressed/misc.o
  GZIP    arch/x86/boot/compressed/vmlinux.bin.gz
  MKPIGGY arch/x86/boot/compressed/piggy.S
  AS      arch/x86/boot/compressed/piggy.o
  LD      arch/x86/boot/compressed/vmlinux
  ZOFFSET arch/x86/boot/zoffset.h
  OBJCOPY arch/x86/boot/vmlinux.bin
  AS      arch/x86/boot/header.o
  LD      arch/x86/boot/setup.elf
  OBJCOPY arch/x86/boot/setup.bin
  BUILD   arch/x86/boot/bzImage
Kernel: arch/x86/boot/bzImage is ready  (#13)
make[5]: Leaving directory '/home/benni/git/kernel-test-stable-rc/build/rand500config-x86_64'
make[4]: Leaving directory '/home/benni/git/linux-stable-rc'
