make[4]: Entering directory '/home/benni/git/linux-stable-rc'
make[5]: Entering directory '/home/benni/git/kernel-test-stable-rc/build/tinyconfig-arm64'
#
# configuration written to .config
#
Using .config as base
Merging /home/benni/git/linux-stable-rc/kernel/configs/tiny.config
Value of CONFIG_CC_OPTIMIZE_FOR_SIZE is redefined by fragment /home/benni/git/linux-stable-rc/kernel/configs/tiny.config:
Previous value: # CONFIG_CC_OPTIMIZE_FOR_SIZE is not set
New value: CONFIG_CC_OPTIMIZE_FOR_SIZE=y

Value of CONFIG_SLUB_TINY is redefined by fragment /home/benni/git/linux-stable-rc/kernel/configs/tiny.config:
Previous value: # CONFIG_SLUB_TINY is not set
New value: CONFIG_SLUB_TINY=y

#
# merged configuration written to .config (needs make)
#
#
# configuration written to .config
#
make[5]: Leaving directory '/home/benni/git/kernel-test-stable-rc/build/tinyconfig-arm64'
make[4]: Leaving directory '/home/benni/git/linux-stable-rc'
make[4]: Entering directory '/home/benni/git/linux-stable-rc'
make[5]: Entering directory '/home/benni/git/kernel-test-stable-rc/build/tinyconfig-arm64'
.config:1565:warning: override: reassigning to symbol PRINTK
.config:1569:warning: override: reassigning to symbol TTY
.config:1572:warning: override: reassigning to symbol BLK_DEV_INITRD
.config:1576:warning: override: reassigning to symbol BINFMT_ELF
.config:1577:warning: override: reassigning to symbol BINFMT_SCRIPT
#
# configuration written to .config
#
make[5]: Leaving directory '/home/benni/git/kernel-test-stable-rc/build/tinyconfig-arm64'
make[4]: Leaving directory '/home/benni/git/linux-stable-rc'
make[4]: Entering directory '/home/benni/git/linux-stable-rc'
make[5]: Entering directory '/home/benni/git/kernel-test-stable-rc/build/tinyconfig-arm64'
  SYNC    include/config/auto.conf
  GEN     usr/initramfs_data.cpio
  UPD     init/utsversion-tmp.h
  COPY    usr/initramfs_inc_data
  CC      init/version.o
  AS      usr/initramfs_data.o
  AR      usr/built-in.a
  AR      init/built-in.a
  AR      built-in.a
  AR      vmlinux.a
  LD      vmlinux.o
  MODPOST vmlinux.symvers
  UPD     include/generated/utsversion.h
  CC      init/version-timestamp.o
  LD      vmlinux.unstripped
  NM      System.map
  SORTTAB vmlinux.unstripped
  OBJCOPY vmlinux
  GEN     modules.builtin.modinfo
  GEN     modules.builtin
  OBJCOPY arch/arm64/boot/Image
make[5]: Leaving directory '/home/benni/git/kernel-test-stable-rc/build/tinyconfig-arm64'
make[4]: Leaving directory '/home/benni/git/linux-stable-rc'
