make[4]: Entering directory '/mnt/git-volume/linux-mainline'
make[5]: Entering directory '/mnt/git-volume/kernel-test-mainline/build/rand500config-arm64'
#
# configuration written to .config
#
Using .config as base
Merging /mnt/git-volume/linux-mainline/kernel/configs/tiny.config
Value of CONFIG_CC_OPTIMIZE_FOR_SIZE is redefined by fragment /mnt/git-volume/linux-mainline/kernel/configs/tiny.config:
Previous value: # CONFIG_CC_OPTIMIZE_FOR_SIZE is not set
New value: CONFIG_CC_OPTIMIZE_FOR_SIZE=y

Value of CONFIG_SLUB_TINY is redefined by fragment /mnt/git-volume/linux-mainline/kernel/configs/tiny.config:
Previous value: # CONFIG_SLUB_TINY is not set
New value: CONFIG_SLUB_TINY=y

#
# merged configuration written to .config (needs make)
#
#
# configuration written to .config
#
make[5]: Leaving directory '/mnt/git-volume/kernel-test-mainline/build/rand500config-arm64'
make[4]: Leaving directory '/mnt/git-volume/linux-mainline'
make[4]: Entering directory '/mnt/git-volume/linux-mainline'
make[5]: Entering directory '/tmp/tmp.Bgt99BpThV'
  UPD     /tmp/tmp.Bgt99BpThV/Makefile
  HOSTCC  scripts/basic/fixdep
  HOSTCC  scripts/kconfig/conf.o
  HOSTCC  scripts/kconfig/confdata.o
  HOSTCC  scripts/kconfig/expr.o
  LEX     scripts/kconfig/lexer.lex.c
  YACC    scripts/kconfig/parser.tab.[ch]
  HOSTCC  scripts/kconfig/lexer.lex.o
  HOSTCC  scripts/kconfig/menu.o
  HOSTCC  scripts/kconfig/parser.tab.o
  HOSTCC  scripts/kconfig/preprocess.o
  HOSTCC  scripts/kconfig/symbol.o
  HOSTCC  scripts/kconfig/util.o
  HOSTLD  scripts/kconfig/conf
KCONFIG_SEED=0xF6084817
#
# configuration written to .config
#
make[5]: Leaving directory '/tmp/tmp.Bgt99BpThV'
make[4]: Leaving directory '/mnt/git-volume/linux-mainline'
make[4]: Entering directory '/mnt/git-volume/linux-mainline'
make[5]: Entering directory '/tmp/tmp.Bgt99BpThV'
.config:7651:warning: override: reassigning to symbol PRINTK
.config:7655:warning: override: reassigning to symbol TTY
.config:7658:warning: override: reassigning to symbol BLK_DEV_INITRD
.config:7662:warning: override: reassigning to symbol BINFMT_ELF
.config:7663:warning: override: reassigning to symbol BINFMT_SCRIPT
.config:7666:warning: override: reassigning to symbol TMPFS
.config:7683:warning: override: reassigning to symbol MODULES
.config:7686:warning: override: reassigning to symbol DRM
.config:7687:warning: override: reassigning to symbol SOUND
.config:7688:warning: override: reassigning to symbol STAGING
.config:7690:warning: override: reassigning to symbol MEDIA_SUPPORT
.config:7696:warning: override: reassigning to symbol KCOV
.config:7697:warning: override: reassigning to symbol KASAN
.config:7699:warning: override: reassigning to symbol KCSAN
.config:7700:warning: override: reassigning to symbol KFENCE
.config:7701:warning: override: reassigning to symbol UBSAN
.config:7708:warning: override: reassigning to symbol RCU_TORTURE_TEST
.config:7709:warning: override: reassigning to symbol RCU_SCALE_TEST
.config:7710:warning: override: reassigning to symbol LOCK_TORTURE_TEST
.config:7720:warning: override: reassigning to symbol DEBUG_PREEMPT
.config:7721:warning: override: reassigning to symbol DEBUG_ATOMIC_SLEEP
.config:7728:warning: override: reassigning to symbol KUNIT
.config:7736:warning: override: reassigning to symbol OF_UNITTEST
#
# configuration written to .config
#
make[5]: Leaving directory '/tmp/tmp.Bgt99BpThV'
make[4]: Leaving directory '/mnt/git-volume/linux-mainline'
make[4]: Entering directory '/mnt/git-volume/linux-mainline'
make[5]: Entering directory '/mnt/git-volume/kernel-test-mainline/build/rand500config-arm64'
.config:1554:warning: override: reassigning to symbol VIRT_DRIVERS
.config:1561:warning: override: reassigning to symbol ARCH_SUPPORTS_HUGETLBFS
.config:1564:warning: override: reassigning to symbol ARCH_HAS_DEBUG_WX
.config:1566:warning: override: reassigning to symbol ARCH_USE_SYM_ANNOTATIONS
.config:1568:warning: override: reassigning to symbol LOCK_MM_AND_FIND_VMA
.config:1575:warning: override: reassigning to symbol HAVE_ARM_SMCCC
.config:1577:warning: override: reassigning to symbol PRIME_NUMBERS
.config:1579:warning: override: reassigning to symbol COUNTER
.config:1591:warning: override: reassigning to symbol DEBUG_SHIRQ
.config:1597:warning: override: reassigning to symbol GENERIC_IRQ_SHOW
.config:1601:warning: override: reassigning to symbol SPLIT_PTE_PTLOCKS
.config:1610:warning: override: reassigning to symbol ARCH_SUPPORTS_DEBUG_PAGEALLOC
.config:1611:warning: override: reassigning to symbol RCU_NEED_SEGCBLIST
.config:1613:warning: override: reassigning to symbol ARCH_MICROCHIP
.config:1630:warning: override: reassigning to symbol HAVE_ARCH_KASAN_VMALLOC
.config:1635:warning: override: reassigning to symbol CPU_LITTLE_ENDIAN
.config:1642:warning: override: reassigning to symbol KERNEL_MODE_NEON
.config:1645:warning: override: reassigning to symbol GOOGLE_FIRMWARE
.config:1647:warning: override: reassigning to symbol HAVE_ARCH_KASAN
.config:1651:warning: override: reassigning to symbol HAVE_POSIX_CPU_TIMERS_TASK_WORK
.config:1652:warning: override: reassigning to symbol HAS_SEPARATE_PREEMPT_RESCHED_BITS
.config:1653:warning: override: reassigning to symbol ARM64_ERRATUM_827319
.config:1656:warning: override: reassigning to symbol HAVE_CLK_PREPARE
.config:1663:warning: override: reassigning to symbol HAVE_FUNCTION_ARG_ACCESS_API
.config:1673:warning: override: reassigning to symbol ARCH_ENABLE_MEMORY_HOTPLUG
.config:1674:warning: override: reassigning to symbol ROCKCHIP_ERRATUM_3588001
.config:1678:warning: override: reassigning to symbol FTRACE
.config:1685:warning: override: reassigning to symbol SPARSEMEM
.config:1686:warning: override: reassigning to symbol ARCH_SUPPORTS_KEXEC_HANDOVER
.config:1691:warning: override: reassigning to symbol BATTERY_DS2781
.config:1697:warning: override: reassigning to symbol QUOTA
.config:1701:warning: override: reassigning to symbol HAVE_KRETPROBES
.config:1713:warning: override: reassigning to symbol LIBFDT
.config:1720:warning: override: reassigning to symbol ARCH_SUPPORTS_CFI
.config:1724:warning: override: reassigning to symbol ARM_GIC_V3_ITS
.config:1742:warning: override: reassigning to symbol HARDIRQS_SW_RESEND
.config:1745:warning: override: reassigning to symbol CONTEXT_TRACKING_IDLE
.config:1750:warning: override: reassigning to symbol ZONE_DMA
.config:1751:warning: override: reassigning to symbol GENERIC_GETTIMEOFDAY
.config:1753:warning: override: reassigning to symbol GENERIC_CSUM
.config:1756:warning: override: reassigning to symbol DMA_NONCOHERENT_MMAP
.config:1759:warning: override: reassigning to symbol BCMA_POSSIBLE
.config:1760:warning: override: reassigning to symbol PHY_CADENCE_DPHY_RX
.config:1764:warning: override: reassigning to symbol NTSYNC
.config:1768:warning: override: reassigning to symbol GENERIC_IRQ_SHOW_LEVEL
.config:1775:warning: override: reassigning to symbol UNINLINE_SPIN_UNLOCK
.config:1776:warning: override: reassigning to symbol LOCK_SPIN_ON_OWNER
.config:1778:warning: override: reassigning to symbol RANDOMIZE_KSTACK_OFFSET
.config:1782:warning: override: reassigning to symbol HAVE_EFFICIENT_UNALIGNED_ACCESS
.config:1789:warning: override: reassigning to symbol ARCH_KEEMBAY
.config:1791:warning: override: reassigning to symbol HAVE_HARDLOCKUP_DETECTOR_BUDDY
.config:1795:warning: override: reassigning to symbol STACKTRACE
.config:1807:warning: override: reassigning to symbol IOMMU_SUPPORT
.config:1808:warning: override: reassigning to symbol ARCH_HAS_SET_DIRECT_MAP
.config:1811:warning: override: reassigning to symbol DEBUG_MUTEXES
.config:1821:warning: override: reassigning to symbol INIT_STACK_ALL_PATTERN
.config:1822:warning: override: reassigning to symbol COMMON_CLK
.config:1823:warning: override: reassigning to symbol C2PORT
.config:1825:warning: override: reassigning to symbol RPMSG_VIRTIO
.config:1832:warning: override: reassigning to symbol UNMAP_KERNEL_AT_EL0
.config:1833:warning: override: reassigning to symbol ARCH_HAS_CPU_CACHE_INVALIDATE_MEMREGION
.config:1834:warning: override: reassigning to symbol AUTOFS_FS
.config:1837:warning: override: reassigning to symbol SRAM
.config:1840:warning: override: reassigning to symbol GENERIC_CPU_CACHE_MAINTENANCE
.config:1846:warning: override: reassigning to symbol ARCH_SUPPORTS_ATOMIC_RMW
.config:1851:warning: override: reassigning to symbol CORESIGHT
.config:1855:warning: override: reassigning to symbol ARCH_USE_CMPXCHG_LOCKREF
.config:1865:warning: override: reassigning to symbol ARCH_HAS_SYNC_DMA_FOR_DEVICE
.config:1868:warning: override: reassigning to symbol OVERLAY_FS
.config:1872:warning: override: reassigning to symbol QCOM_PAS
.config:1881:warning: override: reassigning to symbol ARCH_SPARSEMEM_ENABLE
.config:1882:warning: override: reassigning to symbol HAVE_EBPF_JIT
.config:1887:warning: override: reassigning to symbol THERMAL
.config:1888:warning: override: reassigning to symbol HAVE_PERF_EVENTS
.config:1893:warning: override: reassigning to symbol DEBUG_VIRTUAL
.config:1895:warning: override: reassigning to symbol WQ_CPU_INTENSIVE_REPORT
.config:1896:warning: override: reassigning to symbol MFD_KEMPLD
.config:1902:warning: override: reassigning to symbol ARCH_SUPPORTS_MEMORY_FAILURE
.config:1906:warning: override: reassigning to symbol ARCH_HAS_CURRENT_STACK_POINTER
.config:1913:warning: override: reassigning to symbol ARCH_BITMAIN
.config:1918:warning: override: reassigning to symbol HAS_DMA
.config:1927:warning: override: reassigning to symbol DMA_API_DEBUG
.config:1930:warning: override: reassigning to symbol ARCH_APPLE
.config:1936:warning: override: reassigning to symbol ARCH_HAS_UBSAN
.config:1938:warning: override: reassigning to symbol PROC_MEM_FORCE_PTRACE
.config:1946:warning: override: reassigning to symbol FW_LOADER
.config:1953:warning: override: reassigning to symbol HAVE_GUP_FAST
.config:1965:warning: override: reassigning to symbol BUG_ON_DATA_CORRUPTION
.config:1973:warning: override: reassigning to symbol POWER_RESET_RESTART
.config:1980:warning: override: reassigning to symbol SMP
.config:1983:warning: override: reassigning to symbol CPU_MITIGATIONS
.config:1996:warning: override: reassigning to symbol SURFACE_PLATFORMS
.config:1997:warning: override: reassigning to symbol HAVE_ARCH_SECCOMP
.config:1998:warning: override: reassigning to symbol SIOX
.config:1999:warning: override: reassigning to symbol IRQ_POLL
.config:2009:warning: override: reassigning to symbol DMABUF_HEAPS
.config:2012:warning: override: reassigning to symbol CHROME_PLATFORMS
.config:2015:warning: override: reassigning to symbol SERIO
.config:2021:warning: override: reassigning to symbol GENERIC_SCHED_CLOCK
.config:2024:warning: override: reassigning to symbol POWER_RESET_GPIO
.config:2031:warning: override: reassigning to symbol ARCH_HAS_SYNC_DMA_FOR_CPU
.config:2034:warning: override: reassigning to symbol DMA_DIRECT_REMAP
.config:2041:warning: override: reassigning to symbol BOOT_CONFIG
.config:2044:warning: override: reassigning to symbol MFD_MT6397
.config:2047:warning: override: reassigning to symbol HAVE_FUNCTION_ERROR_INJECTION
.config:2060:warning: override: reassigning to symbol PRINTK
.config:2064:warning: override: reassigning to symbol TTY
.config:2067:warning: override: reassigning to symbol BLK_DEV_INITRD
.config:2071:warning: override: reassigning to symbol BINFMT_ELF
.config:2072:warning: override: reassigning to symbol BINFMT_SCRIPT
.config:2086:warning: override: reassigning to symbol ARM64_4K_PAGES
#
# configuration written to .config
#
make[5]: Leaving directory '/mnt/git-volume/kernel-test-mainline/build/rand500config-arm64'
make[4]: Leaving directory '/mnt/git-volume/linux-mainline'
make[4]: Entering directory '/mnt/git-volume/linux-mainline'
make[5]: Entering directory '/mnt/git-volume/kernel-test-mainline/build/rand500config-arm64'
  SYNC    include/config/auto.conf.cmd
  CC      scripts/mod/empty.o
  CC      scripts/mod/devicetable-offsets.s
  MKELF   scripts/mod/elfconfig.h
  HOSTCC  scripts/mod/modpost.o
  HOSTCC  scripts/mod/sumversion.o
  HOSTCC  scripts/mod/symsearch.o
  HOSTCC  scripts/mod/file2alias.o
  HOSTLD  scripts/mod/modpost
  CC      kernel/bounds.s
  UPD     include/generated/bounds.h
  CC      arch/arm64/kernel/asm-offsets.s
  UPD     include/generated/asm-offsets.h
  CC      kernel/sched/rq-offsets.s
  CALL    /mnt/git-volume/linux-mainline/scripts/checksyscalls.sh 
  LDS     arch/arm64/kernel/vdso/vdso.lds
  CC      arch/arm64/kernel/vdso/vgettimeofday.o
  AS      arch/arm64/kernel/vdso/note.o
  AS      arch/arm64/kernel/vdso/sigreturn.o
  CC      arch/arm64/kernel/vdso/vgetrandom.o
  AS      arch/arm64/kernel/vdso/vgetrandom-chacha.o
  LD      arch/arm64/kernel/vdso/vdso.so.dbg
  VDSOSYM include/generated/vdso-offsets.h
  OBJCOPY arch/arm64/kernel/vdso/vdso.so
  GEN     usr/initramfs_data.cpio
  COPY    usr/initramfs_inc_data
  AS      usr/initramfs_data.o
  CC      init/main.o
  AR      usr/built-in.a
  CC      arch/arm64/kernel/debug-monitors.o
  CC      kernel/fork.o
  CC      mm/filemap.o
  AS      arch/arm64/kernel/entry.o
  CC      arch/arm64/kernel/irq.o
  UPD     init/utsversion-tmp.h
  CC      init/do_mounts.o
  CC      arch/arm64/kernel/fpsimd.o
  CC      mm/mempool.o
  CC      kernel/exec_domain.o
  CC      init/do_mounts_initrd.o
  CC      arch/arm64/kernel/entry-common.o
  CC      kernel/exec_state.o
  CC      mm/oom_kill.o
  CC      kernel/panic.o
  CC      init/initramfs.o
  CC      arch/arm64/kernel/process.o
  CC      mm/fadvise.o
  CC      kernel/cpu.o
  CC      init/calibrate.o
  CC      init/init_task.o
  CC      arch/arm64/kernel/ptrace.o
  CC      mm/maccess.o
  CC      init/version.o
  CC      kernel/exit.o
  CC      arch/arm64/kernel/setup.o
  CC      mm/page-writeback.o
  AR      init/built-in.a
  CC      fs/open.o
  CC      arch/arm64/kernel/signal.o
  CC      kernel/softirq.o
  CC      mm/folio-compat.o
  CC      fs/read_write.o
  CC      arch/arm64/kernel/sys.o
  CC      mm/readahead.o
  CC      kernel/resource.o
  CC      arch/arm64/kernel/stacktrace.o
  CC      fs/file_table.o
  CC      mm/folio.o
  CC      kernel/sysctl.o
  CC      fs/super.o
  CC      arch/arm64/kernel/time.o
  CC      kernel/capability.o
  CC      mm/truncate.o
  CC      arch/arm64/kernel/traps.o
  CC      kernel/ptrace.o
  CC      fs/char_dev.o
  CC      mm/vmscan.o
  CC      arch/arm64/kernel/io.o
  CC      fs/stat.o
  CC      kernel/user.o
  CC      arch/arm64/kernel/vdso.o
  CC      kernel/signal.o
  CC      fs/exec.o
  AS      arch/arm64/kernel/hyp-stub.o
  CC      arch/arm64/kernel/psci.o
  CC      mm/shrinker.o
  CC      arch/arm64/kernel/cpu_ops.o
  CC      fs/pipe.o
  CC      kernel/sys.o
  CC      arch/arm64/kernel/return_address.o
  CC      mm/shmem.o
  CC      arch/arm64/kernel/cpuinfo.o
  CC      mm/util.o
  CC      fs/namei.o
  CC      kernel/umh.o
  CC      arch/arm64/kernel/cpu_errata.o
  CC      mm/mmzone.o
  CC      kernel/workqueue.o
  CC      arch/arm64/kernel/cpufeature.o
  CC      mm/vmstat.o
  CC      fs/fcntl.o
  CC      mm/backing-dev.o
  CC      arch/arm64/kernel/alternative.o
  CC      fs/ioctl.o
  CC      arch/arm64/kernel/cacheinfo.o
  CC      kernel/pid.o
  CC      mm/mm_init.o
  CC      fs/readdir.o
  CC      arch/arm64/kernel/smp.o
  CC      kernel/task_work.o
  CC      mm/percpu.o
  CC      fs/select.o
  CC      kernel/extable.o
  CC      arch/arm64/kernel/smp_spin_table.o
  CC      fs/dcache.o
  CC      arch/arm64/kernel/topology.o
  CC      mm/slab_common.o
  CC      kernel/params.o
  AS      arch/arm64/kernel/smccc-call.o
  CC      arch/arm64/kernel/syscall.o
  CC      kernel/kthread.o
  CC      fs/inode.o
  CC      mm/compaction.o
  CC      arch/arm64/kernel/proton-pack.o
  CC      kernel/sys_ni.o
  CC      mm/show_mem.o
  CC      kernel/nsproxy.o
  CC      arch/arm64/kernel/idle.o
  CC      fs/attr.o
  CC      arch/arm64/kernel/patching.o
  CC      mm/interval_tree.o
  CC      kernel/nstree.o
  CC      fs/bad_inode.o
  CC      fs/file.o
  CC      arch/arm64/kernel/pi/idreg-override.o
  CC      mm/list_lru.o
  CC      kernel/nscommon.o
  CC      arch/arm64/kernel/pi/map_kernel.o
  CC      mm/workingset.o
  CC      kernel/notifier.o
  CC      fs/filesystems.o
  CC      arch/arm64/kernel/pi/map_range.o
  CC      mm/debug.o
  CC      kernel/ksysfs.o
  CC      fs/namespace.o
  CC      arch/arm64/kernel/pi/lib-fdt.o
  CC      arch/arm64/kernel/pi/lib-fdt_ro.o
  OBJCOPY arch/arm64/kernel/pi/idreg-override.pi.o
  OBJCOPY arch/arm64/kernel/pi/map_kernel.pi.o
  OBJCOPY arch/arm64/kernel/pi/map_range.pi.o
  OBJCOPY arch/arm64/kernel/pi/lib-fdt.pi.o
  OBJCOPY arch/arm64/kernel/pi/lib-fdt_ro.pi.o
  AR      arch/arm64/kernel/pi/built-in.a
  CC      arch/arm64/kernel/rsi.o
  CC      kernel/cred.o
  CC      mm/gup.o
  CC      arch/arm64/kernel/jump_label.o
  CC      arch/arm64/kernel/perf_regs.o
  CC      kernel/reboot.o
  CC      fs/seq_file.o
  CC      mm/mmap_lock.o
  CC      arch/arm64/kernel/perf_callchain.o
  CC      kernel/async.o
  CC      arch/arm64/kernel/hw_breakpoint.o
  CC      mm/vma_init.o
  CC      fs/xattr.o
  CC      kernel/range.o
  CC      kernel/smpboot.o
  AS      arch/arm64/kernel/vdso-wrap.o
  CC      kernel/ucount.o
  CC      arch/arm64/kernel/probes/uprobes.o
  CC      mm/highmem.o
  CC      fs/libfs.o
  CC      kernel/regset.o
  CC      arch/arm64/kernel/probes/decode-insn.o
  CC      mm/memory.o
  CC      kernel/ksyms_common.o
  CC      fs/fs-writeback.o
  CC      arch/arm64/kernel/probes/simulate-insn.o
  CC      kernel/sched/core.o
  AR      arch/arm64/kernel/probes/built-in.a
  AS      arch/arm64/kernel/head.o
  LDS     arch/arm64/kernel/vmlinux.lds
  AR      arch/arm64/kernel/built-in.a
  CC      arch/arm64/mm/dma-mapping.o
  CC      arch/arm64/mm/extable.o
  CC      fs/pnode.o
  CC      mm/mincore.o
  CC      arch/arm64/mm/fault.o
  CC      fs/splice.o
  CC      mm/mlock.o
  CC      arch/arm64/mm/init.o
  CC      kernel/sched/fair.o
  CC      fs/sync.o
  CC      mm/mmap.o
  AS      arch/arm64/mm/cache.o
  CC      arch/arm64/mm/copypage.o
  CC      fs/utimes.o
  CC      arch/arm64/mm/flush.o
  CC      mm/mmu_gather.o
  CC      fs/d_path.o
  CC      kernel/sched/build_policy.o
  CC      arch/arm64/mm/ioremap.o
  CC      mm/mprotect.o
  CC      arch/arm64/mm/mmap.o
  CC      fs/stack.o
  CC      fs/fs_struct.o
  CC      arch/arm64/mm/pgd.o
  CC      mm/mremap.o
  CC      arch/arm64/mm/mem_encrypt.o
  CC      fs/statfs.o
  CC      arch/arm64/mm/mmu.o
  CC      kernel/sched/build_utility.o
  CC      mm/msync.o
  CC      fs/fs_pin.o
  CC      fs/nsfs.o
  CC      mm/page_vma_mapped.o
  CC      arch/arm64/mm/context.o
  AR      kernel/sched/built-in.a
  CC      mm/pagewalk.o
  CC      kernel/locking/mutex.o
  CC      fs/fs_dirent.o
  CC      fs/fs_context.o
  AS      arch/arm64/mm/proc.o
  CC      arch/arm64/mm/pageattr.o
  CC      mm/pgtable-generic.o
  CC      kernel/locking/semaphore.o
  CC      fs/fs_parser.o
  CC      arch/arm64/mm/fixmap.o
  CC      mm/rmap.o
  CC      kernel/locking/rwsem.o
  CC      fs/fsopen.o
  CC      arch/arm64/mm/physaddr.o
  CC      kernel/locking/percpu-rwsem.o
  AR      arch/arm64/mm/built-in.a
  CC      kernel/locking/mutex-debug.o
  AR      arch/arm64/built-in.a
  CC      fs/init.o
  CC      mm/vmalloc.o
  CC      security/commoncap.o
  CC      kernel/locking/spinlock.o
  CC      fs/kernel_read_file.o
  CC      security/min_addr.o
  CC      kernel/locking/osq_lock.o
  CC      kernel/locking/qspinlock.o
  CC      fs/mnt_idmapping.o
  AR      security/built-in.a
  AS      arch/arm64/lib/clear_page.o
  AS      arch/arm64/lib/clear_user.o
  AS      arch/arm64/lib/copy_from_user.o
  AS      arch/arm64/lib/copy_page.o
  AS      arch/arm64/lib/copy_to_user.o
  CC      mm/vma.o
  CC      arch/arm64/lib/csum.o
  CC      kernel/locking/qrwlock.o
  CC      fs/remap_range.o
  CC      arch/arm64/lib/delay.o
  AR      kernel/locking/built-in.a
  CC      kernel/power/qos.o
  CC      arch/arm64/lib/insn.o
  CC      fs/pidfs.o
  AS      arch/arm64/lib/memchr.o
  AS      arch/arm64/lib/memcmp.o
  AS      arch/arm64/lib/memcpy.o
  AS      arch/arm64/lib/memset.o
  AS      arch/arm64/lib/strchr.o
  AS      arch/arm64/lib/strcmp.o
  AS      arch/arm64/lib/strlen.o
  AS      arch/arm64/lib/strncmp.o
  AS      arch/arm64/lib/strnlen.o
  AS      arch/arm64/lib/strrchr.o
  CC      mm/vma_exec.o
  AS      arch/arm64/lib/tishift.o
  AR      arch/arm64/lib/lib.a
  AR      kernel/power/built-in.a
  CC      kernel/printk/printk.o
  CC      lib/argv_split.o
  CC      fs/file_attr.o
  CC      lib/buildid.o
  CC      mm/mseal.o
  CC      lib/cmdline.o
  CC      mm/page_alloc.o
  CC      fs/fserror.o
  CC      kernel/printk/printk_safe.o
  CC      lib/cpumask.o
  CC      fs/nullfs.o
  CC      lib/ctype.o
  CC      lib/dec_and_lock.o
  CC      kernel/printk/nbcon.o
  CC      lib/decompress.o
  CC      lib/decompress_bunzip2.o
  CC      kernel/printk/printk_ringbuffer.o
  CC      fs/failfs.o
  CC      lib/decompress_inflate.o
  AR      kernel/printk/built-in.a
  CC      mm/page_frag_cache.o
  CC      kernel/irq/irqdesc.o
  CC      lib/decompress_unlz4.o
  CC      fs/anon_inodes.o
  CC      mm/init-mm.o
  CC      kernel/irq/handle.o
  CC      lib/decompress_unlzma.o
  CC      fs/binfmt_script.o
  CC      mm/memblock.o
  CC      kernel/irq/manage.o
  CC      lib/decompress_unlzo.o
  CC      fs/binfmt_elf.o
  CC      lib/decompress_unxz.o
  CC      mm/slub.o
  CC      kernel/irq/spurious.o
  CC      lib/decompress_unzstd.o
  CC      fs/backing-file.o
  CC      lib/dump_stack.o
  CC      kernel/irq/resend.o
  CC      fs/quota/dquot.o
  CC      kernel/irq/chip.o
  CC      lib/earlycpio.o
  CC      mm/dmapool.o
  CC      lib/extable.o
  CC      mm/sparse.o
  CC      lib/fdt.o
  CC      lib/fdt_addresses.o
  CC      kernel/irq/dummychip.o
  CC      lib/fdt_empty_tree.o
  CC      lib/fdt_ro.o
  CC      fs/quota/quota.o
  CC      lib/fdt_rw.o
  CC      lib/fdt_strerror.o
  CC      lib/fdt_sw.o
  CC      mm/sparse-vmemmap.o
  CC      kernel/irq/devres.o
  CC      lib/fdt_wip.o
  CC      lib/flex_proportions.o
  CC      fs/quota/kqid.o
  CC      lib/idr.o
  CC      kernel/irq/kexec.o
  CC      mm/early_ioremap.o
  AR      fs/quota/built-in.a
  CC      fs/configfs/inode.o
  CC      lib/iomem_copy.o
  CC      kernel/irq/autoprobe.o
  CC      lib/irq_regs.o
  CC      mm/ioremap.o
  CC      fs/configfs/file.o
  CC      lib/is_single_threaded.o
  CC      kernel/irq/irqdomain.o
  CC      lib/klist.o
  AR      mm/built-in.a
  CC      lib/kobject.o
  CC      fs/configfs/dir.o
  CC      lib/kobject_uevent.o
  CC      lib/logic_pio.o
  CC      kernel/irq/msi.o
  CC      fs/configfs/symlink.o
  CC      lib/maple_tree.o
  CC      lib/memcat_p.o
  CC      kernel/irq/ipi.o
  CC      fs/configfs/mount.o
  CC      lib/nmi_backtrace.o
  CC      kernel/irq/ipi-mux.o
  CC      fs/configfs/item.o
  CC      lib/objpool.o
  CC      kernel/irq/affinity.o
  AR      fs/configfs/built-in.a
  CC      fs/devpts/inode.o
  CC      fs/ramfs/inode.o
  CC      lib/plist.o
  CC      lib/radix-tree.o
  AR      kernel/irq/built-in.a
  CC      kernel/rcu/update.o
  CC      fs/ramfs/file-mmu.o
  AR      fs/devpts/built-in.a
  CC      fs/exportfs/expfs.o
  CC      lib/ratelimit.o
  CC      lib/rbtree.o
  AR      fs/exportfs/built-in.a
  CC      fs/autofs/init.o
  AR      fs/ramfs/built-in.a
  CC      fs/overlayfs/super.o
  CC      lib/seq_buf.o
  CC      kernel/rcu/sync.o
  CC      kernel/rcu/srcutree.o
  CC      fs/autofs/inode.o
  CC      lib/siphash.o
  CC      fs/overlayfs/namei.o
  CC      lib/string.o
  CC      kernel/rcu/tree.o
  CC      fs/autofs/root.o
  CC      lib/sys_info.o
  CC      fs/overlayfs/util.o
  CC      lib/timerqueue.o
  CC      lib/vsprintf.o
  CC      fs/autofs/symlink.o
  CC      fs/overlayfs/inode.o
  CC      fs/autofs/waitq.o
  CC      kernel/rcu/rcu_segcblist.o
  CC      fs/overlayfs/file.o
  AR      kernel/rcu/built-in.a
  CC      kernel/dma/mapping.o
  CC      lib/win_minmax.o
  CC      fs/autofs/expire.o
  CC      lib/xarray.o
  CC      fs/overlayfs/dir.o
  CC      fs/autofs/dev-ioctl.o
  CC      lib/lockref.o
  CC      lib/bcd.o
  CC      fs/overlayfs/readdir.o
  CC      lib/sort.o
  CC      kernel/dma/direct.o
  AR      fs/autofs/built-in.a
  CC      lib/parser.o
  CC      lib/debug_locks.o
  CC      lib/random32.o
  CC      lib/bust_spinlocks.o
  CC      lib/kasprintf.o
  CC      fs/overlayfs/copy_up.o
  CC      kernel/dma/ops_helpers.o
  CC      lib/bitmap.o
  CC      kernel/dma/coherent.o
  CC      lib/scatterlist.o
  CC      lib/list_sort.o
  CC      fs/overlayfs/export.o
  CC      lib/uuid.o
  CC      kernel/dma/debug.o
  CC      kernel/dma/swiotlb.o
  CC      lib/iov_iter.o
  CC      fs/overlayfs/params.o
  CC      lib/clz_ctz.o
  CC      lib/bsearch.o
  CC      kernel/dma/pool.o
  CC      fs/overlayfs/xattrs.o
  CC      lib/find_bit.o
  CC      lib/llist.o
  CC      kernel/dma/remap.o
  CC      lib/lwq.o
  CC      drivers/irqchip/irqchip.o
  CC      lib/memweight.o
  AR      fs/overlayfs/built-in.a
  CC      fs/tracefs/inode.o
  CC      lib/kfifo.o
  AR      kernel/dma/built-in.a
  CC      kernel/entry/common.o
  CC      drivers/irqchip/irq-gic.o
  CC      lib/percpu-refcount.o
  CC      fs/tracefs/event_inode.o
  AR      kernel/entry/built-in.a
  CC      kernel/stacktrace.o
  CC      drivers/irqchip/irq-gic-common.o
  CC      lib/rhashtable.o
  AR      fs/tracefs/built-in.a
  CC      drivers/irqchip/irq-msi-lib.o
  AR      fs/built-in.a
  CC      kernel/time/time.o
  CC      lib/base64.o
  CC      lib/once.o
  CC      lib/refcount.o
  CC      drivers/irqchip/irq-gic-v3.o
  CC      lib/rcuref.o
  CC      drivers/bus/arm-cci.o
  CC      kernel/time/timer.o
  CC      lib/usercopy.o
  CC      lib/errseq.o
  CC      drivers/bus/simple-pm-bus.o
  CC      lib/bucket_locks.o
  CC      drivers/irqchip/irq-gic-v3-mbi.o
  CC      lib/generic-radix-tree.o
  AR      drivers/bus/built-in.a
  CC      kernel/time/hrtimer.o
  CC      drivers/phy/phy-core.o
  CC      drivers/irqchip/irq-gic-its-msi-parent.o
  CC      lib/bitmap-str.o
  CC      kernel/time/sleep_timeout.o
  CC      drivers/phy/phy-core-mipi-dphy.o
  CC      drivers/irqchip/irq-gic-v3-its.o
  CC      lib/string_helpers.o
  CC      kernel/time/timekeeping.o
  CC      drivers/phy/cadence/cdns-dphy-rx.o
  CC      lib/hexdump.o
  CC      lib/kstrtox.o
  CC      lib/math/div64.o
  CC      kernel/time/ntp.o
  CC      lib/math/gcd.o
  AR      drivers/phy/cadence/built-in.a
  AR      drivers/phy/marvell/built-in.a
  AR      drivers/phy/samsung/built-in.a
  AR      drivers/phy/xilinx/built-in.a
  CC      lib/math/lcm.o
  AR      drivers/phy/built-in.a
  CC      lib/crc/crc32-main.o
  CC      lib/math/int_log.o
  CC      lib/math/int_pow.o
  CC      lib/math/int_sqrt.o
  CC      drivers/irqchip/irq-gic-v4.o
  CC      lib/math/reciprocal_div.o
  CC      lib/math/prime_numbers.o
  AR      lib/crc/built-in.a
  CC      lib/crypto/blake2s.o
  CC      kernel/time/clocksource.o
  CC      drivers/irqchip/irq-gic-v5.o
  CC      lib/math/rational.o
  CC      lib/crypto/chacha-block-generic.o
  AR      lib/crypto/built-in.a
  CC      lib/vdso/datastore.o
  AR      lib/math/built-in.a
  CC      kernel/time/jiffies.o
  CC      kernel/time/timer_list.o
  AR      lib/vdso/built-in.a
  CC      drivers/irqchip/irq-gic-v5-irs.o
  CC      lib/iomap_copy.o
  CC      kernel/time/timeconv.o
  CC      kernel/time/timecounter.o
  CC      kernel/time/alarmtimer.o
  CC      lib/devres.o
  CC      kernel/time/posix-stubs.o
  CC      lib/cache_maint.o
  CC      drivers/irqchip/irq-gic-v5-its.o
  CC      kernel/time/clockevents.o
  CC      kernel/time/tick-common.o
  CC      lib/hweight.o
  CC      lib/list_debug.o
  CC      kernel/time/tick-broadcast.o
  CC      lib/xxhash.o
  CC      drivers/irqchip/irq-gic-v5-iwb.o
  CC      kernel/time/sched_clock.o
  CC      lib/genalloc.o
  CC      kernel/time/vsyscall.o
  CC      drivers/irqchip/irq-apple-aic.o
  CC      lib/zlib_inflate/inffast.o
  AR      kernel/time/built-in.a
  CC      kernel/smp.o
  CC      lib/zlib_inflate/inflate.o
  CC      lib/lzo/lzo1x_decompress_safe.o
  CC      lib/zlib_inflate/infutil.o
  AR      drivers/irqchip/built-in.a
  CC      lib/zlib_inflate/inftrees.o
  CC      drivers/pci/of.o
  AR      lib/lzo/built-in.a
  CC      lib/lz4/lz4_decompress.o
  CC      lib/zlib_inflate/inflate_syms.o
  CC      kernel/kallsyms.o
  AR      lib/zlib_inflate/built-in.a
  CC      lib/zstd/zstd_decompress_module.o
  CC      drivers/pci/trace.o
  AR      lib/lz4/built-in.a
  CC      lib/xz/xz_dec_syms.o
  CC      lib/zstd/decompress/huf_decompress.o
  CC      kernel/stop_machine.o
  CC      lib/xz/xz_dec_stream.o
  AR      drivers/pci/built-in.a
  CC      drivers/video/console/dummycon.o
  CC      lib/zstd/decompress/zstd_ddict.o
  CC      lib/zstd/decompress/zstd_decompress.o
  CC      kernel/tracepoint.o
  CC      lib/xz/xz_dec_lzma2.o
  CC      lib/zstd/decompress/zstd_decompress_block.o
  AR      drivers/video/console/built-in.a
  AR      drivers/video/built-in.a
  CC      drivers/amba/bus.o
  CC      lib/xz/xz_dec_bcj.o
  CC      kernel/trace/trace_clock.o
  CC      lib/zstd/zstd_common_module.o
  AR      lib/xz/built-in.a
  CC      kernel/irq_work.o
  AR      drivers/amba/built-in.a
  CC      drivers/clk/clk-devres.o
  CC      kernel/trace/ring_buffer.o
  CC      lib/zstd/common/debug.o
  CC      lib/zstd/common/entropy_common.o
  CC      drivers/clk/clk-bulk.o
  CC      lib/zstd/common/error_private.o
  CC      lib/zstd/common/fse_decompress.o
  CC      kernel/events/core.o
  CC      lib/zstd/common/zstd_common.o
  AR      lib/zstd/built-in.a
  CC      lib/percpu_counter.o
  CC      drivers/clk/clkdev.o
  CC      lib/syscall.o
  CC      drivers/clk/clk.o
  CC      lib/checksum.o
  CC      kernel/trace/trace.o
  CC      lib/glob.o
  CC      lib/strncpy_from_user.o
  CC      drivers/clk/clk-divider.o
  CC      lib/strnlen_user.o
  CC      drivers/clk/clk-fixed-factor.o
  CC      kernel/events/ring_buffer.o
  CC      lib/irq_poll.o
  CC      kernel/trace/trace_output.o
  CC      drivers/clk/clk-fixed-rate.o
  CC      lib/bootconfig.o
  CC      kernel/events/callchain.o
  CC      drivers/clk/clk-gate.o
  CC      kernel/trace/trace_seq.o
  CC      lib/group_cpus.o
  CC      drivers/clk/clk-multiplier.o
  CC      kernel/events/hw_breakpoint.o
  CC      kernel/trace/trace_stat.o
  CC      drivers/clk/clk-mux.o
  CC      lib/devmem_is_allowed.o
  CC      kernel/events/uprobes.o
  CC      kernel/trace/trace_printk.o
  CC      drivers/clk/clk-composite.o
  AR      lib/lib.a
  AR      lib/built-in.a
  CC      drivers/clk/clk-fractional-divider.o
  CC      drivers/clk/clk-gpio.o
  CC      drivers/clk/clk-conf.o
  CC      kernel/trace/trace_pid.o
  AR      kernel/events/built-in.a
  CC      kernel/jump_label.o
  CC      drivers/clk/clk-bm1880.o
  AR      drivers/clk/actions/built-in.a
  CC      kernel/context_tracking.o
  CC      kernel/iomem.o
  CC      kernel/trace/pid_list.o
  AR      drivers/clk/aspeed/built-in.a
  AR      drivers/clk/mvebu/built-in.a
  AR      drivers/clk/versatile/built-in.a
  AR      drivers/clk/built-in.a
  AR      drivers/soc/aspeed/built-in.a
  AR      drivers/soc/fsl/built-in.a
  CC      drivers/soc/microchip/mpfs-irqmux.o
  CC      drivers/soc/microchip/mpfs-control-scb.o
  CC      drivers/soc/microchip/mpfs-mss-top-sysreg.o
  CC      kernel/trace/trace_sched_switch.o
  CC      kernel/trace/trace_nop.o
  CC      kernel/trace/trace_events.o
  AR      drivers/soc/microchip/built-in.a
  AR      drivers/soc/pxa/built-in.a
  AR      drivers/soc/xilinx/built-in.a
  AR      drivers/soc/built-in.a
  CC      drivers/virtio/virtio.o
  CC      kernel/trace/trace_export.o
  CC      drivers/virtio/virtio_ring.o
  CC      kernel/trace/trace_event_perf.o
  CC      kernel/trace/trace_events_filter.o
  CC      kernel/trace/trace_events_trigger.o
  CC      kernel/trace/trace_eprobe.o
  CC      drivers/virtio/virtio_anchor.o
  AR      drivers/virtio/built-in.a
  CC      kernel/trace/error_report-traces.o
  CC      drivers/tty/tty_io.o
  CC      kernel/trace/power-traces.o
  CC      kernel/trace/trace_dynevent.o
  CC      kernel/trace/trace_probe.o
  CC      kernel/trace/trace_uprobe.o
  CC      kernel/trace/trace_syscalls.o
  CC      drivers/tty/n_tty.o
  CC      drivers/tty/tty_ioctl.o
  CC      drivers/tty/tty_ldisc.o
  AR      kernel/trace/built-in.a
  AR      kernel/built-in.a
  CC      drivers/tty/tty_buffer.o
  CC      drivers/tty/tty_port.o
  CC      drivers/tty/tty_mutex.o
  CC      drivers/tty/tty_ldsem.o
  CC      drivers/tty/tty_baudrate.o
  CC      drivers/tty/tty_jobctrl.o
  CC      drivers/tty/n_null.o
  CC      drivers/tty/pty.o
  CC      drivers/tty/vt/vt_ioctl.o
  CC      drivers/tty/serial/serial_core.o
  CC      drivers/tty/serial/serial_base_bus.o
  CC      drivers/tty/serial/serial_ctrl.o
  CC      drivers/tty/vt/vc_screen.o
  CC      drivers/tty/serial/serial_port.o
  CC      drivers/tty/serial/earlycon.o
  CC      drivers/tty/serial/amba-pl011.o
  CC      drivers/tty/vt/selection.o
  CC      drivers/tty/serial/samsung_tty.o
  CC      drivers/tty/serial/earlycon-semihost.o
  CC      drivers/tty/vt/keyboard.o
  CC      drivers/tty/vt/vt.o
  CC      drivers/tty/vt/defkeymap.o
  AR      drivers/tty/serial/built-in.a
  CC      drivers/tty/vt/consolemap.o
  CC      drivers/tty/vt/consolemap_deftbl.o
  CC      drivers/tty/vt/ucs.o
  CC      drivers/char/mem.o
  CC      drivers/char/random.o
  CC      drivers/char/misc.o
  CC      drivers/iommu/iommu.o
  AR      drivers/tty/vt/built-in.a
  AR      drivers/tty/built-in.a
  CC      drivers/iommu/iommu-pages.o
  CC      drivers/base/component.o
  AR      drivers/char/built-in.a
  CC      drivers/misc/c2port/core.o
  CC      drivers/iommu/iommu-traces.o
  CC      drivers/base/core.o
  CC      drivers/iommu/iommu-sysfs.o
  AR      drivers/misc/c2port/built-in.a
  CC      drivers/misc/sram.o
  CC      drivers/iommu/dma-iommu.o
  CC      drivers/iommu/io-pgtable.o
  CC      drivers/misc/ntsync.o
  CC      drivers/iommu/io-pgtable-dart.o
  CC      drivers/base/bus.o
  AR      drivers/misc/built-in.a
  CC      drivers/mfd/mfd-core.o
  CC      drivers/iommu/iova.o
  CC      drivers/iommu/of_iommu.o
  CC      drivers/base/dd.o
  CC      drivers/mfd/kempld-core.o
  CC      drivers/mfd/mt6397-core.o
  AR      drivers/iommu/built-in.a
  CC      drivers/dma-buf/dma-buf.o
  CC      drivers/base/syscore.o
  CC      drivers/mfd/mt6397-irq.o
  CC      drivers/mfd/mt6358-irq.o
  CC      drivers/base/driver.o
  CC      drivers/base/class.o
  CC      drivers/dma-buf/dma-fence.o
  AR      drivers/mfd/built-in.a
  AR      drivers/auxdisplay/built-in.a
  CC      drivers/input/serio/serio.o
  CC      drivers/input/serio/serport.o
  CC      drivers/base/platform.o
  CC      drivers/input/serio/libps2.o
  CC      drivers/dma-buf/dma-fence-array.o
  CC      drivers/dma-buf/dma-fence-chain.o
  CC      drivers/base/cpu.o
  CC      drivers/dma-buf/dma-fence-unwrap.o
  CC      drivers/input/input.o
  AR      drivers/input/serio/built-in.a
  CC      drivers/base/firmware.o
  CC      drivers/dma-buf/dma-resv.o
  CC      drivers/base/init.o
  CC      drivers/base/map.o
  CC      drivers/input/input-compat.o
  CC      drivers/base/devres.o
  CC      drivers/dma-buf/dma-buf-mapping.o
  CC      drivers/base/attribute_container.o
  CC      drivers/input/input-mt.o
  CC      drivers/base/transport_class.o
  CC      drivers/dma-buf/dma-heap.o
  CC      drivers/base/topology.o
  CC      drivers/input/input-poller.o
  CC      drivers/base/container.o
  CC      drivers/base/property.o
  CC      drivers/input/ff-core.o
  CC      drivers/dma-buf/heaps/system_heap.o
  CC      drivers/base/cacheinfo.o
  CC      drivers/input/touchscreen.o
  AR      drivers/dma-buf/heaps/built-in.a
  AR      drivers/dma-buf/built-in.a
  CC      drivers/base/swnode.o
  CC      drivers/w1/w1.o
  CC      drivers/input/touch-overlay.o
  CC      drivers/power/reset/gpio-poweroff.o
  CC      drivers/base/faux.o
  CC      drivers/input/ff-memless.o
  CC      drivers/power/reset/restart-poweroff.o
  CC      drivers/base/power/clock_ops.o
  CC      drivers/w1/w1_int.o
  CC      drivers/input/vivaldi-fmap.o
  AR      drivers/power/reset/built-in.a
  CC      drivers/power/supply/power_supply_core.o
  AR      drivers/base/power/built-in.a
  CC      drivers/base/firmware_loader/main.o
  CC      drivers/input/keyboard/atkbd.o
  CC      drivers/w1/w1_family.o
  CC      drivers/power/supply/ds2781_battery.o
  CC      drivers/w1/w1_netlink.o
  CC      drivers/base/firmware_loader/sysfs.o
  CC      drivers/input/keyboard/lkkbd.o
  AR      drivers/power/supply/built-in.a
  AR      drivers/power/built-in.a
  CC      drivers/thermal/thermal_core.o
  CC      drivers/w1/w1_io.o
  CC      drivers/base/firmware_loader/builtin/main.o
  CC      drivers/input/keyboard/mtk-pmic-keys.o
  AR      drivers/base/firmware_loader/builtin/built-in.a
  CC      drivers/base/firmware_loader/fallback_table.o
  CC      drivers/thermal/thermal_sysfs.o
  CC      drivers/w1/slaves/w1_ds2405.o
  AR      drivers/input/keyboard/built-in.a
  CC      drivers/input/mouse/psmouse-base.o
  CC      drivers/base/firmware_loader/fallback.o
  CC      drivers/thermal/thermal_trip.o
  CC      drivers/w1/slaves/w1_ds2413.o
  CC      drivers/w1/slaves/w1_ds2781.o
  CC      drivers/thermal/thermal_helpers.o
  CC      drivers/input/mouse/synaptics.o
  AR      drivers/base/firmware_loader/built-in.a
  CC      drivers/base/regmap/regmap.o
  AR      drivers/w1/slaves/built-in.a
  AR      drivers/w1/built-in.a
  CC      drivers/firmware/psci/psci.o
  CC      drivers/thermal/thermal_thresholds.o
  CC      drivers/input/mouse/focaltech.o
  CC      drivers/thermal/thermal_of.o
  AR      drivers/firmware/psci/built-in.a
  CC      drivers/firmware/qcom/qcom_pas.o
  CC      drivers/input/mouse/alps.o
  CC      drivers/thermal/gov_fair_share.o
  CC      drivers/base/regmap/regcache.o
  AR      drivers/firmware/qcom/built-in.a
  CC      drivers/firmware/smccc/smccc.o
  AR      drivers/thermal/built-in.a
  CC      drivers/firmware/smccc/kvm_guest.o
  CC      drivers/base/regmap/regcache-rbtree.o
  CC      drivers/base/regmap/regcache-flat.o
  CC      drivers/input/mouse/byd.o
  AR      drivers/firmware/smccc/built-in.a
  AR      drivers/firmware/xilinx/built-in.a
  AR      drivers/firmware/built-in.a
  CC      drivers/clocksource/timer-of.o
  CC      drivers/base/regmap/regcache-maple.o
  CC      drivers/base/regmap/regmap-mmio.o
  CC      drivers/input/mouse/logips2pp.o
  CC      drivers/clocksource/timer-probe.o
  CC      drivers/clocksource/arm_arch_timer.o
  CC      drivers/input/mouse/trackpoint.o
  AR      drivers/base/regmap/built-in.a
  CC      drivers/base/platform-msi.o
  CC      drivers/clocksource/arm_arch_timer_mmio.o
  CC      drivers/clocksource/dummy_timer.o
  CC      drivers/base/arch_topology.o
  CC      drivers/input/mouse/cypress_ps2.o
  CC      drivers/base/trace.o
  AR      drivers/clocksource/built-in.a
  CC      drivers/hid/hid-core.o
  AR      drivers/input/mouse/built-in.a
  AR      drivers/input/built-in.a
  CC      drivers/of/base.o
  CC      drivers/of/cpu.o
  AR      drivers/base/built-in.a
  AR      drivers/platform/built-in.a
  CC      drivers/hid/hid-input.o
  CC      drivers/of/device.o
  CC      drivers/hid/hid-quirks.o
  CC      drivers/of/module.o
  CC      drivers/of/platform.o
  CC      drivers/of/property.o
  CC      drivers/of/fdt.o
  CC      drivers/hid/hid-generic.o
  AS      drivers/of/empty_root.dtb.o
  CC      drivers/of/fdt_address.o
  CC      drivers/of/address.o
  AR      drivers/hid/built-in.a
  CC      drivers/rpmsg/rpmsg_core.o
  CC      drivers/of/irq.o
  CC      drivers/of/of_reserved_mem.o
  CC      drivers/rpmsg/rpmsg_ns.o
  CC      drivers/virt/vmgenid.o
  CC      drivers/virt/coco/arm-cca-guest/arm-cca-guest.o
  AR      drivers/of/built-in.a
  CC      drivers/perf/arm-cci.o
  CC      drivers/rpmsg/virtio_rpmsg_bus.o
  CC      drivers/perf/arm-ni.o
  AR      drivers/virt/coco/arm-cca-guest/built-in.a
  CC      drivers/virt/coco/guest/report.o
  AR      drivers/rpmsg/built-in.a
  AR      drivers/virt/coco/guest/built-in.a
  AR      drivers/virt/coco/built-in.a
  CC      drivers/perf/arm_pmu.o
  AR      drivers/virt/built-in.a
  CC      drivers/siox/siox-core.o
  CC      drivers/hwtracing/coresight/coresight-core.o
  CC      drivers/perf/arm_pmu_platform.o
  CC      drivers/perf/arm_pmuv3.o
  AR      drivers/siox/built-in.a
  CC      drivers/counter/counter-core.o
  CC      drivers/hwtracing/coresight/coresight-etm-perf.o
  CC      drivers/perf/arm_brbe.o
  CC      drivers/counter/counter-sysfs.o
  CC      drivers/perf/arm_smmuv3_pmu.o
  CC      drivers/hwtracing/coresight/coresight-platform.o
  CC      drivers/counter/counter-chrdev.o
  CC      drivers/hwtracing/coresight/coresight-sysfs.o
  AR      drivers/counter/built-in.a
  CC      drivers/most/core.o
  CC      drivers/hwtracing/coresight/coresight-syscfg.o
  CC      drivers/hwtracing/coresight/coresight-config.o
  AR      drivers/perf/built-in.a
  CC      drivers/hwtracing/coresight/coresight-cfg-preload.o
  CC      drivers/most/configfs.o
  CC      drivers/hwtracing/coresight/coresight-cfg-afdo.o
  CC      drivers/hwtracing/coresight/coresight-cfg-pstop.o
  CC      drivers/hwtracing/coresight/coresight-syscfg-configfs.o
  AR      drivers/most/built-in.a
  CC      drivers/hwtracing/coresight/coresight-trace-id.o
  AR      drivers/hwtracing/coresight/built-in.a
  AR      drivers/built-in.a
  AR      built-in.a
  AR      built-in-fixup.a
  COPY    vmlinux.a
  LD      vmlinux.o
  MODPOST vmlinux.symvers
  CC      .vmlinux.export.o
  UPD     include/generated/utsversion.h
  CC      init/version-timestamp.o
  KSYMS   .tmp_vmlinux0.kallsyms.S
  AS      .tmp_vmlinux0.kallsyms.o
  LD      .tmp_vmlinux1
  NM      .tmp_vmlinux1.syms
  KSYMS   .tmp_vmlinux1.kallsyms.S
  AS      .tmp_vmlinux1.kallsyms.o
  LD      .tmp_vmlinux2
  NM      .tmp_vmlinux2.syms
  KSYMS   .tmp_vmlinux2.kallsyms.S
  AS      .tmp_vmlinux2.kallsyms.o
  LD      vmlinux.unstripped
  NM      System.map
  SORTTAB vmlinux.unstripped
  OBJCOPY vmlinux
  GEN     modules.builtin.modinfo
  GEN     modules.builtin
  OBJCOPY arch/arm64/boot/Image
make[5]: Leaving directory '/mnt/git-volume/kernel-test-mainline/build/rand500config-arm64'
make[4]: Leaving directory '/mnt/git-volume/linux-mainline'
