make[4]: Entering directory '/mnt/git-volume/linux-mainline'
make[5]: Entering directory '/mnt/git-volume/kernel-test-mainline/build/rand500config-arm64'
#
# configuration written to .config
#
Using .config as base
Merging /mnt/git-volume/linux-mainline/kernel/configs/tiny.config
Value of CONFIG_CC_OPTIMIZE_FOR_SIZE is redefined by fragment /mnt/git-volume/linux-mainline/kernel/configs/tiny.config:
Previous value: # CONFIG_CC_OPTIMIZE_FOR_SIZE is not set
New value: CONFIG_CC_OPTIMIZE_FOR_SIZE=y

Value of CONFIG_SLUB_TINY is redefined by fragment /mnt/git-volume/linux-mainline/kernel/configs/tiny.config:
Previous value: # CONFIG_SLUB_TINY is not set
New value: CONFIG_SLUB_TINY=y

#
# merged configuration written to .config (needs make)
#
#
# configuration written to .config
#
make[5]: Leaving directory '/mnt/git-volume/kernel-test-mainline/build/rand500config-arm64'
make[4]: Leaving directory '/mnt/git-volume/linux-mainline'
make[4]: Entering directory '/mnt/git-volume/linux-mainline'
make[5]: Entering directory '/tmp/tmp.JxrAdLBzdw'
  UPD     /tmp/tmp.JxrAdLBzdw/Makefile
  HOSTCC  scripts/basic/fixdep
  HOSTCC  scripts/kconfig/conf.o
  HOSTCC  scripts/kconfig/confdata.o
  HOSTCC  scripts/kconfig/expr.o
  LEX     scripts/kconfig/lexer.lex.c
  YACC    scripts/kconfig/parser.tab.[ch]
  HOSTCC  scripts/kconfig/lexer.lex.o
  HOSTCC  scripts/kconfig/menu.o
  HOSTCC  scripts/kconfig/parser.tab.o
  HOSTCC  scripts/kconfig/preprocess.o
  HOSTCC  scripts/kconfig/symbol.o
  HOSTCC  scripts/kconfig/util.o
  HOSTLD  scripts/kconfig/conf
KCONFIG_SEED=0xE9F58798
#
# configuration written to .config
#
make[5]: Leaving directory '/tmp/tmp.JxrAdLBzdw'
make[4]: Leaving directory '/mnt/git-volume/linux-mainline'
make[4]: Entering directory '/mnt/git-volume/linux-mainline'
make[5]: Entering directory '/tmp/tmp.JxrAdLBzdw'
.config:11332:warning: override: reassigning to symbol PRINTK
.config:11336:warning: override: reassigning to symbol TTY
.config:11339:warning: override: reassigning to symbol BLK_DEV_INITRD
.config:11340:warning: override: reassigning to symbol RD_GZIP
.config:11343:warning: override: reassigning to symbol BINFMT_ELF
.config:11344:warning: override: reassigning to symbol BINFMT_SCRIPT
.config:11347:warning: override: reassigning to symbol TMPFS
.config:11350:warning: override: reassigning to symbol KERNEL_GZIP
.config:11361:warning: override: reassigning to symbol KERNEL_ZSTD
.config:11364:warning: override: reassigning to symbol MODULES
.config:11367:warning: override: reassigning to symbol DRM
.config:11368:warning: override: reassigning to symbol SOUND
.config:11369:warning: override: reassigning to symbol STAGING
.config:11370:warning: override: reassigning to symbol INFINIBAND
.config:11371:warning: override: reassigning to symbol MEDIA_SUPPORT
.config:11377:warning: override: reassigning to symbol KCOV
.config:11378:warning: override: reassigning to symbol KASAN
.config:11381:warning: override: reassigning to symbol KFENCE
.config:11382:warning: override: reassigning to symbol UBSAN
.config:11409:warning: override: reassigning to symbol KUNIT
.config:11417:warning: override: reassigning to symbol OF_UNITTEST
#
# configuration written to .config
#
make[5]: Leaving directory '/tmp/tmp.JxrAdLBzdw'
make[4]: Leaving directory '/mnt/git-volume/linux-mainline'
make[4]: Entering directory '/mnt/git-volume/linux-mainline'
make[5]: Entering directory '/mnt/git-volume/kernel-test-mainline/build/rand500config-arm64'
.config:1548:warning: override: reassigning to symbol ARCH_MMP
.config:1558:warning: override: reassigning to symbol SSB
.config:1559:warning: override: reassigning to symbol ARCH_HAS_GCOV_PROFILE_ALL
.config:1564:warning: override: reassigning to symbol AMPERE_ERRATUM_AC03_CPU_38
.config:1565:warning: override: reassigning to symbol PVPANIC
.config:1574:warning: override: reassigning to symbol GENERIC_STRNLEN_USER
.config:1576:warning: override: reassigning to symbol CC_OPTIMIZE_FOR_SIZE
.config:1579:warning: override: reassigning to symbol KALLSYMS
.config:1592:warning: override: reassigning to symbol QUICC_ENGINE
.config:1594:warning: override: reassigning to symbol ARCH_HAS_BATCHED_DMA_SYNC
.config:1606:warning: override: reassigning to symbol ARM64_ERRATUM_4118414
.config:1608:warning: override: reassigning to symbol ARM64_ERRATUM_2051678
.config:1609:warning: override: reassigning to symbol SYNC_FILE
.config:1621:warning: override: reassigning to symbol FHANDLE
.config:1633:warning: override: reassigning to symbol CRC32
.config:1637:warning: override: reassigning to symbol LD_IS_BFD
.config:1650:warning: override: reassigning to symbol RAS
.config:1653:warning: override: reassigning to symbol ARCH_HAS_FORCE_DMA_UNENCRYPTED
.config:1656:warning: override: reassigning to symbol COMMON_CLK_FIXED_MMIO
.config:1666:warning: override: reassigning to symbol XZ_DEC
.config:1668:warning: override: reassigning to symbol RELAY
.config:1671:warning: override: reassigning to symbol GENERIC_CPU_AUTOPROBE
.config:1678:warning: override: reassigning to symbol IIO
.config:1679:warning: override: reassigning to symbol INTEL_TH
.config:1692:warning: override: reassigning to symbol KEXEC_FILE
.config:1695:warning: override: reassigning to symbol RCU_NEED_SEGCBLIST
.config:1699:warning: override: reassigning to symbol PREEMPT
.config:1706:warning: override: reassigning to symbol ARCH_HAS_CURRENT_STACK_POINTER
.config:1716:warning: override: reassigning to symbol ARCH_SUPPORTS_LTO_CLANG
.config:1717:warning: override: reassigning to symbol VIRT_CPU_ACCOUNTING_GEN
.config:1729:warning: override: reassigning to symbol MFD_ATMEL_FLEXCOM
.config:1737:warning: override: reassigning to symbol CPU_FREQ
.config:1738:warning: override: reassigning to symbol ARM64
.config:1745:warning: override: reassigning to symbol NLS
.config:1750:warning: override: reassigning to symbol THERMAL
.config:1760:warning: override: reassigning to symbol IRQCHIP
.config:1762:warning: override: reassigning to symbol ARCH_SUPPORTS_PER_VMA_LOCK
.config:1763:warning: override: reassigning to symbol GENERIC_IRQ_PROBE
.config:1778:warning: override: reassigning to symbol ARM64_ERRATUM_1286807
.config:1812:warning: override: reassigning to symbol RCU_CPU_STALL_CPUTIME
.config:1819:warning: override: reassigning to symbol ARCH_SUPPORTS_LTO_CLANG_THIN
.config:1827:warning: override: reassigning to symbol PHYS_ADDR_T_64BIT
.config:1847:warning: override: reassigning to symbol HAVE_DYNAMIC_FTRACE
.config:1850:warning: override: reassigning to symbol ARCH_ASPEED
.config:1851:warning: override: reassigning to symbol CC_IS_GCC
.config:1863:warning: override: reassigning to symbol LOCK_DEBUGGING_SUPPORT
.config:1877:warning: override: reassigning to symbol HW_RANDOM
.config:1891:warning: override: reassigning to symbol HAVE_SYSCALL_TRACEPOINTS
.config:1895:warning: override: reassigning to symbol ARCH_MEDIATEK
.config:1900:warning: override: reassigning to symbol ARM64_4K_PAGES
.config:1928:warning: override: reassigning to symbol ARCH_WANTS_THP_SWAP
.config:1933:warning: override: reassigning to symbol ARCH_USE_GNU_PROPERTY
.config:1935:warning: override: reassigning to symbol HAVE_PREEMPT_DYNAMIC_KEY
.config:1953:warning: override: reassigning to symbol TCG_TPM
.config:1959:warning: override: reassigning to symbol IO_URING
.config:1960:warning: override: reassigning to symbol EXTCON
.config:1966:warning: override: reassigning to symbol TREE_SRCU
.config:1980:warning: override: reassigning to symbol IRQ_POLL
.config:1984:warning: override: reassigning to symbol ARCH_HAS_CPU_CACHE_INVALIDATE_MEMREGION
.config:1986:warning: override: reassigning to symbol I3C
.config:1987:warning: override: reassigning to symbol CPU_LITTLE_ENDIAN
.config:1990:warning: override: reassigning to symbol ARM64_HW_AFDBM
.config:1994:warning: override: reassigning to symbol PECI
.config:2023:warning: override: reassigning to symbol VFIO
.config:2034:warning: override: reassigning to symbol HAVE_ARCH_KFENCE
.config:2054:warning: override: reassigning to symbol PRINTK
.config:2058:warning: override: reassigning to symbol TTY
.config:2061:warning: override: reassigning to symbol BLK_DEV_INITRD
.config:2065:warning: override: reassigning to symbol BINFMT_ELF
.config:2066:warning: override: reassigning to symbol BINFMT_SCRIPT
.config:2080:warning: override: reassigning to symbol ARM64_4K_PAGES
#
# configuration written to .config
#
make[5]: Leaving directory '/mnt/git-volume/kernel-test-mainline/build/rand500config-arm64'
make[4]: Leaving directory '/mnt/git-volume/linux-mainline'
make[4]: Entering directory '/mnt/git-volume/linux-mainline'
make[5]: Entering directory '/mnt/git-volume/kernel-test-mainline/build/rand500config-arm64'
  SYNC    include/config/auto.conf.cmd
  HOSTCC  scripts/kallsyms
  CC      scripts/mod/empty.o
  CC      scripts/mod/devicetable-offsets.s
  MKELF   scripts/mod/elfconfig.h
  HOSTCC  scripts/mod/modpost.o
  HOSTCC  scripts/mod/sumversion.o
  HOSTCC  scripts/mod/symsearch.o
  HOSTCC  scripts/mod/file2alias.o
  HOSTLD  scripts/mod/modpost
  CC      kernel/bounds.s
  CC      arch/arm64/kernel/asm-offsets.s
  UPD     include/generated/asm-offsets.h
  CC      kernel/sched/rq-offsets.s
  UPD     include/generated/rq-offsets.h
  CALL    /mnt/git-volume/linux-mainline/scripts/checksyscalls.sh 
  LDS     arch/arm64/kernel/vdso/vdso.lds
  CC      arch/arm64/kernel/vdso/vgettimeofday.o
  AS      arch/arm64/kernel/vdso/note.o
  AS      arch/arm64/kernel/vdso/sigreturn.o
  CC      arch/arm64/kernel/vdso/vgetrandom.o
  AS      arch/arm64/kernel/vdso/vgetrandom-chacha.o
  LD      arch/arm64/kernel/vdso/vdso.so.dbg
  VDSOSYM include/generated/vdso-offsets.h
  OBJCOPY arch/arm64/kernel/vdso/vdso.so
  GEN     usr/initramfs_data.cpio
  COPY    usr/initramfs_inc_data
  AS      usr/initramfs_data.o
  CC      init/main.o
  AR      usr/built-in.a
  CC      arch/arm64/kernel/debug-monitors.o
  CC      kernel/fork.o
  CC      mm/filemap.o
  AS      arch/arm64/kernel/entry.o
  CC      arch/arm64/kernel/irq.o
  UPD     init/utsversion-tmp.h
  CC      init/do_mounts.o
  CC      kernel/exec_domain.o
  CC      arch/arm64/kernel/fpsimd.o
  CC      mm/mempool.o
  CC      init/do_mounts_initrd.o
  CC      kernel/exec_state.o
  CC      arch/arm64/kernel/entry-common.o
  CC      mm/oom_kill.o
  CC      kernel/panic.o
  CC      init/initramfs.o
  CC      arch/arm64/kernel/process.o
  CC      mm/fadvise.o
  CC      kernel/cpu.o
  CC      init/calibrate.o
  CC      init/init_task.o
  CC      arch/arm64/kernel/ptrace.o
  CC      mm/maccess.o
  CC      kernel/exit.o
  CC      init/version.o
  CC      arch/arm64/kernel/setup.o
  CC      mm/page-writeback.o
  AR      init/built-in.a
  CC      fs/open.o
  CC      kernel/softirq.o
  CC      arch/arm64/kernel/signal.o
  CC      mm/folio-compat.o
  CC      kernel/resource.o
  CC      fs/read_write.o
  CC      arch/arm64/kernel/sys.o
  CC      mm/readahead.o
  CC      kernel/sysctl.o
  CC      arch/arm64/kernel/stacktrace.o
  CC      fs/file_table.o
  CC      mm/swap.o
  CC      kernel/capability.o
  CC      fs/super.o
  CC      arch/arm64/kernel/time.o
  CC      kernel/ptrace.o
  CC      mm/truncate.o
  CC      arch/arm64/kernel/traps.o
  CC      fs/char_dev.o
  CC      kernel/user.o
  CC      mm/vmscan.o
  CC      arch/arm64/kernel/io.o
  CC      fs/stat.o
  CC      kernel/signal.o
  CC      arch/arm64/kernel/vdso.o
  CC      fs/exec.o
  AS      arch/arm64/kernel/hyp-stub.o
  CC      arch/arm64/kernel/psci.o
  CC      mm/shrinker.o
  CC      kernel/sys.o
  CC      arch/arm64/kernel/cpu_ops.o
  CC      mm/shmem.o
  CC      fs/pipe.o
  CC      arch/arm64/kernel/return_address.o
  CC      kernel/umh.o
  CC      mm/util.o
  CC      arch/arm64/kernel/cpuinfo.o
  CC      fs/namei.o
  CC      arch/arm64/kernel/cpu_errata.o
  CC      kernel/workqueue.o
  CC      mm/mmzone.o
  CC      arch/arm64/kernel/cpufeature.o
  CC      mm/vmstat.o
  CC      fs/fcntl.o
  CC      mm/backing-dev.o
  CC      arch/arm64/kernel/alternative.o
  CC      kernel/pid.o
  CC      fs/ioctl.o
  CC      arch/arm64/kernel/cacheinfo.o
  CC      mm/mm_init.o
  CC      kernel/task_work.o
  CC      arch/arm64/kernel/smp.o
  CC      fs/readdir.o
  CC      mm/percpu.o
  CC      kernel/extable.o
  CC      fs/select.o
  CC      arch/arm64/kernel/smp_spin_table.o
  CC      kernel/params.o
  CC      arch/arm64/kernel/topology.o
  CC      mm/slab_common.o
  CC      fs/dcache.o
  CC      kernel/kthread.o
  AS      arch/arm64/kernel/smccc-call.o
  CC      arch/arm64/kernel/syscall.o
  CC      mm/compaction.o
  CC      kernel/sys_ni.o
  CC      arch/arm64/kernel/proton-pack.o
  CC      fs/inode.o
  CC      mm/show_mem.o
  CC      kernel/nsproxy.o
  CC      arch/arm64/kernel/idle.o
  CC      mm/interval_tree.o
  CC      kernel/nstree.o
  CC      arch/arm64/kernel/patching.o
  CC      fs/attr.o
  CC      mm/list_lru.o
  CC      kernel/nscommon.o
  CC      arch/arm64/kernel/pi/idreg-override.o
  CC      fs/bad_inode.o
  CC      mm/workingset.o
  CC      kernel/notifier.o
  CC      fs/file.o
  CC      arch/arm64/kernel/pi/map_kernel.o
  CC      mm/debug.o
  CC      kernel/ksysfs.o
  CC      arch/arm64/kernel/pi/map_range.o
  CC      fs/filesystems.o
  CC      kernel/cred.o
  CC      arch/arm64/kernel/pi/lib-fdt.o
  CC      arch/arm64/kernel/pi/lib-fdt_ro.o
  OBJCOPY arch/arm64/kernel/pi/idreg-override.pi.o
  OBJCOPY arch/arm64/kernel/pi/map_kernel.pi.o
  OBJCOPY arch/arm64/kernel/pi/map_range.pi.o
  OBJCOPY arch/arm64/kernel/pi/lib-fdt.pi.o
  OBJCOPY arch/arm64/kernel/pi/lib-fdt_ro.pi.o
  AR      arch/arm64/kernel/pi/built-in.a
  CC      arch/arm64/kernel/rsi.o
  CC      mm/gup.o
  CC      fs/namespace.o
  CC      arch/arm64/kernel/jump_label.o
  CC      kernel/reboot.o
  CC      arch/arm64/kernel/machine_kexec.o
  CC      mm/mmap_lock.o
  AS      arch/arm64/kernel/relocate_kernel.o
  CC      kernel/async.o
  AS      arch/arm64/kernel/cpu-reset.o
  CC      arch/arm64/kernel/machine_kexec_file.o
  CC      mm/vma_init.o
  CC      kernel/range.o
  CC      kernel/smpboot.o
  CC      fs/seq_file.o
  CC      arch/arm64/kernel/kexec_image.o
  CC      kernel/ucount.o
  CC      mm/highmem.o
  CC      arch/arm64/kernel/crash_dump.o
  CC      fs/xattr.o
  CC      kernel/regset.o
  CC      mm/memory.o
  CC      arch/arm64/kernel/vmcore_info.o
  CC      kernel/ksyms_common.o
  CC      fs/libfs.o
  AS      arch/arm64/kernel/vdso-wrap.o
  AS      arch/arm64/kernel/head.o
  LDS     arch/arm64/kernel/vmlinux.lds
  AR      arch/arm64/kernel/built-in.a
  CC      arch/arm64/mm/dma-mapping.o
  CC      kernel/sched/core.o
  CC      arch/arm64/mm/extable.o
  CC      fs/fs-writeback.o
  CC      arch/arm64/mm/fault.o
  CC      mm/mincore.o
  CC      kernel/sched/fair.o
  CC      fs/pnode.o
  CC      arch/arm64/mm/init.o
  CC      mm/mlock.o
  CC      fs/splice.o
  AS      arch/arm64/mm/cache.o
  CC      arch/arm64/mm/copypage.o
  CC      mm/mmap.o
  CC      fs/sync.o
  CC      arch/arm64/mm/flush.o
  CC      kernel/sched/build_policy.o
  CC      arch/arm64/mm/ioremap.o
  CC      fs/utimes.o
  CC      mm/mmu_gather.o
  CC      arch/arm64/mm/mmap.o
  CC      fs/d_path.o
  CC      mm/mprotect.o
  CC      arch/arm64/mm/pgd.o
  CC      fs/stack.o
  CC      arch/arm64/mm/mem_encrypt.o
  CC      kernel/sched/build_utility.o
  CC      mm/mremap.o
  CC      fs/fs_struct.o
  CC      arch/arm64/mm/mmu.o
  CC      fs/statfs.o
  CC      mm/msync.o
  CC      arch/arm64/mm/context.o
  CC      fs/fs_pin.o
  AR      kernel/sched/built-in.a
  CC      kernel/locking/mutex.o
  CC      mm/page_vma_mapped.o
  CC      fs/nsfs.o
  AS      arch/arm64/mm/proc.o
  CC      arch/arm64/mm/pageattr.o
  CC      mm/pagewalk.o
  CC      kernel/locking/semaphore.o
  CC      fs/fs_dirent.o
  CC      arch/arm64/mm/fixmap.o
  CC      fs/fs_context.o
  CC      kernel/locking/rwsem.o
  CC      mm/pgtable-generic.o
  CC      arch/arm64/mm/trans_pgd.o
  CC      kernel/locking/percpu-rwsem.o
  CC      fs/fs_parser.o
  CC      mm/rmap.o
  AS      arch/arm64/mm/trans_pgd-asm.o
  AR      arch/arm64/mm/built-in.a
  AR      arch/arm64/built-in.a
  CC      security/commoncap.o
  CC      kernel/locking/spinlock.o
  CC      fs/fsopen.o
  CC      kernel/locking/osq_lock.o
  CC      mm/vmalloc.o
  CC      security/min_addr.o
  CC      kernel/locking/qspinlock.o
  CC      fs/init.o
  CC      kernel/locking/rtmutex_api.o
  AR      security/built-in.a
  CC      crypto/api.o
  CC      fs/kernel_read_file.o
  CC      kernel/locking/qrwlock.o
  CC      mm/vma.o
  CC      crypto/cipher.o
  CC      fs/mnt_idmapping.o
  AR      kernel/locking/built-in.a
  CC      kernel/power/qos.o
  CC      fs/remap_range.o
  CC      crypto/algapi.o
  CC      kernel/power/energy_model.o
  CC      mm/vma_exec.o
  CC      fs/pidfs.o
  CC      crypto/scatterwalk.o
  AR      kernel/power/built-in.a
  CC      kernel/printk/printk.o
  CC      mm/mseal.o
  CC      crypto/lskcipher.o
  CC      fs/file_attr.o
  CC      mm/page_alloc.o
  CC      fs/fserror.o
  CC      crypto/skcipher.o
  CC      kernel/printk/printk_safe.o
  CC      fs/nullfs.o
  CC      kernel/printk/nbcon.o
  CC      crypto/ahash.o
  AR      fs/notify/fanotify/built-in.a
  AR      fs/notify/built-in.a
  CC      fs/anon_inodes.o
  CC      kernel/printk/printk_ringbuffer.o
  CC      mm/page_frag_cache.o
  CC      crypto/shash.o
  AR      kernel/printk/built-in.a
  CC      kernel/irq/irqdesc.o
  CC      fs/binfmt_script.o
  CC      mm/init-mm.o
  CC      fs/binfmt_elf.o
  CC      kernel/irq/handle.o
  CC      crypto/akcipher.o
  CC      mm/memblock.o
  CC      kernel/irq/manage.o
  CC      fs/fhandle.o
  CC      crypto/sig.o
  CC      mm/slub.o
  CC      kernel/irq/spurious.o
  CC      crypto/kpp.o
  CC      fs/devpts/inode.o
  CC      kernel/irq/resend.o
  CC      crypto/rsapubkey.asn1.o
  CC      crypto/rsaprivkey.asn1.o
  AR      fs/devpts/built-in.a
  CC      fs/ramfs/inode.o
  CC      crypto/rsa.o
  CC      mm/dmapool.o
  CC      kernel/irq/chip.o
  CC      crypto/rsa_helper.o
  CC      fs/ramfs/file-mmu.o
  CC      mm/sparse.o
  CC      crypto/rsa-pkcs1pad.o
  CC      kernel/irq/dummychip.o
  AR      fs/ramfs/built-in.a
  CC      fs/exportfs/expfs.o
  CC      mm/sparse-vmemmap.o
  CC      crypto/rsassa-pkcs1.o
  CC      kernel/irq/devres.o
  AR      fs/exportfs/built-in.a
  CC      fs/nls/nls_base.o
  CC      crypto/algboss.o
  CC      kernel/irq/kexec.o
  CC      mm/early_ioremap.o
  CC      fs/nls/nls_cp852.o
  CC      kernel/irq/autoprobe.o
  CC      mm/ioremap.o
  CC      fs/nls/nls_iso8859-5.o
  CC      crypto/testmgr.o
  CC      kernel/irq/irqdomain.o
  CC      fs/nls/mac-croatian.o
  AR      mm/built-in.a
  CC      kernel/rcu/update.o
  CC      crypto/cmac.o
  AR      fs/nls/built-in.a
  AR      fs/built-in.a
  CC      io_uring/io_uring.o
  CC      kernel/irq/msi.o
  CC      crypto/md5.o
  CC      kernel/rcu/sync.o
  CC      kernel/rcu/srcutree.o
  CC      crypto/sm3.o
  CC      kernel/irq/ipi.o
  CC      kernel/rcu/tree.o
  CC      crypto/ecb.o
  CC      kernel/irq/affinity.o
  CC      io_uring/opdef.o
  CC      crypto/xts.o
  AR      kernel/irq/built-in.a
  CC      kernel/dma/mapping.o
  CC      crypto/des_generic.o
  CC      io_uring/kbuf.o
  CC      kernel/dma/direct.o
  CC      crypto/crc32c.o
  CC      kernel/rcu/rcu_segcblist.o
  CC      io_uring/rsrc.o
  CC      crypto/rng.o
  AR      kernel/rcu/built-in.a
  CC      kernel/entry/common.o
  CC      kernel/dma/coherent.o
  CC      crypto/jitterentropy.o
  CC      kernel/dma/swiotlb.o
  CC      crypto/jitterentropy-kcapi.o
  CC      io_uring/notif.o
  AR      kernel/entry/built-in.a
  CC      kernel/time/time.o
  CC      crypto/dh.o
  CC      io_uring/tctx.o
  CC      kernel/dma/pool.o
  CC      kernel/time/timer.o
  CC      crypto/dh_helper.o
  CC      kernel/dma/remap.o
  CC      crypto/mldsa.o
  CC      io_uring/filetable.o
  CC      kernel/time/hrtimer.o
  AR      crypto/built-in.a
  AS      arch/arm64/lib/clear_page.o
  AR      kernel/dma/built-in.a
  AS      arch/arm64/lib/clear_user.o
  AS      arch/arm64/lib/copy_from_user.o
  CC      kernel/smp.o
  AS      arch/arm64/lib/copy_page.o
  AS      arch/arm64/lib/copy_to_user.o
  CC      arch/arm64/lib/csum.o
  CC      io_uring/rw.o
  CC      arch/arm64/lib/delay.o
  CC      kernel/time/sleep_timeout.o
  CC      kernel/kallsyms.o
  CC      kernel/time/timekeeping.o
  CC      arch/arm64/lib/insn.o
  CC      io_uring/poll.o
  AS      arch/arm64/lib/memchr.o
  AS      arch/arm64/lib/memcmp.o
  AS      arch/arm64/lib/memcpy.o
  AS      arch/arm64/lib/memset.o
  CC      kernel/vmcore_info.o
  AS      arch/arm64/lib/strchr.o
  AS      arch/arm64/lib/strcmp.o
  AS      arch/arm64/lib/strlen.o
  AS      arch/arm64/lib/strncmp.o
  AS      arch/arm64/lib/strnlen.o
  AS      arch/arm64/lib/strrchr.o
  AS      arch/arm64/lib/tishift.o
  AR      arch/arm64/lib/lib.a
  CC      kernel/time/ntp.o
  CC      lib/argv_split.o
  CC      kernel/elfcorehdr.o
  CC      io_uring/tw.o
  CC      lib/buildid.o
  CC      kernel/time/clocksource.o
  CC      kernel/crash_reserve.o
  CC      lib/clz_tab.o
  CC      io_uring/wait.o
  CC      lib/cmdline.o
  CC      lib/cpumask.o
  CC      kernel/time/jiffies.o
  CC      kernel/kexec_core.o
  CC      lib/ctype.o
  CC      lib/dec_and_lock.o
  CC      kernel/time/timer_list.o
  CC      lib/decompress.o
  CC      lib/decompress_bunzip2.o
  CC      io_uring/eventfd.o
  CC      kernel/time/timeconv.o
  CC      kernel/crash_core.o
  CC      lib/decompress_inflate.o
  CC      io_uring/uring_cmd.o
  CC      kernel/time/timecounter.o
  CC      kernel/time/alarmtimer.o
  CC      lib/decompress_unlz4.o
  CC      kernel/kexec_file.o
  CC      kernel/time/posix-stubs.o
  CC      io_uring/openclose.o
  CC      lib/decompress_unlzma.o
  CC      kernel/stop_machine.o
  CC      lib/decompress_unlzo.o
  CC      kernel/time/clockevents.o
  CC      io_uring/sqpoll.o
  CC      lib/decompress_unxz.o
  CC      kernel/time/tick-common.o
  CC      kernel/relay.o
  CC      lib/decompress_unzstd.o
  CC      io_uring/xattr.o
  CC      kernel/irq_work.o
  CC      kernel/time/tick-broadcast.o
  CC      lib/dump_stack.o
  CC      io_uring/nop.o
  CC      kernel/jump_label.o
  CC      lib/earlycpio.o
  CC      kernel/time/sched_clock.o
  CC      lib/extable.o
  CC      kernel/context_tracking.o
  CC      kernel/time/vsyscall.o
  CC      io_uring/fs.o
  CC      lib/fdt.o
  CC      lib/fdt_addresses.o
  CC      lib/fdt_empty_tree.o
  CC      lib/fdt_ro.o
  CC      lib/fdt_rw.o
  CC      lib/fdt_strerror.o
  CC      lib/fdt_sw.o
  CC      lib/fdt_wip.o
  CC      lib/flex_proportions.o
  AR      kernel/time/built-in.a
  CC      kernel/iomem.o
  CC      lib/idr.o
  CC      lib/iomem_copy.o
  CC      io_uring/splice.o
  AR      kernel/built-in.a
  CC      drivers/bus/simple-pm-bus.o
  CC      drivers/irqchip/irqchip.o
  CC      lib/irq_regs.o
  CC      lib/is_single_threaded.o
  CC      io_uring/sync.o
  AR      drivers/bus/built-in.a
  CC      drivers/phy/phy-core.o
  CC      drivers/irqchip/irq-mmp.o
  CC      lib/klist.o
  CC      lib/kobject.o
  CC      io_uring/msg_ring.o
  CC      drivers/irqchip/irq-gic.o
  CC      drivers/phy/cadence/phy-cadence-sierra.o
  CC      lib/kobject_uevent.o
  CC      io_uring/advise.o
  CC      drivers/irqchip/irq-gic-common.o
  AR      drivers/phy/cadence/built-in.a
  CC      drivers/phy/mediatek/phy-mtk-mipi-csi-0-5.o
  CC      lib/logic_pio.o
  CC      drivers/irqchip/irq-msi-lib.o
  CC      io_uring/statx.o
  CC      drivers/irqchip/irq-gic-v3.o
  CC      lib/maple_tree.o
  CC      io_uring/timeout.o
  AR      drivers/phy/mediatek/built-in.a
  AR      drivers/phy/samsung/built-in.a
  CC      drivers/phy/ti/phy-ds125df111.o
  CC      drivers/irqchip/irq-gic-v3-mbi.o
  CC      io_uring/cancel.o
  AR      drivers/phy/ti/built-in.a
  AR      drivers/phy/built-in.a
  CC      lib/memcat_p.o
  CC      drivers/pinctrl/core.o
  CC      lib/nmi_backtrace.o
  CC      drivers/irqchip/irq-gic-its-msi-parent.o
  CC      io_uring/waitid.o
  CC      drivers/pinctrl/pinctrl-utils.o
  CC      lib/objpool.o
  CC      drivers/irqchip/irq-gic-v3-its.o
  CC      drivers/pinctrl/pinmux.o
  CC      io_uring/register.o
  CC      lib/plist.o
  CC      lib/radix-tree.o
  CC      drivers/pinctrl/pinconf.o
  CC      lib/ratelimit.o
  CC      drivers/pinctrl/pinconf-generic.o
  CC      lib/rbtree.o
  CC      io_uring/truncate.o
  CC      lib/seq_buf.o
  CC      drivers/pinctrl/devicetree.o
  CC      drivers/irqchip/irq-gic-v4.o
  CC      io_uring/memmap.o
  CC      lib/siphash.o
  CC      drivers/pinctrl/pinctrl-single.o
  CC      drivers/irqchip/irq-gic-v5.o
  CC      lib/string.o
  CC      io_uring/alloc_cache.o
  CC      lib/sys_info.o
  CC      drivers/pinctrl/mediatek/mtk-eint.o
  CC      io_uring/query.o
  CC      drivers/irqchip/irq-gic-v5-irs.o
  CC      lib/timerqueue.o
  CC      drivers/pinctrl/mediatek/pinctrl-mtk-common.o
  CC      lib/vsprintf.o
  CC      io_uring/loop.o
  CC      drivers/irqchip/irq-gic-v5-its.o
  CC      drivers/pinctrl/mediatek/pinctrl-mtk-common-v2.o
  CC      io_uring/io-wq.o
  CC      drivers/pinctrl/mediatek/pinctrl-paris.o
  CC      lib/win_minmax.o
  CC      drivers/irqchip/irq-gic-v5-iwb.o
  AR      io_uring/built-in.a
  CC      drivers/irqchip/irq-aspeed-vic.o
  CC      drivers/pinctrl/mediatek/pinctrl-mt8183.o
  CC      lib/xarray.o
  CC      drivers/irqchip/irq-aspeed-i2c-ic.o
  CC      drivers/irqchip/irq-aspeed-scu-ic.o
  CC      drivers/pinctrl/mediatek/pinctrl-moore.o
  CC      lib/lockref.o
  CC      drivers/irqchip/irq-mtk-sysirq.o
  CC      lib/bcd.o
  CC      lib/sort.o
  CC      drivers/irqchip/irq-mtk-cirq.o
  CC      lib/parser.o
  CC      drivers/pinctrl/mediatek/pinctrl-mt2712.o
  CC      drivers/irqchip/irq-mst-intc.o
  CC      lib/debug_locks.o
  CC      lib/random32.o
  CC      drivers/pinctrl/mediatek/pinctrl-mt6765.o
  CC      lib/bust_spinlocks.o
  AR      drivers/irqchip/built-in.a
  CC      drivers/gpio/gpiolib.o
  CC      lib/kasprintf.o
  CC      drivers/pinctrl/mediatek/pinctrl-mt6779.o
  CC      lib/bitmap.o
  CC      lib/scatterlist.o
  CC      drivers/pinctrl/mediatek/pinctrl-mt6795.o
  CC      lib/list_sort.o
  CC      lib/uuid.o
  CC      lib/iov_iter.o
  CC      drivers/pinctrl/mediatek/pinctrl-mt6797.o
  CC      drivers/gpio/gpiolib-devres.o
  CC      drivers/pinctrl/mediatek/pinctrl-mt6878.o
  CC      drivers/pinctrl/mediatek/pinctrl-mt6893.o
  CC      drivers/gpio/gpiolib-legacy.o
  CC      drivers/pinctrl/mediatek/pinctrl-mt7622.o
  CC      lib/clz_ctz.o
  CC      drivers/pinctrl/mediatek/pinctrl-mt7981.o
  CC      lib/bsearch.o
  CC      drivers/pinctrl/mediatek/pinctrl-mt7986.o
  CC      drivers/gpio/gpiolib-of.o
  CC      drivers/pinctrl/mediatek/pinctrl-mt7988.o
  CC      lib/find_bit.o
  CC      drivers/pinctrl/mediatek/pinctrl-mt8167.o
  CC      lib/llist.o
  CC      drivers/gpio/gpiolib-cdev.o
  CC      lib/lwq.o
  CC      drivers/pinctrl/mediatek/pinctrl-mt8173.o
  CC      lib/memweight.o
  CC      lib/kfifo.o
  CC      drivers/pinctrl/mediatek/pinctrl-mt8186.o
  CC      drivers/pinctrl/mediatek/pinctrl-mt8188.o
  CC      drivers/gpio/gpiolib-swnode.o
  CC      drivers/pinctrl/mediatek/pinctrl-mt8189.o
  CC      lib/percpu-refcount.o
  CC      drivers/pinctrl/mediatek/pinctrl-mt8192.o
  CC      drivers/gpio/gpio-by-pinctrl.o
  CC      drivers/pinctrl/mediatek/pinctrl-mt8195.o
  CC      lib/rhashtable.o
  CC      drivers/pinctrl/mediatek/pinctrl-mt8196.o
  CC      drivers/gpio/gpio-max732x.o
  CC      drivers/pinctrl/mediatek/pinctrl-mt8365.o
  CC      drivers/pinctrl/mediatek/pinctrl-mt8516.o
  CC      lib/base64.o
  CC      lib/once.o
  AR      drivers/gpio/built-in.a
  CC      drivers/pci/of.o
  CC      lib/refcount.o
  AR      drivers/pinctrl/mediatek/built-in.a
  AR      drivers/pinctrl/built-in.a
  CC      drivers/video/console/dummycon.o
  CC      lib/rcuref.o
  CC      lib/usercopy.o
  CC      lib/errseq.o
  AR      drivers/video/fbdev/core/built-in.a
  CC      lib/bucket_locks.o
  AR      drivers/pci/built-in.a
  AR      drivers/video/fbdev/built-in.a
  CC      lib/generic-radix-tree.o
  CC      drivers/char/ipmi/kcs_bmc.o
  AR      drivers/video/console/built-in.a
  AR      drivers/video/built-in.a
  CC      drivers/amba/bus.o
  CC      lib/bitmap-str.o
  CC      drivers/char/ipmi/kcs_bmc_aspeed.o
  CC      lib/string_helpers.o
  AR      drivers/amba/built-in.a
  CC      lib/hexdump.o
  CC      drivers/clk/clk-devres.o
  AR      drivers/char/ipmi/built-in.a
  CC      drivers/soc/aspeed/aspeed-lpc-ctrl.o
  CC      lib/kstrtox.o
  CC      lib/math/div64.o
  CC      lib/math/gcd.o
  CC      lib/math/lcm.o
  CC      lib/math/int_log.o
  CC      lib/crc/crc32-main.o
  CC      drivers/clk/clk-bulk.o
  CC      lib/math/int_pow.o
  CC      lib/math/int_sqrt.o
  CC      lib/math/reciprocal_div.o
  CC      drivers/soc/aspeed/aspeed-lpc-snoop.o
  CC      lib/math/rational.o
  AR      lib/crc/built-in.a
  CC      lib/crypto/hash_info.o
  CC      drivers/clk/clkdev.o
  AR      lib/math/built-in.a
  CC      lib/vdso/datastore.o
  CC      drivers/soc/aspeed/aspeed-uart-routing.o
  CC      lib/crypto/memneq.o
  CC      drivers/clk/clk.o
  AR      lib/vdso/built-in.a
  CC      lib/iomap_copy.o
  CC      drivers/soc/aspeed/aspeed-p2a-ctrl.o
  CC      lib/crypto/utils.o
  CC      lib/devres.o
  CC      lib/crypto/blake2s.o
  CC      drivers/soc/aspeed/aspeed-socinfo.o
  CC      drivers/clk/clk-divider.o
  CC      lib/cache_maint.o
  CC      lib/crypto/chacha-block-generic.o
  AR      drivers/soc/aspeed/built-in.a
  CC      drivers/soc/fsl/qe/qe.o
  CC      lib/crypto/des.o
  CC      drivers/soc/fsl/qe/qe_common.o
  CC      drivers/clk/clk-fixed-factor.o
  CC      lib/hweight.o
  CC      lib/crypto/md5.o
  CC      drivers/clk/clk-fixed-rate.o
  CC      lib/interval_tree.o
  CC      drivers/soc/fsl/qe/qe_ic.o
  CC      lib/xxhash.o
  CC      drivers/clk/clk-gate.o
  CC      lib/crypto/sha256.o
  CC      drivers/soc/fsl/qe/qe_io.o
  CC      lib/genalloc.o
  CC      drivers/clk/clk-multiplier.o
  AS      lib/crypto/arm64/sha256-ce.o
  AS      lib/crypto/arm64/sha256-core.o
  CC      lib/crypto/sha3.o
  AR      drivers/soc/fsl/qe/built-in.a
  AR      drivers/soc/fsl/built-in.a
  CC      drivers/soc/mediatek/mtk-infracfg.o
  CC      lib/zlib_inflate/inffast.o
  CC      drivers/clk/clk-mux.o
  CC      lib/zlib_inflate/inflate.o
  CC      drivers/soc/mediatek/mtk-mmsys.o
  AS      lib/crypto/arm64/sha3-ce-core.o
  CC      lib/crypto/sm3.o
  CC      lib/zlib_inflate/infutil.o
  CC      drivers/clk/clk-composite.o
  CC      lib/zlib_inflate/inftrees.o
  CC      drivers/soc/mediatek/mtk-mutex.o
  CC      lib/zlib_inflate/inflate_syms.o
  AS      lib/crypto/arm64/sm3-ce-core.o
  AS      lib/crypto/arm64/sm3-neon-core.o
  CC      drivers/clk/clk-fractional-divider.o
  CC      lib/crypto/mpi/generic_mpih-lshift.o
  AR      lib/zlib_inflate/built-in.a
  CC      lib/lzo/lzo1x_decompress_safe.o
  AR      drivers/soc/mediatek/built-in.a
  CC      drivers/soc/pxa/mfp.o
  CC      drivers/clk/clk-gpio.o
  CC      lib/crypto/mpi/generic_mpih-mul1.o
  AR      lib/lzo/built-in.a
  CC      lib/lz4/lz4_decompress.o
  AR      drivers/soc/pxa/built-in.a
  AR      drivers/soc/built-in.a
  CC      lib/zstd/zstd_decompress_module.o
  CC      drivers/clk/clk-conf.o
  CC      lib/crypto/mpi/generic_mpih-mul2.o
  CC      lib/zstd/decompress/huf_decompress.o
  CC      lib/zstd/decompress/zstd_ddict.o
  CC      lib/zstd/decompress/zstd_decompress.o
  CC      lib/zstd/decompress/zstd_decompress_block.o
  CC      lib/zstd/zstd_common_module.o
  AR      lib/lz4/built-in.a
  CC      lib/xz/xz_dec_syms.o
  CC      drivers/clk/clk-fixed-mmio.o
  CC      lib/crypto/mpi/generic_mpih-mul3.o
  CC      lib/zstd/common/debug.o
  CC      lib/zstd/common/entropy_common.o
  CC      lib/zstd/common/error_private.o
  CC      lib/zstd/common/fse_decompress.o
  CC      lib/zstd/common/zstd_common.o
  AR      lib/zstd/built-in.a
  CC      lib/percpu_counter.o
  CC      lib/xz/xz_dec_stream.o
  CC      drivers/clk/aspeed/clk-aspeed.o
  CC      lib/crypto/mpi/generic_mpih-rshift.o
  CC      lib/xz/xz_dec_lzma2.o
  CC      lib/syscall.o
  AR      drivers/clk/aspeed/built-in.a
  CC      lib/crypto/mpi/generic_mpih-sub1.o
  CC      drivers/clk/mediatek/clk-mtk.o
  CC      lib/xz/xz_dec_bcj.o
  CC      drivers/clk/mediatek/clk-pll.o
  CC      lib/crypto/mpi/generic_mpih-add1.o
  AR      lib/xz/built-in.a
  CC      lib/crypto/mldsa.o
  CC      drivers/clk/mediatek/clk-gate.o
  CC      drivers/clk/mediatek/clk-apmixed.o
  CC      lib/crypto/mpi/mpicoder.o
  CC      drivers/clk/mediatek/clk-cpumux.o
  CC      drivers/clk/mediatek/reset.o
  CC      drivers/clk/mediatek/clk-mux.o
  CC      lib/crypto/mpi/mpi-add.o
  CC      drivers/clk/mmp/clk-apbc.o
  AR      drivers/clk/sprd/built-in.a
  AR      drivers/clk/versatile/built-in.a
  CC      drivers/clk/mediatek/clk-fhctl.o
  CC      drivers/clk/mediatek/clk-pllfh.o
  CC      lib/crypto/mpi/mpi-bit.o
  CC      drivers/clk/mediatek/clk-mt8167-apmixedsys.o
  CC      drivers/clk/mmp/clk-apmu.o
  CC      drivers/clk/mediatek/clk-mt8167.o
  CC      lib/crypto/mpi/mpi-cmp.o
  CC      drivers/clk/mmp/clk-frac.o
  CC      drivers/clk/mmp/clk-mix.o
  CC      drivers/clk/mediatek/clk-mt8167-aud.o
  CC      lib/crypto/mpi/mpi-sub-ui.o
  CC      drivers/clk/mediatek/clk-mt8167-img.o
  CC      drivers/clk/mmp/clk-gate.o
  CC      drivers/clk/mediatek/clk-mt8167-mfgcfg.o
  CC      lib/crypto/mpi/mpi-div.o
  CC      drivers/clk/mediatek/clk-mt8167-mm.o
  CC      drivers/clk/mmp/clk.o
  CC      drivers/clk/mediatek/clk-mt8167-vdec.o
  CC      lib/crypto/mpi/mpi-mod.o
  CC      lib/crypto/mpi/mpi-mul.o
  CC      drivers/clk/mmp/reset.o
  CC      drivers/clk/mediatek/clk-mt8188-apmixedsys.o
  CC      drivers/clk/mediatek/clk-mt8188-topckgen.o
  CC      lib/crypto/mpi/mpih-cmp.o
  CC      drivers/clk/mmp/clk-pxa1908-apbc.o
  CC      drivers/clk/mediatek/clk-mt8188-peri_ao.o
  CC      drivers/clk/mediatek/clk-mt8188-infra_ao.o
  CC      lib/crypto/mpi/mpih-div.o
  CC      drivers/clk/mmp/clk-pxa1908-apbcp.o
  CC      drivers/clk/mediatek/clk-mt8188-adsp_audio26m.o
  CC      drivers/clk/mmp/clk-pxa1908-mpmu.o
  CC      drivers/clk/mediatek/clk-mt8188-cam.o
  CC      lib/crypto/mpi/mpih-mul.o
  CC      drivers/clk/mediatek/clk-mt8188-ccu.o
  CC      drivers/clk/mmp/clk-pxa1908-apmu.o
  CC      drivers/clk/mediatek/clk-mt8188-img.o
  CC      lib/crypto/mpi/mpi-pow.o
  CC      drivers/clk/mmp/clk-of-pxa1928.o
  CC      drivers/clk/mediatek/clk-mt8188-imp_iic_wrap.o
  CC      drivers/clk/mediatek/clk-mt8188-ipe.o
  CC      lib/crypto/mpi/mpiutil.o
  AR      drivers/clk/mmp/built-in.a
  CC      drivers/clk/mediatek/clk-mt8188-mfg.o
  CC      drivers/clk/mediatek/clk-mt8188-vdec.o
  CC      drivers/clk/mediatek/clk-mt8188-vdo0.o
  AR      lib/crypto/mpi/built-in.a
  AR      lib/crypto/built-in.a
  CC      lib/checksum.o
  CC      drivers/clk/mediatek/clk-mt8188-vdo1.o
  CC      lib/glob.o
  CC      drivers/clk/mediatek/clk-mt8188-venc.o
  CC      lib/strncpy_from_user.o
  CC      lib/strnlen_user.o
  CC      drivers/clk/mediatek/clk-mt8188-vpp0.o
  CC      lib/irq_poll.o
  CC      drivers/clk/mediatek/clk-mt8188-vpp1.o
  CC      drivers/clk/mediatek/clk-mt8188-wpe.o
  CC      lib/asn1_decoder.o
  CC      drivers/clk/mediatek/clk-mt8196-apmixedsys.o
  CC      lib/group_cpus.o
  CC      drivers/clk/mediatek/clk-mt8196-topckgen.o
  CC      lib/devmem_is_allowed.o
  CC      drivers/clk/mediatek/clk-mt8196-topckgen2.o
  AR      lib/lib.a
  CC      drivers/clk/mediatek/clk-mt8196-vlpckgen.o
  AR      lib/built-in.a
  CC      drivers/clk/mediatek/clk-mt8196-peri_ao.o
  CC      drivers/clk/mediatek/clk-mt8196-imp_iic_wrap.o
  CC      drivers/clk/mediatek/clk-mt8196-mcu.o
  CC      drivers/clk/mediatek/clk-mt8196-mdpsys.o
  CC      drivers/clk/mediatek/clk-mt8196-mfg.o
  CC      drivers/clk/mediatek/clk-mt8196-disp0.o
  CC      drivers/clk/mediatek/clk-mt8196-disp1.o
  CC      drivers/clk/mediatek/clk-mt8196-vdisp_ao.o
  CC      drivers/clk/mediatek/clk-mt8196-ovl0.o
  CC      drivers/clk/mediatek/clk-mt8196-ovl1.o
  CC      drivers/reset/core.o
  CC      drivers/clk/mediatek/clk-mt8196-pextp.o
  CC      drivers/clk/mediatek/clk-mt8196-ufs_ao.o
  CC      drivers/clk/mediatek/clk-mt8196-vdec.o
  CC      drivers/clk/mediatek/clk-mt8196-venc.o
  CC      drivers/reset/reset-gpio.o
  CC      drivers/clk/mediatek/clk-mt8365-apmixedsys.o
  CC      drivers/clk/mediatek/clk-mt8365.o
  CC      drivers/clk/mediatek/clk-mt8365-apu.o
  CC      drivers/reset/reset-simple.o
  CC      drivers/clk/mediatek/clk-mt8365-cam.o
  CC      drivers/clk/mediatek/clk-mt8365-mfg.o
  CC      drivers/clk/mediatek/clk-mt8365-mm.o
  AR      drivers/reset/built-in.a
  CC      drivers/clk/mediatek/clk-mt8365-vdec.o
  CC      drivers/tty/tty_io.o
  CC      drivers/clk/mediatek/clk-mt8365-venc.o
  CC      drivers/clk/mediatek/clk-mt8516-apmixedsys.o
  CC      drivers/clk/mediatek/clk-mt8516.o
  CC      drivers/clk/mediatek/clk-mt6765.o
  CC      drivers/clk/mediatek/clk-mt6779.o
  CC      drivers/clk/mediatek/clk-mt6795-apmixedsys.o
  CC      drivers/tty/n_tty.o
  CC      drivers/char/mem.o
  CC      drivers/clk/mediatek/clk-mt6795-infracfg.o
  CC      drivers/clk/mediatek/clk-mt6795-pericfg.o
  CC      drivers/clk/mediatek/clk-mt6795-topckgen.o
  CC      drivers/clk/mediatek/clk-mt6795-mfg.o
  CC      drivers/char/random.o
  CC      drivers/tty/tty_ioctl.o
  CC      drivers/clk/mediatek/clk-mt6795-mm.o
  CC      drivers/clk/mediatek/clk-mt6795-vdecsys.o
  CC      drivers/tty/tty_ldisc.o
  CC      drivers/clk/mediatek/clk-mt6795-vencsys.o
  CC      drivers/char/misc.o
  CC      drivers/clk/mediatek/clk-mt6797.o
  CC      drivers/tty/tty_buffer.o
  CC      drivers/clk/mediatek/clk-mt2712-apmixedsys.o
  CC      drivers/char/hw_random/core.o
  CC      drivers/char/hw_random/mtk-rng.o
  CC      drivers/tty/tty_port.o
  CC      drivers/clk/mediatek/clk-mt2712.o
  CC      drivers/char/hw_random/arm_smccc_trng.o
  CC      drivers/clk/mediatek/clk-mt7622-apmixedsys.o
  CC      drivers/clk/mediatek/clk-mt7622.o
  AR      drivers/char/hw_random/built-in.a
  CC      drivers/tty/tty_mutex.o
  CC      drivers/char/tpm/tpm-chip.o
  CC      drivers/clk/mediatek/clk-mt7622-infracfg.o
  CC      drivers/clk/mediatek/clk-mt7981-apmixed.o
  CC      drivers/tty/tty_ldsem.o
  CC      drivers/clk/mediatek/clk-mt7981-topckgen.o
  CC      drivers/char/tpm/tpm-dev-common.o
  CC      drivers/clk/mediatek/clk-mt7981-infracfg.o
  CC      drivers/tty/tty_baudrate.o
  CC      drivers/clk/mediatek/clk-mt7981-eth.o
  CC      drivers/char/tpm/tpm-dev.o
  CC      drivers/clk/mediatek/clk-mt7986-apmixed.o
  CC      drivers/tty/tty_jobctrl.o
  CC      drivers/clk/mediatek/clk-mt7986-topckgen.o
  CC      drivers/char/tpm/tpm-interface.o
  CC      drivers/clk/mediatek/clk-mt7986-infracfg.o
  CC      drivers/tty/n_null.o
  CC      drivers/clk/mediatek/clk-mt7986-eth.o
  CC      drivers/clk/mediatek/clk-mt7988-apmixed.o
  CC      drivers/tty/pty.o
  CC      drivers/char/tpm/tpm1-cmd.o
  CC      drivers/clk/mediatek/clk-mt7988-topckgen.o
  CC      drivers/tty/vt/vt_ioctl.o
  CC      drivers/tty/serial/serial_core.o
  CC      drivers/clk/mediatek/clk-mt7988-infracfg.o
  CC      drivers/char/tpm/tpm2-cmd.o
  CC      drivers/tty/vt/vc_screen.o
  CC      drivers/clk/mediatek/clk-mt7988-eth.o
  CC      drivers/char/tpm/tpmrm-dev.o
  CC      drivers/tty/serial/serial_base_bus.o
  CC      drivers/tty/vt/selection.o
  CC      drivers/clk/mediatek/clk-mt7988-xfipll.o
  CC      drivers/char/tpm/tpm2-space.o
  CC      drivers/tty/serial/serial_ctrl.o
  CC      drivers/clk/mediatek/clk-mt8173-apmixedsys.o
  CC      drivers/tty/vt/keyboard.o
  CC      drivers/char/tpm/tpm-sysfs.o
  CC      drivers/tty/serial/serial_port.o
  CC      drivers/clk/mediatek/clk-mt8173-infracfg.o
  CC      drivers/tty/vt/vt.o
  CC      drivers/char/tpm/eventlog/common.o
  CC      drivers/tty/serial/earlycon.o
  CC      drivers/clk/mediatek/clk-mt8173-pericfg.o
  CC      drivers/char/tpm/eventlog/tpm1.o
  AR      drivers/tty/serial/8250/built-in.a
  CC      drivers/tty/serial/amba-pl011.o
  CC      drivers/clk/mediatek/clk-mt8173-topckgen.o
  CC      drivers/clk/mediatek/clk-mt8173-img.o
  CC      drivers/tty/vt/defkeymap.o
  CC      drivers/char/tpm/eventlog/tpm2.o
  CC      drivers/tty/vt/consolemap.o
  AR      drivers/tty/serial/built-in.a
  CC      drivers/clk/mediatek/clk-mt8173-mm.o
  CC      drivers/clk/mediatek/clk-mt8173-vdecsys.o
  CC      drivers/char/tpm/tpm-buf.o
  CC      drivers/tty/vt/consolemap_deftbl.o
  CC      drivers/tty/vt/ucs.o
  CC      drivers/clk/mediatek/clk-mt8173-vencsys.o
  CC      drivers/clk/mediatek/clk-mt8183-apmixedsys.o
  AR      drivers/tty/vt/built-in.a
  AR      drivers/tty/built-in.a
  CC      drivers/iommu/iommu.o
  CC      drivers/clk/mediatek/clk-mt8183.o
  CC      drivers/clk/mediatek/clk-mt8183-audio.o
  CC      drivers/char/tpm/tpm2-sessions.o
  CC      drivers/clk/mediatek/clk-mt8183-cam.o
  CC      drivers/clk/mediatek/clk-mt8183-img.o
  CC      drivers/char/tpm/eventlog/of.o
  CC      drivers/iommu/iommu-traces.o
  CC      drivers/clk/mediatek/clk-mt8183-ipu0.o
  CC      drivers/clk/mediatek/clk-mt8183-ipu1.o
  CC      drivers/iommu/iommu-sysfs.o
  AR      drivers/char/tpm/built-in.a
  AR      drivers/char/built-in.a
  CC      drivers/base/component.o
  CC      drivers/clk/mediatek/clk-mt8183-ipu_adl.o
  CC      drivers/clk/mediatek/clk-mt8183-ipu_conn.o
  AR      drivers/iommu/built-in.a
  CC      drivers/base/core.o
  CC      drivers/base/bus.o
  CC      drivers/clk/mediatek/clk-mt8183-mfgcfg.o
  CC      drivers/clk/mediatek/clk-mt8183-mm.o
  CC      drivers/clk/mediatek/clk-mt8183-vdec.o
  CC      drivers/base/dd.o
  CC      drivers/clk/mediatek/clk-mt8183-venc.o
  CC      drivers/clk/mediatek/clk-mt8186-apmixedsys.o
  CC      drivers/base/syscore.o
  CC      drivers/clk/mediatek/clk-mt8186-topckgen.o
  CC      drivers/base/driver.o
  CC      drivers/clk/mediatek/clk-mt8186-infra_ao.o
  CC      drivers/base/class.o
  CC      drivers/clk/mediatek/clk-mt8186-cam.o
  CC      drivers/base/platform.o
  CC      drivers/clk/mediatek/clk-mt8186-img.o
  CC      drivers/clk/mediatek/clk-mt8186-imp_iic_wrap.o
  CC      drivers/base/cpu.o
  CC      drivers/clk/mediatek/clk-mt8186-ipe.o
  CC      drivers/base/firmware.o
  CC      drivers/clk/mediatek/clk-mt8186-mcu.o
  CC      drivers/base/init.o
  CC      drivers/base/map.o
  CC      drivers/clk/mediatek/clk-mt8186-mdp.o
  CC      drivers/clk/mediatek/clk-mt8186-mfg.o
  CC      drivers/base/devres.o
  CC      drivers/clk/mediatek/clk-mt8186-mm.o
  CC      drivers/base/attribute_container.o
  CC      drivers/clk/mediatek/clk-mt8186-vdec.o
  CC      drivers/clk/mediatek/clk-mt8186-venc.o
  CC      drivers/base/transport_class.o
  CC      drivers/base/topology.o
  CC      drivers/clk/mediatek/clk-mt8186-wpe.o
  CC      drivers/base/container.o
  CC      drivers/clk/mediatek/clk-mt8192-apmixedsys.o
  CC      drivers/base/property.o
  CC      drivers/clk/mediatek/clk-mt8192.o
  CC      drivers/base/cacheinfo.o
  CC      drivers/clk/mediatek/clk-mt8192-aud.o
  CC      drivers/clk/mediatek/clk-mt8192-cam.o
  CC      drivers/clk/mediatek/clk-mt8192-img.o
  CC      drivers/base/swnode.o
  CC      drivers/base/faux.o
  CC      drivers/clk/mediatek/clk-mt8192-imp_iic_wrap.o
  CC      drivers/clk/mediatek/clk-mt8192-ipe.o
  CC      drivers/base/auxiliary.o
  CC      drivers/base/power/clock_ops.o
  CC      drivers/clk/mediatek/clk-mt8192-mdp.o
  CC      drivers/clk/mediatek/clk-mt8192-mfg.o
  CC      drivers/base/firmware_loader/builtin/main.o
  AR      drivers/base/power/built-in.a
  CC      drivers/base/regmap/regmap.o
  AR      drivers/base/firmware_loader/builtin/built-in.a
  AR      drivers/base/firmware_loader/built-in.a
  CC      drivers/base/soc.o
  CC      drivers/clk/mediatek/clk-mt8192-mm.o
  CC      drivers/clk/mediatek/clk-mt8192-msdc.o
  CC      drivers/misc/pvpanic/pvpanic.o
  CC      drivers/clk/mediatek/clk-mt8192-scp_adsp.o
  CC      drivers/clk/mediatek/clk-mt8192-vdec.o
  CC      drivers/base/regmap/regcache.o
  CC      drivers/base/regmap/regcache-rbtree.o
  CC      drivers/misc/pvpanic/pvpanic-mmio.o
  CC      drivers/clk/mediatek/clk-mt8192-venc.o
  CC      drivers/base/regmap/regcache-flat.o
  CC      drivers/base/regmap/regcache-maple.o
  CC      drivers/clk/mediatek/clk-mt8195-apmixedsys.o
  AR      drivers/misc/pvpanic/built-in.a
  AR      drivers/misc/built-in.a
  CC      drivers/clk/mediatek/clk-mt8195-topckgen.o
  CC      drivers/base/regmap/regmap-i2c.o
  CC      drivers/clk/mediatek/clk-mt8195-peri_ao.o
  CC      drivers/clk/mediatek/clk-mt8195-infra_ao.o
  CC      drivers/base/regmap/regmap-mmio.o
  CC      drivers/clk/mediatek/clk-mt8195-apusys_pll.o
  CC      drivers/clk/mediatek/clk-mt8195-cam.o
  CC      drivers/base/regmap/regmap-irq.o
  CC      drivers/clk/mediatek/clk-mt8195-ccu.o
  CC      drivers/clk/mediatek/clk-mt8195-img.o
  CC      drivers/clk/mediatek/clk-mt8195-imp_iic_wrap.o
  CC      drivers/clk/mediatek/clk-mt8195-ipe.o
  AR      drivers/base/regmap/built-in.a
  CC      drivers/base/pinctrl.o
  CC      drivers/clk/mediatek/clk-mt8195-mfg.o
  CC      drivers/clk/mediatek/clk-mt8195-scp_adsp.o
  CC      drivers/base/platform-msi.o
  CC      drivers/clk/mediatek/clk-mt8195-vdec.o
  CC      drivers/clk/mediatek/clk-mt8195-vdo0.o
  CC      drivers/clk/mediatek/clk-mt8195-vdo1.o
  CC      drivers/base/arch_topology.o
  CC      drivers/clk/mediatek/clk-mt8195-venc.o
  CC      drivers/clk/mediatek/clk-mt8195-vpp0.o
  CC      drivers/clk/mediatek/clk-mt8195-vpp1.o
  CC      drivers/clk/mediatek/clk-mt8195-wpe.o
  AR      drivers/base/built-in.a
  CC      drivers/mfd/bd9571mwv.o
  CC      drivers/mfd/lp873x.o
  CC      drivers/mfd/tps65912-core.o
  AR      drivers/clk/mediatek/built-in.a
  AR      drivers/clk/built-in.a
  CC      drivers/dma-buf/dma-buf.o
  CC      drivers/mfd/mfd-core.o
  CC      drivers/mfd/ti-lmu.o
  CC      drivers/mfd/tps65090.o
  CC      drivers/dma-buf/dma-fence.o
  CC      drivers/mfd/atmel-flexcom.o
  CC      drivers/mfd/syscon.o
  CC      drivers/dma-buf/dma-fence-array.o
  CC      drivers/mfd/tps65912-i2c.o
  CC      drivers/dma-buf/dma-fence-chain.o
  CC      drivers/mfd/si476x-cmd.o
  CC      drivers/mfd/si476x-prop.o
  CC      drivers/dma-buf/dma-fence-unwrap.o
  CC      drivers/mfd/si476x-i2c.o
  CC      drivers/dma-buf/dma-resv.o
  CC      drivers/dma-buf/dma-buf-mapping.o
  CC      drivers/vfio/vfio_main.o
  AR      drivers/mfd/built-in.a
  CC      drivers/dma-buf/sync_file.o
  CC      drivers/vfio/group.o
  CC      drivers/vfio/container.o
  CC      drivers/vfio/vfio_iommu_type1.o
  AR      drivers/dma-buf/built-in.a
  CC      drivers/input/serio/serio.o
  CC      drivers/input/serio/serport.o
  CC      drivers/input/serio/libps2.o
  CC      drivers/input/input.o
  CC      drivers/input/input-compat.o
  AR      drivers/input/serio/built-in.a
  CC      drivers/i2c/i2c-boardinfo.o
  AR      drivers/vfio/built-in.a
  CC      drivers/i3c/device.o
  CC      drivers/input/input-mt.o
  CC      drivers/input/input-poller.o
  CC      drivers/i2c/i2c-core-base.o
  CC      drivers/i3c/master.o
  CC      drivers/input/ff-core.o
  CC      drivers/input/touchscreen.o
  CC      drivers/input/touch-overlay.o
  CC      drivers/input/matrix-keymap.o
  CC      drivers/i2c/i2c-core-smbus.o
  CC      drivers/input/vivaldi-fmap.o
  AR      drivers/i3c/built-in.a
  CC      drivers/input/keyboard/atkbd.o
  AR      drivers/power/reset/built-in.a
  CC      drivers/input/mouse/psmouse-base.o
  CC      drivers/power/supply/power_supply_core.o
  CC      drivers/i2c/i2c-core-of.o
  AR      drivers/input/keyboard/built-in.a
  CC      drivers/input/mouse/synaptics.o
  AR      drivers/power/supply/built-in.a
  AR      drivers/power/built-in.a
  CC      drivers/thermal/thermal_core.o
  CC      drivers/i2c/busses/i2c-cadence.o
  CC      drivers/input/mouse/focaltech.o
  CC      drivers/input/mouse/alps.o
  CC      drivers/input/mouse/byd.o
  CC      drivers/thermal/thermal_sysfs.o
  CC      drivers/i2c/busses/i2c-ocores.o
  CC      drivers/input/mouse/logips2pp.o
  CC      drivers/thermal/thermal_trip.o
  CC      drivers/input/mouse/trackpoint.o
  CC      drivers/i2c/busses/i2c-taos-evm.o
  CC      drivers/input/mouse/cypress_ps2.o
  CC      drivers/thermal/thermal_helpers.o
  CC      drivers/input/mouse/psmouse-smbus.o
  CC      drivers/thermal/thermal_thresholds.o
  AR      drivers/i2c/busses/built-in.a
  AR      drivers/i2c/built-in.a
  CC      drivers/cpufreq/cpufreq.o
  CC      drivers/cpufreq/freq_table.o
  CC      drivers/thermal/thermal_of.o
  AR      drivers/input/mouse/built-in.a
  AR      drivers/input/built-in.a
  AR      drivers/firmware/arm_ffa/built-in.a
  AR      drivers/firmware/efi/built-in.a
  CC      drivers/firmware/psci/psci.o
  CC      drivers/cpufreq/cpufreq_performance.o
  CC      drivers/thermal/gov_step_wise.o
  CC      drivers/cpufreq/cpufreq_governor_attr_set.o
  CC      drivers/cpufreq/mediatek-cpufreq-hw.o
  AR      drivers/firmware/psci/built-in.a
  CC      drivers/firmware/smccc/smccc.o
  CC      drivers/thermal/gov_bang_bang.o
  CC      drivers/firmware/smccc/kvm_guest.o
  CC      drivers/thermal/gov_user_space.o
  AR      drivers/crypto/built-in.a
  CC      drivers/clocksource/timer-of.o
  AR      drivers/cpufreq/built-in.a
  CC      drivers/hid/hid-core.o
  AR      drivers/firmware/smccc/built-in.a
  AR      drivers/firmware/built-in.a
  CC      drivers/of/base.o
  AR      drivers/thermal/built-in.a
  CC      drivers/ssb/main.o
  CC      drivers/clocksource/timer-probe.o
  CC      drivers/of/cpu.o
  CC      drivers/clocksource/mmio.o
  CC      drivers/ssb/scan.o
  CC      drivers/hid/hid-input.o
  CC      drivers/of/device.o
  CC      drivers/clocksource/timer-mediatek.o
  CC      drivers/ssb/driver_chipcommon.o
  CC      drivers/clocksource/arm_arch_timer.o
  CC      drivers/of/module.o
  CC      drivers/hid/hid-quirks.o
  CC      drivers/ssb/driver_chipcommon_pmu.o
  CC      drivers/of/platform.o
  CC      drivers/clocksource/arm_arch_timer_mmio.o
  CC      drivers/hid/hid-generic.o
  AR      drivers/ssb/built-in.a
  CC      drivers/extcon/extcon.o
  CC      drivers/clocksource/dummy_timer.o
  CC      drivers/of/property.o
  AR      drivers/hid/built-in.a
  CC      drivers/extcon/devres.o
  CC      drivers/iio/industrialio-core.o
  CC      drivers/clocksource/timer-mediatek-cpux.o
  CC      drivers/of/fdt.o
  AR      drivers/extcon/built-in.a
  CC      drivers/ras/ras.o
  AR      drivers/clocksource/built-in.a
  CC      drivers/hwtracing/intel_th/core.o
  CC      drivers/iio/industrialio-event.o
  AS      drivers/of/empty_root.dtb.o
  AR      drivers/ras/built-in.a
  CC      drivers/of/fdt_address.o
  CC      drivers/peci/core.o
  CC      drivers/iio/inkern.o
  AR      drivers/hwtracing/intel_th/built-in.a
  CC      drivers/iio/industrialio-buffer.o
  CC      drivers/of/address.o
  CC      drivers/peci/request.o
  CC      drivers/iio/industrialio-trigger.o
  CC      drivers/iio/accel/mma9551_core.o
  CC      drivers/peci/device.o
  CC      drivers/of/irq.o
  CC      drivers/iio/accel/mma9553.o
  CC      drivers/peci/sysfs.o
  CC      drivers/of/of_reserved_mem.o
  CC      drivers/of/kexec.o
  AR      drivers/peci/built-in.a
  AR      drivers/iio/adc/built-in.a
  CC      drivers/iio/afe/iio-rescale.o
  AR      drivers/iio/accel/built-in.a
  CC      drivers/iio/buffer/industrialio-triggered-buffer.o
  AR      drivers/iio/afe/built-in.a
  CC      drivers/iio/chemical/ccs811.o
  AR      drivers/iio/common/ms_sensors/built-in.a
  AR      drivers/iio/common/built-in.a
  AR      drivers/iio/dac/built-in.a
  CC      drivers/iio/gyro/bmg160_core.o
  AR      drivers/of/built-in.a
  CC      drivers/iio/gyro/bmg160_i2c.o
  CC      drivers/iio/buffer/kfifo_buf.o
  AR      drivers/iio/chemical/built-in.a
  CC      drivers/iio/health/max30102.o
  CC      drivers/iio/humidity/hdc2010.o
  CC      drivers/iio/buffer/industrialio-buffer-dma.o
  AR      drivers/iio/gyro/built-in.a
  CC      drivers/iio/imu/bmi160/bmi160_core.o
  AR      drivers/iio/humidity/built-in.a
  CC      drivers/iio/light/ltr390.o
  AR      drivers/iio/health/built-in.a
  AR      drivers/iio/magnetometer/built-in.a
  AR      drivers/iio/potentiostat/built-in.a
  CC      drivers/iio/pressure/mpl115.o
  AR      drivers/iio/buffer/built-in.a
  CC      drivers/iio/proximity/hx9023s.o
  CC      drivers/iio/imu/bmi160/bmi160_i2c.o
  CC      drivers/iio/pressure/mpl115_i2c.o
  CC      drivers/iio/light/opt4060.o
  AR      drivers/iio/imu/bmi160/built-in.a
  AR      drivers/iio/imu/smi330/built-in.a
  AR      drivers/iio/imu/built-in.a
  CC      drivers/iio/light/rpr0521.o
  CC      drivers/iio/proximity/srf04.o
  CC      drivers/iio/pressure/t5403.o
  AR      drivers/iio/proximity/built-in.a
  AR      drivers/iio/temperature/built-in.a
  CC      drivers/iio/light/tsl2563.o
  CC      drivers/iio/light/tsl2583.o
  CC      drivers/iio/light/veml6070.o
  AR      drivers/iio/pressure/built-in.a
  AR      drivers/iio/light/built-in.a
  AR      drivers/iio/built-in.a
  AR      drivers/built-in.a
  AR      built-in.a
  AR      built-in-fixup.a
  COPY    vmlinux.a
  LD      vmlinux.o
  MODPOST vmlinux.symvers
  CC      .vmlinux.export.o
  UPD     include/generated/utsversion.h
  CC      init/version-timestamp.o
  KSYMS   .tmp_vmlinux0.kallsyms.S
  AS      .tmp_vmlinux0.kallsyms.o
  LD      .tmp_vmlinux1
  NM      .tmp_vmlinux1.syms
  KSYMS   .tmp_vmlinux1.kallsyms.S
  AS      .tmp_vmlinux1.kallsyms.o
  LD      .tmp_vmlinux2
  NM      .tmp_vmlinux2.syms
  KSYMS   .tmp_vmlinux2.kallsyms.S
  AS      .tmp_vmlinux2.kallsyms.o
  LD      vmlinux.unstripped
  NM      System.map
  SORTTAB vmlinux.unstripped
  OBJCOPY vmlinux
  GEN     modules.builtin.modinfo
  GEN     modules.builtin
  OBJCOPY arch/arm64/boot/Image
make[5]: Leaving directory '/mnt/git-volume/kernel-test-mainline/build/rand500config-arm64'
make[4]: Leaving directory '/mnt/git-volume/linux-mainline'
