make[3]: Entering directory '/home/benni/git/linux'
make[4]: Entering directory '/home/benni/git/kernel-test/build/rand500config-arm64'
#
# configuration written to .config
#
Using .config as base
Merging /home/benni/git/linux/kernel/configs/tiny.config
Value of CONFIG_CC_OPTIMIZE_FOR_SIZE is redefined by fragment /home/benni/git/linux/kernel/configs/tiny.config:
Previous value: # CONFIG_CC_OPTIMIZE_FOR_SIZE is not set
New value: CONFIG_CC_OPTIMIZE_FOR_SIZE=y

Value of CONFIG_SLUB_TINY is redefined by fragment /home/benni/git/linux/kernel/configs/tiny.config:
Previous value: # CONFIG_SLUB_TINY is not set
New value: CONFIG_SLUB_TINY=y

#
# merged configuration written to .config (needs make)
#
#
# configuration written to .config
#
make[4]: Leaving directory '/home/benni/git/kernel-test/build/rand500config-arm64'
make[3]: Leaving directory '/home/benni/git/linux'
make[3]: Entering directory '/home/benni/git/linux'
make[4]: Entering directory '/tmp/tmp.asBDCLu3lk'
  UPD     Makefile
  HOSTCC  scripts/basic/fixdep
  HOSTCC  scripts/kconfig/conf.o
  HOSTCC  scripts/kconfig/confdata.o
  HOSTCC  scripts/kconfig/expr.o
  LEX     scripts/kconfig/lexer.lex.c
  YACC    scripts/kconfig/parser.tab.[ch]
  HOSTCC  scripts/kconfig/lexer.lex.o
  HOSTCC  scripts/kconfig/menu.o
  HOSTCC  scripts/kconfig/parser.tab.o
  HOSTCC  scripts/kconfig/preprocess.o
  HOSTCC  scripts/kconfig/symbol.o
  HOSTCC  scripts/kconfig/util.o
  HOSTLD  scripts/kconfig/conf
KCONFIG_SEED=0x8CD3E058
#
# configuration written to .config
#
make[4]: Leaving directory '/tmp/tmp.asBDCLu3lk'
make[3]: Leaving directory '/home/benni/git/linux'
make[3]: Entering directory '/home/benni/git/linux'
make[4]: Entering directory '/tmp/tmp.asBDCLu3lk'
.config:5765:warning: override: reassigning to symbol PRINTK
.config:5769:warning: override: reassigning to symbol TTY
.config:5772:warning: override: reassigning to symbol BLK_DEV_INITRD
.config:5773:warning: override: reassigning to symbol RD_GZIP
.config:5776:warning: override: reassigning to symbol BINFMT_ELF
.config:5777:warning: override: reassigning to symbol BINFMT_SCRIPT
.config:5780:warning: override: reassigning to symbol TMPFS
.config:5797:warning: override: reassigning to symbol MODULES
.config:5800:warning: override: reassigning to symbol DRM
.config:5801:warning: override: reassigning to symbol SOUND
.config:5802:warning: override: reassigning to symbol STAGING
.config:5804:warning: override: reassigning to symbol MEDIA_SUPPORT
.config:5810:warning: override: reassigning to symbol KCOV
.config:5813:warning: override: reassigning to symbol KCSAN
.config:5814:warning: override: reassigning to symbol KFENCE
.config:5815:warning: override: reassigning to symbol UBSAN
.config:5820:warning: override: reassigning to symbol RCU_TORTURE_TEST
.config:5821:warning: override: reassigning to symbol LOCK_TORTURE_TEST
.config:5828:warning: override: reassigning to symbol KUNIT
#
# configuration written to .config
#
make[4]: Leaving directory '/tmp/tmp.asBDCLu3lk'
make[3]: Leaving directory '/home/benni/git/linux'
make[3]: Entering directory '/home/benni/git/linux'
make[4]: Entering directory '/home/benni/git/kernel-test/build/rand500config-arm64'
.config:1562:warning: override: reassigning to symbol HAVE_SYSCALL_TRACEPOINTS
.config:1564:warning: override: reassigning to symbol ARM_GIC_V3_ITS
.config:1569:warning: override: reassigning to symbol PSI
.config:1570:warning: override: reassigning to symbol AUDIT_ARCH_COMPAT_GENERIC
.config:1580:warning: override: reassigning to symbol DEBUG_WQ_FORCE_RR_CPU
.config:1586:warning: override: reassigning to symbol SIOX
.config:1588:warning: override: reassigning to symbol ARCH_USE_CMPXCHG_LOCKREF
.config:1589:warning: override: reassigning to symbol BUILTIN_RETURN_ADDRESS_STRIPS_PAC
.config:1590:warning: override: reassigning to symbol ARCH_HAS_PREEMPT_LAZY
.config:1592:warning: override: reassigning to symbol ARM_GIC_V3
.config:1593:warning: override: reassigning to symbol SSB
.config:1594:warning: override: reassigning to symbol CRC_OPTIMIZATIONS
.config:1598:warning: override: reassigning to symbol PER_VMA_LOCK
.config:1606:warning: override: reassigning to symbol HAVE_ARCH_KASAN
.config:1612:warning: override: reassigning to symbol ARCH_MHP_MEMMAP_ON_MEMORY_ENABLE
.config:1617:warning: override: reassigning to symbol MEMTEST
.config:1622:warning: override: reassigning to symbol DEBUG_LOCK_ALLOC
.config:1625:warning: override: reassigning to symbol PHY_PXA_28NM_USB2
.config:1626:warning: override: reassigning to symbol AL_FIC
.config:1630:warning: override: reassigning to symbol HISILICON_ERRATUM_161010101
.config:1631:warning: override: reassigning to symbol POWER_RESET_LTC2952
.config:1632:warning: override: reassigning to symbol TRACING_SUPPORT
.config:1635:warning: override: reassigning to symbol CHARGER_MAX8903
.config:1642:warning: override: reassigning to symbol ARCH_DEFAULT_KEXEC_IMAGE_VERIFY_SIG
.config:1648:warning: override: reassigning to symbol ARCH_INTEL_SOCFPGA
.config:1649:warning: override: reassigning to symbol PAGE_SIZE_LESS_THAN_64KB
.config:1654:warning: override: reassigning to symbol TTY
.config:1655:warning: override: reassigning to symbol SLIMBUS
.config:1658:warning: override: reassigning to symbol PARAVIRT
.config:1664:warning: override: reassigning to symbol TRACE_IRQFLAGS_NMI_SUPPORT
.config:1669:warning: override: reassigning to symbol RANDOMIZE_BASE
.config:1673:warning: override: reassigning to symbol JUMP_LABEL
.config:1676:warning: override: reassigning to symbol SECCOMP
.config:1688:warning: override: reassigning to symbol CC_HAS_ASM_GOTO_TIED_OUTPUT
.config:1689:warning: override: reassigning to symbol DEFAULT_SECURITY_DAC
.config:1692:warning: override: reassigning to symbol HAVE_MOD_ARCH_SPECIFIC
.config:1693:warning: override: reassigning to symbol GENERIC_STRNCPY_FROM_USER
.config:1694:warning: override: reassigning to symbol PAGE_MAPCOUNT
.config:1696:warning: override: reassigning to symbol DEBUG_SECTION_MISMATCH
.config:1697:warning: override: reassigning to symbol PHY_CADENCE_SALVO
.config:1706:warning: override: reassigning to symbol ARCH_DEFAULT_CRASH_DUMP
.config:1717:warning: override: reassigning to symbol CC_HAS_NO_PROFILE_FN_ATTR
.config:1720:warning: override: reassigning to symbol ARCH_HAS_DEBUG_VIRTUAL
.config:1731:warning: override: reassigning to symbol OF_ADDRESS
.config:1737:warning: override: reassigning to symbol RCU_NEED_SEGCBLIST
.config:1747:warning: override: reassigning to symbol HAVE_GUP_FAST
.config:1748:warning: override: reassigning to symbol CC_IS_GCC
.config:1758:warning: override: reassigning to symbol CC_HAS_WORKING_NOSANITIZE_ADDRESS
.config:1761:warning: override: reassigning to symbol HAVE_ARCH_HUGE_VMAP
.config:1762:warning: override: reassigning to symbol QUICC_ENGINE
.config:1767:warning: override: reassigning to symbol NOTIFIER_ERROR_INJECTION
.config:1769:warning: override: reassigning to symbol SECRETMEM
.config:1773:warning: override: reassigning to symbol LIST_HARDENED
.config:1774:warning: override: reassigning to symbol DEBUG_MISC
.config:1784:warning: override: reassigning to symbol WATCH_QUEUE
.config:1786:warning: override: reassigning to symbol ARCH_HAS_GIGANTIC_PAGE
.config:1791:warning: override: reassigning to symbol SPARSE_IRQ
.config:1805:warning: override: reassigning to symbol MFD_ATMEL_FLEXCOM
.config:1806:warning: override: reassigning to symbol RSEQ
.config:1812:warning: override: reassigning to symbol ARCH_SUPPORTS_CRASH_DUMP
.config:1825:warning: override: reassigning to symbol DUMMY_IRQ
.config:1834:warning: override: reassigning to symbol RUSTC_HAS_UNNECESSARY_TRANSMUTES
.config:1842:warning: override: reassigning to symbol HAVE_KCSAN_COMPILER
.config:1843:warning: override: reassigning to symbol DCACHE_WORD_ACCESS
.config:1845:warning: override: reassigning to symbol HAVE_ARCH_COMPILER_H
.config:1848:warning: override: reassigning to symbol CC_HAS_KASAN_SW_TAGS
.config:1860:warning: override: reassigning to symbol ARCH_HAVE_TRACE_MMIO_ACCESS
.config:1864:warning: override: reassigning to symbol ARCH_SUPPORTS_NUMA_BALANCING
.config:1869:warning: override: reassigning to symbol TICK_CPU_ACCOUNTING
.config:1879:warning: override: reassigning to symbol OF
.config:1880:warning: override: reassigning to symbol HAVE_FTRACE_GRAPH_FUNC
.config:1883:warning: override: reassigning to symbol GENERIC_CLOCKEVENTS
.config:1885:warning: override: reassigning to symbol SOFTLOCKUP_DETECTOR
.config:1889:warning: override: reassigning to symbol PM
.config:1893:warning: override: reassigning to symbol ARM64_ERRATUM_2067961
.config:1904:warning: override: reassigning to symbol HAVE_DYNAMIC_FTRACE
.config:1910:warning: override: reassigning to symbol ARCH_HAS_BATCHED_DMA_SYNC
.config:1912:warning: override: reassigning to symbol ARCH_HAS_TICK_BROADCAST
.config:1913:warning: override: reassigning to symbol HAVE_ARCH_KFENCE
.config:1914:warning: override: reassigning to symbol HAVE_FUNCTION_GRAPH_FREGS
.config:1918:warning: override: reassigning to symbol PHY_CADENCE_TORRENT
.config:1934:warning: override: reassigning to symbol ARCH_HAS_CURRENT_STACK_POINTER
.config:1935:warning: override: reassigning to symbol DEBUG_FORCE_WEAK_PER_CPU
.config:1944:warning: override: reassigning to symbol ARCH_SUPPORTS_KEXEC_SIG
.config:1952:warning: override: reassigning to symbol HAVE_CLK
.config:1974:warning: override: reassigning to symbol COMEDI
.config:1980:warning: override: reassigning to symbol ARM_FFA_TRANSPORT
.config:1981:warning: override: reassigning to symbol ROCKCHIP_ERRATUM_3588001
.config:1987:warning: override: reassigning to symbol STANDALONE
.config:1988:warning: override: reassigning to symbol EXTCON
.config:1989:warning: override: reassigning to symbol CGROUPS
.config:1990:warning: override: reassigning to symbol ARCH_HISI
.config:1995:warning: override: reassigning to symbol ARCH_HAS_CPU_CACHE_INVALIDATE_MEMREGION
.config:2003:warning: override: reassigning to symbol HAVE_ARCH_THREAD_STRUCT_WHITELIST
.config:2009:warning: override: reassigning to symbol HAVE_IRQ_TIME_ACCOUNTING
.config:2017:warning: override: reassigning to symbol HAVE_ARCH_AUDITSYSCALL
.config:2018:warning: override: reassigning to symbol HAVE_GCC_PLUGINS
.config:2023:warning: override: reassigning to symbol ARM64_ERRATUM_3194386
.config:2029:warning: override: reassigning to symbol HAVE_KRETPROBES
.config:2032:warning: override: reassigning to symbol CC_HAS_AUTO_VAR_INIT_PATTERN
.config:2035:warning: override: reassigning to symbol ARM_ARCH_TIMER
.config:2042:warning: override: reassigning to symbol CPU_LITTLE_ENDIAN
.config:2045:warning: override: reassigning to symbol PERF_EVENTS
.config:2046:warning: override: reassigning to symbol RANDOM32_SELFTEST
.config:2047:warning: override: reassigning to symbol ARCH_NPCM
.config:2049:warning: override: reassigning to symbol ARCH_K3
.config:2055:warning: override: reassigning to symbol SMP
.config:2069:warning: override: reassigning to symbol PRINTK
.config:2073:warning: override: reassigning to symbol TTY
.config:2076:warning: override: reassigning to symbol BLK_DEV_INITRD
.config:2080:warning: override: reassigning to symbol BINFMT_ELF
.config:2081:warning: override: reassigning to symbol BINFMT_SCRIPT
.config:2084:warning: override: reassigning to symbol TMPFS
#
# configuration written to .config
#
make[4]: Leaving directory '/home/benni/git/kernel-test/build/rand500config-arm64'
make[3]: Leaving directory '/home/benni/git/linux'
make[3]: Entering directory '/home/benni/git/linux'
make[4]: Entering directory '/home/benni/git/kernel-test/build/rand500config-arm64'
  SYNC    include/config/auto.conf
  HOSTCC  scripts/kallsyms
  CC      scripts/mod/empty.o
  CC      scripts/mod/devicetable-offsets.s
  MKELF   scripts/mod/elfconfig.h
  HOSTCC  scripts/mod/modpost.o
  HOSTCC  scripts/mod/sumversion.o
  HOSTCC  scripts/mod/symsearch.o
  HOSTCC  scripts/mod/file2alias.o
  HOSTLD  scripts/mod/modpost
  CC      kernel/bounds.s
  UPD     include/generated/bounds.h
  CC      arch/arm64/kernel/asm-offsets.s
  UPD     include/generated/asm-offsets.h
  CC      kernel/sched/rq-offsets.s
  UPD     include/generated/rq-offsets.h
  CALL    /home/benni/git/linux/scripts/checksyscalls.sh 
  LDS     arch/arm64/kernel/vdso/vdso.lds
  CC      arch/arm64/kernel/vdso/vgettimeofday.o
  AS      arch/arm64/kernel/vdso/note.o
  AS      arch/arm64/kernel/vdso/sigreturn.o
  CC      arch/arm64/kernel/vdso/vgetrandom.o
  AS      arch/arm64/kernel/vdso/vgetrandom-chacha.o
  LD      arch/arm64/kernel/vdso/vdso.so.dbg
  VDSOSYM include/generated/vdso-offsets.h
  OBJCOPY arch/arm64/kernel/vdso/vdso.so
  GEN     usr/initramfs_data.cpio
  CC      security/commoncap.o
  CC      drivers/bus/arm-cci.o
  CC      drivers/pinctrl/core.o
  AS      arch/arm64/lib/clear_page.o
  CC      drivers/gpio/gpiolib.o
  CC      drivers/phy/phy-core.o
  CC      init/main.o
  COPY    usr/initramfs_inc_data
  AS      usr/initramfs_data.o
  CC      drivers/irqchip/irqchip.o
  CC      arch/arm64/mm/dma-mapping.o
  AS      arch/arm64/lib/clear_user.o
  AR      usr/built-in.a
  CC      arch/arm64/kernel/debug-monitors.o
  AR      crypto/built-in.a
  CC      drivers/pinctrl/pinctrl-utils.o
  AS      arch/arm64/lib/copy_from_user.o
  CC      fs/open.o
  CC      drivers/gpio/gpiolib-devres.o
  CC      mm/filemap.o
  CC      kernel/fork.o
  CC      lib/argv_split.o
  AS      arch/arm64/lib/copy_page.o
  AS      arch/arm64/lib/copy_to_user.o
  CC      arch/arm64/lib/csum.o
  CC      lib/buildid.o
  CC      drivers/irqchip/irq-al-fic.o
  CC      kernel/exec_domain.o
  CC      drivers/bus/hisi_lpc.o
  CC      arch/arm64/lib/delay.o
  CC      arch/arm64/mm/extable.o
  CC      arch/arm64/lib/insn.o
  AS      arch/arm64/kernel/entry.o
  CC      arch/arm64/kernel/irq.o
  AR      drivers/phy/broadcom/built-in.a
  CC      security/min_addr.o
  CC      drivers/phy/cadence/phy-cadence-torrent.o
  CC      drivers/pinctrl/devicetree.o
  UPD     init/utsversion-tmp.h
  CC      init/do_mounts.o
  CC      arch/arm64/mm/fault.o
  CC      arch/arm64/mm/init.o
  AS      arch/arm64/lib/memchr.o
  AS      arch/arm64/lib/memcmp.o
  CC      fs/read_write.o
  AS      arch/arm64/lib/memcpy.o
  AS      arch/arm64/lib/memset.o
  CC      drivers/irqchip/irq-gic.o
  CC      drivers/bus/simple-pm-bus.o
  CC      lib/cmdline.o
  CC      init/do_mounts_initrd.o
  AS      arch/arm64/lib/strchr.o
  CC      arch/arm64/kernel/fpsimd.o
  AR      drivers/pinctrl/actions/built-in.a
  AR      drivers/pinctrl/airoha/built-in.a
  CC      kernel/exec_state.o
  AR      drivers/pinctrl/bcm/built-in.a
  AR      drivers/pinctrl/cirrus/built-in.a
  AS      arch/arm64/lib/strcmp.o
  CC      drivers/gpio/gpiolib-legacy.o
  CC      security/device_cgroup.o
  AR      drivers/pinctrl/cix/built-in.a
  AR      drivers/pinctrl/freescale/built-in.a
  AR      drivers/pinctrl/mediatek/built-in.a
  AR      drivers/pinctrl/microchip/built-in.a
  AS      arch/arm64/lib/strlen.o
  AR      drivers/pinctrl/mvebu/built-in.a
  CC      mm/mempool.o
  AR      drivers/pinctrl/nomadik/built-in.a
  AR      drivers/pinctrl/nuvoton/built-in.a
  AR      drivers/pinctrl/nxp/built-in.a
  AR      drivers/pinctrl/qcom/built-in.a
  AS      arch/arm64/lib/strncmp.o
  AR      drivers/pinctrl/sophgo/built-in.a
  AR      drivers/pinctrl/spacemit/built-in.a
  AR      drivers/pinctrl/sprd/built-in.a
  AR      drivers/pinctrl/starfive/built-in.a
  AS      arch/arm64/lib/strnlen.o
  CC      lib/cpumask.o
  AR      drivers/pinctrl/sunplus/built-in.a
  AR      drivers/pinctrl/tegra/built-in.a
  AR      drivers/pinctrl/ti/built-in.a
  AR      drivers/pinctrl/built-in.a
  AS      arch/arm64/lib/strrchr.o
  CC      fs/file_table.o
  AS      arch/arm64/lib/tishift.o
  AR      arch/arm64/lib/lib.a
  CC      arch/arm64/kernel/entry-common.o
  CC      drivers/bus/ti-sysc.o
  CC      drivers/pci/of.o
  AS      arch/arm64/mm/cache.o
  CC      kernel/panic.o
  CC      arch/arm64/mm/copypage.o
  CC      drivers/irqchip/irq-gic-common.o
  CC      drivers/gpio/gpiolib-of.o
  CC      kernel/cpu.o
  CC      drivers/phy/cadence/phy-cadence-salvo.o
  CC      lib/ctype.o
  CC      init/initramfs.o
  CC      mm/oom_kill.o
  CC      lib/dec_and_lock.o
  CC      init/calibrate.o
  CC      drivers/irqchip/irq-msi-lib.o
  AR      security/built-in.a
  CC      drivers/video/console/dummycon.o
  CC      lib/decompress.o
  AR      drivers/video/backlight/built-in.a
  CC      fs/super.o
  CC      kernel/exit.o
  AR      drivers/pci/built-in.a
  CC      drivers/gpio/gpiolib-cdev.o
  CC      arch/arm64/mm/flush.o
  CC      lib/decompress_bunzip2.o
  CC      mm/fadvise.o
  CC      arch/arm64/kernel/process.o
  CC      drivers/irqchip/irq-gic-v3.o
  CC      fs/char_dev.o
  AR      drivers/bus/built-in.a
  CC      arch/arm64/mm/ioremap.o
  AR      drivers/phy/cadence/built-in.a
  CC      drivers/phy/marvell/phy-pxa-28nm-usb2.o
  CC      drivers/amba/bus.o
  CC      init/init_task.o
  AR      drivers/video/console/built-in.a
  AR      drivers/video/built-in.a
  CC      mm/maccess.o
  CC      drivers/clk/clk-devres.o
  CC      drivers/irqchip/irq-gic-v3-mbi.o
  CC      lib/decompress_inflate.o
  CC      arch/arm64/kernel/ptrace.o
  CC      arch/arm64/mm/mmap.o
  CC      arch/arm64/mm/pgd.o
  CC      fs/stat.o
  CC      drivers/gpio/gpiolib-swnode.o
  CC      drivers/gpio/gpio-mmio.o
  AR      drivers/phy/marvell/built-in.a
  CC      drivers/soc/fsl/qe/qe.o
  CC      kernel/softirq.o
  AR      drivers/amba/built-in.a
  CC      drivers/clk/clk-bulk.o
  CC      drivers/irqchip/irq-gic-its-msi-parent.o
  CC      lib/decompress_unlz4.o
  CC      lib/decompress_unlzma.o
  AR      drivers/phy/built-in.a
  CC      init/version.o
  CC      arch/arm64/mm/mem_encrypt.o
  CC      mm/page-writeback.o
  CC      drivers/irqchip/irq-gic-v3-its.o
  CC      drivers/clk/clkdev.o
  CC      kernel/resource.o
  CC      arch/arm64/kernel/setup.o
  CC      drivers/gpio/gpio-grgpio.o
  CC      drivers/reset/core.o
  CC      fs/exec.o
  AR      init/built-in.a
  CC      drivers/soc/fsl/qe/qe_common.o
  CC      drivers/char/mem.o
  CC      drivers/tty/tty_io.o
  CC      arch/arm64/mm/mmu.o
  CC      lib/decompress_unlzo.o
  CC      drivers/tty/n_tty.o
  CC      drivers/char/random.o
  CC      drivers/char/ttyprintk.o
  CC      drivers/clk/clk.o
  CC      arch/arm64/kernel/signal.o
  CC      lib/decompress_unxz.o
  AR      drivers/gpio/built-in.a
  CC      drivers/soc/fsl/qe/qe_ic.o
  CC      lib/decompress_unzstd.o
  CC      kernel/sysctl.o
  CC      mm/folio-compat.o
  CC      arch/arm64/mm/context.o
  CC      drivers/soc/fsl/qe/qe_io.o
  AR      drivers/reset/amlogic/built-in.a
  CC      drivers/reset/hisilicon/hi6220_reset.o
  CC      drivers/tty/tty_ioctl.o
  CC      fs/pipe.o
  CC      drivers/reset/hisilicon/reset-hi3660.o
  CC      lib/dump_stack.o
  CC      drivers/clk/clk-divider.o
  CC      drivers/clk/clk-fixed-factor.o
  CC      arch/arm64/kernel/sys.o
  CC      drivers/char/misc.o
  AR      drivers/soc/fsl/qe/built-in.a
  AR      drivers/soc/fsl/built-in.a
  CC      kernel/capability.o
  CC      mm/readahead.o
  AS      arch/arm64/mm/proc.o
  CC      drivers/soc/ti/k3-socinfo.o
  CC      kernel/ptrace.o
  CC      arch/arm64/mm/pageattr.o
  CC      drivers/soc/ti/pruss.o
  CC      fs/namei.o
  CC      drivers/irqchip/irq-gic-v4.o
  AR      drivers/reset/hisilicon/built-in.a
  AR      drivers/reset/spacemit/built-in.a
  AR      drivers/reset/starfive/built-in.a
  AR      drivers/reset/sti/built-in.a
  AR      drivers/reset/tegra/built-in.a
  CC      drivers/reset/reset-npcm.o
  CC      lib/earlycpio.o
  AR      drivers/char/built-in.a
  CC      mm/swap.o
  CC      kernel/user.o
  CC      drivers/tty/tty_ldisc.o
  CC      drivers/clk/clk-fixed-rate.o
  CC      lib/extable.o
  CC      arch/arm64/kernel/stacktrace.o
  CC      arch/arm64/mm/fixmap.o
  CC      fs/fcntl.o
  CC      arch/arm64/kernel/time.o
  CC      drivers/irqchip/irq-gic-v5.o
  AR      drivers/soc/ti/built-in.a
  AR      drivers/soc/built-in.a
  CC      drivers/reset/reset-simple.o
  CC      mm/truncate.o
  CC      mm/vmscan.o
  CC      drivers/tty/tty_buffer.o
  CC      lib/fdt.o
  CC      arch/arm64/kernel/traps.o
  CC      kernel/signal.o
  CC      drivers/clk/clk-gate.o
  CC      lib/fdt_addresses.o
  CC      kernel/sys.o
  CC      lib/fdt_empty_tree.o
  AR      arch/arm64/mm/built-in.a
  CC      lib/fdt_ro.o
  CC      fs/ioctl.o
  CC      kernel/umh.o
  AR      drivers/reset/built-in.a
  CC      lib/fdt_rw.o
  CC      drivers/irqchip/irq-gic-v5-irs.o
  CC      drivers/clk/clk-multiplier.o
  CC      drivers/tty/tty_port.o
  CC      fs/readdir.o
  CC      kernel/workqueue.o
  CC      lib/fdt_strerror.o
  CC      mm/shrinker.o
  CC      lib/fdt_sw.o
  CC      drivers/base/component.o
  CC      lib/fdt_wip.o
  CC      arch/arm64/kernel/io.o
  AR      drivers/gpu/built-in.a
  CC      drivers/tty/tty_mutex.o
  CC      lib/flex_proportions.o
  CC      drivers/irqchip/irq-gic-v5-its.o
  CC      kernel/pid.o
  CC      drivers/clk/clk-mux.o
  CC      drivers/clk/clk-composite.o
  CC      fs/select.o
  CC      drivers/tty/tty_ldsem.o
  CC      drivers/base/core.o
  CC      lib/idr.o
  CC      arch/arm64/kernel/vdso.o
  CC      drivers/misc/dummy-irq.o
  CC      mm/shmem.o
  CC      drivers/mfd/mfd-core.o
  CC      drivers/mfd/atmel-flexcom.o
  CC      drivers/mfd/syscon.o
  CC      drivers/mfd/hi655x-pmic.o
  AS      arch/arm64/kernel/hyp-stub.o
  CC      lib/iomem_copy.o
  CC      drivers/clk/clk-fractional-divider.o
  CC      drivers/irqchip/irq-gic-v5-iwb.o
  CC      drivers/tty/tty_baudrate.o
  CC      arch/arm64/kernel/psci.o
  CC      drivers/base/bus.o
  AR      drivers/misc/built-in.a
  CC      drivers/base/dd.o
  CC      drivers/tty/tty_jobctrl.o
  CC      lib/irq_regs.o
  CC      fs/dcache.o
  CC      drivers/irqchip/irq-pruss-intc.o
  CC      mm/util.o
  AR      drivers/mfd/built-in.a
  CC      mm/mmzone.o
  CC      drivers/base/syscore.o
  CC      drivers/tty/n_null.o
  CC      lib/is_single_threaded.o
  CC      drivers/clk/clk-gpio.o
  CC      kernel/task_work.o
  CC      lib/klist.o
  CC      arch/arm64/kernel/cpu_ops.o
  CC      lib/kobject.o
  AR      drivers/dax/built-in.a
  CC      mm/vmstat.o
  CC      drivers/base/driver.o
  CC      drivers/tty/pty.o
  CC      mm/backing-dev.o
  CC      drivers/clk/clk-conf.o
  CC      mm/mm_init.o
  AR      drivers/irqchip/built-in.a
  CC      kernel/extable.o
  CC      arch/arm64/kernel/return_address.o
  CC      drivers/base/class.o
  CC      fs/inode.o
  CC      lib/kobject_uevent.o
  CC      kernel/params.o
  CC      drivers/tty/vt/vt_ioctl.o
  CC      fs/attr.o
  CC      arch/arm64/kernel/cpuinfo.o
  CC      drivers/tty/vt/vc_screen.o
  CC      drivers/clk/clk-hi655x.o
  CC      mm/percpu.o
  CC      drivers/base/platform.o
  CC      kernel/kthread.o
  CC      lib/logic_pio.o
  CC      arch/arm64/kernel/cpu_errata.o
  CC      drivers/base/cpu.o
  CC      fs/bad_inode.o
  CC      drivers/tty/serial/serial_core.o
  CC      mm/slab_common.o
  CC      drivers/clk/hisilicon/clk.o
  CC      drivers/tty/ttynull.o
  CC      drivers/tty/vt/selection.o
  AR      drivers/nvme/common/built-in.a
  CC      drivers/tty/vt/keyboard.o
  CC      drivers/clk/hisilicon/clkgate-separated.o
  AR      drivers/nvme/target/built-in.a
  AR      drivers/nvme/built-in.a
  CC      mm/compaction.o
  CC      fs/file.o
  CC      arch/arm64/kernel/cpufeature.o
  CC      lib/maple_tree.o
  CC      drivers/base/firmware.o
  CC      drivers/tty/serial/serial_base_bus.o
  CC      kernel/sys_ni.o
  CC      kernel/nsproxy.o
  CC      drivers/tty/vt/vt.o
  CC      kernel/nstree.o
  CC      drivers/clk/hisilicon/clkdivider-hi6220.o
  CC      arch/arm64/kernel/alternative.o
  CC      lib/memcat_p.o
  CC      drivers/tty/serial/serial_ctrl.o
  CC      drivers/base/init.o
  CC      drivers/clk/hisilicon/clk-hisi-phase.o
  CC      mm/show_mem.o
  CC      drivers/slimbus/core.o
  CC      drivers/tty/vt/defkeymap.o
  CC      drivers/clk/hisilicon/crg-hi3516cv300.o
  CC      mm/interval_tree.o
  CC      drivers/base/map.o
  CC      drivers/tty/vt/consolemap.o
  CC      arch/arm64/kernel/cacheinfo.o
  CC      drivers/tty/serial/serial_port.o
  CC      fs/filesystems.o
  CC      drivers/clk/hisilicon/clk-hi3519.o
  CC      kernel/nscommon.o
  CC      kernel/notifier.o
  CC      drivers/slimbus/messaging.o
  CC      mm/list_lru.o
  CC      mm/workingset.o
  CC      drivers/clk/keystone/syscon-clk.o
  CC      lib/nmi_backtrace.o
  CC      drivers/tty/serial/earlycon.o
  CC      drivers/base/devres.o
  CC      arch/arm64/kernel/smp.o
  CC      drivers/base/attribute_container.o
  CC      drivers/clk/hisilicon/clk-hi3559a.o
  CC      drivers/tty/vt/consolemap_deftbl.o
  CC      fs/namespace.o
  CC      drivers/slimbus/sched.o
  CC      drivers/clk/hisilicon/clk-hi3660.o
  CC      kernel/ksysfs.o
  CC      lib/objpool.o
  CC      drivers/tty/vt/ucs.o
  CC      lib/plist.o
  AR      drivers/clk/keystone/built-in.a
  AR      drivers/tty/vt/built-in.a
  CC      drivers/base/transport_class.o
  CC      drivers/clk/hisilicon/clk-hi3670.o
  CC      drivers/slimbus/stream.o
  CC      arch/arm64/kernel/smp_spin_table.o
  CC      mm/debug.o
  CC      fs/seq_file.o
  CC      arch/arm64/kernel/topology.o
  CC      drivers/tty/serial/amba-pl011.o
  AS      arch/arm64/kernel/smccc-call.o
  CC      mm/gup.o
  CC      drivers/input/serio/serio.o
  CC      kernel/cred.o
  CC      drivers/tty/serial/digicolor-usart.o
  CC      lib/radix-tree.o
  CC      arch/arm64/kernel/syscall.o
  CC      drivers/base/topology.o
  AR      drivers/slimbus/built-in.a
  CC      drivers/input/input.o
  CC      drivers/clk/hisilicon/crg-hi3798cv200.o
  CC      fs/xattr.o
  CC      drivers/input/input-compat.o
  CC      drivers/input/input-mt.o
  CC      drivers/input/serio/serport.o
  CC      arch/arm64/kernel/proton-pack.o
  CC      mm/mmap_lock.o
  CC      kernel/reboot.o
  CC      lib/ratelimit.o
  CC      drivers/base/container.o
  CC      kernel/async.o
  CC      arch/arm64/kernel/idle.o
  AR      drivers/tty/serial/built-in.a
  AR      drivers/tty/built-in.a
  CC      drivers/base/property.o
  CC      drivers/clk/hisilicon/clk-hi6220.o
  CC      drivers/input/input-poller.o
  CC      lib/rbtree.o
  CC      arch/arm64/kernel/patching.o
  CC      drivers/input/serio/libps2.o
  CC      mm/vma_init.o
  CC      drivers/input/ff-core.o
  CC      kernel/range.o
  CC      lib/seq_buf.o
  CC      drivers/clk/hisilicon/reset.o
  CC      drivers/input/serio/ps2-gpio.o
  CC      mm/highmem.o
  CC      drivers/base/cacheinfo.o
  CC      arch/arm64/kernel/pi/idreg-override.o
  CC      drivers/input/touchscreen.o
  CC      fs/libfs.o
  CC      arch/arm64/kernel/rsi.o
  CC      kernel/smpboot.o
  CC      drivers/base/swnode.o
  CC      arch/arm64/kernel/pi/map_kernel.o
  CC      drivers/clk/socfpga/clk-s10.o
  CC      lib/siphash.o
  CC      drivers/clk/socfpga/clk-pll-s10.o
  CC      drivers/clk/socfpga/clk-periph-s10.o
  CC      drivers/input/touch-overlay.o
  AR      drivers/clk/hisilicon/built-in.a
  CC      fs/fs-writeback.o
  CC      drivers/clk/socfpga/clk-gate-s10.o
  CC      mm/memory.o
  AR      drivers/input/serio/built-in.a
  CC      kernel/ucount.o
  CC      arch/arm64/kernel/pi/map_range.o
  CC      arch/arm64/kernel/pi/lib-fdt.o
  CC      mm/mincore.o
  CC      lib/string.o
  CC      drivers/input/vivaldi-fmap.o
  CC      drivers/base/faux.o
  CC      drivers/input/keyboard/atkbd.o
  CC      drivers/input/mouse/psmouse-base.o
  CC      arch/arm64/kernel/pi/lib-fdt_ro.o
  CC      mm/mlock.o
  CC      drivers/input/mouse/synaptics.o
  CC      drivers/clk/socfpga/clk-agilex.o
  CC      mm/mmap.o
  CC      lib/sys_info.o
  CC      kernel/regset.o
  CC      drivers/power/reset/hisi-reboot.o
  CC      drivers/base/auxiliary.o
  CC      arch/arm64/kernel/pi/relocate.o
  CC      arch/arm64/kernel/jump_label.o
  CC      drivers/input/mouse/focaltech.o
  CC      drivers/clk/socfpga/clk-agilex5.o
  CC      fs/pnode.o
  CC      drivers/input/mouse/alps.o
  CC      kernel/ksyms_common.o
  CC      kernel/sched/core.o
  CC      arch/arm64/kernel/pi/kaslr_early.o
  CC      lib/timerqueue.o
  AR      drivers/input/keyboard/built-in.a
  CC      drivers/base/power/sysfs.o
  CC      drivers/power/reset/ltc2952-poweroff.o
  CC      drivers/input/mouse/byd.o
  CC      mm/mmu_gather.o
  CC      drivers/input/mouse/logips2pp.o
  CC      lib/union_find.o
  AR      drivers/clk/socfpga/built-in.a
  OBJCOPY arch/arm64/kernel/pi/idreg-override.pi.o
  CC      kernel/locking/mutex.o
  CC      fs/splice.o
  AR      drivers/clk/built-in.a
  CC      lib/vsprintf.o
  CC      kernel/power/qos.o
  CC      lib/win_minmax.o
  OBJCOPY arch/arm64/kernel/pi/map_kernel.pi.o
  OBJCOPY arch/arm64/kernel/pi/map_range.pi.o
  OBJCOPY arch/arm64/kernel/pi/lib-fdt.pi.o
  OBJCOPY arch/arm64/kernel/pi/lib-fdt_ro.pi.o
  OBJCOPY arch/arm64/kernel/pi/relocate.pi.o
  OBJCOPY arch/arm64/kernel/pi/kaslr_early.pi.o
  AR      arch/arm64/kernel/pi/built-in.a
  CC      arch/arm64/kernel/perf_regs.o
  CC      mm/mprotect.o
  CC      lib/xarray.o
  CC      drivers/base/power/generic_ops.o
  CC      drivers/power/reset/reboot-mode.o
  CC      kernel/sched/fair.o
  CC      kernel/sched/build_policy.o
  CC      fs/sync.o
  CC      kernel/power/main.o
  CC      drivers/input/mouse/trackpoint.o
  CC      drivers/base/firmware_loader/builtin/main.o
  CC      drivers/base/power/common.o
  CC      drivers/base/power/qos.o
  CC      drivers/power/reset/syscon-reboot-mode.o
  CC      drivers/power/supply/power_supply_core.o
  CC      arch/arm64/kernel/perf_callchain.o
  CC      kernel/locking/semaphore.o
  AR      drivers/base/firmware_loader/builtin/built-in.a
  AR      drivers/base/firmware_loader/built-in.a
  CC      kernel/locking/rwsem.o
  CC      drivers/base/regmap/regmap.o
  CC      mm/mremap.o
  CC      drivers/input/mouse/cypress_ps2.o
  CC      mm/msync.o
  AR      kernel/power/built-in.a
  CC      fs/utimes.o
  CC      mm/page_vma_mapped.o
  CC      lib/lockref.o
  AR      drivers/power/reset/built-in.a
  CC      lib/bcd.o
  CC      drivers/base/power/runtime.o
  CC      drivers/firmware/arm_ffa/bus.o
  CC      arch/arm64/kernel/hw_breakpoint.o
  CC      kernel/locking/percpu-rwsem.o
  CC      drivers/power/supply/max8903_charger.o
  CC      mm/pagewalk.o
  CC      lib/sort.o
  CC      drivers/clocksource/timer-of.o
  AR      drivers/input/mouse/built-in.a
  AR      drivers/input/built-in.a
  CC      drivers/base/power/wakeirq.o
  CC      lib/parser.o
  CC      kernel/printk/printk.o
  CC      fs/d_path.o
  CC      kernel/irq/irqdesc.o
  CC      drivers/firmware/arm_ffa/driver.o
  CC      kernel/locking/mutex-debug.o
  CC      drivers/base/regmap/regcache.o
  CC      kernel/printk/printk_safe.o
  CC      kernel/sched/build_utility.o
  CC      drivers/clocksource/timer-probe.o
  AR      drivers/power/supply/built-in.a
  CC      arch/arm64/kernel/paravirt.o
  AR      drivers/power/built-in.a
  CC      drivers/base/soc.o
  CC      lib/debug_locks.o
  CC      fs/stack.o
  CC      mm/pgtable-generic.o
  CC      drivers/base/power/clock_ops.o
  CC      lib/random32.o
  CC      kernel/locking/lockdep.o
  CC      kernel/irq/handle.o
  CC      arch/arm64/kernel/kaslr.o
  CC      drivers/base/regmap/regcache-rbtree.o
  CC      kernel/locking/spinlock.o
  CC      fs/fs_struct.o
  CC      drivers/clocksource/mmio.o
  CC      fs/statfs.o
  CC      lib/bust_spinlocks.o
  CC      drivers/clocksource/timer-ti-dm.o
  CC      fs/fs_pin.o
  AS      arch/arm64/kernel/vdso-wrap.o
  AS      arch/arm64/kernel/head.o
  LDS     arch/arm64/kernel/vmlinux.lds
  AR      arch/arm64/kernel/built-in.a
  AR      drivers/base/power/built-in.a
  AR      arch/arm64/built-in.a
  CC      drivers/clocksource/timer-npcm7xx.o
  CC      kernel/irq/manage.o
  CC      kernel/irq/spurious.o
  CC      mm/rmap.o
  CC      kernel/printk/nbcon.o
  CC      kernel/irq/resend.o
  CC      drivers/base/regmap/regcache-flat.o
  CC      kernel/rcu/update.o
  CC      lib/kasprintf.o
  CC      lib/bitmap.o
  CC      drivers/base/pinctrl.o
  CC      fs/nsfs.o
  CC      kernel/locking/osq_lock.o
  CC      fs/fs_dirent.o
  CC      drivers/clocksource/arm_arch_timer.o
  CC      mm/vmalloc.o
  CC      drivers/base/regmap/regcache-maple.o
  CC      kernel/printk/printk_ringbuffer.o
  CC      kernel/rcu/sync.o
  CC      kernel/locking/qspinlock.o
  CC      drivers/base/platform-msi.o
  CC      drivers/firmware/arm_ffa/smccc.o
  CC      mm/vma.o
  CC      kernel/irq/chip.o
  CC      drivers/base/regmap/regmap-debugfs.o
  CC      lib/scatterlist.o
  CC      kernel/rcu/srcutree.o
  CC      kernel/locking/spinlock_debug.o
  CC      kernel/rcu/tree.o
  AR      kernel/printk/built-in.a
  CC      fs/fs_context.o
  CC      kernel/irq/dummychip.o
  CC      drivers/base/arch_topology.o
  AR      drivers/firmware/arm_ffa/built-in.a
  CC      drivers/clocksource/arm_arch_timer_mmio.o
  CC      drivers/firmware/psci/psci.o
  CC      kernel/locking/qrwlock.o
  CC      lib/list_sort.o
  AR      kernel/sched/built-in.a
  CC      drivers/clocksource/timer-sp804.o
  CC      drivers/hid/hid-core.o
  CC      drivers/base/regmap/regmap-mmio.o
  CC      kernel/dma/mapping.o
  CC      drivers/hid/hid-input.o
  CC      lib/uuid.o
  CC      kernel/rcu/rcu_segcblist.o
  CC      lib/iov_iter.o
  CC      kernel/irq/devres.o
  AR      kernel/locking/built-in.a
  CC      drivers/clocksource/dummy_timer.o
  CC      mm/vma_exec.o
  CC      drivers/of/base.o
  CC      drivers/base/regmap/regmap-irq.o
  CC      fs/fs_parser.o
  AR      drivers/firmware/psci/built-in.a
  CC      drivers/of/cpu.o
  CC      drivers/firmware/smccc/smccc.o
  CC      drivers/of/device.o
  CC      drivers/hid/hid-quirks.o
  CC      kernel/dma/direct.o
  CC      drivers/firmware/smccc/kvm_guest.o
  CC      kernel/irq/kexec.o
  AR      drivers/clocksource/built-in.a
  CC      lib/clz_ctz.o
  CC      mm/mseal.o
  CC      kernel/entry/common.o
  CC      kernel/irq/generic-chip.o
  CC      kernel/dma/coherent.o
  CC      fs/fsopen.o
  CC      kernel/dma/swiotlb.o
  CC      kernel/dma/pool.o
  CC      drivers/of/module.o
  AR      drivers/base/regmap/built-in.a
  AR      drivers/base/built-in.a
  CC      drivers/hid/hid-debug.o
  CC      drivers/ssb/main.o
  AR      kernel/rcu/built-in.a
  CC      fs/init.o
  AR      drivers/firmware/smccc/built-in.a
  AR      drivers/firmware/built-in.a
  CC      kernel/irq/autoprobe.o
  CC      drivers/ssb/scan.o
  CC      lib/bsearch.o
  CC      kernel/stacktrace.o
  CC      kernel/dma/remap.o
  CC      drivers/of/platform.o
  CC      drivers/of/property.o
  CC      drivers/comedi/comedi_fops.o
  CC      mm/page_alloc.o
  AR      kernel/entry/built-in.a
  CC      drivers/extcon/extcon.o
  CC      drivers/ssb/driver_chipcommon.o
  CC      lib/find_bit.o
  CC      kernel/irq/irqdomain.o
  CC      mm/page_frag_cache.o
  CC      fs/kernel_read_file.o
  CC      kernel/irq/msi.o
  CC      drivers/comedi/range.o
  CC      drivers/of/fdt.o
  CC      drivers/hid/hid-generic.o
  CC      drivers/extcon/devres.o
  CC      lib/llist.o
  AR      kernel/dma/built-in.a
  CC      kernel/irq/ipi.o
  CC      lib/lwq.o
  CC      drivers/ssb/driver_chipcommon_pmu.o
  CC      kernel/irq/affinity.o
  CC      drivers/perf/arm-cci.o
  CC      lib/memweight.o
  CC      kernel/time/time.o
  AR      drivers/extcon/built-in.a
  CC      kernel/time/timer.o
  CC      drivers/perf/arm_pmu.o
  CC      fs/mnt_idmapping.o
  CC      lib/kfifo.o
  CC      kernel/time/hrtimer.o
  CC      drivers/perf/arm_pmu_platform.o
  CC      drivers/comedi/drivers.o
  CC      fs/remap_range.o
  CC      drivers/perf/arm_pmuv3.o
  AR      drivers/hid/built-in.a
  CC      mm/init-mm.o
  AS      drivers/of/empty_root.dtb.o
  CC      drivers/of/fdt_address.o
  AR      kernel/irq/built-in.a
  CC      drivers/of/address.o
  AR      drivers/ssb/built-in.a
  CC      drivers/comedi/comedi_buf.o
  CC      drivers/siox/siox-core.o
  AR      drivers/comedi/kcomedilib/built-in.a
  CC      mm/memblock.o
  CC      kernel/time/sleep_timeout.o
  CC      lib/percpu-refcount.o
  CC      drivers/perf/arm_brbe.o
  CC      kernel/smp.o
  CC      drivers/of/irq.o
  AR      drivers/comedi/drivers/tests/built-in.a
  CC      fs/pidfs.o
  AR      drivers/comedi/drivers/built-in.a
  CC      kernel/kallsyms.o
  CC      kernel/cgroup/cgroup.o
  CC      kernel/stop_machine.o
  CC      drivers/of/of_reserved_mem.o
  CC      kernel/time/timekeeping.o
  AR      drivers/siox/built-in.a
  AR      drivers/comedi/built-in.a
  CC      kernel/watchdog.o
  CC      kernel/cgroup/rstat.o
  CC      kernel/seccomp.o
  CC      mm/slub.o
  CC      lib/rhashtable.o
  CC      fs/file_attr.o
  CC      kernel/irq_work.o
  CC      kernel/events/core.o
  CC      kernel/cgroup/namespace.o
  AR      drivers/perf/built-in.a
  CC      lib/base64.o
  AR      drivers/of/built-in.a
  AR      drivers/built-in.a
  CC      kernel/events/ring_buffer.o
  CC      fs/fserror.o
  CC      mm/dmapool.o
  CC      fs/nullfs.o
  CC      mm/sparse.o
  CC      kernel/time/ntp.o
  CC      kernel/cgroup/cgroup-v1.o
  CC      kernel/events/callchain.o
  CC      mm/sparse-vmemmap.o
  CC      lib/once.o
  CC      kernel/jump_label.o
  CC      kernel/cgroup/freezer.o
  CC      kernel/events/hw_breakpoint.o
  CC      kernel/time/clocksource.o
  CC      lib/refcount.o
  CC      kernel/cgroup/cpuset.o
  CC      fs/anon_inodes.o
  CC      mm/memtest.o
  CC      kernel/context_tracking.o
  CC      lib/rcuref.o
  CC      mm/early_ioremap.o
  CC      mm/secretmem.o
  CC      fs/binfmt_script.o
  CC      lib/usercopy.o
  CC      lib/errseq.o
  CC      kernel/time/jiffies.o
  CC      lib/bucket_locks.o
  CC      kernel/cgroup/misc.o
  CC      mm/ioremap.o
  CC      lib/generic-radix-tree.o
  CC      lib/bitmap-str.o
  CC      fs/binfmt_elf.o
  AR      fs/iomap/built-in.a
  CC      kernel/iomem.o
  CC      kernel/time/timer_list.o
  CC      fs/kernfs/mount.o
  CC      lib/string_helpers.o
  CC      kernel/time/timeconv.o
  CC      lib/hexdump.o
  CC      kernel/rseq.o
  CC      kernel/time/timecounter.o
  CC      fs/devpts/inode.o
  CC      fs/ramfs/inode.o
  CC      kernel/time/alarmtimer.o
  CC      fs/ramfs/file-mmu.o
  CC      fs/kernfs/inode.o
  AR      mm/built-in.a
  CC      fs/debugfs/inode.o
  CC      fs/debugfs/file.o
  CC      kernel/time/posix-stubs.o
  CC      kernel/watch_queue.o
  CC      kernel/time/clockevents.o
  CC      fs/kernfs/dir.o
  AR      kernel/cgroup/built-in.a
  CC      lib/kstrtox.o
  CC      kernel/time/tick-common.o
  CC      fs/kernfs/file.o
  CC      kernel/time/tick-broadcast.o
  CC      lib/math/div64.o
  AR      fs/ramfs/built-in.a
  AR      fs/devpts/built-in.a
  CC      fs/kernfs/symlink.o
  CC      lib/math/gcd.o
  CC      lib/math/lcm.o
  CC      lib/math/int_log.o
  CC      kernel/time/sched_clock.o
  CC      lib/crc/crc32-main.o
  CC      lib/math/int_pow.o
  CC      lib/math/int_sqrt.o
  CC      lib/crypto/blake2s.o
  AS      lib/crc/arm64/crc32-core.o
  CC      lib/math/reciprocal_div.o
  CC      lib/crypto/chacha-block-generic.o
  CC      lib/math/rational.o
  CC      kernel/time/vsyscall.o
  AR      fs/debugfs/built-in.a
  CC      lib/vdso/datastore.o
  CC      kernel/time/timekeeping_debug.o
  CC      lib/iomap_copy.o
  CC      lib/devres.o
  CC      lib/cache_maint.o
  AR      kernel/events/built-in.a
  CC      lib/hweight.o
  CC      lib/list_debug.o
  CC      lib/xxhash.o
  CC      lib/genalloc.o
  CC      lib/zlib_inflate/inffast.o
  AR      lib/crc/built-in.a
  CC      lib/zlib_inflate/inflate.o
  CC      lib/lzo/lzo1x_decompress_safe.o
  AR      lib/math/built-in.a
  CC      lib/zlib_inflate/infutil.o
  CC      lib/lz4/lz4_decompress.o
  CC      lib/zlib_inflate/inftrees.o
  AR      lib/crypto/built-in.a
  AR      fs/kernfs/built-in.a
  CC      lib/zlib_inflate/inflate_syms.o
  AR      fs/built-in.a
  CC      lib/zstd/zstd_decompress_module.o
  CC      lib/zstd/decompress/huf_decompress.o
  CC      lib/zstd/decompress/zstd_ddict.o
  CC      lib/xz/xz_dec_syms.o
  CC      lib/percpu_counter.o
  AR      lib/vdso/built-in.a
  CC      lib/xz/xz_dec_stream.o
  CC      lib/zstd/decompress/zstd_decompress.o
  CC      lib/zstd/decompress/zstd_decompress_block.o
  CC      lib/xz/xz_dec_lzma2.o
  CC      lib/xz/xz_dec_bcj.o
  AR      kernel/time/built-in.a
  AR      kernel/built-in.a
  CC      lib/notifier-error-inject.o
  CC      lib/zstd/zstd_common_module.o
  CC      lib/zstd/common/debug.o
  AR      lib/lzo/built-in.a
  CC      lib/zstd/common/entropy_common.o
  CC      lib/pm-notifier-error-inject.o
  AR      lib/zlib_inflate/built-in.a
  CC      lib/zstd/common/error_private.o
  CC      lib/syscall.o
  CC      lib/checksum.o
  CC      lib/zstd/common/fse_decompress.o
  CC      lib/glob.o
  CC      lib/zstd/common/zstd_common.o
  CC      lib/strncpy_from_user.o
  CC      lib/strnlen_user.o
  CC      lib/group_cpus.o
  CC      lib/devmem_is_allowed.o
  AR      lib/lib.a
  AR      lib/xz/built-in.a
  AR      lib/zstd/built-in.a
  AR      lib/lz4/built-in.a
  AR      lib/built-in.a
  AR      built-in.a
  AR      built-in-fixup.a
  COPY    vmlinux.a
  LD      vmlinux.o
  MODPOST vmlinux.symvers
  CC      .vmlinux.export.o
  UPD     include/generated/utsversion.h
  CC      init/version-timestamp.o
  KSYMS   .tmp_vmlinux0.kallsyms.S
  AS      .tmp_vmlinux0.kallsyms.o
  LD      .tmp_vmlinux1
  NM      .tmp_vmlinux1.syms
  KSYMS   .tmp_vmlinux1.kallsyms.S
  AS      .tmp_vmlinux1.kallsyms.o
  LD      .tmp_vmlinux2
  NM      .tmp_vmlinux2.syms
  KSYMS   .tmp_vmlinux2.kallsyms.S
  AS      .tmp_vmlinux2.kallsyms.o
  LD      vmlinux.unstripped
  NM      System.map
  SORTTAB vmlinux.unstripped
  OBJCOPY vmlinux
  GEN     modules.builtin.modinfo
  GEN     modules.builtin
  OBJCOPY arch/arm64/boot/Image
make[4]: Leaving directory '/home/benni/git/kernel-test/build/rand500config-arm64'
make[3]: Leaving directory '/home/benni/git/linux'
