make[3]: Entering directory '/home/benni/git/linux'
make[4]: Entering directory '/home/benni/git/kernel-test/build/rand500config-x86_64'
#
# No change to .config
#
make[4]: Leaving directory '/home/benni/git/kernel-test/build/rand500config-x86_64'
make[3]: Leaving directory '/home/benni/git/linux'
make[3]: Entering directory '/home/benni/git/linux'
make[4]: Entering directory '/home/benni/git/kernel-test/build/rand500config-x86_64'
  SYNC    include/config/auto.conf
  HOSTCC  arch/x86/tools/relocs_32.o
  HOSTCC  arch/x86/tools/relocs_64.o
  HOSTCC  scripts/sorttable.o
  HOSTLD  arch/x86/tools/relocs
  HOSTLD  scripts/sorttable
  DESCEND objtool
  CC      scripts/mod/empty.o
  CC      scripts/mod/devicetable-offsets.s
  MKELF   scripts/mod/elfconfig.h
  HOSTCC  scripts/mod/modpost.o
  HOSTCC  scripts/mod/sumversion.o
  HOSTCC  scripts/mod/symsearch.o
  HOSTCC  scripts/mod/file2alias.o
  HOSTLD  scripts/mod/modpost
  CC      kernel/bounds.s
  UPD     include/generated/bounds.h
  CC      arch/x86/kernel/asm-offsets.s
  UPD     include/generated/asm-offsets.h
  CC      kernel/sched/rq-offsets.s
  UPD     include/generated/rq-offsets.h
  CALL    /home/benni/git/linux/scripts/checksyscalls.sh 
  GEN     usr/initramfs_data.cpio
  AS      arch/x86/boot/startup/la57toggle.o
  AS      arch/x86/entry/entry.o
  AS      arch/x86/entry/entry_64.o
  CC      arch/x86/realmode/init.o
  CC      arch/x86/boot/startup/gdt_idt.o
  CC      init/main.o
  CC      net/devres.o
  CC      arch/x86/events/core.o
  AS      arch/x86/lib/bhi.o
  COPY    usr/initramfs_inc_data
  CC      drivers/phy/phy-core.o
  AS      usr/initramfs_data.o
  CC      arch/x86/entry/syscall_64.o
  AS      arch/x86/lib/clear_page_64.o
  CC      arch/x86/boot/startup/map_kernel.o
  CC      security/keys/gc.o
  AS      arch/x86/realmode/rm/header.o
  CC      net/socket.o
  CC      arch/x86/events/probe.o
  UPD     init/utsversion-tmp.h
  CC      arch/x86/lib/cmdline.o
  CC      drivers/phy/phy-can-transceiver.o
  CC      init/do_mounts.o
  CC      arch/x86/entry/common.o
  AS      arch/x86/realmode/rm/trampoline_64.o
  AR      arch/x86/boot/startup/lib.a
  AR      usr/built-in.a
  CC      security/keys/key.o
  CC      arch/x86/events/utils.o
  AS      arch/x86/realmode/rm/reboot.o
  AS      arch/x86/lib/cmpxchg16b_emu.o
  PASYMS  arch/x86/realmode/rm/pasyms.h
  OBJCOPY arch/x86/boot/startup/gdt_idt.pi.o
  CC      arch/x86/lib/copy_mc.o
  OBJCOPY arch/x86/boot/startup/map_kernel.pi.o
  CC      init/do_mounts_initrd.o
  AR      arch/x86/boot/startup/built-in.a
  CC      crypto/api.o
  CC      arch/x86/entry/vdso/vma.o
  LDS     arch/x86/realmode/rm/realmode.lds
  CC      security/keys/keyring.o
  CC      fs/open.o
  CC      drivers/phy/broadcom/phy-bcm-kona-usb2.o
  CC      mm/filemap.o
  CC      net/ethernet/eth.o
  CC      kernel/fork.o
  AS      arch/x86/lib/copy_mc_64.o
  CC      lib/argv_split.o
  CC      arch/x86/events/amd/core.o
  LD      arch/x86/realmode/rm/realmode.elf
  RELOCS  arch/x86/realmode/rm/realmode.relocs
  CC      init/initramfs.o
  AS      arch/x86/kernel/head_64.o
  CC      arch/x86/entry/vdso/extable.o
  OBJCOPY arch/x86/realmode/rm/realmode.bin
  AS      arch/x86/lib/copy_page_64.o
  CC      crypto/cipher.o
  CC      security/keys/keyctl.o
  CC      lib/buildid.o
  AS      arch/x86/realmode/rmpiggy.o
  AR      drivers/phy/broadcom/built-in.a
  CC      security/keys/permission.o
  CC      fs/read_write.o
  AR      net/ethernet/built-in.a
  CC      mm/mempool.o
  AS      arch/x86/lib/copy_user_64.o
  CC      kernel/exec_domain.o
  CC      arch/x86/kernel/head64.o
  CC      arch/x86/events/amd/lbr.o
  CC      init/calibrate.o
  CC      crypto/crypto_engine.o
  AS      arch/x86/lib/copy_user_uncached_64.o
  CC      lib/cmdline.o
  CC      security/keys/process_keys.o
  CC      arch/x86/events/amd/ibs.o
  CC      arch/x86/kernel/ebda.o
  CC      fs/file_table.o
  CC      mm/oom_kill.o
  AR      arch/x86/realmode/built-in.a
  CC      kernel/exec_state.o
  CC      arch/x86/events/msr.o
  CC      arch/x86/lib/cpu.o
  CC      init/init_task.o
  CC      lib/ctype.o
  CC      fs/super.o
  AS      arch/x86/entry/vdso/vdso64/note.o
  CC      crypto/algapi.o
  CC      lib/dec_and_lock.o
  CC      kernel/panic.o
  AR      arch/x86/events/amd/built-in.a
  CC      init/version.o
  CC      mm/fadvise.o
  CC      arch/x86/kernel/platform-quirks.o
  CC      security/keys/request_key.o
  CC      arch/x86/entry/vdso/vdso64/vclock_gettime.o
  CC      lib/decompress.o
  AS      arch/x86/lib/csum-copy_64.o
  CC      fs/char_dev.o
  CC      security/commoncap.o
  CC      arch/x86/kernel/process_64.o
  CC      crypto/scatterwalk.o
  CC      arch/x86/entry/vdso/vdso64/vgetcpu.o
  CC      arch/x86/lib/csum-partial_64.o
  CC      lib/decompress_bunzip2.o
  CC      kernel/cpu.o
  CC      mm/maccess.o
  CC      security/keys/request_key_auth.o
  CC      arch/x86/events/intel/core.o
  CC      arch/x86/entry/vdso/vdso64/vgetrandom.o
  CC      arch/x86/mm/init.o
  CC      kernel/exit.o
  CC      net/core/sock.o
  CC      fs/stat.o
  CC      crypto/proc.o
  AS      arch/x86/entry/vdso/vdso64/vgetrandom-chacha.o
  CC      arch/x86/lib/csum-wrappers_64.o
  CC      arch/x86/kernel/signal.o
  CC      arch/x86/lib/delay.o
  CC      mm/page-writeback.o
  CC      security/keys/user_defined.o
  CC      lib/decompress_inflate.o
  CC      crypto/aead.o
  VDSO    arch/x86/entry/vdso/vdso64/vdso64.so.dbg
  CC      arch/x86/mm/init_64.o
  CC      arch/x86/events/intel/bts.o
  AS      arch/x86/entry/thunk.o
  CC      kernel/softirq.o
  AS      arch/x86/lib/getuser.o
  CC      fs/exec.o
  CC      fs/pipe.o
  OBJCOPY arch/x86/entry/vdso/vdso64/vdso64.so
  CC      net/core/skbuff.o
  AR      drivers/phy/built-in.a
  CC      mm/folio-compat.o
  CC      crypto/lskcipher.o
  VDSO2C  arch/x86/entry/vdso/vdso64/vdso64-image.c
  CC      arch/x86/kernel/signal_64.o
  CC      security/keys/proc.o
  CC      lib/decompress_unlz4.o
  CC      arch/x86/entry/vdso/vdso64/vdso64-image.o
  CC      arch/x86/lib/inat.o
  CC      arch/x86/mm/fault.o
  CC      arch/x86/events/zhaoxin/core.o
  CC      kernel/resource.o
  CC      arch/x86/events/intel/ds.o
  CC      security/min_addr.o
  CC      lib/decompress_unlzma.o
  CC      fs/namei.o
  AR      arch/x86/entry/vdso/vdso64/built-in.a
  CC      mm/readahead.o
  CC      crypto/skcipher.o
  CC      security/keys/sysctl.o
  CC      arch/x86/lib/insn-eval.o
  CC      arch/x86/kernel/traps.o
  CC      net/core/datagram.o
  CC      arch/x86/mm/ioremap.o
  AR      arch/x86/events/zhaoxin/built-in.a
  AR      arch/x86/entry/vdso/built-in.a
  CC      arch/x86/events/intel/knc.o
  CC      kernel/sysctl.o
  CC      lib/decompress_unlzo.o
  CC      mm/swap.o
  CC      drivers/gpio/gpiolib.o
  CC      crypto/bpf_crypto_skcipher.o
  CC      arch/x86/lib/insn.o
  CC      arch/x86/kernel/idt.o
  CC      fs/fcntl.o
  CC      security/keys/trusted-keys/trusted_core.o
  AR      arch/x86/entry/built-in.a
  CC      net/core/stream.o
  CC      arch/x86/mm/extable.o
  CC      net/sched/sch_generic.o
  CC      drivers/gpio/gpiolib-devres.o
  CC      lib/decompress_unxz.o
  CC      kernel/capability.o
  CC      mm/truncate.o
  AS      arch/x86/lib/memcpy_64.o
  CC      arch/x86/events/intel/lbr.o
  CC      crypto/ahash.o
  CC      arch/x86/events/intel/p4.o
  CC      arch/x86/kernel/irq.o
  CC      arch/x86/mm/mmap.o
  AR      security/keys/trusted-keys/built-in.a
  CC      fs/ioctl.o
  CC      net/core/scm.o
  AS      arch/x86/lib/memmove_64.o
  CC      lib/decompress_unzstd.o
  CC      drivers/gpio/gpiolib-legacy.o
  CC      net/sched/sch_mq.o
  CC      kernel/ptrace.o
  CC      mm/vmscan.o
  AS      arch/x86/lib/memset_64.o
  CC      crypto/shash.o
  CC      arch/x86/events/intel/p6.o
  CC      arch/x86/kernel/irq_64.o
  AR      security/keys/built-in.a
  CC      arch/x86/mm/pgtable.o
  CC      fs/readdir.o
  CC      lib/dump_stack.o
  CC      drivers/gpio/gpiolib-cdev.o
  CC      net/core/gen_stats.o
  CC      kernel/user.o
  CC      arch/x86/lib/misc.o
  AR      net/sched/built-in.a
  CC      fs/select.o
  AR      security/built-in.a
  CC      arch/x86/events/intel/pt.o
  CC      crypto/akcipher.o
  CC      mm/shrinker.o
  CC      arch/x86/mm/physaddr.o
  CC      arch/x86/kernel/dumpstack_64.o
  CC      arch/x86/lib/pc-conf-reg.o
  CC      lib/earlycpio.o
  CC      drivers/gpio/gpiolib-swnode.o
  CC      kernel/signal.o
  CC      net/core/gen_estimator.o
  CC      crypto/kpp.o
  CC      arch/x86/mm/tlb.o
  CC      lib/extable.o
  CC      kernel/sys.o
  AS      arch/x86/lib/putuser.o
  CC      mm/shmem.o
  CC      arch/x86/lib/usercopy.o
  CC      arch/x86/kernel/time.o
  CC      fs/dcache.o
  AR      arch/x86/events/intel/built-in.a
  CC      drivers/gpio/gpio-regmap.o
  CC      lib/flex_proportions.o
  CC      net/core/net_namespace.o
  CC      crypto/acompress.o
  CC      drivers/video/console/dummycon.o
  CC      mm/util.o
  CC      arch/x86/mm/cpu_entry_area.o
  CC      arch/x86/virt/svm/cmdline.o
  CC      arch/x86/lib/usercopy_64.o
  CC      kernel/umh.o
  AR      arch/x86/events/built-in.a
  CC      arch/x86/kernel/ioport.o
  CC      arch/x86/lib/msr.o
  CC      lib/idr.o
  CC      fs/inode.o
  CC      net/netlink/af_netlink.o
  CC      drivers/gpio/gpio-aggregator.o
  AR      arch/x86/virt/svm/built-in.a
  CC      drivers/video/console/vgacon.o
  CC      net/core/secure_seq.o
  CC      crypto/scompress.o
  CC      arch/x86/mm/maccess.o
  CC      net/bpf/test_run.o
  CC      kernel/workqueue.o
  CC      mm/mmzone.o
  CC      lib/iomem_copy.o
  AS      arch/x86/lib/msr-reg.o
  CC      arch/x86/kernel/dumpstack.o
  CC      fs/attr.o
  CC      arch/x86/mm/pgprot.o
  AR      drivers/video/console/built-in.a
  CC      drivers/gpio/gpio-max7300.o
  CC      net/core/flow_dissector.o
  CC      net/netlink/genetlink.o
  AR      arch/x86/virt/built-in.a
  CC      crypto/algboss.o
  CC      arch/x86/lib/msr-reg-export.o
  CC      lib/irq_regs.o
  CC      mm/vmstat.o
  CC      kernel/pid.o
  CC      arch/x86/kernel/nmi.o
  AR      net/bpf/built-in.a
  AS      arch/x86/lib/hweight.o
  AR      drivers/video/fbdev/core/built-in.a
  CC      fs/bad_inode.o
  CC      drivers/gpio/gpio-max730x.o
  CC      lib/is_single_threaded.o
  CC      net/netlink/policy.o
  CC      arch/x86/kernel/setup.o
  CC      net/core/sysctl_net_core.o
  CC      arch/x86/mm/pat/set_memory.o
  CC      crypto/testmgr.o
  CC      mm/backing-dev.o
  CC      arch/x86/mm/pat/memtype.o
  CC      arch/x86/lib/iomem.o
  CC      crypto/streebog_generic.o
  CC      kernel/task_work.o
  CC      lib/klist.o
  AR      drivers/video/fbdev/built-in.a
  CC      fs/file.o
  CC      drivers/gpio/gpio-mpfs.o
  CC      arch/x86/kernel/x86_init.o
  CC      drivers/gpio/gpio-sch311x.o
  CC      fs/filesystems.o
  AR      arch/x86/mm/pat/built-in.a
  AR      net/netlink/built-in.a
  CC      net/core/dev.o
  CC      lib/kobject.o
  CC      mm/mm_init.o
  CC      kernel/extable.o
  AR      arch/x86/lib/lib.a
  CC      crypto/ecb.o
  AR      drivers/video/built-in.a
  CC      arch/x86/kernel/i8259.o
  AR      arch/x86/mm/built-in.a
  CC      kernel/params.o
  CC      drivers/gpio/gpio-ws16c48.o
  CC      fs/namespace.o
  AR      arch/x86/lib/built-in.a
  CC      lib/kobject_uevent.o
  CC      crypto/cbc.o
  CC      arch/x86/kernel/irqinit.o
  CC      mm/percpu.o
  CC      fs/seq_file.o
  CC      net/core/dev_api.o
  CC      net/ipv6/addrconf_core.o
  CC      net/ethtool/ioctl.o
  CC      net/core/dev_addr_lists.o
  AR      drivers/gpio/built-in.a
  CC      net/ethtool/netlink.o
  CC      net/ethtool/common.o
  CC      net/ethtool/bitset.o
  CC      kernel/kthread.o
  CC      crypto/aes.o
  CC      net/core/dst.o
  CC      fs/xattr.o
  CC      lib/logic_pio.o
  CC      arch/x86/kernel/irq_work.o
  CC      arch/x86/kernel/jump_label.o
  CC      mm/slab_common.o
  CC      net/ipv6/exthdrs_core.o
  CC      arch/x86/kernel/probe_roms.o
  CC      kernel/sys_ni.o
  CC      arch/x86/kernel/sys_x86_64.o
  CC      crypto/cast_common.o
  CC      mm/compaction.o
  CC      net/ethtool/strset.o
  CC      net/core/netevent.o
  CC      lib/maple_tree.o
  CC      net/ipv6/ip6_checksum.o
  CC      mm/show_mem.o
  CC      fs/libfs.o
  CC      kernel/nsproxy.o
  CC      fs/fs-writeback.o
  CC      crypto/cast6_generic.o
  CC      drivers/char/ipmi/ipmi_msghandler.o
  CC      net/sysctl_net.o
  CC      net/lapb/lapb_in.o
  CC      arch/x86/kernel/ksysfs.o
  CC      net/ethtool/linkinfo.o
  CC      crypto/chacha.o
  CC      net/lapb/lapb_out.o
  AR      init/built-in.a
  CC      net/core/neighbour.o
  CC      mm/interval_tree.o
  CC      lib/memcat_p.o
  CC      net/ipv6/ip6_icmp.o
  CC      drivers/char/ipmi/ipmi_devintf.o
  CC      kernel/nstree.o
  CC      net/ethtool/linkmodes.o
  CC      fs/pnode.o
  CC      drivers/char/ipmi/ipmi_si_intf.o
  CC      crypto/crc32.o
  CC      arch/x86/kernel/bootflag.o
  CC      net/core/rtnetlink.o
  CC      kernel/nscommon.o
  CC      drivers/char/ipmi/ipmi_kcs_sm.o
  CC      lib/nmi_backtrace.o
  CC      net/lapb/lapb_subr.o
  CC      fs/splice.o
  AR      net/ipv6/built-in.a
  CC      mm/list_lru.o
  CC      crypto/lzo.o
  CC      net/ethtool/rss.o
  CC      fs/sync.o
  CC      arch/x86/kernel/e820.o
  CC      mm/workingset.o
  CC      kernel/notifier.o
  CC      net/core/utils.o
  CC      drivers/char/ipmi/ipmi_smic_sm.o
  CC      lib/objpool.o
  CC      net/ethtool/linkstate.o
  CC      crypto/lzo-rle.o
  CC      arch/x86/kernel/pci-dma.o
  CC      mm/debug.o
  CC      net/lapb/lapb_timer.o
  CC      fs/utimes.o
  CC      kernel/ksysfs.o
  CC      drivers/virtio/virtio.o
  CC      lib/plist.o
  CC      drivers/char/ipmi/ipmi_bt_sm.o
  CC      net/core/link_watch.o
  CC      net/ife/ife.o
  CC      crypto/lz4.o
  CC      drivers/char/mem.o
  CC      arch/x86/kernel/quirks.o
  CC      net/ethtool/debug.o
  CC      mm/gup.o
  CC      net/lapb/lapb_iface.o
  CC      drivers/tty/tty_io.o
  CC      lib/radix-tree.o
  CC      kernel/cred.o
  CC      fs/d_path.o
  CC      drivers/virtio/virtio_ring.o
  CC      lib/ratelimit.o
  CC      drivers/char/ipmi/ipmi_si_hotmod.o
  CC      crypto/af_alg.o
  CC      net/core/filter.o
  CC      drivers/char/random.o
  AR      net/ife/built-in.a
  CC      drivers/char/misc.o
  CC      net/ethtool/wol.o
  CC      arch/x86/kernel/kdebugfs.o
  CC      net/ethtool/features.o
  CC      mm/mmap_lock.o
  AR      net/lapb/built-in.a
  CC      drivers/tty/n_tty.o
  CC      kernel/reboot.o
  CC      lib/rbtree.o
  CC      drivers/virtio/virtio_anchor.o
  CC      fs/stack.o
  CC      drivers/char/ipmi/ipmi_si_hardcode.o
  CC      net/core/sock_diag.o
  CC      crypto/algif_hash.o
  AR      drivers/char/built-in.a
  CC      arch/x86/kernel/alternative.o
  CC      mm/vma_init.o
  CC      net/ethtool/privflags.o
  CC      drivers/char/ipmi/ipmi_si_platform.o
  CC      drivers/tty/tty_ioctl.o
  CC      fs/fs_struct.o
  CC      lib/seq_buf.o
  CC      drivers/char/ipmi/ipmi_si_mem_io.o
  CC      kernel/async.o
  AR      drivers/virtio/built-in.a
  CC      net/ethtool/rings.o
  CC      drivers/char/ipmi/ipmi_si_port_io.o
  CC      drivers/char/ipmi/ipmi_plat_data.o
  CC      net/core/dev_ioctl.o
  CC      arch/x86/kernel/i8253.o
  CC      crypto/ecc.o
  CC      drivers/tty/tty_ldisc.o
  CC      net/ethtool/channels.o
  CC      lib/siphash.o
  CC      mm/highmem.o
  CC      fs/statfs.o
  CC      kernel/range.o
  CC      net/ethtool/coalesce.o
  CC      lib/string.o
  CC      drivers/tty/tty_buffer.o
  AR      drivers/char/ipmi/built-in.a
  CC      net/core/tso.o
  CC      crypto/ecdh.o
  CC      kernel/smpboot.o
  CC      arch/x86/kernel/hw_breakpoint.o
  CC      lib/sys_info.o
  CC      crypto/ecdh_helper.o
  CC      mm/memory.o
  CC      net/ethtool/pause.o
  CC      lib/timerqueue.o
  CC      fs/fs_pin.o
  CC      fs/nsfs.o
  CC      drivers/misc/enclosure.o
  CC      lib/vsprintf.o
  CC      drivers/tty/tty_port.o
  CC      kernel/ucount.o
  AR      crypto/built-in.a
  CC      kernel/regset.o
  CC      drivers/misc/c2port/core.o
  CC      fs/fs_dirent.o
  CC      net/core/sock_reuseport.o
  CC      arch/x86/kernel/tsc.o
  CC      drivers/base/component.o
  CC      net/ethtool/eee.o
  CC      mm/mincore.o
  CC      lib/win_minmax.o
  CC      drivers/tty/tty_mutex.o
  CC      fs/fs_context.o
  CC      fs/fs_parser.o
  CC      lib/xarray.o
  CC      kernel/ksyms_common.o
  AR      drivers/misc/c2port/built-in.a
  CC      drivers/base/core.o
  CC      arch/x86/kernel/tsc_msr.o
  CC      net/ethtool/tsinfo.o
  CC      lib/lockref.o
  CC      net/core/fib_notifier.o
  CC      mm/mlock.o
  CC      drivers/tty/tty_ldsem.o
  CC      drivers/base/bus.o
  CC      net/core/xdp.o
  CC      fs/fsopen.o
  CC      drivers/base/dd.o
  CC      net/ethtool/cabletest.o
  CC      arch/x86/kernel/io_delay.o
  CC      drivers/mfd/88pm800.o
  CC      lib/bcd.o
  CC      arch/x86/kernel/rtc.o
  AR      drivers/misc/built-in.a
  CC      lib/sort.o
  CC      drivers/tty/tty_baudrate.o
  CC      fs/init.o
  CC      kernel/sched/core.o
  CC      mm/mmap.o
  CC      drivers/tty/tty_jobctrl.o
  CC      drivers/mfd/88pm80x.o
  CC      net/core/flow_offload.o
  CC      drivers/base/syscore.o
  CC      net/ethtool/tunnels.o
  CC      kernel/sched/fair.o
  CC      drivers/tty/n_null.o
  CC      drivers/base/driver.o
  CC      drivers/base/class.o
  CC      mm/mmu_gather.o
  CC      lib/parser.o
  CC      drivers/mfd/wm8994-core.o
  CC      arch/x86/kernel/resource.o
  CC      fs/kernel_read_file.o
  CC      drivers/tty/pty.o
  CC      net/ethtool/fec.o
  CC      drivers/base/platform.o
  AS      arch/x86/kernel/irqflags.o
  CC      kernel/sched/build_policy.o
  CC      drivers/base/cpu.o
  CC      net/core/gro.o
  CC      kernel/sched/build_utility.o
  CC      drivers/base/firmware.o
  AR      drivers/dax/built-in.a
  CC      mm/mprotect.o
  CC      net/ethtool/eeprom.o
  CC      lib/debug_locks.o
  CC      arch/x86/kernel/static_call.o
  CC      net/core/netdev-genl.o
  CC      drivers/mfd/wm8994-irq.o
  CC      fs/mnt_idmapping.o
  CC      drivers/base/init.o
  CC      arch/x86/kernel/process.o
  CC      drivers/mfd/wm8994-regmap.o
  CC      lib/random32.o
  CC      drivers/dma-buf/dma-buf.o
  AR      kernel/sched/built-in.a
  CC      net/core/netdev-genl-gen.o
  CC      drivers/tty/vt/vt_ioctl.o
  CC      drivers/mfd/mfd-core.o
  CC      net/ethtool/stats.o
  CC      mm/mremap.o
  CC      fs/remap_range.o
  CC      drivers/base/map.o
  CC      net/core/netdev_work.o
  CC      kernel/locking/mutex.o
  CC      drivers/base/devres.o
  CC      lib/bust_spinlocks.o
  CC      drivers/base/attribute_container.o
  CC      drivers/tty/serial/serial_core.o
  CC      drivers/dma-buf/dma-fence.o
  CC      mm/msync.o
  CC      drivers/mfd/mt6360-core.o
  CC      arch/x86/kernel/ptrace.o
  CC      drivers/tty/vt/vc_screen.o
  CC      kernel/locking/semaphore.o
  CC      net/ethtool/phc_vclocks.o
  CC      arch/x86/kernel/fpu/init.o
  CC      lib/kasprintf.o
  CC      fs/pidfs.o
  CC      drivers/base/transport_class.o
  CC      net/core/gso.o
  CC      mm/page_vma_mapped.o
  CC      drivers/tty/serial/serial_base_bus.o
  CC      kernel/locking/rwsem.o
  CC      drivers/dma-buf/dma-fence-array.o
  CC      lib/bitmap.o
  CC      drivers/tty/vt/selection.o
  CC      arch/x86/kernel/fpu/bugs.o
  CC      kernel/power/qos.o
  CC      drivers/base/topology.o
  CC      mm/pagewalk.o
  CC      drivers/mfd/kempld-core.o
  CC      net/ethtool/mm.o
  CC      fs/file_attr.o
  CC      drivers/dma-buf/dma-fence-chain.o
  CC      drivers/tty/serial/serial_ctrl.o
  CC      net/core/net-sysfs.o
  CC      lib/scatterlist.o
  CC      drivers/tty/serial/serial_port.o
  CC      arch/x86/kernel/fpu/core.o
  CC      kernel/locking/percpu-rwsem.o
  CC      net/ethtool/module.o
  CC      kernel/printk/printk.o
  CC      drivers/tty/vt/keyboard.o
  CC      drivers/mfd/rt5120.o
  CC      drivers/base/container.o
  AR      kernel/power/built-in.a
  CC      mm/pgtable-generic.o
  CC      fs/fserror.o
  CC      drivers/dma-buf/dma-fence-unwrap.o
  CC      mm/rmap.o
  CC      kernel/locking/irqflag-debug.o
  CC      lib/list_sort.o
  CC      net/ethtool/cmis_fw_update.o
  CC      drivers/tty/serial/earlycon.o
  CC      arch/x86/kernel/fpu/regset.o
  CC      net/core/hotdata.o
  CC      kernel/locking/mutex-debug.o
  CC      net/ethtool/cmis_cdb.o
  CC      arch/x86/kernel/fpu/signal.o
  CC      drivers/base/property.o
  CC      drivers/tty/vt/vt.o
  CC      kernel/printk/printk_safe.o
  CC      drivers/mfd/simple-mfd-i2c.o
  CC      drivers/dma-buf/dma-resv.o
  CC      lib/uuid.o
  CC      fs/nullfs.o
  CC      mm/vmalloc.o
  CC      lib/iov_iter.o
  CC      net/core/netdev_config.o
  CC      arch/x86/kernel/step.o
  CC      kernel/printk/nbcon.o
  CC      mm/vma.o
  CC      drivers/base/cacheinfo.o
  CC      drivers/dma-buf/dma-buf-mapping.o
  AR      drivers/mfd/built-in.a
  CC      net/ethtool/pse-pd.o
  CC      drivers/tty/vt/defkeymap.o
  CC      kernel/locking/lockdep.o
  CC      arch/x86/kernel/fpu/xstate.o
  CC      drivers/tty/serial/8250/8250_core.o
  CC      fs/proc_namespace.o
  CC      kernel/irq/irqdesc.o
  CC      drivers/dma-buf/dma-heap.o
  CC      drivers/tty/vt/consolemap.o
  CC      kernel/printk/printk_ringbuffer.o
  CC      arch/x86/kernel/stacktrace.o
  CC      drivers/base/swnode.o
  CC      lib/clz_ctz.o
  CC      net/core/netdev_rx_queue.o
  CC      drivers/tty/serial/arc_uart.o
  AR      arch/x86/kernel/fpu/built-in.a
  CC      net/ethtool/plca.o
  CC      drivers/tty/serial/8250/8250_platform.o
  CC      mm/vma_exec.o
  CC      kernel/irq/handle.o
  CC      kernel/locking/lockdep_proc.o
  CC      lib/bsearch.o
  CC      drivers/dma-buf/sync_file.o
  CC      drivers/base/faux.o
  CC      kernel/locking/rtmutex_api.o
  CC      kernel/printk/sysctl.o
  CC      drivers/tty/vt/consolemap_deftbl.o
  CC      fs/anon_inodes.o
  CC      drivers/tty/serial/8250/8250_port.o
  CC      net/ethtool/phy.o
  CC      mm/mseal.o
  CC      net/core/netdev_queues.o
  CC      drivers/tty/vt/ucs.o
  CC      net/core/page_pool.o
  CC      kernel/irq/manage.o
  AR      drivers/dma-buf/built-in.a
  CC      drivers/base/isa.o
  CC      kernel/locking/spinlock.o
  CC      lib/find_bit.o
  CC      drivers/tty/serial/8250/8250_early.o
  AR      kernel/printk/built-in.a
  CC      arch/x86/kernel/cpu/cacheinfo.o
  AR      drivers/tty/vt/built-in.a
  CC      kernel/irq/spurious.o
  CC      net/core/page_pool_user.o
  CC      lib/llist.o
  CC      mm/page_alloc.o
  CC      kernel/locking/spinlock_debug.o
  CC      lib/lwq.o
  CC      net/ethtool/tsconfig.o
  CC      lib/memweight.o
  CC      lib/kfifo.o
  AR      drivers/scsi/built-in.a
  CC      lib/percpu-refcount.o
  AR      drivers/tty/serial/8250/built-in.a
  CC      drivers/tty/serial/fsl_linflexuart.o
  CC      arch/x86/kernel/cpu/scattered.o
  CC      kernel/irq/resend.o
  CC      drivers/base/firmware_loader/main.o
  CC      fs/crypto/crypto.o
  CC      net/core/net-procfs.o
  CC      fs/binfmt_script.o
  AR      kernel/locking/built-in.a
  CC      mm/page_frag_cache.o
  CC      net/ethtool/mse.o
  CC      lib/rhashtable.o
  CC      kernel/irq/chip.o
  CC      drivers/base/firmware_loader/sysfs.o
  CC      drivers/tty/serial/uartlite.o
  CC      drivers/base/firmware_loader/sysfs_upload.o
  CC      arch/x86/kernel/cpu/topology_common.o
  CC      net/core/skmsg.o
  CC      drivers/base/regmap/regmap.o
  CC      drivers/base/regmap/regcache.o
  CC      mm/init-mm.o
  CC      net/core/sock_map.o
  CC      fs/crypto/fname.o
  CC      drivers/base/firmware_loader/builtin/main.o
  CC      arch/x86/kernel/reboot.o
  CC      lib/base64.o
  CC      drivers/tty/serial/serial_mctrl_gpio.o
  CC      kernel/irq/dummychip.o
  CC      arch/x86/kernel/tsc_sync.o
  CC      kernel/irq/devres.o
  AR      net/ethtool/built-in.a
  CC      arch/x86/kernel/cpu/topology_ext.o
  CC      kernel/irq/kexec.o
  AR      drivers/base/firmware_loader/builtin/built-in.a
  CC      mm/memblock.o
  CC      fs/crypto/hkdf.o
  CC      lib/once.o
  CC      drivers/base/regmap/regcache-rbtree.o
  CC      drivers/base/regmap/regcache-flat.o
  CC      arch/x86/kernel/cpu/topology_amd.o
  CC      fs/binfmt_elf.o
  AR      drivers/tty/serial/built-in.a
  CC      net/core/bpf_sk_storage.o
  CC      lib/refcount.o
  CC      drivers/base/regmap/regcache-maple.o
  CC      kernel/irq/autoprobe.o
  CC      arch/x86/kernel/cpu/cpuid_parser.o
  AR      drivers/base/firmware_loader/built-in.a
  CC      kernel/rcu/update.o
  CC      drivers/net/loopback.o
  CC      mm/slub.o
  CC      fs/drop_caches.o
  CC      fs/crypto/hooks.o
  AR      drivers/tty/built-in.a
  CC      arch/x86/kernel/cpu/common.o
  CC      lib/rcuref.o
  CC      kernel/rcu/sync.o
  CC      kernel/rcu/srcutree.o
  CC      drivers/base/regmap/regmap-debugfs.o
  CC      kernel/irq/irqdomain.o
  CC      net/core/devmem.o
  CC      mm/dmapool.o
  CC      fs/sysctls.o
  CC      arch/x86/kernel/mpparse.o
  CC      fs/crypto/keyring.o
  CC      lib/usercopy.o
  CC      arch/x86/kernel/cpu/rdrand.o
  CC      kernel/rcu/tree.o
  CC      lib/errseq.o
  CC      drivers/base/regmap/regmap-i2c.o
  AR      drivers/net/built-in.a
  CC      kernel/irq/proc.o
  CC      mm/sparse.o
  CC      drivers/base/regmap/regmap-mmio.o
  CC      drivers/base/regmap/regmap-irq.o
  AR      net/core/built-in.a
  CC      arch/x86/kernel/trace_clock.o
  CC      kernel/rcu/rcu_segcblist.o
  CC      kernel/dma/mapping.o
  CC      fs/crypto/keysetup.o
  CC      arch/x86/kernel/cpu/match.o
  CC      kernel/dma/direct.o
  CC      lib/bucket_locks.o
  CC      arch/x86/kernel/apic/apic.o
  CC      arch/x86/kernel/cpu/bugs.o
  CC      arch/x86/kernel/apic/apic_common.o
  CC      mm/sparse-vmemmap.o
  CC      lib/generic-radix-tree.o
  CC      lib/bitmap-str.o
  CC      kernel/irq/matrix.o
  AR      net/built-in.a
  AR      kernel/rcu/built-in.a
  AR      drivers/base/regmap/built-in.a
  CC      kernel/stacktrace.o
  CC      kernel/dma/swiotlb.o
  CC      fs/crypto/keysetup_v1.o
  CC      kernel/entry/common.o
  CC      kernel/unwind/user.o
  CC      kernel/unwind/deferred.o
  CC      kernel/entry/syscall-common.o
  AR      kernel/irq/built-in.a
  CC      mm/kmemleak.o
  CC      lib/string_helpers.o
  CC      lib/hexdump.o
  CC      arch/x86/kernel/apic/apic_noop.o
  CC      arch/x86/kernel/cpu/aperfmperf.o
  CC      kernel/entry/syscall_user_dispatch.o
  AR      drivers/base/built-in.a
  CC      fs/crypto/policy.o
  CC      kernel/dma/remap.o
  CC      arch/x86/kernel/hpet.o
  CC      arch/x86/kernel/apic/ipi.o
  CC      mm/early_ioremap.o
  AR      kernel/unwind/built-in.a
  CC      mm/page_ext.o
  CC      arch/x86/kernel/nmi_selftest.o
  CC      arch/x86/kernel/cpu/cpuid-deps.o
  CC      lib/kstrtox.o
  CC      arch/x86/kernel/apic/vector.o
  AR      kernel/entry/built-in.a
  AR      fs/crypto/built-in.a
  AR      kernel/dma/built-in.a
  CC      fs/sysfs/file.o
  CC      fs/kernfs/mount.o
  CC      fs/sysfs/dir.o
  AR      mm/built-in.a
  CC      fs/sysfs/symlink.o
  CC      drivers/input/serio/serio.o
  CC      arch/x86/kernel/cpu/cpuid_0x2_table.o
  CC      drivers/input/serio/i8042.o
  CC      drivers/pcmcia/cs.o
  CC      fs/sysfs/mount.o
  CC      drivers/input/input.o
  CC      arch/x86/kernel/cpu/umwait.o
  CC      arch/x86/kernel/apic/init.o
  CC      fs/kernfs/inode.o
  CC      kernel/up.o
  CC      fs/proc/task_mmu.o
  CC      drivers/pcmcia/socket_sysfs.o
  CC      lib/math/div64.o
  CC      kernel/kallsyms.o
  CC      drivers/input/serio/serport.o
  CC      drivers/i2c/i2c-boardinfo.o
  CC      arch/x86/kernel/cpu/powerflags.o
  CC      arch/x86/kernel/cpu/capflags.o
  CC      drivers/input/input-compat.o
  CC      drivers/rtc/lib.o
  CC      kernel/time/time.o
  CC      fs/kernfs/dir.o
  CC      fs/devpts/inode.o
  CC      fs/sysfs/group.o
  CC      lib/math/gcd.o
  CC      arch/x86/kernel/apic/hw_nmi.o
  CC      fs/configfs/inode.o
  CC      drivers/pcmcia/ds.o
  CC      fs/proc/inode.o
  CC      drivers/input/serio/libps2.o
  CC      arch/x86/kernel/apic/io_apic.o
  CC      lib/math/lcm.o
  CC      drivers/rtc/class.o
  CC      drivers/i2c/i2c-core-base.o
  CC      fs/kernfs/file.o
  AR      fs/sysfs/built-in.a
  CC      arch/x86/kernel/cpu/topology.o
  CC      drivers/rtc/interface.o
  AR      fs/devpts/built-in.a
  CC      kernel/time/timer.o
  CC      fs/proc/root.o
  CC      fs/configfs/file.o
  CC      drivers/input/input-mt.o
  CC      lib/math/int_log.o
  CC      drivers/pcmcia/pcmcia_resource.o
  CC      arch/x86/kernel/apic/apic_flat_64.o
  AR      drivers/input/serio/built-in.a
  CC      drivers/input/input-poller.o
  CC      drivers/i2c/i2c-core-smbus.o
  CC      drivers/rtc/nvmem.o
  CC      fs/configfs/dir.o
  CC      arch/x86/kernel/cpu/proc.o
  CC      lib/math/int_pow.o
  CC      fs/kernfs/symlink.o
  CC      fs/proc/base.o
  CC      arch/x86/kernel/cpu/feat_ctl.o
  CC      kernel/time/hrtimer.o
  CC      drivers/i3c/device.o
  CC      drivers/input/ff-core.o
  CC      arch/x86/kernel/apic/probe_64.o
  CC      drivers/pcmcia/cistpl.o
  CC      lib/math/int_sqrt.o
  CC      fs/configfs/symlink.o
  CC      fs/proc/generic.o
  CC      drivers/rtc/dev.o
  CC      arch/x86/kernel/cpu/intel.o
  CC      kernel/time/sleep_timeout.o
  CC      drivers/i2c/algos/i2c-algo-bit.o
  AR      fs/kernfs/built-in.a
  CC      lib/math/reciprocal_div.o
  CC      drivers/i3c/master.o
  CC      fs/proc/array.o
  AR      arch/x86/kernel/apic/built-in.a
  CC      drivers/i2c/busses/i2c-ocores.o
  CC      drivers/input/touchscreen.o
  CC      drivers/pcmcia/pcmcia_cis.o
  CC      fs/configfs/mount.o
  CC      arch/x86/kernel/perf_regs.o
  CC      drivers/rtc/proc.o
  CC      drivers/i3c/master/dw-i3c-master.o
  AR      lib/math/built-in.a
  CC      drivers/i2c/busses/i2c-simtec.o
  CC      arch/x86/kernel/cpu/tsx.o
  CC      kernel/time/timekeeping.o
  CC      drivers/pcmcia/rsrc_mgr.o
  AR      drivers/i2c/algos/built-in.a
  CC      fs/proc/fd.o
  CC      arch/x86/kernel/cpu/amd.o
  CC      drivers/input/touch-overlay.o
  CC      fs/configfs/item.o
  CC      arch/x86/kernel/cpu/hygon.o
  AR      drivers/i3c/master/built-in.a
  CC      arch/x86/kernel/unwind_orc.o
  CC      drivers/rtc/sysfs.o
  AR      drivers/pcmcia/built-in.a
  CC      arch/x86/kernel/cpu/centaur.o
  CC      drivers/i2c/busses/i2c-virtio.o
  CC      drivers/input/vivaldi-fmap.o
  CC      lib/crc/crc8.o
  CC      kernel/time/ntp.o
  AR      fs/configfs/built-in.a
  CC      fs/proc/proc_tty.o
  CC      drivers/input/joydev.o
  CC      kernel/time/clocksource.o
  AR      drivers/i3c/built-in.a
  CC      arch/x86/kernel/cpu/zhaoxin.o
  CC      fs/proc/cmdline.o
  CC      drivers/rtc/rtc-mc146818-lib.o
  CC      lib/crc/crc16.o
  CC      lib/crypto/memneq.o
  AR      drivers/i2c/busses/built-in.a
  CC      drivers/rtc/rtc-cmos.o
  CC      lib/vdso/datastore.o
  CC      kernel/time/jiffies.o
  CC      arch/x86/kernel/vsmp_64.o
  CC      fs/proc/consoles.o
  CC      kernel/gcov/base.o
  CC      drivers/input/keyboard/atkbd.o
  CC      lib/crc/crc32-main.o
  CC      kernel/time/timer_list.o
  AR      drivers/i2c/built-in.a
  CC      fs/ramfs/inode.o
  CC      lib/crypto/utils.o
  CC      fs/ramfs/file-mmu.o
  CC      arch/x86/kernel/cpu/microcode/core.o
  CC      drivers/rtc/rtc-fm3130.o
  AR      lib/vdso/built-in.a
  LDS     arch/x86/kernel/vmlinux.lds
  CC      kernel/time/timeconv.o
  CC      kernel/gcov/fs.o
  CC      fs/proc/cpuinfo.o
  AR      drivers/input/keyboard/built-in.a
  AR      lib/crc/built-in.a
  CC      lib/iomap.o
  CC      arch/x86/kernel/cpu/perfctr-watchdog.o
  CC      lib/crypto/aes.o
  CC      arch/x86/kernel/cpu/debugfs.o
  CC      lib/iomap_copy.o
  CC      drivers/rtc/rtc-isl12022.o
  AR      fs/ramfs/built-in.a
  CC      lib/devres.o
  CC      kernel/time/timecounter.o
  CC      arch/x86/kernel/cpu/microcode/intel.o
  CC      kernel/gcov/gcc_base.o
  CC      lib/assoc_array.o
  CC      fs/proc/devices.o
  CC      lib/crypto/blake2s.o
  CC      lib/smp_processor_id.o
  CC      arch/x86/kernel/cpu/microcode/amd.o
  CC      kernel/gcov/gcc_4_7.o
  CC      kernel/time/alarmtimer.o
  CC      drivers/rtc/rtc-rs5c372.o
  CC      lib/bitrev.o
  CC      lib/xxhash.o
  CC      lib/genalloc.o
  CC      fs/debugfs/inode.o
  CC      fs/proc/loadavg.o
  CC      drivers/input/mouse/psmouse-base.o
  AS      lib/crypto/x86/blake2s-core.o
  CC      kernel/time/posix-stubs.o
  CC      drivers/input/mouse/synaptics.o
  CC      lib/crypto/chacha-block-generic.o
  AR      kernel/gcov/built-in.a
  AR      arch/x86/kernel/cpu/microcode/built-in.a
  CC      lib/crypto/chacha.o
  CC      fs/debugfs/file.o
  CC      drivers/rtc/rtc-sd2405al.o
  AS      lib/crypto/x86/chacha-ssse3-x86_64.o
  CC      lib/zlib_inflate/inffast.o
  CC      kernel/time/clockevents.o
  CC      fs/proc/meminfo.o
  CC      drivers/input/mouse/focaltech.o
  CC      drivers/input/mouse/alps.o
  AR      arch/x86/kernel/cpu/built-in.a
  CC      kernel/utsname_sysctl.o
  CC      drivers/rtc/rtc-x1205.o
  CC      lib/lz4/lz4_compress.o
  CC      lib/lzo/lzo1x_compress.o
  CC      lib/zlib_inflate/inflate.o
  AR      fs/debugfs/built-in.a
  CC      lib/crypto/sha256.o
  AS      lib/crypto/x86/sha256-ssse3-asm.o
  AS      lib/crypto/x86/sha256-avx-asm.o
  CC      lib/lz4/lz4_decompress.o
  CC      kernel/time/tick-common.o
  CC      kernel/time/tick-broadcast.o
  CC      lib/lzo/lzo1x_compress_safe.o
  CC      fs/proc/stat.o
  CC      drivers/input/mouse/byd.o
  AR      arch/x86/kernel/built-in.a
  CC      kernel/irq_work.o
  CC      lib/zlib_inflate/infutil.o
  CC      lib/syscall.o
  AS      lib/crypto/x86/sha256-avx2-asm.o
  CC      lib/zstd/zstd_decompress_module.o
  CC      lib/xz/xz_dec_syms.o
  CC      lib/xz/xz_dec_stream.o
  AR      drivers/rtc/built-in.a
  CC      lib/xz/xz_dec_lzma2.o
  AR      lib/lz4/built-in.a
  CC      kernel/time/vsyscall.o
  CC      drivers/input/mouse/logips2pp.o
  CC      fs/proc/uptime.o
  CC      lib/zlib_inflate/inftrees.o
  AS      lib/crypto/x86/sha256-ni-asm.o
  CC      lib/lzo/lzo1x_decompress_safe.o
  AR      arch/x86/built-in.a
  CC      lib/zlib_inflate/inflate_syms.o
  CC      lib/zstd/decompress/huf_decompress.o
  CC      kernel/time/timekeeping_debug.o
  CC      fs/proc/util.o
  CC      fs/proc/version.o
  CC      lib/xz/xz_dec_bcj.o
  CC      lib/crypto/sha512.o
  CC      drivers/input/mouse/trackpoint.o
  CC      lib/zstd/decompress/zstd_ddict.o
  CC      drivers/input/mouse/cypress_ps2.o
  CC      kernel/static_call.o
  CC      lib/nlattr.o
  AR      lib/lzo/built-in.a
  AR      lib/zlib_inflate/built-in.a
  CC      lib/zstd/decompress/zstd_decompress.o
  CC      fs/proc/softirqs.o
  CC      drivers/input/mouse/psmouse-smbus.o
  AR      kernel/time/built-in.a
  CC      lib/zstd/decompress/zstd_decompress_block.o
  CC      fs/proc/namespaces.o
  AR      lib/xz/built-in.a
  AR      lib/crypto/built-in.a
  CC      lib/zstd/zstd_common_module.o
  CC      lib/dynamic_queue_limits.o
  CC      kernel/static_call_inline.o
  CC      lib/zstd/common/debug.o
  CC      fs/proc/self.o
  CC      lib/zstd/common/entropy_common.o
  CC      lib/strncpy_from_user.o
  AR      drivers/input/mouse/built-in.a
  CC      drivers/crypto/atmel-i2c.o
  CC      fs/proc/thread_self.o
  CC      lib/dim/dim.o
  CC      drivers/clocksource/i8253.o
  CC      drivers/crypto/atmel-ecc.o
  CC      lib/strnlen_user.o
  CC      lib/zstd/common/error_private.o
  CC      kernel/jump_label.o
  CC      kernel/events/core.o
  CC      lib/zstd/common/fse_decompress.o
  CC      kernel/events/ring_buffer.o
  AR      drivers/input/built-in.a
  CC      lib/net_utils.o
  AR      drivers/clocksource/built-in.a
  AR      drivers/firmware/built-in.a
  CC      fs/proc/proc_sysctl.o
  CC      lib/dim/net_dim.o
  CC      drivers/hid/hid-core.o
  CC      kernel/context_tracking.o
  CC      lib/zstd/common/zstd_common.o
  CC      fs/proc/proc_net.o
  CC      fs/proc/kmsg.o
  CC      lib/dim/rdma_dim.o
  CC      kernel/events/callchain.o
  CC      fs/proc/page.o
  AR      lib/zstd/built-in.a
  CC      lib/stackdepot.o
  CC      kernel/iomem.o
  CC      drivers/hid/hid-input.o
  CC      drivers/comedi/comedi_fops.o
  CC      kernel/rseq.o
  CC      drivers/hid/hid-quirks.o
  CC      drivers/crypto/amlogic/amlogic-gxl-core.o
  CC      lib/ref_tracker.o
  CC      drivers/comedi/range.o
  AR      lib/dim/built-in.a
  CC      kernel/events/hw_breakpoint.o
  CC      lib/bootconfig.o
  CC      lib/group_cpus.o
  CC      fs/proc/bootconfig.o
  GEN     kernel/kheaders_data.tar.xz
  CC      drivers/crypto/amlogic/amlogic-gxl-cipher.o
  CC      drivers/comedi/drivers.o
  CC      drivers/hid/hid-debug.o
  CC      drivers/comedi/comedi_buf.o
  CC      drivers/hid/hid-generic.o
  AR      kernel/events/built-in.a
  AR      lib/lib.a
  CC      drivers/comedi/proc.o
  AR      lib/built-in.a
  CC      drivers/extcon/extcon.o
  AR      fs/proc/built-in.a
  CC      drivers/extcon/devres.o
  CC      drivers/hwtracing/intel_th/core.o
  AR      drivers/crypto/amlogic/built-in.a
  CC      drivers/nvmem/core.o
  CC      drivers/mux/core.o
  AR      drivers/hid/built-in.a
  AR      fs/built-in.a
  AR      drivers/comedi/built-in.a
  CC      drivers/hte/hte.o
  AR      drivers/extcon/built-in.a
  CC      drivers/dibs/dibs_main.o
  CC      kernel/bpf/core.o
  AR      drivers/hwtracing/intel_th/built-in.a
  CC      kernel/bpf/syscall.o
  AR      drivers/crypto/built-in.a
  CC      kernel/bpf/verifier.o
  CC      kernel/bpf/inode.o
  CC      kernel/bpf/helpers.o
  CC      kernel/bpf/tnum.o
  CC      kernel/bpf/cnum.o
  AR      drivers/nvmem/built-in.a
  CC      kernel/bpf/log.o
  AR      drivers/mux/built-in.a
  AR      drivers/hte/built-in.a
  CC      kernel/bpf/token.o
  AR      drivers/dibs/built-in.a
  CC      kernel/bpf/liveness.o
  CC      kernel/bpf/const_fold.o
  CC      kernel/bpf/bpf_iter.o
  CC      kernel/bpf/map_iter.o
  CC      kernel/bpf/task_iter.o
  CC      kernel/bpf/prog_iter.o
  AR      drivers/built-in.a
  CC      kernel/bpf/link_iter.o
  CC      kernel/bpf/hashtab.o
  CC      kernel/bpf/arraymap.o
  CC      kernel/bpf/percpu_freelist.o
  CC      kernel/bpf/bpf_lru_list.o
  CC      kernel/bpf/lpm_trie.o
  CC      kernel/bpf/map_in_map.o
  CC      kernel/bpf/bloom_filter.o
  CC      kernel/bpf/local_storage.o
  CC      kernel/bpf/queue_stack_maps.o
  CC      kernel/bpf/ringbuf.o
  CC      kernel/bpf/bpf_insn_array.o
  CC      kernel/bpf/bpf_local_storage.o
  CC      kernel/bpf/bpf_task_storage.o
  CC      kernel/bpf/fixups.o
  CC      kernel/bpf/cfg.o
  CC      kernel/bpf/states.o
  CC      kernel/bpf/backtrack.o
  CC      kernel/bpf/check_btf.o
  CC      kernel/bpf/disasm.o
  CC      kernel/bpf/mprog.o
  CC      kernel/bpf/btf.o
  CC      kernel/bpf/memalloc.o
  CC      kernel/bpf/rqspinlock.o
  CC      kernel/bpf/stream.o
  CC      kernel/bpf/arena.o
  CC      kernel/bpf/range_tree.o
  CC      kernel/bpf/devmap.o
  CC      kernel/bpf/cpumap.o
  CC      kernel/bpf/offload.o
  CC      kernel/bpf/net_namespace.o
  CC      kernel/bpf/tcx.o
  CC      kernel/bpf/stackmap.o
  CC      kernel/bpf/crypto.o
  CC      kernel/bpf/relo_core.o
  CC      kernel/bpf/btf_iter.o
  CC      kernel/bpf/btf_relocate.o
  CC      kernel/bpf/kmem_cache_iter.o
  CC      kernel/bpf/dmabuf_iter.o
  AR      kernel/bpf/built-in.a
  CC      kernel/kheaders.o
  AR      kernel/built-in.a
  AR      built-in.a
  AR      built-in-fixup.a
  COPY    vmlinux.a
  LD      vmlinux.o
  MODPOST vmlinux.symvers
  CC      .vmlinux.export.o
  UPD     include/generated/utsversion.h
  CC      init/version-timestamp.o
  KSYMS   .tmp_vmlinux0.kallsyms.S
  AS      .tmp_vmlinux0.kallsyms.o
  LD      .tmp_vmlinux1
  NM      .tmp_vmlinux1.syms
  KSYMS   .tmp_vmlinux1.kallsyms.S
  AS      .tmp_vmlinux1.kallsyms.o
  LD      .tmp_vmlinux2
  NM      .tmp_vmlinux2.syms
  KSYMS   .tmp_vmlinux2.kallsyms.S
  AS      .tmp_vmlinux2.kallsyms.o
  LD      vmlinux.unstripped
  NM      System.map
  SORTTAB vmlinux.unstripped
  OBJCOPY vmlinux
  GEN     modules.builtin.modinfo
  GEN     modules.builtin
  CC      arch/x86/boot/a20.o
  CC      arch/x86/boot/cmdline.o
  CC      arch/x86/boot/cpu.o
  CC      arch/x86/boot/cpuflags.o
  CC      arch/x86/boot/cpucheck.o
  CC      arch/x86/boot/early_serial_console.o
  CC      arch/x86/boot/edd.o
  CC      arch/x86/boot/main.o
  CC      arch/x86/boot/memory.o
  CC      arch/x86/boot/pm.o
  AS      arch/x86/boot/pmjump.o
  CC      arch/x86/boot/printf.o
  CC      arch/x86/boot/regs.o
  CC      arch/x86/boot/string.o
  CC      arch/x86/boot/tty.o
  CC      arch/x86/boot/video.o
  CC      arch/x86/boot/video-mode.o
  CC      arch/x86/boot/version.o
  CC      arch/x86/boot/video-vga.o
  CC      arch/x86/boot/video-vesa.o
  CC      arch/x86/boot/video-bios.o
  LDS     arch/x86/boot/compressed/vmlinux.lds
  VOFFSET arch/x86/boot/compressed/../voffset.h
  AS      arch/x86/boot/compressed/head_64.o
  CC      arch/x86/boot/compressed/string.o
  CC      arch/x86/boot/compressed/cmdline.o
  CC      arch/x86/boot/compressed/error.o
  OBJCOPY arch/x86/boot/compressed/vmlinux.bin
  CC      arch/x86/boot/compressed/cpuflags.o
  CC      arch/x86/boot/compressed/ident_map_64.o
  CC      arch/x86/boot/compressed/idt_64.o
  AS      arch/x86/boot/compressed/idt_handlers_64.o
  CC      arch/x86/boot/compressed/pgtable_64.o
  XZKERN  arch/x86/boot/compressed/vmlinux.bin.xz
  CC      arch/x86/boot/compressed/misc.o
  MKPIGGY arch/x86/boot/compressed/piggy.S
  AS      arch/x86/boot/compressed/piggy.o
  LD      arch/x86/boot/compressed/vmlinux
  ZOFFSET arch/x86/boot/zoffset.h
  OBJCOPY arch/x86/boot/vmlinux.bin
  AS      arch/x86/boot/header.o
  LD      arch/x86/boot/setup.elf
  OBJCOPY arch/x86/boot/setup.bin
  BUILD   arch/x86/boot/bzImage
Kernel: arch/x86/boot/bzImage is ready  (#23)
make[4]: Leaving directory '/home/benni/git/kernel-test/build/rand500config-x86_64'
make[3]: Leaving directory '/home/benni/git/linux'
