make[4]: Entering directory '/mnt/git-volume/linux-mainline'
make[5]: Entering directory '/mnt/git-volume/kernel-test-mainline/build/randdefconfig-riscv'
*** Default configuration is based on 'defconfig'
#
# configuration written to .config
#
make[5]: Leaving directory '/mnt/git-volume/kernel-test-mainline/build/randdefconfig-riscv'
make[4]: Leaving directory '/mnt/git-volume/linux-mainline'
make[4]: Entering directory '/mnt/git-volume/linux-mainline'
make[5]: Entering directory '/mnt/git-volume/kernel-test-mainline/build/randdefconfig-riscv'
.config:7313:warning: override: reassigning to symbol SND_SOC_GENERIC_DMAENGINE_PCM
.config:7314:warning: override: reassigning to symbol STANDALONE
.config:7315:warning: override: reassigning to symbol PINCTRL_SOPHGO_COMMON
.config:7316:warning: override: reassigning to symbol EFI_ESRT
.config:7317:warning: override: reassigning to symbol JOLIET
.config:7318:warning: override: reassigning to symbol PID_NS
.config:7319:warning: override: reassigning to symbol NET_VENDOR_VERTEXCOM
.config:7320:warning: override: reassigning to symbol CC_HAS_ZERO_CALL_USED_REGS
.config:7321:warning: override: reassigning to symbol DRM_NOUVEAU
.config:7322:warning: override: reassigning to symbol VETH
.config:7323:warning: override: reassigning to symbol ARCH_THEAD
.config:7324:warning: override: reassigning to symbol NET_9P_VIRTIO
.config:7325:warning: override: reassigning to symbol INET
.config:7326:warning: override: reassigning to symbol PROC_MEM_FORCE_PTRACE
.config:7327:warning: override: reassigning to symbol NET_VENDOR_ADI
.config:7328:warning: override: reassigning to symbol MMIOWB
.config:7329:warning: override: reassigning to symbol HAVE_MOVE_PMD
.config:7330:warning: override: reassigning to symbol SUNRPC
.config:7331:warning: override: reassigning to symbol RISCV_ALTERNATIVE
.config:7332:warning: override: reassigning to symbol SPI_CADENCE_QUADSPI
.config:7333:warning: override: reassigning to symbol PHYLINK
.config:7334:warning: override: reassigning to symbol LOCKD_V4
.config:7335:warning: override: reassigning to symbol USB_OHCI_HCD
.config:7336:warning: override: reassigning to symbol CC_OPTIMIZE_FOR_PERFORMANCE
.config:7337:warning: override: reassigning to symbol GROUP_SCHED_WEIGHT
.config:7338:warning: override: reassigning to symbol ARCH_SPACEMIT
.config:7339:warning: override: reassigning to symbol NET_VENDOR_MICREL
.config:7340:warning: override: reassigning to symbol USB_EHCI_HCD_PLATFORM
.config:7341:warning: override: reassigning to symbol DRM_MIPI_DSI
.config:7342:warning: override: reassigning to symbol STRICT_MODULE_RWX
.config:7343:warning: override: reassigning to symbol CLK_STARFIVE_JH7110_VOUT
.config:7344:warning: override: reassigning to symbol TMPFS_XATTR
.config:7345:warning: override: reassigning to symbol MOTORCOMM_PHY
.config:7346:warning: override: reassigning to symbol ETHERNET
.config:7347:warning: override: reassigning to symbol DRM_CLIENT_SETUP
.config:7348:warning: override: reassigning to symbol ARCH_SUPPORTS_UPROBES
.config:7349:warning: override: reassigning to symbol MTD_CFI_I1
.config:7350:warning: override: reassigning to symbol HWMON
.config:7351:warning: override: reassigning to symbol USB_EHCI_PCI
.config:7352:warning: override: reassigning to symbol XZ_DEC
.config:7353:warning: override: reassigning to symbol SUSPEND
.config:7354:warning: override: reassigning to symbol SPACEMIT_CCU
.config:7355:warning: override: reassigning to symbol MODULE_UNLOAD
.config:7356:warning: override: reassigning to symbol VIRTIO_PCI_LIB
.config:7357:warning: override: reassigning to symbol CC_NO_STRINGOP_OVERFLOW
.config:7358:warning: override: reassigning to symbol MFD_AXP20X
.config:7359:warning: override: reassigning to symbol RD_ZSTD
.config:7360:warning: override: reassigning to symbol BLK_DEV_DM
.config:7361:warning: override: reassigning to symbol PINMUX
.config:7362:warning: override: reassigning to symbol ARCH_HAS_SETUP_DMA_OPS
.config:7363:warning: override: reassigning to symbol NET_VENDOR_ATHEROS
.config:7364:warning: override: reassigning to symbol MMC_SPI
.config:7365:warning: override: reassigning to symbol CRYPTO_HMAC
.config:7366:warning: override: reassigning to symbol VDSO_DATASTORE
.config:7367:warning: override: reassigning to symbol VIRTIO_PCI_LEGACY
.config:7368:warning: override: reassigning to symbol XZ_DEC_SPARC
.config:7369:warning: override: reassigning to symbol DEBUG_KERNEL
.config:7370:warning: override: reassigning to symbol CRYPTO_LIB_SHA512
.config:7371:warning: override: reassigning to symbol REGMAP_MMIO
.config:7372:warning: override: reassigning to symbol FB_CORE
.config:7373:warning: override: reassigning to symbol MFD_AXP20X_I2C
.config:7374:warning: override: reassigning to symbol CONTEXT_TRACKING
.config:7375:warning: override: reassigning to symbol REGULATOR_AXP20X
.config:7376:warning: override: reassigning to symbol INET_TCP_DIAG
.config:7377:warning: override: reassigning to symbol MEDIA_PLATFORM_DRIVERS
.config:7378:warning: override: reassigning to symbol SPI_SPACEMIT_K1
.config:7379:warning: override: reassigning to symbol CRYPTO_USER_API_HASH
.config:7380:warning: override: reassigning to symbol NF_CONNTRACK_FTP
.config:7381:warning: override: reassigning to symbol HAVE_ARCH_SECCOMP_FILTER
.config:7382:warning: override: reassigning to symbol RISCV_ALTERNATIVE_EARLY
.config:7383:warning: override: reassigning to symbol HAVE_ARCH_SOFT_DIRTY
.config:7384:warning: override: reassigning to symbol PCI_QUIRKS
.config:7385:warning: override: reassigning to symbol WLAN_VENDOR_QUANTENNA
.config:7386:warning: override: reassigning to symbol WLAN_VENDOR_INTERSIL
.config:7387:warning: override: reassigning to symbol MTD_CFI
.config:7388:warning: override: reassigning to symbol STACKPROTECTOR_PER_TASK
.config:7389:warning: override: reassigning to symbol EFI
.config:7390:warning: override: reassigning to symbol AUDIT
.config:7391:warning: override: reassigning to symbol USB_XHCI_PCI
.config:7392:warning: override: reassigning to symbol STACKPROTECTOR
.config:7393:warning: override: reassigning to symbol GENERIC_IRQ_EFFECTIVE_AFF_MASK
.config:7394:warning: override: reassigning to symbol MACVLAN
.config:7395:warning: override: reassigning to symbol SYSCTL
.config:7396:warning: override: reassigning to symbol CRYPTO_AEAD2
.config:7397:warning: override: reassigning to symbol VIRTIO_DMA_SHARED_BUFFER
.config:7398:warning: override: reassigning to symbol MEMTEST
.config:7399:warning: override: reassigning to symbol FB_IOMEM_HELPERS
.config:7400:warning: override: reassigning to symbol COMMON_CLK_ESWIN
.config:7401:warning: override: reassigning to symbol CRYPTO_USER_API_ENABLE_OBSOLETE
.config:7402:warning: override: reassigning to symbol SWPHY
.config:7403:warning: override: reassigning to symbol OF_GPIO
.config:7404:warning: override: reassigning to symbol BINARY_PRINTF
.config:7405:warning: override: reassigning to symbol NET_CLS_CGROUP
.config:7406:warning: override: reassigning to symbol HAVE_HARDLOCKUP_DETECTOR_BUDDY
.config:7407:warning: override: reassigning to symbol HUGETLB_PAGE_OPTIMIZE_VMEMMAP
.config:7408:warning: override: reassigning to symbol RUSTC_SUPPORTS_RISCV
.config:7409:warning: override: reassigning to symbol VIRTIO_INPUT
.config:7410:warning: override: reassigning to symbol USB_CDNS3_PCI_WRAP
.config:7411:warning: override: reassigning to symbol ADVISE_SYSCALLS
.config:7412:warning: override: reassigning to symbol MODULES_TREE_LOOKUP
.config:7413:warning: override: reassigning to symbol NET_VENDOR_NI
.config:7414:warning: override: reassigning to symbol PCI
.config:7415:warning: override: reassigning to symbol PM_DEVFREQ
.config:7416:warning: override: reassigning to symbol IOMMU_PT_RISCV64
.config:7417:warning: override: reassigning to symbol I2C_HID
.config:7418:warning: override: reassigning to symbol VT_HW_CONSOLE_BINDING
.config:7419:warning: override: reassigning to symbol GENERIC_PINMUX_FUNCTIONS
.config:7420:warning: override: reassigning to symbol WLAN_VENDOR_ZYDAS
.config:7421:warning: override: reassigning to symbol MSDOS_FS
.config:7422:warning: override: reassigning to symbol IP_VS_PROTO_TCP
.config:7423:warning: override: reassigning to symbol COMPACTION
.config:7424:warning: override: reassigning to symbol UNIX
.config:7425:warning: override: reassigning to symbol FB
.config:7426:warning: override: reassigning to symbol SERIAL_8250_PCI
.config:7427:warning: override: reassigning to symbol LD_ORPHAN_WARN
.config:7428:warning: override: reassigning to symbol SUN4I_TIMER
.config:7429:warning: override: reassigning to symbol BLK_DEV_WRITE_MOUNTED
.config:7430:warning: override: reassigning to symbol ARCH_HAS_ACPI_TABLE_UPGRADE
.config:7431:warning: override: reassigning to symbol ARCH_DMA_DEFAULT_COHERENT
.config:7432:warning: override: reassigning to symbol BACKLIGHT_CLASS_DEVICE
.config:7433:warning: override: reassigning to symbol USB_CONFIGFS_F_FS
.config:7434:warning: override: reassigning to symbol DMA_ACPI
.config:7435:warning: override: reassigning to symbol NET_SOCK_MSG
.config:7436:warning: override: reassigning to symbol USB
.config:7437:warning: override: reassigning to symbol SPARSEMEM
.config:7438:warning: override: reassigning to symbol NAMESPACES
.config:7439:warning: override: reassigning to symbol NLATTR
.config:7440:warning: override: reassigning to symbol BLOCK
.config:7441:warning: override: reassigning to symbol SPI_FSL_QUADSPI
.config:7442:warning: override: reassigning to symbol DAX
.config:7443:warning: override: reassigning to symbol THREAD_INFO_IN_TASK
.config:7444:warning: override: reassigning to symbol WLAN_VENDOR_MORSEMICRO
.config:7445:warning: override: reassigning to symbol PTP_1588_CLOCK_OPTIONAL
.config:7446:warning: override: reassigning to symbol ERRATA_SIFIVE_CIP_453
.config:7447:warning: override: reassigning to symbol WLAN_VENDOR_TI
.config:7448:warning: override: reassigning to symbol SUNXI_SRAM
.config:7449:warning: override: reassigning to symbol SERIO_LIBPS2
.config:7450:warning: override: reassigning to symbol NET_CLS
.config:7451:warning: override: reassigning to symbol HAVE_ARCH_KFENCE
.config:7452:warning: override: reassigning to symbol DRM_NOUVEAU_CH7006
.config:7453:warning: override: reassigning to symbol ARCH_HAS_PTE_SPECIAL
.config:7454:warning: override: reassigning to symbol DEVPORT
.config:7455:warning: override: reassigning to symbol GPIO_DWAPB
.config:7456:warning: override: reassigning to symbol MMU_GATHER_TABLE_FREE
.config:7457:warning: override: reassigning to symbol GENERIC_PCI_IOMAP
.config:7458:warning: override: reassigning to symbol CLK_SOPHGO_CV1800
.config:7459:warning: override: reassigning to symbol HW_RANDOM_ATMEL
.config:7460:warning: override: reassigning to symbol NET_VENDOR_REALTEK
.config:7461:warning: override: reassigning to symbol REGULATOR_SUN20I
.config:7462:warning: override: reassigning to symbol DECOMPRESS_LZ4
.config:7463:warning: override: reassigning to symbol HAVE_KVM_IRQCHIP
.config:7464:warning: override: reassigning to symbol SUNRPC_GSS
.config:7465:warning: override: reassigning to symbol CC_HAS_AUTO_VAR_INIT_ZERO_BARE
.config:7466:warning: override: reassigning to symbol NET_VENDOR_ALIBABA
.config:7467:warning: override: reassigning to symbol GPIO_SIFIVE
.config:7468:warning: override: reassigning to symbol HW_RANDOM
.config:7469:warning: override: reassigning to symbol CGROUPS
.config:7470:warning: override: reassigning to symbol RESET_EIC7700
.config:7471:warning: override: reassigning to symbol IO_URING
.config:7472:warning: override: reassigning to symbol EEPROM_93CX6
.config:7473:warning: override: reassigning to symbol ACPI_MCFG
.config:7474:warning: override: reassigning to symbol IP6_NF_IPTABLES
.config:7475:warning: override: reassigning to symbol INPUT_KEYBOARD
.config:7476:warning: override: reassigning to symbol ARCH_SUPPORTS_DEBUG_PAGEALLOC
.config:7477:warning: override: reassigning to symbol NET_VENDOR_SPACEMIT
.config:7478:warning: override: reassigning to symbol USB_PHY
.config:7479:warning: override: reassigning to symbol MFD_SYSCON
.config:7480:warning: override: reassigning to symbol KVM_COMMON
.config:7481:warning: override: reassigning to symbol I2C_BOARDINFO
.config:7482:warning: override: reassigning to symbol USB_OTG
.config:7483:warning: override: reassigning to symbol EFI_GENERIC_STUB
.config:7484:warning: override: reassigning to symbol SCHED_INFO
.config:7485:warning: override: reassigning to symbol RTC_I2C_AND_SPI
.config:7486:warning: override: reassigning to symbol GENERIC_IOREMAP
.config:7487:warning: override: reassigning to symbol HAVE_PAGE_SIZE_4KB
.config:7488:warning: override: reassigning to symbol CRYPTO
.config:7489:warning: override: reassigning to symbol DRM_DISPLAY_HELPER
.config:7490:warning: override: reassigning to symbol SPARSE_IRQ
.config:7491:warning: override: reassigning to symbol CRYPTO_SKCIPHER
.config:7492:warning: override: reassigning to symbol RING_BUFFER
.config:7493:warning: override: reassigning to symbol RTC_DRV_GOLDFISH
.config:7494:warning: override: reassigning to symbol ARCH_MICROCHIP
.config:7495:warning: override: reassigning to symbol MTD_OF_PARTS
.config:7496:warning: override: reassigning to symbol NET_SELFTESTS
.config:7497:warning: override: reassigning to symbol NET_VENDOR_3COM
.config:7498:warning: override: reassigning to symbol HAVE_KCSAN_COMPILER
.config:7499:warning: override: reassigning to symbol XZ_DEC_ARM
.config:7500:warning: override: reassigning to symbol NVME_CORE
.config:7501:warning: override: reassigning to symbol ARCH_SUPPORTS_MSEAL_SYSTEM_MAPPINGS
.config:7502:warning: override: reassigning to symbol TIMER_OF
.config:7503:warning: override: reassigning to symbol CPU_FREQ_GOV_POWERSAVE
.config:7504:warning: override: reassigning to symbol CC_HAS_NO_PROFILE_FN_ATTR
.config:7505:warning: override: reassigning to symbol LIBFDT
.config:7506:warning: override: reassigning to symbol NET
.config:7507:warning: override: reassigning to symbol SERIAL_SIFIVE
.config:7508:warning: override: reassigning to symbol NO_HZ_COMMON
.config:7509:warning: override: reassigning to symbol SUN6I_MSGBOX
.config:7510:warning: override: reassigning to symbol IP_VS
.config:7511:warning: override: reassigning to symbol NET_VENDOR_META
.config:7512:warning: override: reassigning to symbol NFS_V4
.config:7513:warning: override: reassigning to symbol IPV6_SIT
.config:7514:warning: override: reassigning to symbol MSDOS_PARTITION
.config:7515:warning: override: reassigning to symbol REGULATOR_FIXED_VOLTAGE
.config:7516:warning: override: reassigning to symbol SECURITYFS
.config:7517:warning: override: reassigning to symbol CRYPTO_MANAGER2
.config:7518:warning: override: reassigning to symbol MMC_SUNXI
.config:7519:warning: override: reassigning to symbol RESET_TENSTORRENT_ATLANTIS
.config:7520:warning: override: reassigning to symbol NET_VENDOR_RDC
.config:7521:warning: override: reassigning to symbol WLAN_VENDOR_ADMTEK
.config:7522:warning: override: reassigning to symbol INPUT_MOUSE
.config:7523:warning: override: reassigning to symbol SERIAL_EARLYCON_RISCV_SBI
.config:7524:warning: override: reassigning to symbol MEDIA_PLATFORM_SUPPORT
.config:7525:warning: override: reassigning to symbol LIBNVDIMM
.config:7526:warning: override: reassigning to symbol ATA_FORCE
.config:7527:warning: override: reassigning to symbol HAVE_ALIGNED_STRUCT_PAGE
.config:7528:warning: override: reassigning to symbol MMC_SDHCI_OF_DWCMSHC
.config:7529:warning: override: reassigning to symbol KEYS
.config:7530:warning: override: reassigning to symbol RISCV_ISA_V
.config:7531:warning: override: reassigning to symbol USB_F_ACM
.config:7532:warning: override: reassigning to symbol CPU_MITIGATIONS
.config:7533:warning: override: reassigning to symbol DEBUG_MISC
.config:7534:warning: override: reassigning to symbol USB_XHCI_PLATFORM
.config:7535:warning: override: reassigning to symbol FW_LOADER
.config:7536:warning: override: reassigning to symbol CACHESTAT_SYSCALL
.config:7537:warning: override: reassigning to symbol CONSOLE_TRANSLATIONS
.config:7538:warning: override: reassigning to symbol XFRM_ALGO
.config:7539:warning: override: reassigning to symbol ACPI_DEBUG
.config:7540:warning: override: reassigning to symbol SUN20I_D1_CCU
.config:7541:warning: override: reassigning to symbol ERRATA_ANDES
.config:7542:warning: override: reassigning to symbol ARCH_SUPPORTS_KEXEC_FILE
.config:7543:warning: override: reassigning to symbol EXT4_FS
.config:7544:warning: override: reassigning to symbol DMA_OF
.config:7545:warning: override: reassigning to symbol HARDIRQS_SW_RESEND
.config:7546:warning: override: reassigning to symbol HAVE_ARCH_THREAD_STRUCT_WHITELIST
.config:7547:warning: override: reassigning to symbol SECURITY_SELINUX_DEVELOP
.config:7548:warning: override: reassigning to symbol SECCOMP
.config:7549:warning: override: reassigning to symbol VT_CONSOLE
.config:7550:warning: override: reassigning to symbol NET_VENDOR_RENESAS
.config:7551:warning: override: reassigning to symbol HOTPLUG_CORE_SYNC
.config:7552:warning: override: reassigning to symbol HAVE_LD_DEAD_CODE_DATA_ELIMINATION
.config:7553:warning: override: reassigning to symbol POSIX_CPU_TIMERS_TASK_WORK
.config:7554:warning: override: reassigning to symbol CONFIGFS_FS
.config:7555:warning: override: reassigning to symbol AUDIT_GENERIC
.config:7556:warning: override: reassigning to symbol CRC32
.config:7557:warning: override: reassigning to symbol SERIAL_8250
.config:7558:warning: override: reassigning to symbol ERRATA_THEAD_GHOSTWRITE
.config:7559:warning: override: reassigning to symbol RISCV_IMSIC
.config:7560:warning: override: reassigning to symbol ACPI_PROCESSOR_IDLE
.config:7561:warning: override: reassigning to symbol STACKDEPOT
.config:7562:warning: override: reassigning to symbol PCIEPORTBUS
.config:7563:warning: override: reassigning to symbol EVENT_TRACING
.config:7564:warning: override: reassigning to symbol ACPI_AC
.config:7565:warning: override: reassigning to symbol VHOST_ENABLE_FORK_OWNER_CONTROL
.config:7566:warning: override: reassigning to symbol VIDEO
.config:7567:warning: override: reassigning to symbol KVM
.config:7568:warning: override: reassigning to symbol NFS_FS
.config:7569:warning: override: reassigning to symbol PINCTRL_SUN20I_D1
.config:7570:warning: override: reassigning to symbol RESET_STARFIVE_JH71X0
.config:7571:warning: override: reassigning to symbol IRQ_DOMAIN_HIERARCHY
.config:7572:warning: override: reassigning to symbol NET_VENDOR_TEHUTI
.config:7573:warning: override: reassigning to symbol COMPAT
.config:7574:warning: override: reassigning to symbol PINCTRL_SOPHGO_CV18XX_OPS
.config:7575:warning: override: reassigning to symbol RISCV_NONSTANDARD_CACHE_OPS
.config:7576:warning: override: reassigning to symbol HAS_SECURITY_AUDIT
.config:7577:warning: override: reassigning to symbol CPU_FREQ_GOV_CONSERVATIVE
.config:7578:warning: override: reassigning to symbol DECOMPRESS_GZIP
.config:7579:warning: override: reassigning to symbol TASKS_RCU_GENERIC
.config:7580:warning: override: reassigning to symbol PROC_CHILDREN
.config:7581:warning: override: reassigning to symbol POSIX_TIMERS
.config:7582:warning: override: reassigning to symbol PINCTRL_SOPHGO_CV1800B
.config:7583:warning: override: reassigning to symbol CRC32_ARCH
.config:7584:warning: override: reassigning to symbol TASKS_TRACE_RCU
.config:7585:warning: override: reassigning to symbol WLAN_VENDOR_BROADCOM
.config:7586:warning: override: reassigning to symbol USB_CONFIGFS
.config:7587:warning: override: reassigning to symbol DWMAC_SUN8I
.config:7588:warning: override: reassigning to symbol BLK_CGROUP_PUNT_BIO
.config:7589:warning: override: reassigning to symbol PWM_PXA
.config:7590:warning: override: reassigning to symbol NET_EGRESS
.config:7591:warning: override: reassigning to symbol GPIO_PCA953X
.config:7592:warning: override: reassigning to symbol V4L2_FWNODE
.config:7593:warning: override: reassigning to symbol DEBUG_INFO_NONE
.config:7594:warning: override: reassigning to symbol TOOLCHAIN_NEEDS_EXPLICIT_ZICSR_ZIFENCEI
.config:7595:warning: override: reassigning to symbol NET_SCHED
.config:7596:warning: override: reassigning to symbol TTY
.config:7597:warning: override: reassigning to symbol PINCTRL_STARFIVE_JH7110_AON
.config:7598:warning: override: reassigning to symbol NF_DEFRAG_IPV4
.config:7599:warning: override: reassigning to symbol NET_VENDOR_SEEQ
.config:7600:warning: override: reassigning to symbol BLOCK_HOLDER_DEPRECATED
.config:7601:warning: override: reassigning to symbol CLK_STARFIVE_JH7100_AUDIO
.config:7602:warning: override: reassigning to symbol CPUFREQ_DT_PLATDEV
.config:7603:warning: override: reassigning to symbol DMA_COHERENT_POOL
.config:7604:warning: override: reassigning to symbol RESET_STARFIVE_JH7110
.config:7605:warning: override: reassigning to symbol PHY_STARFIVE_JH7110_PCIE
.config:7606:warning: override: reassigning to symbol ARCH_HAS_ELF_CORE_EFLAGS
.config:7607:warning: override: reassigning to symbol MULTIUSER
.config:7608:warning: override: reassigning to symbol MMP_PDMA
.config:7609:warning: override: reassigning to symbol MOUSE_PS2_TRACKPOINT
.config:7610:warning: override: reassigning to symbol BLK_DEV_SD
.config:7611:warning: override: reassigning to symbol EXT4_USE_FOR_EXT2
.config:7612:warning: override: reassigning to symbol SERIAL_MCTRL_GPIO
.config:7626:warning: override: reassigning to symbol PRINTK
.config:7630:warning: override: reassigning to symbol TTY
.config:7633:warning: override: reassigning to symbol BLK_DEV_INITRD
.config:7634:warning: override: reassigning to symbol RD_GZIP
.config:7637:warning: override: reassigning to symbol BINFMT_ELF
.config:7638:warning: override: reassigning to symbol BINFMT_SCRIPT
.config:7641:warning: override: reassigning to symbol TMPFS
.config:7644:warning: override: reassigning to symbol KERNEL_GZIP
.config:7647:warning: override: reassigning to symbol DRM
.config:7648:warning: override: reassigning to symbol SOUND
.config:7649:warning: override: reassigning to symbol STAGING
.config:7650:warning: override: reassigning to symbol INFINIBAND
.config:7651:warning: override: reassigning to symbol MEDIA_SUPPORT
.config:7655:warning: override: reassigning to symbol SERIAL_8250
.config:7656:warning: override: reassigning to symbol SERIAL_8250_CONSOLE
.config:7657:warning: override: reassigning to symbol SERIAL_OF_PLATFORM
.config:7659:warning: override: reassigning to symbol FPU
#
# configuration written to .config
#
make[5]: Leaving directory '/mnt/git-volume/kernel-test-mainline/build/randdefconfig-riscv'
make[4]: Leaving directory '/mnt/git-volume/linux-mainline'
make[4]: Entering directory '/mnt/git-volume/linux-mainline'
make[5]: Entering directory '/mnt/git-volume/kernel-test-mainline/build/randdefconfig-riscv'
  SYNC    include/config/auto.conf.cmd
  CC      scripts/mod/empty.o
  CC      scripts/mod/devicetable-offsets.s
  MKELF   scripts/mod/elfconfig.h
  HOSTCC  scripts/mod/modpost.o
  HOSTCC  scripts/mod/sumversion.o
  HOSTCC  scripts/mod/symsearch.o
  HOSTCC  scripts/mod/file2alias.o
  HOSTLD  scripts/mod/modpost
  CC      kernel/bounds.s
  CC      arch/riscv/kernel/asm-offsets.s
  UPD     include/generated/asm-offsets.h
  CC      kernel/sched/rq-offsets.s
  UPD     include/generated/rq-offsets.h
  CALL    /mnt/git-volume/linux-mainline/scripts/checksyscalls.sh 
  LDS     arch/riscv/kernel/vdso/vdso.lds
  AS      arch/riscv/kernel/vdso/rt_sigreturn.o
  CC      arch/riscv/kernel/vdso/vgettimeofday.o
  AS      arch/riscv/kernel/vdso/getcpu.o
  CC      arch/riscv/kernel/vdso/hwprobe.o
  AS      arch/riscv/kernel/vdso/flush_icache.o
  AS      arch/riscv/kernel/vdso/sys_hwprobe.o
  CC      arch/riscv/kernel/vdso/getrandom.o
  AS      arch/riscv/kernel/vdso/note.o
  AS      arch/riscv/kernel/vdso/vgetrandom-chacha.o
  VDSOLD  arch/riscv/kernel/vdso/vdso.so.dbg
  VDSOSYM include/generated/vdso-offsets.h
  GEN     usr/initramfs_data.cpio
  COPY    usr/initramfs_inc_data
  AS      usr/initramfs_data.o
  CC      init/main.o
  AR      usr/built-in.a
  UPD     init/utsversion-tmp.h
  CC      init/do_mounts.o
  AS      arch/riscv/kernel/head.o
  CC      arch/riscv/kernel/soc.o
  CC      kernel/fork.o
  CC      arch/riscv/kernel/alternative.o
  CC      arch/riscv/kernel/cpu.o
  CC      init/do_mounts_initrd.o
  CC      init/initramfs.o
  CC      arch/riscv/kernel/cpufeature.o
  CC      kernel/exec_domain.o
  AS      arch/riscv/kernel/entry.o
  CC      arch/riscv/kernel/irq.o
  CC      init/calibrate.o
  CC      init/init_task.o
  CC      arch/riscv/kernel/process.o
  CC      kernel/exec_state.o
  CC      arch/riscv/kernel/ptrace.o
  CC      kernel/panic.o
  CC      init/version.o
  CC      arch/riscv/kernel/reset.o
  CC      arch/riscv/kernel/return_address.o
  AR      init/built-in.a
  CC      kernel/cpu.o
  CC      arch/riscv/kernel/setup.o
  CC      mm/filemap.o
  CC      fs/open.o
  CC      arch/riscv/kernel/signal.o
  CC      kernel/exit.o
  CC      fs/read_write.o
  CC      arch/riscv/kernel/syscall_table.o
  CC      mm/mempool.o
  CC      arch/riscv/kernel/sys_riscv.o
  CC      fs/file_table.o
  CC      kernel/softirq.o
  CC      mm/oom_kill.o
  CC      arch/riscv/kernel/sys_hwprobe.o
  CC      fs/super.o
  CC      kernel/resource.o
  CC      arch/riscv/kernel/time.o
  CC      mm/fadvise.o
  CC      kernel/sysctl.o
  CC      fs/char_dev.o
  CC      arch/riscv/kernel/traps.o
  CC      mm/maccess.o
  CC      kernel/capability.o
  CC      fs/stat.o
  CC      mm/page-writeback.o
  CC      kernel/ptrace.o
  CC      arch/riscv/kernel/riscv_ksyms.o
  CC      arch/riscv/kernel/stacktrace.o
  CC      fs/exec.o
  CC      arch/riscv/kernel/cacheinfo.o
  CC      kernel/user.o
  CC      mm/folio-compat.o
  CC      arch/riscv/kernel/patch.o
  CC      kernel/signal.o
  CC      mm/readahead.o
  CC      fs/pipe.o
  CC      arch/riscv/kernel/vendor_extensions.o
  CC      arch/riscv/kernel/vendor_extensions/andes.o
  CC      arch/riscv/kernel/vendor_extensions/mips.o
  CC      arch/riscv/kernel/vendor_extensions/mips_hwprobe.o
  CC      mm/folio.o
  CC      arch/riscv/kernel/vendor_extensions/sifive.o
  CC      fs/namei.o
  CC      kernel/sys.o
  CC      arch/riscv/kernel/vendor_extensions/sifive_hwprobe.o
  CC      arch/riscv/kernel/vendor_extensions/thead.o
  CC      arch/riscv/kernel/vendor_extensions/thead_hwprobe.o
  AR      arch/riscv/kernel/vendor_extensions/built-in.a
  CC      arch/riscv/kernel/probes/uprobes.o
  CC      mm/truncate.o
  CC      kernel/umh.o
  CC      arch/riscv/kernel/probes/decode-insn.o
  CC      mm/vmscan.o
  CC      fs/fcntl.o
  CC      arch/riscv/kernel/probes/simulate-insn.o
  CC      kernel/workqueue.o
  AR      arch/riscv/kernel/probes/built-in.a
  CC      arch/riscv/kernel/vdso.o
  CC      fs/ioctl.o
  OBJCOPY arch/riscv/kernel/vdso/vdso.so
  AS      arch/riscv/kernel/vdso/vdso.o
  AR      arch/riscv/kernel/vdso/built-in.a
  CC      arch/riscv/kernel/traps_misaligned.o
  CC      fs/readdir.o
  CC      mm/shrinker.o
  CC      kernel/pid.o
  CC      arch/riscv/kernel/unaligned_access_speed.o
  CC      fs/select.o
  CC      mm/shmem.o
  AS      arch/riscv/kernel/copy-unaligned.o
  AS      arch/riscv/kernel/fpu.o
  CC      arch/riscv/kernel/kernel_mode_fpu.o
  CC      kernel/task_work.o
  CC      arch/riscv/kernel/smpboot.o
  CC      fs/dcache.o
  CC      kernel/extable.o
  CC      mm/util.o
  CC      arch/riscv/kernel/smp.o
  CC      arch/riscv/kernel/cpu_ops.o
  CC      fs/inode.o
  CC      kernel/params.o
  CC      mm/mmzone.o
  CC      arch/riscv/kernel/module.o
  CC      mm/vmstat.o
  AS      arch/riscv/kernel/suspend_entry.o
  CC      arch/riscv/kernel/suspend.o
  CC      kernel/kthread.o
  CC      fs/attr.o
  CC      mm/backing-dev.o
  CC      arch/riscv/kernel/perf_callchain.o
  CC      kernel/sys_ni.o
  CC      kernel/nsproxy.o
  CC      fs/bad_inode.o
  CC      arch/riscv/kernel/perf_regs.o
  CC      mm/mm_init.o
  CC      fs/file.o
  CC      kernel/nstree.o
  CC      arch/riscv/kernel/sbi.o
  CC      mm/percpu.o
  CC      kernel/nscommon.o
  CC      arch/riscv/kernel/sbi_ecall.o
  CC      fs/filesystems.o
  CC      kernel/notifier.o
  CC      arch/riscv/kernel/sbi-ipi.o
  CC      fs/namespace.o
  CC      mm/slab_common.o
  CC      kernel/ksysfs.o
  CC      arch/riscv/kernel/cpu_ops_sbi.o
  CC      kernel/cred.o
  CC      arch/riscv/kernel/cpu-hotplug.o
  CC      kernel/reboot.o
  CC      arch/riscv/kernel/jump_label.o
  CC      mm/compaction.o
  CC      fs/seq_file.o
  CC      arch/riscv/kernel/efi.o
  CC      mm/show_mem.o
  CC      kernel/async.o
  CC      fs/xattr.o
  CC      kernel/range.o
  CC      arch/riscv/kernel/pi/cmdline_early.o
  CC      kernel/smpboot.o
  CC      mm/interval_tree.o
  CC      arch/riscv/kernel/pi/fdt_early.o
  CC      arch/riscv/kernel/pi/string.o
  CC      arch/riscv/kernel/pi/ctype.o
  CC      kernel/ucount.o
  CC      arch/riscv/kernel/pi/lib-fdt.o
  CC      arch/riscv/kernel/pi/lib-fdt_ro.o
  CC      fs/libfs.o
  CC      arch/riscv/kernel/pi/archrandom_early.o
  CC      mm/list_lru.o
  OBJCOPY arch/riscv/kernel/pi/cmdline_early.pi.o
  OBJCOPY arch/riscv/kernel/pi/fdt_early.pi.o
  OBJCOPY arch/riscv/kernel/pi/string.pi.o
  OBJCOPY arch/riscv/kernel/pi/ctype.pi.o
  OBJCOPY arch/riscv/kernel/pi/lib-fdt.pi.o
  OBJCOPY arch/riscv/kernel/pi/lib-fdt_ro.pi.o
  OBJCOPY arch/riscv/kernel/pi/archrandom_early.pi.o
  AR      arch/riscv/kernel/pi/built-in.a
  CC      arch/riscv/kernel/acpi.o
  CC      kernel/regset.o
  CC      kernel/ksyms_common.o
  CC      arch/riscv/kernel/bugs.o
  CC      mm/workingset.o
  CC      fs/fs-writeback.o
  LDS     arch/riscv/kernel/vmlinux.lds
  CC      kernel/groups.o
  AR      arch/riscv/kernel/built-in.a
  CC      arch/riscv/mm/init.o
  CC      mm/debug.o
  CC      kernel/sched/core.o
  CC      arch/riscv/mm/extable.o
  CC      mm/gup.o
  CC      fs/pnode.o
  CC      arch/riscv/mm/fault.o
  CC      fs/splice.o
  CC      mm/mmap_lock.o
  CC      arch/riscv/mm/pageattr.o
  CC      fs/sync.o
  CC      arch/riscv/mm/pgtable.o
  CC      mm/vma_init.o
  CC      kernel/sched/fair.o
  CC      arch/riscv/mm/tlbflush.o
  CC      fs/utimes.o
  CC      mm/highmem.o
  CC      arch/riscv/mm/cacheflush.o
  CC      fs/d_path.o
  CC      mm/memory.o
  CC      arch/riscv/mm/context.o
  CC      fs/stack.o
  CC      arch/riscv/mm/pmem.o
  CC      fs/fs_struct.o
  CC      kernel/sched/build_policy.o
  CC      arch/riscv/mm/hugetlbpage.o
  CC      fs/statfs.o
  CC      arch/riscv/mm/dma-noncoherent.o
  CC      mm/mincore.o
  CC      fs/fs_pin.o
  CC      arch/riscv/mm/cache-ops.o
  CC      fs/nsfs.o
  CC      mm/mlock.o
  AR      arch/riscv/mm/built-in.a
  CC      arch/riscv/errata/andes/errata.o
  CC      kernel/sched/build_utility.o
  AR      arch/riscv/errata/andes/built-in.a
  CC      arch/riscv/errata/sifive/errata.o
  CC      fs/fs_dirent.o
  CC      fs/fs_context.o
  CC      mm/mmap.o
  AR      arch/riscv/errata/sifive/built-in.a
  CC      arch/riscv/errata/thead/errata.o
  CC      fs/fs_parser.o
  AR      arch/riscv/errata/thead/built-in.a
  AR      arch/riscv/errata/built-in.a
  CC      arch/riscv/purgatory/purgatory.o
  CC      arch/riscv/purgatory/sha256.o
  CC      mm/mmu_gather.o
  CC      fs/fsopen.o
  AS      arch/riscv/purgatory/entry.o
  CC      arch/riscv/purgatory/string.o
  AR      kernel/sched/built-in.a
  CC      kernel/locking/mutex.o
  CC      arch/riscv/purgatory/ctype.o
  AS      arch/riscv/purgatory/memcpy.o
  AS      arch/riscv/purgatory/memset.o
  AS      arch/riscv/purgatory/strcmp.o
  AS      arch/riscv/purgatory/strlen.o
  AS      arch/riscv/purgatory/strncmp.o
  AS      arch/riscv/purgatory/strnlen.o
  AS      arch/riscv/purgatory/strchr.o
  CC      mm/mprotect.o
  AS      arch/riscv/purgatory/strrchr.o
  LD      arch/riscv/purgatory/purgatory.ro
  LD      arch/riscv/purgatory/purgatory.chk
  AS      arch/riscv/purgatory/kexec-purgatory.o
  AR      arch/riscv/purgatory/built-in.a
  AR      arch/riscv/built-in.a
  CC      ipc/util.o
  CC      fs/init.o
  CC      kernel/locking/semaphore.o
  CC      mm/mremap.o
  CC      fs/kernel_read_file.o
  CC      ipc/msgutil.o
  CC      kernel/locking/rwsem.o
  CC      fs/mnt_idmapping.o
  CC      ipc/msg.o
  CC      kernel/locking/percpu-rwsem.o
  CC      mm/msync.o
  CC      fs/remap_range.o
  CC      kernel/locking/spinlock.o
  CC      ipc/sem.o
  CC      mm/page_vma_mapped.o
  CC      fs/pidfs.o
  CC      kernel/locking/osq_lock.o
  CC      kernel/locking/qspinlock.o
  CC      mm/pagewalk.o
  CC      ipc/shm.o
  CC      fs/file_attr.o
  CC      kernel/locking/rtmutex_api.o
  CC      mm/pgtable-generic.o
  CC      ipc/syscall.o
  CC      fs/fserror.o
  CC      kernel/locking/qrwlock.o
  CC      mm/rmap.o
  CC      ipc/ipc_sysctl.o
  CC      fs/nullfs.o
  AR      kernel/locking/built-in.a
  CC      kernel/power/qos.o
  CC      ipc/namespace.o
  CC      fs/failfs.o
  AR      ipc/built-in.a
  CC      mm/vmalloc.o
  CC      kernel/power/main.o
  CC      mm/vma.o
  CC      fs/buffer.o
  AR      kernel/power/built-in.a
  CC      kernel/printk/printk.o
  CC      mm/vma_exec.o
  CC      security/commoncap.o
  CC      fs/mpage.o
  CC      mm/process_vm_access.o
  CC      kernel/printk/printk_safe.o
  CC      fs/proc_namespace.o
  CC      kernel/printk/nbcon.o
  CC      mm/mseal.o
  CC      security/lsm_syscalls.o
  CC      kernel/printk/printk_ringbuffer.o
  CC      fs/direct-io.o
  CC      mm/page_alloc.o
  CC      security/min_addr.o
  CC      kernel/printk/sysctl.o
  AR      kernel/printk/built-in.a
  CC      security/security.o
  CC      fs/notify/fsnotify.o
  CC      kernel/irq/irqdesc.o
  CC      fs/notify/notification.o
  CC      kernel/irq/handle.o
  CC      mm/page_frag_cache.o
  CC      fs/notify/group.o
  CC      security/lsm_notifier.o
  CC      mm/init-mm.o
  CC      kernel/irq/manage.o
  CC      fs/notify/mark.o
  CC      mm/memblock.o
  CC      security/lsm_init.o
  CC      kernel/irq/spurious.o
  CC      fs/notify/fdinfo.o
  CC      security/integrity/iint.o
  CC      mm/slub.o
  CC      kernel/irq/resend.o
  CC      fs/notify/dnotify/dnotify.o
  CC      security/integrity/efi_secureboot.o
  CC      kernel/irq/chip.o
  AR      fs/notify/dnotify/built-in.a
  CC      fs/notify/inotify/inotify_fsnotify.o
  AR      security/integrity/built-in.a
  AR      security/built-in.a
  CC      fs/notify/inotify/inotify_user.o
  CC      kernel/irq/dummychip.o
  CC      block/bdev.o
  CC      kernel/irq/devres.o
  AR      fs/notify/inotify/built-in.a
  AR      fs/notify/built-in.a
  CC      fs/eventpoll.o
  CC      mm/madvise.o
  CC      block/fops.o
  CC      kernel/irq/kexec.o
  CC      kernel/irq/irqdomain.o
  CC      mm/page_io.o
  CC      block/bio.o
  CC      fs/anon_inodes.o
  CC      mm/swap_state.o
  CC      kernel/irq/proc.o
  CC      fs/signalfd.o
  CC      block/elevator.o
  CC      kernel/irq/migration.o
  CC      fs/timerfd.o
  CC      mm/swapfile.o
  CC      block/blk-core.o
  CC      kernel/irq/cpuhotplug.o
  CC      fs/eventfd.o
  CC      kernel/irq/msi.o
  CC      mm/dmapool.o
  CC      fs/aio.o
  CC      kernel/irq/ipi.o
  CC      mm/hugetlb.o
  CC      block/blk-sysfs.o
  CC      fs/locks.o
  CC      kernel/irq/ipi-mux.o
  CC      block/blk-flush.o
  CC      kernel/irq/affinity.o
  CC      block/blk-settings.o
  CC      kernel/irq/matrix.o
  CC      mm/hugetlb_sysfs.o
  CC      fs/binfmt_script.o
  CC      block/blk-ioc.o
  CC      mm/hugetlb_sysctl.o
  CC      fs/binfmt_elf.o
  AR      kernel/irq/built-in.a
  CC      kernel/rcu/update.o
  CC      mm/hugetlb_vmemmap.o
  CC      block/blk-map.o
  CC      fs/backing-file.o
  CC      mm/sparse.o
  CC      kernel/rcu/sync.o
  CC      block/blk-merge.o
  CC      kernel/rcu/srcutree.o
  CC      fs/posix_acl.o
  CC      mm/sparse-vmemmap.o
  CC      block/blk-timeout.o
  CC      kernel/rcu/tree.o
  CC      fs/coredump.o
  CC      mm/early_ioremap.o
  CC      block/blk-lib.o
  CC      mm/balloon.o
  CC      block/blk-mq.o
  CC      fs/drop_caches.o
  CC      mm/secretmem.o
  CC      kernel/rcu/rcu_segcblist.o
  CC      fs/sysctls.o
  CC      fs/fhandle.o
  AR      kernel/rcu/built-in.a
  CC      kernel/dma/mapping.o
  CC      mm/memfd.o
  CC      block/blk-mq-tag.o
  CC      fs/iomap/trace.o
  CC      mm/page_reporting.o
  CC      block/blk-mq-dma.o
  CC      fs/iomap/iter.o
  CC      kernel/dma/direct.o
  CC      mm/ioremap.o
  CC      block/blk-stat.o
  CC      mm/execmem.o
  CC      fs/iomap/buffered-io.o
  CC      kernel/dma/coherent.o
  CC      block/blk-mq-sysfs.o
  AR      mm/built-in.a
  CC      kernel/dma/swiotlb.o
  CC      io_uring/io_uring.o
  CC      block/blk-mq-cpumap.o
  CC      fs/iomap/direct-io.o
  CC      block/blk-mq-sched.o
  CC      kernel/dma/pool.o
  CC      fs/iomap/ioend.o
  CC      kernel/dma/remap.o
  CC      block/ioctl.o
  CC      fs/iomap/fiemap.o
  AR      kernel/dma/built-in.a
  CC      kernel/entry/common.o
  CC      io_uring/opdef.o
  CC      fs/iomap/seek.o
  CC      block/genhd.o
  CC      io_uring/kbuf.o
  CC      kernel/entry/syscall-common.o
  CC      fs/iomap/bio.o
  CC      block/ioprio.o
  CC      io_uring/rsrc.o
  CC      fs/iomap/swapfile.o
  AR      kernel/entry/built-in.a
  CC      kernel/module/main.o
  CC      block/badblocks.o
  AR      fs/iomap/built-in.a
  CC      fs/proc/task_mmu.o
  CC      block/partitions/core.o
  CC      io_uring/notif.o
  CC      kernel/module/strict_rwx.o
  CC      block/partitions/msdos.o
  CC      fs/proc/inode.o
  CC      io_uring/tctx.o
  CC      kernel/module/kmod.o
  CC      block/partitions/efi.o
  CC      fs/proc/root.o
  CC      io_uring/filetable.o
  CC      kernel/module/tree_lookup.o
  AR      block/partitions/built-in.a
  CC      block/blk-rq-qos.o
  CC      fs/proc/base.o
  CC      io_uring/rw.o
  CC      kernel/module/kallsyms.o
  CC      block/disk-events.o
  CC      kernel/module/procfs.o
  CC      io_uring/poll.o
  CC      block/blk-ia-ranges.o
  CC      fs/proc/generic.o
  CC      kernel/module/sysfs.o
  AR      kernel/module/built-in.a
  CC      kernel/kcmp.o
  CC      block/early-lookup.o
  CC      fs/proc/array.o
  CC      io_uring/tw.o
  CC      kernel/profile.o
  CC      block/bsg.o
  CC      fs/proc/fd.o
  CC      io_uring/wait.o
  CC      kernel/stacktrace.o
  CC      block/mq-deadline.o
  CC      fs/proc/proc_tty.o
  CC      kernel/time/time.o
  CC      fs/proc/cmdline.o
  CC      block/kyber-iosched.o
  CC      io_uring/eventfd.o
  CC      fs/proc/consoles.o
  CC      kernel/time/timer.o
  CC      io_uring/uring_cmd.o
  CC      fs/proc/cpuinfo.o
  CC      block/bfq-iosched.o
  CC      fs/proc/devices.o
  CC      io_uring/openclose.o
  CC      kernel/time/hrtimer.o
  CC      fs/proc/loadavg.o
  CC      io_uring/sqpoll.o
  CC      fs/proc/meminfo.o
  CC      block/bfq-wf2q.o
  CC      kernel/time/sleep_timeout.o
  CC      fs/proc/stat.o
  CC      io_uring/xattr.o
  CC      kernel/time/timekeeping.o
  CC      block/bfq-cgroup.o
  CC      fs/proc/uptime.o
  CC      io_uring/nop.o
  CC      block/blk-mq-debugfs.o
  CC      fs/proc/util.o
  CC      kernel/time/ntp.o
  CC      io_uring/fs.o
  CC      fs/proc/version.o
  CC      block/blk-pm.o
  CC      kernel/time/clocksource.o
  CC      io_uring/splice.o
  CC      fs/proc/softirqs.o
  AR      block/built-in.a
  CC      kernel/time/jiffies.o
  CC      lib/argv_split.o
  CC      fs/proc/namespaces.o
  CC      io_uring/sync.o
  CC      lib/bug.o
  CC      kernel/time/timer_list.o
  CC      io_uring/msg_ring.o
  CC      fs/proc/self.o
  CC      lib/buildid.o
  CC      kernel/time/timeconv.o
  CC      fs/proc/thread_self.o
  CC      io_uring/advise.o
  CC      lib/cmdline.o
  CC      kernel/time/timecounter.o
  CC      lib/cpumask.o
  CC      kernel/time/alarmtimer.o
  CC      fs/proc/proc_sysctl.o
  CC      lib/ctype.o
  CC      lib/dec_and_lock.o
  CC      io_uring/statx.o
  CC      lib/decompress.o
  CC      lib/decompress_bunzip2.o
  CC      kernel/time/posix-timers.o
  CC      io_uring/timeout.o
  CC      fs/proc/kmsg.o
  CC      lib/decompress_inflate.o
  CC      fs/proc/page.o
  CC      lib/decompress_unlz4.o
  CC      kernel/time/posix-cpu-timers.o
  CC      io_uring/cancel.o
  CC      lib/decompress_unlzma.o
  AR      fs/proc/built-in.a
  CC      fs/kernfs/mount.o
  CC      kernel/time/posix-clock.o
  CC      io_uring/waitid.o
  CC      lib/decompress_unlzo.o
  CC      fs/kernfs/inode.o
  CC      lib/decompress_unxz.o
  CC      kernel/time/itimer.o
  CC      io_uring/register.o
  CC      lib/dump_stack.o
  CC      fs/kernfs/dir.o
  CC      kernel/time/clockevents.o
  CC      lib/earlycpio.o
  CC      lib/extable.o
  CC      kernel/time/tick-common.o
  CC      io_uring/truncate.o
  CC      lib/fdt.o
  CC      fs/kernfs/file.o
  CC      lib/fdt_addresses.o
  CC      lib/fdt_empty_tree.o
  CC      lib/fdt_ro.o
  CC      lib/fdt_rw.o
  CC      kernel/time/tick-broadcast.o
  CC      io_uring/memmap.o
  CC      lib/fdt_strerror.o
  CC      lib/fdt_sw.o
  CC      lib/fdt_wip.o
  CC      lib/flex_proportions.o
  CC      fs/kernfs/symlink.o
  CC      io_uring/alloc_cache.o
  CC      lib/idr.o
  CC      kernel/time/tick-broadcast-hrtimer.o
  CC      io_uring/query.o
  CC      lib/iomem_copy.o
  AR      fs/kernfs/built-in.a
  CC      fs/sysfs/file.o
  CC      kernel/time/sched_clock.o
  CC      lib/irq_regs.o
  CC      kernel/time/tick-oneshot.o
  CC      lib/is_single_threaded.o
  CC      io_uring/loop.o
  CC      fs/sysfs/dir.o
  CC      lib/klist.o
  CC      kernel/time/tick-sched.o
  CC      lib/kobject.o
  CC      fs/sysfs/symlink.o
  CC      io_uring/io-wq.o
  CC      lib/kobject_uevent.o
  CC      kernel/time/timer_migration.o
  CC      fs/sysfs/mount.o
  CC      io_uring/futex.o
  CC      lib/logic_pio.o
  CC      fs/sysfs/group.o
  CC      lib/maple_tree.o
  CC      io_uring/epoll.o
  AR      fs/sysfs/built-in.a
  CC      fs/devpts/inode.o
  CC      kernel/time/vsyscall.o
  CC      kernel/time/timekeeping_debug.o
  CC      io_uring/fdinfo.o
  AR      fs/devpts/built-in.a
  CC      fs/ramfs/inode.o
  CC      kernel/time/namespace.o
  AR      io_uring/built-in.a
  CC      fs/ramfs/file-mmu.o
  CC      lib/memcat_p.o
  CC      lib/nmi_backtrace.o
  CC      lib/objpool.o
  CC      kernel/time/namespace_vdso.o
  AR      fs/ramfs/built-in.a
  CC      fs/hugetlbfs/inode.o
  CC      lib/plist.o
  CC      lib/radix-tree.o
  CC      lib/ratelimit.o
  CC      lib/rbtree.o
  AR      kernel/time/built-in.a
  CC      kernel/futex/core.o
  CC      lib/seq_buf.o
  CC      kernel/futex/syscalls.o
  AR      fs/hugetlbfs/built-in.a
  CC      fs/fat/cache.o
  CC      lib/siphash.o
  CC      kernel/futex/pi.o
  CC      lib/string.o
  CC      kernel/futex/requeue.o
  CC      lib/sys_info.o
  CC      fs/fat/dir.o
  CC      kernel/futex/waitwake.o
  CC      fs/fat/fatent.o
  CC      lib/timerqueue.o
  CC      fs/fat/file.o
  CC      lib/vsprintf.o
  AR      kernel/futex/built-in.a
  CC      kernel/smp.o
  CC      fs/fat/inode.o
  CC      fs/fat/misc.o
  CC      kernel/kallsyms.o
  CC      fs/fat/nfs.o
  CC      fs/fat/namei_vfat.o
  CC      lib/win_minmax.o
  CC      kernel/utsname.o
  CC      lib/xarray.o
  CC      lib/lockref.o
  CC      kernel/user_namespace.o
  CC      lib/bcd.o
  CC      lib/sort.o
  AR      fs/fat/built-in.a
  CC      fs/isofs/namei.o
  CC      lib/parser.o
  CC      lib/debug_locks.o
  CC      fs/isofs/inode.o
  CC      lib/random32.o
  UPD     kernel/config_data
  CC      kernel/stop_machine.o
  CC      kernel/utsname_sysctl.o
  CC      lib/bust_spinlocks.o
  CC      kernel/tracepoint.o
  CC      fs/isofs/dir.o
  CC      kernel/trace/trace_clock.o
  CC      lib/kasprintf.o
  CC      kernel/trace/ring_buffer.o
  CC      lib/bitmap.o
  CC      kernel/trace/trace.o
  CC      fs/isofs/util.o
  CC      lib/scatterlist.o
  CC      fs/isofs/rock.o
  CC      lib/list_sort.o
  CC      lib/uuid.o
  CC      lib/iov_iter.o
  CC      fs/isofs/export.o
  CC      kernel/trace/trace_output.o
  CC      kernel/trace/trace_seq.o
  CC      fs/isofs/compress.o
  CC      kernel/trace/trace_stat.o
  CC      lib/clz_ctz.o
  CC      kernel/trace/trace_printk.o
  CC      lib/bsearch.o
  AR      fs/isofs/built-in.a
  CC      fs/exportfs/expfs.o
  AR      fs/exportfs/built-in.a
  CC      lib/find_bit.o
  CC      fs/nls/nls_base.o
  CC      kernel/trace/trace_pid.o
  CC      lib/llist.o
  CC      kernel/trace/pid_list.o
  CC      lib/lwq.o
  CC      fs/nls/nls_cp437.o
  CC      lib/memweight.o
  CC      lib/kfifo.o
  CC      kernel/trace/trace_sched_switch.o
  CC      fs/nls/nls_iso8859-1.o
  CC      kernel/trace/trace_nop.o
  CC      lib/percpu-refcount.o
  AR      fs/nls/built-in.a
  CC      fs/autofs/init.o
  CC      kernel/trace/blktrace.o
  CC      fs/autofs/inode.o
  CC      lib/rhashtable.o
  CC      kernel/trace/trace_events.o
  CC      kernel/trace/trace_export.o
  CC      fs/autofs/root.o
  CC      lib/base64.o
  CC      lib/once.o
  CC      lib/refcount.o
  CC      kernel/trace/trace_event_perf.o
  CC      fs/autofs/symlink.o
  CC      lib/rcuref.o
  CC      lib/usercopy.o
  CC      kernel/trace/trace_events_filter.o
  CC      lib/errseq.o
  CC      fs/autofs/waitq.o
  CC      fs/autofs/expire.o
  CC      lib/bucket_locks.o
  CC      lib/generic-radix-tree.o
  CC      kernel/trace/trace_events_trigger.o
  CC      fs/autofs/dev-ioctl.o
  CC      kernel/trace/trace_eprobe.o
  CC      lib/bitmap-str.o
  CC      lib/string_helpers.o
  AR      fs/autofs/built-in.a
  CC      fs/debugfs/inode.o
  CC      kernel/trace/bpf_trace.o
  CC      kernel/trace/error_report-traces.o
  CC      lib/hexdump.o
  CC      lib/kstrtox.o
  CC      fs/debugfs/file.o
  CC      kernel/trace/power-traces.o
  CC      lib/math/div64.o
  CC      lib/math/gcd.o
  CC      lib/math/lcm.o
  CC      lib/math/int_log.o
  CC      lib/math/int_pow.o
  CC      lib/math/int_sqrt.o
  CC      lib/math/reciprocal_div.o
  CC      lib/math/rational.o
  AR      fs/debugfs/built-in.a
  CC      fs/tracefs/inode.o
  CC      kernel/trace/rpm-traces.o
  AR      lib/math/built-in.a
  CC      lib/crc/crc32-main.o
  CC      kernel/trace/trace_dynevent.o
  CC      lib/crc/riscv/crc32_lsb.o
  CC      fs/tracefs/event_inode.o
  CC      lib/crc/riscv/crc32_msb.o
  AR      lib/crc/built-in.a
  CC      lib/crypto/blake2s.o
  CC      kernel/trace/trace_probe.o
  CC      kernel/trace/trace_uprobe.o
  AR      fs/tracefs/built-in.a
  CC      lib/crypto/chacha-block-generic.o
  CC      lib/crypto/sha256.o
  CC      lib/vdso/datastore.o
  AR      fs/built-in.a
  AS      arch/riscv/lib/clear_page.o
  CC      arch/riscv/lib/csum.o
  AR      kernel/trace/built-in.a
  CC      kernel/irq_work.o
  AR      lib/crypto/built-in.a
  CC      lib/iomap_copy.o
  CC      arch/riscv/lib/delay.o
  AR      lib/vdso/built-in.a
  CC      lib/devres.o
  AS      arch/riscv/lib/memcpy.o
  AS      arch/riscv/lib/memmove.o
  AS      arch/riscv/lib/memset.o
  AS      arch/riscv/lib/strchr.o
  AS      arch/riscv/lib/strcmp.o
  CC      lib/hweight.o
  AS      arch/riscv/lib/strlen.o
  AS      arch/riscv/lib/strncmp.o
  AS      arch/riscv/lib/strnlen.o
  CC      lib/bitrev.o
  AS      arch/riscv/lib/strrchr.o
  AS      arch/riscv/lib/uaccess.o
  AR      arch/riscv/lib/lib.a
  CC      drivers/cache/sifive_ccache.o
  CC      kernel/cpu_pm.o
  CC      drivers/irqchip/irqchip.o
  CC      lib/linear_ranges.o
  AR      drivers/cache/built-in.a
  CC      drivers/bus/simple-pm-bus.o
  CC      lib/genalloc.o
  CC      kernel/bpf/core.o
  CC      drivers/irqchip/irq-msi-lib.o
  AR      drivers/bus/built-in.a
  CC      drivers/phy/phy-core.o
  CC      drivers/irqchip/irq-riscv-intc.o
  CC      lib/zlib_inflate/inffast.o
  CC      lib/zlib_inflate/inflate.o
  CC      lib/zlib_inflate/infutil.o
  CC      drivers/phy/phy-core-mipi-dphy.o
  CC      drivers/irqchip/irq-riscv-aplic-main.o
  CC      lib/zlib_inflate/inftrees.o
  CC      lib/zlib_inflate/inflate_syms.o
  CC      kernel/bpf/syscall.o
  AR      drivers/phy/spacemit/built-in.a
  AR      drivers/phy/built-in.a
  CC      kernel/bpf/verifier.o
  AR      lib/zlib_inflate/built-in.a
  CC      drivers/irqchip/irq-riscv-aplic-direct.o
  CC      lib/lzo/lzo1x_decompress_safe.o
  AR      lib/lzo/built-in.a
  CC      lib/lz4/lz4_decompress.o
  CC      drivers/irqchip/irq-riscv-aplic-msi.o
  CC      drivers/irqchip/irq-riscv-imsic-state.o
  AR      lib/lz4/built-in.a
  CC      lib/xz/xz_dec_syms.o
  CC      lib/xz/xz_dec_stream.o
  CC      lib/percpu_counter.o
  CC      drivers/irqchip/irq-riscv-imsic-early.o
  CC      lib/xz/xz_dec_lzma2.o
  CC      lib/syscall.o
  CC      drivers/irqchip/irq-riscv-imsic-platform.o
  CC      lib/xz/xz_dec_bcj.o
  CC      lib/errname.o
  CC      lib/checksum.o
  AR      lib/xz/built-in.a
  CC      lib/glob.o
  CC      drivers/irqchip/irq-riscv-rpmi-sysmsi.o
  CC      lib/strncpy_from_user.o
  CC      kernel/events/core.o
  CC      lib/strnlen_user.o
  CC      drivers/irqchip/irq-sifive-plic.o
  CC      lib/sg_pool.o
  CC      drivers/irqchip/irq-starfive-jhb100-intc.o
  CC      kernel/bpf/inode.o
  CC      lib/stackdepot.o
  AR      drivers/irqchip/built-in.a
  CC      drivers/pinctrl/core.o
  CC      lib/fonts/fonts.o
  CC      kernel/bpf/helpers.o
  CC      lib/fonts/font_8x16.o
  CC      drivers/pinctrl/pinctrl-utils.o
  AR      lib/fonts/built-in.a
  CC      lib/ucs2_string.o
  CC      drivers/pinctrl/pinmux.o
  CC      kernel/events/ring_buffer.o
  CC      lib/sbitmap.o
  CC      drivers/pinctrl/pinconf.o
  CC      lib/group_cpus.o
  CC      kernel/bpf/tnum.o
  CC      kernel/bpf/cnum.o
  CC      kernel/events/callchain.o
  CC      drivers/pinctrl/pinconf-generic.o
  CC      kernel/bpf/log.o
  CC      lib/devmem_is_allowed.o
  CC      drivers/pinctrl/pinctrl-generic.o
  CC      lib/fw_table.o
  CC      kernel/events/uprobes.o
  CC      kernel/bpf/token.o
  CC      drivers/pinctrl/devicetree.o
  AR      lib/lib.a
  AR      lib/built-in.a
  CC      drivers/gpio/gpiolib.o
  CC      drivers/pinctrl/sophgo/pinctrl-sophgo-common.o
  CC      kernel/bpf/liveness.o
  AR      kernel/events/built-in.a
  CC      kernel/padata.o
  CC      drivers/pinctrl/sophgo/pinctrl-cv18xx.o
  CC      kernel/jump_label.o
  CC      drivers/gpio/gpiolib-devres.o
  CC      drivers/pinctrl/sophgo/pinctrl-cv1812h.o
  CC      kernel/context_tracking.o
  CC      kernel/bpf/const_fold.o
  CC      drivers/gpio/gpiolib-legacy.o
  CC      drivers/pinctrl/sophgo/pinctrl-sg2000.o
  CC      kernel/iomem.o
  CC      drivers/gpio/gpiolib-of.o
  CC      drivers/gpio/gpiolib-cdev.o
  CC      kernel/bpf/diagnostics.o
  CC      drivers/pinctrl/sophgo/pinctrl-sg2002.o
  CC      drivers/gpio/gpiolib-acpi-core.o
  AR      drivers/pinctrl/sophgo/built-in.a
  AR      drivers/pinctrl/spacemit/built-in.a
  CC      drivers/pinctrl/starfive/pinctrl-starfive-jh7100.o
  CC      drivers/gpio/gpiolib-acpi-quirks.o
  CC      kernel/bpf/bpf_iter.o
  CC      drivers/gpio/gpiolib-swnode.o
  CC      kernel/bpf/map_iter.o
  CC      drivers/pinctrl/starfive/pinctrl-starfive-jh7110.o
  AR      drivers/gpio/built-in.a
  CC      drivers/pwm/core.o
  CC      kernel/bpf/task_iter.o
  CC      kernel/bpf/prog_iter.o
  CC      drivers/pinctrl/starfive/pinctrl-starfive-jh7110-sys.o
  AR      drivers/pinctrl/starfive/built-in.a
  CC      drivers/pinctrl/ultrarisc/pinctrl-ultrarisc.o
  CC      kernel/bpf/link_iter.o
  AR      drivers/pwm/built-in.a
  CC      drivers/pci/of.o
  CC      drivers/video/console/dummycon.o
  CC      drivers/pinctrl/ultrarisc/pinctrl-dp1000.o
  AR      drivers/video/console/built-in.a
  AR      drivers/video/built-in.a
  CC      kernel/bpf/hashtab.o
  AR      drivers/pci/controller/dwc/built-in.a
  AR      drivers/pci/controller/plda/built-in.a
  AR      drivers/pci/controller/built-in.a
  CC      drivers/pci/trace.o
  CC      drivers/acpi/tables.o
  AR      drivers/pinctrl/ultrarisc/built-in.a
  AR      drivers/pinctrl/built-in.a
  CC      drivers/pnp/core.o
  CC      drivers/pnp/card.o
  AR      drivers/pci/built-in.a
  CC      drivers/amba/bus.o
  CC      drivers/acpi/osi.o
  CC      drivers/pnp/driver.o
  CC      drivers/acpi/osl.o
  CC      kernel/bpf/arraymap.o
  AR      drivers/amba/built-in.a
  CC      drivers/clk/clk-devres.o
  CC      drivers/pnp/resource.o
  CC      drivers/clk/clk-bulk.o
  CC      drivers/acpi/utils.o
  CC      drivers/pnp/manager.o
  CC      kernel/bpf/percpu_freelist.o
  CC      drivers/clk/clkdev.o
  CC      kernel/bpf/bpf_lru_list.o
  CC      drivers/acpi/reboot.o
  CC      drivers/pnp/support.o
  CC      kernel/bpf/lpm_trie.o
  CC      drivers/clk/clk.o
  CC      drivers/pnp/interface.o
  CC      drivers/acpi/nvs.o
  CC      drivers/pnp/quirks.o
  CC      drivers/acpi/wakeup.o
  CC      kernel/bpf/map_in_map.o
  CC      drivers/acpi/device_sysfs.o
  CC      drivers/pnp/system.o
  CC      kernel/bpf/bloom_filter.o
  CC      drivers/clk/clk-divider.o
  CC      drivers/pnp/pnpacpi/core.o
  CC      drivers/acpi/device_pm.o
  CC      drivers/clk/clk-fixed-factor.o
  CC      kernel/bpf/local_storage.o
  CC      drivers/pnp/pnpacpi/rsparser.o
  CC      drivers/acpi/bus.o
  CC      drivers/clk/clk-fixed-rate.o
  AR      drivers/pnp/pnpacpi/built-in.a
  AR      drivers/pnp/built-in.a
  CC      kernel/bpf/queue_stack_maps.o
  CC      drivers/dma/dmaengine.o
  CC      drivers/clk/clk-gate.o
  CC      drivers/acpi/glue.o
  CC      kernel/bpf/ringbuf.o
  CC      drivers/clk/clk-multiplier.o
  CC      drivers/dma/virt-dma.o
  CC      drivers/acpi/scan.o
  CC      drivers/clk/clk-mux.o
  CC      drivers/dma/acpi-dma.o
  CC      kernel/bpf/bpf_insn_array.o
  CC      drivers/clk/clk-composite.o
  CC      drivers/acpi/mipi-disco-img.o
  CC      drivers/dma/of-dma.o
  CC      kernel/bpf/bpf_local_storage.o
  CC      drivers/clk/clk-fractional-divider.o
  CC      drivers/acpi/resource.o
  CC      drivers/dma/dw-axi-dmac/dw-axi-dmac-platform.o
  CC      drivers/clk/clk-gpio.o
  CC      drivers/acpi/acpi_processor.o
  CC      kernel/bpf/bpf_task_storage.o
  CC      drivers/clk/clk-conf.o
  AR      drivers/dma/dw-axi-dmac/built-in.a
  AR      drivers/dma/built-in.a
  AR      drivers/soc/microchip/built-in.a
  CC      drivers/soc/sunxi/sunxi_sram.o
  CC      drivers/acpi/processor_core.o
  CC      drivers/clk/clk-rpmi.o
  CC      kernel/bpf/fixups.o
  AR      drivers/soc/sunxi/built-in.a
  AR      drivers/soc/built-in.a
  CC      drivers/pmdomain/starfive/jh71xx-pmu.o
  CC      drivers/acpi/acpi_apd.o
  CC      drivers/clk/analogbits/wrpll-cln28hpc.o
  AR      drivers/pmdomain/starfive/built-in.a
  CC      drivers/pmdomain/sunxi/sun20i-ppu.o
  AR      drivers/clk/analogbits/built-in.a
  CC      drivers/clk/eswin/clk.o
  CC      drivers/acpi/acpi_platform.o
  CC      drivers/pmdomain/sunxi/sun55i-pck600.o
  CC      kernel/bpf/cfg.o
  CC      drivers/clk/eswin/clk-eic7700.o
  CC      drivers/acpi/acpi_pnp.o
  AR      drivers/pmdomain/sunxi/built-in.a
  CC      drivers/pmdomain/core.o
  AR      drivers/clk/eswin/built-in.a
  AR      drivers/clk/microchip/built-in.a
  CC      drivers/clk/sifive/sifive-prci.o
  CC      drivers/acpi/power.o
  CC      kernel/bpf/states.o
  AR      drivers/clk/sifive/built-in.a
  CC      drivers/clk/sophgo/clk-sg2042-clkgen.o
  CC      drivers/acpi/event.o
  CC      drivers/pmdomain/governor.o
  CC      drivers/clk/sophgo/clk-sg2042-pll.o
  CC      kernel/bpf/backtrack.o
  CC      drivers/acpi/evged.o
  CC      drivers/clk/sophgo/clk-sg2042-rpgate.o
  AR      drivers/pmdomain/built-in.a
  CC      drivers/virtio/virtio.o
  AR      drivers/clk/sophgo/built-in.a
  CC      drivers/clk/starfive/clk-starfive-jh71x0.o
  CC      drivers/acpi/sysfs.o
  CC      drivers/virtio/virtio_ring.o
  CC      kernel/bpf/check_btf.o
  CC      drivers/clk/starfive/clk-starfive-jh7100.o
  CC      drivers/acpi/property.o
  CC      drivers/clk/starfive/clk-starfive-jh7110-pll.o
  CC      kernel/bpf/disasm.o
  CC      drivers/virtio/virtio_anchor.o
  CC      drivers/clk/starfive/clk-starfive-jh7110-sys.o
  CC      drivers/acpi/debugfs.o
  CC      kernel/bpf/mprog.o
  CC      drivers/virtio/virtio_mmio.o
  AR      drivers/clk/starfive/built-in.a
  CC      drivers/clk/sunxi-ng/ccu_common.o
  CC      drivers/acpi/acpi_lpat.o
  CC      drivers/clk/sunxi-ng/ccu_mmc_timing.o
  CC      kernel/bpf/btf.o
  CC      drivers/virtio/virtio_balloon.o
  CC      drivers/acpi/irq.o
  CC      drivers/clk/sunxi-ng/ccu_reset.o
  CC      drivers/clk/sunxi-ng/ccu_div.o
  CC      drivers/acpi/acpi_pcc.o
  AR      drivers/virtio/built-in.a
  CC      drivers/regulator/core.o
  CC      drivers/clk/sunxi-ng/ccu_frac.o
  CC      drivers/clk/sunxi-ng/ccu_gate.o
  CC      drivers/clk/sunxi-ng/ccu_mux.o
  CC      drivers/acpi/acpica/dsargs.o
  CC      drivers/acpi/acpica/dscontrol.o
  CC      drivers/clk/sunxi-ng/ccu_mult.o
  CC      drivers/acpi/acpica/dsdebug.o
  CC      drivers/clk/sunxi-ng/ccu_phase.o
  CC      kernel/bpf/memalloc.o
  CC      drivers/regulator/dummy.o
  CC      drivers/acpi/acpica/dsfield.o
  CC      drivers/clk/sunxi-ng/ccu_sdm.o
  CC      drivers/acpi/acpica/dsinit.o
  CC      drivers/clk/sunxi-ng/ccu_nk.o
  CC      drivers/regulator/fixed-helper.o
  CC      kernel/bpf/rqspinlock.o
  CC      drivers/acpi/acpica/dsmethod.o
  CC      drivers/clk/sunxi-ng/ccu_nkm.o
  CC      drivers/acpi/acpica/dsmthdat.o
  CC      drivers/regulator/helpers.o
  CC      drivers/clk/sunxi-ng/ccu_nkmp.o
  CC      kernel/bpf/stream.o
  CC      drivers/acpi/acpica/dsobject.o
  CC      drivers/clk/sunxi-ng/ccu_nm.o
  CC      drivers/acpi/acpica/dsopcode.o
  CC      drivers/regulator/devres.o
  CC      drivers/clk/sunxi-ng/ccu_mp.o
  CC      drivers/acpi/acpica/dspkginit.o
  CC      kernel/bpf/arena.o
  CC      drivers/clk/sunxi-ng/ccu-sun20i-d1-r.o
  CC      drivers/regulator/irq_helpers.o
  CC      drivers/acpi/acpica/dsutils.o
  CC      drivers/clk/sunxi-ng/ccu-sun6i-rtc.o
  CC      drivers/acpi/acpica/dswexec.o
  CC      drivers/regulator/of_regulator.o
  CC      drivers/acpi/acpica/dswload.o
  CC      kernel/bpf/range_tree.o
  AR      drivers/clk/sunxi-ng/built-in.a
  CC      drivers/clk/tenstorrent/atlantis-prcm.o
  CC      drivers/acpi/acpica/dswload2.o
  CC      drivers/regulator/gpio-regulator.o
  CC      drivers/acpi/acpica/dswscope.o
  AR      drivers/clk/tenstorrent/built-in.a
  AR      drivers/clk/thead/built-in.a
  CC      drivers/clk/ultrarisc/clk-ultrarisc.o
  CC      kernel/bpf/stackmap.o
  CC      drivers/acpi/acpica/dswstate.o
  AR      drivers/regulator/built-in.a
  CC      drivers/clk/ultrarisc/clk-dp1000.o
  CC      drivers/reset/core.o
  CC      drivers/acpi/acpica/evevent.o
  CC      drivers/acpi/acpica/evgpe.o
  AR      drivers/clk/ultrarisc/built-in.a
  AR      drivers/clk/built-in.a
  CC      drivers/reset/starfive/reset-starfive-jh71x0.o
  CC      kernel/bpf/relo_core.o
  CC      drivers/acpi/acpica/evgpeblk.o
  CC      drivers/reset/starfive/reset-starfive-jh7100.o
  CC      drivers/reset/starfive/reset-starfive-jh7110.o
  CC      drivers/acpi/acpica/evgpeinit.o
  CC      drivers/acpi/button.o
  CC      drivers/acpi/acpica/evgpeutil.o
  AR      drivers/reset/starfive/built-in.a
  CC      drivers/reset/reset-k230.o
  CC      drivers/acpi/acpica/evglock.o
  CC      kernel/bpf/btf_iter.o
  CC      drivers/acpi/fan_core.o
  CC      drivers/reset/reset-simple.o
  CC      drivers/acpi/acpica/evhandler.o
  CC      kernel/bpf/btf_relocate.o
  CC      drivers/acpi/acpica/evmisc.o
  CC      drivers/acpi/fan_attr.o
  CC      drivers/reset/reset-sunxi.o
  CC      drivers/acpi/acpica/evregion.o
  AR      drivers/reset/built-in.a
  CC      drivers/acpi/processor_driver.o
  CC      drivers/tty/tty_io.o
  CC      drivers/acpi/acpica/evrgnini.o
  CC      kernel/bpf/kmem_cache_iter.o
  CC      drivers/acpi/processor_thermal.o
  CC      drivers/acpi/acpica/evsci.o
  CC      drivers/acpi/acpica/evxface.o
  CC      drivers/acpi/processor_idle.o
  CC      kernel/bpf/dmabuf_iter.o
  CC      drivers/acpi/acpica/evxfevnt.o
  CC      drivers/tty/n_tty.o
  CC      drivers/acpi/acpica/evxfgpe.o
  AR      kernel/bpf/built-in.a
  CC      kernel/rseq.o
  CC      drivers/acpi/processor_perflib.o
  CC      drivers/acpi/acpica/evxfregn.o
  CC      drivers/tty/tty_ioctl.o
  CC      drivers/acpi/acpica/exconcat.o
  CC      drivers/acpi/container.o
  GZIP    kernel/config_data.gz
  CC      drivers/acpi/acpica/exconfig.o
  CC      kernel/configs.o
  CC      drivers/tty/tty_ldisc.o
  CC      drivers/acpi/thermal_lib.o
  CC      drivers/acpi/acpica/exconvrt.o
  AR      kernel/built-in.a
  CC      drivers/acpi/acpica/excreate.o
  CC      drivers/tty/tty_buffer.o
  CC      drivers/acpi/acpica/exdebug.o
  CC      drivers/acpi/thermal.o
  CC      drivers/acpi/acpica/exdump.o
  CC      drivers/acpi/acpica/exfield.o
  CC      drivers/acpi/acpica/exfldio.o
  CC      drivers/tty/tty_port.o
  CC      drivers/acpi/acpi_memhotplug.o
  CC      drivers/acpi/acpica/exmisc.o
  CC      drivers/acpi/acpica/exmutex.o
  CC      drivers/acpi/acpica/exnames.o
  CC      drivers/tty/tty_mutex.o
  CC      drivers/acpi/acpica/exoparg1.o
  CC      drivers/acpi/battery.o
  CC      drivers/acpi/cppc_acpi.o
  CC      drivers/acpi/acpica/exoparg2.o
  CC      drivers/tty/tty_ldsem.o
  CC      drivers/acpi/acpica/exoparg3.o
  CC      drivers/acpi/spcr.o
  CC      drivers/tty/tty_baudrate.o
  CC      drivers/acpi/acpica/exoparg6.o
  CC      drivers/acpi/pptt.o
  CC      drivers/acpi/acpica/exprep.o
  CC      drivers/tty/tty_jobctrl.o
  CC      drivers/acpi/riscv/rhct.o
  CC      drivers/acpi/acpica/exregion.o
  CC      drivers/acpi/riscv/init.o
  CC      drivers/tty/n_null.o
  CC      drivers/acpi/acpica/exresnte.o
  CC      drivers/acpi/riscv/irq.o
  CC      drivers/acpi/acpica/exresolv.o
  CC      drivers/tty/pty.o
  CC      drivers/acpi/riscv/cpuidle.o
  CC      drivers/acpi/riscv/cppc.o
  CC      drivers/acpi/acpica/exresop.o
  CC      drivers/tty/vt/vt_ioctl.o
  CC      drivers/acpi/acpica/exserial.o
  CC      drivers/tty/vt/vc_screen.o
  CC      drivers/acpi/riscv/rimt.o
  CC      drivers/acpi/acpica/exstore.o
  CC      drivers/acpi/acpica/exstoren.o
  AR      drivers/acpi/riscv/built-in.a
  CC      drivers/tty/vt/selection.o
  CC      drivers/acpi/acpica/exstorob.o
  CC      drivers/tty/vt/keyboard.o
  CC      drivers/acpi/acpica/exsystem.o
  CC      drivers/acpi/acpica/extrace.o
  CC      drivers/acpi/acpica/exutils.o
  CC      drivers/tty/vt/vt.o
  CC      drivers/acpi/acpica/hwacpi.o
  CC      drivers/acpi/acpica/hwesleep.o
  CC      drivers/tty/vt/defkeymap.o
  CC      drivers/acpi/acpica/hwgpe.o
  CC      drivers/tty/vt/consolemap.o
  CC      drivers/acpi/acpica/hwregs.o
  CC      drivers/acpi/acpica/hwsleep.o
  CC      drivers/acpi/acpica/hwvalid.o
  CC      drivers/acpi/acpica/hwxface.o
  CC      drivers/acpi/acpica/nsaccess.o
  CC      drivers/acpi/acpica/hwxfsleep.o
  CC      drivers/tty/vt/consolemap_deftbl.o
  CC      drivers/acpi/acpica/nsalloc.o
  CC      drivers/tty/vt/ucs.o
  AR      drivers/tty/vt/built-in.a
  CC      drivers/tty/hvc/hvc_console.o
  CC      drivers/acpi/acpica/nsarguments.o
  CC      drivers/acpi/acpica/nsconvert.o
  CC      drivers/acpi/acpica/nsdump.o
  CC      drivers/acpi/acpica/nseval.o
  CC      drivers/acpi/acpica/nsinit.o
  CC      drivers/acpi/acpica/nsload.o
  CC      drivers/acpi/acpica/nsnames.o
  AR      drivers/tty/hvc/built-in.a
  CC      drivers/tty/serial/serial_core.o
  CC      drivers/char/mem.o
  CC      drivers/tty/serial/serial_base_bus.o
  CC      drivers/acpi/acpica/nsobject.o
  CC      drivers/acpi/acpica/nsparse.o
  CC      drivers/char/random.o
  CC      drivers/tty/serial/serial_ctrl.o
  CC      drivers/acpi/acpica/nspredef.o
  CC      drivers/acpi/acpica/nsprepkg.o
  CC      drivers/tty/serial/serial_port.o
  CC      drivers/acpi/acpica/nsrepair.o
  CC      drivers/acpi/acpica/nsrepair2.o
  CC      drivers/acpi/acpica/nssearch.o
  CC      drivers/char/misc.o
  CC      drivers/tty/serial/earlycon.o
  CC      drivers/acpi/acpica/nsutils.o
  CC      drivers/acpi/acpica/nswalk.o
  CC      drivers/char/virtio_console.o
  CC      drivers/acpi/acpica/nsxfeval.o
  CC      drivers/acpi/acpica/nsxfname.o
  CC      drivers/tty/serial/8250/8250_core.o
  CC      drivers/acpi/acpica/nsxfobj.o
  CC      drivers/acpi/acpica/psargs.o
  CC      drivers/acpi/acpica/psloop.o
  CC      drivers/acpi/acpica/psobject.o
  AR      drivers/char/built-in.a
  CC      drivers/iommu/riscv/iommu.o
  CC      drivers/tty/serial/serial_mctrl_gpio.o
  CC      drivers/tty/serial/8250/8250_platform.o
  CC      drivers/acpi/acpica/psopcode.o
  CC      drivers/acpi/acpica/psopinfo.o
  CC      drivers/acpi/acpica/psparse.o
  CC      drivers/tty/serial/8250/8250_pnp.o
  CC      drivers/acpi/acpica/psscope.o
  CC      drivers/iommu/riscv/iommu-platform.o
  CC      drivers/acpi/acpica/pstree.o
  CC      drivers/acpi/acpica/psutils.o
  CC      drivers/tty/serial/8250/8250_port.o
  CC      drivers/acpi/acpica/pswalk.o
  CC      drivers/tty/serial/8250/8250_dma.o
  CC      drivers/acpi/acpica/psxface.o
  AR      drivers/iommu/riscv/built-in.a
  CC      drivers/iommu/generic_pt/fmt/iommu_riscv64.o
  CC      drivers/acpi/acpica/rsaddr.o
  CC      drivers/tty/serial/8250/8250_dwlib.o
  CC      drivers/acpi/acpica/rscalc.o
  CC      drivers/tty/serial/8250/8250_early.o
  AR      drivers/iommu/generic_pt/fmt/built-in.a
  CC      drivers/iommu/iommu.o
  CC      drivers/acpi/acpica/rscreate.o
  CC      drivers/tty/serial/8250/8250_dw.o
  CC      drivers/acpi/acpica/rsdumpinfo.o
  CC      drivers/tty/serial/8250/8250_of.o
  CC      drivers/acpi/acpica/rsinfo.o
  CC      drivers/acpi/acpica/rsio.o
  CC      drivers/iommu/iommu-pages.o
  CC      drivers/acpi/acpica/rsirq.o
  CC      drivers/acpi/acpica/rslist.o
  AR      drivers/tty/serial/8250/built-in.a
  AR      drivers/tty/serial/built-in.a
  AR      drivers/tty/built-in.a
  CC      drivers/acpi/acpica/rsmemory.o
  CC      drivers/acpi/acpica/rsmisc.o
  CC      drivers/base/component.o
  CC      drivers/iommu/iommu-traces.o
  CC      drivers/acpi/acpica/rsserial.o
  CC      drivers/acpi/acpica/rsutils.o
  CC      drivers/acpi/acpica/rsxface.o
  CC      drivers/base/core.o
  CC      drivers/iommu/iommu-sysfs.o
  CC      drivers/acpi/acpica/tbdata.o
  CC      drivers/acpi/acpica/tbfadt.o
  CC      drivers/acpi/acpica/tbfind.o
  CC      drivers/iommu/of_iommu.o
  CC      drivers/acpi/acpica/tbinstal.o
  CC      drivers/base/bus.o
  CC      drivers/acpi/acpica/tbprint.o
  CC      drivers/iommu/sun50i-iommu.o
  CC      drivers/acpi/acpica/tbutils.o
  CC      drivers/base/dd.o
  CC      drivers/base/syscore.o
  CC      drivers/acpi/acpica/tbxface.o
  AR      drivers/iommu/built-in.a
  CC      drivers/block/loop.o
  CC      drivers/acpi/acpica/tbxfload.o
  CC      drivers/base/driver.o
  CC      drivers/base/class.o
  CC      drivers/acpi/acpica/tbxfroot.o
  CC      drivers/base/platform.o
  CC      drivers/acpi/acpica/utaddress.o
  CC      drivers/block/virtio_blk.o
  CC      drivers/base/cpu.o
  CC      drivers/acpi/acpica/utalloc.o
  CC      drivers/base/firmware.o
  CC      drivers/acpi/acpica/utascii.o
  CC      drivers/base/init.o
  AR      drivers/block/built-in.a
  AR      drivers/misc/eeprom/built-in.a
  AR      drivers/misc/built-in.a
  CC      drivers/mfd/syscon.o
  CC      drivers/acpi/acpica/utbuffer.o
  CC      drivers/base/map.o
  CC      drivers/acpi/acpica/utcksum.o
  AR      drivers/mfd/built-in.a
  CC      drivers/base/devres.o
  CC      drivers/dma-buf/dma-buf.o
  CC      drivers/base/attribute_container.o
  CC      drivers/acpi/acpica/utcopy.o
  CC      drivers/acpi/acpica/utexcep.o
  CC      drivers/base/transport_class.o
  CC      drivers/base/topology.o
  CC      drivers/acpi/acpica/utdebug.o
  CC      drivers/base/container.o
  CC      drivers/dma-buf/dma-fence.o
  CC      drivers/acpi/acpica/utdecode.o
  CC      drivers/acpi/acpica/utdelete.o
  CC      drivers/base/property.o
  CC      drivers/acpi/acpica/uterror.o
  CC      drivers/acpi/acpica/uteval.o
  CC      drivers/acpi/acpica/utglobal.o
  CC      drivers/acpi/acpica/uthex.o
  CC      drivers/dma-buf/dma-fence-array.o
  CC      drivers/acpi/acpica/utids.o
  CC      drivers/acpi/acpica/utinit.o
  CC      drivers/base/cacheinfo.o
  CC      drivers/dma-buf/dma-fence-chain.o
  CC      drivers/acpi/acpica/utlock.o
  CC      drivers/acpi/acpica/utmath.o
  CC      drivers/acpi/acpica/utmisc.o
  CC      drivers/dma-buf/dma-fence-unwrap.o
  CC      drivers/acpi/acpica/utmutex.o
  CC      drivers/base/swnode.o
  CC      drivers/acpi/acpica/utnonansi.o
  CC      drivers/base/faux.o
  CC      drivers/dma-buf/dma-resv.o
  CC      drivers/acpi/acpica/utobject.o
  CC      drivers/base/auxiliary.o
  CC      drivers/base/devtmpfs.o
  CC      drivers/acpi/acpica/utosi.o
  CC      drivers/dma-buf/dma-buf-mapping.o
  CC      drivers/base/power/sysfs.o
  CC      drivers/acpi/acpica/utownerid.o
  CC      drivers/base/firmware_loader/main.o
  CC      drivers/dma-buf/sync_file.o
  CC      drivers/acpi/acpica/utpredef.o
  CC      drivers/base/power/generic_ops.o
  CC      drivers/acpi/acpica/utresdecode.o
  AR      drivers/dma-buf/built-in.a
  CC      drivers/scsi/scsi.o
  CC      drivers/base/power/common.o
  CC      drivers/base/firmware_loader/builtin/main.o
  CC      drivers/acpi/acpica/utresrc.o
  AR      drivers/base/firmware_loader/builtin/built-in.a
  AR      drivers/base/firmware_loader/built-in.a
  CC      drivers/scsi/hosts.o
  CC      drivers/acpi/acpica/utstate.o
  CC      drivers/base/power/qos.o
  CC      drivers/acpi/acpica/utstring.o
  CC      drivers/scsi/scsi_ioctl.o
  CC      drivers/scsi/scsicam.o
  CC      drivers/acpi/acpica/utstrsuppt.o
  CC      drivers/base/power/runtime.o
  CC      drivers/acpi/acpica/utstrtoul64.o
  CC      drivers/acpi/acpica/utxface.o
  CC      drivers/scsi/scsi_error.o
  CC      drivers/acpi/acpica/utxfinit.o
  CC      drivers/acpi/acpica/utxferror.o
  CC      drivers/acpi/acpica/utxfmutex.o
  CC      drivers/base/power/wakeirq.o
  CC      drivers/base/power/clock_ops.o
  AR      drivers/acpi/acpica/built-in.a
  AR      drivers/acpi/built-in.a
  CC      drivers/ata/libata-core.o
  CC      drivers/scsi/scsi_lib.o
  CC      drivers/scsi/scsi_lib_dma.o
  AR      drivers/base/power/built-in.a
  CC      drivers/base/module.o
  CC      drivers/base/auxiliary_sysfs.o
  CC      drivers/scsi/scsi_scan.o
  CC      drivers/base/regmap/regmap.o
  CC      drivers/base/pinctrl.o
  CC      drivers/base/platform-msi.o
  CC      drivers/scsi/scsi_sysfs.o
  CC      drivers/ata/libata-scsi.o
  CC      drivers/base/arch_topology.o
  CC      drivers/base/regmap/regcache.o
  CC      drivers/scsi/scsi_devinfo.o
  CC      drivers/base/regmap/regcache-rbtree.o
  CC      drivers/base/physical_location.o
  CC      drivers/scsi/scsi_sysctl.o
  CC      drivers/ata/libata-eh.o
  CC      drivers/base/regmap/regcache-flat.o
  CC      drivers/base/trace.o
  CC      drivers/scsi/scsi_proc.o
  CC      drivers/base/regmap/regcache-maple.o
  CC      drivers/scsi/scsi_debugfs.o
  CC      drivers/base/regmap/regmap-debugfs.o
  CC      drivers/ata/libata-transport.o
  CC      drivers/ata/libata-trace.o
  CC      drivers/base/regmap/regmap-mmio.o
  CC      drivers/scsi/scsi_trace.o
  CC      drivers/ata/libata-sata.o
  AR      drivers/base/regmap/built-in.a
  AR      drivers/base/built-in.a
  CC      drivers/ata/libata-sff.o
  CC      drivers/scsi/scsi_logging.o
  CC      drivers/mtd/mtdcore.o
  CC      drivers/scsi/scsi_pm.o
  CC      drivers/ata/libata-pmp.o
  CC      drivers/ata/libata-acpi.o
  CC      drivers/mtd/mtdsuper.o
  CC      drivers/scsi/scsi_bsg.o
  CC      drivers/ata/libata-pata-timings.o
  CC      drivers/mtd/mtdconcat.o
  CC      drivers/ata/ahci_platform.o
  CC      drivers/scsi/scsi_common.o
  CC      drivers/ata/libahci.o
  CC      drivers/mtd/mtdpart.o
  CC      drivers/scsi/virtio_scsi.o
  CC      drivers/ata/libahci_platform.o
  CC      drivers/mtd/mtdchar.o
  CC      drivers/scsi/sr.o
  CC      drivers/scsi/sr_ioctl.o
  AR      drivers/ata/built-in.a
  CC      drivers/spi/spi.o
  AR      drivers/mtd/parsers/built-in.a
  CC      drivers/mtd/mtd_blkdevs.o
  CC      drivers/scsi/sr_vendor.o
  CC      drivers/spi/spi-mem.o
  AR      drivers/scsi/built-in.a
  AR      drivers/net/phy/built-in.a
  CC      drivers/mtd/mtdblock.o
  AR      drivers/net/mdio/built-in.a
  AR      drivers/net/built-in.a
  CC      drivers/cdrom/cdrom.o
  CC      drivers/mtd/chips/chipreg.o
  CC      drivers/spi/spi-sifive.o
  CC      drivers/spi/spi-sun6i.o
  AR      drivers/mtd/chips/built-in.a
  AR      drivers/cdrom/built-in.a
  CC      drivers/usb/common/common.o
  CC      drivers/mtd/spi-nor/core.o
  CC      drivers/usb/common/debug.o
  CC      drivers/mtd/spi-nor/sfdp.o
  AR      drivers/spi/built-in.a
  CC      drivers/input/serio/serio.o
  AR      drivers/usb/common/built-in.a
  CC      drivers/usb/phy/phy.o
  CC      drivers/input/serio/serport.o
  CC      drivers/mtd/spi-nor/swp.o
  CC      drivers/mtd/spi-nor/otp.o
  CC      drivers/usb/phy/of.o
  AR      drivers/input/serio/built-in.a
  CC      drivers/input/input.o
  CC      drivers/mtd/spi-nor/sysfs.o
  CC      drivers/mtd/spi-nor/atmel.o
  AR      drivers/usb/phy/built-in.a
  CC      drivers/usb/gadget/udc/core.o
  CC      drivers/mtd/spi-nor/eon.o
  CC      drivers/mtd/spi-nor/esmt.o
  CC      drivers/input/input-compat.o
  CC      drivers/mtd/spi-nor/everspin.o
  CC      drivers/usb/gadget/udc/trace.o
  CC      drivers/mtd/spi-nor/gigadevice.o
  CC      drivers/input/input-mt.o
  CC      drivers/mtd/spi-nor/intel.o
  CC      drivers/input/input-poller.o
  CC      drivers/mtd/spi-nor/issi.o
  CC      drivers/input/ff-core.o
  AR      drivers/usb/gadget/udc/built-in.a
  AR      drivers/usb/gadget/built-in.a
  CC      drivers/mtd/spi-nor/macronix.o
  AR      drivers/usb/built-in.a
  CC      drivers/input/touchscreen.o
  CC      drivers/rtc/lib.o
  CC      drivers/input/touch-overlay.o
  CC      drivers/input/mousedev.o
  CC      drivers/mtd/spi-nor/micron-st.o
  CC      drivers/rtc/class.o
  CC      drivers/input/evdev.o
  CC      drivers/rtc/interface.o
  CC      drivers/mtd/spi-nor/spansion.o
  CC      drivers/rtc/nvmem.o
  AR      drivers/input/built-in.a
  CC      drivers/i2c/i2c-boardinfo.o
  CC      drivers/rtc/dev.o
  CC      drivers/rtc/proc.o
  CC      drivers/mtd/spi-nor/sst.o
  CC      drivers/i2c/i2c-core-base.o
  CC      drivers/rtc/sysfs.o
  CC      drivers/mtd/spi-nor/winbond.o
  CC      drivers/power/reset/gpio-restart.o
  CC      drivers/rtc/rtc-goldfish.o
  CC      drivers/mtd/spi-nor/xmc.o
  CC      drivers/i2c/i2c-core-smbus.o
  CC      drivers/power/reset/syscon-reboot.o
  CC      drivers/rtc/rtc-sun6i.o
  CC      drivers/mtd/spi-nor/debugfs.o
  CC      drivers/power/reset/syscon-poweroff.o
  AR      drivers/rtc/built-in.a
  CC      drivers/i2c/i2c-core-acpi.o
  CC      drivers/thermal/thermal_core.o
  AR      drivers/power/reset/built-in.a
  CC      drivers/power/sequencing/core.o
  AR      drivers/mtd/spi-nor/built-in.a
  AR      drivers/mtd/built-in.a
  CC      drivers/watchdog/watchdog_core.o
  AR      drivers/power/sequencing/built-in.a
  CC      drivers/power/supply/power_supply_core.o
  CC      drivers/i2c/i2c-core-of.o
  CC      drivers/watchdog/watchdog_dev.o
  CC      drivers/thermal/thermal_sysfs.o
  CC      drivers/i2c/busses/i2c-designware-common.o
  CC      drivers/power/supply/power_supply_sysfs.o
  CC      drivers/watchdog/sunxi_wdt.o
  CC      drivers/thermal/thermal_trip.o
  AR      drivers/power/supply/built-in.a
  AR      drivers/power/built-in.a
  AR      drivers/md/built-in.a
  CC      drivers/opp/core.o
  CC      drivers/i2c/busses/i2c-designware-master.o
  CC      drivers/thermal/thermal_helpers.o
  CC      drivers/watchdog/starfive-wdt.o
  CC      drivers/thermal/thermal_thresholds.o
  AR      drivers/watchdog/built-in.a
  CC      drivers/opp/cpu.o
  CC      drivers/i2c/busses/i2c-designware-platdrv.o
  CC      drivers/opp/of.o
  CC      drivers/thermal/thermal_of.o
  CC      drivers/thermal/gov_step_wise.o
  AR      drivers/i2c/busses/built-in.a
  CC      drivers/opp/debugfs.o
  AR      drivers/i2c/built-in.a
  CC      drivers/cpufreq/cpufreq.o
  CC      drivers/thermal/cpufreq_cooling.o
  CC      drivers/cpufreq/freq_table.o
  AR      drivers/opp/built-in.a
  CC      drivers/cpuidle/cpuidle.o
  AR      drivers/thermal/built-in.a
  CC      drivers/mmc/core/core.o
  CC      drivers/cpufreq/cpufreq_stats.o
  CC      drivers/cpufreq/cpufreq_performance.o
  CC      drivers/cpufreq/cpufreq_userspace.o
  CC      drivers/cpuidle/driver.o
  CC      drivers/cpufreq/cpufreq_ondemand.o
  CC      drivers/cpufreq/cpufreq_governor.o
  CC      drivers/cpuidle/governor.o
  CC      drivers/mmc/core/bus.o
  CC      drivers/cpuidle/sysfs.o
  CC      drivers/cpufreq/cpufreq_governor_attr_set.o
  CC      drivers/cpufreq/cpufreq-dt.o
  CC      drivers/mmc/core/host.o
  CC      drivers/cpuidle/governors/menu.o
  CC      drivers/cpufreq/cpufreq-dt-platdev.o
  CC      drivers/cpuidle/dt_idle_states.o
  AR      drivers/cpuidle/governors/built-in.a
  CC      drivers/mmc/core/mmc.o
  CC      drivers/cpuidle/dt_idle_genpd.o
  AR      drivers/cpufreq/built-in.a
  CC      drivers/firmware/dmi_scan.o
  CC      drivers/cpuidle/cpuidle-riscv-sbi.o
  CC      drivers/firmware/dmi-id.o
  AR      drivers/cpuidle/built-in.a
  CC      drivers/clocksource/timer-of.o
  CC      drivers/clocksource/timer-probe.o
  CC      drivers/firmware/efi/efi.o
  CC      drivers/mmc/core/mmc_ops.o
  CC      drivers/clocksource/mmio.o
  CC      drivers/clocksource/timer-sun4i.o
  CC      drivers/clocksource/dummy_timer.o
  CC      drivers/mmc/core/sd.o
  CC      drivers/firmware/efi/vars.o
  CC      drivers/clocksource/timer-riscv.o
  CC      drivers/firmware/efi/reboot.o
  CC      drivers/firmware/efi/memattr.o
  AR      drivers/clocksource/built-in.a
  CC      drivers/hid/hid-core.o
  CC      drivers/mmc/core/sd_ops.o
  CC      drivers/hid/hid-input.o
  CC      drivers/firmware/efi/tpm.o
  CC      drivers/mmc/core/sdio.o
  CC      drivers/firmware/efi/memmap.o
  CC      drivers/firmware/efi/fdtparams.o
  CC      drivers/hid/hid-quirks.o
  CC      drivers/mmc/core/sdio_ops.o
  CC      drivers/firmware/efi/esrt.o
  CC      drivers/firmware/efi/runtime-wrappers.o
  CC      drivers/hid/hid-debug.o
  CC      drivers/mmc/core/sdio_bus.o
  CC      drivers/firmware/efi/efi-init.o
  CC      drivers/firmware/efi/riscv-runtime.o
  CC      drivers/hid/hid-generic.o
  CC      drivers/mmc/core/sdio_cis.o
  CC      drivers/firmware/efi/earlycon.o
  CC      drivers/firmware/efi/libstub/alignedmem.o
  AR      drivers/hid/built-in.a
  CC      drivers/mmc/core/sdio_io.o
  CC      drivers/of/base.o
  AR      drivers/firmware/efi/built-in.a
  CC      drivers/of/cpu.o
  CC      drivers/firmware/efi/libstub/efi-stub-entry.o
  CC      drivers/mmc/core/sdio_irq.o
  CC      drivers/mmc/host/sdhci.o
  CC      drivers/of/device.o
  CC      drivers/mmc/core/sd_uhs2.o
  CC      drivers/firmware/efi/libstub/efi-stub-helper.o
  CC      drivers/of/module.o
  CC      drivers/of/platform.o
  CC      drivers/firmware/efi/libstub/efi-stub.o
  CC      drivers/mmc/core/slot-gpio.o
  CC      drivers/mmc/host/dw_mmc.o
  CC      drivers/mmc/core/regulator.o
  CC      drivers/firmware/efi/libstub/fdt.o
  CC      drivers/of/property.o
  CC      drivers/mmc/core/pwrseq.o
  CC      drivers/of/kobj.o
  CC      drivers/firmware/efi/libstub/file.o
  CC      drivers/mmc/host/dw_mmc-pltfm.o
  CC      drivers/of/fdt.o
  CC      drivers/mmc/core/debugfs.o
  CC      drivers/mmc/host/dw_mmc-starfive.o
  CC      drivers/firmware/efi/libstub/gop.o
  CC      drivers/mmc/core/pwrseq_simple.o
  CC      drivers/of/fdt_address.o
  CC      drivers/mmc/host/sdhci-pltfm.o
  CC      drivers/firmware/efi/libstub/intrinsics.o
  CC      drivers/of/address.o
  CC      drivers/mmc/core/pwrseq_emmc.o
  CC      drivers/mmc/host/sdhci-cadence.o
  CC      drivers/firmware/efi/libstub/kaslr.o
  CC      drivers/mmc/core/block.o
  CC      drivers/of/irq.o
  CC      drivers/firmware/efi/libstub/lib-cmdline.o
  CC      drivers/firmware/efi/libstub/lib-ctype.o
  CC      drivers/firmware/efi/libstub/lib-fdt.o
  CC      drivers/mmc/host/cqhci-core.o
  CC      drivers/firmware/efi/libstub/lib-fdt_empty_tree.o
  CC      drivers/firmware/efi/libstub/lib-fdt_ro.o
  CC      drivers/firmware/efi/libstub/lib-fdt_rw.o
  CC      drivers/firmware/efi/libstub/lib-fdt_sw.o
  CC      drivers/of/of_reserved_mem.o
  CC      drivers/mmc/core/queue.o
  CC      drivers/firmware/efi/libstub/lib-fdt_wip.o
  CC      drivers/firmware/efi/libstub/mem.o
  AR      drivers/mmc/host/built-in.a
  CC      drivers/firmware/efi/libstub/pci.o
  AR      drivers/of/built-in.a
  CC      drivers/mailbox/mailbox.o
  AR      drivers/mmc/core/built-in.a
  AR      drivers/mmc/built-in.a
  CC      drivers/rpmsg/rpmsg_core.o
  CC      drivers/firmware/efi/libstub/primary_display.o
  CC      drivers/firmware/efi/libstub/printk.o
  CC      drivers/mailbox/pcc.o
  CC      drivers/rpmsg/rpmsg_ctrl.o
  CC      drivers/firmware/efi/libstub/random.o
  CC      drivers/firmware/efi/libstub/randomalloc.o
  CC      drivers/mailbox/riscv-sbi-mpxy-mbox.o
  CC      drivers/rpmsg/rpmsg_ns.o
  CC      drivers/firmware/efi/libstub/riscv-stub.o
  CC      drivers/firmware/efi/libstub/riscv.o
  CC      drivers/rpmsg/virtio_rpmsg_bus.o
  AR      drivers/mailbox/built-in.a
  CC      drivers/firmware/efi/libstub/secureboot.o
  CC      drivers/extcon/extcon.o
  CC      drivers/firmware/efi/libstub/skip_spaces.o
  CC      drivers/firmware/efi/libstub/string.o
  CC      drivers/firmware/efi/libstub/systable.o
  AR      drivers/rpmsg/built-in.a
  CC      drivers/iio/industrialio-core.o
  CC      drivers/firmware/efi/libstub/tpm.o
  CC      drivers/extcon/devres.o
  CC      drivers/firmware/efi/libstub/vsprintf.o
  STUBCPY drivers/firmware/efi/libstub/alignedmem.stub.o
  STUBCPY drivers/firmware/efi/libstub/efi-stub-entry.stub.o
  STUBCPY drivers/firmware/efi/libstub/efi-stub-helper.stub.o
  STUBCPY drivers/firmware/efi/libstub/efi-stub.stub.o
  STUBCPY drivers/firmware/efi/libstub/fdt.stub.o
  STUBCPY drivers/firmware/efi/libstub/file.stub.o
  STUBCPY drivers/firmware/efi/libstub/gop.stub.o
  AR      drivers/extcon/built-in.a
  CC      drivers/perf/riscv_pmu.o
  CC      drivers/nvmem/core.o
  CC      drivers/iio/industrialio-event.o
  STUBCPY drivers/firmware/efi/libstub/intrinsics.stub.o
  STUBCPY drivers/firmware/efi/libstub/kaslr.stub.o
  STUBCPY drivers/firmware/efi/libstub/lib-cmdline.stub.o
  STUBCPY drivers/firmware/efi/libstub/lib-ctype.stub.o
  STUBCPY drivers/firmware/efi/libstub/lib-fdt.stub.o
  STUBCPY drivers/firmware/efi/libstub/lib-fdt_empty_tree.stub.o
  STUBCPY drivers/firmware/efi/libstub/lib-fdt_ro.stub.o
  STUBCPY drivers/firmware/efi/libstub/lib-fdt_rw.stub.o
  STUBCPY drivers/firmware/efi/libstub/lib-fdt_sw.stub.o
  STUBCPY drivers/firmware/efi/libstub/lib-fdt_wip.stub.o
  STUBCPY drivers/firmware/efi/libstub/mem.stub.o
  STUBCPY drivers/firmware/efi/libstub/pci.stub.o
  STUBCPY drivers/firmware/efi/libstub/primary_display.stub.o
  STUBCPY drivers/firmware/efi/libstub/printk.stub.o
  STUBCPY drivers/firmware/efi/libstub/random.stub.o
  STUBCPY drivers/firmware/efi/libstub/randomalloc.stub.o
  STUBCPY drivers/firmware/efi/libstub/riscv-stub.stub.o
  STUBCPY drivers/firmware/efi/libstub/riscv.stub.o
  STUBCPY drivers/firmware/efi/libstub/secureboot.stub.o
  STUBCPY drivers/firmware/efi/libstub/skip_spaces.stub.o
  STUBCPY drivers/firmware/efi/libstub/string.stub.o
  STUBCPY drivers/firmware/efi/libstub/systable.stub.o
  STUBCPY drivers/firmware/efi/libstub/tpm.stub.o
  STUBCPY drivers/firmware/efi/libstub/vsprintf.stub.o
  AR      drivers/firmware/efi/libstub/lib.a
  AR      drivers/firmware/built-in.a
  CC      drivers/nvmem/layouts.o
  CC      drivers/iio/inkern.o
  CC      drivers/nvmem/layouts/fixed-layout.o
  CC      drivers/perf/riscv_pmu_legacy.o
  CC      drivers/nvmem/sunxi_sid.o
  AR      drivers/nvmem/layouts/built-in.a
  CC      drivers/perf/riscv_pmu_sbi.o
  CC      drivers/iio/industrialio-acpi.o
  AR      drivers/nvmem/built-in.a
  AR      drivers/iio/built-in.a
  AR      drivers/perf/built-in.a
  AR      drivers/built-in.a
  AR      built-in.a
  AR      built-in-fixup.a
  COPY    vmlinux.a
  LD      vmlinux.o
  MODPOST vmlinux.symvers
  CC      .vmlinux.export.o
  UPD     include/generated/utsversion.h
  CC      init/version-timestamp.o
  KSYMS   .tmp_vmlinux0.kallsyms.S
  AS      .tmp_vmlinux0.kallsyms.o
  LD      .tmp_vmlinux1
  NM      .tmp_vmlinux1.syms
  KSYMS   .tmp_vmlinux1.kallsyms.S
  AS      .tmp_vmlinux1.kallsyms.o
  LD      .tmp_vmlinux2
  NM      .tmp_vmlinux2.syms
  KSYMS   .tmp_vmlinux2.kallsyms.S
  AS      .tmp_vmlinux2.kallsyms.o
  LD      vmlinux.unstripped
  NM      System.map
  SORTTAB vmlinux.unstripped
  OBJCOPY vmlinux
  GEN     modules.builtin.modinfo
  GEN     modules.builtin
  OBJCOPY arch/riscv/boot/Image
  Kernel: arch/riscv/boot/Image is ready
make[5]: Leaving directory '/mnt/git-volume/kernel-test-mainline/build/randdefconfig-riscv'
make[4]: Leaving directory '/mnt/git-volume/linux-mainline'
