make[4]: Entering directory '/mnt/git-volume/linux-mainline'
make[5]: Entering directory '/mnt/git-volume/kernel-test-mainline/build/rand500nsconfig-arm64'
#
# configuration written to .config
#
Using .config as base
Merging /mnt/git-volume/linux-mainline/kernel/configs/tiny.config
Value of CONFIG_CC_OPTIMIZE_FOR_SIZE is redefined by fragment /mnt/git-volume/linux-mainline/kernel/configs/tiny.config:
Previous value: # CONFIG_CC_OPTIMIZE_FOR_SIZE is not set
New value: CONFIG_CC_OPTIMIZE_FOR_SIZE=y

Value of CONFIG_SLUB_TINY is redefined by fragment /mnt/git-volume/linux-mainline/kernel/configs/tiny.config:
Previous value: # CONFIG_SLUB_TINY is not set
New value: CONFIG_SLUB_TINY=y

#
# merged configuration written to .config (needs make)
#
#
# configuration written to .config
#
make[5]: Leaving directory '/mnt/git-volume/kernel-test-mainline/build/rand500nsconfig-arm64'
make[4]: Leaving directory '/mnt/git-volume/linux-mainline'
make[4]: Entering directory '/mnt/git-volume/linux-mainline'
make[5]: Entering directory '/tmp/tmp.zX9Kh3ftwu'
  UPD     /tmp/tmp.zX9Kh3ftwu/Makefile
  HOSTCC  scripts/basic/fixdep
  HOSTCC  scripts/kconfig/conf.o
  HOSTCC  scripts/kconfig/confdata.o
  HOSTCC  scripts/kconfig/expr.o
  LEX     scripts/kconfig/lexer.lex.c
  YACC    scripts/kconfig/parser.tab.[ch]
  HOSTCC  scripts/kconfig/lexer.lex.o
  HOSTCC  scripts/kconfig/menu.o
  HOSTCC  scripts/kconfig/parser.tab.o
  HOSTCC  scripts/kconfig/preprocess.o
  HOSTCC  scripts/kconfig/symbol.o
  HOSTCC  scripts/kconfig/util.o
  HOSTLD  scripts/kconfig/conf
KCONFIG_SEED=0x699EB99C
#
# configuration written to .config
#
make[5]: Leaving directory '/tmp/tmp.zX9Kh3ftwu'
make[4]: Leaving directory '/mnt/git-volume/linux-mainline'
make[4]: Entering directory '/mnt/git-volume/linux-mainline'
make[5]: Entering directory '/tmp/tmp.zX9Kh3ftwu'
.config:6894:warning: override: reassigning to symbol PRINTK
.config:6898:warning: override: reassigning to symbol TTY
.config:6901:warning: override: reassigning to symbol BLK_DEV_INITRD
.config:6902:warning: override: reassigning to symbol RD_GZIP
.config:6905:warning: override: reassigning to symbol BINFMT_ELF
.config:6906:warning: override: reassigning to symbol BINFMT_SCRIPT
.config:6909:warning: override: reassigning to symbol TMPFS
.config:6926:warning: override: reassigning to symbol MODULES
.config:6929:warning: override: reassigning to symbol DRM
.config:6930:warning: override: reassigning to symbol SOUND
.config:6931:warning: override: reassigning to symbol STAGING
.config:6933:warning: override: reassigning to symbol MEDIA_SUPPORT
.config:6939:warning: override: reassigning to symbol KCOV
.config:6942:warning: override: reassigning to symbol KCSAN
.config:6943:warning: override: reassigning to symbol KFENCE
.config:6944:warning: override: reassigning to symbol UBSAN
.config:6951:warning: override: reassigning to symbol RCU_TORTURE_TEST
.config:6952:warning: override: reassigning to symbol RCU_SCALE_TEST
.config:6953:warning: override: reassigning to symbol LOCK_TORTURE_TEST
.config:6963:warning: override: reassigning to symbol DEBUG_PREEMPT
.config:6964:warning: override: reassigning to symbol DEBUG_ATOMIC_SLEEP
.config:6971:warning: override: reassigning to symbol KUNIT
.config:6979:warning: override: reassigning to symbol OF_UNITTEST
#
# configuration written to .config
#
make[5]: Leaving directory '/tmp/tmp.zX9Kh3ftwu'
make[4]: Leaving directory '/mnt/git-volume/linux-mainline'
make[4]: Entering directory '/mnt/git-volume/linux-mainline'
make[5]: Entering directory '/mnt/git-volume/kernel-test-mainline/build/rand500nsconfig-arm64'
.config:1542:warning: override: reassigning to symbol ARCH_ACTIONS
.config:1544:warning: override: reassigning to symbol CC_HAS_AUTO_VAR_INIT_ZERO_BARE
.config:1549:warning: override: reassigning to symbol ARCH_WANT_DEFAULT_BPF_JIT
.config:1553:warning: override: reassigning to symbol CC_NO_STRINGOP_OVERFLOW
.config:1554:warning: override: reassigning to symbol PHY_PXA_28NM_USB2
.config:1556:warning: override: reassigning to symbol KALLSYMS
.config:1559:warning: override: reassigning to symbol HAVE_FUNCTION_GRAPH_FREGS
.config:1561:warning: override: reassigning to symbol MAGIC_SYSRQ
.config:1564:warning: override: reassigning to symbol KCMP
.config:1566:warning: override: reassigning to symbol MMU_LAZY_TLB_REFCOUNT
.config:1589:warning: override: reassigning to symbol COMEDI
.config:1600:warning: override: reassigning to symbol HAVE_ARCH_BITREVERSE
.config:1602:warning: override: reassigning to symbol VMAP_STACK
.config:1615:warning: override: reassigning to symbol KEYS
.config:1618:warning: override: reassigning to symbol DEBUG_MUTEXES
.config:1619:warning: override: reassigning to symbol KEXEC_HANDOVER
.config:1621:warning: override: reassigning to symbol ARCH_SUPPORTS_NUMA_BALANCING
.config:1623:warning: override: reassigning to symbol ARCH_SUPPORTS_KEXEC_IMAGE_VERIFY_SIG
.config:1625:warning: override: reassigning to symbol LD_CAN_USE_KEEP_IN_OVERLAY
.config:1629:warning: override: reassigning to symbol HAVE_ARCH_COMPILER_H
.config:1636:warning: override: reassigning to symbol SYNC_FILE
.config:1639:warning: override: reassigning to symbol HAVE_ARCH_HUGE_VMALLOC
.config:1644:warning: override: reassigning to symbol XZ_DEC
.config:1646:warning: override: reassigning to symbol MFD_SYSCON
.config:1650:warning: override: reassigning to symbol FANOTIFY
.config:1657:warning: override: reassigning to symbol ARCH_HAS_NMI_SAFE_THIS_CPU_OPS
.config:1660:warning: override: reassigning to symbol DEBUG_VM
.config:1665:warning: override: reassigning to symbol SIGNALFD
.config:1671:warning: override: reassigning to symbol ARCH_VEXPRESS
.config:1683:warning: override: reassigning to symbol IIO
.config:1685:warning: override: reassigning to symbol ARCH_WANTS_NO_INSTR
.config:1689:warning: override: reassigning to symbol ARCH_BITMAIN
.config:1690:warning: override: reassigning to symbol GENERIC_SCHED_CLOCK
.config:1692:warning: override: reassigning to symbol SYSCTL_EXCEPTION_TRACE
.config:1720:warning: override: reassigning to symbol ARCH_HAS_DMA_PREP_COHERENT
.config:1723:warning: override: reassigning to symbol LD_ORPHAN_WARN
.config:1724:warning: override: reassigning to symbol MCB
.config:1736:warning: override: reassigning to symbol LOCK_MM_AND_FIND_VMA
.config:1741:warning: override: reassigning to symbol HAVE_EBPF_JIT
.config:1767:warning: override: reassigning to symbol PINCTRL
.config:1773:warning: override: reassigning to symbol SECURITY_DMESG_RESTRICT
.config:1779:warning: override: reassigning to symbol KERNEL_MODE_NEON
.config:1782:warning: override: reassigning to symbol CAVIUM_ERRATUM_27456
.config:1783:warning: override: reassigning to symbol ARCH_USE_SYM_ANNOTATIONS
.config:1786:warning: override: reassigning to symbol REGULATOR
.config:1787:warning: override: reassigning to symbol HAVE_PERF_REGS
.config:1799:warning: override: reassigning to symbol POWER_RESET_GPIO_RESTART
.config:1808:warning: override: reassigning to symbol CHARGER_MAX8903
.config:1809:warning: override: reassigning to symbol CONTEXT_TRACKING
.config:1818:warning: override: reassigning to symbol ARM64_ERRATUM_1463225
.config:1820:warning: override: reassigning to symbol ARCH_SUPPORTS_LTO_CLANG
.config:1823:warning: override: reassigning to symbol DEBUG_ATOMIC
.config:1824:warning: override: reassigning to symbol NLS
.config:1831:warning: override: reassigning to symbol ARCH_SUNXI
.config:1843:warning: override: reassigning to symbol ARCH_SUSPEND_POSSIBLE
.config:1847:warning: override: reassigning to symbol PSI
.config:1858:warning: override: reassigning to symbol ARCH_HAS_NON_OVERLAPPING_ADDRESS_SPACE
.config:1865:warning: override: reassigning to symbol ARCH_K3
.config:1870:warning: override: reassigning to symbol ARM64_ERRATUM_1542419
.config:1876:warning: override: reassigning to symbol COMPACTION
.config:1878:warning: override: reassigning to symbol HAVE_DYNAMIC_FTRACE_WITH_ARGS
.config:1886:warning: override: reassigning to symbol VFIO
.config:1891:warning: override: reassigning to symbol POWER_RESET_XGENE
.config:1910:warning: override: reassigning to symbol HAVE_ARCH_SECCOMP
.config:1918:warning: override: reassigning to symbol HAVE_GCC_PLUGINS
.config:1922:warning: override: reassigning to symbol AS_IS_GNU
.config:1926:warning: override: reassigning to symbol ARM_TIMER_SP804
.config:1935:warning: override: reassigning to symbol SOCIONEXT_SYNQUACER_PREITS
.config:1938:warning: override: reassigning to symbol CAVIUM_TX2_ERRATUM_219
.config:1939:warning: override: reassigning to symbol SLUB_TINY
.config:1944:warning: override: reassigning to symbol ARCH_HAVE_ELF_PROT
.config:1947:warning: override: reassigning to symbol HAVE_ARCH_JUMP_LABEL
.config:1948:warning: override: reassigning to symbol TEST_POWER
.config:1966:warning: override: reassigning to symbol CHROME_PLATFORMS
.config:1968:warning: override: reassigning to symbol STM
.config:1969:warning: override: reassigning to symbol GENERIC_SMP_IDLE_THREAD
.config:1970:warning: override: reassigning to symbol HAVE_FTRACE_GRAPH_FUNC
.config:1972:warning: override: reassigning to symbol PAGE_SIZE_LESS_THAN_256KB
.config:1973:warning: override: reassigning to symbol ARM64_ERRATUM_827319
.config:1976:warning: override: reassigning to symbol USER_STACKTRACE_SUPPORT
.config:1977:warning: override: reassigning to symbol CAVIUM_ERRATUM_23154
.config:1986:warning: override: reassigning to symbol RANDSTRUCT_NONE
.config:1988:warning: override: reassigning to symbol BINFMT_MISC
.config:1995:warning: override: reassigning to symbol CPU_IDLE
.config:1996:warning: override: reassigning to symbol IRQ_FORCED_THREADING
.config:1997:warning: override: reassigning to symbol NVMEM
.config:1998:warning: override: reassigning to symbol TRACE_IRQFLAGS_SUPPORT
.config:2002:warning: override: reassigning to symbol PREEMPT_COUNT
.config:2006:warning: override: reassigning to symbol TICK_CPU_ACCOUNTING
.config:2012:warning: override: reassigning to symbol RCU_TRACE
.config:2054:warning: override: reassigning to symbol PRINTK
.config:2058:warning: override: reassigning to symbol TTY
.config:2061:warning: override: reassigning to symbol BLK_DEV_INITRD
.config:2065:warning: override: reassigning to symbol BINFMT_ELF
.config:2066:warning: override: reassigning to symbol BINFMT_SCRIPT
.config:2091:warning: override: reassigning to symbol CGROUPS
.config:2095:warning: override: reassigning to symbol PROC_FS
.config:2096:warning: override: reassigning to symbol NET
.config:2098:warning: override: reassigning to symbol TMPFS
.config:2099:warning: override: reassigning to symbol SYSVIPC
.config:2100:warning: override: reassigning to symbol FUTEX
.config:2108:warning: override: reassigning to symbol ARM64_4K_PAGES
#
# configuration written to .config
#
make[5]: Leaving directory '/mnt/git-volume/kernel-test-mainline/build/rand500nsconfig-arm64'
make[4]: Leaving directory '/mnt/git-volume/linux-mainline'
make[4]: Entering directory '/mnt/git-volume/linux-mainline'
make[5]: Entering directory '/mnt/git-volume/kernel-test-mainline/build/rand500nsconfig-arm64'
  SYNC    include/config/auto.conf.cmd
  CC      kernel/bounds.s
  UPD     include/generated/bounds.h
  CC      arch/arm64/kernel/asm-offsets.s
  UPD     include/generated/asm-offsets.h
  CC      kernel/sched/rq-offsets.s
  UPD     include/generated/rq-offsets.h
  CALL    /mnt/git-volume/linux-mainline/scripts/checksyscalls.sh 
  LDS     arch/arm64/kernel/vdso/vdso.lds
  CC      arch/arm64/kernel/vdso/vgettimeofday.o
  AS      arch/arm64/kernel/vdso/note.o
  AS      arch/arm64/kernel/vdso/sigreturn.o
  CC      arch/arm64/kernel/vdso/vgetrandom.o
  AS      arch/arm64/kernel/vdso/vgetrandom-chacha.o
  LD      arch/arm64/kernel/vdso/vdso.so.dbg
  VDSOSYM include/generated/vdso-offsets.h
  OBJCOPY arch/arm64/kernel/vdso/vdso.so
  GEN     usr/initramfs_data.cpio
  COPY    usr/initramfs_inc_data
  AS      usr/initramfs_data.o
  CC      init/main.o
  AR      usr/built-in.a
  CC      arch/arm64/kernel/debug-monitors.o
  CC      kernel/fork.o
  CC      mm/filemap.o
  AS      arch/arm64/kernel/entry.o
  CC      arch/arm64/kernel/irq.o
  UPD     init/utsversion-tmp.h
  CC      init/do_mounts.o
  CC      kernel/exec_domain.o
  CC      arch/arm64/kernel/fpsimd.o
  CC      mm/mempool.o
  CC      init/do_mounts_initrd.o
  CC      kernel/exec_state.o
  CC      arch/arm64/kernel/entry-common.o
  CC      mm/oom_kill.o
  CC      kernel/panic.o
  CC      init/initramfs.o
  CC      arch/arm64/kernel/process.o
  CC      mm/fadvise.o
  CC      kernel/cpu.o
  CC      init/calibrate.o
  CC      init/init_task.o
  CC      mm/maccess.o
  CC      arch/arm64/kernel/ptrace.o
  CC      kernel/exit.o
  CC      init/version.o
  CC      mm/page-writeback.o
  CC      arch/arm64/kernel/setup.o
  AR      init/built-in.a
  CC      fs/open.o
  CC      kernel/softirq.o
  CC      arch/arm64/kernel/signal.o
  CC      mm/folio-compat.o
  CC      kernel/resource.o
  CC      arch/arm64/kernel/sys.o
  CC      fs/read_write.o
  CC      mm/readahead.o
  CC      arch/arm64/kernel/stacktrace.o
  CC      kernel/sysctl.o
  CC      fs/file_table.o
  CC      mm/swap.o
  CC      arch/arm64/kernel/time.o
  CC      kernel/capability.o
  CC      fs/super.o
  CC      arch/arm64/kernel/traps.o
  CC      mm/truncate.o
  CC      kernel/ptrace.o
  CC      fs/char_dev.o
  CC      arch/arm64/kernel/io.o
  CC      mm/vmscan.o
  CC      arch/arm64/kernel/vdso.o
  CC      kernel/user.o
  CC      fs/stat.o
  CC      kernel/signal.o
  AS      arch/arm64/kernel/hyp-stub.o
  CC      arch/arm64/kernel/psci.o
  CC      mm/shrinker.o
  CC      fs/exec.o
  CC      arch/arm64/kernel/cpu_ops.o
  CC      mm/shmem.o
  CC      kernel/sys.o
  CC      arch/arm64/kernel/return_address.o
  CC      fs/pipe.o
  CC      mm/util.o
  CC      arch/arm64/kernel/cpuinfo.o
  CC      fs/namei.o
  CC      arch/arm64/kernel/cpu_errata.o
  CC      kernel/umh.o
  CC      mm/mmzone.o
  CC      arch/arm64/kernel/cpufeature.o
  CC      mm/vmstat.o
  CC      kernel/workqueue.o
  CC      fs/fcntl.o
  CC      mm/backing-dev.o
  CC      arch/arm64/kernel/alternative.o
  CC      fs/ioctl.o
  CC      kernel/pid.o
  CC      arch/arm64/kernel/cacheinfo.o
  CC      mm/mm_init.o
  CC      arch/arm64/kernel/smp.o
  CC      fs/readdir.o
  CC      kernel/task_work.o
  CC      mm/percpu.o
  CC      fs/select.o
  CC      arch/arm64/kernel/smp_spin_table.o
  CC      kernel/extable.o
  CC      arch/arm64/kernel/topology.o
  CC      mm/slab_common.o
  CC      kernel/params.o
  CC      fs/dcache.o
  AS      arch/arm64/kernel/smccc-call.o
  CC      arch/arm64/kernel/syscall.o
  CC      kernel/kthread.o
  CC      mm/compaction.o
  CC      arch/arm64/kernel/proton-pack.o
  CC      fs/inode.o
  CC      kernel/sys_ni.o
  CC      kernel/nsproxy.o
  CC      arch/arm64/kernel/idle.o
  CC      mm/show_mem.o
  CC      arch/arm64/kernel/patching.o
  CC      fs/attr.o
  CC      kernel/nstree.o
  CC      mm/interval_tree.o
  CC      arch/arm64/kernel/pi/idreg-override.o
  CC      fs/bad_inode.o
  CC      kernel/nscommon.o
  CC      mm/list_lru.o
  CC      arch/arm64/kernel/pi/map_kernel.o
  CC      fs/file.o
  CC      kernel/notifier.o
  CC      arch/arm64/kernel/pi/map_range.o
  CC      mm/workingset.o
  CC      kernel/ksysfs.o
  CC      fs/filesystems.o
  OBJCOPY arch/arm64/kernel/pi/idreg-override.pi.o
  OBJCOPY arch/arm64/kernel/pi/map_kernel.pi.o
  OBJCOPY arch/arm64/kernel/pi/map_range.pi.o
  AR      arch/arm64/kernel/pi/built-in.a
  CC      arch/arm64/kernel/rsi.o
  CC      mm/debug.o
  CC      kernel/cred.o
  CC      arch/arm64/kernel/jump_label.o
  CC      fs/namespace.o
  CC      arch/arm64/kernel/vmcore_info.o
  CC      mm/gup.o
  CC      kernel/reboot.o
  AS      arch/arm64/kernel/vdso-wrap.o
  AS      arch/arm64/kernel/head.o
  AS      arch/arm64/kernel/sleep.o
  CC      arch/arm64/kernel/suspend.o
  CC      kernel/async.o
  CC      mm/mmap_lock.o
  CC      arch/arm64/kernel/machine_kexec.o
  CC      kernel/range.o
  CC      kernel/smpboot.o
  AS      arch/arm64/kernel/relocate_kernel.o
  CC      fs/seq_file.o
  AS      arch/arm64/kernel/cpu-reset.o
  CC      mm/vma_init.o
  CC      arch/arm64/kernel/machine_kexec_file.o
  CC      kernel/ucount.o
  CC      kernel/regset.o
  CC      fs/xattr.o
  CC      arch/arm64/kernel/kexec_image.o
  CC      mm/highmem.o
  CC      kernel/ksyms_common.o
  CC      arch/arm64/kernel/crash_dump.o
  CC      mm/memory.o
  CC      kernel/sched/core.o
  CC      fs/libfs.o
  LDS     arch/arm64/kernel/vmlinux.lds
  AR      arch/arm64/kernel/built-in.a
  CC      arch/arm64/mm/dma-mapping.o
  CC      arch/arm64/mm/extable.o
  CC      fs/fs-writeback.o
  CC      arch/arm64/mm/fault.o
  CC      kernel/sched/fair.o
  CC      mm/mincore.o
  CC      fs/pnode.o
  CC      arch/arm64/mm/init.o
  CC      mm/mlock.o
  CC      fs/splice.o
  AS      arch/arm64/mm/cache.o
  CC      arch/arm64/mm/copypage.o
  CC      kernel/sched/build_policy.o
  CC      mm/mmap.o
  CC      fs/sync.o
  CC      arch/arm64/mm/flush.o
  CC      mm/mmu_gather.o
  CC      arch/arm64/mm/ioremap.o
  CC      fs/utimes.o
  CC      arch/arm64/mm/mmap.o
  CC      mm/mprotect.o
  CC      fs/d_path.o
  CC      kernel/sched/build_utility.o
  CC      arch/arm64/mm/pgd.o
  CC      fs/stack.o
  CC      mm/mremap.o
  CC      arch/arm64/mm/mem_encrypt.o
  CC      fs/fs_struct.o
  CC      arch/arm64/mm/mmu.o
  AR      kernel/sched/built-in.a
  CC      fs/statfs.o
  CC      kernel/locking/mutex.o
  CC      mm/msync.o
  CC      arch/arm64/mm/context.o
  CC      fs/fs_pin.o
  CC      mm/page_vma_mapped.o
  CC      kernel/locking/semaphore.o
  CC      fs/nsfs.o
  AS      arch/arm64/mm/proc.o
  CC      arch/arm64/mm/pageattr.o
  CC      kernel/locking/rwsem.o
  CC      mm/pagewalk.o
  CC      arch/arm64/mm/fixmap.o
  CC      fs/fs_dirent.o
  CC      kernel/locking/percpu-rwsem.o
  CC      fs/fs_context.o
  CC      mm/pgtable-generic.o
  CC      arch/arm64/mm/trans_pgd.o
  CC      kernel/locking/mutex-debug.o
  CC      mm/rmap.o
  CC      fs/fs_parser.o
  CC      kernel/locking/spinlock.o
  AS      arch/arm64/mm/trans_pgd-asm.o
  AR      arch/arm64/mm/built-in.a
  AR      arch/arm64/built-in.a
  CC      fs/fsopen.o
  CC      fs/init.o
  CC      kernel/locking/osq_lock.o
  CC      kernel/locking/qspinlock.o
  CC      fs/kernel_read_file.o
  CC      mm/vmalloc.o
  CC      fs/mnt_idmapping.o
  CC      kernel/locking/rtmutex_api.o
  CC      fs/remap_range.o
  CC      fs/pidfs.o
  CC      kernel/locking/qrwlock.o
  CC      fs/file_attr.o
  CC      fs/fserror.o
  AR      kernel/locking/built-in.a
  CC      kernel/power/qos.o
  CC      mm/vma.o
  CC      kernel/power/main.o
  CC      fs/nullfs.o
  CC      kernel/power/poweroff.o
  CC      fs/proc_namespace.o
  AR      kernel/power/built-in.a
  CC      kernel/printk/printk.o
  CC      fs/notify/fsnotify.o
  CC      mm/vma_exec.o
  CC      fs/notify/notification.o
  CC      fs/notify/group.o
  CC      mm/mseal.o
  CC      fs/notify/mark.o
  CC      kernel/printk/printk_safe.o
  CC      fs/anon_inodes.o
  CC      mm/page_alloc.o
  CC      fs/notify/fdinfo.o
  CC      kernel/printk/nbcon.o
  CC      fs/binfmt_script.o
  CC      fs/notify/fanotify/fanotify.o
  CC      kernel/printk/printk_ringbuffer.o
  CC      fs/notify/fanotify/fanotify_user.o
  CC      kernel/printk/sysctl.o
  CC      fs/binfmt_elf.o
  AR      kernel/printk/built-in.a
  CC      kernel/irq/irqdesc.o
  CC      mm/page_frag_cache.o
  AR      fs/notify/fanotify/built-in.a
  AR      fs/notify/built-in.a
  CC      kernel/irq/handle.o
  CC      fs/drop_caches.o
  CC      kernel/irq/manage.o
  CC      mm/init-mm.o
  CC      kernel/irq/spurious.o
  CC      fs/sysctls.o
  CC      mm/memblock.o
  CC      mm/slub.o
  CC      kernel/irq/resend.o
  CC      fs/proc/task_mmu.o
  CC      kernel/irq/chip.o
  CC      mm/dmapool.o
  CC      mm/sparse.o
  CC      fs/proc/inode.o
  CC      kernel/irq/dummychip.o
  CC      mm/sparse-vmemmap.o
  CC      fs/proc/root.o
  CC      mm/migrate.o
  CC      kernel/irq/devres.o
  CC      mm/early_ioremap.o
  CC      fs/proc/base.o
  CC      kernel/irq/kexec.o
  CC      mm/ioremap.o
  CC      mm/gup_test.o
  CC      kernel/irq/generic-chip.o
  CC      mm/page_isolation.o
  CC      fs/proc/generic.o
  CC      mm/cma.o
  CC      kernel/irq/autoprobe.o
  CC      kernel/irq/irqdomain.o
  CC      fs/proc/array.o
  CC      kernel/irq/proc.o
  AR      mm/built-in.a
  CC      ipc/util.o
  CC      kernel/irq/msi.o
  CC      kernel/irq/ipi.o
  CC      fs/proc/fd.o
  CC      ipc/msgutil.o
  CC      fs/proc/proc_tty.o
  CC      kernel/irq/affinity.o
  CC      fs/proc/cmdline.o
  CC      ipc/msg.o
  CC      fs/proc/consoles.o
  CC      fs/proc/cpuinfo.o
  CC      kernel/irq/debugfs.o
  CC      fs/proc/devices.o
  CC      fs/proc/loadavg.o
  AR      kernel/irq/built-in.a
  CC      ipc/sem.o
  CC      kernel/rcu/update.o
  CC      ipc/shm.o
  CC      fs/proc/meminfo.o
  CC      kernel/rcu/sync.o
  CC      kernel/rcu/srcutree.o
  CC      ipc/syscall.o
  CC      fs/proc/stat.o
  CC      ipc/ipc_sysctl.o
  CC      kernel/rcu/tree.o
  CC      kernel/rcu/rcu_segcblist.o
  CC      fs/proc/uptime.o
  AR      ipc/built-in.a
  CC      fs/proc/util.o
  CC      fs/proc/version.o
  CC      fs/proc/softirqs.o
  CC      fs/proc/namespaces.o
  CC      fs/proc/self.o
  CC      fs/proc/thread_self.o
  CC      fs/proc/proc_sysctl.o
  CC      fs/proc/proc_net.o
  CC      fs/proc/kmsg.o
  AR      kernel/rcu/built-in.a
  CC      kernel/liveupdate/kexec_handover.o
  CC      fs/proc/page.o
  CC      fs/proc/vmcore.o
  CC      kernel/dma/mapping.o
  CC      kernel/liveupdate/kexec_handover_debugfs.o
  CC      kernel/dma/direct.o
  AR      fs/proc/built-in.a
  CC      fs/kernfs/mount.o
  AR      kernel/liveupdate/built-in.a
  CC      kernel/entry/common.o
  CC      kernel/dma/coherent.o
  CC      kernel/dma/swiotlb.o
  CC      kernel/dma/pool.o
  CC      fs/kernfs/inode.o
  AR      kernel/entry/built-in.a
  CC      kernel/dma/remap.o
  CC      kernel/time/time.o
  CC      kernel/time/timer.o
  AR      kernel/dma/built-in.a
  CC      kernel/futex/core.o
  CC      fs/kernfs/dir.o
  CC      kernel/futex/syscalls.o
  CC      kernel/time/hrtimer.o
  CC      kernel/futex/pi.o
  CC      fs/kernfs/file.o
  CC      kernel/futex/requeue.o
  CC      kernel/futex/waitwake.o
  CC      kernel/time/sleep_timeout.o
  CC      fs/kernfs/symlink.o
  CC      kernel/time/timekeeping.o
  AR      kernel/futex/built-in.a
  CC      kernel/smp.o
  CC      kernel/time/ntp.o
  AR      fs/kernfs/built-in.a
  CC      fs/configfs/inode.o
  CC      kernel/kallsyms.o
  CC      kernel/time/clocksource.o
  CC      kernel/time/jiffies.o
  CC      fs/configfs/file.o
  CC      kernel/time/timer_list.o
  CC      kernel/time/timeconv.o
  CC      kernel/vmcore_info.o
  CC      fs/configfs/dir.o
  CC      kernel/elfcorehdr.o
  CC      kernel/time/alarmtimer.o
  CC      kernel/time/posix-stubs.o
  CC      kernel/cgroup/cgroup.o
  CC      kernel/time/clockevents.o
  CC      fs/configfs/symlink.o
  CC      kernel/time/tick-common.o
  CC      fs/configfs/mount.o
  CC      kernel/time/tick-broadcast.o
  CC      kernel/time/sched_clock.o
  CC      kernel/time/vsyscall.o
  CC      fs/configfs/item.o
  CC      kernel/cgroup/rstat.o
  CC      kernel/time/timekeeping_debug.o
  CC      kernel/cgroup/namespace.o
  AR      fs/configfs/built-in.a
  CC      fs/devpts/inode.o
  CC      kernel/cgroup/cgroup-v1.o
  AR      kernel/time/built-in.a
  CC      kernel/stop_machine.o
  AR      fs/devpts/built-in.a
  CC      fs/ramfs/inode.o
  CC      fs/ramfs/file-mmu.o
  CC      kernel/utsname_sysctl.o
  CC      kernel/cgroup/freezer.o
  AR      fs/ramfs/built-in.a
  CC      kernel/trace/trace_clock.o
  CC      fs/exportfs/expfs.o
  CC      kernel/irq_work.o
  AR      kernel/trace/built-in.a
  CC      kernel/bpf/core.o
  AR      fs/exportfs/built-in.a
  CC      fs/nls/nls_base.o
  CC      kernel/jump_label.o
  AR      kernel/cgroup/built-in.a
  CC      kernel/context_tracking.o
  CC      fs/nls/nls_cp850.o
  CC      kernel/iomem.o
  CC      kernel/kcmp.o
  CC      fs/nls/nls_cp857.o
  CC      kernel/crash_reserve.o
  AR      kernel/bpf/built-in.a
  CC      kernel/kexec_core.o
  CC      kernel/crash_core.o
  CC      fs/nls/nls_cp861.o
  CC      fs/nls/nls_cp1255.o
  CC      kernel/kexec_file.o
  CC      kernel/cpu_pm.o
  CC      fs/nls/mac-gaelic.o
  CC      fs/debugfs/inode.o
  CC      fs/debugfs/file.o
  AR      fs/nls/built-in.a
  CC      fs/signalfd.o
  AR      kernel/built-in.a
  CC      security/keys/gc.o
  CC      security/commoncap.o
  CC      fs/binfmt_misc.o
  CC      security/keys/key.o
  AR      fs/debugfs/built-in.a
  CC      security/keys/keyring.o
  CC      security/min_addr.o
  AR      fs/built-in.a
  AR      crypto/built-in.a
  AS      arch/arm64/lib/clear_page.o
  AS      arch/arm64/lib/clear_user.o
  CC      security/keys/keyctl.o
  AS      arch/arm64/lib/copy_from_user.o
  AS      arch/arm64/lib/copy_page.o
  AS      arch/arm64/lib/copy_to_user.o
  CC      arch/arm64/lib/csum.o
  CC      security/keys/permission.o
  CC      security/device_cgroup.o
  CC      arch/arm64/lib/delay.o
  CC      security/keys/process_keys.o
  CC      security/keys/request_key.o
  CC      arch/arm64/lib/insn.o
  AS      arch/arm64/lib/memchr.o
  AS      arch/arm64/lib/memcmp.o
  AS      arch/arm64/lib/memcpy.o
  AS      arch/arm64/lib/memset.o
  CC      security/keys/request_key_auth.o
  AS      arch/arm64/lib/strchr.o
  AS      arch/arm64/lib/strcmp.o
  AS      arch/arm64/lib/strlen.o
  AS      arch/arm64/lib/strncmp.o
  AS      arch/arm64/lib/strnlen.o
  AS      arch/arm64/lib/strrchr.o
  AS      arch/arm64/lib/tishift.o
  AR      arch/arm64/lib/lib.a
  CC      security/keys/user_defined.o
  CC      security/keys/proc.o
  CC      lib/argv_split.o
  CC      security/keys/sysctl.o
  CC      lib/buildid.o
  CC      lib/cmdline.o
  CC      lib/cpumask.o
  CC      lib/dec_and_lock.o
  AR      security/keys/built-in.a
  AR      security/built-in.a
  CC      drivers/irqchip/irqchip.o
  CC      drivers/bus/sun50i-de2.o
  CC      drivers/phy/phy-core.o
  CC      lib/decompress.o
  CC      lib/decompress_bunzip2.o
  CC      drivers/irqchip/irq-sun6i-r.o
  CC      drivers/bus/sunxi-rsb.o
  CC      lib/decompress_inflate.o
  CC      drivers/irqchip/irq-sunxi-nmi.o
  CC      drivers/phy/cadence/phy-cadence-sierra.o
  CC      drivers/bus/simple-pm-bus.o
  CC      lib/decompress_unlz4.o
  CC      drivers/bus/ti-sysc.o
  CC      drivers/irqchip/irq-gic.o
  CC      lib/decompress_unlzma.o
  AR      drivers/phy/cadence/built-in.a
  CC      drivers/phy/marvell/phy-pxa-28nm-usb2.o
  CC      lib/decompress_unlzo.o
  CC      drivers/irqchip/irq-gic-common.o
  AR      drivers/bus/built-in.a
  CC      drivers/pinctrl/core.o
  AR      drivers/phy/marvell/built-in.a
  AR      drivers/phy/qualcomm/built-in.a
  AR      drivers/phy/built-in.a
  CC      drivers/gpio/gpiolib.o
  CC      lib/decompress_unxz.o
  CC      drivers/irqchip/irq-msi-lib.o
  CC      drivers/pinctrl/pinctrl-utils.o
  CC      lib/decompress_unzstd.o
  CC      drivers/irqchip/irq-gic-v3.o
  CC      lib/dump_stack.o
  CC      drivers/pinctrl/pinmux.o
  CC      drivers/gpio/gpiolib-devres.o
  CC      drivers/irqchip/irq-gic-v3-mbi.o
  CC      drivers/pinctrl/pinconf.o
  CC      drivers/gpio/gpiolib-legacy.o
  CC      lib/earlycpio.o
  CC      lib/extable.o
  CC      drivers/pinctrl/pinconf-generic.o
  CC      drivers/gpio/gpiolib-of.o
  CC      lib/flex_proportions.o
  CC      drivers/irqchip/irq-gic-its-msi-parent.o
  CC      lib/idr.o
  CC      drivers/pinctrl/devicetree.o
  CC      drivers/gpio/gpiolib-cdev.o
  CC      drivers/irqchip/irq-gic-v3-its.o
  CC      lib/iomem_copy.o
  CC      drivers/pinctrl/pinctrl-bm1880.o
  CC      lib/irq_regs.o
  CC      drivers/gpio/gpiolib-swnode.o
  CC      lib/is_single_threaded.o
  CC      drivers/pinctrl/pinctrl-single.o
  CC      lib/klist.o
  CC      drivers/gpio/gpio-by-pinctrl.o
  CC      lib/kobject.o
  CC      drivers/irqchip/irq-gic-v4.o
  CC      drivers/pinctrl/sunxi/pinctrl-sunxi.o
  CC      drivers/gpio/gpio-mb86s7x.o
  CC      lib/kobject_uevent.o
  CC      drivers/irqchip/irq-gic-v5.o
  AR      drivers/gpio/built-in.a
  CC      drivers/pci/of.o
  CC      drivers/pinctrl/sunxi/pinctrl-sunxi-dt.o
  CC      lib/logic_pio.o
  AR      drivers/pci/built-in.a
  CC      drivers/video/console/dummycon.o
  CC      drivers/pinctrl/sunxi/pinctrl-sun5i.o
  CC      drivers/irqchip/irq-gic-v5-irs.o
  CC      lib/maple_tree.o
  AR      drivers/video/console/built-in.a
  AR      drivers/video/built-in.a
  CC      drivers/amba/bus.o
  CC      drivers/pinctrl/sunxi/pinctrl-sun6i-a31-r.o
  CC      drivers/irqchip/irq-gic-v5-its.o
  CC      drivers/pinctrl/sunxi/pinctrl-sun50i-a64.o
  AR      drivers/amba/built-in.a
  CC      drivers/pinctrl/sunxi/pinctrl-sun50i-a64-r.o
  CC      lib/memcat_p.o
  CC      drivers/pinctrl/sunxi/pinctrl-sun50i-a100.o
  CC      drivers/pinctrl/sunxi/pinctrl-sun50i-a100-r.o
  CC      lib/nmi_backtrace.o
  CC      drivers/irqchip/irq-gic-v5-iwb.o
  CC      drivers/pinctrl/sunxi/pinctrl-sun8i-a83t.o
  CC      drivers/pinctrl/sunxi/pinctrl-sun8i-h3-r.o
  CC      lib/objpool.o
  CC      drivers/pinctrl/sunxi/pinctrl-sun50i-h5.o
  CC      drivers/pinctrl/sunxi/pinctrl-sun50i-h6.o
  CC      drivers/irqchip/irq-owl-sirq.o
  CC      lib/plist.o
  CC      lib/radix-tree.o
  CC      drivers/pinctrl/sunxi/pinctrl-sun50i-h6-r.o
  CC      drivers/pinctrl/sunxi/pinctrl-sun50i-h616.o
  AR      drivers/irqchip/built-in.a
  CC      drivers/clk/clk-devres.o
  CC      drivers/pinctrl/sunxi/pinctrl-sun50i-h616-r.o
  CC      drivers/pinctrl/sunxi/pinctrl-sun55i-a523.o
  CC      lib/ratelimit.o
  CC      lib/rbtree.o
  CC      drivers/clk/clk-bulk.o
  CC      drivers/pinctrl/sunxi/pinctrl-sun55i-a523-r.o
  CC      drivers/pinctrl/sunxi/pinctrl-sun8i-a33.o
  CC      lib/seq_buf.o
  CC      lib/siphash.o
  CC      drivers/clk/clkdev.o
  AR      drivers/pinctrl/sunxi/built-in.a
  AR      drivers/pinctrl/built-in.a
  AR      drivers/soc/nuvoton/built-in.a
  AR      drivers/soc/pxa/built-in.a
  CC      drivers/soc/sunxi/sunxi_mbus.o
  CC      drivers/soc/ti/k3-socinfo.o
  CC      lib/string.o
  CC      drivers/clk/clk.o
  CC      drivers/soc/sunxi/sunxi_sram.o
  CC      lib/sys_info.o
  AR      drivers/soc/ti/built-in.a
  CC      lib/timerqueue.o
  CC      lib/vsprintf.o
  AR      drivers/soc/sunxi/built-in.a
  AR      drivers/soc/built-in.a
  AR      drivers/pmdomain/arm/built-in.a
  AR      drivers/pmdomain/marvell/built-in.a
  CC      lib/win_minmax.o
  CC      drivers/pmdomain/sunxi/sun20i-ppu.o
  CC      drivers/clk/clk-divider.o
  CC      drivers/clk/clk-fixed-factor.o
  CC      drivers/pmdomain/sunxi/sun55i-pck600.o
  CC      drivers/clk/clk-fixed-rate.o
  CC      drivers/clk/clk-gate.o
  AR      drivers/pmdomain/sunxi/built-in.a
  CC      drivers/pmdomain/core.o
  CC      lib/xarray.o
  CC      drivers/clk/clk-multiplier.o
  CC      drivers/clk/clk-mux.o
  CC      lib/lockref.o
  CC      drivers/clk/clk-composite.o
  CC      lib/sort.o
  CC      drivers/clk/clk-fractional-divider.o
  CC      drivers/pmdomain/governor.o
  CC      lib/parser.o
  CC      drivers/clk/clk-gpio.o
  CC      lib/debug_locks.o
  CC      lib/random32.o
  CC      drivers/clk/clk-conf.o
  AR      drivers/pmdomain/built-in.a
  CC      drivers/regulator/core.o
  CC      drivers/clk/clk-bm1880.o
  CC      lib/bust_spinlocks.o
  CC      lib/kasprintf.o
  CC      lib/bitmap.o
  CC      lib/scatterlist.o
  CC      drivers/clk/actions/owl-common.o
  CC      drivers/clk/actions/owl-gate.o
  CC      lib/list_sort.o
  CC      lib/uuid.o
  CC      lib/iov_iter.o
  CC      lib/clz_ctz.o
  CC      drivers/regulator/dummy.o
  CC      lib/bsearch.o
  CC      drivers/clk/actions/owl-mux.o
  CC      drivers/clk/actions/owl-divider.o
  CC      drivers/regulator/fixed-helper.o
  CC      lib/find_bit.o
  CC      lib/llist.o
  CC      lib/lwq.o
  CC      drivers/clk/actions/owl-factor.o
  CC      lib/memweight.o
  CC      lib/kfifo.o
  CC      drivers/regulator/helpers.o
  CC      drivers/regulator/devres.o
  CC      drivers/clk/actions/owl-composite.o
  CC      lib/percpu-refcount.o
  CC      lib/rhashtable.o
  CC      drivers/clk/actions/owl-pll.o
  CC      drivers/regulator/irq_helpers.o
  CC      drivers/clk/actions/owl-reset.o
  CC      lib/base64.o
  CC      lib/once.o
  CC      lib/refcount.o
  CC      drivers/regulator/of_regulator.o
  CC      drivers/clk/actions/owl-s500.o
  CC      drivers/regulator/sun20i-regulator.o
  CC      lib/rcuref.o
  CC      drivers/clk/actions/owl-s700.o
  CC      lib/usercopy.o
  CC      drivers/regulator/virtual.o
  CC      drivers/clk/actions/owl-s900.o
  CC      lib/errseq.o
  CC      lib/bucket_locks.o
  CC      lib/generic-radix-tree.o
  AR      drivers/clk/actions/built-in.a
  AR      drivers/regulator/built-in.a
  CC      lib/bitmap-str.o
  CC      drivers/clk/keystone/syscon-clk.o
  CC      lib/string_helpers.o
  CC      lib/hexdump.o
  CC      lib/kstrtox.o
  CC      lib/math/div64.o
  AR      drivers/clk/keystone/built-in.a
  AR      drivers/clk/sophgo/built-in.a
  CC      lib/math/gcd.o
  CC      drivers/clk/sunxi-ng/ccu_common.o
  CC      lib/math/int_log.o
  CC      lib/math/int_sqrt.o
  CC      drivers/clk/sunxi-ng/ccu_mmc_timing.o
  CC      lib/crc/crc32-main.o
  CC      lib/math/reciprocal_div.o
  CC      lib/math/rational.o
  CC      drivers/clk/sunxi-ng/ccu_reset.o
  CC      drivers/clk/sunxi-ng/ccu_div.o
  CC      lib/crc/crc8.o
  AR      lib/math/built-in.a
  CC      lib/crypto/blake2s.o
  CC      drivers/reset/core.o
  CC      drivers/clk/sunxi-ng/ccu_frac.o
  AR      lib/crc/built-in.a
  CC      drivers/clk/sunxi-ng/ccu_gate.o
  CC      lib/crypto/chacha-block-generic.o
  CC      lib/crypto/sha1.o
  AS      lib/crypto/arm64/sha1-ce-core.o
  CC      lib/crypto/sha256.o
  CC      drivers/clk/sunxi-ng/ccu_mux.o
  CC      drivers/reset/reset-simple.o
  AS      lib/crypto/arm64/sha256-ce.o
  CC      drivers/clk/sunxi-ng/ccu_mult.o
  AR      lib/crypto/built-in.a
  CC      lib/vdso/datastore.o
  CC      drivers/reset/reset-sunxi.o
  CC      drivers/reset/reset-gpio.o
  CC      drivers/clk/sunxi-ng/ccu_phase.o
  AR      lib/vdso/built-in.a
  CC      lib/iomap_copy.o
  CC      drivers/clk/sunxi-ng/ccu_sdm.o
  CC      drivers/reset/reset-tps380x.o
  CC      drivers/clk/sunxi-ng/ccu_nk.o
  CC      lib/devres.o
  CC      drivers/clk/sunxi-ng/ccu_nkm.o
  AR      drivers/reset/built-in.a
  CC      drivers/tty/tty_io.o
  CC      drivers/clk/sunxi-ng/ccu_nkmp.o
  CC      drivers/clk/sunxi-ng/ccu_nm.o
  CC      lib/cache_maint.o
  CC      drivers/clk/sunxi-ng/ccu_mp.o
  CC      drivers/clk/sunxi-ng/ccu-sun50i-a64.o
  CC      lib/hweight.o
  CC      lib/interval_tree.o
  CC      drivers/tty/n_tty.o
  CC      lib/assoc_array.o
  CC      drivers/clk/sunxi-ng/ccu-sun50i-a100.o
  CC      drivers/clk/sunxi-ng/ccu-sun50i-a100-r.o
  CC      lib/linear_ranges.o
  CC      drivers/clk/sunxi-ng/ccu-sun50i-h6.o
  CC      lib/xxhash.o
  CC      drivers/tty/tty_ioctl.o
  CC      lib/genalloc.o
  CC      lib/zlib_inflate/inffast.o
  CC      drivers/clk/sunxi-ng/ccu-sun50i-h6-r.o
  CC      lib/zlib_inflate/inflate.o
  CC      drivers/tty/tty_ldisc.o
  CC      lib/lzo/lzo1x_decompress_safe.o
  CC      lib/zlib_inflate/infutil.o
  CC      drivers/clk/sunxi-ng/ccu-sun50i-h616.o
  CC      lib/zlib_inflate/inftrees.o
  AR      lib/lzo/built-in.a
  CC      lib/lz4/lz4_decompress.o
  CC      lib/zlib_inflate/inflate_syms.o
  CC      drivers/tty/tty_buffer.o
  CC      drivers/clk/sunxi-ng/ccu-sun55i-a523.o
  AR      lib/zlib_inflate/built-in.a
  CC      lib/zstd/zstd_decompress_module.o
  CC      drivers/tty/tty_port.o
  CC      drivers/clk/sunxi-ng/ccu-sun55i-a523-mcu.o
  AR      lib/lz4/built-in.a
  CC      drivers/tty/tty_mutex.o
  CC      lib/zstd/zstd_common_module.o
  CC      drivers/tty/tty_ldsem.o
  CC      drivers/clk/sunxi-ng/ccu-sun55i-a523-r.o
  CC      drivers/tty/tty_baudrate.o
  AR      lib/zstd/built-in.a
  CC      lib/xz/xz_dec_syms.o
  CC      drivers/tty/tty_jobctrl.o
  CC      drivers/clk/sunxi-ng/ccu-sun6i-rtc.o
  CC      drivers/clk/sunxi-ng/ccu-sun8i-h3.o
  CC      lib/xz/xz_dec_stream.o
  CC      drivers/tty/n_null.o
  CC      drivers/clk/sunxi-ng/ccu-sun8i-de2.o
  CC      drivers/clk/sunxi-ng/ccu-sun8i-r.o
  CC      lib/xz/xz_dec_lzma2.o
  CC      drivers/tty/pty.o
  CC      drivers/tty/vt/vt_ioctl.o
  AR      drivers/clk/sunxi-ng/built-in.a
  AR      drivers/clk/built-in.a
  CC      drivers/char/mem.o
  CC      lib/xz/xz_dec_bcj.o
  CC      drivers/tty/serial/serial_core.o
  CC      lib/xz/xz_dec_test.o
  CC      drivers/tty/vt/vc_screen.o
  CC      drivers/char/random.o
  AR      lib/xz/built-in.a
  CC      lib/percpu_counter.o
  CC      drivers/tty/vt/selection.o
  CC      lib/syscall.o
  CC      drivers/tty/serial/serial_base_bus.o
  CC      drivers/char/misc.o
  CC      drivers/tty/vt/keyboard.o
  CC      lib/nlattr.o
  CC      drivers/tty/serial/serial_ctrl.o
  AR      drivers/char/built-in.a
  CC      drivers/iommu/iommu.o
  CC      drivers/tty/serial/serial_port.o
  CC      lib/checksum.o
  CC      drivers/tty/vt/vt.o
  CC      lib/glob.o
  CC      drivers/tty/serial/earlycon.o
  CC      drivers/iommu/iommu-traces.o
  CC      lib/dim/dim.o
  CC      drivers/iommu/iommu-sysfs.o
  CC      lib/dim/net_dim.o
  CC      drivers/tty/serial/amba-pl011.o
  CC      drivers/tty/vt/defkeymap.o
  AR      drivers/iommu/built-in.a
  CC      drivers/tty/vt/consolemap.o
  CC      drivers/base/component.o
  CC      drivers/tty/serial/sifive.o
  CC      lib/dim/rdma_dim.o
  CC      drivers/base/core.o
  AR      drivers/tty/vt/built-in.a
  CC      drivers/mfd/syscon.o
  AR      lib/dim/built-in.a
  CC      lib/strncpy_from_user.o
  AR      drivers/tty/serial/built-in.a
  CC      drivers/tty/sysrq.o
  AR      drivers/mfd/built-in.a
  CC      lib/strnlen_user.o
  CC      drivers/dma-buf/dma-buf.o
  CC      lib/net_utils.o
  AR      drivers/tty/built-in.a
  CC      lib/group_cpus.o
  CC      drivers/base/bus.o
  CC      drivers/net/loopback.o
  CC      drivers/dma-buf/dma-fence.o
  CC      lib/devmem_is_allowed.o
  CC      drivers/base/dd.o
  CC      drivers/dma-buf/dma-fence-array.o
  AR      lib/lib.a
  AR      lib/built-in.a
  CC      drivers/base/syscore.o
  AR      drivers/net/built-in.a
  AR      drivers/firewire/built-in.a
  CC      drivers/vfio/vfio_main.o
  CC      drivers/dma-buf/dma-fence-chain.o
  CC      drivers/vfio/group.o
  CC      drivers/base/driver.o
  CC      drivers/dma-buf/dma-fence-unwrap.o
  CC      drivers/vfio/container.o
  CC      drivers/dma-buf/dma-resv.o
  CC      drivers/base/class.o
  CC      drivers/base/platform.o
  CC      drivers/vfio/vfio_iommu_type1.o
  CC      drivers/dma-buf/dma-buf-mapping.o
  CC      drivers/input/serio/serio.o
  CC      drivers/base/cpu.o
  CC      drivers/dma-buf/sync_file.o
  CC      drivers/input/serio/serport.o
  CC      drivers/base/firmware.o
  AR      drivers/dma-buf/built-in.a
  AR      drivers/vfio/built-in.a
  CC      drivers/input/input.o
  CC      drivers/base/init.o
  CC      drivers/input/serio/libps2.o
  CC      drivers/power/reset/gpio-restart.o
  CC      drivers/base/map.o
  CC      drivers/input/input-compat.o
  CC      drivers/power/reset/xgene-reboot.o
  AR      drivers/input/serio/built-in.a
  CC      drivers/power/supply/power_supply_core.o
  CC      drivers/base/devres.o
  CC      drivers/input/input-mt.o
  AR      drivers/power/reset/built-in.a
  CC      drivers/power/supply/test_power.o
  CC      drivers/power/supply/max8903_charger.o
  CC      drivers/base/attribute_container.o
  CC      drivers/input/input-poller.o
  CC      drivers/input/ff-core.o
  AR      drivers/power/supply/built-in.a
  CC      drivers/base/transport_class.o
  CC      drivers/base/topology.o
  AR      drivers/power/built-in.a
  CC      drivers/cpuidle/governors/ladder.o
  CC      drivers/input/touchscreen.o
  AR      drivers/cpuidle/governors/built-in.a
  CC      drivers/cpuidle/cpuidle.o
  CC      drivers/cpuidle/driver.o
  CC      drivers/base/container.o
  CC      drivers/input/touch-overlay.o
  CC      drivers/base/property.o
  CC      drivers/cpuidle/governor.o
  CC      drivers/cpuidle/sysfs.o
  CC      drivers/input/matrix-keymap.o
  CC      drivers/input/vivaldi-fmap.o
  AR      drivers/cpuidle/built-in.a
  AR      drivers/firmware/arm_scmi/built-in.a
  CC      drivers/firmware/psci/psci.o
  CC      drivers/base/cacheinfo.o
  CC      drivers/input/keyboard/atkbd.o
  CC      drivers/input/mouse/psmouse-base.o
  AR      drivers/firmware/psci/built-in.a
  CC      drivers/base/swnode.o
  CC      drivers/firmware/smccc/smccc.o
  AR      drivers/input/keyboard/built-in.a
  CC      drivers/firmware/smccc/kvm_guest.o
  CC      drivers/input/mouse/synaptics.o
  CC      drivers/input/mouse/focaltech.o
  CC      drivers/base/faux.o
  AR      drivers/firmware/smccc/built-in.a
  AR      drivers/firmware/built-in.a
  CC      drivers/clocksource/timer-of.o
  CC      drivers/base/auxiliary.o
  CC      drivers/input/mouse/alps.o
  CC      drivers/input/mouse/byd.o
  CC      drivers/clocksource/timer-probe.o
  CC      drivers/base/power/sysfs.o
  CC      drivers/clocksource/mmio.o
  CC      drivers/input/mouse/logips2pp.o
  CC      drivers/input/mouse/trackpoint.o
  CC      drivers/base/power/generic_ops.o
  CC      drivers/clocksource/timer-sun4i.o
  CC      drivers/base/power/common.o
  CC      drivers/base/power/qos.o
  CC      drivers/input/mouse/cypress_ps2.o
  CC      drivers/clocksource/arm_arch_timer.o
  CC      drivers/base/power/runtime.o
  AR      drivers/input/mouse/built-in.a
  AR      drivers/input/built-in.a
  CC      drivers/hid/hid-core.o
  CC      drivers/base/power/wakeirq.o
  CC      drivers/clocksource/arm_arch_timer_mmio.o
  CC      drivers/base/power/clock_ops.o
  CC      drivers/clocksource/dummy_timer.o
  CC      drivers/clocksource/timer-ti-dm.o
  CC      drivers/hid/hid-input.o
  CC      drivers/clocksource/timer-owl.o
  AR      drivers/base/power/built-in.a
  CC      drivers/base/firmware_loader/builtin/main.o
  AR      drivers/base/firmware_loader/builtin/built-in.a
  AR      drivers/base/firmware_loader/built-in.a
  CC      drivers/base/regmap/regmap.o
  CC      drivers/clocksource/timer-sp804.o
  CC      drivers/base/regmap/regcache.o
  CC      drivers/hid/hid-quirks.o
  AR      drivers/clocksource/built-in.a
  CC      drivers/of/base.o
  CC      drivers/base/regmap/regcache-rbtree.o
  CC      drivers/base/regmap/regcache-flat.o
  CC      drivers/hid/hid-debug.o
  CC      drivers/base/regmap/regcache-maple.o
  CC      drivers/base/regmap/regmap-debugfs.o
  CC      drivers/of/cpu.o
  CC      drivers/base/regmap/regmap-mmio.o
  CC      drivers/of/device.o
  CC      drivers/hid/hid-generic.o
  CC      drivers/of/module.o
  CC      drivers/of/platform.o
  AR      drivers/base/regmap/built-in.a
  CC      drivers/base/soc.o
  CC      drivers/of/property.o
  AR      drivers/hid/built-in.a
  CC      drivers/base/pinctrl.o
  CC      drivers/base/platform-msi.o
  CC      drivers/base/arch_topology.o
  CC      drivers/of/fdt.o
  AS      drivers/of/empty_root.dtb.o
  CC      drivers/of/fdt_address.o
  CC      drivers/of/address.o
  CC      drivers/of/irq.o
  CC      drivers/of/of_reserved_mem.o
  AR      drivers/base/built-in.a
  AR      drivers/comedi/kcomedilib/built-in.a
  AR      drivers/comedi/drivers/built-in.a
  CC      drivers/comedi/comedi_fops.o
  CC      drivers/of/kexec.o
  CC      drivers/comedi/range.o
  CC      drivers/comedi/drivers.o
  AR      drivers/of/built-in.a
  AR      drivers/platform/chrome/built-in.a
  AR      drivers/platform/built-in.a
  CC      drivers/comedi/comedi_buf.o
  CC      drivers/iio/accel/bmi088-accel-core.o
  CC      drivers/comedi/proc.o
  AR      drivers/iio/adc/built-in.a
  AR      drivers/iio/addac/built-in.a
  AR      drivers/iio/afe/built-in.a
  AR      drivers/iio/amplifiers/built-in.a
  CC      drivers/iio/buffer/industrialio-triggered-buffer.o
  AR      drivers/iio/accel/built-in.a
  AR      drivers/iio/cdc/built-in.a
  AR      drivers/iio/chemical/built-in.a
  AR      drivers/iio/common/cros_ec_sensors/built-in.a
  AR      drivers/iio/common/hid-sensors/built-in.a
  AR      drivers/iio/common/inv_sensors/built-in.a
  AR      drivers/iio/common/ms_sensors/built-in.a
  AR      drivers/iio/common/scmi_sensors/built-in.a
  AR      drivers/iio/common/ssp_sensors/built-in.a
  AR      drivers/iio/common/st_sensors/built-in.a
  AR      drivers/iio/common/built-in.a
  AR      drivers/iio/dac/built-in.a
  AR      drivers/iio/dummy/built-in.a
  AR      drivers/iio/gyro/built-in.a
  AR      drivers/iio/filter/built-in.a
  AR      drivers/iio/frequency/built-in.a
  AR      drivers/iio/health/built-in.a
  AR      drivers/iio/humidity/built-in.a
  AR      drivers/iio/light/built-in.a
  CC      drivers/iio/buffer/kfifo_buf.o
  AR      drivers/iio/imu/bmi160/built-in.a
  AR      drivers/iio/imu/bmi270/built-in.a
  AR      drivers/iio/imu/bmi323/built-in.a
  AR      drivers/comedi/built-in.a
  AR      drivers/iio/imu/bno055/built-in.a
  AR      drivers/iio/imu/inv_icm42600/built-in.a
  AR      drivers/iio/imu/inv_icm45600/built-in.a
  AR      drivers/iio/imu/inv_mpu6050/built-in.a
  AR      drivers/iio/imu/smi330/built-in.a
  AR      drivers/iio/imu/st_lsm6dsx/built-in.a
  AR      drivers/iio/imu/st_lsm9ds0/built-in.a
  AR      drivers/iio/imu/built-in.a
  CC      drivers/mcb/mcb-core.o
  AR      drivers/iio/magnetometer/built-in.a
  CC      drivers/mcb/mcb-parse.o
  AR      drivers/iio/multiplexer/built-in.a
  AR      drivers/iio/orientation/built-in.a
  AR      drivers/iio/position/built-in.a
  AR      drivers/iio/potentiometer/built-in.a
  AR      drivers/iio/potentiostat/built-in.a
  CC      drivers/iio/pressure/ms5611_core.o
  AR      drivers/iio/buffer/built-in.a
  AR      drivers/iio/proximity/built-in.a
  AR      drivers/iio/resolver/built-in.a
  AR      drivers/iio/temperature/built-in.a
  AR      drivers/iio/test/built-in.a
  AR      drivers/iio/trigger/built-in.a
  CC      drivers/iio/industrialio-core.o
  CC      drivers/iio/industrialio-event.o
  AR      drivers/mcb/built-in.a
  CC      drivers/iio/inkern.o
  AR      drivers/iio/pressure/built-in.a
  CC      drivers/hwtracing/stm/core.o
  CC      drivers/iio/industrialio-buffer.o
  CC      drivers/iio/industrialio-trigger.o
  CC      drivers/hwtracing/stm/policy.o
  CC      drivers/hwtracing/stm/p_basic.o
  CC      drivers/hwtracing/stm/p_sys-t.o
  CC      drivers/nvmem/core.o
  AR      drivers/iio/built-in.a
  CC      drivers/nvmem/layouts.o
  CC      drivers/nvmem/layouts/fixed-layout.o
  AR      drivers/hwtracing/stm/built-in.a
  CC      drivers/nvmem/layouts/sl28vpd.o
  CC      net/devres.o
  CC      net/socket.o
  CC      net/core/sock.o
  AR      drivers/nvmem/layouts/built-in.a
  AR      drivers/nvmem/built-in.a
  AR      drivers/built-in.a
  CC      net/core/skbuff.o
  CC      net/ethernet/eth.o
  CC      net/sched/sch_generic.o
  AR      net/ethernet/built-in.a
  CC      net/netlink/af_netlink.o
  CC      net/ethtool/ioctl.o
  CC      net/sched/sch_mq.o
  CC      net/core/datagram.o
  CC      net/netlink/genetlink.o
  CC      net/sched/sch_frag.o
  CC      net/ethtool/common.o
  CC      net/core/stream.o
  CC      net/netlink/policy.o
  AR      net/sched/built-in.a
  CC      net/ipv4/route.o
  CC      net/core/scm.o
  CC      net/ethtool/netlink.o
  AR      net/netlink/built-in.a
  CC      net/ipv6/af_inet6.o
  CC      net/core/gen_stats.o
  CC      net/ethtool/bitset.o
  CC      net/ipv4/inetpeer.o
  CC      net/ipv6/anycast.o
  CC      net/core/gen_estimator.o
  CC      net/ethtool/strset.o
  CC      net/ipv4/protocol.o
  CC      net/core/net_namespace.o
  CC      net/ipv6/ip6_output.o
  CC      net/ethtool/linkinfo.o
  CC      net/ipv4/ip_input.o
  CC      net/core/secure_seq.o
  CC      net/ethtool/linkmodes.o
  CC      net/ipv6/ip6_input.o
  CC      net/ipv4/ip_fragment.o
  CC      net/core/flow_dissector.o
  CC      net/ethtool/rss.o
  CC      net/ipv6/addrconf.o
  CC      net/ipv4/ip_forward.o
  CC      net/ethtool/linkstate.o
  CC      net/core/sysctl_net_core.o
  CC      net/ipv4/ip_options.o
  CC      net/ethtool/debug.o
  CC      net/core/dev.o
  CC      net/ethtool/wol.o
  CC      net/ipv4/ip_output.o
  CC      net/ipv6/addrlabel.o
  CC      net/ethtool/features.o
  CC      net/ipv6/route.o
  CC      net/ipv4/ip_sockglue.o
  CC      net/ethtool/privflags.o
  CC      net/ethtool/rings.o
  CC      net/ipv4/inet_hashtables.o
  CC      net/core/dev_api.o
  CC      net/ipv6/ip6_fib.o
  CC      net/core/dev_addr_lists.o
  CC      net/ethtool/channels.o
  CC      net/ipv4/inet_timewait_sock.o
  CC      net/core/dst.o
  CC      net/ethtool/coalesce.o
  CC      net/ipv6/ipv6_sockglue.o
  CC      net/ipv4/inet_connection_sock.o
  CC      net/core/netevent.o
  CC      net/ethtool/pause.o
  CC      net/core/neighbour.o
  CC      net/ipv6/ndisc.o
  CC      net/ethtool/eee.o
  CC      net/ipv4/tcp.o
  CC      net/ethtool/tsinfo.o
  CC      net/ipv6/udp.o
  CC      net/core/rtnetlink.o
  CC      net/ethtool/cabletest.o
  CC      net/ipv4/tcp_input.o
  CC      net/ethtool/tunnels.o
  CC      net/ipv6/raw.o
  CC      net/core/utils.o
  CC      net/ethtool/fec.o
  CC      net/ipv6/icmp.o
  CC      net/core/link_watch.o
  CC      net/ethtool/eeprom.o
  CC      net/ipv4/tcp_output.o
  CC      net/ipv6/mcast.o
  CC      net/core/filter.o
  CC      net/ethtool/stats.o
  CC      net/ethtool/phc_vclocks.o
  CC      net/ipv4/tcp_timer.o
  CC      net/ipv6/reassembly.o
  CC      net/ethtool/mm.o
  CC      net/ipv4/tcp_ipv4.o
  CC      net/ipv6/tcp_ipv6.o
  CC      net/ethtool/module.o
  CC      net/core/sock_diag.o
  CC      net/ethtool/cmis_fw_update.o
  CC      net/ipv4/tcp_minisocks.o
  CC      net/ipv6/ping.o
  CC      net/core/dev_ioctl.o
  CC      net/ethtool/cmis_cdb.o
  CC      net/ipv6/exthdrs.o
  CC      net/ipv4/tcp_cong.o
  CC      net/core/tso.o
  CC      net/ethtool/pse-pd.o
  CC      net/core/sock_reuseport.o
  CC      net/ipv6/datagram.o
  CC      net/ipv4/tcp_metrics.o
  CC      net/ethtool/plca.o
  CC      net/core/fib_notifier.o
  CC      net/ethtool/phy.o
  CC      net/ipv4/tcp_fastopen.o
  CC      net/ipv6/ip6_flowlabel.o
  CC      net/core/xdp.o
  CC      net/ethtool/tsconfig.o
  CC      net/ipv4/tcp_recovery.o
  CC      net/ipv6/inet6_connection_sock.o
  CC      net/core/flow_offload.o
  CC      net/ethtool/mse.o
  CC      net/ipv6/udp_offload.o
  CC      net/ipv4/tcp_ulp.o
  CC      net/core/gro.o
  AR      net/ethtool/built-in.a
  CC      net/sysctl_net.o
  CC      net/ipv6/seg6.o
  CC      net/ipv4/tcp_offload.o
  CC      net/core/netdev-genl.o
  CC      net/core/netdev-genl-gen.o
  CC      net/ipv6/fib6_notifier.o
  CC      net/ipv4/tcp_plb.o
  CC      net/ipv4/datagram.o
  CC      net/core/netdev_work.o
  CC      net/ipv6/rpl.o
  CC      net/ipv4/raw.o
  CC      net/core/gso.o
  CC      net/ipv4/udp.o
  CC      net/ipv6/ioam6.o
  CC      net/core/net-sysfs.o
  CC      net/ipv4/udp_offload.o
  CC      net/ipv6/sysctl_net_ipv6.o
  CC      net/ipv4/arp.o
  CC      net/core/hotdata.o
  CC      net/ipv4/icmp.o
  CC      net/ipv6/proc.o
  CC      net/core/netdev_config.o
  CC      net/ipv6/sit.o
  CC      net/ipv6/addrconf_core.o
  CC      net/ipv4/devinet.o
  CC      net/core/netdev_rx_queue.o
  CC      net/ipv6/exthdrs_core.o
  CC      net/ipv6/ip6_checksum.o
  CC      net/core/netdev_queues.o
  CC      net/ipv4/af_inet.o
  CC      net/ipv6/ip6_icmp.o
  CC      net/ipv6/output_core.o
  CC      net/core/net-procfs.o
  CC      net/ipv6/protocol.o
  CC      net/ipv6/ip6_offload.o
  CC      net/ipv4/igmp.o
  CC      net/core/dst_cache.o
  CC      net/ipv6/exthdrs_offload.o
  CC      net/core/gro_cells.o
  CC      net/ipv6/inet6_hashtables.o
  CC      net/ipv4/fib_frontend.o
  CC      net/ipv4/fib_semantics.o
  CC      net/core/of_net.o
  CC      net/ipv6/mcast_snoop.o
  CC      net/ipv4/fib_trie.o
  AR      net/core/built-in.a
  CC      net/ipv4/fib_notifier.o
  CC      net/ipv4/inet_fragment.o
  AR      net/ipv6/built-in.a
  CC      net/ipv4/ping.o
  CC      net/ipv4/ip_tunnel_core.o
  CC      net/ipv4/gre_offload.o
  CC      net/ipv4/metrics.o
  CC      net/ipv4/netlink.o
  CC      net/ipv4/nexthop.o
  CC      net/ipv4/udp_tunnel_stub.o
  CC      net/ipv4/ip_tunnel.o
  CC      net/ipv4/sysctl_net_ipv4.o
  CC      net/ipv4/proc.o
  CC      net/ipv4/tunnel4.o
  CC      net/ipv4/inet_diag.o
  CC      net/ipv4/tcp_diag.o
  CC      net/ipv4/tcp_cubic.o
  AR      net/ipv4/built-in.a
  AR      net/built-in.a
  AR      built-in.a
  AR      built-in-fixup.a
  COPY    vmlinux.a
  LD      vmlinux.o
  MODPOST vmlinux.symvers
  CC      .vmlinux.export.o
  UPD     include/generated/utsversion.h
  CC      init/version-timestamp.o
  KSYMS   .tmp_vmlinux0.kallsyms.S
  AS      .tmp_vmlinux0.kallsyms.o
  LD      .tmp_vmlinux1
  NM      .tmp_vmlinux1.syms
  KSYMS   .tmp_vmlinux1.kallsyms.S
  AS      .tmp_vmlinux1.kallsyms.o
  LD      .tmp_vmlinux2
  NM      .tmp_vmlinux2.syms
  KSYMS   .tmp_vmlinux2.kallsyms.S
  AS      .tmp_vmlinux2.kallsyms.o
  LD      vmlinux.unstripped
  NM      System.map
  SORTTAB vmlinux.unstripped
  OBJCOPY vmlinux
  GEN     modules.builtin.modinfo
  GEN     modules.builtin
  OBJCOPY arch/arm64/boot/Image
make[5]: Leaving directory '/mnt/git-volume/kernel-test-mainline/build/rand500nsconfig-arm64'
make[4]: Leaving directory '/mnt/git-volume/linux-mainline'
