make[3]: Entering directory '/home/benni/git/linux'
make[4]: Entering directory '/home/benni/git/kernel-test/build/defconfig-i386'
*** Default configuration is based on 'i386_defconfig'
#
# No change to .config
#
make[4]: Leaving directory '/home/benni/git/kernel-test/build/defconfig-i386'
make[3]: Leaving directory '/home/benni/git/linux'
make[3]: Entering directory '/home/benni/git/linux'
make[4]: Entering directory '/home/benni/git/kernel-test/build/defconfig-i386'
  SYNC    include/config/auto.conf
  CC      arch/x86/kernel/asm-offsets.s
  CC      kernel/sched/rq-offsets.s
  GEN     usr/initramfs_data.cpio
  CC      arch/x86/entry/syscall_32.o
  CC      arch/x86/events/core.o
  CC      init/main.o
  CC      ipc/util.o
  COPY    usr/initramfs_inc_data
  AS      usr/initramfs_data.o
  CC      arch/x86/lib/insn-eval.o
  CC      drivers/leds/led-triggers.o
  CC      security/keys/gc.o
  AR      usr/built-in.a
  CC      sound/core/sound.o
  CC      block/bdev.o
  CC      io_uring/io_uring.o
  CC      arch/x86/realmode/init.o
  CC      crypto/api.o
  CC      fs/open.o
  CC      mm/filemap.o
  CC      lib/bug.o
  CC      kernel/fork.o
  CC      sound/core/init.o
  AR      arch/x86/realmode/built-in.a
  AR      drivers/leds/built-in.a
  CC      mm/mempool.o
  CC      arch/x86/lib/msr.o
  CC      crypto/cipher.o
  CC      security/keys/key.o
  CC      lib/buildid.o
  CC      drivers/pci/access.o
  CC      ipc/msgutil.o
  CC      block/fops.o
  CC      arch/x86/entry/common.o
  UPD     init/utsversion-tmp.h
  CC      init/do_mounts.o
  CC      crypto/algapi.o
  CC      fs/read_write.o
  CC      sound/core/memory.o
  CC      kernel/exec_domain.o
  CC      lib/cpumask.o
  CC      arch/x86/events/utils.o
  AR      arch/x86/lib/lib.a
  AR      arch/x86/lib/built-in.a
  CC      drivers/pci/bus.o
  CC      init/do_mounts_initrd.o
  CC      ipc/msg.o
  CC      security/keys/keyring.o
  CC      arch/x86/entry/vdso/vma.o
  CC      sound/core/control.o
  CC      lib/decompress_bunzip2.o
  CC      mm/oom_kill.o
  CC      block/bio.o
  CC      kernel/panic.o
  CC      arch/x86/events/rapl.o
  CC      lib/decompress_inflate.o
  CC      init/initramfs.o
  CC      drivers/pci/probe.o
  CC      crypto/scatterwalk.o
  CC      arch/x86/entry/vdso/extable.o
  CC      io_uring/opdef.o
  CC      ipc/sem.o
  CC      security/keys/keyctl.o
  CC      drivers/pci/host-bridge.o
  CC      fs/file_table.o
  CC      sound/core/misc.o
  CC      lib/decompress_unlz4.o
  CC      kernel/cpu.o
  CC      crypto/proc.o
  CC      drivers/pci/remove.o
  CC      arch/x86/events/amd/core.o
  CC      init/init_task.o
  CC      init/version.o
  CC      mm/fadvise.o
  CC      lib/decompress_unlzma.o
  AR      arch/x86/entry/vdso/built-in.a
  CC      io_uring/kbuf.o
  AR      arch/x86/entry/built-in.a
  CC      kernel/exit.o
  CC      sound/core/info.o
  CC      fs/super.o
  CC      block/elevator.o
  CC      crypto/aead.o
  CC      fs/char_dev.o
  CC      security/keys/permission.o
  CC      drivers/pci/pci.o
  CC      security/commoncap.o
  AR      init/built-in.a
  CC      arch/x86/events/msr.o
  CC      ipc/shm.o
  CC      lib/decompress_unlzo.o
  CC      mm/maccess.o
  CC      sound/core/jack.o
  CC      io_uring/rsrc.o
  CC      arch/x86/events/amd/lbr.o
  CC      io_uring/notif.o
  CC      security/keys/process_keys.o
  CC      crypto/geniv.o
  CC      sound/core/hwdep.o
  CC      lib/decompress_unxz.o
  CC      block/blk-core.o
  CC      fs/stat.o
  CC      block/blk-sysfs.o
  CC      mm/page-writeback.o
  CC      io_uring/tctx.o
  CC      block/blk-flush.o
  CC      kernel/softirq.o
  CC      lib/decompress_unzstd.o
  CC      ipc/syscall.o
  CC      arch/x86/events/amd/ibs.o
  CC      sound/core/timer.o
  CC      crypto/lskcipher.o
  CC      security/keys/request_key.o
  CC      arch/x86/events/intel/core.o
  CC      lib/dump_stack.o
  CC      io_uring/filetable.o
  CC      drivers/pci/pci-driver.o
  CC      arch/x86/events/intel/bts.o
  CC      sound/core/pcm.o
  CC      fs/exec.o
  CC      drivers/video/aperture.o
  CC      ipc/mqueue.o
  CC      kernel/resource.o
  CC      security/keys/request_key_auth.o
  CC      crypto/skcipher.o
  CC      lib/kobject_uevent.o
  CC      mm/folio-compat.o
  CC      arch/x86/events/intel/ds.o
  CC      arch/x86/events/amd/uncore.o
  CC      block/blk-settings.o
  CC      io_uring/rw.o
  CC      crypto/seqiv.o
  CC      sound/core/pcm_native.o
  CC      drivers/video/screen_info_pci.o
  CC      security/keys/user_defined.o
  CC      drivers/pci/search.o
  CC      mm/readahead.o
  CC      kernel/sysctl.o
  CC      drivers/pci/rebar.o
  CC      ipc/namespace.o
  CC      fs/pipe.o
  CC      crypto/echainiv.o
  CC      lib/logic_pio.o
  CC      block/blk-ioc.o
  CC      security/keys/proc.o
  CC      drivers/video/cmdline.o
  AR      arch/x86/events/amd/built-in.a
  CC      block/blk-map.o
  CC      block/blk-merge.o
  CC      io_uring/poll.o
  AR      ipc/built-in.a
  CC      crypto/ahash.o
  CC      lib/maple_tree.o
  CC      drivers/pci/rom.o
  CC      crypto/shash.o
  CC      security/keys/sysctl.o
  CC      mm/swap.o
  CC      crypto/akcipher.o
  CC      kernel/capability.o
  CC      drivers/video/console/dummycon.o
  CC      net/devres.o
  CC      drivers/pci/setup-res.o
  CC      sound/core/pcm_lib.o
  CC      fs/namei.o
  CC      security/keys/keyctl_pkey.o
  CC      arch/x86/events/intel/knc.o
  CC      arch/x86/events/intel/lbr.o
  CC      drivers/video/console/vgacon.o
  CC      block/blk-timeout.o
  CC      block/blk-lib.o
  CC      io_uring/tw.o
  CC      crypto/sig.o
  CC      kernel/ptrace.o
  CC      drivers/pci/irq.o
  CC      net/socket.o
  CC      drivers/pci/vpd.o
  AR      security/keys/built-in.a
  CC      security/lsm_syscalls.o
  CC      mm/truncate.o
  CC      block/blk-mq.o
  CC      mm/vmscan.o
  CC      sound/core/pcm_misc.o
  AR      drivers/video/console/built-in.a
  CC      crypto/rsa.o
  CC      security/min_addr.o
  AR      drivers/video/built-in.a
  CC      io_uring/wait.o
  CC      arch/x86/events/intel/p4.o
  CC      arch/x86/mm/init.o
  CC      drivers/pci/setup-bus.o
  CC      kernel/user.o
  CC      arch/x86/kernel/head32.o
  CC      arch/x86/events/zhaoxin/core.o
  CC      drivers/acpi/tables.o
  CC      sound/core/pcm_memory.o
  CC      crypto/rsa-pkcs1pad.o
  CC      security/security.o
  CC      kernel/signal.o
  CC      arch/x86/kernel/ebda.o
  CC      arch/x86/events/intel/p6.o
  CC      fs/fcntl.o
  CC      arch/x86/mm/init_32.o
  CC      sound/core/memalloc.o
  CC      crypto/rsassa-pkcs1.o
  AR      arch/x86/events/zhaoxin/built-in.a
  CC      io_uring/eventfd.o
  CC      drivers/acpi/osl.o
  CC      crypto/acompress.o
  CC      net/core/sock.o
  CC      drivers/pci/vc.o
  CC      arch/x86/kernel/process_32.o
  CC      lib/nmi_backtrace.o
  CC      arch/x86/events/intel/pt.o
  CC      sound/core/pcm_timer.o
  CC      io_uring/uring_cmd.o
  CC      arch/x86/mm/fault.o
  CC      net/core/skbuff.o
  CC      mm/shrinker.o
  CC      fs/ioctl.o
  CC      block/blk-mq-tag.o
  CC      drivers/pci/mmap.o
  CC      crypto/scompress.o
  CC      drivers/acpi/reboot.o
  CC      arch/x86/kernel/signal.o
  CC      lib/seq_buf.o
  CC      sound/core/seq_device.o
  CC      kernel/sys.o
  CC      security/lsm_notifier.o
  CC      arch/x86/events/intel/uncore.o
  CC      drivers/pci/devres.o
  CC      mm/shmem.o
  CC      io_uring/openclose.o
  CC      fs/readdir.o
  CC      drivers/acpi/nvs.o
  CC      lib/sys_info.o
  CC      crypto/algboss.o
  CC      arch/x86/mm/ioremap.o
  CC      block/blk-mq-dma.o
  CC      arch/x86/kernel/signal_32.o
  CC      sound/core/seq/seq.o
  CC      security/lsm_init.o
  CC      lib/vsprintf.o
  CC      drivers/acpi/sleep.o
  CC      drivers/pci/msi/pcidev_msi.o
  CC      sound/core/seq/seq_clientmgr.o
  CC      io_uring/sqpoll.o
  CC      drivers/pci/msi/api.o
  CC      fs/select.o
  CC      arch/x86/mm/extable.o
  CC      block/blk-stat.o
  CC      crypto/testmgr.o
  CC      arch/x86/kernel/traps.o
  CC      arch/x86/events/intel/uncore_nhmex.o
  CC      kernel/umh.o
  CC      arch/x86/pci/i386.o
  CC      security/selinux/avc.o
  CC      drivers/pci/msi/msi.o
  CC      crypto/cmac.o
  CC      drivers/acpi/device_pm.o
  CC      mm/util.o
  CC      block/blk-mq-sysfs.o
  CC      arch/x86/mm/mmap.o
  CC      sound/core/seq/seq_memory.o
  CC      kernel/workqueue.o
  CC      arch/x86/kernel/idt.o
  CC      arch/x86/pci/init.o
  CC      io_uring/xattr.o
  CC      crypto/hmac.o
  CC      arch/x86/events/intel/uncore_snb.o
  CC      fs/dcache.o
  CC      arch/x86/mm/pgtable.o
  CC      block/blk-mq-cpumap.o
  CC      drivers/pci/msi/irqdomain.o
  CC      net/core/datagram.o
  CC      drivers/acpi/proc.o
  CC      sound/core/seq/seq_queue.o
  CC      lib/bust_spinlocks.o
  CC      arch/x86/pci/pcbios.o
  CC      mm/mmzone.o
  CC      security/selinux/hooks.o
  CC      arch/x86/kernel/irq.o
  CC      crypto/sha1.o
  CC      io_uring/nop.o
  CC      arch/x86/mm/physaddr.o
  CC      block/blk-mq-sched.o
  CC      arch/x86/events/intel/uncore_snbep.o
  AR      drivers/pci/msi/built-in.a
  CC      drivers/pci/pcie/portdrv.o
  CC      drivers/acpi/bus.o
  CC      mm/vmstat.o
  CC      lib/scatterlist.o
  CC      sound/core/seq/seq_fifo.o
  CC      arch/x86/pci/mmconfig_32.o
  CC      crypto/sha256.o
  CC      arch/x86/mm/tlb.o
  CC      fs/inode.o
  CC      io_uring/fs.o
  CC      net/core/stream.o
  CC      sound/core/seq/seq_prioq.o
  CC      drivers/pci/pcie/rcec.o
  CC      block/ioctl.o
  CC      arch/x86/pci/direct.o
  CC      crypto/sha512.o
  CC      drivers/acpi/glue.o
  CC      arch/x86/kernel/irq_32.o
  CC      lib/iov_iter.o
  CC      mm/backing-dev.o
  CC      kernel/pid.o
  CC      io_uring/splice.o
  CC      arch/x86/mm/cpu_entry_area.o
  CC      sound/core/seq/seq_timer.o
  CC      drivers/pci/pcie/bwctrl.o
  CC      arch/x86/pci/mmconfig-shared.o
  CC      arch/x86/events/intel/uncore_discovery.o
  CC      crypto/cts.o
  CC      net/core/scm.o
  CC      arch/x86/kernel/dumpstack_32.o
  CC      drivers/acpi/scan.o
  CC      block/genhd.o
  CC      arch/x86/mm/pgprot.o
  CC      sound/core/seq/seq_system.o
  CC      io_uring/sync.o
  CC      drivers/pci/pcie/aspm.o
  CC      mm/mm_init.o
  CC      fs/attr.o
  CC      crypto/gcm.o
  CC      kernel/task_work.o
  CC      arch/x86/kernel/ioport.o
  CC      arch/x86/pci/fixup.o
  CC      security/selinux/selinuxfs.o
  CC      arch/x86/mm/pat/set_memory.o
  CC      sound/core/seq/seq_ports.o
  CC      arch/x86/events/intel/cstate.o
  CC      lib/bsearch.o
  CC      net/core/gen_stats.o
  CC      io_uring/msg_ring.o
  CC      block/ioprio.o
  CC      drivers/acpi/acpi_processor.o
  CC      kernel/extable.o
  CC      fs/bad_inode.o
  CC      crypto/ccm.o
  CC      arch/x86/kernel/dumpstack.o
  CC      mm/percpu.o
  CC      arch/x86/pci/acpi.o
  CC      sound/core/seq/seq_info.o
  CC      drivers/pci/pcie/pme.o
  CC      lib/kfifo.o
  AR      arch/x86/events/intel/built-in.a
  AR      arch/x86/events/built-in.a
  CC      fs/file.o
  CC      fs/filesystems.o
  CC      arch/x86/mm/pat/memtype.o
  CC      io_uring/advise.o
  CC      block/partitions/core.o
  CC      net/core/gen_estimator.o
  CC      drivers/acpi/ec.o
  CC      sound/core/seq/seq_dummy.o
  CC      arch/x86/kernel/nmi.o
  CC      kernel/params.o
  CC      security/selinux/netlink.o
  CC      crypto/aes.o
  CC      arch/x86/pci/legacy.o
  AR      drivers/pci/pcie/built-in.a
  CC      drivers/pci/proc.o
  CC      lib/percpu-refcount.o
  CC      security/selinux/nlmsgtab.o
  AR      sound/core/seq/built-in.a
  CC      arch/x86/mm/pat/memtype_interval.o
  AR      sound/core/built-in.a
  CC      io_uring/statx.o
  CC      block/partitions/msdos.o
  CC      crypto/authenc.o
  CC      arch/x86/pci/irq.o
  CC      net/core/net_namespace.o
  CC      sound/hda/core/hda_bus_type.o
  CC      security/selinux/netif.o
  CC      kernel/kthread.o
  CC      lib/rhashtable.o
  CC      arch/x86/kernel/ldt.o
  CC      fs/namespace.o
  CC      drivers/acpi/pci_root.o
  CC      mm/slab_common.o
  AR      arch/x86/mm/pat/built-in.a
  CC      arch/x86/mm/pgtable_32.o
  CC      drivers/pci/pci-sysfs.o
  CC      io_uring/timeout.o
  CC      sound/hda/core/bus.o
  CC      block/partitions/efi.o
  CC      fs/seq_file.o
  CC      crypto/authencesn.o
  CC      arch/x86/pci/common.o
  CC      arch/x86/mm/iomap_32.o
  CC      drivers/acpi/pci_link.o
  CC      arch/x86/kernel/setup.o
  CC      lib/bucket_locks.o
  CC      security/selinux/netnode.o
  CC      net/core/secure_seq.o
  CC      sound/hda/core/device.o
  CC      kernel/nsproxy.o
  AR      block/partitions/built-in.a
  CC      drivers/pci/slot.o
  CC      block/blk-rq-qos.o
  CC      drivers/acpi/pci_irq.o
  CC      io_uring/cancel.o
  CC      arch/x86/mm/hugetlbpage.o
  CC      lib/bitmap-str.o
  CC      crypto/krb5enc.o
  CC      arch/x86/pci/early.o
  CC      lib/string_helpers.o
  CC      arch/x86/kernel/x86_init.o
  CC      mm/compaction.o
  CC      drivers/pci/pci-acpi.o
  CC      security/selinux/netport.o
  AR      arch/x86/mm/built-in.a
  CC      net/core/flow_dissector.o
  CC      block/disk-events.o
  CC      block/blk-ia-ranges.o
  CC      drivers/acpi/acpi_platform.o
  CC      sound/hda/core/sysfs.o
  CC      sound/hda/common/bind.o
  CC      arch/x86/pci/bus_numa.o
  CC      kernel/nstree.o
  CC      io_uring/waitid.o
  CC      lib/crypto/hash_info.o
  CC      crypto/lzo.o
  CC      fs/xattr.o
  CC      arch/x86/kernel/irqinit.o
  CC      io_uring/register.o
  CC      drivers/acpi/event.o
  CC      block/early-lookup.o
  CC      arch/x86/pci/amd_bus.o
  CC      sound/hda/common/codec.o
  CC      sound/hda/core/regmap.o
  CC      drivers/pci/iomap.o
  CC      lib/crypto/md5.o
  CC      security/selinux/status.o
  CC      block/bsg.o
  CC      io_uring/truncate.o
  CC      crypto/lzo-rle.o
  CC      kernel/nscommon.o
  AR      arch/x86/pci/built-in.a
  CC      arch/x86/kernel/jump_label.o
  CC      mm/show_mem.o
  CC      sound/hda/core/controller.o
  CC      drivers/pci/quirks.o
  CC      drivers/acpi/debugfs.o
  CC      net/core/sysctl_net_core.o
  CC      net/ethernet/eth.o
  CC      crypto/lz4.o
  CC      lib/crypto/mpi/generic_mpih-lshift.o
  CC      fs/libfs.o
  CC      kernel/notifier.o
  CC      block/blk-cgroup.o
  CC      arch/x86/kernel/irq_work.o
  CC      io_uring/memmap.o
  CC      sound/hda/core/stream.o
  CC      sound/hda/common/jack.o
  CC      mm/interval_tree.o
  CC      kernel/ksysfs.o
  CC      security/selinux/ss/ebitmap.o
  CC      lib/crypto/mpi/generic_mpih-mul1.o
  CC      crypto/asymmetric_keys/asymmetric_type.o
  CC      net/core/dev.o
  CC      kernel/cred.o
  CC      drivers/acpi/button.o
  CC      lib/crypto/mpi/generic_mpih-mul2.o
  CC      io_uring/alloc_cache.o
  CC      mm/list_lru.o
  CC      lib/crypto/mpi/generic_mpih-mul3.o
  CC      arch/x86/kernel/probe_roms.o
  CC      sound/hda/core/array.o
  CC      sound/hda/common/auto_parser.o
  CC      fs/fs-writeback.o
  AR      net/ethernet/built-in.a
  CC      sound/hda/core/hdmi_chmap.o
  CC      block/blk-ioprio.o
  CC      crypto/asymmetric_keys/signature.o
  CC      drivers/pci/hotplug/pci_hotplug_core.o
  CC      security/selinux/ss/sidtab.o
  CC      security/selinux/ss/avtab.o
  CC      io_uring/query.o
  CC      drivers/acpi/acpi_video.o
  CC      mm/workingset.o
  CC      kernel/reboot.o
  CC      lib/crypto/mpi/generic_mpih-rshift.o
  CC      drivers/pci/hotplug/acpi_pcihp.o
  CC      crypto/asymmetric_keys/public_key.o
  CC      block/blk-iolatency.o
  CC      sound/hda/core/trace.o
  CC      sound/hda/common/sysfs.o
  CC      arch/x86/kernel/sys_ia32.o
  CC      security/lsm_audit.o
  CC      lib/crypto/mpi/generic_mpih-sub1.o
  CC      io_uring/loop.o
  CC      crypto/asymmetric_keys/x509_public_key.o
  CC      mm/debug.o
  AR      drivers/pci/hotplug/built-in.a
  CC      drivers/pci/pci-label.o
  CC      lib/vdso/datastore.o
  CC      kernel/ksyms_common.o
  CC      security/selinux/ss/policydb.o
  CC      drivers/acpi/video_detect.o
  CC      lib/crypto/mpi/generic_mpih-add1.o
  CC      sound/hda/common/controller.o
  CC      crypto/asymmetric_keys/pkcs7_verify.o
  CC      arch/x86/kernel/ksysfs.o
  AR      lib/vdso/built-in.a
  CC      drivers/acpi/processor_idle.o
  CC      kernel/groups.o
  CC      drivers/pci/vgaarb.o
  CC      sound/hda/common/proc.o
  CC      sound/hda/core/component.o
  CC      io_uring/zcrx.o
  CC      fs/pnode.o
  CC      mm/gup.o
  CC      block/blk-iocost.o
  CC      fs/splice.o
  CC      lib/crypto/mpi/mpicoder.o
  AR      crypto/asymmetric_keys/built-in.a
  CC      crypto/krb5/krb5_kdf.o
  CC      arch/x86/kernel/bootflag.o
  CC      sound/hda/core/i915.o
  CC      sound/hda/core/intel-dsp-config.o
  CC      crypto/krb5/krb5_api.o
  CC      kernel/sched/core.o
  CC      lib/crypto/mpi/mpi-add.o
  CC      kernel/locking/mutex.o
  CC      drivers/pci/setup-cardbus.o
  CC      sound/hda/common/hwdep.o
  CC      drivers/acpi/ioapic.o
  CC      crypto/krb5/rfc3961_simplified.o
  CC      fs/sync.o
  CC      security/selinux/ss/services.o
  CC      arch/x86/kernel/e820.o
  CC      lib/crypto/mpi/mpi-bit.o
  CC      mm/mmap_lock.o
  AR      sound/hda/core/built-in.a
  CC      kernel/power/qos.o
  CC      security/selinux/ss/conditional.o
  CC      io_uring/io-wq.o
  CC      block/mq-deadline.o
  AR      sound/hda/common/built-in.a
  CC      drivers/acpi/battery.o
  CC      lib/crypto/mpi/mpi-cmp.o
  CC      drivers/pci/trace.o
  CC      kernel/locking/semaphore.o
  CC      sound/hda/controllers/intel.o
  CC      fs/utimes.o
  CC      mm/vma_init.o
  CC      net/core/dev_api.o
  CC      arch/x86/kernel/pci-dma.o
  CC      crypto/krb5/rfc3962_aes.o
  CC      kernel/power/main.o
  CC      block/kyber-iosched.o
  CC      lib/crypto/mpi/mpi-sub-ui.o
  CC      security/selinux/ss/mls.o
  CC      kernel/locking/rwsem.o
  CC      io_uring/futex.o
  CC      crypto/krb5/rfc6803_camellia.o
  CC      drivers/acpi/spcr.o
  AR      drivers/pci/built-in.a
  CC      fs/d_path.o
  CC      arch/x86/kernel/quirks.o
  CC      lib/crypto/mpi/mpi-div.o
  CC      mm/highmem.o
  CC      net/core/dev_addr_lists.o
  CC      arch/x86/platform/efi/memmap.o
  CC      kernel/power/console.o
  CC      net/sched/sch_generic.o
  AR      sound/hda/controllers/built-in.a
  AR      sound/hda/built-in.a
  CC      crypto/krb5/rfc8009_aes2.o
  AR      sound/built-in.a
  CC      kernel/locking/percpu-rwsem.o
  CC      net/netlink/af_netlink.o
  CC      lib/crypto/mpi/mpi-mod.o
  CC      drivers/acpi/x86/cmos_rtc.o
  CC      arch/x86/kernel/kdebugfs.o
  CC      io_uring/epoll.o
  CC      mm/memory.o
  CC      security/selinux/ss/context.o
  CC      fs/stack.o
  CC      block/blk-mq-debugfs.o
  CC      arch/x86/platform/efi/quirks.o
  CC      kernel/power/process.o
  AR      crypto/krb5/built-in.a
  CC      kernel/locking/qspinlock.o
  AR      crypto/built-in.a
  CC      kernel/power/suspend.o
  CC      lib/crypto/mpi/mpi-mul.o
  CC      arch/x86/kernel/alternative.o
  CC      drivers/acpi/x86/lpss.o
  CC      net/core/dst.o
  CC      fs/fs_struct.o
  CC      kernel/sched/fair.o
  CC      io_uring/napi.o
  CC      kernel/locking/rtmutex_api.o
  CC      block/blk-pm.o
  CC      security/selinux/netlabel.o
  CC      lib/crypto/mpi/mpih-cmp.o
  CC      arch/x86/platform/efi/efi.o
  CC      drivers/acpi/x86/s2idle.o
  CC      kernel/printk/printk.o
  CC      net/sched/sch_mq.o
  CC      fs/statfs.o
  CC      kernel/power/hibernate.o
  CC      lib/crypto/mpi/mpih-div.o
  CC      arch/x86/kernel/hw_breakpoint.o
  CC      block/holder.o
  CC      net/netlink/genetlink.o
  CC      kernel/locking/qrwlock.o
  CC      net/core/netevent.o
  CC      drivers/acpi/x86/utils.o
  CC      io_uring/net.o
  CC      arch/x86/platform/efi/efi_32.o
  AR      security/selinux/built-in.a
  CC      fs/fs_pin.o
  CC      security/device_cgroup.o
  AR      kernel/locking/built-in.a
  AR      block/built-in.a
  CC      net/sched/sch_frag.o
  CC      security/integrity/iint.o
  CC      fs/nsfs.o
  CC      lib/crypto/mpi/mpih-mul.o
  CC      arch/x86/kernel/rtc.o
  CC      kernel/power/snapshot.o
  CC      net/core/neighbour.o
  CC      mm/mincore.o
  AR      drivers/acpi/x86/built-in.a
  CC      arch/x86/platform/efi/runtime-map.o
  AR      drivers/acpi/built-in.a
  CC      kernel/power/swap.o
  CC      drivers/pnp/core.o
  CC      kernel/printk/printk_safe.o
  CC      security/integrity/integrity_audit.o
  CC      arch/x86/kernel/process.o
  CC      net/netlink/policy.o
  CC      lib/crypto/mpi/mpi-pow.o
  CC      io_uring/cmd_net.o
  CC      fs/fs_context.o
  CC      net/sched/sch_api.o
  CC      drivers/pnp/card.o
  AR      arch/x86/platform/efi/built-in.a
  CC      arch/x86/platform/intel/iosf_mbi.o
  CC      mm/mlock.o
  AR      kernel/printk/built-in.a
  CC      net/sched/sch_blackhole.o
  CC      security/integrity/efi_secureboot.o
  CC      io_uring/fdinfo.o
  CC      lib/crypto/mpi/mpiutil.o
  CC      net/ethtool/ioctl.o
  CC      kernel/power/user.o
  AR      net/netlink/built-in.a
  CC      kernel/sched/build_policy.o
  CC      drivers/pnp/resource.o
  CC      fs/fs_parser.o
  CC      net/ethtool/common.o
  AR      arch/x86/platform/intel/built-in.a
  AR      arch/x86/platform/built-in.a
  CC      arch/x86/kernel/fpu/core.o
  CC      arch/x86/kernel/ptrace.o
  CC      arch/x86/kernel/fpu/regset.o
  AR      lib/crypto/mpi/built-in.a
  AR      security/integrity/built-in.a
  AR      lib/crypto/built-in.a
  AR      security/built-in.a
  CC      lib/iomap.o
  CC      net/core/rtnetlink.o
  CC      io_uring/bpf_filter.o
  CC      mm/mmap.o
  AR      kernel/power/built-in.a
  CC      kernel/irq/handle.o
  CC      net/netfilter/core.o
  CC      net/core/utils.o
  CC      fs/fsopen.o
  CC      net/sched/cls_api.o
  CC      net/sched/act_api.o
  CC      drivers/pnp/quirks.o
  CC      lib/audit.o
  CC      kernel/irq/chip.o
  CC      arch/x86/power/cpu.o
  CC      arch/x86/kernel/fpu/signal.o
  CC      net/ethtool/netlink.o
  AR      io_uring/built-in.a
  CC      kernel/sched/build_utility.o
  CC      fs/init.o
  CC      drivers/pnp/pnpacpi/rsparser.o
  CC      lib/syscall.o
  CC      mm/mmu_gather.o
  CC      arch/x86/kernel/fpu/xstate.o
  CC      net/core/link_watch.o
  CC      net/netfilter/nf_log.o
  CC      arch/x86/power/hibernate_32.o
  CC      kernel/irq/irqdomain.o
  CC      lib/nlattr.o
  CC      kernel/rcu/update.o
  CC      fs/kernel_read_file.o
  CC      net/core/filter.o
  AR      drivers/pnp/pnpacpi/built-in.a
  AR      drivers/pnp/built-in.a
  CC      mm/mprotect.o
  CC      net/ethtool/bitset.o
  CC      arch/x86/power/hibernate.o
  AR      arch/x86/kernel/fpu/built-in.a
  CC      net/netfilter/nf_queue.o
  CC      drivers/dma/dmaengine.o
  CC      arch/x86/kernel/tls.o
  CC      net/sched/sch_fifo.o
  CC      kernel/irq/proc.o
  CC      net/sched/cls_cgroup.o
  CC      fs/mnt_idmapping.o
  CC      lib/dynamic_queue_limits.o
  CC      drivers/dma/virt-dma.o
  CC      fs/remap_range.o
  AR      arch/x86/power/built-in.a
  CC      drivers/dma/acpi-dma.o
  CC      arch/x86/kernel/step.o
  CC      net/ethtool/strset.o
  CC      drivers/dma/dw/core.o
  CC      mm/mremap.o
  CC      kernel/irq/pm.o
  CC      net/netfilter/nf_sockopt.o
  CC      net/ethtool/linkinfo.o
  CC      drivers/dma/dw/dw.o
  CC      fs/pidfs.o
  CC      lib/glob.o
  CC      net/sched/ematch.o
  CC      net/ethtool/linkmodes.o
  CC      kernel/rcu/srcutree.o
  CC      mm/msync.o
  CC      arch/x86/kernel/stacktrace.o
  CC      lib/dim/net_dim.o
  CC      kernel/irq/msi.o
  CC      net/ethtool/rss.o
  CC      drivers/dma/dw/idma32.o
  CC      net/netfilter/utils.o
  CC      mm/page_vma_mapped.o
  CC      net/core/sock_diag.o
  CC      drivers/dma/hsu/hsu.o
  CC      arch/x86/kernel/cpu/cacheinfo.o
  AR      net/sched/built-in.a
  CC      fs/file_attr.o
  CC      drivers/dma/dw/acpi.o
  CC      net/netfilter/nfnetlink.o
  CC      kernel/rcu/tree.o
  CC      lib/strncpy_from_user.o
  AR      lib/dim/built-in.a
  CC      net/ipv4/route.o
  CC      net/netfilter/nfnetlink_log.o
  AR      kernel/sched/built-in.a
  CC      kernel/irq/matrix.o
  CC      mm/pagewalk.o
  CC      arch/x86/kernel/acpi/boot.o
  AR      drivers/dma/hsu/built-in.a
  CC      net/netfilter/nf_conntrack_core.o
  AR      drivers/dma/dw/built-in.a
  CC      arch/x86/video/video-common.o
  CC      net/ethtool/linkstate.o
  CC      lib/strnlen_user.o
  CC      arch/x86/kernel/cpu/common.o
  AR      drivers/dma/built-in.a
  CC      net/netfilter/nf_conntrack_standalone.o
  CC      fs/fserror.o
  CC      drivers/virtio/virtio.o
  CC      mm/pgtable-generic.o
  CC      lib/net_utils.o
  CC      arch/x86/kernel/acpi/sleep.o
  CC      drivers/tty/tty_io.o
  AR      kernel/irq/built-in.a
  CC      fs/nullfs.o
  AR      arch/x86/video/built-in.a
  CC      drivers/tty/n_tty.o
  CC      fs/buffer.o
  CC      drivers/char/mem.o
  CC      drivers/virtio/virtio_ring.o
  CC      net/ethtool/debug.o
  CC      net/xfrm/xfrm_policy.o
  CC      mm/rmap.o
  CC      lib/sg_pool.o
  AR      arch/x86/kernel/acpi/built-in.a
  CC      arch/x86/kernel/reboot.o
  CC      arch/x86/kernel/cpu/bugs.o
  CC      net/xfrm/xfrm_state.o
  CC      net/core/dev_ioctl.o
  CC      net/netfilter/nf_conntrack_expect.o
  CC      net/ipv4/inetpeer.o
  CC      drivers/char/random.o
  CC      lib/stackdepot.o
  CC      net/ethtool/wol.o
  CC      drivers/virtio/virtio_anchor.o
  AR      kernel/rcu/built-in.a
  CC      drivers/tty/tty_ioctl.o
  CC      kernel/dma/mapping.o
  CC      net/ipv4/protocol.o
  CC      net/xfrm/xfrm_hash.o
  CC      lib/sbitmap.o
  CC      fs/mpage.o
  CC      mm/vmalloc.o
  CC      net/core/tso.o
  CC      net/netfilter/nf_conntrack_helper.o
  CC      drivers/virtio/virtio_pci_modern_dev.o
  CC      net/ethtool/features.o
  CC      drivers/virtio/virtio_pci_legacy_dev.o
  CC      drivers/tty/tty_ldisc.o
  CC      drivers/char/misc.o
  CC      arch/x86/kernel/cpu/umwait.o
  CC      kernel/entry/common.o
  CC      net/ipv4/ip_input.o
  AR      lib/lib.a
  CC      kernel/entry/syscall-common.o
  AR      lib/built-in.a
  CC      drivers/virtio/virtio_pci_modern.o
  CC      net/netfilter/nf_conntrack_proto.o
  CC      drivers/char/virtio_console.o
  CC      drivers/tty/tty_buffer.o
  CC      fs/proc_namespace.o
  CC      drivers/iommu/iommu.o
  CC      arch/x86/kernel/cpu/proc.o
  CC      net/ethtool/privflags.o
  CC      net/core/sock_reuseport.o
  CC      net/xfrm/xfrm_input.o
  CC      net/core/fib_notifier.o
  CC      kernel/dma/direct.o
  CC      drivers/tty/tty_port.o
  CC      drivers/virtio/virtio_pci_common.o
  CC      arch/x86/kernel/cpu/amd.o
  CC      kernel/entry/syscall_user_dispatch.o
  CC      fs/direct-io.o
  CC      kernel/dma/ops_helpers.o
  CC      net/ipv4/ip_fragment.o
  CC      drivers/char/hpet.o
  CC      net/ethtool/rings.o
  CC      drivers/tty/tty_mutex.o
  CC      net/netfilter/nf_conntrack_proto_generic.o
  CC      kernel/dma/remap.o
  CC      drivers/gpu/buddy.o
  CC      drivers/virtio/virtio_pci_legacy.o
  CC      net/core/xdp.o
  AR      kernel/entry/built-in.a
  CC      net/xfrm/xfrm_output.o
  CC      net/core/flow_offload.o
  CC      drivers/iommu/iommu-pages.o
  CC      arch/x86/kernel/cpu/amd_cache_disable.o
  CC      mm/vma.o
  CC      drivers/tty/tty_ldsem.o
  CC      fs/notify/fsnotify.o
  CC      fs/notify/notification.o
  AR      kernel/dma/built-in.a
  CC      drivers/char/nvram.o
  CC      kernel/module/main.o
  CC      net/netfilter/nf_conntrack_proto_tcp.o
  CC      drivers/virtio/virtio_pci_admin_legacy_io.o
  CC      net/ethtool/channels.o
  CC      drivers/iommu/iommu-traces.o
  CC      arch/x86/kernel/cpu/transmeta.o
  CC      net/ipv4/ip_forward.o
  CC      drivers/tty/tty_baudrate.o
  CC      drivers/virtio/virtio_input.o
  CC      drivers/char/hw_random/core.o
  CC      drivers/gpu/drm/drm_atomic.o
  CC      net/ipv4/ip_options.o
  CC      net/ethtool/coalesce.o
  CC      net/core/gro.o
  CC      net/xfrm/xfrm_sysctl.o
  CC      arch/x86/kernel/cpu/mce/core.o
  CC      drivers/tty/tty_jobctrl.o
  CC      fs/notify/group.o
  CC      arch/x86/kernel/cpu/mtrr/mtrr.o
  CC      mm/vma_exec.o
  CC      drivers/iommu/iommu-sysfs.o
  CC      drivers/virtio/virtio_dma_buf.o
  CC      drivers/char/hw_random/intel-rng.o
  CC      drivers/connector/cn_queue.o
  CC      net/netfilter/nf_conntrack_proto_udp.o
  CC      fs/notify/mark.o
  CC      drivers/tty/n_null.o
  CC      kernel/module/strict_rwx.o
  CC      arch/x86/kernel/cpu/mtrr/if.o
  CC      drivers/iommu/dma-iommu.o
  CC      net/xfrm/xfrm_replay.o
  CC      net/ethtool/pause.o
  CC      net/ipv4/ip_output.o
  AR      drivers/virtio/built-in.a
  CC      mm/process_vm_access.o
  CC      net/ipv4/ip_sockglue.o
  CC      drivers/gpu/drm/drm_atomic_uapi.o
  CC      drivers/char/hw_random/amd-rng.o
  CC      drivers/tty/pty.o
  CC      kernel/module/kmod.o
  CC      arch/x86/kernel/cpu/mtrr/generic.o
  CC      net/core/netdev-genl.o
  CC      fs/notify/fdinfo.o
  CC      arch/x86/kernel/cpu/mce/severity.o
  CC      drivers/connector/connector.o
  CC      drivers/char/hw_random/geode-rng.o
  CC      net/netfilter/nf_conntrack_proto_icmp.o
  CC      mm/page_alloc.o
  CC      net/ethtool/eee.o
  CC      drivers/tty/tty_audit.o
  CC      net/xfrm/xfrm_device.o
  CC      drivers/gpu/drm/drm_auth.o
  CC      drivers/iommu/iova.o
  CC      kernel/module/tree_lookup.o
  CC      fs/notify/dnotify/dnotify.o
  AR      drivers/char/hw_random/built-in.a
  CC      arch/x86/kernel/cpu/mtrr/cleanup.o
  CC      arch/x86/kernel/cpu/mce/genpool.o
  CC      drivers/char/agp/backend.o
  CC      drivers/connector/cn_proc.o
  CC      net/netfilter/nf_conntrack_extend.o
  CC      drivers/tty/sysrq.o
  CC      kernel/module/kallsyms.o
  CC      net/ipv4/inet_hashtables.o
  CC      mm/page_frag_cache.o
  CC      drivers/gpu/drm/drm_blend.o
  CC      net/ethtool/tsinfo.o
  AR      drivers/iommu/built-in.a
  CC      arch/x86/kernel/cpu/microcode/core.o
  CC      net/core/netdev-genl-gen.o
  CC      net/xfrm/xfrm_nat_keepalive.o
  AR      fs/notify/dnotify/built-in.a
  CC      arch/x86/kernel/cpu/mtrr/amd.o
  CC      arch/x86/kernel/cpu/mce/amd.o
  CC      fs/notify/inotify/inotify_fsnotify.o
  CC      drivers/char/agp/generic.o
  CC      net/netfilter/nf_conntrack_acct.o
  CC      kernel/module/procfs.o
  AR      drivers/connector/built-in.a
  CC      net/ipv4/inet_timewait_sock.o
  CC      drivers/gpu/drm/drm_bridge.o
  CC      drivers/tty/vt/vt_ioctl.o
  CC      drivers/base/component.o
  CC      arch/x86/kernel/cpu/microcode/intel.o
  CC      arch/x86/kernel/cpu/mtrr/cyrix.o
  CC      fs/notify/inotify/inotify_user.o
  CC      net/core/netdev_work.o
  CC      net/ethtool/cabletest.o
  CC      kernel/module/sysfs.o
  CC      net/xfrm/xfrm_algo.o
  CC      drivers/char/agp/isoch.o
  CC      net/netfilter/nf_conntrack_seqadj.o
  CC      arch/x86/kernel/cpu/mtrr/centaur.o
  CC      drivers/base/core.o
  CC      arch/x86/kernel/cpu/mce/threshold.o
  CC      mm/init-mm.o
  CC      arch/x86/kernel/cpu/microcode/amd.o
  CC      drivers/tty/vt/vc_screen.o
  CC      fs/eventpoll.o
  CC      drivers/gpu/drm/drm_cache.o
  AR      fs/notify/inotify/built-in.a
  AR      fs/notify/built-in.a
  AR      kernel/module/built-in.a
  CC      net/core/gso.o
  CC      kernel/kcmp.o
  CC      net/unix/af_unix.o
  CC      net/ipv4/inet_connection_sock.o
  AR      arch/x86/kernel/cpu/mtrr/built-in.a
  CC      drivers/char/agp/amd64-agp.o
  CC      net/unix/garbage.o
  CC      net/ethtool/tunnels.o
  CC      mm/memblock.o
  CC      net/xfrm/xfrm_user.o
  CC      drivers/gpu/drm/drm_color_mgmt.o
  CC      drivers/tty/vt/selection.o
  AR      arch/x86/kernel/cpu/microcode/built-in.a
  AR      arch/x86/kernel/cpu/mce/built-in.a
  CC      arch/x86/kernel/cpu/perfctr-watchdog.o
  CC      net/netfilter/nf_conntrack_proto_icmpv6.o
  CC      net/ipv4/tcp.o
  CC      kernel/freezer.o
  CC      drivers/char/agp/intel-agp.o
  CC      net/core/net-sysfs.o
  CC      drivers/tty/hvc/hvc_console.o
  CC      drivers/tty/vt/keyboard.o
  CC      net/ethtool/fec.o
  CC      drivers/gpu/drm/drm_colorop.o
  CC      arch/x86/kernel/cpu/vmware.o
  CC      fs/anon_inodes.o
  CC      mm/slub.o
  CC      drivers/base/dd.o
  CC      drivers/char/agp/intel-gtt.o
  CC      kernel/profile.o
  CC      net/ipv4/tcp_input.o
  CC      net/unix/sysctl_net_unix.o
  CC      net/netfilter/nf_conntrack_netlink.o
  AR      drivers/tty/hvc/built-in.a
  CC      drivers/gpu/drm/drm_connector.o
  CC      arch/x86/kernel/cpu/mshyperv.o
  CC      fs/signalfd.o
  CC      kernel/stacktrace.o
  CC      net/ipv6/af_inet6.o
  CC      net/ethtool/eeprom.o
  CC      drivers/base/syscore.o
  CC      drivers/tty/vt/vt.o
  AR      net/xfrm/built-in.a
  AR      drivers/char/agp/built-in.a
  AR      drivers/char/built-in.a
  CC      arch/x86/kernel/cpu/debugfs.o
  CC      net/ipv6/anycast.o
  CC      net/core/hotdata.o
  AR      net/unix/built-in.a
  CC      net/ethtool/stats.o
  CC      fs/timerfd.o
  CC      net/core/netdev_config.o
  CC      kernel/time/time.o
  CC      arch/x86/kernel/cpu/bus_lock.o
  CC      drivers/gpu/drm/drm_crtc.o
  CC      kernel/time/timer.o
  CC      drivers/base/class.o
  CC      net/netfilter/nf_conntrack_ftp.o
  CC      drivers/base/platform.o
  CC      kernel/time/hrtimer.o
  CC      drivers/tty/serial/serial_core.o
  CC      net/ipv6/ip6_output.o
  CC      fs/eventfd.o
  CC      kernel/futex/core.o
  CC      net/core/netdev_rx_queue.o
  CC      net/ethtool/phc_vclocks.o
  AR      arch/x86/kernel/cpu/built-in.a
  CC      drivers/tty/serial/serial_base_bus.o
  CC      arch/x86/kernel/msr.o
  CC      drivers/gpu/drm/drm_drv.o
  CC      drivers/tty/vt/consolemap.o
  CC      mm/madvise.o
  CC      net/ipv4/tcp_output.o
  CC      net/netfilter/nf_conntrack_irc.o
  CC      drivers/base/init.o
  CC      fs/aio.o
  CC      kernel/dma.o
  CC      net/ethtool/mm.o
  CC      arch/x86/kernel/cpuid.o
  CC      kernel/futex/syscalls.o
  CC      net/core/netdev_queues.o
  CC      kernel/time/timekeeping.o
  CC      drivers/gpu/drm/drm_dumb_buffers.o
  AR      drivers/tty/vt/built-in.a
  CC      drivers/block/loop.o
  CC      net/packet/af_packet.o
  CC      drivers/base/devres.o
  CC      kernel/futex/pi.o
  CC      arch/x86/kernel/early-quirks.o
  CC      drivers/tty/serial/serial_ctrl.o
  CC      net/netfilter/nf_conntrack_sip.o
  CC      drivers/gpu/drm/drm_edid.o
  CC      net/netfilter/nf_nat_core.o
  CC      net/ethtool/module.o
  CC      net/ipv6/ip6_input.o
  CC      mm/page_io.o
  CC      net/core/page_pool.o
  CC      fs/locks.o
  CC      drivers/base/topology.o
  CC      drivers/tty/serial/serial_port.o
  CC      kernel/futex/requeue.o
  CC      arch/x86/kernel/smp.o
  CC      kernel/time/ntp.o
  CC      drivers/block/virtio_blk.o
  CC      drivers/tty/serial/earlycon.o
  CC      drivers/base/property.o
  CC      kernel/futex/waitwake.o
  CC      mm/swap_state.o
  CC      net/ethtool/cmis_fw_update.o
  CC      kernel/time/timer_list.o
  CC      net/core/page_pool_user.o
  CC      net/netfilter/nf_nat_proto.o
  CC      net/ipv4/tcp_timer.o
  CC      arch/x86/kernel/smpboot.o
  CC      net/ipv6/addrconf.o
  CC      drivers/tty/serial/8250/8250_core.o
  AR      kernel/futex/built-in.a
  CC      net/sunrpc/clnt.o
  CC      fs/binfmt_misc.o
  AR      drivers/block/built-in.a
  CC      net/sunrpc/xprt.o
  AR      net/packet/built-in.a
  CC      net/sunrpc/socklib.o
  CC      kernel/time/alarmtimer.o
  CC      drivers/base/devtmpfs.o
  CC      net/ethtool/cmis_cdb.o
  CC      net/wireless/core.o
  CC      mm/swapfile.o
  CC      drivers/gpu/drm/drm_encoder.o
  CC      arch/x86/kernel/setup_percpu.o
  CC      net/core/net-procfs.o
  CC      drivers/tty/serial/8250/8250_platform.o
  CC      fs/binfmt_script.o
  CC      net/netfilter/nf_nat_helper.o
  CC      net/ipv4/tcp_ipv4.o
  CC      drivers/gpu/drm/drm_file.o
  CC      net/wireless/sysfs.o
  CC      drivers/base/power/qos.o
  CC      kernel/time/posix-timers.o
  CC      net/ethtool/pse-pd.o
  CC      fs/binfmt_elf.o
  CC      arch/x86/kernel/mpparse.o
  CC      drivers/tty/serial/8250/8250_pnp.o
  CC      net/core/netpoll.o
  CC      mm/dmapool.o
  CC      drivers/gpu/drm/drm_framebuffer.o
  CC      drivers/base/power/runtime.o
  CC      drivers/base/firmware_loader/main.o
  CC      net/sunrpc/xprtsock.o
  CC      net/netfilter/nf_nat_masquerade.o
  CC      drivers/tty/serial/8250/8250_port.o
  CC      arch/x86/kernel/apic/apic.o
  CC      net/ethtool/plca.o
  CC      kernel/time/posix-cpu-timers.o
  CC      fs/mbcache.o
  CC      net/ipv6/addrlabel.o
  CC      mm/hugetlb.o
  CC      drivers/tty/serial/8250/8250_dma.o
  AR      drivers/base/firmware_loader/built-in.a
  CC      drivers/gpu/drm/drm_gem.o
  CC      drivers/gpu/drm/drm_ioctl.o
  CC      drivers/base/power/main.o
  CC      net/wireless/radiotap.o
  CC      net/core/fib_rules.o
  CC      net/ipv4/tcp_minisocks.o
  CC      fs/posix_acl.o
  CC      net/ethtool/phy.o
  CC      kernel/time/posix-clock.o
  CC      net/netfilter/nf_nat_ftp.o
  CC      net/ipv4/tcp_cong.o
  CC      arch/x86/kernel/apic/vector.o
  CC      net/ipv6/route.o
  CC      drivers/tty/serial/8250/8250_dwlib.o
  CC      net/sunrpc/sched.o
  CC      net/wireless/util.o
  CC      drivers/gpu/drm/drm_lease.o
  CC      kernel/time/itimer.o
  CC      net/ethtool/tsconfig.o
  CC      fs/nfs_common/nfsacl.o
  CC      drivers/tty/serial/8250/8250_pcilib.o
  CC      net/netfilter/nf_nat_irc.o
  CC      drivers/base/power/wakeup.o
  CC      net/core/net-traces.o
  CC      drivers/gpu/drm/drm_managed.o
  CC      mm/hugetlb_sysfs.o
  CC      drivers/gpu/drm/drm_mm.o
  CC      net/ipv4/tcp_metrics.o
  CC      fs/nfs_common/grace.o
  CC      arch/x86/kernel/apic/hw_nmi.o
  CC      kernel/smp.o
  CC      drivers/tty/serial/8250/8250_rsa.o
  CC      kernel/time/tick-common.o
  CC      net/ethtool/mse.o
  CC      net/wireless/reg.o
  CC      net/netfilter/nf_nat_sip.o
  CC      mm/hugetlb_sysctl.o
  CC      drivers/base/power/trace.o
  CC      arch/x86/kernel/apic/io_apic.o
  CC      fs/nfs_common/common.o
  CC      drivers/gpu/drm/drm_mode_config.o
  CC      drivers/tty/serial/8250/8250_early.o
  CC      mm/mmu_notifier.o
  CC      kernel/time/tick-sched.o
  CC      drivers/gpu/drm/drm_mode_object.o
  AR      net/ethtool/built-in.a
  AR      drivers/base/power/built-in.a
  CC      drivers/base/regmap/regmap.o
  AR      fs/nfs_common/built-in.a
  CC      net/ipv4/tcp_fastopen.o
  CC      fs/coredump.o
  CC      drivers/tty/serial/8250/8250_exar.o
  CC      net/mac80211/main.o
  CC      net/netfilter/x_tables.o
  CC      drivers/gpu/drm/drm_modes.o
  CC      net/ipv6/ip6_fib.o
  CC      mm/migrate.o
  CC      net/mac80211/status.o
  CC      net/sunrpc/auth.o
  CC      arch/x86/kernel/apic/msi.o
  CC      kernel/time/timer_migration.o
  CC      drivers/tty/serial/8250/8250_lpss.o
  CC      net/ipv4/tcp_recovery.o
  AR      arch/x86/kernel/apic/built-in.a
  CC      arch/x86/kernel/trace.o
  CC      drivers/gpu/drm/drm_modeset_lock.o
  CC      net/core/selftests.o
  CC      net/netfilter/xt_tcpudp.o
  CC      fs/drop_caches.o
  CC      drivers/tty/serial/8250/8250_mid.o
  CC      net/wireless/scan.o
  CC      net/ipv6/ipv6_sockglue.o
  CC      drivers/base/regmap/regcache.o
  CC      mm/hugetlb_cgroup.o
  CC      arch/x86/kernel/rethook.o
  CC      kernel/time/timekeeping_debug.o
  CC      drivers/gpu/drm/drm_plane.o
  CC      net/netfilter/xt_CONNSECMARK.o
  CC      net/sunrpc/auth_null.o
  CC      net/ipv4/tcp_ulp.o
  CC      fs/fhandle.o
  CC      fs/iomap/trace.o
  CC      drivers/tty/serial/8250/8250_pci.o
  CC      net/mac80211/driver-ops.o
  CC      arch/x86/kernel/vmcore_info_32.o
  CC      fs/iomap/iter.o
  CC      kernel/time/namespace.o
  CC      drivers/base/regmap/regcache-rbtree.o
  CC      mm/early_ioremap.o
  CC      net/core/ptp_classifier.o
  CC      drivers/gpu/drm/drm_prime.o
  CC      net/netfilter/xt_NFLOG.o
  CC      arch/x86/kernel/machine_kexec_32.o
  CC      kernel/uid16.o
  CC      net/sunrpc/auth_tls.o
  CC      kernel/time/namespace_vdso.o
  CC      drivers/base/regmap/regcache-flat.o
  CC      net/ipv6/ndisc.o
  CC      fs/iomap/buffered-io.o
  CC      net/ipv4/tcp_offload.o
  CC      mm/secretmem.o
  CC      net/sunrpc/auth_unix.o
  CC      drivers/tty/serial/8250/8250_pericom.o
  CC      net/core/netprio_cgroup.o
  CC      arch/x86/kernel/kprobes/core.o
  AR      kernel/time/built-in.a
  CC      drivers/gpu/drm/drm_print.o
  CC      drivers/base/regmap/regcache-maple.o
  CC      net/netfilter/xt_SECMARK.o
  CC      net/mac80211/sta_info.o
  CC      kernel/kallsyms.o
  CC      kernel/acct.o
  AR      drivers/tty/serial/8250/built-in.a
  CC      mm/memfd.o
  AR      drivers/tty/serial/built-in.a
  AR      drivers/tty/built-in.a
  CC      net/wireless/nl80211.o
  CC      kernel/vmcore_info.o
  CC      net/sunrpc/svc.o
  CC      drivers/base/regmap/regmap-debugfs.o
  CC      drivers/gpu/drm/drm_property.o
  CC      net/mac80211/wep.o
  CC      net/core/netclassid_cgroup.o
  CC      net/ipv4/tcp_plb.o
  CC      net/netfilter/xt_TCPMSS.o
  CC      fs/iomap/direct-io.o
  CC      arch/x86/kernel/kprobes/opt.o
  CC      net/ipv6/udp.o
  CC      net/netfilter/xt_conntrack.o
  CC      net/core/dst_cache.o
  CC      kernel/elfcorehdr.o
  AR      drivers/base/regmap/built-in.a
  CC      mm/execmem.o
  CC      drivers/base/trace.o
  CC      drivers/gpu/drm/drm_syncobj.o
  CC      drivers/gpu/drm/drm_sysfs.o
  CC      kernel/kexec_core.o
  CC      net/ipv6/raw.o
  AR      arch/x86/kernel/kprobes/built-in.a
  CC      arch/x86/kernel/module.o
  CC      fs/iomap/ioend.o
  CC      net/ipv4/datagram.o
  CC      net/sunrpc/svcsock.o
  AR      mm/built-in.a
  CC      net/wireless/mlme.o
  AR      drivers/base/built-in.a
  CC      net/netfilter/xt_policy.o
  CC      net/ipv4/raw.o
  CC      net/core/gro_cells.o
  CC      arch/x86/kernel/doublefault_32.o
  CC      net/ipv6/icmp.o
  CC      net/ipv6/mcast.o
  CC      drivers/gpu/drm/drm_trace_points.o
  CC      fs/iomap/fiemap.o
  CC      kernel/kexec.o
  CC      net/mac80211/aead_api.o
  CC      net/ipv4/udp.o
  CC      net/netfilter/xt_state.o
  CC      net/core/failover.o
  CC      net/netlabel/netlabel_user.o
  CC      drivers/gpu/drm/drm_vblank.o
  CC      fs/iomap/seek.o
  CC      arch/x86/kernel/early_printk.o
  CC      net/mac80211/wpa.o
  CC      net/sunrpc/svcauth.o
  CC      kernel/cgroup/cgroup.o
  CC      net/ipv4/udp_offload.o
  AR      net/netfilter/built-in.a
  CC      net/rfkill/core.o
  CC      net/core/devmem.o
  CC      fs/iomap/bio.o
  CC      arch/x86/kernel/amd_nb.o
  CC      fs/quota/dquot.o
  CC      net/netlabel/netlabel_kapi.o
  CC      drivers/gpu/drm/drm_vblank_work.o
  CC      fs/quota/quota_v2.o
  CC      net/mac80211/scan.o
  CC      net/rfkill/input.o
  CC      kernel/cgroup/rstat.o
  CC      net/ipv6/reassembly.o
  CC      fs/iomap/swapfile.o
  CC      arch/x86/kernel/amd_node.o
  CC      drivers/gpu/drm/drm_vma_manager.o
  CC      net/ipv4/arp.o
  CC      kernel/utsname.o
  CC      net/sunrpc/svcauth_unix.o
  CC      net/9p/mod.o
  AR      net/core/built-in.a
  AR      net/rfkill/built-in.a
  CC      net/netlabel/netlabel_domainhash.o
  CC      fs/proc/task_mmu.o
  CC      net/wireless/ibss.o
  AR      fs/iomap/built-in.a
  CC      arch/x86/kernel/kvm.o
  CC      drivers/gpu/drm/drm_writeback.o
  CC      drivers/dma-buf/dma-buf.o
  CC      drivers/dma-buf/dma-fence.o
  CC      net/9p/client.o
  CC      fs/quota/quota_tree.o
  CC      net/ipv6/tcp_ipv6.o
  CC      net/ipv4/icmp.o
  CC      drivers/gpu/drm/drm_panel.o
  CC      net/netlabel/netlabel_addrlist.o
  CC      drivers/macintosh/mac_hid.o
  CC      fs/quota/quota.o
  CC      kernel/cgroup/namespace.o
  CC      arch/x86/kernel/kvmclock.o
  CC      net/mac80211/offchannel.o
  CC      net/mac80211/ht.o
  CC      drivers/dma-buf/dma-resv.o
  CC      fs/proc/inode.o
  AR      drivers/macintosh/built-in.a
  CC      drivers/gpu/drm/drm_pci.o
  CC      drivers/gpu/drm/drm_debugfs.o
  CC      net/9p/protocol.o
  CC      net/sunrpc/addr.o
  CC      net/mac80211/agg-tx.o
  CC      kernel/cgroup/cgroup-v1.o
  CC      arch/x86/kernel/paravirt.o
  CC      net/netlabel/netlabel_mgmt.o
  CC      drivers/dma-buf/dma-buf-mapping.o
  CC      fs/proc/root.o
  CC      net/ipv4/devinet.o
  CC      fs/quota/kqid.o
  CC      net/sysctl_net.o
  CC      net/ipv6/ping.o
  CC      net/9p/trans_common.o
  CC      drivers/gpu/drm/drm_debugfs_crc.o
  CC      fs/quota/netlink.o
  CC      arch/x86/kernel/pvclock.o
  CC      net/sunrpc/rpcb_clnt.o
  CC      drivers/dma-buf/sync_file.o
  CC      fs/proc/base.o
  CC      net/9p/trans_fd.o
  CC      kernel/cgroup/freezer.o
  CC      net/netlabel/netlabel_unlabeled.o
  CC      drivers/gpu/drm/drm_panel_orientation_quirks.o
  CC      net/sunrpc/timer.o
  CC      net/sunrpc/xdr.o
  CC      net/sunrpc/sunrpc_syms.o
  CC      arch/x86/kernel/check.o
  AR      drivers/dma-buf/built-in.a
  CC      net/ipv6/exthdrs.o
  CC      fs/kernfs/mount.o
  AR      fs/quota/built-in.a
  CC      fs/kernfs/inode.o
  CC      net/ipv4/af_inet.o
  CC      drivers/gpu/drm/drm_gem_shmem_helper.o
  CC      net/mac80211/agg-rx.o
  CC      net/wireless/sme.o
  CC      arch/x86/kernel/uprobes.o
  CC      kernel/cgroup/legacy_freezer.o
  CC      net/9p/trans_virtio.o
  CC      arch/x86/kernel/perf_regs.o
  CC      net/netlabel/netlabel_cipso_v4.o
  CC      net/netlabel/netlabel_calipso.o
  CC      fs/kernfs/dir.o
  CC      fs/kernfs/file.o
  CC      fs/proc/generic.o
  CC      net/dns_resolver/dns_key.o
  CC      kernel/cgroup/pids.o
  CC      drivers/gpu/drm/drm_atomic_helper.o
  CC      drivers/scsi/scsi.o
  CC      net/ipv6/datagram.o
  CC      arch/x86/kernel/itmt.o
  CC      net/dns_resolver/dns_query.o
  CC      kernel/cgroup/rdma.o
  CC      fs/kernfs/symlink.o
  CC      fs/proc/array.o
  AR      net/9p/built-in.a
  AR      net/netlabel/built-in.a
  CC      kernel/pid_namespace.o
  CC      net/wireless/chan.o
  CC      fs/sysfs/file.o
  CC      net/ipv4/igmp.o
  CC      fs/sysfs/dir.o
  CC      net/sunrpc/cache.o
  CC      arch/x86/kernel/umip.o
  CC      net/mac80211/vht.o
  AR      net/dns_resolver/built-in.a
  CC      fs/sysfs/symlink.o
  CC      kernel/cgroup/cpuset.o
  AR      fs/kernfs/built-in.a
  CC      drivers/scsi/hosts.o
  CC      fs/proc/fd.o
  CC      kernel/stop_machine.o
  CC      fs/proc/proc_tty.o
  CC      kernel/audit.o
  CC      drivers/gpu/drm/drm_atomic_state_helper.o
  CC      net/ipv6/ip6_flowlabel.o
  CC      net/sunrpc/rpc_pipe.o
  CC      arch/x86/kernel/unwind_frame.o
  CC      kernel/cgroup/misc.o
  CC      fs/sysfs/mount.o
  CC      drivers/scsi/scsi_ioctl.o
  CC      drivers/gpu/drm/drm_bridge_helper.o
  CC      net/handshake/alert.o
  CC      fs/proc/cmdline.o
  CC      net/mac80211/he.o
  AR      arch/x86/kernel/built-in.a
  CC      fs/proc/consoles.o
  AR      arch/x86/built-in.a
  CC      drivers/ata/libata-core.o
  CC      net/ipv4/fib_frontend.o
  CC      drivers/gpu/drm/drm_crtc_helper.o
  CC      fs/sysfs/group.o
  CC      kernel/cgroup/debug.o
  CC      net/ipv6/inet6_connection_sock.o
  CC      drivers/net/mii.o
  CC      drivers/scsi/scsicam.o
  CC      net/sunrpc/sysfs.o
  CC      fs/proc/cpuinfo.o
  CC      fs/proc/devices.o
  CC      net/handshake/genl.o
  CC      net/wireless/ethtool.o
  CC      net/wireless/mesh.o
  AR      fs/sysfs/built-in.a
  CC      net/ipv4/fib_semantics.o
  CC      drivers/gpu/drm/drm_damage_helper.o
  CC      drivers/scsi/scsi_error.o
  AR      kernel/cgroup/built-in.a
  CC      kernel/auditfilter.o
  CC      drivers/firewire/init_ohci1394_dma.o
  CC      fs/proc/loadavg.o
  CC      net/ipv4/fib_trie.o
  CC      net/handshake/netlink.o
  CC      drivers/net/loopback.o
  CC      net/ipv6/udp_offload.o
  CC      net/sunrpc/svc_xprt.o
  CC      drivers/gpu/drm/drm_flip_work.o
  CC      net/mac80211/s1g.o
  CC      fs/proc/meminfo.o
  AR      drivers/firewire/built-in.a
  CC      net/sunrpc/xprtmultipath.o
  CC      drivers/net/netconsole.o
  CC      drivers/scsi/scsi_lib.o
  CC      kernel/auditsc.o
  CC      drivers/gpu/drm/drm_gem_atomic_helper.o
  CC      net/handshake/request.o
  CC      drivers/scsi/constants.o
  CC      drivers/scsi/scsi_lib_dma.o
  CC      net/ipv6/seg6.o
  CC      fs/proc/stat.o
  CC      net/wireless/ap.o
  CC      drivers/net/phy/stubs.o
  CC      drivers/net/phy/mdio_bus.o
  CC      drivers/ata/libata-scsi.o
  CC      net/ipv4/fib_notifier.o
  CC      drivers/net/phy/phy.o
  CC      drivers/net/phy/phy-c45.o
  CC      fs/devpts/inode.o
  CC      fs/proc/uptime.o
  CC      drivers/gpu/drm/drm_gem_framebuffer_helper.o
  CC      net/mac80211/ibss.o
  CC      net/ipv6/fib6_notifier.o
  CC      drivers/ata/libata-eh.o
  CC      drivers/scsi/scsi_scan.o
  CC      net/sunrpc/netlink.o
  CC      net/handshake/tlshd.o
  CC      fs/proc/util.o
  CC      kernel/audit_watch.o
  AR      fs/devpts/built-in.a
  CC      net/wireless/trace.o
  CC      drivers/gpu/drm/drm_modeset_helper.o
  CC      fs/netfs/buffered_read.o
  CC      net/ipv4/inet_fragment.o
  CC      fs/proc/version.o
  CC      drivers/cdrom/cdrom.o
  CC      drivers/net/phy/phy-core.o
  CC      net/sunrpc/backchannel_rqst.o
  CC      net/ipv6/rpl.o
  CC      drivers/net/mdio/acpi_mdio.o
  CC      drivers/gpu/drm/drm_plane_helper.o
  CC      net/handshake/trace.o
  CC      drivers/scsi/scsi_sysfs.o
  CC      net/ipv6/ioam6.o
  CC      kernel/audit_fsnotify.o
  CC      fs/proc/softirqs.o
  CC      fs/netfs/buffered_write.o
  CC      drivers/gpu/drm/drm_probe_helper.o
  CC      drivers/net/phy/phy_device.o
  CC      net/ipv4/ping.o
  CC      fs/proc/namespaces.o
  CC      drivers/net/mdio/fwnode_mdio.o
  CC      net/mac80211/iface.o
  CC      net/sunrpc/stats.o
  CC      drivers/ata/libata-transport.o
  CC      kernel/audit_tree.o
  CC      net/ipv6/sysctl_net_ipv6.o
  CC      drivers/scsi/scsi_devinfo.o
  AR      drivers/cdrom/built-in.a
  CC      drivers/pcmcia/cs.o
  AR      net/handshake/built-in.a
  CC      net/wireless/ocb.o
  CC      fs/netfs/direct_read.o
  CC      drivers/pcmcia/socket_sysfs.o
  CC      fs/proc/self.o
  CC      drivers/gpu/drm/drm_self_refresh_helper.o
  AR      drivers/net/mdio/built-in.a
  CC      fs/proc/thread_self.o
  CC      drivers/ata/libata-trace.o
  CC      drivers/scsi/scsi_sysctl.o
  CC      net/ipv6/xfrm6_policy.o
  CC      net/ipv4/ip_tunnel_core.o
  CC      net/ipv4/gre_offload.o
  CC      kernel/kprobes.o
  CC      drivers/gpu/drm/drm_simple_kms_helper.o
  CC      drivers/pcmcia/cardbus.o
  CC      fs/netfs/direct_write.o
  CC      fs/proc/proc_sysctl.o
  CC      drivers/net/phy/linkmode.o
  CC      drivers/pcmcia/ds.o
  CC      net/sunrpc/sysctl.o
  CC      drivers/scsi/scsi_proc.o
  CC      drivers/ata/libata-sata.o
  CC      drivers/gpu/drm/drm_vblank_helper.o
  CC      fs/proc/proc_net.o
  CC      net/ipv6/xfrm6_state.o
  CC      drivers/net/phy/phy_link_topology.o
  CC      fs/netfs/iterator.o
  CC      net/ipv6/xfrm6_input.o
  CC      drivers/scsi/scsi_debugfs.o
  CC      net/mac80211/link.o
  CC      net/ipv4/metrics.o
  CC      drivers/pcmcia/pcmcia_resource.o
  CC      kernel/seccomp.o
  CC      drivers/gpu/drm/bridge/panel.o
  CC      drivers/usb/common/common.o
  CC      net/sunrpc/auth_gss/auth_gss.o
  CC      drivers/usb/core/usb.o
  CC      fs/proc/kcore.o
  CC      drivers/ata/libata-sff.o
  CC      drivers/scsi/scsi_trace.o
  CC      drivers/usb/core/hub.o
  CC      drivers/net/phy/phy_caps.o
  CC      fs/netfs/locking.o
  CC      drivers/pcmcia/cistpl.o
  CC      net/ipv6/xfrm6_output.o
  AR      drivers/usb/common/built-in.a
  CC      net/ipv4/netlink.o
  CC      fs/proc/kmsg.o
  CC      drivers/gpu/drm/display/drm_dp_dual_mode_helper.o
  CC      drivers/usb/core/hcd.o
  CC      fs/proc/page.o
  CC      drivers/scsi/scsi_logging.o
  CC      kernel/relay.o
  CC      drivers/net/phy/mdio_bus_provider.o
  CC      fs/netfs/main.o
  CC      fs/ext4/balloc.o
  CC      drivers/gpu/drm/display/drm_dp_helper.o
  CC      drivers/ata/libata-pmp.o
  CC      net/sunrpc/auth_gss/gss_mech_switch.o
  CC      net/mac80211/rate.o
  CC      net/ipv4/nexthop.o
  CC      drivers/pcmcia/pcmcia_cis.o
  CC      net/ipv6/xfrm6_protocol.o
  AR      fs/proc/built-in.a
  CC      drivers/scsi/scsi_pm.o
  CC      net/mac80211/tkip.o
  CC      kernel/taskstats.o
  CC      drivers/net/phy/phy_port.o
  CC      fs/netfs/misc.o
  CC      drivers/usb/core/urb.o
  CC      drivers/ata/libata-acpi.o
  CC      drivers/pcmcia/rsrc_mgr.o
  CC      net/ipv6/netfilter.o
  CC      drivers/scsi/scsi_bsg.o
  CC      net/sunrpc/auth_gss/svcauth_gss.o
  CC      fs/ext4/bitmap.o
  CC      kernel/tsacct.o
  CC      drivers/net/phy/mdio_device.o
  CC      drivers/ata/libata-pata-timings.o
  CC      drivers/pcmcia/rsrc_nonstatic.o
  CC      drivers/gpu/drm/display/drm_dp_mst_topology.o
  CC      fs/netfs/objects.o
  CC      net/wireless/michael-mic.o
  CC      drivers/gpu/drm/display/drm_dsc_helper.o
  CC      drivers/usb/core/message.o
  CC      kernel/tracepoint.o
  CC      drivers/ata/ahci.o
  CC      drivers/net/phy/mdio_devres.o
  CC      drivers/net/phy/phy_package.o
  CC      fs/ext4/block_validity.o
  CC      drivers/scsi/scsi_transport_spi.o
  CC      net/ipv4/udp_tunnel_stub.o
  CC      net/mac80211/aes_cmac.o
  CC      fs/netfs/read_collect.o
  CC      net/ipv6/proc.o
  CC      kernel/trace/ring_buffer.o
  CC      net/sunrpc/auth_gss/gss_rpc_upcall.o
  CC      drivers/pcmcia/yenta_socket.o
  CC      drivers/scsi/virtio_scsi.o
  CC      fs/ext4/dir.o
  CC      net/wireless/pmsr.o
  CC      fs/jbd2/transaction.o
  CC      drivers/ata/libahci.o
  CC      drivers/net/phy/realtek/realtek_main.o
  CC      net/mac80211/aes_gmac.o
  CC      net/ipv4/sysctl_net_ipv4.o
  CC      fs/netfs/read_pgpriv2.o
  CC      drivers/usb/core/driver.o
  CC      fs/netfs/read_retry.o
  CC      net/ipv6/syncookies.o
  CC      drivers/gpu/drm/display/drm_hdcp_helper.o
  CC      net/sunrpc/auth_gss/gss_rpc_xdr.o
  AR      drivers/pcmcia/built-in.a
  CC      drivers/input/serio/i8042.o
  CC      drivers/scsi/sd.o
  CC      fs/ext4/ext4_jbd2.o
  CC      net/mac80211/fils_aead.o
  CC      drivers/gpu/drm/display/drm_hdmi_helper.o
  CC      drivers/usb/mon/mon_main.o
  CC      fs/netfs/read_single.o
  CC      drivers/usb/core/config.o
  CC      fs/jbd2/commit.o
  CC      net/ipv4/proc.o
  CC      drivers/ata/ata_piix.o
  AR      drivers/net/phy/realtek/built-in.a
  AR      drivers/net/phy/built-in.a
  CC      drivers/net/virtio_net.o
  CC      net/ipv6/calipso.o
  CC      kernel/trace/trace.o
  CC      net/sunrpc/auth_gss/trace.o
  CC      drivers/gpu/drm/display/drm_scdc_helper.o
  CC      drivers/usb/mon/mon_stat.o
  CC      fs/netfs/rolling_buffer.o
  CC      drivers/input/serio/serport.o
  CC      net/mac80211/cfg.o
  CC      drivers/usb/mon/mon_text.o
  CC      drivers/usb/core/file.o
  CC      fs/ext4/extents.o
  CC      net/wireless/shipped-certs.o
  CC      drivers/ata/pata_amd.o
  CC      fs/jbd2/recovery.o
  AR      drivers/gpu/drm/display/built-in.a
  CC      net/ipv4/fib_rules.o
  CC      drivers/usb/mon/mon_bin.o
  CC      drivers/input/serio/libps2.o
  CC      drivers/scsi/sr.o
  CC      drivers/usb/core/buffer.o
  CC      net/ipv6/ah6.o
  CC      drivers/ata/pata_oldpiix.o
  CC      fs/netfs/write_collect.o
  CC      drivers/gpu/drm/ttm/ttm_tt.o
  CC      fs/jbd2/checkpoint.o
  CC      net/sunrpc/auth_gss/gss_krb5_mech.o
  CC      drivers/usb/core/sysfs.o
  CC      net/ipv4/ipmr.o
  AR      net/wireless/built-in.a
  AR      drivers/input/serio/built-in.a
  AR      drivers/usb/mon/built-in.a
  CC      drivers/ata/pata_sch.o
  CC      net/sunrpc/auth_gss/gss_krb5_seal.o
  CC      fs/netfs/write_issue.o
  CC      drivers/scsi/sr_ioctl.o
  CC      drivers/gpu/drm/ttm/ttm_bo.o
  CC      drivers/gpu/drm/ttm/ttm_bo_util.o
  CC      kernel/irq_work.o
  CC      net/ipv6/esp6.o
  CC      fs/jbd2/revoke.o
  CC      drivers/ata/pata_mpiix.o
  CC      drivers/gpu/drm/ttm/ttm_bo_vm.o
  CC      drivers/usb/core/endpoint.o
  CC      kernel/trace/trace_output.o
  CC      drivers/net/ethernet/8390/ne2k-pci.o
  CC      drivers/scsi/sr_vendor.o
  CC      net/sunrpc/auth_gss/gss_krb5_unseal.o
  CC      fs/jbd2/journal.o
  CC      fs/netfs/write_retry.o
  CC      net/mac80211/ethtool.o
  CC      fs/ext4/extents_status.o
  CC      drivers/net/ethernet/8390/8390.o
  CC      drivers/usb/core/devio.o
  CC      drivers/ata/ata_generic.o
  CC      drivers/usb/class/usblp.o
  CC      drivers/usb/host/pci-quirks.o
  CC      drivers/scsi/sg.o
  CC      drivers/gpu/drm/ttm/ttm_module.o
  AR      fs/netfs/built-in.a
  CC      drivers/gpu/drm/ttm/ttm_execbuf_util.o
  CC      drivers/usb/host/ehci-hcd.o
  CC      net/sunrpc/auth_gss/gss_krb5_wrap.o
  CC      net/ipv4/ipmr_base.o
  CC      kernel/trace/trace_seq.o
  AR      drivers/ata/built-in.a
  CC      net/ipv6/netfilter/nf_defrag_ipv6_hooks.o
  CC      net/sunrpc/auth_gss/gss_krb5_crypto.o
  CC      drivers/net/net_failover.o
  AR      drivers/net/ethernet/8390/built-in.a
  AR      drivers/usb/class/built-in.a
  CC      drivers/gpu/drm/ttm/ttm_range_manager.o
  CC      net/mac80211/rx.o
  CC      drivers/net/ethernet/broadcom/bnx2.o
  CC      kernel/trace/trace_stat.o
  AR      fs/jbd2/built-in.a
  CC      fs/ext4/file.o
  AR      drivers/scsi/built-in.a
  CC      net/ipv6/addrconf_core.o
  CC      drivers/net/ethernet/broadcom/tg3.o
  CC      drivers/usb/core/notify.o
  CC      fs/ext4/fsmap.o
  CC      net/ipv6/exthdrs_core.o
  CC      drivers/gpu/drm/ttm/ttm_resource.o
  CC      net/ipv4/syncookies.o
  CC      net/ipv6/netfilter/nf_conntrack_reasm.o
  AR      net/sunrpc/auth_gss/built-in.a
  AR      net/sunrpc/built-in.a
  CC      kernel/trace/trace_printk.o
  CC      drivers/usb/storage/scsiglue.o
  CC      drivers/usb/host/ehci-pci.o
  CC      drivers/usb/core/generic.o
  CC      fs/ramfs/inode.o
  CC      drivers/gpu/drm/i915/i915_driver.o
  CC      drivers/gpu/drm/i915/i915_drm_client.o
  CC      drivers/gpu/drm/ttm/ttm_pool.o
  CC      drivers/gpu/drm/i915/i915_edram.o
  CC      drivers/gpu/drm/i915/i915_freq.o
  CC      drivers/usb/host/ohci-hcd.o
  CC      drivers/usb/core/quirks.o
  CC      drivers/usb/storage/protocol.o
  CC      kernel/trace/trace_pid.o
  CC      net/ipv4/ipconfig.o
  CC      fs/ext4/fsync.o
  CC      fs/ramfs/file-mmu.o
  CC      net/ipv6/netfilter/ip6t_ipv6header.o
  CC      drivers/usb/core/devices.o
  CC      drivers/usb/core/phy.o
  CC      drivers/usb/storage/transport.o
  CC      kernel/trace/pid_list.o
  CC      drivers/gpu/drm/i915/i915_getparam.o
  CC      drivers/gpu/drm/ttm/ttm_device.o
  CC      kernel/bpf/core.o
  AR      fs/ramfs/built-in.a
  CC      drivers/usb/host/ohci-pci.o
  CC      fs/ext4/hash.o
  CC      fs/ext4/ialloc.o
  AR      net/ipv6/netfilter/built-in.a
  CC      drivers/usb/core/port.o
  CC      net/ipv6/ip6_checksum.o
  CC      net/ipv4/netfilter.o
  CC      drivers/usb/storage/usb.o
  CC      drivers/usb/early/ehci-dbgp.o
  CC      drivers/usb/host/uhci-hcd.o
  CC      drivers/gpu/drm/ttm/ttm_backup.o
  CC      kernel/trace/trace_sched_switch.o
  CC      kernel/events/core.o
  CC      drivers/gpu/drm/i915/i915_gmch.o
  CC      drivers/gpu/drm/virtio/virtgpu_drv.o
  CC      net/mac80211/spectmgmt.o
  CC      kernel/events/ring_buffer.o
  CC      drivers/gpu/drm/ttm/ttm_agp_backend.o
  AR      drivers/usb/early/built-in.a
  CC      drivers/usb/core/trace.o
  CC      drivers/usb/storage/initializers.o
  CC      drivers/gpu/drm/virtio/virtgpu_kms.o
  CC      net/ipv6/ip6_icmp.o
  CC      net/ipv4/netfilter/nf_defrag_ipv4.o
  CC      kernel/events/callchain.o
  CC      kernel/trace/trace_nop.o
  CC      drivers/gpu/drm/i915/i915_ioctl.o
  CC      drivers/usb/host/xhci.o
  CC      fs/hugetlbfs/inode.o
  AR      drivers/gpu/drm/ttm/built-in.a
  CC      net/ipv6/output_core.o
  CC      net/mac80211/tx.o
  AR      kernel/bpf/built-in.a
  CC      drivers/usb/storage/sierra_ms.o
  CC      fs/ext4/indirect.o
  CC      drivers/usb/core/hcd-pci.o
  CC      drivers/gpu/drm/virtio/virtgpu_gem.o
  CC      drivers/usb/storage/option_ms.o
  CC      fs/ext4/inline.o
  CC      net/ipv6/protocol.o
  AR      net/ipv4/netfilter/built-in.a
  CC      net/ipv4/tcp_cubic.o
  CC      kernel/trace/blktrace.o
  CC      drivers/gpu/drm/i915/i915_irq.o
  CC      fs/ext4/inode.o
  CC      drivers/usb/storage/usual-tables.o
  CC      drivers/usb/core/usb-acpi.o
  CC      drivers/gpu/drm/virtio/virtgpu_vram.o
  CC      net/ipv6/ip6_offload.o
  AR      fs/hugetlbfs/built-in.a
  CC      drivers/usb/host/xhci-mem.o
  CC      net/mac80211/key.o
  AR      drivers/usb/storage/built-in.a
  AR      drivers/usb/core/built-in.a
  CC      drivers/input/input.o
  CC      drivers/input/input-compat.o
  CC      drivers/gpu/drm/virtio/virtgpu_display.o
  CC      drivers/input/input-mt.o
  CC      drivers/gpu/drm/virtio/virtgpu_vq.o
  AR      drivers/net/ethernet/broadcom/built-in.a
  CC      net/ipv4/cipso_ipv4.o
  CC      drivers/gpu/drm/i915/i915_mitigations.o
  CC      drivers/net/ethernet/intel/e100.o
  CC      kernel/trace/trace_events.o
  CC      drivers/net/ethernet/intel/e1000/e1000_main.o
  CC      drivers/net/ethernet/intel/e1000e/82571.o
  CC      drivers/net/ethernet/intel/e1000e/ich8lan.o
  CC      net/ipv6/exthdrs_offload.o
  CC      fs/fat/cache.o
  CC      drivers/gpu/drm/i915/i915_module.o
  CC      drivers/gpu/drm/virtio/virtgpu_fence.o
  CC      drivers/input/input-poller.o
  CC      drivers/usb/host/xhci-ext-caps.o
  CC      kernel/events/hw_breakpoint.o
  CC      net/ipv4/xfrm4_policy.o
  CC      fs/fat/dir.o
  CC      drivers/input/ff-core.o
  CC      net/ipv6/inet6_hashtables.o
  CC      fs/isofs/namei.o
  CC      drivers/rtc/lib.o
  CC      net/ipv6/mcast_snoop.o
  CC      drivers/usb/host/xhci-ring.o
  CC      drivers/gpu/drm/virtio/virtgpu_object.o
  CC      drivers/gpu/drm/i915/i915_params.o
  CC      net/mac80211/util.o
  CC      kernel/trace/trace_export.o
  CC      drivers/input/touchscreen.o
  CC      fs/ext4/ioctl.o
  CC      drivers/rtc/class.o
  CC      fs/isofs/inode.o
  CC      kernel/events/uprobes.o
  CC      drivers/net/ethernet/intel/e1000e/80003es2lan.o
  CC      net/ipv4/xfrm4_state.o
  CC      drivers/gpu/drm/virtio/virtgpu_debugfs.o
  CC      drivers/net/ethernet/intel/e1000/e1000_hw.o
  CC      drivers/input/touch-overlay.o
  CC      drivers/gpu/drm/i915/i915_pci.o
  CC      fs/fat/fatent.o
  CC      drivers/rtc/interface.o
  CC      fs/nfs/client.o
  CC      kernel/trace/trace_event_perf.o
  AR      net/ipv6/built-in.a
  CC      net/ipv4/xfrm4_input.o
  CC      drivers/gpu/drm/virtio/virtgpu_plane.o
  CC      drivers/input/ff-memless.o
  CC      fs/isofs/dir.o
  CC      fs/nfs/dir.o
  CC      drivers/net/ethernet/intel/e1000e/mac.o
  CC      drivers/usb/host/xhci-hub.o
  CC      kernel/trace/trace_events_filter.o
  CC      drivers/gpu/drm/i915/i915_scatterlist.o
  AR      kernel/events/built-in.a
  CC      fs/fat/file.o
  CC      drivers/gpu/drm/virtio/virtgpu_ioctl.o
  CC      fs/ext4/mballoc.o
  CC      drivers/input/sparse-keymap.o
  CC      fs/isofs/util.o
  CC      kernel/context_tracking.o
  CC      net/ipv4/xfrm4_output.o
  CC      drivers/rtc/nvmem.o
  CC      net/mac80211/parse.o
  CC      drivers/net/ethernet/intel/e1000/e1000_ethtool.o
  CC      drivers/gpu/drm/i915/i915_switcheroo.o
  CC      drivers/input/input-leds.o
  CC      drivers/gpu/drm/virtio/virtgpu_prime.o
  CC      fs/isofs/rock.o
  CC      drivers/rtc/dev.o
  CC      drivers/net/ethernet/intel/e1000e/manage.o
  CC      fs/fat/inode.o
  CC      net/mac80211/wme.o
  CC      kernel/trace/trace_events_trigger.o
  CC      drivers/usb/host/xhci-dbg.o
  CC      net/ipv4/xfrm4_protocol.o
  CC      fs/exportfs/expfs.o
  CC      drivers/input/evdev.o
  CC      drivers/rtc/proc.o
  CC      drivers/gpu/drm/virtio/virtgpu_trace_points.o
  CC      drivers/gpu/drm/i915/i915_sysfs.o
  CC      fs/isofs/export.o
  CC      drivers/usb/host/xhci-trace.o
  CC      drivers/net/ethernet/intel/e1000/e1000_param.o
  CC      drivers/net/ethernet/intel/e1000e/nvm.o
  AR      fs/exportfs/built-in.a
  CC      drivers/input/keyboard/atkbd.o
  CC      fs/fat/misc.o
  CC      fs/nfs/file.o
  CC      drivers/rtc/sysfs.o
  CC      drivers/input/mouse/psmouse-base.o
  CC      drivers/input/mouse/synaptics.o
  CC      fs/isofs/joliet.o
  AR      net/ipv4/built-in.a
  CC      kernel/trace/trace_eprobe.o
  CC      drivers/gpu/drm/virtio/virtgpu_submit.o
  CC      drivers/i2c/i2c-boardinfo.o
  CC      drivers/gpu/drm/i915/i915_utils.o
  CC      net/mac80211/chan.o
  CC      drivers/rtc/rtc-mc146818-lib.o
  AR      drivers/input/keyboard/built-in.a
  CC      fs/fat/nfs.o
  CC      fs/fat/namei_vfat.o
  CC      fs/isofs/compress.o
  AR      drivers/net/ethernet/intel/e1000/built-in.a
  CC      drivers/net/ethernet/intel/e1000e/phy.o
  CC      kernel/iomem.o
  CC      drivers/i2c/i2c-core-base.o
  CC      drivers/input/mouse/focaltech.o
  AR      drivers/gpu/drm/virtio/built-in.a
  CC      drivers/net/ethernet/intel/e1000e/param.o
  CC      fs/ext4/migrate.o
  CC      drivers/rtc/rtc-cmos.o
  CC      fs/ext4/mmp.o
  CC      drivers/gpu/drm/i915/intel_clock_gating.o
  CC      kernel/trace/trace_kprobe.o
  AR      fs/isofs/built-in.a
  CC      net/mac80211/ap.o
  CC      kernel/rseq.o
  CC      drivers/usb/host/xhci-debugfs.o
  CC      fs/lockd/clntlock.o
  CC      drivers/input/mouse/alps.o
  CC      fs/fat/namei_msdos.o
  CC      fs/nfs/getroot.o
  CC      fs/lockd/clntproc.o
  CC      fs/ext4/move_extent.o
  CC      fs/ext4/namei.o
  AR      drivers/rtc/built-in.a
  CC      kernel/trace/error_report-traces.o
  CC      drivers/net/ethernet/intel/e1000e/ethtool.o
  CC      drivers/gpu/drm/i915/intel_device_info.o
  CC      drivers/i2c/i2c-core-smbus.o
  CC      net/mac80211/trace.o
  CC      drivers/usb/host/xhci-pci.o
  AR      fs/fat/built-in.a
  CC      fs/nfs/inode.o
  CC      net/mac80211/mlme.o
  CC      drivers/input/mouse/byd.o
  CC      fs/ext4/page-io.o
  CC      drivers/net/ethernet/intel/e1000e/netdev.o
  CC      drivers/net/ethernet/intel/e1000e/ptp.o
  CC      kernel/trace/power-traces.o
  CC      fs/lockd/clntxdr.o
  CC      drivers/i2c/i2c-core-acpi.o
  CC      drivers/gpu/drm/i915/intel_memory_region.o
  CC      drivers/input/mouse/logips2pp.o
  CC      drivers/gpu/drm/i915/intel_pcode.o
  CC      drivers/i2c/i2c-smbus.o
  AR      drivers/usb/host/built-in.a
  CC      drivers/gpu/drm/i915/intel_region_ttm.o
  AR      drivers/usb/built-in.a
  CC      fs/lockd/host.o
  CC      fs/lockd/svc.o
  CC      kernel/trace/rpm-traces.o
  CC      drivers/input/mouse/lifebook.o
  CC      fs/lockd/svclock.o
  CC      drivers/net/ethernet/marvell/sky2.o
  CC      kernel/trace/trace_dynevent.o
  CC      drivers/i2c/algos/i2c-algo-bit.o
  CC      net/mac80211/tdls.o
  CC      kernel/trace/trace_probe.o
  CC      fs/ext4/readpage.o
  CC      drivers/input/mouse/trackpoint.o
  CC      drivers/gpu/drm/i915/intel_runtime_pm.o
  CC      fs/ext4/resize.o
  CC      fs/nfs/super.o
  CC      drivers/i2c/busses/i2c-i801.o
  CC      fs/ext4/super.o
  CC      fs/lockd/svcshare.o
  AR      drivers/i2c/algos/built-in.a
  CC      drivers/input/mouse/cypress_ps2.o
  CC      fs/lockd/svcproc.o
  CC      fs/nfs/io.o
  CC      kernel/trace/trace_uprobe.o
  CC      drivers/gpu/drm/i915/intel_step.o
  CC      fs/autofs/init.o
  AR      drivers/i2c/busses/built-in.a
  AR      drivers/i2c/built-in.a
  CC      drivers/input/mouse/psmouse-smbus.o
  CC      fs/nfs/direct.o
  AR      drivers/net/ethernet/intel/e1000e/built-in.a
  CC      net/mac80211/ocb.o
  AR      drivers/net/ethernet/intel/built-in.a
  CC      fs/nfs/pagelist.o
  AR      drivers/net/ethernet/marvell/built-in.a
  CC      kernel/trace/rethook.o
  CC      drivers/net/ethernet/nvidia/forcedeth.o
  CC      fs/lockd/svcsubs.o
  CC      fs/lockd/mon.o
  CC      fs/autofs/inode.o
  CC      fs/autofs/root.o
  CC      drivers/gpu/drm/i915/intel_uncore.o
  AR      drivers/input/mouse/built-in.a
  AR      drivers/input/built-in.a
  CC      drivers/pps/pps.o
  CC      fs/9p/vfs_super.o
  CC      fs/autofs/symlink.o
  AR      kernel/trace/built-in.a
  AR      kernel/built-in.a
  CC      net/mac80211/airtime.o
  CC      fs/nfs/read.o
  CC      fs/lockd/trace.o
  CC      drivers/ptp/ptp_clock.o
  CC      fs/autofs/waitq.o
  CC      drivers/pps/kapi.o
  CC      fs/9p/vfs_inode.o
  CC      fs/ext4/symlink.o
  CC      fs/nfs/symlink.o
  CC      fs/lockd/netlink.o
  CC      fs/debugfs/inode.o
  CC      drivers/gpu/drm/i915/intel_uncore_trace.o
  AR      drivers/pps/built-in.a
  CC      fs/ext4/sysfs.o
  CC      fs/autofs/expire.o
  CC      fs/9p/vfs_inode_dotl.o
  CC      drivers/ptp/ptp_chardev.o
  CC      fs/ext4/xattr.o
  CC      fs/nfs/unlink.o
  CC      fs/debugfs/file.o
  AR      drivers/net/ethernet/nvidia/built-in.a
  CC      drivers/net/ethernet/realtek/8139too.o
  CC      drivers/gpu/drm/i915/intel_wakeref.o
  CC      net/mac80211/eht.o
  CC      fs/lockd/nlm3xdr_gen.o
  CC      drivers/net/ethernet/realtek/r8169_main.o
  CC      fs/9p/vfs_addr.o
  CC      fs/nfs/write.o
  CC      fs/ext4/xattr_hurd.o
  CC      fs/autofs/dev-ioctl.o
  CC      drivers/ptp/ptp_sysfs.o
  CC      fs/tracefs/inode.o
  AR      fs/debugfs/built-in.a
  CC      fs/9p/vfs_file.o
  CC      fs/tracefs/event_inode.o
  CC      drivers/gpu/drm/i915/vlv_iosf_sb.o
  CC      fs/nfs/namespace.o
  CC      fs/lockd/clnt4xdr.o
  AR      fs/autofs/built-in.a
  CC      drivers/ptp/ptp_vclock.o
  CC      drivers/hwmon/hwmon.o
  CC      fs/9p/vfs_dir.o
  CC      net/mac80211/uhr.o
  CC      drivers/gpu/drm/i915/vlv_suspend.o
  CC      fs/nfs/mount_clnt.o
  CC      fs/lockd/svc4proc.o
  CC      fs/ext4/xattr_trusted.o
  AR      fs/tracefs/built-in.a
  CC      drivers/thermal/thermal_core.o
  CC      fs/nfs/nfstrace.o
  CC      drivers/ptp/ptp_kvm_x86.o
  CC      drivers/ptp/ptp_kvm_common.o
  CC      drivers/net/ethernet/realtek/r8169_phy_config.o
  CC      drivers/thermal/thermal_helpers.o
  CC      fs/9p/vfs_dentry.o
  CC      fs/lockd/nlm4xdr_gen.o
  CC      fs/9p/v9fs.o
  AR      drivers/hwmon/built-in.a
  CC      fs/9p/fid.o
  CC      net/mac80211/nan.o
  CC      drivers/gpu/drm/i915/i915_mm.o
  CC      fs/ext4/xattr_user.o
  CC      fs/nfs/export.o
  CC      drivers/thermal/thermal_netlink.o
  CC      fs/nfs/sysfs.o
  CC      fs/9p/xattr.o
  AR      drivers/ptp/built-in.a
  CC      fs/ext4/fast_commit.o
  CC      fs/lockd/procfs.o
  CC      drivers/md/md.o
  CC      drivers/md/md-bitmap.o
  CC      fs/nfs/fs_context.o
  CC      net/mac80211/led.o
  CC      drivers/gpu/drm/i915/i915_debugfs.o
  AR      drivers/net/ethernet/realtek/built-in.a
  AR      drivers/net/ethernet/built-in.a
  CC      drivers/md/md-autodetect.o
  CC      drivers/cpufreq/cpufreq.o
  AR      drivers/net/built-in.a
  AR      fs/9p/built-in.a
  CC      fs/ext4/orphan.o
  AR      fs/lockd/built-in.a
  CC      drivers/cpuidle/cpuidle.o
  CC      fs/nfs/nfsroot.o
  CC      drivers/gpu/drm/i915/i915_debugfs_params.o
  CC      drivers/thermal/gov_step_wise.o
  CC      drivers/gpu/drm/i915/i915_pmu.o
  CC      fs/nfs/sysctl.o
  CC      net/mac80211/pm.o
  CC      drivers/thermal/intel/therm_throt.o
  CC      fs/ext4/acl.o
  CC      net/mac80211/rc80211_minstrel_ht.o
  CC      drivers/firmware/dmi_scan.o
  CC      drivers/cpuidle/governors/haltpoll.o
  CC      drivers/gpu/drm/i915/i915_bo.o
  CC      drivers/md/dm.o
  CC      drivers/md/dm-table.o
  CC      drivers/firmware/memmap.o
  CC      drivers/cpufreq/amd-pstate.o
  CC      drivers/md/dm-target.o
  CC      fs/ext4/xattr_security.o
  CC      fs/nfs/nfs3super.o
  AR      drivers/thermal/intel/built-in.a
  CC      fs/nfs/nfs3client.o
  CC      drivers/gpu/drm/i915/i915_display_pc8.o
  AR      drivers/thermal/built-in.a
  CC      drivers/clocksource/acpi_pm.o
  CC      drivers/md/dm-linear.o
  AR      drivers/cpuidle/governors/built-in.a
  AR      drivers/cpuidle/built-in.a
  CC      drivers/cpufreq/amd-pstate-trace.o
  CC      drivers/firmware/efi/efi-bgrt.o
  CC      fs/nfs/nfs3proc.o
  CC      drivers/md/dm-stripe.o
  CC      net/mac80211/wbrf.o
  AR      drivers/clocksource/built-in.a
  CC      drivers/gpu/drm/i915/i915_dpt.o
  AR      fs/ext4/built-in.a
  CC      drivers/cpufreq/intel_pstate.o
  CC      drivers/firmware/efi/efi.o
  CC      drivers/hid/hid-core.o
  CC      fs/nfs/nfs3xdr.o
  CC      drivers/gpu/drm/i915/i915_dsb_buffer.o
  CC      drivers/platform/x86/wmi-bmof.o
  CC      drivers/hid/hid-input.o
  CC      drivers/md/dm-ioctl.o
  CC      fs/nfs/nfs3acl.o
  CC      drivers/firmware/efi/vars.o
  CC      drivers/md/dm-io.o
  CC      drivers/firmware/efi/reboot.o
  CC      drivers/platform/x86/eeepc-laptop.o
  CC      drivers/hid/hid-quirks.o
  CC      drivers/firmware/efi/memattr.o
  CC      drivers/gpu/drm/i915/i915_fb_pin.o
  CC      drivers/platform/wmi/core.o
  CC      drivers/md/dm-kcopyd.o
  AR      net/mac80211/built-in.a
  CC      drivers/hid/hid-debug.o
  AR      net/built-in.a
  CC      fs/nfs/nfs4proc.o
  CC      drivers/hid/hidraw.o
  CC      drivers/nvmem/core.o
  CC      drivers/md/dm-sysfs.o
  CC      drivers/gpu/drm/i915/i915_hdcp_gsc.o
  CC      drivers/firmware/efi/tpm.o
  CC      fs/nfs/nfs4xdr.o
  CC      drivers/platform/x86/p2sb.o
  CC      drivers/md/dm-stats.o
  AR      drivers/cpufreq/built-in.a
  CC      drivers/gpu/drm/i915/i915_initial_plane.o
  CC      drivers/hid/hid-generic.o
  CC      drivers/gpu/drm/i915/i915_overlay.o
  AR      drivers/platform/wmi/built-in.a
  CC      drivers/md/dm-rq.o
  CC      drivers/firmware/efi/memmap.o
  CC      fs/nfs/nfs4state.o
  CC      drivers/firmware/efi/capsule.o
  CC      drivers/md/dm-io-rewind.o
  CC      drivers/gpu/drm/i915/i915_panic.o
  CC      drivers/firmware/efi/esrt.o
  AR      drivers/nvmem/built-in.a
  AR      drivers/platform/x86/built-in.a
  CC      drivers/md/dm-builtin.o
  AR      drivers/platform/built-in.a
  CC      fs/nfs/nfs4renewd.o
  CC      drivers/firmware/efi/runtime-wrappers.o
  CC      drivers/hid/hid-gyration.o
  CC      drivers/gpu/drm/i915/gt/gen2_engine_cs.o
  CC      drivers/firmware/efi/capsule-loader.o
  CC      drivers/hid/hid-ntrig.o
  CC      fs/nfs/nfs4super.o
  CC      drivers/gpu/drm/i915/gt/gen6_engine_cs.o
  CC      drivers/hid/hid-pl.o
  CC      fs/nfs/nfs4file.o
  CC      fs/nfs/delegation.o
  CC      drivers/md/dm-raid1.o
  CC      drivers/firmware/efi/earlycon.o
  CC      drivers/hid/hid-petalynx.o
  CC      fs/nfs/nfs4idmap.o
  CC      drivers/md/dm-log.o
  CC      drivers/gpu/drm/i915/gt/gen6_ppgtt.o
  CC      drivers/hid/hid-samsung.o
  CC      drivers/md/dm-region-hash.o
  CC      fs/nfs/callback.o
  CC      drivers/hid/hid-sony.o
  CC      drivers/gpu/drm/i915/gt/gen7_renderclear.o
  CC      drivers/md/dm-zero.o
  CC      drivers/firmware/efi/libstub/alignedmem.o
  CC      fs/nfs/callback_xdr.o
  CC      drivers/gpu/drm/i915/gt/gen8_engine_cs.o
  CC      fs/nfs/callback_proc.o
  CC      drivers/firmware/efi/libstub/efi-stub-helper.o
  CC      drivers/firmware/efi/libstub/file.o
  AR      drivers/md/built-in.a
  AR      drivers/firmware/efi/built-in.a
  CC      drivers/hid/hid-sunplus.o
  CC      drivers/gpu/drm/i915/gt/gen8_ppgtt.o
  CC      fs/nfs/nfs4namespace.o
  CC      drivers/firmware/efi/libstub/gop.o
  CC      fs/nfs/nfs4getroot.o
  CC      fs/nfs/nfs4client.o
  CC      drivers/hid/hid-topseed.o
  CC      drivers/gpu/drm/i915/gt/intel_breadcrumbs.o
  CC      drivers/firmware/efi/libstub/mem.o
  CC      drivers/firmware/efi/libstub/pci.o
  CC      drivers/hid/usbhid/hid-core.o
  CC      drivers/firmware/efi/libstub/printk.o
  CC      drivers/hid/usbhid/hiddev.o
  CC      drivers/gpu/drm/i915/gt/intel_context.o
  CC      fs/nfs/nfs4session.o
  CC      drivers/firmware/efi/libstub/random.o
  CC      fs/nfs/dns_resolve.o
  CC      drivers/gpu/drm/i915/gt/intel_context_sseu.o
  CC      drivers/firmware/efi/libstub/randomalloc.o
  CC      drivers/hid/usbhid/hid-pidff.o
  CC      drivers/gpu/drm/i915/gt/intel_engine_cs.o
  CC      fs/nfs/nfs4trace.o
  CC      drivers/gpu/drm/i915/gt/intel_engine_heartbeat.o
  CC      fs/nfs/pnfs.o
  CC      drivers/firmware/efi/libstub/secureboot.o
  CC      fs/nfs/pnfs_dev.o
  CC      drivers/gpu/drm/i915/gt/intel_engine_pm.o
  CC      drivers/gpu/drm/i915/gt/intel_engine_user.o
  CC      fs/nfs/pnfs_nfs.o
  CC      fs/nfs/nfs4sysctl.o
  CC      fs/nfs/nfs40client.o
  CC      fs/nfs/nfs40proc.o
  CC      drivers/firmware/efi/libstub/smbios.o
  CC      fs/nfs/filelayout/filelayout.o
  CC      fs/nfs/filelayout/filelayoutdev.o
  CC      fs/nfs/blocklayout/blocklayout.o
  CC      fs/nfs/flexfilelayout/flexfilelayout.o
  AR      drivers/hid/usbhid/built-in.a
  AR      drivers/hid/built-in.a
  CC      drivers/firmware/efi/libstub/tpm.o
  CC      fs/nfs/blocklayout/dev.o
  CC      drivers/firmware/efi/libstub/x86-stub.o
  CC      fs/nfs/blocklayout/extent_tree.o
  CC      fs/nfs/flexfilelayout/flexfilelayoutdev.o
  STUBCPY drivers/firmware/efi/libstub/alignedmem.stub.o
  CC      drivers/gpu/drm/i915/gt/intel_execlists_submission.o
  CC      fs/nfs/blocklayout/rpc_pipefs.o
  STUBCPY drivers/firmware/efi/libstub/efi-stub-helper.stub.o
  CC      drivers/gpu/drm/i915/gt/intel_ggtt.o
  STUBCPY drivers/firmware/efi/libstub/file.stub.o
  CC      drivers/gpu/drm/i915/gt/intel_ggtt_fencing.o
  STUBCPY drivers/firmware/efi/libstub/gop.stub.o
  STUBCPY drivers/firmware/efi/libstub/mem.stub.o
  CC      drivers/gpu/drm/i915/gt/intel_gt.o
  STUBCPY drivers/firmware/efi/libstub/pci.stub.o
  CC      drivers/gpu/drm/i915/gt/intel_gt_buffer_pool.o
  STUBCPY drivers/firmware/efi/libstub/printk.stub.o
  STUBCPY drivers/firmware/efi/libstub/random.stub.o
  STUBCPY drivers/firmware/efi/libstub/randomalloc.stub.o
  STUBCPY drivers/firmware/efi/libstub/secureboot.stub.o
  STUBCPY drivers/firmware/efi/libstub/smbios.stub.o
  CC      drivers/gpu/drm/i915/gt/intel_gt_ccs_mode.o
  STUBCPY drivers/firmware/efi/libstub/tpm.stub.o
  STUBCPY drivers/firmware/efi/libstub/x86-stub.stub.o
  AR      drivers/firmware/efi/libstub/lib.a
  CC      drivers/gpu/drm/i915/gt/intel_gt_clock_utils.o
  AR      drivers/firmware/built-in.a
  CC      drivers/gpu/drm/i915/gt/intel_gt_debugfs.o
  AR      fs/nfs/filelayout/built-in.a
  CC      drivers/gpu/drm/i915/gt/intel_gt_engines_debugfs.o
  CC      drivers/gpu/drm/i915/gt/intel_gt_irq.o
  CC      drivers/gpu/drm/i915/gt/intel_gt_mcr.o
  CC      drivers/gpu/drm/i915/gt/intel_gt_pm.o
  CC      drivers/gpu/drm/i915/gt/intel_gt_pm_debugfs.o
  CC      drivers/gpu/drm/i915/gt/intel_gt_pm_irq.o
  CC      drivers/gpu/drm/i915/gt/intel_gt_requests.o
  AR      fs/nfs/blocklayout/built-in.a
  CC      drivers/gpu/drm/i915/gt/intel_gt_sysfs.o
  CC      drivers/gpu/drm/i915/gt/intel_gt_sysfs_pm.o
  CC      drivers/gpu/drm/i915/gt/intel_gtt.o
  CC      drivers/gpu/drm/i915/gt/intel_llc.o
  AR      fs/nfs/flexfilelayout/built-in.a
  CC      drivers/gpu/drm/i915/gt/intel_lrc.o
  CC      drivers/gpu/drm/i915/gt/intel_migrate.o
  CC      drivers/gpu/drm/i915/gt/intel_mocs.o
  CC      drivers/gpu/drm/i915/gt/intel_ppgtt.o
  CC      drivers/gpu/drm/i915/gt/intel_rc6.o
  AR      fs/nfs/built-in.a
  AR      fs/built-in.a
  CC      drivers/gpu/drm/i915/gt/intel_region_lmem.o
  CC      drivers/gpu/drm/i915/gt/intel_renderstate.o
  CC      drivers/gpu/drm/i915/gt/intel_reset.o
  CC      drivers/gpu/drm/i915/gt/intel_ring.o
  CC      drivers/gpu/drm/i915/gt/intel_ring_submission.o
  CC      drivers/gpu/drm/i915/gt/intel_rps.o
  CC      drivers/gpu/drm/i915/gt/intel_sa_media.o
  CC      drivers/gpu/drm/i915/gt/intel_sseu.o
  CC      drivers/gpu/drm/i915/gt/intel_sseu_debugfs.o
  CC      drivers/gpu/drm/i915/gt/intel_timeline.o
  CC      drivers/gpu/drm/i915/gt/intel_tlb.o
  CC      drivers/gpu/drm/i915/gt/intel_wopcm.o
  CC      drivers/gpu/drm/i915/gt/intel_workarounds.o
  CC      drivers/gpu/drm/i915/gt/shmem_utils.o
  CC      drivers/gpu/drm/i915/gt/sysfs_engines.o
  CC      drivers/gpu/drm/i915/gt/intel_ggtt_gmch.o
  CC      drivers/gpu/drm/i915/gem/i915_gem_busy.o
  CC      drivers/gpu/drm/i915/gem/i915_gem_clflush.o
  CC      drivers/gpu/drm/i915/gem/i915_gem_context.o
  CC      drivers/gpu/drm/i915/gem/i915_gem_create.o
  CC      drivers/gpu/drm/i915/gem/i915_gem_dmabuf.o
  CC      drivers/gpu/drm/i915/gem/i915_gem_domain.o
  CC      drivers/gpu/drm/i915/gem/i915_gem_execbuffer.o
  CC      drivers/gpu/drm/i915/gem/i915_gem_internal.o
  CC      drivers/gpu/drm/i915/gem/i915_gem_lmem.o
  CC      drivers/gpu/drm/i915/gem/i915_gem_mman.o
  CC      drivers/gpu/drm/i915/gem/i915_gem_object.o
  CC      drivers/gpu/drm/i915/gem/i915_gem_object_frontbuffer.o
  CC      drivers/gpu/drm/i915/gem/i915_gem_pages.o
  CC      drivers/gpu/drm/i915/gem/i915_gem_phys.o
  CC      drivers/gpu/drm/i915/gem/i915_gem_pm.o
  CC      drivers/gpu/drm/i915/gem/i915_gem_region.o
  CC      drivers/gpu/drm/i915/gem/i915_gem_shmem.o
  CC      drivers/gpu/drm/i915/gem/i915_gem_shrinker.o
  CC      drivers/gpu/drm/i915/gem/i915_gem_stolen.o
  CC      drivers/gpu/drm/i915/gem/i915_gem_throttle.o
  CC      drivers/gpu/drm/i915/gem/i915_gem_tiling.o
  CC      drivers/gpu/drm/i915/gem/i915_gem_ttm.o
  CC      drivers/gpu/drm/i915/gem/i915_gem_ttm_move.o
  CC      drivers/gpu/drm/i915/gem/i915_gem_ttm_pm.o
  CC      drivers/gpu/drm/i915/gem/i915_gem_userptr.o
  CC      drivers/gpu/drm/i915/gem/i915_gem_wait.o
  CC      drivers/gpu/drm/i915/i915_active.o
  CC      drivers/gpu/drm/i915/i915_cmd_parser.o
  CC      drivers/gpu/drm/i915/i915_deps.o
  CC      drivers/gpu/drm/i915/i915_gem.o
  CC      drivers/gpu/drm/i915/i915_gem_evict.o
  CC      drivers/gpu/drm/i915/i915_gem_gtt.o
  CC      drivers/gpu/drm/i915/i915_gem_ww.o
  CC      drivers/gpu/drm/i915/i915_query.o
  CC      drivers/gpu/drm/i915/i915_request.o
  CC      drivers/gpu/drm/i915/i915_scheduler.o
  CC      drivers/gpu/drm/i915/i915_trace_points.o
  CC      drivers/gpu/drm/i915/i915_ttm_buddy_manager.o
  CC      drivers/gpu/drm/i915/i915_vma.o
  CC      drivers/gpu/drm/i915/i915_vma_resource.o
  CC      drivers/gpu/drm/i915/gt/uc/intel_gsc_fw.o
  CC      drivers/gpu/drm/i915/gt/uc/intel_gsc_proxy.o
  CC      drivers/gpu/drm/i915/gt/uc/intel_gsc_uc.o
  CC      drivers/gpu/drm/i915/gt/uc/intel_gsc_uc_debugfs.o
  CC      drivers/gpu/drm/i915/gt/uc/intel_gsc_uc_heci_cmd_submit.o
  CC      drivers/gpu/drm/i915/gt/uc/intel_guc.o
  CC      drivers/gpu/drm/i915/gt/uc/intel_guc_ads.o
  CC      drivers/gpu/drm/i915/gt/uc/intel_guc_capture.o
  CC      drivers/gpu/drm/i915/gt/uc/intel_guc_ct.o
  CC      drivers/gpu/drm/i915/gt/uc/intel_guc_debugfs.o
  CC      drivers/gpu/drm/i915/gt/uc/intel_guc_fw.o
  CC      drivers/gpu/drm/i915/gt/uc/intel_guc_hwconfig.o
  CC      drivers/gpu/drm/i915/gt/uc/intel_guc_log.o
  CC      drivers/gpu/drm/i915/gt/uc/intel_guc_log_debugfs.o
  CC      drivers/gpu/drm/i915/gt/uc/intel_guc_rc.o
  CC      drivers/gpu/drm/i915/gt/uc/intel_guc_slpc.o
  CC      drivers/gpu/drm/i915/gt/uc/intel_guc_submission.o
  CC      drivers/gpu/drm/i915/gt/uc/intel_huc.o
  CC      drivers/gpu/drm/i915/gt/uc/intel_huc_debugfs.o
  CC      drivers/gpu/drm/i915/gt/uc/intel_huc_fw.o
  CC      drivers/gpu/drm/i915/gt/uc/intel_uc.o
  CC      drivers/gpu/drm/i915/gt/uc/intel_uc_debugfs.o
  CC      drivers/gpu/drm/i915/gt/uc/intel_uc_fw.o
  CC      drivers/gpu/drm/i915/gt/intel_gsc.o
  CC      drivers/gpu/drm/i915/i915_hwmon.o
  CC      drivers/gpu/drm/i915/display/hsw_ips.o
  CC      drivers/gpu/drm/i915/display/i9xx_display_sr.o
  CC      drivers/gpu/drm/i915/display/i9xx_plane.o
  CC      drivers/gpu/drm/i915/display/i9xx_wm.o
  CC      drivers/gpu/drm/i915/display/intel_alpm.o
  CC      drivers/gpu/drm/i915/display/intel_atomic.o
  CC      drivers/gpu/drm/i915/display/intel_audio.o
  CC      drivers/gpu/drm/i915/display/intel_bios.o
  CC      drivers/gpu/drm/i915/display/intel_bo.o
  CC      drivers/gpu/drm/i915/display/intel_bw.o
  CC      drivers/gpu/drm/i915/display/intel_casf.o
  CC      drivers/gpu/drm/i915/display/intel_cdclk.o
  CC      drivers/gpu/drm/i915/display/intel_cmtg.o
  CC      drivers/gpu/drm/i915/display/intel_color.o
  CC      drivers/gpu/drm/i915/display/intel_colorop.o
  CC      drivers/gpu/drm/i915/display/intel_color_pipeline.o
  CC      drivers/gpu/drm/i915/display/intel_combo_phy.o
  CC      drivers/gpu/drm/i915/display/intel_connector.o
  CC      drivers/gpu/drm/i915/display/intel_crtc.o
  CC      drivers/gpu/drm/i915/display/intel_crtc_state_dump.o
  CC      drivers/gpu/drm/i915/display/intel_cursor.o
  CC      drivers/gpu/drm/i915/display/intel_dbuf_bw.o
  CC      drivers/gpu/drm/i915/display/intel_de.o
  CC      drivers/gpu/drm/i915/display/intel_display_clock_gating.o
  CC      drivers/gpu/drm/i915/display/intel_display.o
  CC      drivers/gpu/drm/i915/display/intel_display_driver.o
  CC      drivers/gpu/drm/i915/display/intel_display_irq.o
  CC      drivers/gpu/drm/i915/display/intel_display_power.o
  CC      drivers/gpu/drm/i915/display/intel_display_power_map.o
  CC      drivers/gpu/drm/i915/display/intel_display_power_well.o
  CC      drivers/gpu/drm/i915/display/intel_display_reset.o
  CC      drivers/gpu/drm/i915/display/intel_display_rpm.o
  CC      drivers/gpu/drm/i915/display/intel_display_rps.o
  CC      drivers/gpu/drm/i915/display/intel_display_snapshot.o
  CC      drivers/gpu/drm/i915/display/intel_display_utils.o
  CC      drivers/gpu/drm/i915/display/intel_display_wa.o
  CC      drivers/gpu/drm/i915/display/intel_dmc.o
  CC      drivers/gpu/drm/i915/display/intel_dmc_wl.o
  CC      drivers/gpu/drm/i915/display/intel_dpio_phy.o
  CC      drivers/gpu/drm/i915/display/intel_dpll.o
  CC      drivers/gpu/drm/i915/display/intel_dpll_mgr.o
  CC      drivers/gpu/drm/i915/display/intel_dpt.o
  CC      drivers/gpu/drm/i915/display/intel_dram.o
  CC      drivers/gpu/drm/i915/display/intel_drrs.o
  CC      drivers/gpu/drm/i915/display/intel_dsb.o
  CC      drivers/gpu/drm/i915/display/intel_fb.o
  CC      drivers/gpu/drm/i915/display/intel_fbc.o
  CC      drivers/gpu/drm/i915/display/intel_fdi.o
  CC      drivers/gpu/drm/i915/display/intel_fifo_underrun.o
  CC      drivers/gpu/drm/i915/display/intel_flipq.o
  CC      drivers/gpu/drm/i915/display/intel_frontbuffer.o
  CC      drivers/gpu/drm/i915/display/intel_global_state.o
  CC      drivers/gpu/drm/i915/display/intel_hdcp.o
  CC      drivers/gpu/drm/i915/display/intel_hdcp_gsc_message.o
  CC      drivers/gpu/drm/i915/display/intel_hotplug.o
  CC      drivers/gpu/drm/i915/display/intel_hotplug_irq.o
  CC      drivers/gpu/drm/i915/display/intel_hti.o
  CC      drivers/gpu/drm/i915/display/intel_initial_plane.o
  CC      drivers/gpu/drm/i915/display/intel_link_bw.o
  CC      drivers/gpu/drm/i915/display/intel_load_detect.o
  CC      drivers/gpu/drm/i915/display/intel_lpe_audio.o
  CC      drivers/gpu/drm/i915/display/intel_mchbar.o
  CC      drivers/gpu/drm/i915/display/intel_modeset_lock.o
  CC      drivers/gpu/drm/i915/display/intel_modeset_setup.o
  CC      drivers/gpu/drm/i915/display/intel_modeset_verify.o
  CC      drivers/gpu/drm/i915/display/intel_overlay.o
  CC      drivers/gpu/drm/i915/display/intel_parent.o
  CC      drivers/gpu/drm/i915/display/intel_pch.o
  CC      drivers/gpu/drm/i915/display/intel_pch_display.o
  CC      drivers/gpu/drm/i915/display/intel_pch_refclk.o
  CC      drivers/gpu/drm/i915/display/intel_plane.o
  CC      drivers/gpu/drm/i915/display/intel_pmdemand.o
  CC      drivers/gpu/drm/i915/display/intel_psr.o
  CC      drivers/gpu/drm/i915/display/intel_quirks.o
  CC      drivers/gpu/drm/i915/display/intel_rom.o
  CC      drivers/gpu/drm/i915/display/intel_sbi.o
  CC      drivers/gpu/drm/i915/display/intel_sprite.o
  CC      drivers/gpu/drm/i915/display/intel_sprite_uapi.o
  CC      drivers/gpu/drm/i915/display/intel_tc.o
  CC      drivers/gpu/drm/i915/display/intel_vblank.o
  CC      drivers/gpu/drm/i915/display/intel_vga.o
  CC      drivers/gpu/drm/i915/display/intel_wm.o
  CC      drivers/gpu/drm/i915/display/skl_prefill.o
  CC      drivers/gpu/drm/i915/display/skl_scaler.o
  CC      drivers/gpu/drm/i915/display/skl_universal_plane.o
  CC      drivers/gpu/drm/i915/display/skl_watermark.o
  CC      drivers/gpu/drm/i915/display/vlv_clock.o
  CC      drivers/gpu/drm/i915/display/vlv_sideband.o
  CC      drivers/gpu/drm/i915/display/intel_acpi.o
  CC      drivers/gpu/drm/i915/display/intel_opregion.o
  CC      drivers/gpu/drm/i915/display/intel_display_debugfs.o
  CC      drivers/gpu/drm/i915/display/intel_display_debugfs_params.o
  CC      drivers/gpu/drm/i915/display/intel_pipe_crc.o
  CC      drivers/gpu/drm/i915/display/dvo_ch7017.o
  CC      drivers/gpu/drm/i915/display/dvo_ch7xxx.o
  CC      drivers/gpu/drm/i915/display/dvo_ivch.o
  CC      drivers/gpu/drm/i915/display/dvo_ns2501.o
  CC      drivers/gpu/drm/i915/display/dvo_sil164.o
  CC      drivers/gpu/drm/i915/display/dvo_tfp410.o
  CC      drivers/gpu/drm/i915/display/g4x_dp.o
  CC      drivers/gpu/drm/i915/display/g4x_hdmi.o
  CC      drivers/gpu/drm/i915/display/icl_dsi.o
  CC      drivers/gpu/drm/i915/display/intel_backlight.o
  CC      drivers/gpu/drm/i915/display/intel_crt.o
  CC      drivers/gpu/drm/i915/display/intel_cx0_phy.o
  CC      drivers/gpu/drm/i915/display/intel_ddi.o
  CC      drivers/gpu/drm/i915/display/intel_ddi_buf_trans.o
  CC      drivers/gpu/drm/i915/display/intel_display_device.o
  CC      drivers/gpu/drm/i915/display/intel_display_trace.o
  CC      drivers/gpu/drm/i915/display/intel_dkl_phy.o
  CC      drivers/gpu/drm/i915/display/intel_dp.o
  CC      drivers/gpu/drm/i915/display/intel_dp_aux.o
  CC      drivers/gpu/drm/i915/display/intel_dp_aux_backlight.o
  CC      drivers/gpu/drm/i915/display/intel_dp_hdcp.o
  CC      drivers/gpu/drm/i915/display/intel_dp_link_training.o
  CC      drivers/gpu/drm/i915/display/intel_dp_mst.o
  CC      drivers/gpu/drm/i915/display/intel_dp_test.o
  CC      drivers/gpu/drm/i915/display/intel_dsi.o
  CC      drivers/gpu/drm/i915/display/intel_dsi_dcs_backlight.o
  CC      drivers/gpu/drm/i915/display/intel_dsi_vbt.o
  CC      drivers/gpu/drm/i915/display/intel_dvo.o
  CC      drivers/gpu/drm/i915/display/intel_encoder.o
  CC      drivers/gpu/drm/i915/display/intel_gmbus.o
  CC      drivers/gpu/drm/i915/display/intel_hdmi.o
  CC      drivers/gpu/drm/i915/display/intel_lspcon.o
  CC      drivers/gpu/drm/i915/display/intel_lt_phy.o
  CC      drivers/gpu/drm/i915/display/intel_lvds.o
  CC      drivers/gpu/drm/i915/display/intel_panel.o
  CC      drivers/gpu/drm/i915/display/intel_pfit.o
  CC      drivers/gpu/drm/i915/display/intel_pps.o
  CC      drivers/gpu/drm/i915/display/intel_sdvo.o
  CC      drivers/gpu/drm/i915/display/intel_snps_hdmi_pll.o
  CC      drivers/gpu/drm/i915/display/intel_snps_phy.o
  CC      drivers/gpu/drm/i915/display/intel_tv.o
  CC      drivers/gpu/drm/i915/display/intel_vdsc.o
  CC      drivers/gpu/drm/i915/display/intel_vrr.o
  CC      drivers/gpu/drm/i915/display/vlv_dsi.o
  CC      drivers/gpu/drm/i915/display/vlv_dsi_pll.o
  CC      drivers/gpu/drm/i915/i915_perf.o
  CC      drivers/gpu/drm/i915/pxp/intel_pxp.o
  CC      drivers/gpu/drm/i915/pxp/intel_pxp_huc.o
  CC      drivers/gpu/drm/i915/pxp/intel_pxp_tee.o
  CC      drivers/gpu/drm/i915/i915_gpu_error.o
  CC      drivers/gpu/drm/i915/i915_vgpu.o
  AR      drivers/gpu/drm/i915/built-in.a
  AR      drivers/gpu/drm/built-in.a
  AR      drivers/gpu/built-in.a
  AR      drivers/built-in.a
  AR      built-in.a
  AR      built-in-fixup.a
  COPY    vmlinux.a
  LD      vmlinux.o
  MODPOST vmlinux.symvers
  UPD     include/generated/utsversion.h
  CC      init/version-timestamp.o
  KSYMS   .tmp_vmlinux0.kallsyms.S
  AS      .tmp_vmlinux0.kallsyms.o
  LD      .tmp_vmlinux1
  NM      .tmp_vmlinux1.syms
  KSYMS   .tmp_vmlinux1.kallsyms.S
  AS      .tmp_vmlinux1.kallsyms.o
  LD      .tmp_vmlinux2
  NM      .tmp_vmlinux2.syms
  KSYMS   .tmp_vmlinux2.kallsyms.S
  AS      .tmp_vmlinux2.kallsyms.o
  LD      vmlinux.unstripped
  NM      System.map
  SORTTAB vmlinux.unstripped
  OBJCOPY vmlinux
  GEN     modules.builtin.modinfo
  GEN     modules.builtin
  CC      arch/x86/boot/version.o
  VOFFSET arch/x86/boot/compressed/../voffset.h
  OBJCOPY arch/x86/boot/compressed/vmlinux.bin
  RELOCS  arch/x86/boot/compressed/vmlinux.relocs
  CC      arch/x86/boot/compressed/kaslr.o
  GZIP    arch/x86/boot/compressed/vmlinux.bin.gz
  CC      arch/x86/boot/compressed/misc.o
  MKPIGGY arch/x86/boot/compressed/piggy.S
  AS      arch/x86/boot/compressed/piggy.o
  LD      arch/x86/boot/compressed/vmlinux
  ZOFFSET arch/x86/boot/zoffset.h
  OBJCOPY arch/x86/boot/vmlinux.bin
  AS      arch/x86/boot/header.o
  LD      arch/x86/boot/setup.elf
  OBJCOPY arch/x86/boot/setup.bin
  BUILD   arch/x86/boot/bzImage
Kernel: arch/x86/boot/bzImage is ready  (#9)
make[4]: Leaving directory '/home/benni/git/kernel-test/build/defconfig-i386'
make[3]: Leaving directory '/home/benni/git/linux'
