make[4]: Entering directory '/home/benni/git/linux-stable-rc'
make[5]: Entering directory '/home/benni/git/kernel-test-stable-rc/build/rand500config-riscv'
#
# configuration written to .config
#
Using .config as base
Merging /home/benni/git/linux-stable-rc/kernel/configs/tiny.config
Value of CONFIG_KERNEL_XZ is redefined by fragment /home/benni/git/linux-stable-rc/kernel/configs/tiny.config:
Previous value: # CONFIG_KERNEL_XZ is not set
New value: CONFIG_KERNEL_XZ=y

Value of CONFIG_CC_OPTIMIZE_FOR_SIZE is redefined by fragment /home/benni/git/linux-stable-rc/kernel/configs/tiny.config:
Previous value: # CONFIG_CC_OPTIMIZE_FOR_SIZE is not set
New value: CONFIG_CC_OPTIMIZE_FOR_SIZE=y

Value of CONFIG_LD_DEAD_CODE_DATA_ELIMINATION is redefined by fragment /home/benni/git/linux-stable-rc/kernel/configs/tiny.config:
Previous value: # CONFIG_LD_DEAD_CODE_DATA_ELIMINATION is not set
New value: CONFIG_LD_DEAD_CODE_DATA_ELIMINATION=y

Value of CONFIG_SLUB_TINY is redefined by fragment /home/benni/git/linux-stable-rc/kernel/configs/tiny.config:
Previous value: # CONFIG_SLUB_TINY is not set
New value: CONFIG_SLUB_TINY=y

#
# merged configuration written to .config (needs make)
#
#
# configuration written to .config
#
make[5]: Leaving directory '/home/benni/git/kernel-test-stable-rc/build/rand500config-riscv'
make[4]: Leaving directory '/home/benni/git/linux-stable-rc'
make[4]: Entering directory '/home/benni/git/linux-stable-rc'
make[5]: Entering directory '/tmp/tmp.0siM8CtXg5'
  UPD     /tmp/tmp.0siM8CtXg5/Makefile
  HOSTCC  scripts/basic/fixdep
  HOSTCC  scripts/kconfig/conf.o
  HOSTCC  scripts/kconfig/confdata.o
  HOSTCC  scripts/kconfig/expr.o
  LEX     scripts/kconfig/lexer.lex.c
  YACC    scripts/kconfig/parser.tab.[ch]
  HOSTCC  scripts/kconfig/lexer.lex.o
  HOSTCC  scripts/kconfig/menu.o
  HOSTCC  scripts/kconfig/parser.tab.o
  HOSTCC  scripts/kconfig/preprocess.o
  HOSTCC  scripts/kconfig/symbol.o
  HOSTCC  scripts/kconfig/util.o
  HOSTLD  scripts/kconfig/conf
KCONFIG_SEED=0x2FD67304
#
# configuration written to .config
#
make[5]: Leaving directory '/tmp/tmp.0siM8CtXg5'
make[4]: Leaving directory '/home/benni/git/linux-stable-rc'
make[4]: Entering directory '/home/benni/git/linux-stable-rc'
make[5]: Entering directory '/tmp/tmp.0siM8CtXg5'
.config:8846:warning: override: reassigning to symbol PRINTK
.config:8850:warning: override: reassigning to symbol TTY
.config:8853:warning: override: reassigning to symbol BLK_DEV_INITRD
.config:8857:warning: override: reassigning to symbol BINFMT_ELF
.config:8858:warning: override: reassigning to symbol BINFMT_SCRIPT
.config:8861:warning: override: reassigning to symbol TMPFS
.config:8864:warning: override: reassigning to symbol KERNEL_GZIP
.config:8875:warning: override: reassigning to symbol KERNEL_ZSTD
.config:8878:warning: override: reassigning to symbol MODULES
.config:8881:warning: override: reassigning to symbol DRM
.config:8882:warning: override: reassigning to symbol SOUND
.config:8883:warning: override: reassigning to symbol STAGING
.config:8885:warning: override: reassigning to symbol MEDIA_SUPPORT
.config:8891:warning: override: reassigning to symbol KCOV
.config:8892:warning: override: reassigning to symbol KASAN
.config:8895:warning: override: reassigning to symbol KFENCE
.config:8896:warning: override: reassigning to symbol UBSAN
.config:8909:warning: override: reassigning to symbol KUNIT
#
# configuration written to .config
#
make[5]: Leaving directory '/tmp/tmp.0siM8CtXg5'
make[4]: Leaving directory '/home/benni/git/linux-stable-rc'
make[4]: Entering directory '/home/benni/git/linux-stable-rc'
make[5]: Entering directory '/home/benni/git/kernel-test-stable-rc/build/rand500config-riscv'
.config:1397:warning: override: reassigning to symbol CC_HAS_SANE_FUNCTION_ALIGNMENT
.config:1416:warning: override: reassigning to symbol IOMMU_SUPPORT
.config:1420:warning: override: reassigning to symbol CLONE_BACKWARDS
.config:1422:warning: override: reassigning to symbol STATIC_USERMODEHELPER
.config:1435:warning: override: reassigning to symbol PREEMPTION
.config:1468:warning: override: reassigning to symbol HAVE_FUNCTION_ERROR_INJECTION
.config:1472:warning: override: reassigning to symbol ARCH_RV64I
.config:1480:warning: override: reassigning to symbol ARCH_USE_SYM_ANNOTATIONS
.config:1483:warning: override: reassigning to symbol GAMEPORT
.config:1489:warning: override: reassigning to symbol GENERIC_LIB_DEVMEM_IS_ALLOWED
.config:1490:warning: override: reassigning to symbol INTEL_TH
.config:1496:warning: override: reassigning to symbol RISCV_SCALAR_MISALIGNED
.config:1497:warning: override: reassigning to symbol FS_VERITY
.config:1501:warning: override: reassigning to symbol BLOCK
.config:1504:warning: override: reassigning to symbol RISCV_ISA_ZICBOZ
.config:1537:warning: override: reassigning to symbol RANDSTRUCT_NONE
.config:1539:warning: override: reassigning to symbol ARCH_HAS_MMIOWB
.config:1540:warning: override: reassigning to symbol MFD_TQMX86
.config:1544:warning: override: reassigning to symbol LOCK_MM_AND_FIND_VMA
.config:1549:warning: override: reassigning to symbol ARCH_SUPPORTS_MSEAL_SYSTEM_MAPPINGS
.config:1551:warning: override: reassigning to symbol BINFMT_SCRIPT
.config:1558:warning: override: reassigning to symbol HAVE_ARCH_TRACEHOOK
.config:1560:warning: override: reassigning to symbol HAVE_ARCH_KGDB_QXFER_PKT
.config:1566:warning: override: reassigning to symbol SIOX
.config:1571:warning: override: reassigning to symbol PVPANIC
.config:1576:warning: override: reassigning to symbol IIO
.config:1589:warning: override: reassigning to symbol OF
.config:1629:warning: override: reassigning to symbol HAVE_PERF_USER_STACK_DUMP
.config:1642:warning: override: reassigning to symbol ARCH_WANTS_THP_SWAP
.config:1645:warning: override: reassigning to symbol XILINX_SDFEC
.config:1651:warning: override: reassigning to symbol CMODEL_MEDANY
.config:1659:warning: override: reassigning to symbol SIGNALFD
.config:1660:warning: override: reassigning to symbol PREEMPT_COUNT
.config:1690:warning: override: reassigning to symbol FHANDLE
.config:1698:warning: override: reassigning to symbol PROFILING
.config:1733:warning: override: reassigning to symbol NTSYNC
.config:1738:warning: override: reassigning to symbol ARCH_HAS_NON_OVERLAPPING_ADDRESS_SPACE
.config:1742:warning: override: reassigning to symbol PREEMPT
.config:1754:warning: override: reassigning to symbol PHY_PXA_28NM_USB2
.config:1755:warning: override: reassigning to symbol AUTOFS_FS
.config:1758:warning: override: reassigning to symbol OVERLAY_FS
.config:1760:warning: override: reassigning to symbol GENERIC_SYSCALL
.config:1768:warning: override: reassigning to symbol HAVE_ARCH_SECCOMP_FILTER
.config:1779:warning: override: reassigning to symbol ARCH_PROC_KCORE_TEXT
.config:1795:warning: override: reassigning to symbol LITEX_SOC_CONTROLLER
.config:1799:warning: override: reassigning to symbol CC_HAS_ASM_INLINE
.config:1804:warning: override: reassigning to symbol ARCH_HAS_PREEMPT_LAZY
.config:1808:warning: override: reassigning to symbol ARCH_SUPPORTS_RT
.config:1818:warning: override: reassigning to symbol CC_HAS_ASSUME
.config:1825:warning: override: reassigning to symbol GENERIC_IOREMAP
.config:1830:warning: override: reassigning to symbol MMC
.config:1833:warning: override: reassigning to symbol PRINTK
.config:1859:warning: override: reassigning to symbol MFD_MT6397
.config:1864:warning: override: reassigning to symbol WATCHDOG
.config:1867:warning: override: reassigning to symbol ZONE_DMA32
.config:1893:warning: override: reassigning to symbol PRINTK
.config:1897:warning: override: reassigning to symbol TTY
.config:1900:warning: override: reassigning to symbol BLK_DEV_INITRD
.config:1904:warning: override: reassigning to symbol BINFMT_ELF
.config:1905:warning: override: reassigning to symbol BINFMT_SCRIPT
.config:1911:warning: override: reassigning to symbol KERNEL_GZIP
.config:1919:warning: override: reassigning to symbol FPU
#
# configuration written to .config
#
make[5]: Leaving directory '/home/benni/git/kernel-test-stable-rc/build/rand500config-riscv'
make[4]: Leaving directory '/home/benni/git/linux-stable-rc'
make[4]: Entering directory '/home/benni/git/linux-stable-rc'
make[5]: Entering directory '/home/benni/git/kernel-test-stable-rc/build/rand500config-riscv'
  SYNC    include/config/auto.conf
  CC      kernel/bounds.s
  UPD     include/generated/bounds.h
  CC      arch/riscv/kernel/asm-offsets.s
  UPD     include/generated/asm-offsets.h
  CC      kernel/sched/rq-offsets.s
  LDS     arch/riscv/kernel/vdso/vdso.lds
  AS      arch/riscv/kernel/vdso/rt_sigreturn.o
  CC      arch/riscv/kernel/vdso/vgettimeofday.o
  AS      arch/riscv/kernel/vdso/getcpu.o
  AS      arch/riscv/kernel/vdso/flush_icache.o
  CC      arch/riscv/kernel/vdso/hwprobe.o
  AS      arch/riscv/kernel/vdso/sys_hwprobe.o
  CC      arch/riscv/kernel/vdso/getrandom.o
  AS      arch/riscv/kernel/vdso/note.o
  AS      arch/riscv/kernel/vdso/vgetrandom-chacha.o
  VDSOLD  arch/riscv/kernel/vdso/vdso.so.dbg
  VDSOSYM include/generated/vdso-offsets.h
  GEN     usr/initramfs_data.cpio
  AR      arch/riscv/errata/built-in.a
  CC      block/bdev.o
  CC      block/fops.o
  CC      security/commoncap.o
  CC      arch/riscv/purgatory/purgatory.o
  CC      arch/riscv/purgatory/sha256.o
  AS      arch/riscv/lib/clear_page.o
  CC      init/main.o
  COPY    usr/initramfs_inc_data
  CC      arch/riscv/mm/init.o
  CC      drivers/bus/simple-pm-bus.o
  AS      usr/initramfs_data.o
  CC      drivers/irqchip/irqchip.o
  CC      arch/riscv/lib/csum.o
  AR      usr/built-in.a
  CC      arch/riscv/lib/delay.o
  AS      arch/riscv/kernel/head.o
  CC      kernel/fork.o
  CC      arch/riscv/kernel/soc.o
  CC      arch/riscv/kernel/alternative.o
  CC      fs/open.o
  CC      mm/filemap.o
  CC      lib/argv_split.o
  UPD     init/utsversion-tmp.h
  CC      security/min_addr.o
  AS      arch/riscv/lib/memcpy.o
  AS      arch/riscv/lib/memmove.o
  AS      arch/riscv/purgatory/entry.o
  CC      lib/buildid.o
  AS      arch/riscv/lib/memset.o
  CC      drivers/irqchip/irq-msi-lib.o
  CC      arch/riscv/lib/riscv_v_helpers.o
  AR      drivers/bus/built-in.a
  CC      drivers/irqchip/irq-riscv-intc.o
  CC      arch/riscv/purgatory/string.o
  CC      drivers/irqchip/irq-riscv-aplic-main.o
  CC      arch/riscv/kernel/cpu.o
  AS      arch/riscv/purgatory/memcpy.o
  AS      arch/riscv/purgatory/memset.o
  CC      kernel/exec_domain.o
  AS      arch/riscv/purgatory/strcmp.o
  CC      fs/read_write.o
  AS      arch/riscv/purgatory/strlen.o
  AS      arch/riscv/purgatory/strncmp.o
  AS      arch/riscv/purgatory/strnlen.o
  AR      security/built-in.a
  CC      mm/mempool.o
  CC      arch/riscv/mm/extable.o
  AS      arch/riscv/purgatory/strchr.o
  CC      block/bio.o
  AS      arch/riscv/purgatory/strrchr.o
  CC      init/do_mounts.o
  LD      arch/riscv/purgatory/purgatory.ro
  LD      arch/riscv/purgatory/purgatory.chk
  AS      arch/riscv/lib/strchr.o
  AS      arch/riscv/purgatory/kexec-purgatory.o
  AS      arch/riscv/lib/strcmp.o
  AR      arch/riscv/purgatory/built-in.a
  CC      drivers/phy/phy-core.o
  CC      block/elevator.o
  AS      arch/riscv/lib/strlen.o
  AS      arch/riscv/lib/strncmp.o
  CC      lib/cmdline.o
  AS      arch/riscv/lib/strnlen.o
  CC      arch/riscv/kernel/cpufeature.o
  CC      kernel/panic.o
  AS      arch/riscv/lib/strrchr.o
  AS      arch/riscv/lib/uaccess.o
  CC      arch/riscv/mm/fault.o
  AS      arch/riscv/lib/uaccess_vector.o
  AR      arch/riscv/lib/lib.a
  CC      lib/dec_and_lock.o
  AR      drivers/phy/allwinner/built-in.a
  CC      drivers/irqchip/irq-riscv-aplic-direct.o
  CC      init/do_mounts_initrd.o
  CC      drivers/irqchip/irq-riscv-aplic-msi.o
  CC      fs/file_table.o
  CC      arch/riscv/mm/pageattr.o
  CC      lib/decompress_bunzip2.o
  AS      arch/riscv/kernel/entry.o
  CC      mm/oom_kill.o
  CC      lib/decompress_inflate.o
  CC      arch/riscv/kernel/irq.o
  CC      kernel/cpu.o
  CC      drivers/phy/marvell/phy-pxa-28nm-usb2.o
  CC      fs/super.o
  CC      fs/char_dev.o
  CC      arch/riscv/mm/pgtable.o
  CC      mm/fadvise.o
  CC      lib/decompress_unlz4.o
  CC      init/initramfs.o
  CC      fs/stat.o
  CC      kernel/exit.o
  CC      block/blk-core.o
  CC      drivers/irqchip/irq-riscv-imsic-state.o
  CC      lib/decompress_unlzma.o
  CC      drivers/pci/of.o
  CC      arch/riscv/kernel/process.o
  CC      init/calibrate.o
  AR      drivers/phy/marvell/built-in.a
  CC      arch/riscv/mm/tlbflush.o
  CC      init/init_task.o
  CC      drivers/irqchip/irq-riscv-imsic-early.o
  AR      drivers/phy/built-in.a
  CC      mm/maccess.o
  CC      drivers/irqchip/irq-riscv-imsic-platform.o
  CC      drivers/video/console/dummycon.o
  CC      lib/decompress_unlzo.o
  CC      fs/exec.o
  CC      fs/pipe.o
  CC      block/blk-sysfs.o
  CC      mm/page-writeback.o
  CC      arch/riscv/kernel/ptrace.o
  AR      drivers/pci/built-in.a
  CC      drivers/irqchip/irq-sifive-plic.o
  CC      fs/namei.o
  CC      arch/riscv/mm/cacheflush.o
  CC      lib/decompress_unxz.o
  CC      init/version.o
  AR      drivers/video/console/built-in.a
  CC      kernel/softirq.o
  CC      block/blk-flush.o
  AR      drivers/video/built-in.a
  CC      fs/fcntl.o
  CC      arch/riscv/kernel/reset.o
  CC      block/blk-settings.o
  AR      drivers/char/ipmi/built-in.a
  CC      lib/decompress_unzstd.o
  CC      arch/riscv/kernel/return_address.o
  CC      mm/folio-compat.o
  CC      lib/dump_stack.o
  AR      init/built-in.a
  CC      block/blk-ioc.o
  CC      arch/riscv/mm/context.o
  CC      kernel/resource.o
  AR      drivers/irqchip/built-in.a
  CC      fs/ioctl.o
  CC      arch/riscv/kernel/setup.o
  CC      drivers/clk/clk-devres.o
  CC      block/blk-map.o
  CC      drivers/clk/clk-bulk.o
  CC      drivers/soc/litex/litex_soc_ctrl.o
  CC      kernel/sysctl.o
  CC      block/blk-merge.o
  CC      arch/riscv/kernel/signal.o
  CC      arch/riscv/mm/pmem.o
  CC      lib/earlycpio.o
  CC      mm/readahead.o
  CC      arch/riscv/kernel/syscall_table.o
  CC      lib/extable.o
  CC      mm/swap.o
  CC      drivers/tty/tty_io.o
  CC      drivers/clk/clkdev.o
  AR      drivers/soc/litex/built-in.a
  CC      mm/truncate.o
  CC      mm/vmscan.o
  AR      drivers/soc/sunxi/built-in.a
  AR      drivers/soc/built-in.a
  CC      fs/readdir.o
  CC      drivers/char/mem.o
  CC      mm/shrinker.o
  CC      kernel/capability.o
  AR      arch/riscv/mm/built-in.a
  CC      block/blk-timeout.o
  CC      lib/flex_proportions.o
  CC      drivers/tty/n_tty.o
  CC      block/blk-lib.o
  CC      arch/riscv/kernel/sys_riscv.o
  CC      drivers/clk/clk.o
  CC      fs/select.o
  CC      drivers/clk/clk-divider.o
  CC      lib/idr.o
  CC      block/blk-mq.o
  CC      kernel/ptrace.o
  CC      drivers/char/random.o
  CC      mm/shmem.o
  CC      arch/riscv/kernel/sys_hwprobe.o
  CC      fs/dcache.o
  CC      drivers/tty/tty_ioctl.o
  CC      arch/riscv/kernel/time.o
  CC      drivers/clk/clk-fixed-factor.o
  CC      lib/iomem_copy.o
  CC      drivers/iommu/iommufd/device.o
  CC      drivers/iommu/riscv/iommu.o
  CC      drivers/iommu/generic_pt/fmt/iommu_riscv64.o
  CC      drivers/iommu/riscv/iommu-platform.o
  CC      lib/irq_regs.o
  CC      mm/util.o
  CC      drivers/iommu/iommu.o
  CC      drivers/tty/tty_ldisc.o
  CC      drivers/iommu/iommu-pages.o
  CC      arch/riscv/kernel/traps.o
  CC      block/blk-mq-tag.o
  CC      drivers/clk/clk-fixed-rate.o
  CC      kernel/user.o
  CC      lib/is_single_threaded.o
  CC      drivers/char/misc.o
  CC      drivers/iommu/iommufd/eventq.o
  CC      lib/klist.o
  AR      drivers/iommu/generic_pt/fmt/built-in.a
  CC      drivers/clk/clk-gate.o
  CC      fs/inode.o
  CC      drivers/clk/clk-multiplier.o
  CC      drivers/tty/tty_buffer.o
  CC      mm/mmzone.o
  CC      block/blk-mq-dma.o
  CC      kernel/signal.o
  CC      lib/kobject.o
  AR      drivers/char/built-in.a
  CC      drivers/tty/tty_port.o
  CC      drivers/iommu/iommufd/hw_pagetable.o
  CC      drivers/tty/tty_mutex.o
  CC      arch/riscv/kernel/riscv_ksyms.o
  AR      drivers/iommu/riscv/built-in.a
  CC      block/blk-stat.o
  CC      drivers/iommu/iommufd/io_pagetable.o
  CC      lib/kobject_uevent.o
  CC      drivers/clk/clk-mux.o
  CC      mm/vmstat.o
  CC      arch/riscv/kernel/stacktrace.o
  CC      drivers/iommu/iommu-traces.o
  CC      drivers/iommu/iommufd/ioas.o
  CC      drivers/tty/tty_ldsem.o
  CC      lib/logic_pio.o
  CC      fs/attr.o
  CC      fs/bad_inode.o
  CC      kernel/sys.o
  CC      block/blk-mq-sysfs.o
  CC      drivers/clk/clk-composite.o
  CC      drivers/tty/tty_baudrate.o
  CC      mm/backing-dev.o
  CC      arch/riscv/kernel/cacheinfo.o
  CC      arch/riscv/kernel/patch.o
  CC      kernel/umh.o
  CC      drivers/base/component.o
  CC      drivers/base/core.o
  CC      block/blk-mq-cpumap.o
  CC      lib/maple_tree.o
  CC      block/blk-mq-sched.o
  CC      drivers/iommu/iommufd/main.o
  CC      fs/file.o
  CC      drivers/clk/clk-fractional-divider.o
  CC      drivers/tty/tty_jobctrl.o
  CC      drivers/base/bus.o
  CC      drivers/tty/n_null.o
  CC      arch/riscv/kernel/vendor_extensions.o
  CC      block/ioctl.o
  AR      arch/riscv/kernel/vendor_extensions/built-in.a
  CC      lib/memcat_p.o
  CC      mm/mm_init.o
  CC      drivers/iommu/iommu-sysfs.o
  CC      arch/riscv/kernel/vdso.o
  CC      block/genhd.o
  CC      kernel/workqueue.o
  CC      drivers/base/dd.o
  CC      drivers/iommu/iommufd/pages.o
  CC      drivers/iommu/iommufd/vfio_compat.o
  CC      drivers/clk/clk-gpio.o
  CC      drivers/base/syscore.o
  CC      drivers/tty/pty.o
  CC      drivers/clk/clk-conf.o
  CC      kernel/pid.o
  OBJCOPY arch/riscv/kernel/vdso/vdso.so
  AS      arch/riscv/kernel/vdso/vdso.o
  CC      drivers/misc/xilinx_sdfec.o
  AR      arch/riscv/kernel/vdso/built-in.a
  CC      arch/riscv/kernel/traps_misaligned.o
  CC      block/ioprio.o
  CC      block/badblocks.o
  CC      fs/filesystems.o
  CC      lib/nmi_backtrace.o
  CC      mm/percpu.o
  CC      fs/namespace.o
  CC      drivers/iommu/of_iommu.o
  CC      drivers/misc/ntsync.o
  CC      drivers/base/driver.o
  AR      drivers/clk/sunxi-ng/built-in.a
  AR      drivers/clk/xilinx/built-in.a
  AR      drivers/clk/built-in.a
  CC      kernel/task_work.o
  CC      drivers/tty/vt/vt_ioctl.o
  CC      drivers/iommu/iommufd/viommu.o
  CC      drivers/base/class.o
  CC      lib/objpool.o
  CC      block/partitions/core.o
  CC      fs/seq_file.o
  CC      arch/riscv/kernel/unaligned_access_speed.o
  CC      mm/slab_common.o
  CC      drivers/mfd/tqmx86.o
  CC      drivers/mfd/mfd-core.o
  AR      drivers/misc/built-in.a
  CC      kernel/extable.o
  CC      drivers/mfd/mt6397-core.o
  CC      drivers/tty/serial/serial_core.o
  CC      drivers/mfd/mt6397-irq.o
  CC      lib/plist.o
  CC      drivers/iommu/iommufd/driver.o
  CC      lib/radix-tree.o
  CC      drivers/tty/vt/vc_screen.o
  CC      fs/xattr.o
  AS      arch/riscv/kernel/copy-unaligned.o
  CC      drivers/base/platform.o
  AS      arch/riscv/kernel/vec-copy-unaligned.o
  AS      arch/riscv/kernel/fpu.o
  CC      lib/ratelimit.o
  CC      drivers/tty/vt/selection.o
  CC      arch/riscv/kernel/kernel_mode_fpu.o
  CC      mm/compaction.o
  CC      block/partitions/msdos.o
  CC      drivers/tty/vt/keyboard.o
  CC      drivers/base/cpu.o
  CC      drivers/mfd/mt6358-irq.o
  CC      kernel/params.o
  CC      lib/rbtree.o
  CC      arch/riscv/kernel/vector.o
  AR      drivers/iommu/iommufd/built-in.a
  AR      drivers/iommu/built-in.a
  CC      drivers/tty/vt/vt.o
  CC      fs/libfs.o
  CC      drivers/tty/vt/defkeymap.o
  CC      drivers/tty/serial/serial_base_bus.o
  CC      lib/seq_buf.o
  CC      drivers/scsi/scsi.o
  CC      drivers/scsi/hosts.o
  CC      mm/show_mem.o
  CC      drivers/base/firmware.o
  CC      block/partitions/efi.o
  AR      drivers/mfd/built-in.a
  CC      arch/riscv/kernel/kernel_mode_vector.o
  CC      fs/fs-writeback.o
  CC      kernel/kthread.o
  CC      block/blk-rq-qos.o
  CC      block/disk-events.o
  CC      lib/siphash.o
  CC      fs/pnode.o
  CC      drivers/base/init.o
  CC      drivers/base/map.o
  CC      drivers/tty/serial/serial_ctrl.o
  CC      lib/string.o
  CC      arch/riscv/kernel/perf_regs.o
  CC      mm/interval_tree.o
  CC      arch/riscv/kernel/sbi.o
  CC      drivers/scsi/scsi_ioctl.o
  AR      block/partitions/built-in.a
  CC      block/blk-ia-ranges.o
  CC      drivers/ata/libata-core.o
  CC      lib/sys_info.o
  CC      lib/timerqueue.o
  CC      drivers/tty/vt/consolemap.o
  CC      kernel/nsproxy.o
  CC      lib/vsprintf.o
  CC      lib/win_minmax.o
  CC      drivers/base/devres.o
  CC      fs/splice.o
  CC      drivers/tty/serial/serial_port.o
  CC      fs/sync.o
  CC      drivers/scsi/scsicam.o
  CC      arch/riscv/kernel/sbi_ecall.o
  CC      drivers/target/target_core_configfs.o
  CC      block/early-lookup.o
  CC      drivers/ata/libata-scsi.o
  CC      mm/list_lru.o
  CC      lib/xarray.o
  CC      lib/lockref.o
  CC      drivers/base/attribute_container.o
  AR      drivers/tty/vt/built-in.a
  CC      kernel/nstree.o
  CC      drivers/tty/serial/earlycon.o
  CC      fs/utimes.o
  CC      drivers/scsi/scsi_error.o
  CC      drivers/target/target_core_device.o
  CC      arch/riscv/kernel/efi.o
  CC      drivers/tty/serial/8250/8250_core.o
  CC      block/bsg.o
  CC      mm/workingset.o
  CC      drivers/tty/serial/altera_jtaguart.o
  CC      block/mq-deadline.o
  CC      drivers/base/transport_class.o
  CC      drivers/tty/serial/8250/8250_platform.o
  CC      fs/d_path.o
  CC      arch/riscv/kernel/pi/cmdline_early.o
  CC      lib/sort.o
  CC      lib/parser.o
  CC      kernel/nscommon.o
  CC      arch/riscv/kernel/bugs.o
  CC      mm/debug.o
  CC      lib/debug_locks.o
  CC      drivers/base/topology.o
  CC      drivers/scsi/scsi_lib.o
  CC      drivers/tty/serial/digicolor-usart.o
  CC      kernel/notifier.o
  CC      fs/stack.o
  CC      drivers/ata/libata-eh.o
  CC      arch/riscv/kernel/pi/string.o
  LDS     arch/riscv/kernel/vmlinux.lds
  CC      fs/fs_struct.o
  CC      lib/random32.o
  CC      block/kyber-iosched.o
  CC      drivers/target/target_core_fabric_configfs.o
  CC      arch/riscv/kernel/pi/archrandom_early.o
  CC      mm/gup.o
  CC      drivers/tty/serial/8250/8250_port.o
  OBJCOPY arch/riscv/kernel/pi/cmdline_early.pi.o
  OBJCOPY arch/riscv/kernel/pi/string.pi.o
  OBJCOPY arch/riscv/kernel/pi/archrandom_early.pi.o
  AR      arch/riscv/kernel/pi/built-in.a
  CC      drivers/target/target_core_fabric_lib.o
  AR      arch/riscv/kernel/built-in.a
  AR      arch/riscv/built-in.a
  CC      mm/mmap_lock.o
  CC      drivers/base/container.o
  CC      drivers/tty/serial/sifive.o
  CC      lib/bust_spinlocks.o
  CC      drivers/ata/libata-transport.o
  CC      kernel/ksysfs.o
  CC      mm/vma_init.o
  CC      drivers/tty/serial/8250/8250_early.o
  CC      drivers/scsi/scsi_lib_dma.o
  CC      fs/statfs.o
  CC      drivers/base/property.o
  CC      block/bfq-iosched.o
  CC      lib/kasprintf.o
  CC      drivers/target/target_core_hba.o
  CC      drivers/target/target_core_pr.o
  CC      kernel/cred.o
  CC      drivers/base/cacheinfo.o
  CC      kernel/reboot.o
  CC      kernel/async.o
  CC      drivers/tty/serial/8250/8250_of.o
  CC      drivers/ata/libata-trace.o
  CC      drivers/scsi/scsi_scan.o
  CC      lib/bitmap.o
  CC      mm/highmem.o
  CC      fs/fs_pin.o
  CC      drivers/base/swnode.o
  CC      kernel/smpboot.o
  CC      block/bfq-wf2q.o
  CC      mm/memory.o
  AR      drivers/tty/serial/8250/built-in.a
  AR      drivers/tty/serial/built-in.a
  AR      drivers/tty/built-in.a
  GEN     drivers/scsi/scsi_devinfo_tbl.c
  CC      drivers/ata/libata-sata.o
  CC      drivers/base/faux.o
  CC      drivers/target/target_core_alua.o
  CC      fs/nsfs.o
  CC      drivers/scsi/scsi_devinfo.o
  CC      drivers/base/power/clock_ops.o
  CC      block/bfq-cgroup.o
  CC      fs/fs_dirent.o
  CC      kernel/ucount.o
  CC      drivers/scsi/scsi_trace.o
  CC      lib/scatterlist.o
  CC      mm/mincore.o
  CC      lib/list_sort.o
  CC      fs/fs_context.o
  CC      drivers/ata/libata-sff.o
  CC      kernel/regset.o
  CC      mm/mlock.o
  AR      drivers/base/power/built-in.a
  CC      drivers/target/target_core_tmr.o
  CC      drivers/base/firmware_loader/builtin/main.o
  CC      drivers/scsi/scsi_logging.o
  CC      drivers/scsi/scsi_bsg.o
  AR      block/built-in.a
  CC      fs/fs_parser.o
  CC      drivers/scsi/scsi_common.o
  CC      kernel/ksyms_common.o
  CC      lib/uuid.o
  CC      drivers/base/platform-msi.o
  CC      drivers/base/arch_topology.o
  AR      drivers/base/firmware_loader/builtin/built-in.a
  AR      drivers/base/firmware_loader/built-in.a
  CC      drivers/scsi/raid_class.o
  CC      mm/mmap.o
  CC      lib/iov_iter.o
  CC      drivers/target/target_core_tpg.o
  CC      drivers/input/serio/serio.o
  CC      lib/clz_ctz.o
  CC      drivers/scsi/scsi_sysfs.o
  CC      drivers/ata/libata-pmp.o
  CC      drivers/input/serio/serport.o
  CC      fs/fsopen.o
  CC      fs/init.o
  CC      kernel/locking/mutex.o
  CC      kernel/sched/core.o
  CC      kernel/locking/semaphore.o
  CC      kernel/sched/fair.o
  AR      drivers/base/built-in.a
  CC      kernel/locking/rwsem.o
  CC      drivers/input/serio/libps2.o
  CC      drivers/ata/ahci_platform.o
  CC      kernel/sched/build_policy.o
  CC      kernel/sched/build_utility.o
  CC      mm/mmu_gather.o
  CC      drivers/target/target_core_transport.o
  CC      fs/kernel_read_file.o
  CC      kernel/locking/percpu-rwsem.o
  CC      lib/bsearch.o
  CC      fs/mnt_idmapping.o
  CC      drivers/input/gameport/gameport.o
  CC      lib/find_bit.o
  CC      fs/remap_range.o
  AR      drivers/scsi/built-in.a
  CC      drivers/input/serio/arc_ps2.o
  CC      drivers/ata/libahci.o
  CC      drivers/target/target_core_sbc.o
  CC      mm/mprotect.o
  AR      kernel/locking/built-in.a
  CC      kernel/power/qos.o
  CC      kernel/printk/printk.o
  CC      lib/llist.o
  CC      kernel/irq/irqdesc.o
  CC      mm/mremap.o
  AR      drivers/input/gameport/built-in.a
  AR      drivers/input/serio/built-in.a
  CC      drivers/ata/libahci_platform.o
  CC      drivers/input/input.o
  CC      lib/lwq.o
  CC      drivers/input/input-compat.o
  CC      fs/pidfs.o
  CC      lib/memweight.o
  CC      lib/kfifo.o
  CC      fs/file_attr.o
  CC      fs/fserror.o
  AR      kernel/power/built-in.a
  CC      mm/msync.o
  CC      kernel/printk/printk_safe.o
  CC      kernel/irq/handle.o
  CC      kernel/irq/manage.o
  CC      kernel/irq/spurious.o
  CC      drivers/target/target_core_spc.o
  CC      drivers/input/input-mt.o
  AR      drivers/ata/built-in.a
  CC      kernel/rcu/update.o
  CC      kernel/rcu/sync.o
  CC      lib/percpu-refcount.o
  CC      kernel/printk/nbcon.o
  AR      kernel/sched/built-in.a
  CC      kernel/rcu/srcutree.o
  CC      kernel/rcu/tree.o
  CC      kernel/printk/printk_ringbuffer.o
  CC      kernel/irq/resend.o
  CC      kernel/rcu/rcu_segcblist.o
  CC      kernel/irq/chip.o
  CC      fs/nullfs.o
  CC      mm/page_vma_mapped.o
  CC      drivers/input/input-poller.o
  CC      drivers/target/target_core_ua.o
  CC      lib/rhashtable.o
  CC      mm/pagewalk.o
  CC      fs/anon_inodes.o
  CC      fs/signalfd.o
  CC      drivers/target/target_core_rd.o
  AR      kernel/printk/built-in.a
  CC      drivers/input/ff-core.o
  CC      mm/pgtable-generic.o
  CC      mm/rmap.o
  CC      fs/verity/enable.o
  CC      drivers/watchdog/watchdog_core.o
  AR      drivers/md/built-in.a
  CC      drivers/watchdog/watchdog_dev.o
  CC      drivers/watchdog/dw_wdt.o
  CC      fs/verity/hash_algs.o
  CC      fs/binfmt_script.o
  CC      kernel/irq/dummychip.o
  CC      drivers/input/touchscreen.o
  CC      drivers/target/target_core_stat.o
  CC      lib/base64.o
  CC      drivers/opp/core.o
  CC      drivers/mmc/core/core.o
  CC      drivers/ufs/core/ufshcd.o
  AR      drivers/ufs/host/built-in.a
  CC      drivers/mmc/core/bus.o
  CC      drivers/target/target_core_xcopy.o
  CC      lib/once.o
  CC      fs/verity/init.o
  CC      kernel/irq/devres.o
  CC      drivers/firmware/efi/efi.o
  CC      drivers/mmc/core/host.o
  CC      drivers/firmware/efi/vars.o
  CC      drivers/watchdog/max63xx_wdt.o
  CC      drivers/input/touch-overlay.o
  CC      mm/vmalloc.o
  CC      drivers/opp/cpu.o
  CC      lib/refcount.o
  CC      drivers/target/target_core_pscsi.o
  CC      fs/verity/measure.o
  CC      kernel/irq/kexec.o
  AR      drivers/watchdog/built-in.a
  CC      fs/verity/open.o
  AR      kernel/rcu/built-in.a
  CC      fs/binfmt_elf.o
  CC      drivers/ufs/core/ufs-sysfs.o
  CC      kernel/irq/irqdomain.o
  CC      lib/rcuref.o
  CC      lib/usercopy.o
  CC      drivers/input/vivaldi-fmap.o
  CC      drivers/firmware/efi/reboot.o
  CC      fs/verity/pagecache.o
  CC      drivers/mmc/core/mmc.o
  CC      mm/vma.o
  CC      drivers/opp/of.o
  CC      lib/errseq.o
  CC      drivers/clocksource/timer-of.o
  CC      kernel/dma/mapping.o
  CC      drivers/input/keyboard/atkbd.o
  CC      lib/bucket_locks.o
  AR      drivers/target/built-in.a
  CC      fs/verity/read_metadata.o
  CC      drivers/clocksource/timer-probe.o
  CC      drivers/firmware/efi/memattr.o
  CC      kernel/irq/msi.o
  CC      drivers/hid/hid-core.o
  CC      drivers/firmware/efi/tpm.o
  CC      drivers/hid/hid-input.o
  CC      lib/generic-radix-tree.o
  CC      lib/bitmap-str.o
  AR      drivers/opp/built-in.a
  CC      drivers/input/mouse/psmouse-base.o
  CC      fs/verity/verify.o
  CC      drivers/clocksource/timer-riscv.o
  CC      drivers/mmc/core/mmc_ops.o
  CC      kernel/dma/direct.o
  CC      fs/backing-file.o
  CC      drivers/mmc/core/sd.o
  CC      mm/vma_exec.o
  AR      drivers/input/keyboard/built-in.a
  CC      kernel/entry/common.o
  CC      kernel/entry/syscall-common.o
  CC      drivers/firmware/efi/memmap.o
  CC      kernel/irq/matrix.o
  CC      lib/string_helpers.o
  CC      drivers/ufs/core/ufs-mcq.o
  AR      drivers/clocksource/built-in.a
  CC      drivers/ufs/core/ufs-txeq.o
  AR      fs/verity/built-in.a
  CC      kernel/entry/syscall_user_dispatch.o
  CC      drivers/input/mouse/synaptics.o
  CC      kernel/dma/coherent.o
  CC      fs/fhandle.o
  CC      drivers/mmc/core/sd_ops.o
  CC      drivers/firmware/efi/fdtparams.o
  CC      fs/iomap/trace.o
  CC      mm/mseal.o
  CC      drivers/input/mouse/focaltech.o
  CC      drivers/firmware/efi/esrt.o
  CC      drivers/mmc/host/dw_mmc.o
  AR      kernel/irq/built-in.a
  CC      drivers/hid/hid-quirks.o
  CC      drivers/mmc/host/dw_mmc-pltfm.o
  CC      lib/hexdump.o
  CC      lib/kstrtox.o
  CC      kernel/dma/swiotlb.o
  CC      drivers/firmware/efi/runtime-wrappers.o
  AR      kernel/entry/built-in.a
  CC      fs/iomap/iter.o
  CC      mm/page_alloc.o
  CC      drivers/input/mouse/alps.o
  CC      drivers/mmc/core/sdio.o
  AR      drivers/ufs/core/built-in.a
  AR      drivers/ufs/built-in.a
  CC      drivers/hid/hid-generic.o
  CC      drivers/firmware/efi/efi-init.o
  CC      kernel/profile.o
  CC      lib/math/div64.o
  CC      fs/iomap/buffered-io.o
  CC      drivers/of/base.o
  CC      drivers/mmc/core/sdio_ops.o
  CC      kernel/dma/remap.o
  CC      fs/iomap/direct-io.o
  CC      lib/math/gcd.o
  CC      lib/math/lcm.o
  CC      lib/math/int_log.o
  CC      drivers/of/cpu.o
  CC      mm/page_frag_cache.o
  AR      drivers/hid/built-in.a
  CC      lib/math/int_sqrt.o
  CC      drivers/input/mouse/byd.o
  CC      drivers/of/device.o
  CC      kernel/time/time.o
  CC      drivers/firmware/efi/riscv-runtime.o
  AR      kernel/dma/built-in.a
  CC      drivers/mmc/core/sdio_bus.o
  CC      lib/math/reciprocal_div.o
  CC      fs/configfs/inode.o
  CC      drivers/firmware/efi/earlycon.o
  AR      drivers/mmc/host/built-in.a
  CC      lib/math/rational.o
  CC      lib/crc/crc-t10dif-main.o
  CC      drivers/firmware/efi/libstub/alignedmem.o
  CC      fs/devpts/inode.o
  CC      mm/init-mm.o
  CC      kernel/up.o
  CC      fs/iomap/ioend.o
  CC      kernel/time/timer.o
  CC      drivers/of/module.o
  CC      drivers/input/mouse/logips2pp.o
  AR      lib/math/built-in.a
  CC      fs/configfs/file.o
  CC      lib/crypto/hash_info.o
  CC      lib/crc/crc32-main.o
  CC      fs/ramfs/inode.o
  CC      kernel/irq_work.o
  CC      drivers/mmc/core/sdio_cis.o
  CC      fs/iomap/fiemap.o
  CC      fs/exportfs/expfs.o
  CC      mm/memblock.o
  CC      drivers/firmware/efi/libstub/efi-stub-entry.o
  CC      fs/nls/nls_base.o
  AR      fs/devpts/built-in.a
  CC      drivers/of/platform.o
  CC      fs/nls/nls_cp850.o
  CC      lib/crypto/blake2s.o
  AR      lib/crc/built-in.a
  CC      drivers/mmc/core/sdio_io.o
  CC      fs/nls/nls_ascii.o
  CC      fs/configfs/dir.o
  CC      drivers/input/mouse/trackpoint.o
  CC      fs/ramfs/file-mmu.o
  AR      fs/exportfs/built-in.a
  CC      kernel/time/hrtimer.o
  AR      drivers/firmware/efi/built-in.a
  CC      drivers/firmware/efi/libstub/efi-stub-helper.o
  CC      fs/iomap/seek.o
  CC      fs/iomap/bio.o
  CC      lib/vdso/datastore.o
  CC      drivers/firmware/efi/libstub/efi-stub.o
  CC      drivers/of/property.o
  CC      lib/iomap_copy.o
  CC      fs/nls/nls_iso8859-5.o
  CC      fs/nls/nls_koi8-r.o
  CC      mm/slub.o
  CC      drivers/mmc/core/sdio_irq.o
  CC      lib/crypto/chacha-block-generic.o
  CC      drivers/input/mouse/cypress_ps2.o
  CC      mm/page_io.o
  AR      lib/vdso/built-in.a
  CC      drivers/of/fdt.o
  AR      fs/ramfs/built-in.a
  CC      drivers/devfreq/devfreq.o
  CC      fs/configfs/symlink.o
  CC      lib/crypto/sha256.o
  CC      fs/iomap/swapfile.o
  CC      drivers/devfreq/governor_simpleondemand.o
  CC      fs/nls/nls_koi8-u.o
  CC      drivers/firmware/efi/libstub/fdt.o
  CC      fs/configfs/mount.o
  CC      kernel/time/sleep_timeout.o
  CC      lib/crypto/sha512.o
  CC      drivers/iio/industrialio-core.o
  CC      drivers/mmc/core/sd_uhs2.o
  CC      fs/configfs/item.o
  CC      drivers/iio/industrialio-event.o
  CC      fs/nls/nls_koi8-ru.o
  AR      drivers/input/mouse/built-in.a
  AR      drivers/input/built-in.a
  CC      kernel/context_tracking.o
  CC      kernel/time/timekeeping.o
  CC      drivers/hwtracing/intel_th/core.o
  CC      drivers/mmc/core/slot-gpio.o
  AR      fs/iomap/built-in.a
  CC      lib/devres.o
  AS      drivers/of/empty_root.dtb.o
  CC      drivers/of/fdt_address.o
  AR      drivers/devfreq/built-in.a
  CC      drivers/iio/inkern.o
  AR      lib/crypto/built-in.a
  CC      drivers/of/address.o
  CC      drivers/firmware/efi/libstub/file.o
  CC      kernel/time/ntp.o
  AR      fs/nls/built-in.a
  CC      mm/swap_state.o
  AR      fs/configfs/built-in.a
  CC      fs/autofs/init.o
  CC      fs/autofs/inode.o
  CC      drivers/mmc/core/regulator.o
  CC      lib/hweight.o
  CC      fs/autofs/root.o
  CC      mm/swapfile.o
  CC      fs/autofs/symlink.o
  CC      lib/interval_tree.o
  CC      fs/autofs/waitq.o
  CC      fs/overlayfs/super.o
  AR      drivers/hwtracing/intel_th/built-in.a
  CC      fs/overlayfs/namei.o
  CC      drivers/firmware/efi/libstub/gop.o
  AR      drivers/iio/accel/built-in.a
  CC      mm/dmapool.o
  CC      drivers/of/irq.o
  AR      drivers/iio/adc/built-in.a
  AR      drivers/iio/addac/built-in.a
  AR      drivers/iio/afe/built-in.a
  AR      drivers/iio/amplifiers/built-in.a
  CC      lib/bitrev.o
  AR      drivers/iio/buffer/built-in.a
  AR      drivers/iio/cdc/built-in.a
  AR      drivers/iio/chemical/built-in.a
  AR      drivers/iio/common/cros_ec_sensors/built-in.a
  AR      drivers/iio/common/hid-sensors/built-in.a
  AR      drivers/iio/common/inv_sensors/built-in.a
  AR      drivers/iio/common/ms_sensors/built-in.a
  AR      drivers/iio/dac/built-in.a
  AR      drivers/iio/common/scmi_sensors/built-in.a
  CC      mm/early_ioremap.o
  AR      drivers/iio/common/ssp_sensors/built-in.a
  CC      kernel/time/clocksource.o
  AR      drivers/iio/common/st_sensors/built-in.a
  AR      drivers/iio/common/built-in.a
  AR      drivers/iio/dummy/built-in.a
  AR      drivers/iio/gyro/built-in.a
  AR      drivers/iio/filter/built-in.a
  AR      drivers/iio/frequency/built-in.a
  AR      drivers/iio/health/built-in.a
  AR      drivers/iio/humidity/built-in.a
  AR      drivers/iio/imu/bmi160/built-in.a
  AR      drivers/iio/imu/bmi270/built-in.a
  AR      drivers/iio/imu/bmi323/built-in.a
  CC      drivers/mmc/core/pwrseq.o
  AR      drivers/iio/imu/bno055/built-in.a
  AR      drivers/iio/light/built-in.a
  CC      drivers/mmc/core/pwrseq_simple.o
  AR      drivers/iio/imu/inv_icm42600/built-in.a
  AR      drivers/iio/imu/inv_icm45600/built-in.a
  AR      drivers/iio/imu/inv_mpu6050/built-in.a
  AR      drivers/iio/imu/smi330/built-in.a
  AR      drivers/iio/imu/st_lsm6dsx/built-in.a
  AR      drivers/iio/imu/st_lsm9ds0/built-in.a
  AR      drivers/iio/imu/built-in.a
  CC      fs/autofs/expire.o
  CC      kernel/iomem.o
  AR      drivers/iio/magnetometer/built-in.a
  AR      drivers/iio/multiplexer/built-in.a
  AR      drivers/iio/orientation/built-in.a
  AR      drivers/iio/position/built-in.a
  AR      drivers/iio/potentiometer/built-in.a
  AR      drivers/iio/potentiostat/built-in.a
  AR      drivers/iio/pressure/built-in.a
  AR      drivers/iio/proximity/built-in.a
  CC      drivers/siox/siox-core.o
  AR      drivers/iio/resolver/built-in.a
  AR      drivers/iio/temperature/built-in.a
  CC      lib/xxhash.o
  AR      drivers/iio/test/built-in.a
  AR      drivers/iio/trigger/built-in.a
  AR      drivers/iio/built-in.a
  CC      fs/autofs/dev-ioctl.o
  CC      drivers/of/of_reserved_mem.o
  CC      fs/overlayfs/util.o
  CC      drivers/mmc/core/pwrseq_emmc.o
  CC      drivers/firmware/efi/libstub/intrinsics.o
  CC      kernel/time/jiffies.o
  CC      drivers/firmware/efi/libstub/kaslr.o
  CC      lib/zlib_inflate/inffast.o
  CC      drivers/firmware/efi/libstub/lib-cmdline.o
  CC      lib/zlib_inflate/inflate.o
  CC      mm/ioremap.o
  CC      drivers/mmc/core/block.o
  CC      drivers/mmc/core/queue.o
  CC      kernel/time/timer_list.o
  CC      fs/overlayfs/inode.o
  AR      drivers/siox/built-in.a
  CC      lib/lzo/lzo1x_decompress_safe.o
  CC      lib/lz4/lz4_decompress.o
  CC      lib/zstd/zstd_decompress_module.o
  AR      drivers/of/built-in.a
  CC      lib/zlib_inflate/infutil.o
  CC      kernel/time/timeconv.o
  CC      lib/zlib_inflate/inftrees.o
  CC      lib/zlib_inflate/inflate_syms.o
  AR      fs/autofs/built-in.a
  CC      fs/overlayfs/file.o
  CC      kernel/time/alarmtimer.o
  CC      drivers/firmware/efi/libstub/mem.o
  CC      lib/xz/xz_dec_syms.o
  CC      lib/xz/xz_dec_stream.o
  AR      mm/built-in.a
  CC      drivers/firmware/efi/libstub/pci.o
  CC      lib/xz/xz_dec_lzma2.o
  CC      lib/zstd/zstd_common_module.o
  CC      lib/syscall.o
  AR      lib/lzo/built-in.a
  CC      fs/overlayfs/dir.o
  CC      drivers/firmware/efi/libstub/primary_display.o
  CC      kernel/time/posix-stubs.o
  AR      lib/zlib_inflate/built-in.a
  CC      kernel/time/clockevents.o
  CC      kernel/time/tick-common.o
  CC      kernel/time/sched_clock.o
  CC      drivers/firmware/efi/libstub/printk.o
  CC      lib/checksum.o
  AR      drivers/mmc/core/built-in.a
  AR      drivers/mmc/built-in.a
  CC      fs/overlayfs/readdir.o
  AR      lib/zstd/built-in.a
  CC      lib/xz/xz_dec_bcj.o
  CC      lib/glob.o
  CC      fs/overlayfs/copy_up.o
  CC      kernel/time/vsyscall.o
  CC      fs/overlayfs/export.o
  CC      drivers/firmware/efi/libstub/random.o
  CC      lib/strncpy_from_user.o
  CC      lib/strnlen_user.o
  AR      lib/lz4/built-in.a
  CC      fs/overlayfs/params.o
  CC      fs/overlayfs/xattrs.o
  CC      lib/sg_pool.o
  CC      drivers/firmware/efi/libstub/randomalloc.o
  AR      lib/xz/built-in.a
  CC      drivers/firmware/efi/libstub/riscv-stub.o
  CC      lib/fonts/fonts.o
  CC      drivers/firmware/efi/libstub/riscv.o
  AR      kernel/time/built-in.a
  AR      kernel/built-in.a
  CC      lib/fonts/font_8x16.o
  CC      lib/ucs2_string.o
  CC      lib/sbitmap.o
  CC      drivers/firmware/efi/libstub/secureboot.o
  CC      lib/group_cpus.o
  CC      lib/devmem_is_allowed.o
  AR      lib/lib.a
  CC      drivers/firmware/efi/libstub/string.o
  CC      drivers/firmware/efi/libstub/systable.o
  CC      drivers/firmware/efi/libstub/tpm.o
  CC      drivers/firmware/efi/libstub/vsprintf.o
  STUBCPY drivers/firmware/efi/libstub/alignedmem.stub.o
  STUBCPY drivers/firmware/efi/libstub/efi-stub-entry.stub.o
  STUBCPY drivers/firmware/efi/libstub/efi-stub-helper.stub.o
  STUBCPY drivers/firmware/efi/libstub/efi-stub.stub.o
  STUBCPY drivers/firmware/efi/libstub/fdt.stub.o
  STUBCPY drivers/firmware/efi/libstub/file.stub.o
  STUBCPY drivers/firmware/efi/libstub/gop.stub.o
  STUBCPY drivers/firmware/efi/libstub/intrinsics.stub.o
  STUBCPY drivers/firmware/efi/libstub/kaslr.stub.o
  STUBCPY drivers/firmware/efi/libstub/lib-cmdline.stub.o
  STUBCPY drivers/firmware/efi/libstub/mem.stub.o
  STUBCPY drivers/firmware/efi/libstub/pci.stub.o
  STUBCPY drivers/firmware/efi/libstub/primary_display.stub.o
  STUBCPY drivers/firmware/efi/libstub/printk.stub.o
  AR      lib/fonts/built-in.a
  STUBCPY drivers/firmware/efi/libstub/random.stub.o
  STUBCPY drivers/firmware/efi/libstub/randomalloc.stub.o
  STUBCPY drivers/firmware/efi/libstub/string.stub.o
  AR      fs/overlayfs/built-in.a
  AR      fs/built-in.a
  STUBCPY drivers/firmware/efi/libstub/riscv-stub.stub.o
  STUBCPY drivers/firmware/efi/libstub/vsprintf.stub.o
  STUBCPY drivers/firmware/efi/libstub/riscv.stub.o
  AR      lib/built-in.a
  STUBCPY drivers/firmware/efi/libstub/secureboot.stub.o
  STUBCPY drivers/firmware/efi/libstub/systable.stub.o
  STUBCPY drivers/firmware/efi/libstub/tpm.stub.o
  AR      drivers/firmware/efi/libstub/lib.a
  AR      drivers/firmware/built-in.a
  AR      drivers/built-in.a
  AR      built-in.a
  AR      vmlinux.a
  LD      vmlinux.o
  MODPOST vmlinux.symvers
  CC      .vmlinux.export.o
  UPD     include/generated/utsversion.h
  CC      init/version-timestamp.o
  LD      vmlinux.unstripped
  NM      System.map
  SORTTAB vmlinux.unstripped
  OBJCOPY vmlinux
  GEN     modules.builtin.modinfo
  GEN     modules.builtin
  OBJCOPY arch/riscv/boot/Image
  Kernel: arch/riscv/boot/Image is ready
make[5]: Leaving directory '/home/benni/git/kernel-test-stable-rc/build/rand500config-riscv'
make[4]: Leaving directory '/home/benni/git/linux-stable-rc'
