make[2]: Entering directory '/home/benni/git/linux'
make[3]: Entering directory '/home/benni/git/kernel-test/build/tinynsconfig-x86_64'
.config:1460:warning: override: reassigning to symbol PRINTK
.config:1464:warning: override: reassigning to symbol TTY
.config:1467:warning: override: reassigning to symbol BLK_DEV_INITRD
.config:1471:warning: override: reassigning to symbol BINFMT_ELF
.config:1472:warning: override: reassigning to symbol BINFMT_SCRIPT
.config:1494:warning: override: reassigning to symbol CGROUPS
.config:1498:warning: override: reassigning to symbol PROC_FS
.config:1499:warning: override: reassigning to symbol NET
.config:1501:warning: override: reassigning to symbol TMPFS
.config:1502:warning: override: reassigning to symbol SYSVIPC
.config:1503:warning: override: reassigning to symbol FUTEX
#
# configuration written to .config
#
make[3]: Leaving directory '/home/benni/git/kernel-test/build/tinynsconfig-x86_64'
make[2]: Leaving directory '/home/benni/git/linux'
make[2]: Entering directory '/home/benni/git/linux'
make[3]: Entering directory '/home/benni/git/kernel-test/build/tinynsconfig-x86_64'
  SYNC    include/config/auto.conf
  DESCEND objtool
  UPD     include/config/kernel.release
  UPD     include/generated/utsrelease.h
  CC      arch/x86/kernel/asm-offsets.s
  CC      kernel/sched/rq-offsets.s
  GEN     usr/initramfs_data.cpio
  CC      arch/x86/boot/startup/gdt_idt.o
  CC      security/commoncap.o
  CC      net/devres.o
  CC      arch/x86/entry/syscall_64.o
  CC      arch/x86/entry/common.o
  CC      init/main.o
  CC      ipc/util.o
  CC      arch/x86/events/core.o
  CC      arch/x86/lib/cmdline.o
  CC      drivers/video/console/dummycon.o
  CC      arch/x86/lib/copy_mc.o
  CC      arch/x86/entry/vdso/vma.o
  CC      lib/argv_split.o
  CC      fs/open.o
  CC      mm/filemap.o
  COPY    usr/initramfs_inc_data
  AS      usr/initramfs_data.o
  CC      kernel/fork.o
  AR      usr/built-in.a
  CC      net/socket.o
  CC      arch/x86/boot/startup/map_kernel.o
  CC      lib/buildid.o
  CC      arch/x86/lib/cpu.o
  CC      drivers/video/console/vgacon.o
  OBJCOPY arch/x86/boot/startup/gdt_idt.pi.o
  OBJCOPY arch/x86/boot/startup/map_kernel.pi.o
  AR      arch/x86/boot/startup/built-in.a
  CC      arch/x86/realmode/init.o
  CC      fs/read_write.o
  CC      arch/x86/entry/vdso/extable.o
  CC      arch/x86/lib/csum-wrappers_64.o
  CC      fs/file_table.o
  CC      security/min_addr.o
  CC      arch/x86/entry/vdso/vdso64/vclock_gettime.o
  CC      ipc/msgutil.o
  UPD     init/utsversion-tmp.h
  CC      lib/cmdline.o
  CC      init/do_mounts.o
  CC      lib/dec_and_lock.o
  CC      ipc/msg.o
  CC      arch/x86/lib/delay.o
  AR      arch/x86/realmode/built-in.a
  CC      arch/x86/entry/vdso/vdso64/vgetcpu.o
  VDSO    arch/x86/entry/vdso/vdso64/vdso64.so.dbg
  CC      mm/mempool.o
  OBJCOPY arch/x86/entry/vdso/vdso64/vdso64.so
  CC      lib/decompress_bunzip2.o
  VDSO2C  arch/x86/entry/vdso/vdso64/vdso64-image.c
  CC      arch/x86/entry/vdso/vdso64/vdso64-image.o
  CC      arch/x86/events/probe.o
  AR      drivers/video/console/built-in.a
  CC      kernel/exec_domain.o
  AR      drivers/video/built-in.a
  CC      arch/x86/lib/insn-eval.o
  CC      security/device_cgroup.o
  CC      lib/decompress_inflate.o
  CC      net/core/sock.o
  AR      arch/x86/entry/vdso/vdso64/built-in.a
  CC      net/core/skbuff.o
  AR      arch/x86/entry/vdso/built-in.a
  CC      arch/x86/lib/insn.o
  AR      arch/x86/entry/built-in.a
  CC      net/core/datagram.o
  CC      arch/x86/events/utils.o
  CC      init/do_mounts_initrd.o
  CC      drivers/tty/tty_io.o
  CC      drivers/char/mem.o
  CC      fs/super.o
  CC      mm/oom_kill.o
  CC      drivers/tty/n_tty.o
  CC      lib/decompress_unlz4.o
  CC      drivers/tty/tty_ioctl.o
  CC      ipc/sem.o
  CC      kernel/exec_state.o
  CC      arch/x86/lib/pc-conf-reg.o
  AR      security/built-in.a
  CC      mm/fadvise.o
  CC      init/initramfs.o
  CC      arch/x86/lib/usercopy.o
  CC      arch/x86/events/amd/core.o
  CC      drivers/char/random.o
  CC      kernel/panic.o
  CC      lib/decompress_unlzma.o
  CC      lib/decompress_unlzo.o
  CC      arch/x86/lib/usercopy_64.o
  CC      init/calibrate.o
  CC      mm/maccess.o
  CC      lib/decompress_unxz.o
  CC      fs/char_dev.o
  CC      drivers/tty/tty_ldisc.o
  CC      fs/stat.o
  CC      lib/decompress_unzstd.o
  CC      ipc/shm.o
  CC      init/init_task.o
  AS      arch/x86/kernel/head_64.o
  CC      kernel/cpu.o
  CC      init/version.o
  CC      arch/x86/lib/msr.o
  CC      arch/x86/kernel/head64.o
  CC      arch/x86/events/amd/lbr.o
  CC      arch/x86/mm/init.o
  CC      arch/x86/mm/init_64.o
  CC      drivers/char/misc.o
  CC      fs/exec.o
  CC      mm/page-writeback.o
  CC      lib/dump_stack.o
  CC      drivers/tty/tty_buffer.o
  CC      arch/x86/lib/msr-reg-export.o
  CC      lib/earlycpio.o
  AR      init/built-in.a
  CC      ipc/syscall.o
  CC      net/ethernet/eth.o
  CC      arch/x86/lib/iomem.o
  CC      fs/pipe.o
  CC      arch/x86/kernel/ebda.o
  AR      arch/x86/lib/lib.a
  CC      kernel/exit.o
  AR      drivers/char/built-in.a
  CC      fs/namei.o
  CC      arch/x86/events/msr.o
  CC      arch/x86/events/amd/ibs.o
  CC      lib/extable.o
  CC      drivers/tty/tty_port.o
  CC      mm/folio-compat.o
  AR      arch/x86/lib/built-in.a
  CC      mm/readahead.o
  CC      net/core/stream.o
  CC      arch/x86/kernel/platform-quirks.o
  CC      arch/x86/mm/fault.o
  CC      ipc/ipc_sysctl.o
  CC      lib/flex_proportions.o
  CC      mm/folio.o
  CC      arch/x86/kernel/process_64.o
  CC      mm/truncate.o
  CC      drivers/tty/tty_mutex.o
  CC      arch/x86/mm/ioremap.o
  CC      net/sched/sch_generic.o
  CC      kernel/softirq.o
  CC      lib/idr.o
  AR      ipc/built-in.a
  CC      kernel/resource.o
  AR      net/ethernet/built-in.a
  CC      arch/x86/kernel/signal.o
  CC      arch/x86/mm/extable.o
  AR      arch/x86/events/amd/built-in.a
  CC      arch/x86/events/intel/core.o
  CC      fs/fcntl.o
  CC      net/core/scm.o
  CC      lib/irq_regs.o
  CC      drivers/tty/tty_ldsem.o
  CC      net/sched/sch_mq.o
  CC      lib/is_single_threaded.o
  CC      net/netlink/af_netlink.o
  CC      net/netlink/genetlink.o
  CC      mm/vmscan.o
  CC      net/ethtool/ioctl.o
  CC      net/ipv4/route.o
  CC      arch/x86/kernel/signal_64.o
  CC      kernel/sysctl.o
  CC      kernel/capability.o
  CC      lib/klist.o
  CC      arch/x86/mm/mmap.o
  CC      drivers/tty/tty_baudrate.o
  CC      fs/ioctl.o
  CC      drivers/tty/tty_jobctrl.o
  CC      lib/kobject.o
  CC      net/sched/sch_frag.o
  CC      net/core/gen_stats.o
  CC      arch/x86/kernel/traps.o
  CC      arch/x86/mm/pgtable.o
  CC      kernel/ptrace.o
  CC      fs/readdir.o
  CC      net/ipv4/inetpeer.o
  CC      lib/kobject_uevent.o
  CC      arch/x86/kernel/idt.o
  CC      net/ipv4/protocol.o
  CC      drivers/tty/n_null.o
  CC      mm/shrinker.o
  CC      net/netlink/policy.o
  CC      net/core/gen_estimator.o
  CC      arch/x86/mm/physaddr.o
  AR      net/sched/built-in.a
  CC      net/ipv6/af_inet6.o
  CC      drivers/tty/pty.o
  CC      arch/x86/events/zhaoxin/core.o
  CC      net/ethtool/common.o
  CC      net/core/net_namespace.o
  CC      fs/select.o
  CC      kernel/user.o
  CC      mm/shmem.o
  CC      arch/x86/kernel/irq.o
  CC      kernel/signal.o
  CC      net/ipv4/ip_input.o
  CC      lib/logic_pio.o
  CC      arch/x86/mm/tlb.o
  AR      net/netlink/built-in.a
  CC      lib/maple_tree.o
  CC      arch/x86/events/intel/bts.o
  CC      lib/memcat_p.o
  CC      arch/x86/events/intel/ds.o
  CC      drivers/tty/vt/vt_ioctl.o
  AR      arch/x86/events/zhaoxin/built-in.a
  CC      arch/x86/kernel/irq_64.o
  CC      drivers/tty/vt/vc_screen.o
  CC      mm/util.o
  CC      kernel/sys.o
  CC      net/core/secure_seq.o
  CC      arch/x86/mm/cpu_entry_area.o
  CC      net/ethtool/netlink.o
  CC      net/ipv6/anycast.o
  CC      net/ipv4/ip_fragment.o
  CC      fs/dcache.o
  CC      arch/x86/kernel/dumpstack_64.o
  CC      fs/inode.o
  CC      drivers/tty/vt/selection.o
  CC      fs/attr.o
  CC      arch/x86/mm/maccess.o
  CC      drivers/tty/vt/keyboard.o
  CC      arch/x86/mm/pgprot.o
  CC      mm/mmzone.o
  CC      arch/x86/kernel/time.o
  CC      drivers/tty/serial/serial_core.o
  CC      lib/nmi_backtrace.o
  CC      net/core/flow_dissector.o
  CC      net/ethtool/bitset.o
  CC      drivers/tty/serial/serial_base_bus.o
  CC      kernel/umh.o
  CC      arch/x86/mm/pat/set_memory.o
  CC      arch/x86/events/intel/knc.o
  CC      arch/x86/mm/pat/memtype.o
  CC      net/ipv6/ip6_output.o
  CC      net/ipv4/ip_forward.o
  CC      mm/vmstat.o
  CC      arch/x86/kernel/ioport.o
  CC      arch/x86/events/intel/lbr.o
  CC      lib/objpool.o
  CC      fs/bad_inode.o
  CC      drivers/tty/vt/vt.o
  CC      kernel/workqueue.o
  CC      fs/file.o
  CC      net/ipv6/ip6_input.o
  CC      lib/radix-tree.o
  CC      net/ethtool/strset.o
  CC      arch/x86/kernel/dumpstack.o
  CC      mm/backing-dev.o
  CC      fs/filesystems.o
  CC      arch/x86/virt/svm/cmdline.o
  CC      drivers/tty/serial/serial_ctrl.o
  AR      arch/x86/virt/svm/built-in.a
  AR      arch/x86/virt/built-in.a
  CC      fs/namespace.o
  AR      arch/x86/mm/pat/built-in.a
  AR      arch/x86/mm/built-in.a
  CC      drivers/tty/vt/defkeymap.o
  CC      net/ipv4/ip_options.o
  CC      net/core/sysctl_net_core.o
  CC      arch/x86/events/intel/p4.o
  CC      lib/ratelimit.o
  CC      arch/x86/kernel/nmi.o
  CC      drivers/base/component.o
  CC      drivers/tty/serial/serial_port.o
  CC      mm/mm_init.o
  CC      arch/x86/events/intel/p6.o
  CC      lib/rbtree.o
  CC      net/ethtool/linkinfo.o
  CC      drivers/tty/serial/earlycon.o
  CC      drivers/tty/serial/8250/8250_core.o
  CC      drivers/tty/vt/consolemap.o
  CC      net/ipv6/addrconf.o
  CC      lib/seq_buf.o
  CC      drivers/base/core.o
  CC      kernel/pid.o
  CC      drivers/base/bus.o
  CC      lib/siphash.o
  CC      net/core/dev.o
  CC      arch/x86/kernel/setup.o
  CC      net/ipv4/ip_output.o
  CC      arch/x86/events/intel/pt.o
  CC      arch/x86/kernel/x86_init.o
  CC      mm/percpu.o
  CC      lib/sys_info.o
  CC      net/ethtool/linkmodes.o
  CC      net/ipv6/addrlabel.o
  CC      drivers/tty/serial/8250/8250_platform.o
  CC      drivers/tty/vt/ucs.o
  CC      lib/timerqueue.o
  AR      drivers/tty/vt/built-in.a
  CC      drivers/tty/serial/8250/8250_port.o
  CC      net/ethtool/rss.o
  CC      net/ipv4/ip_sockglue.o
  CC      kernel/task_work.o
  CC      lib/vsprintf.o
  CC      fs/seq_file.o
  CC      arch/x86/kernel/i8259.o
  CC      lib/win_minmax.o
  AR      arch/x86/events/intel/built-in.a
  AR      arch/x86/events/built-in.a
  CC      net/core/dev_api.o
  CC      drivers/base/dd.o
  CC      lib/xarray.o
  CC      mm/slab_common.o
  CC      lib/lockref.o
  CC      net/ipv6/route.o
  CC      kernel/extable.o
  CC      arch/x86/kernel/irqinit.o
  CC      net/sysctl_net.o
  CC      net/ipv4/inet_hashtables.o
  CC      fs/xattr.o
  CC      drivers/tty/serial/8250/8250_early.o
  CC      net/ethtool/linkstate.o
  CC      arch/x86/kernel/irq_work.o
  CC      drivers/base/syscore.o
  CC      arch/x86/kernel/probe_roms.o
  CC      net/ipv4/inet_timewait_sock.o
  CC      fs/libfs.o
  CC      mm/compaction.o
  AR      drivers/tty/serial/8250/built-in.a
  CC      kernel/params.o
  AR      drivers/tty/serial/built-in.a
  AR      drivers/tty/built-in.a
  CC      mm/show_mem.o
  CC      net/ipv6/ip6_fib.o
  CC      lib/sort.o
  CC      mm/interval_tree.o
  CC      kernel/kthread.o
  CC      lib/parser.o
  CC      arch/x86/kernel/sys_x86_64.o
  CC      drivers/base/driver.o
  CC      net/ethtool/debug.o
  CC      net/core/dev_addr_lists.o
  CC      net/ipv6/ipv6_sockglue.o
  CC      net/ipv6/ndisc.o
  CC      mm/list_lru.o
  CC      net/ethtool/wol.o
  CC      lib/debug_locks.o
  CC      drivers/base/class.o
  CC      net/ethtool/features.o
  CC      net/ipv4/inet_connection_sock.o
  CC      fs/fs-writeback.o
  CC      lib/random32.o
  CC      arch/x86/kernel/bootflag.o
  CC      kernel/nsproxy.o
  CC      fs/pnode.o
  CC      kernel/nstree.o
  CC      lib/bust_spinlocks.o
  CC      kernel/nscommon.o
  CC      kernel/notifier.o
  CC      mm/workingset.o
  CC      drivers/base/platform.o
  CC      net/core/dst.o
  CC      net/core/netevent.o
  CC      net/ethtool/privflags.o
  CC      arch/x86/kernel/e820.o
  CC      net/ipv6/udp.o
  CC      fs/splice.o
  CC      lib/kasprintf.o
  CC      arch/x86/kernel/pci-dma.o
  CC      net/ipv6/raw.o
  CC      mm/debug.o
  CC      net/ethtool/rings.o
  CC      kernel/ksysfs.o
  CC      net/ipv4/tcp.o
  CC      lib/bitmap.o
  CC      net/ipv4/tcp_input.o
  CC      lib/scatterlist.o
  CC      drivers/base/cpu.o
  CC      net/ipv6/icmp.o
  CC      net/ethtool/channels.o
  CC      arch/x86/kernel/quirks.o
  CC      arch/x86/kernel/kdebugfs.o
  CC      net/core/neighbour.o
  CC      kernel/cred.o
  CC      mm/gup.o
  CC      drivers/base/firmware.o
  CC      net/ipv6/mcast.o
  CC      fs/sync.o
  CC      kernel/reboot.o
  CC      lib/uuid.o
  CC      mm/mmap_lock.o
  CC      lib/iov_iter.o
  CC      arch/x86/kernel/alternative.o
  CC      drivers/base/init.o
  CC      mm/vma_init.o
  CC      net/ethtool/coalesce.o
  CC      net/ipv6/reassembly.o
  CC      net/core/rtnetlink.o
  CC      kernel/async.o
  CC      fs/utimes.o
  CC      net/ipv6/tcp_ipv6.o
  CC      drivers/base/map.o
  CC      fs/d_path.o
  CC      mm/highmem.o
  CC      fs/stack.o
  CC      kernel/smpboot.o
  CC      arch/x86/kernel/i8253.o
  CC      drivers/base/devres.o
  CC      net/ethtool/pause.o
  CC      lib/clz_ctz.o
  CC      drivers/base/attribute_container.o
  CC      mm/memory.o
  CC      net/ethtool/eee.o
  CC      lib/bsearch.o
  CC      fs/fs_struct.o
  CC      net/ethtool/tsinfo.o
  CC      drivers/base/transport_class.o
  CC      kernel/ucount.o
  CC      net/core/utils.o
  CC      arch/x86/kernel/hw_breakpoint.o
  CC      net/ipv4/tcp_output.o
  CC      lib/find_bit.o
  CC      net/ethtool/cabletest.o
  CC      lib/llist.o
  CC      kernel/regset.o
  CC      lib/lwq.o
  CC      drivers/base/topology.o
  CC      fs/statfs.o
  CC      net/ipv6/ping.o
  CC      drivers/base/container.o
  CC      net/ipv4/tcp_timer.o
  CC      net/ipv4/tcp_ipv4.o
  CC      lib/kfifo.o
  CC      kernel/ksyms_common.o
  CC      arch/x86/kernel/tsc.o
  CC      kernel/sched/core.o
  CC      net/ethtool/fec.o
  CC      net/ethtool/tunnels.o
  CC      drivers/base/property.o
  CC      net/ipv6/exthdrs.o
  CC      fs/fs_pin.o
  CC      net/core/link_watch.o
  CC      net/ethtool/eeprom.o
  CC      lib/percpu-refcount.o
  CC      lib/rhashtable.o
  CC      net/ethtool/stats.o
  CC      arch/x86/kernel/tsc_msr.o
  CC      fs/nsfs.o
  CC      net/ipv6/datagram.o
  CC      drivers/base/cacheinfo.o
  CC      net/ipv4/tcp_minisocks.o
  CC      net/ethtool/phc_vclocks.o
  CC      net/ethtool/mm.o
  CC      arch/x86/kernel/io_delay.o
  CC      mm/mincore.o
  CC      kernel/sched/fair.o
  CC      net/core/filter.o
  CC      net/ipv6/ip6_flowlabel.o
  CC      lib/base64.o
  CC      lib/once.o
  CC      net/ipv4/tcp_cong.o
  CC      arch/x86/kernel/rtc.o
  CC      drivers/base/swnode.o
  CC      kernel/sched/build_policy.o
  CC      drivers/base/faux.o
  CC      net/ethtool/module.o
  CC      fs/fs_dirent.o
  CC      lib/refcount.o
  CC      kernel/sched/build_utility.o
  CC      mm/mlock.o
  CC      fs/fs_context.o
  CC      fs/fs_parser.o
  CC      mm/mmap.o
  CC      arch/x86/kernel/resource.o
  CC      lib/rcuref.o
  CC      drivers/base/firmware_loader/builtin/main.o
  CC      mm/mmu_gather.o
  CC      arch/x86/kernel/static_call.o
  CC      lib/usercopy.o
  CC      net/core/sock_diag.o
  CC      net/ipv6/inet6_connection_sock.o
  AR      drivers/base/firmware_loader/builtin/built-in.a
  AR      drivers/base/firmware_loader/built-in.a
  AR      drivers/base/built-in.a
  CC      drivers/net/loopback.o
  CC      net/ethtool/cmis_fw_update.o
  CC      net/ipv4/tcp_metrics.o
  CC      arch/x86/kernel/process.o
  CC      lib/bucket_locks.o
  CC      net/ethtool/cmis_cdb.o
  CC      fs/fsopen.o
  CC      net/ipv6/udp_offload.o
  CC      arch/x86/kernel/fpu/init.o
  CC      mm/mprotect.o
  CC      lib/generic-radix-tree.o
  CC      kernel/locking/mutex.o
  CC      kernel/power/qos.o
  CC      arch/x86/kernel/fpu/bugs.o
  CC      kernel/printk/printk.o
  AR      drivers/net/built-in.a
  CC      drivers/input/serio/serio.o
  CC      kernel/irq/irqdesc.o
  CC      arch/x86/kernel/fpu/core.o
  CC      lib/bitmap-str.o
  CC      fs/init.o
  CC      kernel/locking/semaphore.o
  CC      kernel/locking/rwsem.o
  CC      net/ethtool/pse-pd.o
  AR      kernel/sched/built-in.a
  CC      mm/mremap.o
  CC      net/ipv6/seg6.o
  CC      arch/x86/kernel/fpu/regset.o
  CC      net/ipv4/tcp_fastopen.o
  CC      drivers/input/serio/i8042.o
  AR      kernel/power/built-in.a
  CC      lib/string_helpers.o
  CC      net/ethtool/plca.o
  CC      kernel/irq/handle.o
  CC      drivers/input/input.o
  CC      drivers/rtc/lib.o
  CC      fs/kernel_read_file.o
  CC      kernel/locking/percpu-rwsem.o
  CC      net/core/dev_ioctl.o
  CC      arch/x86/kernel/fpu/signal.o
  CC      drivers/rtc/rtc-mc146818-lib.o
  CC      kernel/irq/manage.o
  CC      net/ethtool/phy.o
  CC      kernel/locking/rtmutex_api.o
  CC      mm/msync.o
  CC      lib/hexdump.o
  CC      kernel/printk/printk_safe.o
  CC      net/ipv6/fib6_notifier.o
  CC      lib/kstrtox.o
  CC      drivers/input/serio/serport.o
  CC      fs/mnt_idmapping.o
  CC      kernel/printk/nbcon.o
  CC      arch/x86/kernel/fpu/xstate.o
  CC      net/ipv4/tcp_recovery.o
  AR      drivers/rtc/built-in.a
  CC      kernel/printk/printk_ringbuffer.o
  CC      drivers/input/input-compat.o
  CC      kernel/printk/sysctl.o
  CC      lib/math/div64.o
  CC      mm/page_vma_mapped.o
  CC      lib/math/gcd.o
  CC      fs/remap_range.o
  AR      kernel/locking/built-in.a
  CC      lib/math/int_log.o
  CC      kernel/irq/spurious.o
  CC      drivers/input/serio/libps2.o
  CC      net/core/tso.o
  CC      net/ipv4/tcp_ulp.o
  CC      lib/math/int_pow.o
  CC      net/ipv6/rpl.o
  CC      lib/math/int_sqrt.o
  CC      lib/math/reciprocal_div.o
  CC      net/ethtool/tsconfig.o
  AR      lib/math/built-in.a
  CC      arch/x86/kernel/ptrace.o
  CC      lib/crc/crc32-main.o
  CC      net/ethtool/mse.o
  CC      net/core/sock_reuseport.o
  CC      drivers/input/input-mt.o
  AR      kernel/printk/built-in.a
  CC      drivers/input/input-poller.o
  AR      arch/x86/kernel/fpu/built-in.a
  CC      drivers/input/ff-core.o
  CC      kernel/irq/resend.o
  AR      lib/crc/built-in.a
  CC      lib/crypto/blake2s.o
  CC      mm/pagewalk.o
  AR      drivers/input/serio/built-in.a
  CC      kernel/rcu/update.o
  CC      fs/pidfs.o
  CC      fs/file_attr.o
  CC      net/ipv6/ioam6.o
  CC      kernel/irq/chip.o
  CC      kernel/rcu/sync.o
  CC      arch/x86/kernel/step.o
  CC      net/ipv6/sysctl_net_ipv6.o
  CC      kernel/rcu/srcutiny.o
  CC      net/ipv4/tcp_offload.o
  CC      drivers/input/touchscreen.o
  CC      lib/crypto/chacha-block-generic.o
  AR      net/ethtool/built-in.a
  CC      lib/crypto/sha1.o
  CC      mm/pgtable-generic.o
  CC      net/ipv4/tcp_plb.o
  CC      drivers/input/touch-overlay.o
  CC      lib/vdso/datastore.o
  CC      net/core/fib_notifier.o
  CC      net/core/xdp.o
  CC      kernel/rcu/tiny.o
  CC      arch/x86/kernel/stacktrace.o
  CC      lib/crypto/sha256.o
  CC      net/ipv4/datagram.o
  CC      net/core/flow_offload.o
  CC      kernel/irq/dummychip.o
  CC      fs/fserror.o
  CC      mm/rmap.o
  AR      lib/vdso/built-in.a
  CC      drivers/input/vivaldi-fmap.o
  CC      lib/iomap.o
  CC      arch/x86/kernel/cpu/cacheinfo.o
  CC      net/ipv6/proc.o
  CC      net/core/gro.o
  AR      lib/crypto/built-in.a
  AR      kernel/rcu/built-in.a
  CC      net/ipv4/raw.o
  CC      kernel/irq/devres.o
  CC      drivers/input/keyboard/atkbd.o
  CC      arch/x86/kernel/reboot.o
  CC      mm/vmalloc.o
  CC      fs/nullfs.o
  CC      arch/x86/kernel/cpu/scattered.o
  CC      drivers/input/mouse/psmouse-base.o
  CC      lib/devres.o
  CC      net/ipv4/udp.o
  CC      lib/bitrev.o
  CC      drivers/input/mouse/synaptics.o
  CC      kernel/irq/kexec.o
  CC      net/core/netdev-genl.o
  CC      arch/x86/kernel/cpu/topology_common.o
  CC      net/ipv4/udp_offload.o
  CC      arch/x86/kernel/cpu/topology_ext.o
  CC      fs/failfs.o
  CC      net/ipv4/arp.o
  CC      lib/xxhash.o
  AR      drivers/input/keyboard/built-in.a
  CC      kernel/irq/autoprobe.o
  CC      drivers/clocksource/i8253.o
  CC      net/core/netdev-genl-gen.o
  CC      fs/proc_namespace.o
  CC      net/ipv6/sit.o
  CC      arch/x86/kernel/cpu/topology_amd.o
  CC      net/ipv6/addrconf_core.o
  CC      lib/zlib_inflate/inffast.o
  CC      drivers/input/mouse/focaltech.o
  CC      lib/zlib_inflate/inflate.o
  CC      kernel/irq/irqdomain.o
  AR      drivers/clocksource/built-in.a
  CC      net/core/netdev_work.o
  CC      lib/zlib_inflate/infutil.o
  CC      drivers/input/mouse/alps.o
  CC      kernel/dma/mapping.o
  CC      arch/x86/kernel/cpu/cpuid_parser.o
  CC      arch/x86/kernel/cpu/common.o
  CC      lib/zlib_inflate/inftrees.o
  CC      fs/anon_inodes.o
  CC      kernel/entry/common.o
  CC      lib/zlib_inflate/inflate_syms.o
  CC      mm/vma.o
  CC      kernel/entry/syscall-common.o
  CC      net/ipv6/exthdrs_core.o
  CC      net/core/gso.o
  CC      net/core/net-sysfs.o
  CC      net/core/hotdata.o
  AR      lib/zlib_inflate/built-in.a
  CC      lib/lzo/lzo1x_decompress_safe.o
  CC      net/ipv4/icmp.o
  CC      kernel/irq/proc.o
  CC      drivers/input/mouse/byd.o
  CC      kernel/dma/direct.o
  CC      arch/x86/kernel/cpu/rdrand.o
  CC      kernel/dma/swiotlb.o
  CC      fs/binfmt_script.o
  CC      kernel/dma/remap.o
  CC      arch/x86/kernel/tsc_sync.o
  AR      kernel/entry/built-in.a
  AR      lib/lzo/built-in.a
  CC      lib/lz4/lz4_decompress.o
  CC      drivers/hid/hid-core.o
  CC      net/ipv6/ip6_checksum.o
  CC      kernel/irq/matrix.o
  CC      arch/x86/kernel/cpu/match.o
  CC      arch/x86/kernel/cpu/bugs.o
  CC      drivers/input/mouse/logips2pp.o
  CC      arch/x86/kernel/cpu/aperfmperf.o
  CC      net/ipv4/devinet.o
  CC      fs/binfmt_elf.o
  CC      net/core/netdev_config.o
  CC      fs/drop_caches.o
  CC      arch/x86/kernel/cpu/cpuid-deps.o
  CC      mm/vma_exec.o
  AR      kernel/dma/built-in.a
  CC      fs/sysctls.o
  CC      lib/zstd/zstd_decompress_module.o
  CC      arch/x86/kernel/cpu/cpuid_0x2_table.o
  AR      kernel/irq/built-in.a
  CC      drivers/input/mouse/trackpoint.o
  CC      kernel/unwind/user.o
  CC      net/ipv4/af_inet.o
  CC      drivers/input/mouse/cypress_ps2.o
  CC      net/ipv6/ip6_icmp.o
  CC      arch/x86/kernel/cpu/umwait.o
  CC      lib/zstd/zstd_common_module.o
  CC      net/core/netdev_rx_queue.o
  CC      arch/x86/kernel/mpparse.o
  AR      lib/lz4/built-in.a
  CC      drivers/hid/hid-input.o
  CC      net/core/netdev_queues.o
  CC      kernel/unwind/deferred.o
  CC      fs/kernfs/mount.o
  CC      fs/proc/task_mmu.o
  CC      mm/mseal.o
  CC      lib/xz/xz_dec_syms.o
  AR      lib/zstd/built-in.a
  AR      drivers/input/mouse/built-in.a
  AR      drivers/input/built-in.a
  CC      fs/proc/inode.o
  CC      arch/x86/kernel/apic/apic.o
  CC      drivers/hid/hid-quirks.o
  CC      arch/x86/kernel/cpu/powerflags.o
  CC      arch/x86/kernel/cpu/topology.o
  CC      net/ipv6/output_core.o
  CC      lib/xz/xz_dec_stream.o
  AR      kernel/unwind/built-in.a
  CC      net/ipv6/protocol.o
  CC      kernel/time/time.o
  CC      net/ipv6/ip6_offload.o
  CC      fs/kernfs/inode.o
  CC      kernel/time/timer.o
  CC      mm/page_alloc.o
  CC      net/core/net-procfs.o
  CC      drivers/hid/hid-generic.o
  CC      lib/xz/xz_dec_lzma2.o
  CC      lib/syscall.o
  CC      net/ipv4/igmp.o
  CC      arch/x86/kernel/cpu/proc.o
  CC      fs/proc/root.o
  CC      lib/nlattr.o
  CC      arch/x86/kernel/apic/apic_common.o
  CC      arch/x86/kernel/apic/apic_noop.o
  CC      net/core/dst_cache.o
  CC      fs/kernfs/dir.o
  CC      kernel/futex/core.o
  CC      lib/xz/xz_dec_bcj.o
  CC      fs/devpts/inode.o
  AR      drivers/hid/built-in.a
  CC      arch/x86/kernel/cpu/feat_ctl.o
  AR      drivers/built-in.a
  CC      kernel/time/hrtimer.o
  CC      lib/dim/dim.o
  CC      kernel/futex/syscalls.o
  CC      arch/x86/kernel/apic/ipi.o
  CC      kernel/time/sleep_timeout.o
  CC      fs/proc/base.o
  CC      net/ipv6/exthdrs_offload.o
  AR      lib/xz/built-in.a
  CC      kernel/up.o
  CC      arch/x86/kernel/cpu/intel.o
  CC      lib/dim/net_dim.o
  CC      net/ipv6/inet6_hashtables.o
  CC      arch/x86/kernel/apic/vector.o
  AR      fs/devpts/built-in.a
  CC      arch/x86/kernel/trace_clock.o
  CC      net/core/gro_cells.o
  CC      net/ipv4/fib_frontend.o
  CC      arch/x86/kernel/cpu/tsx.o
  CC      net/ipv6/mcast_snoop.o
  CC      arch/x86/kernel/cpu/amd.o
  CC      fs/kernfs/file.o
  CC      mm/page_frag_cache.o
  CC      net/ipv6/ndisc_snoop.o
  CC      arch/x86/kernel/hpet.o
  CC      kernel/time/timekeeping.o
  CC      kernel/futex/pi.o
  CC      kernel/time/ntp.o
  CC      net/ipv4/fib_semantics.o
  CC      lib/dim/rdma_dim.o
  CC      mm/init-mm.o
  CC      fs/proc/generic.o
  CC      mm/memblock.o
  CC      arch/x86/kernel/cpu/hygon.o
  CC      arch/x86/kernel/apic/init.o
  AR      net/core/built-in.a
  CC      net/ipv4/fib_trie.o
  CC      fs/kernfs/symlink.o
  CC      kernel/futex/requeue.o
  AR      lib/dim/built-in.a
  CC      arch/x86/kernel/apic/hw_nmi.o
  CC      lib/strncpy_from_user.o
  CC      kernel/time/clocksource.o
  AR      net/ipv6/built-in.a
  CC      arch/x86/kernel/apic/io_apic.o
  CC      arch/x86/kernel/cpu/centaur.o
  CC      arch/x86/kernel/cpu/zhaoxin.o
  CC      lib/strnlen_user.o
  CC      fs/proc/array.o
  CC      net/ipv4/fib_notifier.o
  CC      kernel/cgroup/cgroup.o
  CC      kernel/time/jiffies.o
  CC      net/ipv4/inet_fragment.o
  CC      arch/x86/kernel/cpu/microcode/core.o
  CC      kernel/futex/waitwake.o
  CC      net/ipv4/ping.o
  AR      fs/kernfs/built-in.a
  CC      fs/proc/fd.o
  CC      net/ipv4/ip_tunnel_core.o
  CC      kernel/cgroup/rstat.o
  CC      lib/net_utils.o
  CC      mm/slub.o
  CC      kernel/time/timer_list.o
  CC      arch/x86/kernel/perf_regs.o
  CC      kernel/cgroup/namespace.o
  CC      arch/x86/kernel/unwind_guess.o
  AR      kernel/futex/built-in.a
  CC      arch/x86/kernel/cpu/microcode/intel.o
  CC      mm/dmapool.o
  CC      arch/x86/kernel/apic/apic_flat_64.o
  CC      fs/proc/proc_tty.o
  CC      arch/x86/kernel/cpu/microcode/amd.o
  CC      lib/group_cpus.o
  CC      arch/x86/kernel/apic/probe_64.o
  CC      kernel/time/timeconv.o
  CC      arch/x86/kernel/cpu/perfctr-watchdog.o
  CC      fs/proc/cmdline.o
  CC      arch/x86/kernel/vsmp_64.o
  CC      fs/ramfs/inode.o
  AR      lib/lib.a
  CC      mm/sparse.o
  AR      lib/built-in.a
  CC      net/ipv4/gre_offload.o
  CC      kernel/cgroup/cgroup-v1.o
  CC      kernel/utsname_sysctl.o
  CC      kernel/cgroup/freezer.o
  AR      arch/x86/kernel/apic/built-in.a
  CC      kernel/time/alarmtimer.o
  CC      fs/ramfs/file-mmu.o
  CC      kernel/irq_work.o
  CC      kernel/bpf/core.o
  CC      fs/proc/consoles.o
  AR      arch/x86/kernel/cpu/microcode/built-in.a
  CC      kernel/static_call.o
  CC      net/ipv4/metrics.o
  CC      kernel/static_call_inline.o
  AR      arch/x86/kernel/cpu/built-in.a
  CC      kernel/events/core.o
  AR      arch/x86/kernel/built-in.a
  CC      kernel/events/ring_buffer.o
  AR      arch/x86/built-in.a
  CC      kernel/events/callchain.o
  CC      fs/proc/cpuinfo.o
  CC      kernel/time/posix-stubs.o
  CC      net/ipv4/netlink.o
  CC      mm/sparse-vmemmap.o
  AR      fs/ramfs/built-in.a
  CC      mm/early_ioremap.o
  CC      kernel/iomem.o
  CC      net/ipv4/nexthop.o
  CC      kernel/events/hw_breakpoint.o
  CC      net/ipv4/udp_tunnel_stub.o
  AR      kernel/cgroup/built-in.a
  CC      kernel/time/clockevents.o
  CC      fs/proc/devices.o
  CC      kernel/time/tick-common.o
  CC      fs/proc/loadavg.o
  CC      net/ipv4/ip_tunnel.o
  CC      fs/proc/meminfo.o
  CC      fs/proc/stat.o
  CC      net/ipv4/sysctl_net_ipv4.o
  CC      kernel/time/tick-broadcast.o
  AR      mm/built-in.a
  CC      net/ipv4/proc.o
  CC      kernel/time/vsyscall.o
  CC      fs/proc/uptime.o
  AR      kernel/bpf/built-in.a
  CC      fs/proc/util.o
  CC      net/ipv4/tunnel4.o
  CC      fs/proc/version.o
  CC      fs/proc/softirqs.o
  CC      net/ipv4/inet_diag.o
  CC      fs/proc/namespaces.o
  CC      net/ipv4/tcp_diag.o
  CC      fs/proc/self.o
  AR      kernel/time/built-in.a
  CC      net/ipv4/tcp_cubic.o
  CC      fs/proc/thread_self.o
  CC      fs/proc/proc_sysctl.o
  CC      fs/proc/proc_net.o
  CC      fs/proc/kmsg.o
  CC      fs/proc/page.o
  AR      net/ipv4/built-in.a
  AR      net/built-in.a
  AR      fs/proc/built-in.a
  AR      fs/built-in.a
  AR      kernel/events/built-in.a
  AR      kernel/built-in.a
  AR      built-in.a
  AR      built-in-fixup.a
  COPY    vmlinux.a
  LD      vmlinux.o
  MODPOST vmlinux.symvers
  CC      .vmlinux.export.o
  UPD     include/generated/utsversion.h
  CC      init/version-timestamp.o
  LD      vmlinux.unstripped
  NM      System.map
  SORTTAB vmlinux.unstripped
  OBJCOPY vmlinux
  GEN     modules.builtin.modinfo
  GEN     modules.builtin
  CC      arch/x86/boot/version.o
  VOFFSET arch/x86/boot/compressed/../voffset.h
  CC      arch/x86/boot/compressed/cmdline.o
  CC      arch/x86/boot/compressed/error.o
  OBJCOPY arch/x86/boot/compressed/vmlinux.bin
  CC      arch/x86/boot/compressed/ident_map_64.o
  CC      arch/x86/boot/compressed/idt_64.o
  CC      arch/x86/boot/compressed/pgtable_64.o
  XZKERN  arch/x86/boot/compressed/vmlinux.bin.xz
  CC      arch/x86/boot/compressed/misc.o
  MKPIGGY arch/x86/boot/compressed/piggy.S
  AS      arch/x86/boot/compressed/piggy.o
  LD      arch/x86/boot/compressed/vmlinux
  ZOFFSET arch/x86/boot/zoffset.h
  OBJCOPY arch/x86/boot/vmlinux.bin
  AS      arch/x86/boot/header.o
  LD      arch/x86/boot/setup.elf
  OBJCOPY arch/x86/boot/setup.bin
  BUILD   arch/x86/boot/bzImage
Kernel: arch/x86/boot/bzImage is ready  (#23)
make[3]: Leaving directory '/home/benni/git/kernel-test/build/tinynsconfig-x86_64'
make[2]: Leaving directory '/home/benni/git/linux'
