make[2]: Entering directory '/home/benni/git/linux'
make[3]: Entering directory '/home/benni/git/kernel-test/build/defconfig-riscv'
.config:7354:warning: override: reassigning to symbol WATCHDOG
.config:7355:warning: override: reassigning to symbol SOFT_WATCHDOG
.config:7356:warning: override: reassigning to symbol WATCHDOG_SYSFS
.config:7361:warning: override: reassigning to symbol BPF_SYSCALL
#
# configuration written to .config
#
make[3]: Leaving directory '/home/benni/git/kernel-test/build/defconfig-riscv'
make[2]: Leaving directory '/home/benni/git/linux'
make[2]: Entering directory '/home/benni/git/linux'
make[3]: Entering directory '/home/benni/git/kernel-test/build/defconfig-riscv'
  SYNC    include/config/auto.conf
  VDSOLD  arch/riscv/kernel/vdso_cfi/vdso-cfi.so.dbg
ld.lld: error: unknown argument '-fcf-protection=full'
  GEN     usr/initramfs_data.cpio
  UPD     init/utsversion-tmp.h
  CC      init/version.o
  COPY    usr/initramfs_inc_data
  AS      usr/initramfs_data.o
  AR      usr/built-in.a
  VDSOLD  arch/riscv/kernel/vdso_cfi/vdso-cfi.so.dbg
ld.lld: error: unknown argument '-fcf-protection=full'
  AR      init/built-in.a
  AR      built-in.a
  AR      built-in-fixup.a
  COPY    vmlinux.a
  LD      vmlinux.o
  MODPOST vmlinux.symvers
  UPD     include/generated/utsversion.h
  CC      init/version-timestamp.o
  KSYMS   .tmp_vmlinux0.kallsyms.S
  AS      .tmp_vmlinux0.kallsyms.o
  LD      .tmp_vmlinux1
  NM      .tmp_vmlinux1.syms
  KSYMS   .tmp_vmlinux1.kallsyms.S
  AS      .tmp_vmlinux1.kallsyms.o
  LD      .tmp_vmlinux2
  NM      .tmp_vmlinux2.syms
  KSYMS   .tmp_vmlinux2.kallsyms.S
  AS      .tmp_vmlinux2.kallsyms.o
  LD      vmlinux.unstripped
  NM      System.map
  SORTTAB vmlinux.unstripped
  OBJCOPY vmlinux
  GEN     modules.builtin.modinfo
  GEN     modules.builtin
  OBJCOPY arch/riscv/boot/Image
  Kernel: arch/riscv/boot/Image is ready
make[3]: Leaving directory '/home/benni/git/kernel-test/build/defconfig-riscv'
make[2]: Leaving directory '/home/benni/git/linux'
