make[2]: Entering directory '/home/benni/git/linux'
make[3]: Entering directory '/home/benni/git/kernel-test/build/tinynsconfig-arm64'
.config:1574:warning: override: reassigning to symbol PRINTK
.config:1578:warning: override: reassigning to symbol TTY
.config:1581:warning: override: reassigning to symbol BLK_DEV_INITRD
.config:1585:warning: override: reassigning to symbol BINFMT_ELF
.config:1586:warning: override: reassigning to symbol BINFMT_SCRIPT
.config:1608:warning: override: reassigning to symbol CGROUPS
.config:1612:warning: override: reassigning to symbol PROC_FS
.config:1613:warning: override: reassigning to symbol NET
.config:1615:warning: override: reassigning to symbol TMPFS
.config:1616:warning: override: reassigning to symbol SYSVIPC
.config:1617:warning: override: reassigning to symbol FUTEX
#
# configuration written to .config
#
make[3]: Leaving directory '/home/benni/git/kernel-test/build/tinynsconfig-arm64'
make[2]: Leaving directory '/home/benni/git/linux'
make[2]: Entering directory '/home/benni/git/linux'
make[3]: Entering directory '/home/benni/git/kernel-test/build/tinynsconfig-arm64'
  SYNC    include/config/auto.conf
  GEN     usr/initramfs_data.cpio
  UPD     init/utsversion-tmp.h
  COPY    usr/initramfs_inc_data
  CC      init/version.o
  AS      usr/initramfs_data.o
  AR      usr/built-in.a
  AR      init/built-in.a
  AR      built-in.a
  AR      built-in-fixup.a
  COPY    vmlinux.a
  LD      vmlinux.o
  MODPOST vmlinux.symvers
  UPD     include/generated/utsversion.h
  CC      init/version-timestamp.o
  LD      vmlinux.unstripped
  NM      System.map
  SORTTAB vmlinux.unstripped
  OBJCOPY vmlinux
  GEN     modules.builtin.modinfo
  GEN     modules.builtin
  OBJCOPY arch/arm64/boot/Image
make[3]: Leaving directory '/home/benni/git/kernel-test/build/tinynsconfig-arm64'
make[2]: Leaving directory '/home/benni/git/linux'
