make[3]: Entering directory '/home/benni/git/linux'
make[4]: Entering directory '/home/benni/git/kernel-test/build/randdefconfig-riscv'
*** Default configuration is based on 'defconfig'
#
# configuration written to .config
#
make[4]: Leaving directory '/home/benni/git/kernel-test/build/randdefconfig-riscv'
make[3]: Leaving directory '/home/benni/git/linux'
make[3]: Entering directory '/home/benni/git/linux'
make[4]: Entering directory '/home/benni/git/kernel-test/build/randdefconfig-riscv'
.config:7282:warning: override: reassigning to symbol NET_VENDOR_SILAN
.config:7283:warning: override: reassigning to symbol OF_EARLY_FLATTREE
.config:7284:warning: override: reassigning to symbol PNFS_FLEXFILE_LAYOUT
.config:7285:warning: override: reassigning to symbol IOMMU_PT_RISCV64
.config:7286:warning: override: reassigning to symbol NFS_V4_2_READ_PLUS
.config:7287:warning: override: reassigning to symbol USB_F_MASS_STORAGE
.config:7288:warning: override: reassigning to symbol NEED_TASKS_RCU
.config:7289:warning: override: reassigning to symbol NET
.config:7290:warning: override: reassigning to symbol TOOLCHAIN_HAS_ZBB
.config:7291:warning: override: reassigning to symbol COMPACTION
.config:7292:warning: override: reassigning to symbol USB_EHCI_PCI
.config:7293:warning: override: reassigning to symbol NET_CLS_CGROUP
.config:7294:warning: override: reassigning to symbol FIRMWARE_TABLE
.config:7295:warning: override: reassigning to symbol CLK_STARFIVE_JH7110_PLL
.config:7296:warning: override: reassigning to symbol SND_SPI
.config:7297:warning: override: reassigning to symbol OF_MDIO
.config:7298:warning: override: reassigning to symbol SUN6I_MSGBOX
.config:7299:warning: override: reassigning to symbol STRICT_KERNEL_RWX
.config:7300:warning: override: reassigning to symbol CRYPTO_CMAC
.config:7301:warning: override: reassigning to symbol KERNFS
.config:7302:warning: override: reassigning to symbol CLK_STARFIVE_JH7110_STG
.config:7303:warning: override: reassigning to symbol BLK_CGROUP_RWSTAT
.config:7304:warning: override: reassigning to symbol EFI_ESRT
.config:7305:warning: override: reassigning to symbol CLK_SOPHGO_CV1800
.config:7306:warning: override: reassigning to symbol USB_F_NCM
.config:7307:warning: override: reassigning to symbol SND_USB
.config:7308:warning: override: reassigning to symbol MTD_MAP_BANK_WIDTH_1
.config:7309:warning: override: reassigning to symbol CLK_SOPHGO_SG2042_CLKGEN
.config:7310:warning: override: reassigning to symbol XZ_DEC_POWERPC
.config:7311:warning: override: reassigning to symbol FIX_EARLYCON_MEM
.config:7312:warning: override: reassigning to symbol IP_PNP_RARP
.config:7313:warning: override: reassigning to symbol VGA_ARB
.config:7314:warning: override: reassigning to symbol HAVE_ARCH_BITREVERSE
.config:7315:warning: override: reassigning to symbol MMU_LAZY_TLB_REFCOUNT
.config:7316:warning: override: reassigning to symbol MICREL_PHY
.config:7317:warning: override: reassigning to symbol NET_VENDOR_ALIBABA
.config:7318:warning: override: reassigning to symbol NET_SCH_FIFO
.config:7319:warning: override: reassigning to symbol SERIO_LIBPS2
.config:7320:warning: override: reassigning to symbol DWMAC_SPACEMIT
.config:7321:warning: override: reassigning to symbol BTRFS_FS
.config:7322:warning: override: reassigning to symbol MTD_BLKDEVS
.config:7323:warning: override: reassigning to symbol ERRATA_THEAD_CMO
.config:7324:warning: override: reassigning to symbol CRYPTO_KPP2
.config:7325:warning: override: reassigning to symbol DQL
.config:7326:warning: override: reassigning to symbol GENERIC_IRQ_IPI
.config:7327:warning: override: reassigning to symbol MTD_CFI_ADV_OPTIONS
.config:7328:warning: override: reassigning to symbol BLK_DEV_PMEM
.config:7329:warning: override: reassigning to symbol CLK_ANALOGBITS_WRPLL_CLN28HPC
.config:7330:warning: override: reassigning to symbol RISCV_PMU_SBI
.config:7331:warning: override: reassigning to symbol RESET_POLARFIRE_SOC
.config:7332:warning: override: reassigning to symbol FB_IOMEM_HELPERS
.config:7333:warning: override: reassigning to symbol SECURITY_APPARMOR_EXPORT_BINARY
.config:7334:warning: override: reassigning to symbol MEDIA_CONTROLLER
.config:7335:warning: override: reassigning to symbol NET_VENDOR_ALACRITECH
.config:7336:warning: override: reassigning to symbol IOMMU_SUPPORT
.config:7337:warning: override: reassigning to symbol CPUSETS
.config:7338:warning: override: reassigning to symbol DWMAC_SUN55I
.config:7339:warning: override: reassigning to symbol QUEUED_SPINLOCKS
.config:7340:warning: override: reassigning to symbol NFS_FS
.config:7341:warning: override: reassigning to symbol HAVE_GCC_PLUGINS
.config:7342:warning: override: reassigning to symbol DWMAC_SUN8I
.config:7343:warning: override: reassigning to symbol VIRTIO_PCI_LEGACY
.config:7344:warning: override: reassigning to symbol ARCH_USE_MEMTEST
.config:7345:warning: override: reassigning to symbol HAVE_ARCH_SOFT_DIRTY
.config:7346:warning: override: reassigning to symbol NET_VENDOR_WIZNET
.config:7347:warning: override: reassigning to symbol SERIAL_8250_16550A_VARIANTS
.config:7348:warning: override: reassigning to symbol POWER_SEQUENCING
.config:7349:warning: override: reassigning to symbol DRM_SUN4I
.config:7350:warning: override: reassigning to symbol WLAN_VENDOR_RSI
.config:7351:warning: override: reassigning to symbol NET_VENDOR_HISILICON
.config:7352:warning: override: reassigning to symbol RATIONAL
.config:7353:warning: override: reassigning to symbol UPROBES
.config:7354:warning: override: reassigning to symbol NET_VENDOR_OKI
.config:7355:warning: override: reassigning to symbol BACKLIGHT_CLASS_DEVICE
.config:7356:warning: override: reassigning to symbol PM_GENERIC_DOMAINS_OF
.config:7357:warning: override: reassigning to symbol USB_CONFIGFS_OBEX
.config:7358:warning: override: reassigning to symbol NET_VENDOR_LITEX
.config:7359:warning: override: reassigning to symbol MCHP_CLK_MPFS
.config:7360:warning: override: reassigning to symbol VIDEO_V4L2_I2C
.config:7361:warning: override: reassigning to symbol CHECKPOINT_RESTORE
.config:7362:warning: override: reassigning to symbol PHYS_ADDR_T_64BIT
.config:7363:warning: override: reassigning to symbol PCI_HOST_GENERIC
.config:7364:warning: override: reassigning to symbol GENERIC_ENTRY
.config:7365:warning: override: reassigning to symbol DTC
.config:7366:warning: override: reassigning to symbol AS_HAS_OPTION_ARCH
.config:7367:warning: override: reassigning to symbol HAVE_PCI
.config:7368:warning: override: reassigning to symbol HAVE_KERNEL_GZIP
.config:7369:warning: override: reassigning to symbol PINCTRL_SOPHGO_SG2002
.config:7370:warning: override: reassigning to symbol PINCTRL_SOPHGO_COMMON
.config:7371:warning: override: reassigning to symbol NET_VENDOR_TEHUTI
.config:7372:warning: override: reassigning to symbol GPIO_SPACEMIT_K1
.config:7373:warning: override: reassigning to symbol CPU_MITIGATIONS
.config:7374:warning: override: reassigning to symbol USB_OHCI_HCD_PCI
.config:7375:warning: override: reassigning to symbol USB_CDNS3_STARFIVE
.config:7376:warning: override: reassigning to symbol PHY_SUN6I_MIPI_DPHY
.config:7377:warning: override: reassigning to symbol CLONE_BACKWARDS
.config:7378:warning: override: reassigning to symbol NETFILTER_ADVANCED
.config:7379:warning: override: reassigning to symbol INITRAMFS_PRESERVE_MTIME
.config:7380:warning: override: reassigning to symbol BUG
.config:7381:warning: override: reassigning to symbol GENERIC_PINMUX_FUNCTIONS
.config:7382:warning: override: reassigning to symbol RAMDAX
.config:7383:warning: override: reassigning to symbol HID
.config:7384:warning: override: reassigning to symbol INET_ESP
.config:7385:warning: override: reassigning to symbol NET_INGRESS
.config:7386:warning: override: reassigning to symbol SMP
.config:7387:warning: override: reassigning to symbol MFD_SYSCON
.config:7388:warning: override: reassigning to symbol MQ_IOSCHED_DEADLINE
.config:7389:warning: override: reassigning to symbol PINCTRL_ULTRARISC
.config:7390:warning: override: reassigning to symbol HZ_250
.config:7391:warning: override: reassigning to symbol DRM_DISPLAY_DP_HELPER
.config:7392:warning: override: reassigning to symbol ARCH_MICROCHIP_POLARFIRE
.config:7393:warning: override: reassigning to symbol EXPORTFS
.config:7394:warning: override: reassigning to symbol SPI_SIFIVE
.config:7395:warning: override: reassigning to symbol MAILBOX
.config:7396:warning: override: reassigning to symbol CC_HAS_SANE_FUNCTION_ALIGNMENT
.config:7397:warning: override: reassigning to symbol CRYPTO_HMAC
.config:7398:warning: override: reassigning to symbol CRC7
.config:7399:warning: override: reassigning to symbol RISCV_SBI_CPUIDLE
.config:7400:warning: override: reassigning to symbol PHY_SUN4I_USB
.config:7401:warning: override: reassigning to symbol DMA_SUN6I
.config:7402:warning: override: reassigning to symbol SUSPEND
.config:7403:warning: override: reassigning to symbol TOOLCHAIN_HAS_ZABHA
.config:7404:warning: override: reassigning to symbol USB_CONFIGFS_EEM
.config:7405:warning: override: reassigning to symbol NET_VENDOR_MICREL
.config:7406:warning: override: reassigning to symbol INPUT_KEYBOARD
.config:7407:warning: override: reassigning to symbol CLK_STARFIVE_JH71X0
.config:7408:warning: override: reassigning to symbol SUN20I_PPU
.config:7409:warning: override: reassigning to symbol PCI_DOMAINS_GENERIC
.config:7410:warning: override: reassigning to symbol FB_SYS_COPYAREA
.config:7411:warning: override: reassigning to symbol SECURITY_SELINUX_DEVELOP
.config:7412:warning: override: reassigning to symbol NAMESPACES
.config:7413:warning: override: reassigning to symbol HAVE_KERNEL_UNCOMPRESSED
.config:7414:warning: override: reassigning to symbol REGMAP_SPI
.config:7415:warning: override: reassigning to symbol STARFIVE_JHB100_INTC
.config:7416:warning: override: reassigning to symbol RD_LZO
.config:7417:warning: override: reassigning to symbol SYSFS
.config:7418:warning: override: reassigning to symbol SCHED_HRTICK
.config:7419:warning: override: reassigning to symbol TASKS_RCU
.config:7420:warning: override: reassigning to symbol BRIDGE_IGMP_SNOOPING
.config:7421:warning: override: reassigning to symbol DNOTIFY
.config:7422:warning: override: reassigning to symbol TIME_NS_VDSO
.config:7423:warning: override: reassigning to symbol DRM
.config:7424:warning: override: reassigning to symbol ARCH_OPTIONAL_KERNEL_RWX_DEFAULT
.config:7425:warning: override: reassigning to symbol NETFILTER_XTABLES
.config:7426:warning: override: reassigning to symbol ERRATA_THEAD
.config:7427:warning: override: reassigning to symbol OID_REGISTRY
.config:7428:warning: override: reassigning to symbol DRM_PANEL_BRIDGE
.config:7429:warning: override: reassigning to symbol NETFILTER_XT_MATCH_IPVS
.config:7430:warning: override: reassigning to symbol PINMUX
.config:7431:warning: override: reassigning to symbol MEDIA_SUPPORT
.config:7432:warning: override: reassigning to symbol HOTPLUG_SPLIT_STARTUP
.config:7433:warning: override: reassigning to symbol INTEGRITY
.config:7434:warning: override: reassigning to symbol PCI_HOST_COMMON
.config:7435:warning: override: reassigning to symbol RISCV_PMU
.config:7436:warning: override: reassigning to symbol INPUT_MOUSE
.config:7437:warning: override: reassigning to symbol RISCV_PROBE_UNALIGNED_ACCESS
.config:7438:warning: override: reassigning to symbol PWM_PXA
.config:7439:warning: override: reassigning to symbol CRYPTO_SHA1
.config:7440:warning: override: reassigning to symbol RAID6_PQ
.config:7441:warning: override: reassigning to symbol PM_GENERIC_DOMAINS_SLEEP
.config:7442:warning: override: reassigning to symbol ACPI
.config:7443:warning: override: reassigning to symbol CDROM
.config:7444:warning: override: reassigning to symbol LD_IS_BFD
.config:7445:warning: override: reassigning to symbol ERRATA_THEAD_PMU
.config:7446:warning: override: reassigning to symbol VHOST_MENU
.config:7447:warning: override: reassigning to symbol IOMMU_DEFAULT_DMA_STRICT
.config:7448:warning: override: reassigning to symbol PCI_DOMAINS
.config:7449:warning: override: reassigning to symbol CRYPTO_KRB5
.config:7450:warning: override: reassigning to symbol TIME_NS
.config:7451:warning: override: reassigning to symbol HAVE_ARCH_TRANSPARENT_HUGEPAGE_PUD
.config:7452:warning: override: reassigning to symbol BLK_PM
.config:7453:warning: override: reassigning to symbol ARCH_MHP_MEMMAP_ON_MEMORY_ENABLE
.config:7454:warning: override: reassigning to symbol NET_VENDOR_MUCSE
.config:7455:warning: override: reassigning to symbol NET_9P_FD
.config:7456:warning: override: reassigning to symbol DMA_NONCOHERENT_MMAP
.config:7457:warning: override: reassigning to symbol VIRTIO_DMA_SHARED_BUFFER
.config:7458:warning: override: reassigning to symbol KVM_COMMON
.config:7459:warning: override: reassigning to symbol RESET_EIC7700
.config:7460:warning: override: reassigning to symbol USB
.config:7461:warning: override: reassigning to symbol FW_LOADER
.config:7462:warning: override: reassigning to symbol UNIX98_PTYS
.config:7463:warning: override: reassigning to symbol RTC_LIB
.config:7464:warning: override: reassigning to symbol VHOST_ENABLE_FORK_OWNER_CONTROL
.config:7465:warning: override: reassigning to symbol RFS_ACCEL
.config:7466:warning: override: reassigning to symbol PNFS_FILE_LAYOUT
.config:7467:warning: override: reassigning to symbol POWER_RESET_GPIO_RESTART
.config:7468:warning: override: reassigning to symbol ARCH_USE_QUEUED_SPINLOCKS
.config:7469:warning: override: reassigning to symbol MEDIA_SUBDRV_AUTOSELECT
.config:7470:warning: override: reassigning to symbol SPARSE_IRQ
.config:7471:warning: override: reassigning to symbol POSIX_TIMERS
.config:7472:warning: override: reassigning to symbol CRYPTO_GENIV
.config:7473:warning: override: reassigning to symbol RISCV_ISA_ZBC
.config:7474:warning: override: reassigning to symbol FSNOTIFY
.config:7475:warning: override: reassigning to symbol ARCH_VIRT
.config:7476:warning: override: reassigning to symbol PINCONF
.config:7477:warning: override: reassigning to symbol HAVE_RETHOOK
.config:7478:warning: override: reassigning to symbol HAVE_REGS_AND_STACK_ACCESS_API
.config:7479:warning: override: reassigning to symbol PCC
.config:7480:warning: override: reassigning to symbol USB_SUPPORT
.config:7481:warning: override: reassigning to symbol ARCH_SUPPORTS_KEXEC_PURGATORY
.config:7482:warning: override: reassigning to symbol FB_CFB_FILLRECT
.config:7483:warning: override: reassigning to symbol DMADEVICES
.config:7484:warning: override: reassigning to symbol HAVE_ARCH_VMAP_STACK
.config:7485:warning: override: reassigning to symbol SPI_MASTER
.config:7486:warning: override: reassigning to symbol NET_VENDOR_ROCKER
.config:7487:warning: override: reassigning to symbol IP_VS_PROTO_TCP
.config:7488:warning: override: reassigning to symbol SND_CTL_FAST_LOOKUP
.config:7489:warning: override: reassigning to symbol GENERIC_PENDING_IRQ
.config:7490:warning: override: reassigning to symbol ARCH_HAS_PTE_SPECIAL
.config:7491:warning: override: reassigning to symbol EXT4_FS_POSIX_ACL
.config:7492:warning: override: reassigning to symbol NETWORK_SECMARK
.config:7493:warning: override: reassigning to symbol ARCH_ULTRARISC
.config:7494:warning: override: reassigning to symbol TOOLCHAIN_HAS_ZBKB
.config:7495:warning: override: reassigning to symbol CFS_BANDWIDTH
.config:7496:warning: override: reassigning to symbol STRICT_MODULE_RWX
.config:7497:warning: override: reassigning to symbol NET_VENDOR_SUN
.config:7498:warning: override: reassigning to symbol NET_VENDOR_DAVICOM
.config:7499:warning: override: reassigning to symbol MOUSE_PS2_LOGIPS2PP
.config:7500:warning: override: reassigning to symbol CC_NO_ARRAY_BOUNDS
.config:7501:warning: override: reassigning to symbol RISCV_ISA_ZACAS
.config:7502:warning: override: reassigning to symbol UCS2_STRING
.config:7503:warning: override: reassigning to symbol SND_SIMPLE_CARD
.config:7504:warning: override: reassigning to symbol USB_CONFIGFS_RNDIS
.config:7505:warning: override: reassigning to symbol RPMSG
.config:7506:warning: override: reassigning to symbol SPI_PL022
.config:7507:warning: override: reassigning to symbol VIDEO_DEV
.config:7508:warning: override: reassigning to symbol SUNXI_CCU
.config:7509:warning: override: reassigning to symbol NETFILTER_EGRESS
.config:7510:warning: override: reassigning to symbol DWMAC_STARFIVE
.config:7511:warning: override: reassigning to symbol RESET_SUNXI
.config:7512:warning: override: reassigning to symbol I2C_CHARDEV
.config:7513:warning: override: reassigning to symbol ARCH_SUPPORTS_ATOMIC_RMW
.config:7514:warning: override: reassigning to symbol ACPI_BUTTON
.config:7515:warning: override: reassigning to symbol CGROUP_WRITEBACK
.config:7516:warning: override: reassigning to symbol ARCH_HAS_DMA_PREP_COHERENT
.config:7517:warning: override: reassigning to symbol XZ_DEC_SPARC
.config:7518:warning: override: reassigning to symbol SYMBOLIC_ERRNAME
.config:7519:warning: override: reassigning to symbol SOUND
.config:7520:warning: override: reassigning to symbol SERIAL_MCTRL_GPIO
.config:7521:warning: override: reassigning to symbol BLK_DEV_NVME
.config:7522:warning: override: reassigning to symbol DRM_DW_HDMI
.config:7523:warning: override: reassigning to symbol BLK_DEV_LOOP
.config:7524:warning: override: reassigning to symbol HAVE_IOREMAP_PROT
.config:7525:warning: override: reassigning to symbol LOCK_MM_AND_FIND_VMA
.config:7526:warning: override: reassigning to symbol DT_IDLE_STATES
.config:7527:warning: override: reassigning to symbol USB_PCI
.config:7528:warning: override: reassigning to symbol VT_HW_CONSOLE_BINDING
.config:7529:warning: override: reassigning to symbol SUN20I_D1_R_CCU
.config:7530:warning: override: reassigning to symbol BPF_SYSCALL
.config:7531:warning: override: reassigning to symbol RISCV_ISA_XTHEADVECTOR
.config:7532:warning: override: reassigning to symbol SECURITY_APPARMOR
.config:7533:warning: override: reassigning to symbol UNIX
.config:7534:warning: override: reassigning to symbol HAVE_CLK
.config:7535:warning: override: reassigning to symbol LIBNVDIMM
.config:7536:warning: override: reassigning to symbol HAVE_KERNEL_LZ4
.config:7537:warning: override: reassigning to symbol TOOLCHAIN_HAS_ZBA
.config:7538:warning: override: reassigning to symbol DMA_DIRECT_REMAP
.config:7539:warning: override: reassigning to symbol RISCV_DMA_NONCOHERENT
.config:7540:warning: override: reassigning to symbol BLK_DEV_WRITE_MOUNTED
.config:7541:warning: override: reassigning to symbol ARCH_HAS_KCOV
.config:7542:warning: override: reassigning to symbol EXECMEM
.config:7543:warning: override: reassigning to symbol FB_DMAMEM_HELPERS
.config:7544:warning: override: reassigning to symbol RISCV_PMU_LEGACY
.config:7545:warning: override: reassigning to symbol ARCH_STARFIVE
.config:7546:warning: override: reassigning to symbol CRYPTO_DEV_VIRTIO
.config:7547:warning: override: reassigning to symbol DRM_TTM_HELPER
.config:7548:warning: override: reassigning to symbol SERIAL_8250_PCILIB
.config:7549:warning: override: reassigning to symbol JOLIET
.config:7550:warning: override: reassigning to symbol VIRTIO
.config:7551:warning: override: reassigning to symbol PROBE_EVENTS
.config:7552:warning: override: reassigning to symbol CLK_STARFIVE_JH7110_SYS
.config:7553:warning: override: reassigning to symbol GPIO_SIFIVE
.config:7554:warning: override: reassigning to symbol CACHEMAINT_FOR_DMA
.config:7555:warning: override: reassigning to symbol PINCTRL_TH1520
.config:7556:warning: override: reassigning to symbol RESET_STARFIVE_JH7100
.config:7557:warning: override: reassigning to symbol ARCH_HAS_SET_MEMORY
.config:7558:warning: override: reassigning to symbol SUNXI_SRAM
.config:7559:warning: override: reassigning to symbol HAVE_LD_DEAD_CODE_DATA_ELIMINATION
.config:7560:warning: override: reassigning to symbol PAGE_REPORTING
.config:7561:warning: override: reassigning to symbol RISCV_ISA_ZICBOP
.config:7562:warning: override: reassigning to symbol ND_CLAIM
.config:7563:warning: override: reassigning to symbol POWER_RESET_SPACEMIT_P1
.config:7564:warning: override: reassigning to symbol HDMI
.config:7565:warning: override: reassigning to symbol ARCH_CANAAN
.config:7566:warning: override: reassigning to symbol PCIE_FU740
.config:7567:warning: override: reassigning to symbol NET_UDP_TUNNEL
.config:7568:warning: override: reassigning to symbol LOCKDEP_SUPPORT
.config:7569:warning: override: reassigning to symbol RTC_INTF_PROC
.config:7570:warning: override: reassigning to symbol CPU_FREQ_GOV_ONDEMAND
.config:7571:warning: override: reassigning to symbol HAVE_ARCH_SECCOMP_FILTER
.config:7572:warning: override: reassigning to symbol PER_VMA_LOCK
.config:7573:warning: override: reassigning to symbol DRM_CLIENT_DEFAULT_FBDEV
.config:7574:warning: override: reassigning to symbol SG_POOL
.config:7575:warning: override: reassigning to symbol GCC_SUPPORTS_DYNAMIC_FTRACE
.config:7576:warning: override: reassigning to symbol NET_VENDOR_RENESAS
.config:7577:warning: override: reassigning to symbol PINCTRL_SOPHGO_SG2000
.config:7578:warning: override: reassigning to symbol GENERIC_CLOCKEVENTS
.config:7579:warning: override: reassigning to symbol PAGE_SIZE_LESS_THAN_256KB
.config:7580:warning: override: reassigning to symbol NET_DEVMEM
.config:7581:warning: override: reassigning to symbol GENERIC_STRNCPY_FROM_USER
.config:7595:warning: override: reassigning to symbol PRINTK
.config:7599:warning: override: reassigning to symbol TTY
.config:7602:warning: override: reassigning to symbol BLK_DEV_INITRD
.config:7603:warning: override: reassigning to symbol RD_GZIP
.config:7606:warning: override: reassigning to symbol BINFMT_ELF
.config:7607:warning: override: reassigning to symbol BINFMT_SCRIPT
.config:7610:warning: override: reassigning to symbol TMPFS
.config:7613:warning: override: reassigning to symbol KERNEL_GZIP
.config:7616:warning: override: reassigning to symbol DRM
.config:7617:warning: override: reassigning to symbol SOUND
.config:7618:warning: override: reassigning to symbol STAGING
.config:7619:warning: override: reassigning to symbol INFINIBAND
.config:7620:warning: override: reassigning to symbol MEDIA_SUPPORT
.config:7624:warning: override: reassigning to symbol SERIAL_8250
.config:7625:warning: override: reassigning to symbol SERIAL_8250_CONSOLE
.config:7626:warning: override: reassigning to symbol SERIAL_OF_PLATFORM
.config:7628:warning: override: reassigning to symbol FPU
#
# configuration written to .config
#
make[4]: Leaving directory '/home/benni/git/kernel-test/build/randdefconfig-riscv'
make[3]: Leaving directory '/home/benni/git/linux'
make[3]: Entering directory '/home/benni/git/linux'
make[4]: Entering directory '/home/benni/git/kernel-test/build/randdefconfig-riscv'
  SYNC    include/config/auto.conf
  CC      scripts/mod/empty.o
  CC      scripts/mod/devicetable-offsets.s
  MKELF   scripts/mod/elfconfig.h
  HOSTCC  scripts/mod/modpost.o
  HOSTCC  scripts/mod/sumversion.o
  HOSTCC  scripts/mod/symsearch.o
  HOSTCC  scripts/mod/file2alias.o
  HOSTLD  scripts/mod/modpost
  CC      kernel/bounds.s
  UPD     include/generated/timeconst.h
  CC      arch/riscv/kernel/asm-offsets.s
  UPD     include/generated/asm-offsets.h
  CC      kernel/sched/rq-offsets.s
  UPD     include/generated/rq-offsets.h
  CALL    /home/benni/git/linux/scripts/checksyscalls.sh 
  AS      arch/riscv/kernel/vdso/rt_sigreturn.o
  CC      arch/riscv/kernel/vdso/vgettimeofday.o
  AS      arch/riscv/kernel/vdso/getcpu.o
  AS      arch/riscv/kernel/vdso/flush_icache.o
  CC      arch/riscv/kernel/vdso/hwprobe.o
  AS      arch/riscv/kernel/vdso/sys_hwprobe.o
  CC      arch/riscv/kernel/vdso/getrandom.o
  AS      arch/riscv/kernel/vdso/note.o
  AS      arch/riscv/kernel/vdso/vgetrandom-chacha.o
  VDSOLD  arch/riscv/kernel/vdso/vdso.so.dbg
  VDSOSYM include/generated/vdso-offsets.h
  AS      arch/riscv/kernel/vdso_cfi/rt_sigreturn.o
  CC      arch/riscv/kernel/vdso_cfi/vgettimeofday.o
  AS      arch/riscv/kernel/vdso_cfi/getcpu.o
  AS      arch/riscv/kernel/vdso_cfi/flush_icache.o
  CC      arch/riscv/kernel/vdso_cfi/hwprobe.o
  AS      arch/riscv/kernel/vdso_cfi/sys_hwprobe.o
  CC      arch/riscv/kernel/vdso_cfi/getrandom.o
  AS      arch/riscv/kernel/vdso_cfi/note.o
  AS      arch/riscv/kernel/vdso_cfi/vgetrandom-chacha.o
  VDSOLD  arch/riscv/kernel/vdso_cfi/vdso-cfi.so.dbg
riscv64-linux-gnu-ld: warning: arch/riscv/kernel/vdso_cfi/rt_sigreturn.o: unsupported GNU_PROPERTY_TYPE (5) type: 0xc0000000
riscv64-linux-gnu-ld: warning: arch/riscv/kernel/vdso_cfi/vgettimeofday.o: unsupported GNU_PROPERTY_TYPE (5) type: 0xc0000000
riscv64-linux-gnu-ld: warning: arch/riscv/kernel/vdso_cfi/getcpu.o: unsupported GNU_PROPERTY_TYPE (5) type: 0xc0000000
riscv64-linux-gnu-ld: warning: arch/riscv/kernel/vdso_cfi/flush_icache.o: unsupported GNU_PROPERTY_TYPE (5) type: 0xc0000000
riscv64-linux-gnu-ld: warning: arch/riscv/kernel/vdso_cfi/hwprobe.o: unsupported GNU_PROPERTY_TYPE (5) type: 0xc0000000
riscv64-linux-gnu-ld: warning: arch/riscv/kernel/vdso_cfi/sys_hwprobe.o: unsupported GNU_PROPERTY_TYPE (5) type: 0xc0000000
riscv64-linux-gnu-ld: warning: arch/riscv/kernel/vdso_cfi/getrandom.o: unsupported GNU_PROPERTY_TYPE (5) type: 0xc0000000
riscv64-linux-gnu-ld: warning: arch/riscv/kernel/vdso_cfi/note.o: unsupported GNU_PROPERTY_TYPE (5) type: 0xc0000000
riscv64-linux-gnu-ld: warning: arch/riscv/kernel/vdso_cfi/vgetrandom-chacha.o: unsupported GNU_PROPERTY_TYPE (5) type: 0xc0000000
riscv64-linux-gnu-objcopy: warning: arch/riscv/kernel/vdso_cfi/vdso-cfi.so.dbg.tmp: unsupported GNU_PROPERTY_TYPE (5) type: 0xc0000000
riscv64-linux-gnu-objcopy: warning: arch/riscv/kernel/vdso_cfi/vdso-cfi.so.dbg.tmp: unsupported GNU_PROPERTY_TYPE (5) type: 0xc0000000
riscv64-linux-gnu-objcopy: warning: arch/riscv/kernel/vdso_cfi/vdso-cfi.so.dbg.tmp: unsupported GNU_PROPERTY_TYPE (5) type: 0xc0000000
riscv64-linux-gnu-objcopy: warning: arch/riscv/kernel/vdso_cfi/vdso-cfi.so.dbg.tmp: unsupported GNU_PROPERTY_TYPE (5) type: 0xc0000000
riscv64-linux-gnu-objcopy: warning: arch/riscv/kernel/vdso_cfi/vdso-cfi.so.dbg.tmp: unsupported GNU_PROPERTY_TYPE (5) type: 0xc0000000
  VDSOSYM include/generated/vdso-cfi-offsets.h
riscv64-linux-gnu-nm: warning: arch/riscv/kernel/vdso_cfi/vdso-cfi.so.dbg: unsupported GNU_PROPERTY_TYPE (5) type: 0xc0000000
riscv64-linux-gnu-nm: warning: arch/riscv/kernel/vdso_cfi/vdso-cfi.so.dbg: unsupported GNU_PROPERTY_TYPE (5) type: 0xc0000000
riscv64-linux-gnu-nm: warning: arch/riscv/kernel/vdso_cfi/vdso-cfi.so.dbg: unsupported GNU_PROPERTY_TYPE (5) type: 0xc0000000
riscv64-linux-gnu-nm: warning: arch/riscv/kernel/vdso_cfi/vdso-cfi.so.dbg: unsupported GNU_PROPERTY_TYPE (5) type: 0xc0000000
riscv64-linux-gnu-nm: warning: arch/riscv/kernel/vdso_cfi/vdso-cfi.so.dbg: unsupported GNU_PROPERTY_TYPE (5) type: 0xc0000000
  VDSOAS  arch/riscv/kernel/compat_vdso/rt_sigreturn.o
  VDSOAS  arch/riscv/kernel/compat_vdso/getcpu.o
  VDSOAS  arch/riscv/kernel/compat_vdso/flush_icache.o
  VDSOAS  arch/riscv/kernel/compat_vdso/note.o
  VDSOLD  arch/riscv/kernel/compat_vdso/compat_vdso.so.dbg
  VDSOSYM include/generated/compat_vdso-offsets.h
  GEN     usr/initramfs_data.cpio
  AR      drivers/cache/built-in.a
  AS      arch/riscv/lib/clear_page.o
  CC      arch/riscv/errata/andes/errata.o
  CC      init/main.o
  COPY    usr/initramfs_inc_data
  CC      ipc/compat.o
  AS      usr/initramfs_data.o
  CC      arch/riscv/mm/init.o
  CC      arch/riscv/lib/csum.o
  CC      drivers/irqchip/irqchip.o
  CC      security/keys/gc.o
  AR      usr/built-in.a
  CC      security/keys/key.o
  CC      ipc/util.o
  CC      block/bdev.o
  AS      arch/riscv/kernel/head.o
  CC      io_uring/io_uring.o
  CC      arch/riscv/kernel/soc.o
  CC      lib/argv_split.o
  CC      kernel/fork.o
  CC      fs/open.o
  CC      mm/filemap.o
  CC      arch/riscv/lib/delay.o
  CC      arch/riscv/kernel/alternative.o
  CC      lib/bug.o
  AR      arch/riscv/errata/andes/built-in.a
  AS      arch/riscv/errata/sifive/errata_cip_453.o
  AS      arch/riscv/lib/memcpy.o
  CC      arch/riscv/errata/sifive/errata.o
  CC      drivers/irqchip/irq-msi-lib.o
  AS      arch/riscv/lib/memmove.o
  AS      arch/riscv/lib/memset.o
  CC      arch/riscv/kernel/cpu.o
  CC      arch/riscv/lib/riscv_v_helpers.o
  CC      drivers/bus/simple-pm-bus.o
  CC      security/keys/keyring.o
  CC      arch/riscv/mm/extable.o
  CC      ipc/msgutil.o
  CC      arch/riscv/kernel/cpufeature.o
  AR      arch/riscv/errata/sifive/built-in.a
  CC      block/fops.o
  CC      arch/riscv/errata/thead/errata.o
  CC      lib/buildid.o
  UPD     init/utsversion-tmp.h
  CC      init/do_mounts.o
  CC      drivers/irqchip/irq-riscv-intc.o
  AR      drivers/bus/built-in.a
  AS      arch/riscv/lib/strchr.o
  CC      security/commoncap.o
  CC      lib/clz_tab.o
  AS      arch/riscv/lib/strcmp.o
  CC      fs/read_write.o
  AS      arch/riscv/lib/strlen.o
  AS      arch/riscv/lib/strncmp.o
  CC      mm/mempool.o
  AS      arch/riscv/lib/strnlen.o
  AS      arch/riscv/lib/strrchr.o
  CC      arch/riscv/mm/fault.o
  AS      arch/riscv/lib/tishift.o
  AS      arch/riscv/lib/uaccess.o
  AS      arch/riscv/lib/uaccess_vector.o
  AR      arch/riscv/lib/lib.a
  CC      arch/riscv/mm/pageattr.o
  AR      arch/riscv/errata/thead/built-in.a
  AR      arch/riscv/errata/built-in.a
  CC      security/keys/keyctl.o
  CC      ipc/msg.o
  CC      lib/cmdline.o
  AS      arch/riscv/kernel/entry.o
  CC      drivers/irqchip/irq-riscv-aplic-main.o
  CC      arch/riscv/kernel/irq.o
  CC      block/bio.o
  CC      lib/ctype.o
  CC      arch/riscv/kernel/process.o
  CC      kernel/exec_domain.o
  CC      lib/dec_and_lock.o
  CC      arch/riscv/kernel/ptrace.o
  CC      init/do_mounts_initrd.o
  CC      lib/decompress.o
  CC      arch/riscv/mm/pgtable.o
  CC      lib/decompress_bunzip2.o
  CC      security/keys/permission.o
  CC      drivers/irqchip/irq-riscv-aplic-direct.o
  CC      mm/oom_kill.o
  CC      io_uring/opdef.o
  CC      arch/riscv/purgatory/purgatory.o
  CC      arch/riscv/purgatory/sha256.o
  CC      kernel/exec_state.o
  CC      block/elevator.o
  CC      ipc/sem.o
  CC      fs/file_table.o
  CC      drivers/phy/phy-core.o
  CC      drivers/pinctrl/core.o
  CC      arch/riscv/kernel/reset.o
  CC      lib/decompress_inflate.o
  CC      init/initramfs.o
  CC      security/keys/process_keys.o
  CC      arch/riscv/mm/tlbflush.o
  CC      kernel/panic.o
  CC      arch/riscv/kernel/return_address.o
  CC      drivers/irqchip/irq-riscv-aplic-msi.o
  AS      arch/riscv/purgatory/entry.o
  CC      io_uring/kbuf.o
  CC      arch/riscv/purgatory/string.o
  CC      lib/decompress_unlz4.o
  CC      drivers/gpio/gpiolib.o
  CC      arch/riscv/purgatory/ctype.o
  CC      block/blk-core.o
  AS      arch/riscv/purgatory/memcpy.o
  AS      arch/riscv/purgatory/memset.o
  CC      fs/super.o
  AS      arch/riscv/purgatory/strcmp.o
  AS      arch/riscv/purgatory/strlen.o
  CC      arch/riscv/kernel/setup.o
  CC      drivers/phy/phy-core-mipi-dphy.o
  CC      arch/riscv/mm/cacheflush.o
  AS      arch/riscv/purgatory/strncmp.o
  CC      kernel/cpu.o
  CC      mm/fadvise.o
  AS      arch/riscv/purgatory/strnlen.o
  AS      arch/riscv/purgatory/strchr.o
  CC      drivers/irqchip/irq-riscv-imsic-state.o
  CC      drivers/pinctrl/pinctrl-utils.o
  AS      arch/riscv/purgatory/strrchr.o
  CC      lib/decompress_unlzma.o
  CC      init/calibrate.o
  LD      arch/riscv/purgatory/purgatory.ro
  LD      arch/riscv/purgatory/purgatory.chk
  AS      arch/riscv/purgatory/kexec-purgatory.o
  CC      security/keys/request_key.o
  AR      arch/riscv/purgatory/built-in.a
  CC      io_uring/rsrc.o
  CC      ipc/shm.o
  CC      arch/riscv/mm/context.o
  CC      init/init_task.o
  CC      drivers/pinctrl/pinmux.o
  CC      security/lsm_syscalls.o
  CC      lib/decompress_unxz.o
  CC      arch/riscv/kernel/signal.o
  CC      mm/maccess.o
  CC      drivers/phy/spacemit/phy-k1-pcie.o
  CC      security/keys/request_key_auth.o
  CC      drivers/irqchip/irq-riscv-imsic-early.o
  CC      kernel/exit.o
  CC      fs/char_dev.o
  CC      lib/decompress_unzstd.o
  CC      arch/riscv/mm/pmem.o
  CC      init/version.o
  CC      drivers/pinctrl/pinconf.o
  CC      arch/riscv/kernel/syscall_table.o
  CC      io_uring/notif.o
  CC      block/blk-sysfs.o
  CC      security/keys/user_defined.o
  CC      mm/page-writeback.o
  CC      ipc/syscall.o
  CC      drivers/irqchip/irq-riscv-imsic-platform.o
  CC      lib/dump_stack.o
  CC      drivers/pinctrl/pinconf-generic.o
  AR      drivers/phy/spacemit/built-in.a
  AR      drivers/phy/built-in.a
  CC      drivers/irqchip/irq-sifive-plic.o
  CC      fs/stat.o
  CC      drivers/gpio/gpiolib-devres.o
  AR      init/built-in.a
  CC      arch/riscv/mm/hugetlbpage.o
  CC      security/keys/compat.o
  CC      kernel/softirq.o
  CC      drivers/pwm/core.o
  CC      arch/riscv/kernel/sys_riscv.o
  CC      ipc/ipc_sysctl.o
  CC      lib/earlycpio.o
  CC      ipc/namespace.o
  CC      drivers/pinctrl/pinctrl-generic.o
  CC      block/blk-flush.o
  CC      lib/extable.o
  CC      drivers/gpio/gpiolib-legacy.o
  CC      io_uring/tctx.o
  CC      lib/fdt.o
  AR      drivers/irqchip/built-in.a
  CC      drivers/pinctrl/devicetree.o
  CC      security/keys/proc.o
  CC      security/min_addr.o
  CC      arch/riscv/mm/dma-noncoherent.o
  CC      fs/exec.o
  CC      fs/pipe.o
  CC      arch/riscv/kernel/sys_hwprobe.o
  CC      lib/fdt_addresses.o
  CC      block/blk-settings.o
  CC      kernel/resource.o
  AR      ipc/built-in.a
  CC      drivers/gpio/gpiolib-of.o
  CC      lib/fdt_empty_tree.o
  CC      mm/folio-compat.o
  CC      io_uring/filetable.o
  CC      lib/fdt_ro.o
  CC      mm/readahead.o
  CC      lib/fdt_rw.o
  AR      arch/riscv/mm/built-in.a
  CC      fs/namei.o
  CC      security/keys/sysctl.o
  CC      drivers/pinctrl/sophgo/pinctrl-sophgo-common.o
  CC      drivers/pinctrl/sophgo/pinctrl-cv18xx.o
  CC      drivers/pinctrl/sophgo/pinctrl-cv1800b.o
  AR      drivers/pwm/built-in.a
  CC      drivers/pinctrl/spacemit/pinctrl-k1.o
  CC      lib/fdt_strerror.o
  CC      lib/fdt_sw.o
  CC      kernel/sysctl.o
  CC      drivers/gpio/gpiolib-cdev.o
  CC      block/blk-ioc.o
  CC      arch/riscv/kernel/time.o
  AR      security/keys/built-in.a
  CC      security/security.o
  CC      io_uring/rw.o
  CC      lib/fdt_wip.o
  CC      drivers/pinctrl/starfive/pinctrl-starfive-jh7100.o
  CC      drivers/pinctrl/starfive/pinctrl-starfive-jh7110.o
  CC      lib/flex_proportions.o
  CC      drivers/pinctrl/starfive/pinctrl-starfive-jh7110-sys.o
  CC      drivers/pinctrl/starfive/pinctrl-starfive-jh7110-aon.o
  CC      drivers/pinctrl/sophgo/pinctrl-cv1812h.o
  CC      mm/swap.o
  CC      drivers/pci/access.o
  CC      arch/riscv/kernel/traps.o
  CC      lib/idr.o
  CC      block/blk-map.o
  CC      kernel/capability.o
  CC      kernel/ptrace.o
  CC      kernel/user.o
  CC      io_uring/poll.o
  AR      drivers/pinctrl/starfive/built-in.a
  CC      fs/fcntl.o
  CC      drivers/gpio/gpiolib-swnode.o
  CC      block/blk-merge.o
  CC      lib/iomem_copy.o
  CC      drivers/pci/bus.o
  AR      drivers/pinctrl/spacemit/built-in.a
  AR      drivers/pinctrl/sophgo/built-in.a
  CC      drivers/pci/probe.o
  CC      drivers/pinctrl/sunxi/pinctrl-sunxi.o
  CC      drivers/pinctrl/sunxi/pinctrl-sunxi-dt.o
  CC      arch/riscv/kernel/riscv_ksyms.o
  CC      mm/truncate.o
  CC      drivers/pinctrl/sunxi/pinctrl-sun20i-d1.o
  CC      drivers/video/cmdline.o
  CC      drivers/gpio/gpio-mmio.o
  CC      lib/irq_regs.o
  CC      security/lsm_notifier.o
  CC      lib/is_single_threaded.o
  CC      arch/riscv/kernel/stacktrace.o
  CC      lib/klist.o
  CC      arch/riscv/kernel/cacheinfo.o
  CC      fs/ioctl.o
  CC      lib/kobject.o
  CC      kernel/signal.o
  CC      lib/kobject_uevent.o
  CC      block/blk-timeout.o
  CC      io_uring/tw.o
  CC      drivers/gpio/gpio-dwapb.o
  CC      block/blk-lib.o
  CC      drivers/video/nomodeset.o
  AR      drivers/pinctrl/sunxi/built-in.a
  AR      drivers/pinctrl/built-in.a
  CC      drivers/video/console/dummycon.o
  CC      security/lsm_init.o
  CC      fs/readdir.o
  CC      drivers/pci/host-bridge.o
  CC      mm/vmscan.o
  CC      io_uring/wait.o
  CC      arch/riscv/kernel/patch.o
  CC      kernel/sys.o
  CC      io_uring/eventfd.o
  CC      kernel/umh.o
  CC      security/inode.o
  AR      drivers/video/console/built-in.a
  CC      block/blk-mq.o
  AR      drivers/gpio/built-in.a
  CC      kernel/workqueue.o
  CC      io_uring/uring_cmd.o
  CC      lib/logic_pio.o
  CC      drivers/video/fbdev/core/fb_notify.o
  CC      arch/riscv/kernel/vendor_extensions.o
  CC      drivers/pci/remove.o
  CC      security/device_cgroup.o
  CC      fs/select.o
  CC      drivers/video/fbdev/core/fb_info.o
  CC      arch/riscv/kernel/vendor_extensions/andes.o
  CC      lib/maple_tree.o
  CC      io_uring/openclose.o
  CC      fs/dcache.o
  CC      arch/riscv/kernel/vendor_extensions/mips.o
  CC      fs/inode.o
  CC      drivers/video/fbdev/core/fbmem.o
  CC      io_uring/sqpoll.o
  CC      drivers/pci/pci.o
  CC      arch/riscv/kernel/vendor_extensions/mips_hwprobe.o
  CC      block/blk-mq-tag.o
  CC      drivers/pci/pci-driver.o
  CC      arch/riscv/kernel/vendor_extensions/sifive.o
  CC      arch/riscv/kernel/vendor_extensions/sifive_hwprobe.o
  AR      security/built-in.a
  CC      fs/attr.o
  CC      fs/bad_inode.o
  CC      fs/file.o
  CC      arch/riscv/kernel/vendor_extensions/thead.o
  CC      drivers/video/fbdev/core/fbcmap.o
  CC      arch/riscv/kernel/vendor_extensions/thead_hwprobe.o
  CC      arch/riscv/kernel/probes/uprobes.o
  CC      arch/riscv/kernel/probes/decode-insn.o
  CC      mm/shrinker.o
  CC      arch/riscv/kernel/vdso.o
  AR      arch/riscv/kernel/vendor_extensions/built-in.a
  CC      arch/riscv/kernel/probes/simulate-insn.o
  CC      drivers/video/fbdev/core/modedb.o
  CC      mm/shmem.o
  CC      io_uring/xattr.o
  CC      drivers/video/fbdev/core/fbcvt.o
  CC      block/blk-mq-dma.o
  CC      mm/util.o
  CC      kernel/pid.o
  CC      kernel/task_work.o
  CC      mm/mmzone.o
  CC      drivers/pci/search.o
  CC      io_uring/nop.o
  AR      arch/riscv/kernel/probes/built-in.a
  OBJCOPY arch/riscv/kernel/vdso/vdso.so
  AS      arch/riscv/kernel/vdso/vdso.o
  AR      arch/riscv/kernel/vdso/built-in.a
  CC      mm/vmstat.o
  CC      fs/filesystems.o
  OBJCOPY arch/riscv/kernel/vdso_cfi/vdso-cfi.so
riscv64-linux-gnu-objcopy: warning: arch/riscv/kernel/vdso_cfi/vdso-cfi.so.dbg: unsupported GNU_PROPERTY_TYPE (5) type: 0xc0000000
riscv64-linux-gnu-objcopy: warning: arch/riscv/kernel/vdso_cfi/vdso-cfi.so.dbg: unsupported GNU_PROPERTY_TYPE (5) type: 0xc0000000
riscv64-linux-gnu-objcopy: warning: arch/riscv/kernel/vdso_cfi/vdso-cfi.so.dbg: unsupported GNU_PROPERTY_TYPE (5) type: 0xc0000000
riscv64-linux-gnu-objcopy: warning: arch/riscv/kernel/vdso_cfi/vdso-cfi.so.dbg: unsupported GNU_PROPERTY_TYPE (5) type: 0xc0000000
riscv64-linux-gnu-objcopy: warning: arch/riscv/kernel/vdso_cfi/vdso-cfi.so.dbg: unsupported GNU_PROPERTY_TYPE (5) type: 0xc0000000
  CC      drivers/amba/bus.o
  AS      arch/riscv/kernel/vdso_cfi/vdso-cfi.o
  CC      kernel/extable.o
  CC      mm/backing-dev.o
  CC      drivers/video/fbdev/core/fb_cmdline.o
  AR      arch/riscv/kernel/vdso_cfi/built-in.a
  CC      arch/riscv/kernel/traps_misaligned.o
  CC      io_uring/fs.o
  CC      arch/riscv/kernel/unaligned_access_speed.o
  CC      block/blk-stat.o
  CC      drivers/pci/rebar.o
  CC      drivers/pci/rom.o
  AS      arch/riscv/kernel/vec-copy-unaligned.o
  CC      drivers/clk/clk-devres.o
  CC      drivers/clk/clk-bulk.o
  CC      drivers/video/fbdev/core/fb_backlight.o
  CC      fs/namespace.o
  CC      drivers/soc/microchip/mpfs-irqmux.o
  AR      drivers/amba/built-in.a
  CC      drivers/clk/clkdev.o
  CC      io_uring/splice.o
  CC      drivers/pmdomain/starfive/jh71xx-pmu.o
  CC      block/blk-mq-sysfs.o
  CC      kernel/params.o
  AS      arch/riscv/kernel/fpu.o
  CC      lib/memcat_p.o
  CC      arch/riscv/kernel/kernel_mode_fpu.o
  CC      drivers/pmdomain/sunxi/sun55i-pck600.o
  CC      drivers/pci/setup-res.o
  CC      block/blk-mq-cpumap.o
  CC      drivers/video/fbdev/core/fbmon.o
  CC      mm/mm_init.o
  CC      arch/riscv/kernel/vector.o
  CC      drivers/pci/irq.o
  CC      lib/nmi_backtrace.o
  CC      drivers/soc/microchip/mpfs-control-scb.o
  CC      drivers/clk/clk.o
  CC      io_uring/sync.o
  AR      drivers/pmdomain/starfive/built-in.a
  CC      block/blk-mq-sched.o
  CC      block/ioctl.o
  CC      fs/seq_file.o
  AR      drivers/pmdomain/sunxi/built-in.a
  CC      drivers/pmdomain/core.o
  CC      arch/riscv/kernel/kernel_mode_vector.o
  CC      mm/percpu.o
  CC      kernel/kthread.o
  CC      drivers/clk/clk-divider.o
  CC      drivers/soc/microchip/mpfs-mss-top-sysreg.o
  CC      lib/objpool.o
  CC      drivers/video/fbdev/core/fb_chrdev.o
  CC      drivers/pci/vpd.o
  CC      io_uring/msg_ring.o
  CC      mm/slab_common.o
  CC      lib/plist.o
  AR      drivers/soc/microchip/built-in.a
  CC      drivers/clk/clk-fixed-factor.o
  CC      arch/riscv/kernel/module.o
  CC      drivers/virtio/virtio.o
  CC      drivers/soc/sunxi/sunxi_sram.o
  CC      lib/radix-tree.o
  CC      drivers/virtio/virtio_ring.o
  CC      block/genhd.o
  CC      drivers/pci/setup-bus.o
  CC      kernel/sys_ni.o
  CC      drivers/video/fbdev/core/fb_procfs.o
  CC      io_uring/advise.o
  AS      arch/riscv/kernel/suspend_entry.o
  AR      drivers/soc/sunxi/built-in.a
  CC      drivers/virtio/virtio_anchor.o
  AR      drivers/soc/built-in.a
  CC      drivers/pmdomain/governor.o
  CC      drivers/video/fbdev/core/fbsysfs.o
  CC      arch/riscv/kernel/suspend.o
  CC      mm/compaction.o
  CC      kernel/nsproxy.o
  CC      fs/xattr.o
  CC      drivers/pci/vc.o
  CC      lib/ratelimit.o
  CC      kernel/nstree.o
  CC      drivers/pci/mmap.o
  CC      io_uring/statx.o
  CC      drivers/clk/clk-fixed-rate.o
  CC      block/ioprio.o
  CC      lib/rbtree.o
  AR      drivers/pmdomain/built-in.a
  CC      fs/libfs.o
  CC      drivers/clk/clk-gate.o
  CC      arch/riscv/kernel/perf_callchain.o
  CC      drivers/video/fbdev/core/fbcon.o
  CC      mm/show_mem.o
  CC      mm/interval_tree.o
  CC      lib/seq_buf.o
  CC      kernel/nscommon.o
  CC      drivers/pci/devres.o
  CC      block/badblocks.o
  CC      io_uring/timeout.o
  CC      drivers/regulator/core.o
  CC      drivers/clk/clk-multiplier.o
  CC      block/partitions/core.o
  CC      arch/riscv/kernel/perf_regs.o
  CC      drivers/virtio/virtio_pci_modern_dev.o
  CC      drivers/regulator/dummy.o
  CC      lib/siphash.o
  CC      drivers/virtio/virtio_mmio.o
  CC      kernel/notifier.o
  CC      drivers/video/fbdev/core/bitblit.o
  CC      mm/list_lru.o
  CC      drivers/clk/clk-mux.o
  CC      drivers/pci/msi/pcidev_msi.o
  CC      lib/string.o
  CC      fs/fs-writeback.o
  CC      kernel/ksysfs.o
  CC      io_uring/cancel.o
  CC      arch/riscv/kernel/sbi.o
  CC      lib/sys_info.o
  CC      block/partitions/msdos.o
  CC      drivers/pci/msi/api.o
  CC      kernel/cred.o
  CC      drivers/pci/pcie/portdrv.o
  CC      drivers/virtio/virtio_pci_modern.o
  CC      drivers/clk/clk-composite.o
  CC      drivers/pci/pwrctrl/core.o
  CC      drivers/pci/pcie/rcec.o
  CC      drivers/video/fbdev/core/softcursor.o
  CC      drivers/pci/pwrctrl/generic.o
  CC      arch/riscv/kernel/sbi_ecall.o
  CC      lib/timerqueue.o
  CC      mm/workingset.o
  CC      drivers/pci/msi/msi.o
  CC      block/partitions/efi.o
  CC      io_uring/waitid.o
  CC      drivers/clk/clk-fractional-divider.o
  CC      drivers/clk/clk-gpio.o
  CC      lib/vsprintf.o
  CC      kernel/reboot.o
  CC      io_uring/register.o
  CC      drivers/virtio/virtio_pci_common.o
  CC      drivers/pci/pcie/bwctrl.o
  AR      drivers/video/fbdev/core/built-in.a
  AR      drivers/pci/pwrctrl/built-in.a
  AR      drivers/video/fbdev/built-in.a
  CC      drivers/pci/msi/irqdomain.o
  AR      drivers/video/built-in.a
  CC      lib/win_minmax.o
  CC      arch/riscv/kernel/jump_label.o
  CC      lib/xarray.o
  CC      drivers/regulator/fixed-helper.o
  CC      mm/debug.o
  CC      drivers/clk/clk-conf.o
  AR      block/partitions/built-in.a
  CC      block/blk-rq-qos.o
  CC      fs/pnode.o
  CC      block/disk-events.o
  CC      drivers/pci/pcie/aspm.o
  CC      lib/lockref.o
  AR      drivers/pci/msi/built-in.a
  CC      lib/bcd.o
  CC      drivers/virtio/virtio_balloon.o
  CC      kernel/async.o
  CC      block/blk-ia-ranges.o
  CC      arch/riscv/kernel/efi.o
  CC      arch/riscv/kernel/compat_syscall_table.o
  CC      drivers/regulator/helpers.o
  CC      drivers/clk/analogbits/wrpll-cln28hpc.o
  CC      mm/gup.o
  CC      fs/splice.o
  CC      io_uring/truncate.o
  CC      drivers/regulator/devres.o
  CC      drivers/regulator/irq_helpers.o
  CC      drivers/regulator/of_regulator.o
  CC      kernel/range.o
  CC      block/early-lookup.o
  CC      kernel/smpboot.o
  CC      arch/riscv/kernel/compat_signal.o
  CC      drivers/pci/pcie/pme.o
  AR      drivers/clk/analogbits/built-in.a
  CC      drivers/clk/eswin/clk.o
  CC      fs/sync.o
  CC      drivers/virtio/virtio_input.o
  CC      drivers/clk/eswin/clk-eic7700.o
  CC      lib/sort.o
  CC      io_uring/memmap.o
  CC      drivers/reset/core.o
  CC      drivers/pci/proc.o
  CC      mm/mmap_lock.o
  CC      kernel/ucount.o
  CC      block/bsg.o
  CC      drivers/regulator/fixed.o
  CC      lib/parser.o
  AR      drivers/pci/pcie/built-in.a
  CC      kernel/regset.o
  CC      block/blk-cgroup.o
  AR      drivers/clk/eswin/built-in.a
  CC      drivers/tty/tty_io.o
  OBJCOPY arch/riscv/kernel/compat_vdso/compat_vdso.so
  AS      arch/riscv/kernel/compat_vdso/compat_vdso.o
  AR      drivers/clk/microchip/built-in.a
  CC      drivers/clk/sifive/sifive-prci.o
  AR      drivers/virtio/built-in.a
  AR      arch/riscv/kernel/compat_vdso/built-in.a
  CC      mm/vma_init.o
  CC      arch/riscv/kernel/pi/cmdline_early.o
  CC      fs/utimes.o
  CC      drivers/regulator/axp20x-regulator.o
  CC      lib/debug_locks.o
  CC      io_uring/alloc_cache.o
  CC      kernel/ksyms_common.o
  CC      drivers/pci/pci-sysfs.o
  CC      arch/riscv/kernel/pi/fdt_early.o
  CC      lib/random32.o
  CC      drivers/regulator/gpio-regulator.o
  CC      drivers/reset/spacemit/reset-spacemit-common.o
  CC      drivers/reset/spacemit/reset-spacemit-k1.o
  CC      drivers/reset/spacemit/reset-spacemit-k3.o
  CC      drivers/char/mem.o
  CC      arch/riscv/kernel/pi/string.o
  AR      drivers/clk/sifive/built-in.a
  CC      drivers/clk/sophgo/clk-sg2042-pll.o
  CC      arch/riscv/kernel/pi/ctype.o
  CC      mm/highmem.o
  CC      lib/bust_spinlocks.o
  CC      arch/riscv/kernel/pi/lib-fdt.o
  CC      fs/d_path.o
  CC      io_uring/query.o
  CC      kernel/groups.o
  CC      arch/riscv/kernel/pi/lib-fdt_ro.o
  CC      drivers/clk/spacemit/ccu_common.o
  CC      mm/memory.o
  AR      drivers/reset/spacemit/built-in.a
  AR      drivers/reset/starfive/built-in.a
  CC      drivers/reset/reset-simple.o
  CC      block/blk-cgroup-rwstat.o
  CC      drivers/regulator/spacemit-p1.o
  CC      arch/riscv/kernel/pi/archrandom_early.o
  CC      lib/kasprintf.o
  OBJCOPY arch/riscv/kernel/pi/cmdline_early.pi.o
  OBJCOPY arch/riscv/kernel/pi/fdt_early.pi.o
  AR      drivers/clk/sophgo/built-in.a
  OBJCOPY arch/riscv/kernel/pi/string.pi.o
  CC      drivers/tty/n_tty.o
  OBJCOPY arch/riscv/kernel/pi/ctype.pi.o
  OBJCOPY arch/riscv/kernel/pi/lib-fdt.pi.o
  OBJCOPY arch/riscv/kernel/pi/lib-fdt_ro.pi.o
  OBJCOPY arch/riscv/kernel/pi/archrandom_early.pi.o
  CC      drivers/char/random.o
  AR      arch/riscv/kernel/pi/built-in.a
  CC      arch/riscv/kernel/bugs.o
  CC      drivers/pci/slot.o
  CC      kernel/sched/core.o
  CC      kernel/locking/mutex.o
  CC      drivers/reset/reset-sunxi.o
  CC      drivers/clk/spacemit/ccu_pll.o
  CC      arch/riscv/kernel/usercfi.o
  CC      fs/stack.o
  CC      io_uring/loop.o
  CC      lib/bitmap.o
  CC      drivers/tty/tty_ioctl.o
  CC      drivers/regulator/sun20i-regulator.o
  CC      block/blk-throttle.o
  CC      io_uring/io-wq.o
  CC      drivers/pci/iomap.o
  CC      drivers/reset/reset-tenstorrent-atlantis.o
  CC      fs/fs_struct.o
  CC      drivers/clk/spacemit/ccu_mix.o
  CC      drivers/pci/of.o
  AR      drivers/regulator/built-in.a
  CC      drivers/clk/spacemit/ccu_ddn.o
  CC      drivers/pci/quirks.o
  LDS     arch/riscv/kernel/vmlinux.lds
  CC      lib/scatterlist.o
  CC      drivers/tty/tty_ldisc.o
  CC      drivers/char/misc.o
  AR      arch/riscv/kernel/built-in.a
  AR      arch/riscv/built-in.a
  CC      drivers/pci/pci-label.o
  AR      drivers/reset/built-in.a
  CC      kernel/locking/semaphore.o
  CC      block/kyber-iosched.o
  CC      drivers/clk/starfive/clk-starfive-jh71x0.o
  CC      drivers/clk/starfive/clk-starfive-jh7100.o
  CC      mm/mincore.o
  CC      fs/statfs.o
  CC      drivers/clk/spacemit/ccu-k1.o
  CC      io_uring/futex.o
  CC      drivers/char/virtio_console.o
  CC      drivers/tty/tty_buffer.o
  CC      kernel/power/qos.o
  CC      fs/fs_pin.o
  CC      kernel/locking/rwsem.o
  CC      lib/list_sort.o
  CC      kernel/printk/printk.o
  CC      lib/uuid.o
  AR      drivers/clk/starfive/built-in.a
  CC      kernel/irq/irqdesc.o
  CC      lib/iov_iter.o
  CC      drivers/clk/spacemit/ccu-k3.o
  CC      kernel/irq/handle.o
  CC      block/bfq-iosched.o
  CC      fs/nsfs.o
  CC      kernel/rcu/update.o
  CC      drivers/tty/tty_port.o
  CC      io_uring/epoll.o
  CC      mm/mlock.o
  CC      kernel/locking/percpu-rwsem.o
  CC      drivers/pci/ecam.o
  CC      kernel/power/main.o
  AR      drivers/clk/spacemit/built-in.a
  CC      drivers/clk/tenstorrent/atlantis-prcm.o
  CC      drivers/char/hw_random/core.o
  CC      fs/fs_dirent.o
  CC      kernel/irq/manage.o
  CC      kernel/rcu/sync.o
  CC      kernel/sched/fair.o
  CC      drivers/tty/tty_mutex.o
  CC      io_uring/fdinfo.o
  CC      kernel/locking/rtmutex_api.o
  CC      lib/clz_ctz.o
  CC      drivers/pci/vgaarb.o
  CC      fs/fs_context.o
  CC      kernel/printk/printk_safe.o
  CC      kernel/power/process.o
  AR      drivers/clk/tenstorrent/built-in.a
  CC      drivers/clk/thead/clk-th1520-ap.o
  CC      drivers/char/hw_random/atmel-rng.o
  CC      mm/mmap.o
  CC      drivers/tty/tty_ldsem.o
  CC      drivers/base/component.o
  CC      kernel/rcu/srcutiny.o
  CC      lib/bsearch.o
  AR      io_uring/built-in.a
  CC      drivers/base/core.o
  CC      kernel/printk/nbcon.o
  CC      drivers/char/hw_random/virtio-rng.o
  CC      kernel/irq/spurious.o
  AR      kernel/locking/built-in.a
  CC      kernel/sched/build_policy.o
  CC      fs/fs_parser.o
  CC      drivers/pci/controller/pci-host-common.o
  AR      drivers/clk/thead/built-in.a
  AR      kernel/power/built-in.a
  AR      drivers/clk/built-in.a
  CC      drivers/pci/controller/pcie-xilinx.o
  CC      fs/fsopen.o
  CC      drivers/tty/tty_baudrate.o
  CC      lib/find_bit.o
  CC      kernel/rcu/tiny.o
  CC      drivers/base/bus.o
  CC      block/bfq-wf2q.o
  CC      kernel/printk/printk_ringbuffer.o
  AR      drivers/char/hw_random/built-in.a
  AR      drivers/char/built-in.a
  CC      kernel/irq/resend.o
  CC      drivers/block/virtio_blk.o
  CC      lib/llist.o
  CC      mm/mmu_gather.o
  CC      drivers/tty/tty_jobctrl.o
  CC      kernel/sched/build_utility.o
  CC      drivers/pci/controller/dwc/pcie-designware.o
  CC      lib/lwq.o
  CC      drivers/pci/controller/dwc/pcie-designware-host.o
  CC      kernel/rcu/rcu_segcblist.o
  CC      fs/init.o
  CC      drivers/pci/controller/dwc/pcie-spacemit-k1.o
  CC      lib/memweight.o
  CC      kernel/printk/sysctl.o
  CC      block/bfq-cgroup.o
  CC      kernel/irq/chip.o
  CC      lib/kfifo.o
  CC      mm/mprotect.o
  CC      drivers/tty/n_null.o
  AR      kernel/printk/built-in.a
  CC      kernel/irq/dummychip.o
  CC      kernel/irq/devres.o
  CC      drivers/base/dd.o
  AR      kernel/rcu/built-in.a
  CC      fs/kernel_read_file.o
  AR      drivers/block/built-in.a
  CC      block/blk-mq-debugfs.o
  CC      drivers/base/syscore.o
  CC      lib/percpu-refcount.o
  CC      drivers/tty/pty.o
  AR      drivers/pci/controller/dwc/built-in.a
  CC      drivers/pci/controller/plda/pcie-plda-host.o
  CC      drivers/pci/trace.o
  CC      lib/rhashtable.o
  CC      drivers/misc/eeprom/eeprom_93cx6.o
  CC      lib/base64.o
  CC      fs/mnt_idmapping.o
  CC      kernel/irq/kexec.o
  CC      kernel/dma/mapping.o
  CC      drivers/tty/vt/vt_ioctl.o
  CC      block/blk-pm.o
  CC      drivers/tty/hvc/hvc_console.o
  CC      drivers/base/driver.o
  CC      kernel/dma/direct.o
  CC      mm/mremap.o
  AR      drivers/misc/eeprom/built-in.a
  AR      drivers/misc/built-in.a
  CC      drivers/tty/serial/serial_core.o
  CC      fs/remap_range.o
  CC      mm/msync.o
  AR      drivers/pci/controller/plda/built-in.a
  AR      drivers/pci/controller/built-in.a
  CC      kernel/dma/coherent.o
  CC      kernel/irq/irqdomain.o
  AR      drivers/pci/built-in.a
  CC      kernel/dma/swiotlb.o
  CC      kernel/dma/pool.o
  CC      drivers/base/class.o
  CC      lib/once.o
  AR      kernel/sched/built-in.a
  CC      lib/refcount.o
  CC      block/holder.o
  AR      drivers/tty/hvc/built-in.a
  CC      fs/pidfs.o
  CC      drivers/tty/serial/serial_base_bus.o
  CC      drivers/tty/vt/vc_screen.o
  CC      mm/page_vma_mapped.o
  CC      drivers/mfd/mfd-core.o
  CC      lib/rcuref.o
  CC      drivers/base/platform.o
  CC      fs/file_attr.o
  CC      kernel/entry/common.o
  CC      kernel/irq/proc.o
  CC      drivers/tty/vt/selection.o
  AR      block/built-in.a
  CC      drivers/tty/serial/serial_ctrl.o
  CC      lib/usercopy.o
  CC      kernel/irq/msi.o
  CC      kernel/irq/matrix.o
  CC      lib/errseq.o
  CC      kernel/dma/remap.o
  CC      lib/bucket_locks.o
  CC      mm/pagewalk.o
  CC      drivers/tty/vt/keyboard.o
  CC      drivers/mfd/axp20x.o
  CC      drivers/tty/vt/vt.o
  CC      drivers/mfd/axp20x-i2c.o
  CC      drivers/tty/serial/serial_port.o
  CC      kernel/entry/syscall-common.o
  CC      drivers/tty/vt/defkeymap.o
  CC      drivers/base/cpu.o
  CC      kernel/module/main.o
  CC      fs/fserror.o
  CC      lib/generic-radix-tree.o
  CC      drivers/mfd/syscon.o
  AR      kernel/dma/built-in.a
  CC      fs/nullfs.o
  CC      drivers/dax/super.o
  CC      drivers/dax/bus.o
  CC      mm/pgtable-generic.o
  AR      kernel/irq/built-in.a
  CC      drivers/tty/serial/earlycon.o
  CC      drivers/tty/vt/consolemap.o
  CC      drivers/mfd/simple-mfd-i2c.o
  CC      drivers/base/firmware.o
  CC      fs/buffer.o
  CC      lib/bitmap-str.o
  CC      kernel/module/strict_rwx.o
  CC      kernel/entry/syscall_user_dispatch.o
  CC      drivers/dma-buf/dma-buf.o
  CC      drivers/dma-buf/dma-fence.o
  CC      kernel/entry/virt.o
  CC      drivers/base/init.o
  CC      kernel/module/kmod.o
  CC      fs/mpage.o
  AR      drivers/dax/built-in.a
  CC      lib/string_helpers.o
  CC      kernel/freezer.o
  CC      drivers/tty/serial/earlycon-riscv-sbi.o
  CC      mm/rmap.o
  AR      drivers/mfd/built-in.a
  CC      drivers/base/map.o
  CC      drivers/tty/vt/consolemap_deftbl.o
  CC      fs/proc_namespace.o
  CC      drivers/scsi/scsi.o
  AR      kernel/entry/built-in.a
  CC      fs/direct-io.o
  CC      drivers/scsi/hosts.o
  CC      drivers/base/devres.o
  CC      drivers/tty/vt/ucs.o
  CC      drivers/tty/serial/sifive.o
  CC      drivers/tty/serial/8250/8250_core.o
  AR      drivers/tty/vt/built-in.a
  CC      kernel/module/tree_lookup.o
  CC      fs/notify/fsnotify.o
  CC      lib/hexdump.o
  CC      fs/eventpoll.o
  CC      drivers/tty/serial/serial_mctrl_gpio.o
  CC      drivers/dma-buf/dma-fence-array.o
  CC      kernel/module/kallsyms.o
  CC      lib/kstrtox.o
  CC      drivers/tty/serial/8250/8250_platform.o
  CC      kernel/module/procfs.o
  CC      drivers/scsi/scsi_ioctl.o
  CC      drivers/base/attribute_container.o
  CC      drivers/dma-buf/dma-fence-chain.o
  CC      fs/notify/notification.o
  CC      drivers/dma-buf/dma-fence-unwrap.o
  CC      drivers/ata/libata-core.o
  CC      drivers/ata/libata-scsi.o
  CC      lib/math/div64.o
  CC      mm/vmalloc.o
  CC      lib/math/gcd.o
  CC      drivers/dma-buf/dma-resv.o
  CC      kernel/module/sysfs.o
  CC      lib/math/lcm.o
  CC      drivers/base/transport_class.o
  CC      drivers/scsi/scsicam.o
  CC      drivers/tty/serial/8250/8250_port.o
  CC      lib/math/int_log.o
  CC      drivers/tty/serial/8250/8250_dwlib.o
  CC      drivers/dma-buf/dma-buf-mapping.o
  CC      drivers/dma-buf/sync_file.o
  CC      lib/math/int_pow.o
  CC      drivers/mtd/mtdcore.o
  CC      lib/math/int_sqrt.o
  CC      fs/notify/group.o
  CC      lib/math/reciprocal_div.o
  CC      fs/notify/mark.o
  AR      kernel/module/built-in.a
  CC      kernel/profile.o
  CC      drivers/base/topology.o
  CC      lib/math/rational.o
  CC      drivers/mtd/mtdsuper.o
  CC      drivers/tty/serial/8250/8250_pcilib.o
  CC      drivers/scsi/scsi_error.o
  CC      fs/anon_inodes.o
  CC      drivers/mtd/mtdconcat.o
  AR      drivers/dma-buf/built-in.a
  CC      drivers/ata/libata-eh.o
  AR      lib/math/built-in.a
  CC      fs/notify/fdinfo.o
  CC      lib/crc/crc7.o
  CC      drivers/base/container.o
  CC      kernel/stacktrace.o
  AR      fs/notify/dnotify/built-in.a
  CC      drivers/scsi/scsi_lib.o
  CC      drivers/ata/libata-transport.o
  CC      kernel/time/time.o
  CC      lib/crc/crc16.o
  CC      lib/crc/crc-itu-t.o
  CC      drivers/scsi/scsi_lib_dma.o
  CC      drivers/tty/serial/8250/8250_early.o
  CC      drivers/base/property.o
  CC      fs/notify/inotify/inotify_fsnotify.o
  CC      drivers/mtd/mtdpart.o
  CC      drivers/base/cacheinfo.o
  CC      fs/notify/inotify/inotify_user.o
  CC      kernel/time/timer.o
  CC      mm/vma.o
  CC      lib/crc/crc32-main.o
  CC      mm/vma_exec.o
  CC      drivers/tty/serial/8250/8250_dw.o
  CC      drivers/spi/spi.o
  CC      lib/crypto/blake2s.o
  CC      kernel/futex/core.o
  CC      lib/crypto/chacha-block-generic.o
  CC      drivers/mtd/mtdchar.o
  AR      lib/crc/built-in.a
  CC      drivers/spi/spi-mem.o
  CC      drivers/mtd/parsers/ofpart_core.o
  CC      drivers/base/swnode.o
  CC      kernel/time/hrtimer.o
  CC      drivers/ata/libata-trace.o
  AR      fs/notify/inotify/built-in.a
  AR      fs/notify/built-in.a
  CC      drivers/scsi/scsi_scan.o
  CC      fs/signalfd.o
  AR      drivers/net/built-in.a
  CC      kernel/up.o
  CC      kernel/time/sleep_timeout.o
  CC      drivers/tty/serial/8250/8250_exar.o
  AR      lib/crypto/built-in.a
  CC      lib/vdso/datastore.o
  AR      drivers/mtd/parsers/built-in.a
  CC      drivers/mtd/mtd_blkdevs.o
  CC      drivers/tty/serial/8250/8250_of.o
  CC      kernel/futex/syscalls.o
  CC      mm/process_vm_access.o
  CC      drivers/base/faux.o
  CC      kernel/kallsyms.o
  CC      drivers/mtd/mtdblock.o
  CC      drivers/base/auxiliary.o
  CC      fs/timerfd.o
  CC      drivers/ata/libata-sata.o
  CC      kernel/futex/pi.o
  AR      lib/vdso/built-in.a
  CC      lib/iomap_copy.o
  CC      drivers/scsi/scsi_sysfs.o
  CC      kernel/time/timekeeping.o
  CC      lib/devres.o
  CC      drivers/cdrom/cdrom.o
  CC      mm/mseal.o
  CC      drivers/tty/serial/8250/8250_pci.o
  CC      drivers/mtd/chips/chipreg.o
  CC      drivers/base/devtmpfs.o
  CC      kernel/compat.o
  CC      lib/hweight.o
  CC      drivers/mtd/chips/cfi_probe.o
  CC      drivers/ata/libata-sff.o
  CC      fs/eventfd.o
  CC      kernel/futex/requeue.o
  CC      drivers/spi/spi-sun6i.o
  CC      kernel/time/ntp.o
  CC      lib/interval_tree.o
  CC      kernel/utsname.o
  CC      kernel/cgroup/cgroup.o
  CC      mm/page_alloc.o
  CC      lib/assoc_array.o
  CC      drivers/mtd/chips/cfi_util.o
  CC      kernel/cgroup/rstat.o
  CC      drivers/base/power/sysfs.o
  CC      drivers/scsi/scsi_devinfo.o
  CC      kernel/user_namespace.o
  CC      kernel/futex/waitwake.o
  CC      drivers/tty/serial/8250/8250_pericom.o
  CC      fs/aio.o
  CC      kernel/time/clocksource.o
  AR      drivers/spi/built-in.a
  CC      drivers/scsi/scsi_sysctl.o
  CC      drivers/mtd/chips/gen_probe.o
  AR      drivers/cdrom/built-in.a
  CC      fs/locks.o
  CC      lib/bitrev.o
  CC      drivers/base/power/generic_ops.o
  CC      mm/page_frag_cache.o
  CC      kernel/cgroup/namespace.o
  CC      kernel/pid_namespace.o
  AR      kernel/futex/built-in.a
  CC      drivers/ata/libata-pmp.o
  UPD     kernel/config_data
  CC      kernel/time/jiffies.o
  AR      drivers/tty/serial/8250/built-in.a
  AR      drivers/tty/serial/built-in.a
  AR      drivers/tty/built-in.a
  CC      drivers/scsi/scsi_proc.o
  CC      drivers/ata/ahci.o
  CC      lib/linear_ranges.o
  AR      drivers/mtd/chips/built-in.a
  CC      drivers/ata/libahci.o
  CC      drivers/mtd/spi-nor/core.o
  CC      fs/binfmt_script.o
  CC      drivers/base/power/common.o
  CC      drivers/mtd/spi-nor/sfdp.o
  CC      kernel/time/timer_list.o
  CC      lib/xxhash.o
  CC      kernel/time/timeconv.o
  CC      drivers/mtd/spi-nor/swp.o
  CC      drivers/scsi/scsi_debugfs.o
  CC      drivers/base/firmware_loader/main.o
  AR      drivers/usb/built-in.a
  CC      drivers/ata/ahci_platform.o
  CC      drivers/base/power/qos.o
  CC      drivers/base/module.o
  CC      kernel/seccomp.o
  CC      kernel/time/timecounter.o
  CC      lib/genalloc.o
  CC      kernel/time/alarmtimer.o
  CC      drivers/base/firmware_loader/builtin/main.o
  CC      fs/binfmt_elf.o
  CC      mm/init-mm.o
  CC      drivers/scsi/scsi_trace.o
  CC      mm/memblock.o
  CC      drivers/input/serio/serio.o
  AR      drivers/base/firmware_loader/builtin/built-in.a
  CC      drivers/input/input.o
  CC      drivers/base/power/runtime.o
  AR      drivers/base/firmware_loader/built-in.a
  CC      drivers/rtc/lib.o
  CC      drivers/ata/libahci_platform.o
  CC      drivers/scsi/scsi_logging.o
  CC      drivers/mtd/spi-nor/otp.o
  CC      drivers/rtc/class.o
  CC      kernel/cgroup/cgroup-v1.o
  CC      lib/zlib_inflate/inffast.o
  CC      fs/compat_binfmt_elf.o
  CC      drivers/input/input-compat.o
  CC      lib/zlib_inflate/inflate.o
  CC      lib/zlib_inflate/infutil.o
  CC      kernel/time/posix-timers.o
  CC      lib/zlib_inflate/inftrees.o
  CC      drivers/input/serio/serport.o
  CC      drivers/scsi/scsi_pm.o
  CC      drivers/mtd/spi-nor/sysfs.o
  CC      drivers/rtc/interface.o
  CC      kernel/time/posix-cpu-timers.o
  CC      kernel/cgroup/freezer.o
  CC      lib/zlib_inflate/inflate_syms.o
  CC      kernel/cgroup/legacy_freezer.o
  CC      drivers/base/power/wakeirq.o
  CC      mm/slub.o
  AR      drivers/ata/built-in.a
  CC      drivers/base/auxiliary_sysfs.o
  CC      lib/lz4/lz4_decompress.o
  CC      drivers/input/input-mt.o
  CC      mm/madvise.o
  AR      lib/zlib_inflate/built-in.a
  CC      mm/page_io.o
  AR      drivers/input/serio/built-in.a
  CC      kernel/utsname_sysctl.o
  CC      drivers/scsi/scsi_bsg.o
  CC      mm/swap_state.o
  CC      drivers/mtd/spi-nor/atmel.o
  CC      drivers/base/power/clock_ops.o
  CC      kernel/cgroup/pids.o
  CC      fs/backing-file.o
  CC      drivers/mtd/spi-nor/eon.o
  CC      drivers/mtd/spi-nor/esmt.o
  CC      drivers/input/input-poller.o
  CC      kernel/time/posix-clock.o
  CC      drivers/i2c/i2c-boardinfo.o
  CC      drivers/mtd/spi-nor/everspin.o
  CC      drivers/rtc/nvmem.o
  CC      drivers/scsi/scsi_common.o
  AR      drivers/base/power/built-in.a
  AR      lib/lz4/built-in.a
  CC      drivers/base/regmap/regmap.o
  CC      drivers/i2c/i2c-core-base.o
  CC      lib/zstd/zstd_decompress_module.o
  CC      drivers/rtc/dev.o
  AR      kernel/cgroup/built-in.a
  CC      lib/zstd/decompress/huf_decompress.o
  CC      lib/zstd/decompress/zstd_ddict.o
  CC      drivers/input/ff-core.o
  CC      fs/mbcache.o
  CC      mm/swapfile.o
  CC      drivers/base/pinctrl.o
  CC      kernel/time/itimer.o
  CC      lib/xz/xz_dec_syms.o
  CC      drivers/i2c/i2c-core-smbus.o
  CC      drivers/scsi/virtio_scsi.o
  CC      drivers/mtd/spi-nor/gigadevice.o
  CC      drivers/mtd/spi-nor/intel.o
  CC      drivers/i2c/i2c-core-of.o
  CC      drivers/input/touchscreen.o
  CC      drivers/rtc/sysfs.o
  CC      kernel/time/clockevents.o
  CC      fs/posix_acl.o
  CC      lib/xz/xz_dec_stream.o
  CC      drivers/rtc/rtc-goldfish.o
  CC      drivers/mtd/spi-nor/issi.o
  CC      fs/coredump.o
  CC      drivers/i2c/busses/i2c-designware-common.o
  CC      drivers/input/touch-overlay.o
  CC      lib/xz/xz_dec_lzma2.o
  CC      drivers/scsi/sd.o
  CC      drivers/input/mousedev.o
  CC      lib/syscall.o
  CC      kernel/time/tick-common.o
  CC      drivers/scsi/sr.o
  CC      lib/zstd/decompress/zstd_decompress.o
  CC      drivers/rtc/rtc-spacemit-p1.o
  CC      drivers/mtd/spi-nor/macronix.o
  CC      mm/dmapool.o
  CC      lib/xz/xz_dec_bcj.o
  CC      drivers/scsi/sr_ioctl.o
  CC      drivers/base/regmap/regcache.o
  CC      drivers/mtd/spi-nor/micron-st.o
  CC      drivers/mtd/spi-nor/spansion.o
  CC      drivers/i2c/busses/i2c-designware-master.o
  CC      drivers/input/evdev.o
  CC      kernel/time/sched_clock.o
  CC      lib/zstd/decompress/zstd_decompress_block.o
  CC      drivers/rtc/rtc-sun6i.o
  AR      lib/xz/built-in.a
  CC      kernel/time/tick-oneshot.o
  CC      drivers/base/platform-msi.o
  CC      lib/checksum.o
  CC      mm/hugetlb.o
  CC      fs/drop_caches.o
  CC      lib/glob.o
  CC      lib/strncpy_from_user.o
  CC      lib/strnlen_user.o
  CC      drivers/scsi/sr_vendor.o
  CC      mm/hugetlb_sysfs.o
  CC      drivers/base/regmap/regcache-rbtree.o
  CC      drivers/mtd/spi-nor/sst.o
  CC      kernel/time/tick-sched.o
  CC      drivers/i2c/busses/i2c-designware-platdrv.o
  CC      lib/sg_pool.o
  AR      drivers/rtc/built-in.a
  CC      mm/hugetlb_sysctl.o
  CC      fs/sysctls.o
  AR      drivers/input/built-in.a
  CC      mm/hugetlb_vmemmap.o
  CC      kernel/tracepoint.o
  CC      mm/sparse.o
  CC      drivers/mtd/spi-nor/winbond.o
  CC      mm/sparse-vmemmap.o
  CC      drivers/base/regmap/regcache-flat.o
  AR      drivers/scsi/built-in.a
  CC      fs/fhandle.o
  CC      kernel/time/vsyscall.o
  CC      fs/iomap/trace.o
  CC      kernel/time/timekeeping_debug.o
  CC      fs/iomap/iter.o
  CC      lib/zstd/zstd_common_module.o
  CC      drivers/i2c/busses/i2c-k1.o
  CC      drivers/mtd/spi-nor/xmc.o
  CC      fs/iomap/buffered-io.o
  CC      drivers/base/arch_topology.o
  CC      fs/iomap/direct-io.o
  CC      lib/stackdepot.o
  CC      fs/proc/task_mmu.o
  CC      drivers/base/regmap/regcache-maple.o
  CC      lib/zstd/common/debug.o
  CC      fs/proc/inode.o
  CC      lib/zstd/common/entropy_common.o
  AR      kernel/time/built-in.a
  CC      drivers/base/trace.o
  CC      fs/proc/root.o
  CC      kernel/trace/trace_clock.o
  CC      drivers/mtd/spi-nor/debugfs.o
  CC      kernel/trace/ring_buffer.o
  CC      lib/zstd/common/error_private.o
  CC      lib/zstd/common/fse_decompress.o
  AR      drivers/i2c/busses/built-in.a
  CC      mm/mmu_notifier.o
  AR      drivers/i2c/built-in.a
  CC      kernel/irq_work.o
  CC      drivers/base/regmap/regmap-debugfs.o
  CC      kernel/cpu_pm.o
  CC      lib/zstd/common/zstd_common.o
  AR      drivers/mtd/spi-nor/controllers/built-in.a
  CC      kernel/events/core.o
  CC      drivers/base/regmap/regmap-i2c.o
  AR      lib/zstd/built-in.a
  CC      mm/memtest.o
  CC      lib/fonts/fonts.o
  CC      kernel/events/ring_buffer.o
  CC      fs/kernfs/mount.o
  CC      kernel/jump_label.o
  AR      drivers/mtd/spi-nor/built-in.a
  AR      drivers/mtd/built-in.a
  CC      lib/fonts/font_8x8.o
  CC      kernel/iomem.o
  CC      fs/iomap/ioend.o
  CC      kernel/rseq.o
  CC      fs/proc/base.o
  CC      fs/kernfs/inode.o
  CC      mm/page_counter.o
  CC      drivers/base/regmap/regmap-mmio.o
  CC      kernel/trace/trace.o
  CC      lib/fonts/font_8x16.o
  CC      drivers/power/reset/syscon-reboot.o
  CC      drivers/power/sequencing/core.o
  CC      mm/memcontrol.o
  CC      fs/sysfs/file.o
  CC      fs/sysfs/dir.o
  CC      fs/sysfs/symlink.o
  AR      lib/fonts/built-in.a
  CC      lib/ucs2_string.o
  CC      fs/iomap/fiemap.o
  CC      drivers/power/supply/power_supply_core.o
  CC      drivers/power/reset/syscon-poweroff.o
  CC      drivers/base/regmap/regmap-irq.o
  CC      fs/kernfs/dir.o
  CC      fs/sysfs/mount.o
  CC      kernel/trace/trace_output.o
  AR      drivers/power/sequencing/built-in.a
  CC      fs/proc/generic.o
  CC      kernel/trace/trace_seq.o
  CC      lib/sbitmap.o
  CC      kernel/trace/trace_stat.o
  AR      drivers/power/reset/built-in.a
  CC      kernel/trace/trace_printk.o
  CC      fs/iomap/seek.o
  CC      fs/devpts/inode.o
  GZIP    kernel/config_data.gz
  CC      drivers/hwmon/hwmon.o
  CC      kernel/events/callchain.o
  AR      drivers/base/regmap/built-in.a
  AR      drivers/base/built-in.a
  CC      drivers/power/supply/power_supply_sysfs.o
  CC      lib/group_cpus.o
  CC      fs/sysfs/group.o
  CC      fs/proc/array.o
  CC      fs/kernfs/file.o
  CC      mm/vmpressure.o
  CC      fs/iomap/bio.o
  CC      drivers/power/supply/power_supply_hwmon.o
  AR      fs/devpts/built-in.a
  CC      kernel/trace/trace_pid.o
  CC      kernel/events/uprobes.o
  CC      lib/devmem_is_allowed.o
  CC      kernel/configs.o
  CC      fs/iomap/swapfile.o
  CC      mm/hugetlb_cgroup.o
  AR      fs/sysfs/built-in.a
  CC      fs/kernfs/symlink.o
  AR      drivers/hwmon/built-in.a
  AR      drivers/power/supply/built-in.a
  AR      drivers/power/built-in.a
  CC      fs/proc/fd.o
  CC      drivers/thermal/thermal_core.o
  CC      drivers/watchdog/watchdog_core.o
  AR      lib/lib.a
  CC      fs/ext4/balloc.o
  CC      drivers/watchdog/watchdog_dev.o
  AR      lib/built-in.a
  CC      drivers/md/dm-builtin.o
  CC      fs/jbd2/transaction.o
  CC      drivers/opp/core.o
  CC      fs/jbd2/commit.o
  CC      kernel/trace/pid_list.o
  AR      fs/iomap/built-in.a
  CC      drivers/watchdog/sunxi_wdt.o
  AR      fs/kernfs/built-in.a
  CC      fs/proc/proc_tty.o
  CC      mm/early_ioremap.o
  CC      fs/ramfs/inode.o
  AR      drivers/md/built-in.a
  CC      mm/balloon.o
  CC      fs/hugetlbfs/inode.o
  CC      drivers/thermal/thermal_sysfs.o
  CC      fs/jbd2/recovery.o
  CC      drivers/opp/cpu.o
  CC      drivers/watchdog/starfive-wdt.o
  CC      fs/proc/cmdline.o
  CC      kernel/trace/trace_sched_switch.o
  CC      fs/ramfs/file-mmu.o
  CC      fs/ext4/bitmap.o
  AR      kernel/events/built-in.a
  CC      kernel/trace/trace_nop.o
  CC      mm/secretmem.o
  CC      kernel/trace/blktrace.o
  CC      drivers/opp/of.o
  CC      fs/fat/cache.o
  CC      fs/proc/consoles.o
  CC      fs/fat/dir.o
  CC      drivers/thermal/thermal_trip.o
  CC      fs/ext4/block_validity.o
  CC      fs/isofs/namei.o
  AR      drivers/watchdog/built-in.a
  CC      fs/isofs/inode.o
  CC      fs/jbd2/checkpoint.o
  CC      kernel/trace/trace_events.o
  AR      fs/ramfs/built-in.a
  CC      fs/fat/fatent.o
  CC      fs/proc/cpuinfo.o
  CC      drivers/thermal/thermal_helpers.o
  CC      kernel/trace/trace_export.o
  CC      fs/exportfs/expfs.o
  AR      fs/hugetlbfs/built-in.a
  CC      mm/memfd.o
  CC      kernel/trace/trace_event_perf.o
  CC      fs/fat/file.o
  CC      fs/ext4/dir.o
  CC      drivers/opp/debugfs.o
  CC      fs/proc/devices.o
  CC      fs/nls/nls_base.o
  CC      fs/ext4/ext4_jbd2.o
  CC      drivers/thermal/thermal_thresholds.o
  CC      fs/jbd2/revoke.o
  CC      fs/isofs/dir.o
  AR      fs/exportfs/built-in.a
  CC      fs/nls/nls_cp437.o
  AR      drivers/opp/built-in.a
  CC      fs/ext4/extents.o
  CC      fs/nls/nls_iso8859-1.o
  CC      mm/page_reporting.o
  CC      fs/proc/loadavg.o
  CC      drivers/thermal/thermal_hwmon.o
  CC      mm/ioremap.o
  CC      kernel/trace/trace_events_filter.o
  CC      drivers/thermal/thermal_of.o
  CC      kernel/trace/trace_events_trigger.o
  CC      fs/fat/inode.o
  CC      fs/jbd2/journal.o
  CC      fs/ext4/extents_status.o
  AR      fs/nls/built-in.a
  CC      fs/isofs/util.o
  CC      drivers/cpufreq/cpufreq.o
  CC      fs/proc/meminfo.o
  CC      drivers/cpuidle/cpuidle.o
  CC      drivers/thermal/gov_step_wise.o
  CC      drivers/mmc/core/core.o
  CC      mm/execmem.o
  CC      fs/fat/misc.o
  CC      kernel/trace/trace_eprobe.o
  CC      fs/isofs/rock.o
  CC      drivers/cpufreq/freq_table.o
  CC      drivers/thermal/cpufreq_cooling.o
  CC      fs/proc/stat.o
  CC      drivers/cpuidle/driver.o
  CC      drivers/mmc/host/sdhci.o
  AR      mm/built-in.a
  CC      drivers/cpuidle/governor.o
  CC      fs/isofs/export.o
  CC      fs/fat/nfs.o
  CC      drivers/cpufreq/cpufreq_stats.o
  CC      fs/autofs/init.o
  CC      kernel/trace/error_report-traces.o
  CC      fs/proc/uptime.o
  CC      drivers/thermal/devfreq_cooling.o
  CC      drivers/cpuidle/sysfs.o
  CC      drivers/mmc/host/mmc_spi.o
  CC      fs/debugfs/inode.o
  CC      drivers/cpufreq/cpufreq_performance.o
  CC      drivers/firmware/dmi_scan.o
  CC      fs/isofs/compress.o
  CC      drivers/mmc/core/bus.o
  CC      drivers/clocksource/timer-of.o
  AR      fs/jbd2/built-in.a
  CC      fs/autofs/inode.o
  CC      fs/fat/namei_vfat.o
  CC      fs/proc/util.o
  CC      fs/autofs/root.o
  CC      fs/ext4/file.o
  AR      drivers/thermal/built-in.a
  CC      drivers/cpuidle/governors/menu.o
  CC      fs/fat/namei_msdos.o
  CC      kernel/trace/power-traces.o
  CC      drivers/cpufreq/cpufreq_userspace.o
  CC      drivers/clocksource/timer-probe.o
  CC      drivers/clocksource/mmio.o
  CC      fs/debugfs/file.o
  CC      drivers/mmc/core/host.o
  AR      fs/isofs/built-in.a
  CC      fs/proc/version.o
  CC      drivers/firmware/dmi-id.o
  CC      fs/tracefs/inode.o
  AR      drivers/cpuidle/governors/built-in.a
  AR      drivers/cpuidle/built-in.a
  CC      drivers/mmc/core/mmc.o
  AR      drivers/hid/built-in.a
  CC      drivers/clocksource/timer-sun4i.o
  CC      drivers/cpufreq/cpufreq_governor.o
  CC      fs/autofs/symlink.o
  CC      fs/ext4/fsmap.o
  CC      kernel/trace/rpm-traces.o
  CC      drivers/of/base.o
  AR      fs/fat/built-in.a
  CC      drivers/mmc/host/of_mmc_spi.o
  CC      drivers/clocksource/timer-riscv.o
  CC      fs/proc/softirqs.o
  CC      drivers/of/cpu.o
  CC      drivers/firmware/efi/efi.o
  CC      drivers/cpufreq/cpufreq_governor_attr_set.o
  CC      fs/ext4/fsync.o
  CC      fs/tracefs/event_inode.o
  CC      drivers/of/device.o
  CC      fs/proc/namespaces.o
  AR      fs/debugfs/built-in.a
  CC      fs/autofs/waitq.o
  CC      drivers/mmc/host/dw_mmc.o
  AR      drivers/clocksource/built-in.a
  CC      kernel/trace/trace_dynevent.o
  CC      drivers/firmware/efi/vars.o
  CC      fs/ext4/hash.o
  CC      drivers/mmc/core/mmc_ops.o
  CC      drivers/firmware/efi/reboot.o
  CC      drivers/mmc/core/sd.o
  CC      drivers/cpufreq/cpufreq-dt.o
  CC      kernel/trace/trace_probe.o
  CC      drivers/of/module.o
  CC      fs/autofs/expire.o
  CC      fs/proc/self.o
  CC      drivers/rpmsg/rpmsg_core.o
  CC      drivers/cpufreq/cpufreq-dt-platdev.o
  AR      fs/tracefs/built-in.a
  CC      drivers/mmc/core/sd_ops.o
  CC      drivers/of/platform.o
  CC      kernel/trace/trace_uprobe.o
  CC      fs/ext4/ialloc.o
  CC      drivers/firmware/efi/memattr.o
  CC      fs/autofs/dev-ioctl.o
  CC      drivers/mmc/host/dw_mmc-pltfm.o
  CC      drivers/devfreq/devfreq.o
  CC      drivers/rpmsg/rpmsg_ctrl.o
  CC      fs/proc/thread_self.o
  AR      drivers/cpufreq/built-in.a
  CC      drivers/rpmsg/rpmsg_ns.o
  CC      drivers/firmware/efi/tpm.o
  CC      drivers/firmware/efi/memmap.o
  CC      drivers/mmc/host/dw_mmc-starfive.o
  CC      drivers/mmc/core/sdio.o
  CC      drivers/firmware/efi/fdtparams.o
  CC      fs/ext4/indirect.o
  CC      drivers/of/property.o
  CC      fs/proc/proc_sysctl.o
  CC      drivers/of/kobj.o
  CC      drivers/rpmsg/virtio_rpmsg_bus.o
  AR      fs/autofs/built-in.a
  CC      fs/ext4/inline.o
  CC      drivers/mmc/core/sdio_ops.o
  CC      drivers/mmc/core/sdio_bus.o
  CC      drivers/firmware/efi/esrt.o
  CC      fs/proc/kmsg.o
  CC      drivers/mmc/host/sdhci-pltfm.o
  CC      fs/ext4/inode.o
  CC      drivers/extcon/extcon.o
  CC      drivers/mmc/core/sdio_cis.o
  AR      drivers/devfreq/built-in.a
  CC      fs/proc/page.o
  AR      kernel/trace/built-in.a
  AR      kernel/built-in.a
  CC      drivers/extcon/devres.o
  CC      drivers/firmware/efi/runtime-wrappers.o
  CC      fs/ext4/ioctl.o
  CC      drivers/mmc/core/sdio_io.o
  AR      drivers/rpmsg/built-in.a
  CC      drivers/of/fdt.o
  CC      drivers/mmc/host/sdhci-cadence.o
  CC      drivers/iio/industrialio-core.o
  CC      fs/ext4/mballoc.o
  CC      drivers/mmc/core/sdio_irq.o
  CC      fs/ext4/migrate.o
  CC      drivers/mmc/host/sdhci-of-dwcmshc.o
  CC      drivers/iio/industrialio-event.o
  AR      drivers/extcon/built-in.a
  CC      drivers/mmc/core/sd_uhs2.o
  CC      drivers/nvmem/core.o
  AR      fs/proc/built-in.a
  CC      drivers/firmware/efi/efi-init.o
  CC      drivers/mmc/core/slot-gpio.o
  CC      drivers/mmc/host/sdhci-of-k1.o
  CC      drivers/mmc/host/cqhci-core.o
  CC      drivers/iio/inkern.o
  CC      drivers/nvmem/layouts.o
  AS      drivers/of/empty_root.dtb.o
  CC      drivers/of/fdt_address.o
  CC      fs/ext4/mmp.o
  CC      drivers/firmware/efi/riscv-runtime.o
  CC      fs/ext4/move_extent.o
  CC      drivers/of/address.o
  CC      drivers/firmware/efi/earlycon.o
  CC      drivers/mmc/core/regulator.o
  CC      drivers/of/irq.o
  CC      drivers/mmc/core/pwrseq.o
  CC      drivers/nvmem/sunxi_sid.o
  CC      drivers/mmc/core/debugfs.o
  CC      drivers/firmware/efi/libstub/alignedmem.o
  CC      drivers/firmware/efi/libstub/efi-stub-entry.o
  CC      drivers/of/of_reserved_mem.o
  CC      drivers/firmware/efi/libstub/efi-stub-helper.o
  AR      drivers/iio/built-in.a
  CC      drivers/mmc/core/pwrseq_simple.o
  AR      drivers/mmc/host/built-in.a
  CC      fs/ext4/namei.o
  CC      fs/ext4/page-io.o
  CC      drivers/firmware/efi/libstub/efi-stub.o
  CC      drivers/firmware/efi/libstub/fdt.o
  AR      drivers/nvmem/built-in.a
  CC      fs/ext4/readpage.o
  CC      drivers/firmware/efi/libstub/file.o
  CC      drivers/mmc/core/pwrseq_emmc.o
  AR      drivers/firmware/efi/built-in.a
  CC      fs/ext4/resize.o
  CC      drivers/firmware/efi/libstub/gop.o
  CC      fs/ext4/super.o
  CC      drivers/firmware/efi/libstub/intrinsics.o
  CC      fs/ext4/symlink.o
  AR      drivers/of/built-in.a
  CC      drivers/firmware/efi/libstub/kaslr.o
  CC      drivers/mmc/core/block.o
  CC      drivers/mmc/core/queue.o
  CC      drivers/firmware/efi/libstub/lib-cmdline.o
  CC      fs/ext4/sysfs.o
  CC      drivers/firmware/efi/libstub/lib-ctype.o
  CC      drivers/firmware/efi/libstub/lib-fdt.o
  CC      drivers/firmware/efi/libstub/lib-fdt_empty_tree.o
  CC      fs/ext4/xattr.o
  CC      drivers/firmware/efi/libstub/lib-fdt_ro.o
  CC      fs/ext4/xattr_hurd.o
  CC      drivers/firmware/efi/libstub/lib-fdt_rw.o
  CC      drivers/firmware/efi/libstub/lib-fdt_sw.o
  CC      fs/ext4/xattr_trusted.o
  CC      fs/ext4/xattr_user.o
  CC      drivers/firmware/efi/libstub/lib-fdt_wip.o
  CC      fs/ext4/fast_commit.o
  CC      drivers/firmware/efi/libstub/mem.o
  CC      fs/ext4/orphan.o
  CC      drivers/firmware/efi/libstub/pci.o
  CC      fs/ext4/xattr_security.o
  CC      drivers/firmware/efi/libstub/primary_display.o
  CC      drivers/firmware/efi/libstub/printk.o
  CC      drivers/firmware/efi/libstub/random.o
  CC      drivers/firmware/efi/libstub/randomalloc.o
  CC      drivers/firmware/efi/libstub/riscv-stub.o
  CC      drivers/firmware/efi/libstub/riscv.o
  CC      drivers/firmware/efi/libstub/secureboot.o
  CC      drivers/firmware/efi/libstub/skip_spaces.o
  CC      drivers/firmware/efi/libstub/string.o
  CC      drivers/firmware/efi/libstub/systable.o
  AR      drivers/mmc/core/built-in.a
  AR      drivers/mmc/built-in.a
  CC      drivers/firmware/efi/libstub/tpm.o
  CC      drivers/firmware/efi/libstub/vsprintf.o
  STUBCPY drivers/firmware/efi/libstub/alignedmem.stub.o
  STUBCPY drivers/firmware/efi/libstub/efi-stub-entry.stub.o
  STUBCPY drivers/firmware/efi/libstub/efi-stub-helper.stub.o
  STUBCPY drivers/firmware/efi/libstub/efi-stub.stub.o
  STUBCPY drivers/firmware/efi/libstub/fdt.stub.o
  STUBCPY drivers/firmware/efi/libstub/file.stub.o
  STUBCPY drivers/firmware/efi/libstub/gop.stub.o
  STUBCPY drivers/firmware/efi/libstub/intrinsics.stub.o
  STUBCPY drivers/firmware/efi/libstub/kaslr.stub.o
  STUBCPY drivers/firmware/efi/libstub/lib-cmdline.stub.o
  STUBCPY drivers/firmware/efi/libstub/lib-ctype.stub.o
  STUBCPY drivers/firmware/efi/libstub/lib-fdt.stub.o
  STUBCPY drivers/firmware/efi/libstub/lib-fdt_empty_tree.stub.o
  STUBCPY drivers/firmware/efi/libstub/lib-fdt_ro.stub.o
  STUBCPY drivers/firmware/efi/libstub/lib-fdt_rw.stub.o
  STUBCPY drivers/firmware/efi/libstub/lib-fdt_wip.stub.o
  STUBCPY drivers/firmware/efi/libstub/lib-fdt_sw.stub.o
  STUBCPY drivers/firmware/efi/libstub/mem.stub.o
  STUBCPY drivers/firmware/efi/libstub/pci.stub.o
  STUBCPY drivers/firmware/efi/libstub/primary_display.stub.o
  STUBCPY drivers/firmware/efi/libstub/skip_spaces.stub.o
  STUBCPY drivers/firmware/efi/libstub/string.stub.o
  STUBCPY drivers/firmware/efi/libstub/printk.stub.o
  STUBCPY drivers/firmware/efi/libstub/vsprintf.stub.o
  STUBCPY drivers/firmware/efi/libstub/random.stub.o
  STUBCPY drivers/firmware/efi/libstub/randomalloc.stub.o
  STUBCPY drivers/firmware/efi/libstub/riscv-stub.stub.o
  STUBCPY drivers/firmware/efi/libstub/riscv.stub.o
  STUBCPY drivers/firmware/efi/libstub/secureboot.stub.o
  STUBCPY drivers/firmware/efi/libstub/systable.stub.o
  STUBCPY drivers/firmware/efi/libstub/tpm.stub.o
  AR      drivers/firmware/efi/libstub/lib.a
  AR      drivers/firmware/built-in.a
  AR      drivers/built-in.a
  AR      fs/ext4/built-in.a
  AR      fs/built-in.a
  AR      built-in.a
  AR      built-in-fixup.a
  COPY    vmlinux.a
  LD      vmlinux.o
  MODPOST vmlinux.symvers
  CC      .vmlinux.export.o
  UPD     include/generated/utsversion.h
  CC      init/version-timestamp.o
  KSYMS   .tmp_vmlinux0.kallsyms.S
  AS      .tmp_vmlinux0.kallsyms.o
  LD      .tmp_vmlinux1
  NM      .tmp_vmlinux1.syms
  KSYMS   .tmp_vmlinux1.kallsyms.S
  AS      .tmp_vmlinux1.kallsyms.o
  LD      .tmp_vmlinux2
  NM      .tmp_vmlinux2.syms
  KSYMS   .tmp_vmlinux2.kallsyms.S
  AS      .tmp_vmlinux2.kallsyms.o
  LD      vmlinux.unstripped
  NM      System.map
  SORTTAB vmlinux.unstripped
  OBJCOPY vmlinux
  GEN     modules.builtin.modinfo
  GEN     modules.builtin
  OBJCOPY arch/riscv/boot/Image
  Kernel: arch/riscv/boot/Image is ready
make[4]: Leaving directory '/home/benni/git/kernel-test/build/randdefconfig-riscv'
make[3]: Leaving directory '/home/benni/git/linux'
