make[3]: Entering directory '/home/benni/git/linux'
make[4]: Entering directory '/home/benni/git/kernel-test/build/rand500config-x86_64'
#
# configuration written to .config
#
Using .config as base
Merging /home/benni/git/linux/kernel/configs/tiny.config
Value of CONFIG_KERNEL_XZ is redefined by fragment /home/benni/git/linux/kernel/configs/tiny.config:
Previous value: # CONFIG_KERNEL_XZ is not set
New value: CONFIG_KERNEL_XZ=y

Value of CONFIG_CC_OPTIMIZE_FOR_SIZE is redefined by fragment /home/benni/git/linux/kernel/configs/tiny.config:
Previous value: # CONFIG_CC_OPTIMIZE_FOR_SIZE is not set
New value: CONFIG_CC_OPTIMIZE_FOR_SIZE=y

Value of CONFIG_SLUB_TINY is redefined by fragment /home/benni/git/linux/kernel/configs/tiny.config:
Previous value: # CONFIG_SLUB_TINY is not set
New value: CONFIG_SLUB_TINY=y

Merging /home/benni/git/linux/arch/x86/configs/tiny.config
Value of CONFIG_UNWINDER_GUESS is redefined by fragment /home/benni/git/linux/arch/x86/configs/tiny.config:
Previous value: # CONFIG_UNWINDER_GUESS is not set
New value: CONFIG_UNWINDER_GUESS=y

#
# merged configuration written to .config (needs make)
#
#
# configuration written to .config
#
make[4]: Leaving directory '/home/benni/git/kernel-test/build/rand500config-x86_64'
make[3]: Leaving directory '/home/benni/git/linux'
make[3]: Entering directory '/home/benni/git/linux'
make[4]: Entering directory '/tmp/tmp.aPtAEuvdre'
  UPD     Makefile
  HOSTCC  scripts/basic/fixdep
  HOSTCC  scripts/kconfig/conf.o
  HOSTCC  scripts/kconfig/confdata.o
  HOSTCC  scripts/kconfig/expr.o
  LEX     scripts/kconfig/lexer.lex.c
  YACC    scripts/kconfig/parser.tab.[ch]
  HOSTCC  scripts/kconfig/lexer.lex.o
  HOSTCC  scripts/kconfig/menu.o
  HOSTCC  scripts/kconfig/parser.tab.o
  HOSTCC  scripts/kconfig/preprocess.o
  HOSTCC  scripts/kconfig/symbol.o
  HOSTCC  scripts/kconfig/util.o
  HOSTLD  scripts/kconfig/conf
KCONFIG_SEED=0xC2D71680
#
# configuration written to .config
#
make[4]: Leaving directory '/tmp/tmp.aPtAEuvdre'
make[3]: Leaving directory '/home/benni/git/linux'
make[3]: Entering directory '/home/benni/git/linux'
make[4]: Entering directory '/tmp/tmp.aPtAEuvdre'
  GENSEED scripts/basic/randstruct.seed
.config:5235:warning: override: reassigning to symbol PRINTK
.config:5239:warning: override: reassigning to symbol TTY
.config:5242:warning: override: reassigning to symbol BLK_DEV_INITRD
.config:5243:warning: override: reassigning to symbol RD_GZIP
.config:5246:warning: override: reassigning to symbol BINFMT_ELF
.config:5247:warning: override: reassigning to symbol BINFMT_SCRIPT
.config:5250:warning: override: reassigning to symbol TMPFS
.config:5253:warning: override: reassigning to symbol KERNEL_GZIP
.config:5259:warning: override: reassigning to symbol KERNEL_BZIP2
.config:5260:warning: override: reassigning to symbol KERNEL_LZMA
.config:5261:warning: override: reassigning to symbol KERNEL_XZ
.config:5262:warning: override: reassigning to symbol KERNEL_LZO
.config:5263:warning: override: reassigning to symbol KERNEL_LZ4
.config:5264:warning: override: reassigning to symbol KERNEL_ZSTD
.config:5267:warning: override: reassigning to symbol MODULES
.config:5270:warning: override: reassigning to symbol DRM
.config:5271:warning: override: reassigning to symbol SOUND
.config:5272:warning: override: reassigning to symbol STAGING
.config:5274:warning: override: reassigning to symbol MEDIA_SUPPORT
.config:5280:warning: override: reassigning to symbol KCOV
.config:5281:warning: override: reassigning to symbol KASAN
.config:5284:warning: override: reassigning to symbol KFENCE
.config:5285:warning: override: reassigning to symbol UBSAN
.config:5290:warning: override: reassigning to symbol RCU_TORTURE_TEST
.config:5291:warning: override: reassigning to symbol LOCK_TORTURE_TEST
.config:5298:warning: override: reassigning to symbol KUNIT
#
# configuration written to .config
#
make[4]: Leaving directory '/tmp/tmp.aPtAEuvdre'
make[3]: Leaving directory '/home/benni/git/linux'
make[3]: Entering directory '/home/benni/git/linux'
make[4]: Entering directory '/home/benni/git/kernel-test/build/rand500config-x86_64'
.config:1455:warning: override: reassigning to symbol DEFAULT_SECURITY_DAC
.config:1459:warning: override: reassigning to symbol ARCH_SUPPORTS_INT128
.config:1461:warning: override: reassigning to symbol X86_REQUIRED_FEATURE_CX8
.config:1464:warning: override: reassigning to symbol RUSTC_HAS_UNNECESSARY_TRANSMUTES
.config:1469:warning: override: reassigning to symbol MAILBOX
.config:1479:warning: override: reassigning to symbol HEADERS_INSTALL
.config:1482:warning: override: reassigning to symbol SLUB
.config:1484:warning: override: reassigning to symbol HAVE_NOINSTR_HACK
.config:1488:warning: override: reassigning to symbol ARCH_HAS_NON_OVERLAPPING_ADDRESS_SPACE
.config:1490:warning: override: reassigning to symbol NO_HZ
.config:1493:warning: override: reassigning to symbol QUOTA
.config:1496:warning: override: reassigning to symbol X86_REQUIRED_FEATURE_XMM2
.config:1497:warning: override: reassigning to symbol IIO
.config:1504:warning: override: reassigning to symbol RTC_MC146818_LIB
.config:1509:warning: override: reassigning to symbol SERIAL_DEV_BUS
.config:1511:warning: override: reassigning to symbol ARCH_HAS_GIGANTIC_PAGE
.config:1520:warning: override: reassigning to symbol NOTIFIER_ERROR_INJECTION
.config:1522:warning: override: reassigning to symbol X86_MCE
.config:1524:warning: override: reassigning to symbol HAVE_MIXED_BREAKPOINTS_REGS
.config:1527:warning: override: reassigning to symbol CHROME_PLATFORMS
.config:1528:warning: override: reassigning to symbol X86_DECODER_SELFTEST
.config:1529:warning: override: reassigning to symbol HAVE_KERNEL_LZO
.config:1531:warning: override: reassigning to symbol INPUT
.config:1532:warning: override: reassigning to symbol ARCH_HAS_FORTIFY_SOURCE
.config:1534:warning: override: reassigning to symbol DAX
.config:1535:warning: override: reassigning to symbol GENERIC_EARLY_IOREMAP
.config:1539:warning: override: reassigning to symbol CC_HAS_RETURN_THUNK
.config:1542:warning: override: reassigning to symbol ARCH_HAS_PTE_SPECIAL
.config:1544:warning: override: reassigning to symbol ARCH_HAS_PTDUMP
.config:1549:warning: override: reassigning to symbol X86_REQUIRED_FEATURE_PAE
.config:1550:warning: override: reassigning to symbol PHYS_ADDR_T_64BIT
.config:1554:warning: override: reassigning to symbol WERROR
.config:1560:warning: override: reassigning to symbol GENERIC_IRQ_ENTRY
.config:1563:warning: override: reassigning to symbol CC_HAS_AUTO_VAR_INIT_PATTERN
.config:1564:warning: override: reassigning to symbol HAVE_DMA_CONTIGUOUS
.config:1567:warning: override: reassigning to symbol CLOCKSOURCE_WATCHDOG
.config:1569:warning: override: reassigning to symbol ARCH_SUPPORTS_DEBUG_PAGEALLOC
.config:1571:warning: override: reassigning to symbol CPU_FREQ
.config:1578:warning: override: reassigning to symbol HAVE_USER_RETURN_NOTIFIER
.config:1579:warning: override: reassigning to symbol HAVE_CMPXCHG_DOUBLE
.config:1582:warning: override: reassigning to symbol HAVE_ARCH_SECCOMP
.config:1593:warning: override: reassigning to symbol ARCH_HAS_COPY_MC
.config:1594:warning: override: reassigning to symbol ARCH_HAS_ELFCORE_COMPAT
.config:1602:warning: override: reassigning to symbol HARDLOCKUP_CHECK_TIMESTAMP
.config:1606:warning: override: reassigning to symbol USER_STACKTRACE_SUPPORT
.config:1607:warning: override: reassigning to symbol FW_DEVLINK_SYNC_STATE_TIMEOUT
.config:1609:warning: override: reassigning to symbol HAVE_KERNEL_XZ
.config:1614:warning: override: reassigning to symbol DMI
.config:1618:warning: override: reassigning to symbol SURFACE_PLATFORMS
.config:1622:warning: override: reassigning to symbol ARCH_WANT_LD_ORPHAN_WARN
.config:1627:warning: override: reassigning to symbol HAVE_LIVEPATCH
.config:1633:warning: override: reassigning to symbol ARCH_SUPPORTS_KEXEC
.config:1638:warning: override: reassigning to symbol X86_DISABLED_FEATURE_ENQCMD
.config:1639:warning: override: reassigning to symbol CC_HAS_NO_PROFILE_FN_ATTR
.config:1640:warning: override: reassigning to symbol ALLOW_DEV_COREDUMP
.config:1647:warning: override: reassigning to symbol HAVE_STATIC_CALL_INLINE
.config:1655:warning: override: reassigning to symbol DEBUG_ATOMIC
.config:1656:warning: override: reassigning to symbol PHY_CAN_TRANSCEIVER
.config:1657:warning: override: reassigning to symbol UNWINDER_FRAME_POINTER
.config:1660:warning: override: reassigning to symbol COMEDI
.config:1662:warning: override: reassigning to symbol X86_DISABLED_FEATURE_UNRET
.config:1665:warning: override: reassigning to symbol ENCLOSURE_SERVICES
.config:1670:warning: override: reassigning to symbol STATIC_CALL_SELFTEST
.config:1672:warning: override: reassigning to symbol X86_REQUIRED_FEATURE_NOPL
.config:1676:warning: override: reassigning to symbol DEBUG_MAPLE_TREE
.config:1680:warning: override: reassigning to symbol HAVE_OBJTOOL_MCOUNT
.config:1694:warning: override: reassigning to symbol GENERIC_IRQ_SHOW
.config:1707:warning: override: reassigning to symbol HAVE_KCSAN_COMPILER
.config:1713:warning: override: reassigning to symbol CRC_OPTIMIZATIONS
.config:1717:warning: override: reassigning to symbol HAVE_ARCH_SECCOMP_FILTER
.config:1730:warning: override: reassigning to symbol X86_REQUIRED_FEATURE_ALWAYS
.config:1731:warning: override: reassigning to symbol IRQ_DOMAIN
.config:1739:warning: override: reassigning to symbol VDSO_GETRANDOM
.config:1741:warning: override: reassigning to symbol HAVE_STACKPROTECTOR
.config:1747:warning: override: reassigning to symbol ARCH_HAS_DEBUG_VIRTUAL
.config:1751:warning: override: reassigning to symbol INTEL_TH
.config:1753:warning: override: reassigning to symbol X86_KERNEL_IBT
.config:1755:warning: override: reassigning to symbol HAVE_NMI
.config:1765:warning: override: reassigning to symbol ARCH_MIGHT_HAVE_PC_SERIO
.config:1766:warning: override: reassigning to symbol ARCH_HAS_KCOV
.config:1768:warning: override: reassigning to symbol PAGE_MAPCOUNT
.config:1775:warning: override: reassigning to symbol HAVE_KERNEL_ZSTD
.config:1780:warning: override: reassigning to symbol HAVE_ARCH_VMAP_STACK
.config:1781:warning: override: reassigning to symbol INIT_STACK_ALL_ZERO
.config:1782:warning: override: reassigning to symbol ARCH_HAS_CPU_RELAX
.config:1786:warning: override: reassigning to symbol HAVE_CONTEXT_TRACKING_USER_OFFSTACK
.config:1787:warning: override: reassigning to symbol HAVE_OBJTOOL_NOP_MCOUNT
.config:1794:warning: override: reassigning to symbol RCU_SCALE_TEST
.config:1803:warning: override: reassigning to symbol PINCTRL
.config:1807:warning: override: reassigning to symbol PAGE_POISONING
.config:1808:warning: override: reassigning to symbol HAVE_KERNEL_LZ4
.config:1812:warning: override: reassigning to symbol ARCH_HAS_NMI_SAFE_THIS_CPU_OPS
.config:1813:warning: override: reassigning to symbol ARCH_WANT_OPTIMIZE_HUGETLB_VMEMMAP
.config:1820:warning: override: reassigning to symbol NVRAM
.config:1822:warning: override: reassigning to symbol ARCH_USE_CMPXCHG_LOCKREF
.config:1828:warning: override: reassigning to symbol STRICT_KERNEL_RWX
.config:1835:warning: override: reassigning to symbol SYSVIPC
.config:1837:warning: override: reassigning to symbol SPI
.config:1838:warning: override: reassigning to symbol THERMAL
.config:1839:warning: override: reassigning to symbol GENERIC_CLOCKEVENTS_MIN_ADJUST
.config:1840:warning: override: reassigning to symbol ARCH_HAS_SYSCALL_WRAPPER
.config:1843:warning: override: reassigning to symbol HAVE_RSEQ
.config:1847:warning: override: reassigning to symbol HAVE_ARCH_THREAD_STRUCT_WHITELIST
.config:1852:warning: override: reassigning to symbol CC_HAS_MULTIDIMENSIONAL_NONSTRING
.config:1853:warning: override: reassigning to symbol EDAC_SUPPORT
.config:1859:warning: override: reassigning to symbol OVERLAY_FS
.config:1862:warning: override: reassigning to symbol ARCH_HAS_SET_MEMORY
.config:1865:warning: override: reassigning to symbol CC_HAS_COUNTED_BY
.config:1866:warning: override: reassigning to symbol HAVE_ARCH_KGDB
.config:1869:warning: override: reassigning to symbol ARCH_MIGHT_HAVE_PC_PARPORT
.config:1875:warning: override: reassigning to symbol CC_HAS_AUTO_VAR_INIT_ZERO_BARE
.config:1877:warning: override: reassigning to symbol HAVE_IRQ_TIME_ACCOUNTING
.config:1886:warning: override: reassigning to symbol ARCH_SUPPORTS_MSEAL_SYSTEM_MAPPINGS
.config:1887:warning: override: reassigning to symbol DMA_NEED_SYNC
.config:1890:warning: override: reassigning to symbol VIRTUALIZATION
.config:1892:warning: override: reassigning to symbol TRACE_IRQFLAGS_NMI_SUPPORT
.config:1901:warning: override: reassigning to symbol SPARSEMEM_VMEMMAP
.config:1903:warning: override: reassigning to symbol ARCH_SUPPORTS_LTO_CLANG
.config:1905:warning: override: reassigning to symbol EPOLL
.config:1917:warning: override: reassigning to symbol HAVE_PCI
.config:1931:warning: override: reassigning to symbol X86_DISABLED_FEATURE_TDX_GUEST
.config:1936:warning: override: reassigning to symbol ARCH_HIBERNATION_POSSIBLE
.config:1944:warning: override: reassigning to symbol FHANDLE
.config:1945:warning: override: reassigning to symbol KEXEC_FILE
.config:1946:warning: override: reassigning to symbol BROADCAST_TLB_FLUSH
.config:1960:warning: override: reassigning to symbol PRINTK
.config:1964:warning: override: reassigning to symbol TTY
.config:1967:warning: override: reassigning to symbol BLK_DEV_INITRD
.config:1971:warning: override: reassigning to symbol BINFMT_ELF
.config:1972:warning: override: reassigning to symbol BINFMT_SCRIPT
.config:1975:warning: override: reassigning to symbol TMPFS
.config:1978:warning: override: reassigning to symbol KERNEL_GZIP
#
# configuration written to .config
#
make[4]: Leaving directory '/home/benni/git/kernel-test/build/rand500config-x86_64'
make[3]: Leaving directory '/home/benni/git/linux'
make[3]: Entering directory '/home/benni/git/linux'
make[4]: Entering directory '/home/benni/git/kernel-test/build/rand500config-x86_64'
  SYNC    include/config/auto.conf
  HOSTCC  scripts/unifdef
  UPD     arch/x86/include/generated/asm/cpufeaturemasks.h
  HOSTCC  arch/x86/tools/relocs_32.o
  HOSTCC  arch/x86/tools/relocs_64.o
  HOSTCC  arch/x86/tools/relocs_common.o
  HOSTCC  arch/x86/tools/vdso2c
  HOSTCC  scripts/sorttable.o
  HOSTCC  scripts/elf-parse.o
  HOSTLD  arch/x86/tools/relocs
  HOSTLD  scripts/sorttable
  DESCEND objtool
  CC      scripts/mod/empty.o
  HOSTCC  scripts/mod/mk_elfconfig
  CC      scripts/mod/devicetable-offsets.s
  MKELF   scripts/mod/elfconfig.h
  HOSTCC  scripts/mod/modpost.o
  HOSTCC  scripts/mod/sumversion.o
  HOSTCC  scripts/mod/symsearch.o
  HOSTCC  scripts/mod/file2alias.o
  HOSTLD  scripts/mod/modpost
  CC      kernel/bounds.s
  UPD     include/generated/bounds.h
  CC      arch/x86/kernel/asm-offsets.s
  UPD     include/generated/asm-offsets.h
  CC      kernel/sched/rq-offsets.s
  UPD     include/generated/rq-offsets.h
  CALL    /home/benni/git/linux/scripts/checksyscalls.sh 
  HOSTCC  usr/gen_init_cpio
  AS      arch/x86/boot/startup/la57toggle.o
  CC      arch/x86/realmode/init.o
  CC      security/commoncap.o
  CC      arch/x86/boot/startup/gdt_idt.o
  AS      arch/x86/entry/entry.o
  CC      arch/x86/events/core.o
  CC      ipc/util.o
  CC      init/main.o
  CC      drivers/phy/phy-core.o
  AS      arch/x86/lib/bhi.o
  AS      arch/x86/entry/entry_64.o
  AR      crypto/built-in.a
  CC      drivers/phy/phy-can-transceiver.o
  AS      arch/x86/lib/clear_page_64.o
  CC      arch/x86/lib/cmdline.o
  CC      arch/x86/entry/syscall_64.o
  CC      fs/open.o
  CC      mm/filemap.o
  CC      lib/argv_split.o
  CC      kernel/fork.o
  AS      arch/x86/kernel/head_64.o
  AS      arch/x86/lib/cmpxchg16b_emu.o
  GEN     usr/initramfs_data.cpio
  CC      arch/x86/lib/copy_mc.o
  CC      arch/x86/kernel/head64.o
  COPY    usr/initramfs_inc_data
  AS      usr/initramfs_data.o
  CC      arch/x86/boot/startup/map_kernel.o
  CC      lib/buildid.o
  AR      usr/built-in.a
  CC      mm/mempool.o
  AS      arch/x86/realmode/rm/header.o
  AS      arch/x86/realmode/rm/trampoline_64.o
  AS      arch/x86/realmode/rm/stack.o
  CC      arch/x86/entry/common.o
  AS      arch/x86/realmode/rm/reboot.o
  PASYMS  arch/x86/realmode/rm/pasyms.h
  LDS     arch/x86/realmode/rm/realmode.lds
  LD      arch/x86/realmode/rm/realmode.elf
  RELOCS  arch/x86/realmode/rm/realmode.relocs
  OBJCOPY arch/x86/realmode/rm/realmode.bin
  AS      arch/x86/realmode/rmpiggy.o
  AR      drivers/phy/marvell/built-in.a
  CC      security/min_addr.o
  AR      arch/x86/realmode/built-in.a
  AS      arch/x86/lib/copy_mc_64.o
  CC      ipc/msgutil.o
  AR      arch/x86/boot/startup/lib.a
  UPD     init/utsversion-tmp.h
  CC      ipc/msg.o
  OBJCOPY arch/x86/boot/startup/gdt_idt.pi.o
  AS      arch/x86/lib/copy_page_64.o
  OBJCOPY arch/x86/boot/startup/map_kernel.pi.o
  AR      arch/x86/boot/startup/built-in.a
  CC      kernel/exec_domain.o
  AR      drivers/phy/built-in.a
  AS      arch/x86/lib/copy_user_64.o
  CC      drivers/pinctrl/core.o
  AS      arch/x86/lib/copy_user_uncached_64.o
  CC      arch/x86/lib/cpu.o
  CC      init/do_mounts.o
  CC      arch/x86/events/probe.o
  CC      arch/x86/kernel/ebda.o
  CC      lib/cmdline.o
  CC      fs/read_write.o
  CC      lib/ctype.o
  CC      drivers/pinctrl/pinctrl-utils.o
  CC      lib/dec_and_lock.o
  CC      mm/oom_kill.o
  AS      arch/x86/lib/csum-copy_64.o
  CC      arch/x86/events/utils.o
  CC      arch/x86/lib/csum-partial_64.o
  CC      arch/x86/entry/vdso/vma.o
  AR      security/built-in.a
  CC      lib/decompress.o
  CC      mm/fadvise.o
  CC      arch/x86/lib/csum-wrappers_64.o
  CC      ipc/sem.o
  CC      arch/x86/lib/delay.o
  CC      kernel/exec_state.o
  CC      lib/decompress_bunzip2.o
  CC      arch/x86/kernel/platform-quirks.o
  CC      fs/file_table.o
  AS      arch/x86/lib/getuser.o
  CC      init/do_mounts_initrd.o
  CC      arch/x86/events/amd/core.o
  CC      arch/x86/entry/vdso/extable.o
  CC      arch/x86/lib/inat.o
  AR      drivers/pinctrl/built-in.a
  CC      kernel/panic.o
  CC      arch/x86/kernel/process_64.o
  CC      drivers/gpio/gpiolib.o
  CC      arch/x86/lib/insn-eval.o
  LDS     arch/x86/entry/vdso/vdso64/vdso64.lds
  CC      drivers/gpio/gpiolib-devres.o
  AS      arch/x86/entry/vdso/vdso64/note.o
  CC      arch/x86/lib/insn.o
  CC      arch/x86/entry/vdso/vdso64/vclock_gettime.o
  CC      lib/decompress_inflate.o
  CC      drivers/gpio/gpiolib-legacy.o
  CC      mm/maccess.o
  CC      drivers/gpio/gpiolib-cdev.o
  AS      arch/x86/lib/memcpy_64.o
  CC      init/initramfs.o
  CC      arch/x86/events/amd/lbr.o
  CC      fs/super.o
  CC      arch/x86/entry/vdso/vdso64/vgetcpu.o
  CC      kernel/cpu.o
  CC      arch/x86/kernel/signal.o
  CC      arch/x86/entry/vdso/vdso64/vgetrandom.o
  CC      ipc/shm.o
  CC      lib/decompress_unlz4.o
  AS      arch/x86/entry/thunk.o
  CC      mm/page-writeback.o
  AS      arch/x86/entry/vdso/vdso64/vgetrandom-chacha.o
  CC      fs/char_dev.o
  AS      arch/x86/lib/memmove_64.o
  VDSO    arch/x86/entry/vdso/vdso64/vdso64.so.dbg
  CC      lib/decompress_unlzma.o
  OBJCOPY arch/x86/entry/vdso/vdso64/vdso64.so
  VDSO2C  arch/x86/entry/vdso/vdso64/vdso64-image.c
  CC      arch/x86/entry/vdso/vdso64/vdso64-image.o
  AS      arch/x86/lib/memset_64.o
  CC      arch/x86/lib/misc.o
  CC      arch/x86/mm/init.o
  CC      arch/x86/lib/pc-conf-reg.o
  AR      arch/x86/crypto/built-in.a
  CC      arch/x86/mm/init_64.o
  AR      arch/x86/entry/vdso/vdso64/built-in.a
  AR      arch/x86/entry/vdso/built-in.a
  AR      arch/x86/entry/built-in.a
  AS      arch/x86/lib/putuser.o
  CC      lib/decompress_unlzo.o
  CC      arch/x86/lib/usercopy.o
  CC      arch/x86/events/amd/ibs.o
  CC      arch/x86/lib/usercopy_64.o
  CC      arch/x86/events/msr.o
  CC      init/calibrate.o
  CC      arch/x86/kernel/signal_64.o
  CC      kernel/exit.o
  CC      kernel/softirq.o
  CC      arch/x86/events/intel/core.o
  CC      fs/stat.o
  CC      init/init_task.o
  AR      drivers/pci/built-in.a
  CC      arch/x86/events/intel/bts.o
  CC      drivers/gpio/gpiolib-swnode.o
  CC      ipc/syscall.o
  CC      lib/decompress_unxz.o
  CC      arch/x86/purgatory/purgatory.o
  CC      arch/x86/lib/msr.o
  AS      arch/x86/purgatory/stack.o
  AS      arch/x86/purgatory/setup-x86_64.o
  CC      arch/x86/purgatory/sha256.o
  CC      mm/folio-compat.o
  CC      arch/x86/events/intel/ds.o
  CC      arch/x86/mm/fault.o
  CC      drivers/gpio/gpio-mmio.o
  AS      arch/x86/lib/msr-reg.o
  CC      arch/x86/kernel/traps.o
  CC      lib/decompress_unzstd.o
  AS      arch/x86/purgatory/entry64.o
  CC      arch/x86/kernel/idt.o
  CC      init/version.o
  CC      fs/exec.o
  CC      arch/x86/lib/msr-reg-export.o
  AR      arch/x86/events/amd/built-in.a
  AR      ipc/built-in.a
  CC      arch/x86/purgatory/string.o
  AS      arch/x86/lib/hweight.o
  CC      drivers/video/console/dummycon.o
  CC      arch/x86/mm/ioremap.o
  CC      drivers/video/console/vgacon.o
  CC      mm/readahead.o
  LD      arch/x86/purgatory/purgatory.ro
  LD      arch/x86/purgatory/purgatory.chk
  AS      arch/x86/purgatory/kexec-purgatory.o
  CC      kernel/resource.o
  AR      arch/x86/purgatory/built-in.a
  CC      arch/x86/lib/iomem.o
  CC      lib/dump_stack.o
  CC      lib/earlycpio.o
  AR      init/built-in.a
  CC      drivers/gpio/gpio-altera.o
  AR      arch/x86/lib/lib.a
  CC      arch/x86/mm/extable.o
  CC      kernel/sysctl.o
  AR      arch/x86/lib/built-in.a
  CC      arch/x86/virt/svm/cmdline.o
  CC      arch/x86/kernel/irq.o
  CC      fs/pipe.o
  AR      arch/x86/virt/svm/built-in.a
  CC      lib/extable.o
  CC      drivers/gpio/gpio-amd-fch.o
  AR      arch/x86/virt/built-in.a
  CC      drivers/gpio/gpio-graniterapids.o
  AR      drivers/video/console/built-in.a
  CC      fs/namei.o
  AR      drivers/video/backlight/built-in.a
  CC      arch/x86/events/intel/knc.o
  AR      drivers/video/built-in.a
  CC      fs/fcntl.o
  CC      mm/swap.o
  CC      fs/ioctl.o
  CC      lib/flex_proportions.o
  CC      kernel/capability.o
  CC      arch/x86/kernel/irq_64.o
  CC      arch/x86/kernel/dumpstack_64.o
  CC      mm/truncate.o
  CC      arch/x86/events/zhaoxin/core.o
  CC      arch/x86/mm/mmap.o
  CC      drivers/gpio/gpio-mb86s7x.o
  CC      arch/x86/events/intel/lbr.o
  CC      lib/idr.o
  CC      kernel/ptrace.o
  CC      kernel/user.o
  CC      fs/readdir.o
  CC      arch/x86/kernel/time.o
  CC      arch/x86/mm/pgtable.o
  CC      fs/select.o
  CC      drivers/gpio/gpio-mpfs.o
  CC      arch/x86/mm/physaddr.o
  CC      lib/iomem_copy.o
  CC      arch/x86/events/intel/p4.o
  CC      fs/dcache.o
  CC      lib/irq_regs.o
  AR      arch/x86/events/zhaoxin/built-in.a
  CC      lib/is_single_threaded.o
  CC      mm/vmscan.o
  CC      arch/x86/kernel/ioport.o
  CC      fs/inode.o
  CC      arch/x86/events/intel/p6.o
  CC      mm/shrinker.o
  AR      drivers/gpio/built-in.a
  CC      fs/attr.o
  CC      fs/bad_inode.o
  CC      arch/x86/mm/tlb.o
  CC      drivers/tty/tty_io.o
  CC      lib/klist.o
  CC      fs/file.o
  CC      kernel/signal.o
  CC      arch/x86/events/intel/pt.o
  CC      arch/x86/kernel/dumpstack.o
  CC      lib/kobject.o
  CC      mm/shmem.o
  CC      arch/x86/mm/cpu_entry_area.o
  CC      fs/filesystems.o
  CC      drivers/char/mem.o
  CC      drivers/char/random.o
  CC      lib/kobject_uevent.o
  CC      drivers/tty/n_tty.o
  CC      lib/logic_pio.o
  CC      kernel/sys.o
  CC      arch/x86/kernel/nmi.o
  CC      lib/maple_tree.o
  CC      lib/memcat_p.o
  CC      lib/nmi_backtrace.o
  CC      mm/util.o
  CC      mm/mmzone.o
  CC      fs/namespace.o
  CC      fs/seq_file.o
  CC      arch/x86/mm/maccess.o
  AR      arch/x86/events/intel/built-in.a
  AR      arch/x86/events/built-in.a
  CC      kernel/umh.o
  CC      drivers/char/misc.o
  CC      lib/objpool.o
  CC      drivers/tty/tty_ioctl.o
  CC      mm/vmstat.o
  CC      arch/x86/mm/pgprot.o
  CC      drivers/tty/tty_ldisc.o
  CC      drivers/tty/tty_buffer.o
  CC      fs/xattr.o
  CC      lib/plist.o
  CC      lib/radix-tree.o
  AS      arch/x86/kernel/ibt_selftest.o
  CC      drivers/tty/tty_port.o
  CC      lib/ratelimit.o
  CC      arch/x86/kernel/setup.o
  CC      drivers/char/nvram.o
  CC      drivers/tty/tty_mutex.o
  CC      arch/x86/kernel/x86_init.o
  CC      kernel/workqueue.o
  CC      arch/x86/mm/pat/set_memory.o
  CC      fs/libfs.o
  CC      lib/rbtree.o
  CC      mm/backing-dev.o
  CC      arch/x86/kernel/i8259.o
  CC      kernel/pid.o
  CC      drivers/tty/tty_ldsem.o
  CC      drivers/base/component.o
  CC      arch/x86/mm/pat/memtype.o
  AR      drivers/char/built-in.a
  CC      fs/fs-writeback.o
  CC      mm/mm_init.o
  CC      fs/pnode.o
  CC      arch/x86/kernel/irqinit.o
  CC      drivers/base/core.o
  CC      arch/x86/kernel/irq_work.o
  CC      lib/seq_buf.o
  CC      mm/percpu.o
  CC      drivers/tty/tty_baudrate.o
  CC      arch/x86/kernel/probe_roms.o
  CC      drivers/base/bus.o
  CC      kernel/task_work.o
  CC      drivers/tty/tty_jobctrl.o
  AR      arch/x86/mm/pat/built-in.a
  AR      arch/x86/mm/built-in.a
  CC      drivers/misc/enclosure.o
  CC      arch/x86/kernel/sys_x86_64.o
  CC      lib/siphash.o
  AR      drivers/misc/eeprom/built-in.a
  CC      drivers/tty/n_null.o
  CC      fs/splice.o
  CC      mm/slab_common.o
  CC      mm/compaction.o
  CC      drivers/base/dd.o
  CC      lib/string.o
  CC      drivers/tty/pty.o
  CC      kernel/extable.o
  CC      fs/sync.o
  CC      drivers/tty/vt/vt_ioctl.o
  CC      drivers/tty/vt/vc_screen.o
  AR      drivers/misc/built-in.a
  CC      lib/sys_info.o
  CC      drivers/tty/vt/selection.o
  CC      arch/x86/kernel/bootflag.o
  CC      drivers/base/syscore.o
  CC      drivers/base/driver.o
  CC      arch/x86/kernel/e820.o
  CC      drivers/tty/vt/keyboard.o
  CC      kernel/params.o
  CC      mm/show_mem.o
  CC      lib/timerqueue.o
  CC      drivers/base/class.o
  CC      arch/x86/kernel/pci-dma.o
  CC      drivers/mfd/cros_ec_dev.o
  CC      drivers/tty/serial/serial_core.o
  CC      drivers/mfd/arizona-core.o
  CC      drivers/tty/serial/serial_base_bus.o
  CC      drivers/tty/serial/serial_ctrl.o
  CC      fs/utimes.o
  CC      drivers/mfd/arizona-irq.o
  CC      drivers/mfd/arizona-spi.o
  CC      lib/vsprintf.o
  CC      arch/x86/kernel/quirks.o
  CC      drivers/mfd/mfd-core.o
  CC      arch/x86/kernel/kdebugfs.o
  CC      drivers/base/platform.o
  CC      lib/win_minmax.o
  CC      mm/interval_tree.o
  CC      kernel/kthread.o
  CC      drivers/mfd/da9052-irq.o
  CC      fs/d_path.o
  CC      drivers/tty/serdev/core.o
  CC      drivers/base/cpu.o
  CC      drivers/tty/serdev/serdev-ttyport.o
  CC      lib/xarray.o
  CC      kernel/sys_ni.o
  CC      drivers/tty/vt/vt.o
  CC      drivers/mfd/da9052-core.o
  CC      arch/x86/kernel/alternative.o
  CC      mm/list_lru.o
  CC      drivers/tty/serial/serial_port.o
  CC      drivers/dax/super.o
  CC      drivers/base/firmware.o
  CC      mm/workingset.o
  CC      lib/lockref.o
  CC      fs/stack.o
  AR      drivers/tty/serdev/built-in.a
  CC      fs/fs_struct.o
  CC      kernel/nsproxy.o
  CC      drivers/tty/vt/defkeymap.o
  CC      drivers/mfd/da9052-spi.o
  CC      kernel/nstree.o
  CC      drivers/tty/serial/earlycon.o
  CC      arch/x86/kernel/i8253.o
  CC      lib/bcd.o
  CC      drivers/base/init.o
  CC      drivers/dma-buf/dma-buf.o
  CC      lib/sort.o
  CC      drivers/tty/vt/consolemap.o
  CC      drivers/tty/serial/8250/8250_core.o
  CC      drivers/tty/serial/8250/8250_platform.o
  CC      lib/parser.o
  CC      drivers/dax/bus.o
  CC      arch/x86/kernel/hw_breakpoint.o
  AR      drivers/mfd/built-in.a
  CC      drivers/tty/serial/altera_jtaguart.o
  CC      drivers/tty/serial/fsl_lpuart.o
  CC      fs/statfs.o
  CC      lib/debug_locks.o
  CC      drivers/base/map.o
  CC      mm/debug.o
  CC      drivers/dma-buf/dma-fence.o
  CC      kernel/nscommon.o
  CC      drivers/tty/serial/8250/8250_port.o
  CC      drivers/tty/serial/8250/8250_fintek.o
  CC      lib/random32.o
  CC      fs/fs_pin.o
  CC      drivers/tty/serial/max3100.o
  HOSTCC  drivers/tty/vt/conmakehash
  CC      drivers/base/devres.o
  CC      mm/gup.o
  CC      drivers/tty/vt/ucs.o
  CC      lib/bust_spinlocks.o
  CC      kernel/notifier.o
  CC      kernel/ksysfs.o
  CONMK   drivers/tty/vt/consolemap_deftbl.c
  CC      drivers/tty/vt/consolemap_deftbl.o
  AR      drivers/tty/vt/built-in.a
  CC      drivers/dma-buf/dma-fence-array.o
  CC      arch/x86/kernel/tsc.o
  CC      kernel/cred.o
  CC      kernel/reboot.o
  CC      drivers/base/attribute_container.o
  AR      drivers/dax/built-in.a
  CC      drivers/tty/serial/8250/8250_early.o
  CC      fs/nsfs.o
  CC      lib/kasprintf.o
  CC      drivers/dma-buf/dma-fence-chain.o
  CC      arch/x86/kernel/tsc_msr.o
  CC      mm/mmap_lock.o
  CC      drivers/base/transport_class.o
  CC      lib/bitmap.o
  CC      drivers/dma-buf/dma-fence-unwrap.o
  CC      fs/fs_dirent.o
  CC      lib/scatterlist.o
  CC      kernel/async.o
  CC      mm/vma_init.o
  AR      drivers/tty/serial/8250/built-in.a
  CC      fs/fs_context.o
  CC      drivers/tty/serial/serial_mctrl_gpio.o
  CC      mm/highmem.o
  CC      arch/x86/kernel/io_delay.o
  CC      drivers/base/topology.o
  CC      drivers/spi/spi.o
  CC      drivers/base/container.o
  CC      drivers/spi/spi-offload.o
  CC      drivers/dma-buf/dma-resv.o
  CC      fs/fs_parser.o
  CC      kernel/range.o
  CC      fs/fsopen.o
  CC      mm/memory.o
  CC      arch/x86/kernel/rtc.o
  CC      fs/init.o
  CC      fs/kernel_read_file.o
  CC      kernel/smpboot.o
  CC      lib/list_sort.o
  CC      drivers/dma-buf/dma-buf-mapping.o
  CC      drivers/base/property.o
  CC      kernel/ucount.o
  AR      drivers/tty/serial/built-in.a
  CC      lib/uuid.o
  AR      drivers/tty/built-in.a
  CC      drivers/base/cacheinfo.o
  CC      drivers/spi/spi-altera-platform.o
  CC      arch/x86/kernel/resource.o
  CC      lib/iov_iter.o
  CC      mm/mincore.o
  CC      fs/mnt_idmapping.o
  CC      drivers/base/swnode.o
  CC      lib/clz_ctz.o
  AS      arch/x86/kernel/irqflags.o
  CC      kernel/regset.o
  CC      kernel/ksyms_common.o
  CC      arch/x86/kernel/static_call.o
  CC      mm/mlock.o
  CC      kernel/sched/core.o
  CC      arch/x86/kernel/process.o
  AR      drivers/dma-buf/built-in.a
  CC      drivers/input/serio/serio.o
  CC      drivers/input/input.o
  CC      drivers/rtc/lib.o
  CC      fs/remap_range.o
  CC      drivers/rtc/rtc-mc146818-lib.o
  AR      drivers/i2c/algos/built-in.a
  AR      drivers/i2c/busses/built-in.a
  CC      drivers/spi/spi-altera-core.o
  AR      drivers/i2c/built-in.a
  CC      kernel/sched/fair.o
  CC      drivers/input/serio/i8042.o
  CC      drivers/base/faux.o
  CC      mm/mmap.o
  CC      drivers/spi/spi-bitbang.o
  CC      drivers/spi/spi-oc-tiny.o
  CC      kernel/locking/mutex.o
  CC      drivers/base/firmware_loader/builtin/main.o
  AR      drivers/base/firmware_loader/builtin/built-in.a
  AR      drivers/rtc/built-in.a
  CC      fs/pidfs.o
  CC      lib/bsearch.o
  CC      kernel/power/qos.o
  AR      drivers/base/firmware_loader/built-in.a
  CC      kernel/locking/semaphore.o
  CC      drivers/input/serio/serport.o
  CC      arch/x86/kernel/fpu/init.o
  CC      drivers/base/regmap/regmap.o
  CC      drivers/input/input-compat.o
  CC      fs/file_attr.o
  CC      fs/fserror.o
  AR      drivers/spi/built-in.a
  CC      lib/find_bit.o
  CC      kernel/sched/build_policy.o
  CC      kernel/sched/build_utility.o
  CC      mm/mmu_gather.o
  CC      arch/x86/kernel/fpu/bugs.o
  CC      mm/mprotect.o
  CC      drivers/input/input-mt.o
  CC      kernel/locking/rwsem.o
  CC      lib/llist.o
  CC      drivers/input/serio/libps2.o
  CC      arch/x86/kernel/fpu/core.o
  CC      drivers/base/pinctrl.o
  CC      lib/lwq.o
  AR      kernel/power/built-in.a
  CC      lib/memweight.o
  CC      kernel/locking/percpu-rwsem.o
  CC      fs/nullfs.o
  CC      drivers/base/regmap/regcache.o
  CC      drivers/input/input-poller.o
  CC      drivers/input/ff-core.o
  CC      arch/x86/kernel/fpu/regset.o
  CC      lib/kfifo.o
  CC      drivers/input/touchscreen.o
  CC      drivers/input/touch-overlay.o
  CC      drivers/input/serio/serio_raw.o
  CC      arch/x86/kernel/fpu/signal.o
  CC      drivers/input/ff-memless.o
  CC      kernel/printk/printk.o
  CC      mm/mremap.o
  AR      kernel/locking/built-in.a
  CC      kernel/printk/printk_safe.o
  CC      arch/x86/kernel/ptrace.o
  CC      fs/eventpoll.o
  CC      arch/x86/kernel/fpu/xstate.o
  CC      drivers/base/regmap/regcache-rbtree.o
  CC      kernel/printk/nbcon.o
  CC      mm/msync.o
  AR      drivers/power/built-in.a
  CC      drivers/thermal/thermal_core.o
  CC      lib/percpu-refcount.o
  AR      drivers/input/serio/built-in.a
  CC      kernel/irq/irqdesc.o
  CC      drivers/cpufreq/cpufreq.o
  CC      drivers/input/sparse-keymap.o
  CC      kernel/rcu/update.o
  CC      kernel/printk/printk_ringbuffer.o
  CC      kernel/rcu/sync.o
  CC      drivers/base/regmap/regcache-flat.o
  AR      kernel/sched/built-in.a
  CC      fs/anon_inodes.o
  CC      mm/page_vma_mapped.o
  CC      arch/x86/kernel/step.o
  CC      lib/rhashtable.o
  AR      arch/x86/kernel/fpu/built-in.a
  CC      drivers/input/vivaldi-fmap.o
  CC      kernel/irq/handle.o
  CC      mm/pagewalk.o
  CC      drivers/base/regmap/regcache-maple.o
  CC      drivers/input/evdev.o
  CC      kernel/rcu/srcutiny.o
  CC      drivers/thermal/thermal_sysfs.o
  CC      fs/binfmt_script.o
  AR      kernel/printk/built-in.a
  CC      drivers/thermal/thermal_trip.o
  CC      lib/base64.o
  CC      kernel/irq/manage.o
  CC      arch/x86/kernel/stacktrace.o
  CC      lib/once.o
  CC      drivers/thermal/thermal_helpers.o
  CC      drivers/thermal/thermal_thresholds.o
  CC      arch/x86/kernel/cpu/cacheinfo.o
  CC      drivers/thermal/gov_step_wise.o
  CC      drivers/base/regmap/regmap-debugfs.o
  CC      drivers/cpufreq/freq_table.o
  CC      kernel/rcu/rcuscale.o
  CC      fs/binfmt_elf.o
  CC      arch/x86/kernel/cpu/scattered.o
  CC      drivers/base/regmap/regmap-spi.o
  CC      drivers/base/regmap/regmap-mmio.o
  CC      mm/pgtable-generic.o
  CC      drivers/input/keyboard/atkbd.o
  CC      lib/refcount.o
  CC      lib/rcuref.o
  CC      drivers/base/regmap/regmap-irq.o
  CC      mm/rmap.o
  CC      drivers/thermal/intel/intel_tcc.o
  CC      drivers/cpufreq/cpufreq_performance.o
  CC      drivers/thermal/intel/intel_tcc_cooling.o
  CC      mm/vmalloc.o
  CC      lib/usercopy.o
  CC      arch/x86/kernel/cpu/topology_common.o
  AR      kernel/liveupdate/built-in.a
  CC      fs/backing-file.o
  CC      kernel/irq/spurious.o
  CC      drivers/input/tablet/wacom_serial4.o
  CC      kernel/rcu/tiny.o
  CC      drivers/cpufreq/cpufreq_userspace.o
  CC      drivers/input/mouse/psmouse-base.o
  CC      drivers/input/mouse/synaptics.o
  CC      drivers/input/mouse/focaltech.o
  CC      lib/errseq.o
  CC      kernel/irq/resend.o
  CC      drivers/thermal/intel/therm_throt.o
  CC      arch/x86/kernel/cpu/topology_ext.o
  CC      fs/fhandle.o
  AR      drivers/base/regmap/built-in.a
  CC      drivers/input/keyboard/newtonkbd.o
  AR      drivers/base/built-in.a
  CC      drivers/cpufreq/cpufreq_ondemand.o
  CC      drivers/firmware/dmi_scan.o
  CC      lib/bucket_locks.o
  AR      drivers/input/tablet/built-in.a
  CC      drivers/firmware/dmi-id.o
  AR      kernel/rcu/built-in.a
  CC      mm/vma.o
  CC      drivers/cpufreq/cpufreq_governor.o
  CC      lib/generic-radix-tree.o
  CC      arch/x86/kernel/cpu/topology_amd.o
  CC      kernel/irq/chip.o
  CC      arch/x86/kernel/cpu/cpuid_parser.o
  AR      drivers/input/keyboard/built-in.a
  CC      arch/x86/kernel/cpu/common.o
  CC      arch/x86/kernel/cpu/rdrand.o
  CC      arch/x86/kernel/cpu/match.o
  CC      kernel/dma/mapping.o
  CC      kernel/dma/direct.o
  AR      drivers/thermal/intel/built-in.a
  CC      drivers/input/mouse/alps.o
  AR      drivers/thermal/built-in.a
  CC      drivers/clocksource/i8253.o
  CC      kernel/dma/swiotlb.o
  AR      fs/iomap/built-in.a
  CC      fs/quota/dquot.o
  CC      fs/configfs/inode.o
  CC      lib/bitmap-str.o
  CC      fs/configfs/file.o
  CC      fs/quota/quota.o
  AR      drivers/firmware/built-in.a
  CC      arch/x86/kernel/reboot.o
  CC      drivers/hid/hid-core.o
  CC      drivers/cpufreq/cpufreq_governor_attr_set.o
  AR      drivers/clocksource/built-in.a
  CC      drivers/hid/hid-input.o
  CC      kernel/irq/dummychip.o
  CC      drivers/hid/hid-quirks.o
  CC      kernel/entry/common.o
  CC      fs/configfs/dir.o
  CC      drivers/cpufreq/speedstep-lib.o
  CC      fs/configfs/symlink.o
  CC      lib/string_helpers.o
  CC      kernel/dma/remap.o
  CC      mm/vma_exec.o
  CC      drivers/cpufreq/p4-clockmod.o
  CC      kernel/irq/devres.o
  CC      drivers/input/mouse/byd.o
  CC      arch/x86/kernel/cpu/bugs.o
  CC      arch/x86/kernel/cpu/aperfmperf.o
  CC      kernel/irq/kexec.o
  CC      arch/x86/kernel/tsc_sync.o
  CC      fs/quota/kqid.o
  CC      drivers/hid/hid-debug.o
  CC      kernel/entry/syscall-common.o
  CC      kernel/dma/map_benchmark.o
  AR      drivers/cpufreq/built-in.a
  CC      drivers/comedi/comedi_fops.o
  CC      kernel/entry/syscall_user_dispatch.o
  CC      fs/configfs/mount.o
  CC      drivers/hid/hid-generic.o
  CC      lib/hexdump.o
  CC      mm/mseal.o
  CC      kernel/unwind/user.o
  CC      drivers/input/mouse/logips2pp.o
  CC      kernel/unwind/deferred.o
  CC      lib/kstrtox.o
  CC      kernel/irq/autoprobe.o
  AR      fs/quota/built-in.a
  CC      drivers/platform/chrome/cros_ec.o
  CC      fs/configfs/item.o
  CC      arch/x86/kernel/cpu/cpuid-deps.o
  CC      drivers/mailbox/mailbox.o
  AR      kernel/dma/built-in.a
  CC      drivers/comedi/range.o
  CC      arch/x86/kernel/cpu/cpuid_0x2_table.o
  CC      drivers/input/mouse/lifebook.o
  CC      lib/math/div64.o
  AR      kernel/entry/built-in.a
  CC      lib/crc/crc8.o
  CC      drivers/hid/hid-a4tech.o
  CC      arch/x86/kernel/cpu/umwait.o
  CC      lib/math/gcd.o
  AR      kernel/unwind/built-in.a
  CC      mm/page_alloc.o
  CC      kernel/irq/irqdomain.o
  CC      lib/math/lcm.o
  CC      arch/x86/kernel/mpparse.o
  AR      fs/configfs/built-in.a
  CC      fs/devpts/inode.o
  CC      drivers/platform/chrome/cros_ec_proto.o
  CC      lib/math/int_log.o
  CC      lib/math/int_pow.o
  CC      arch/x86/kernel/trace_clock.o
  CC      arch/x86/kernel/vmcore_info_64.o
  CC      drivers/comedi/drivers.o
  CC      drivers/comedi/comedi_buf.o
  CC      lib/math/int_sqrt.o
  CC      drivers/input/mouse/trackpoint.o
  HOSTCC  lib/crc/gen_crc32table
  CC      arch/x86/kernel/apic/apic.o
  AR      drivers/mailbox/built-in.a
  CC      lib/math/reciprocal_div.o
  CC      drivers/platform/chrome/cros_ec_trace.o
  CC      drivers/hid/hid-glorious.o
  CC      arch/x86/kernel/cpu/capflags.o
  CC      drivers/platform/chrome/cros_ec_chardev.o
  CC      arch/x86/kernel/apic/apic_common.o
  CC      kernel/irq/matrix.o
  AR      fs/devpts/built-in.a
  CC      mm/page_frag_cache.o
  CC      drivers/platform/chrome/cros_ec_lightbar.o
  CC      arch/x86/kernel/cpu/powerflags.o
  AS      lib/crc/x86/crc32-pclmul.o
  CC      fs/ramfs/inode.o
  AR      lib/math/built-in.a
  AS      lib/crc/x86/crc32c-3way.o
  CC      arch/x86/kernel/apic/apic_noop.o
  CC      drivers/input/mouse/cypress_ps2.o
  GEN     lib/crc/crc32table.h
  CC      lib/crc/crc32-main.o
  CC      drivers/platform/chrome/cros_ec_debugfs.o
  CC      arch/x86/kernel/cpu/topology.o
  AR      drivers/comedi/kcomedilib/built-in.a
  CC      drivers/comedi/drivers/comedi_8255.o
  CC      arch/x86/kernel/apic/ipi.o
  CC      arch/x86/kernel/cpu/feat_ctl.o
  CC      lib/crypto/blake2s.o
  AR      lib/crc/built-in.a
  CC      drivers/comedi/drivers/8255.o
  AR      kernel/irq/built-in.a
  CC      fs/exportfs/expfs.o
  CC      drivers/hid/hid-magicmouse.o
  CC      drivers/platform/chrome/cros_ec_sensorhub.o
  CC      kernel/time/time.o
  CC      drivers/hid/hid-maltron.o
  AR      drivers/input/mouse/built-in.a
  AS      lib/crypto/x86/blake2s-core.o
  AR      drivers/input/built-in.a
  CC      drivers/platform/chrome/cros_ec_sensorhub_ring.o
  CC      mm/init-mm.o
  CC      fs/ramfs/file-mmu.o
  CC      arch/x86/kernel/machine_kexec_64.o
  AS      arch/x86/kernel/relocate_kernel_64.o
  CC      drivers/platform/chrome/cros_usbpd_notify.o
  CC      arch/x86/kernel/apic/vector.o
  CC      lib/vdso/datastore.o
  CC      arch/x86/kernel/cpu/intel.o
  CC      arch/x86/kernel/kexec-bzimage64.o
  CC      lib/crypto/chacha-block-generic.o
  CC      kernel/time/timer.o
  AR      drivers/comedi/drivers/built-in.a
  AR      drivers/comedi/built-in.a
  CC      kernel/time/hrtimer.o
  AR      fs/exportfs/built-in.a
  CC      lib/crypto/sha256.o
  CC      kernel/time/sleep_timeout.o
  CC      kernel/time/timekeeping.o
  CC      mm/memblock.o
  CC      mm/slub.o
  AR      drivers/platform/chrome/built-in.a
  AR      lib/vdso/built-in.a
  AR      drivers/platform/built-in.a
  CC      kernel/up.o
  CC      arch/x86/kernel/cpu/tsx.o
  AR      fs/ramfs/built-in.a
  CC      fs/overlayfs/super.o
  CC      arch/x86/kernel/crash_dump_64.o
  CC      drivers/hid/hid-petalynx.o
  CC      mm/dmapool.o
  CC      fs/overlayfs/namei.o
  AS      lib/crypto/x86/sha256-ssse3-asm.o
  CC      drivers/hid/hid-rakk.o
  CC      fs/debugfs/inode.o
  CC      drivers/iio/industrialio-core.o
  AS      lib/crypto/x86/sha256-avx-asm.o
  CC      arch/x86/kernel/apic/init.o
  AS      lib/crypto/x86/sha256-avx2-asm.o
  CC      arch/x86/kernel/cpu/amd.o
  AS      lib/crypto/x86/sha256-ni-asm.o
  AR      lib/crypto/built-in.a
  CC      lib/iomap.o
  CC      fs/debugfs/file.o
  CC      drivers/hid/hid-gaff.o
  CC      drivers/hid/hid-xiaomi.o
  CC      fs/overlayfs/util.o
  CC      kernel/vmcore_info.o
  CC      arch/x86/kernel/apic/hw_nmi.o
  CC      kernel/time/ntp.o
  CC      lib/iomap_copy.o
  CC      arch/x86/kernel/crash.o
  CC      drivers/iio/industrialio-event.o
  CC      fs/overlayfs/inode.o
  CC      arch/x86/kernel/cpu/hygon.o
  CC      kernel/elfcorehdr.o
  CC      lib/devres.o
  CC      fs/overlayfs/file.o
  CC      kernel/crash_reserve.o
  CC      fs/overlayfs/dir.o
  CC      mm/sparse.o
  CC      drivers/iio/inkern.o
  AR      drivers/hid/built-in.a
  CC      arch/x86/kernel/apic/io_apic.o
  CC      kernel/time/clocksource.o
  CC      arch/x86/kernel/cpu/centaur.o
  AR      fs/debugfs/built-in.a
  CC      lib/bitrev.o
  CC      fs/overlayfs/readdir.o
  CC      arch/x86/kernel/cpu/zhaoxin.o
  CC      mm/sparse-vmemmap.o
  CC      fs/overlayfs/copy_up.o
  CC      kernel/kexec_core.o
  CC      arch/x86/kernel/cpu/mce/core.o
  CC      lib/xxhash.o
  CC      arch/x86/kernel/cpu/microcode/core.o
  CC      kernel/crash_core.o
  CC      drivers/hwtracing/intel_th/core.o
  CC      drivers/hwtracing/intel_th/pti.o
  CC      kernel/time/jiffies.o
  CC      arch/x86/kernel/hpet.o
  CC      arch/x86/kernel/apic/apic_flat_64.o
  CC      drivers/iio/industrialio-buffer.o
  CC      arch/x86/kernel/cpu/mce/severity.o
  CC      lib/genalloc.o
  CC      mm/page_poison.o
  CC      kernel/time/timer_list.o
  CC      arch/x86/kernel/apic/probe_64.o
  CC      arch/x86/kernel/cpu/microcode/intel.o
  CC      kernel/kexec_file.o
  CC      arch/x86/kernel/cpu/perfctr-watchdog.o
  CC      fs/overlayfs/export.o
  CC      arch/x86/kernel/perf_regs.o
  CC      drivers/iio/industrialio-trigger.o
  CC      arch/x86/kernel/cpu/mce/genpool.o
  CC      kernel/irq_work.o
  AR      drivers/hwtracing/intel_th/built-in.a
  CC      kernel/time/timeconv.o
  AR      arch/x86/kernel/apic/built-in.a
  CC      arch/x86/kernel/unwind_frame.o
  CC      lib/zlib_inflate/inffast.o
  CC      mm/early_ioremap.o
  CC      arch/x86/kernel/cet.o
  CC      lib/zlib_inflate/inflate.o
  CC      kernel/time/timecounter.o
  CC      lib/zlib_inflate/infutil.o
  CC      kernel/time/alarmtimer.o
  CC      lib/zlib_inflate/inftrees.o
  CC      drivers/mux/core.o
  CC      arch/x86/kernel/cpu/microcode/amd.o
  CC      arch/x86/kernel/cpu/mce/intel.o
  CC      lib/zlib_inflate/inflate_syms.o
  CC      kernel/static_call.o
  CC      drivers/iio/industrialio-configfs.o
  CC      fs/overlayfs/params.o
  CC      arch/x86/kernel/vsmp_64.o
  CC      lib/lzo/lzo1x_decompress_safe.o
  CC      kernel/static_call_inline.o
  CC      drivers/iio/industrialio-backend.o
  CC      kernel/events/core.o
  AR      lib/zlib_inflate/built-in.a
  CC      drivers/iio/accel/adis16209.o
  CC      drivers/iio/adc/ad7606_par.o
  AR      mm/built-in.a
  CC      drivers/iio/addac/ad74413r.o
  CC      kernel/torture.o
  CC      arch/x86/kernel/cpu/mce/amd.o
  LDS     arch/x86/kernel/vmlinux.lds
  AR      drivers/mux/built-in.a
  CC      kernel/time/posix-stubs.o
  CC      kernel/events/ring_buffer.o
  CC      fs/overlayfs/xattrs.o
  AR      lib/lzo/built-in.a
  CC      lib/lz4/lz4_decompress.o
  CC      drivers/iio/adc/ad7606.o
  CC      arch/x86/kernel/cpu/mce/threshold.o
  CC      arch/x86/kernel/cpu/debugfs.o
  AR      arch/x86/kernel/cpu/microcode/built-in.a
  CC      kernel/iomem.o
  CC      kernel/time/clockevents.o
  CC      kernel/events/callchain.o
  CC      lib/zstd/zstd_decompress_module.o
  AR      drivers/iio/accel/built-in.a
  CC      drivers/iio/adc/ad7779.o
  CC      lib/xz/xz_dec_syms.o
  AR      fs/overlayfs/built-in.a
  AR      fs/built-in.a
  CC      lib/notifier-error-inject.o
  CC      kernel/time/tick-common.o
  CC      lib/xz/xz_dec_stream.o
  AR      drivers/iio/addac/built-in.a
  CC      kernel/events/hw_breakpoint.o
  CC      lib/zstd/decompress/huf_decompress.o
  CC      lib/xz/xz_dec_lzma2.o
  CC      lib/zstd/decompress/zstd_ddict.o
  CC      lib/syscall.o
  CC      lib/xz/xz_dec_bcj.o
  CC      drivers/iio/adc/ad7944.o
  AR      arch/x86/kernel/cpu/mce/built-in.a
  CC      lib/zstd/decompress/zstd_decompress.o
  AR      arch/x86/kernel/cpu/built-in.a
  AR      arch/x86/kernel/built-in.a
  AR      arch/x86/built-in.a
  CC      kernel/time/tick-broadcast.o
  CC      lib/strncpy_from_user.o
  CC      drivers/iio/adc/max11100.o
  CC      lib/zstd/decompress/zstd_decompress_block.o
  CC      drivers/iio/buffer/industrialio-buffer-cb.o
  AR      lib/lz4/built-in.a
  CC      kernel/time/vsyscall.o
  CC      drivers/iio/adc/mcp320x.o
  AR      lib/xz/built-in.a
  CC      lib/zstd/zstd_common_module.o
  CC      lib/strnlen_user.o
  CC      drivers/iio/buffer/industrialio-buffer-dma.o
  CC      lib/group_cpus.o
  CC      lib/zstd/common/debug.o
  CC      drivers/iio/buffer/industrialio-buffer-dmaengine.o
  CC      drivers/iio/buffer/industrialio-triggered-buffer.o
  CC      lib/zstd/common/entropy_common.o
  CC      kernel/time/timekeeping_debug.o
  CC      drivers/iio/common/inv_sensors/inv_sensors_timestamp.o
  CC      drivers/iio/dac/ad3530r.o
  AR      lib/lib.a
  CC      drivers/iio/dac/ad5380.o
  CC      drivers/iio/dac/ad5624r_spi.o
  CC      drivers/iio/buffer/kfifo_buf.o
  CC      lib/zstd/common/error_private.o
  CC      drivers/iio/adc/ti-adc084s021.o
  CC      lib/zstd/common/fse_decompress.o
  CC      drivers/iio/dac/ad5504.o
  CC      drivers/iio/gyro/fxas21002c_core.o
  CC      drivers/iio/adc/ti-ads1298.o
  AR      drivers/iio/common/inv_sensors/built-in.a
  AR      drivers/iio/common/built-in.a
  CC      lib/zstd/common/zstd_common.o
  CC      drivers/iio/gyro/fxas21002c_spi.o
  CC      drivers/iio/dac/ad5592r-base.o
  CC      drivers/iio/dac/ad5592r.o
  AR      kernel/time/built-in.a
  CC      drivers/iio/frequency/admfm2000.o
  CC      drivers/iio/dac/ad5758.o
  AR      drivers/iio/buffer/built-in.a
  CC      drivers/iio/dac/ad5770r.o
  CC      drivers/iio/humidity/hts221_core.o
  CC      drivers/iio/imu/adis16475.o
  CC      drivers/iio/imu/adis.o
  CC      drivers/iio/imu/adis_trigger.o
  CC      drivers/iio/imu/adis_buffer.o
  CC      drivers/iio/imu/bmi160/bmi160_core.o
  AR      drivers/iio/frequency/built-in.a
  CC      drivers/iio/humidity/hts221_buffer.o
  CC      drivers/iio/imu/bmi160/bmi160_spi.o
  AR      drivers/iio/gyro/built-in.a
  AR      drivers/iio/adc/built-in.a
  CC      drivers/iio/humidity/hts221_spi.o
  AR      lib/zstd/built-in.a
  CC      drivers/iio/imu/bno055/bno055.o
  CC      drivers/iio/imu/fxos8700_core.o
  AR      lib/built-in.a
  CC      drivers/iio/imu/fxos8700_spi.o
  CC      drivers/iio/potentiometer/x9250.o
  CC      drivers/iio/imu/inv_icm42600/inv_icm42600_core.o
  CC      drivers/iio/imu/bno055/bno055_ser_core.o
  CC      drivers/iio/imu/inv_icm42600/inv_icm42600_gyro.o
  AR      drivers/iio/dac/built-in.a
  AR      kernel/events/built-in.a
  AR      kernel/built-in.a
  CC      drivers/iio/pressure/abp2030pa.o
  CC      drivers/iio/pressure/abp2030pa_spi.o
  CC      drivers/iio/imu/inv_icm42600/inv_icm42600_accel.o
  CC      drivers/iio/imu/inv_icm42600/inv_icm42600_temp.o
  CC      drivers/iio/imu/inv_icm42600/inv_icm42600_buffer.o
  CC      drivers/iio/proximity/as3935.o
  CC      drivers/iio/imu/inv_icm42600/inv_icm42600_spi.o
  AR      drivers/iio/humidity/built-in.a
  AR      drivers/iio/imu/bmi160/built-in.a
  AR      drivers/iio/imu/bno055/built-in.a
  AR      drivers/iio/potentiometer/built-in.a
  AR      drivers/iio/pressure/built-in.a
  AR      drivers/iio/proximity/built-in.a
  AR      drivers/iio/imu/inv_icm42600/built-in.a
  AR      drivers/iio/imu/built-in.a
  AR      drivers/iio/built-in.a
  AR      drivers/built-in.a
  AR      built-in.a
  AR      built-in-fixup.a
  COPY    vmlinux.a
  LD      vmlinux.o
  MODPOST vmlinux.symvers
  CC      .vmlinux.export.o
  UPD     include/generated/utsversion.h
  CC      init/version-timestamp.o
  LD      vmlinux.unstripped
  NM      System.map
  SORTTAB vmlinux.unstripped
  OBJCOPY vmlinux
  GEN     modules.builtin.modinfo
  GEN     modules.builtin
  HOSTCC  arch/x86/tools/insn_decoder_test
  HOSTCC  arch/x86/tools/insn_sanity
  TEST    posttest
  arch/x86/tools/insn_decoder_test: success: Decoded and checked 2732835 instructions
  TEST    posttest
  arch/x86/tools/insn_sanity: success: Decoded and checked 1000000 random instructions with 0 errors (seed:0x4b4fba2f)
  CC      arch/x86/boot/a20.o
  AS      arch/x86/boot/bioscall.o
  CC      arch/x86/boot/cmdline.o
  AS      arch/x86/boot/copy.o
  HOSTCC  arch/x86/boot/mkcpustr
  CC      arch/x86/boot/cpuflags.o
  CC      arch/x86/boot/cpucheck.o
  CC      arch/x86/boot/early_serial_console.o
  CC      arch/x86/boot/edd.o
  CC      arch/x86/boot/main.o
  CC      arch/x86/boot/memory.o
  CC      arch/x86/boot/pm.o
  AS      arch/x86/boot/pmjump.o
  CC      arch/x86/boot/printf.o
  CC      arch/x86/boot/regs.o
  CC      arch/x86/boot/string.o
  CC      arch/x86/boot/tty.o
  CC      arch/x86/boot/video.o
  CC      arch/x86/boot/video-mode.o
  CC      arch/x86/boot/version.o
  CC      arch/x86/boot/video-vga.o
  CC      arch/x86/boot/video-vesa.o
  LDS     arch/x86/boot/compressed/vmlinux.lds
  CC      arch/x86/boot/video-bios.o
  CPUSTR  arch/x86/boot/cpustr.h
  AS      arch/x86/boot/compressed/kernel_info.o
  CC      arch/x86/boot/cpu.o
  AS      arch/x86/boot/compressed/head_64.o
  VOFFSET arch/x86/boot/compressed/../voffset.h
  CC      arch/x86/boot/compressed/string.o
  CC      arch/x86/boot/compressed/cmdline.o
  CC      arch/x86/boot/compressed/error.o
  HOSTCC  arch/x86/boot/compressed/mkpiggy
  OBJCOPY arch/x86/boot/compressed/vmlinux.bin
  CC      arch/x86/boot/compressed/cpuflags.o
  CC      arch/x86/boot/compressed/ident_map_64.o
  CC      arch/x86/boot/compressed/idt_64.o
  AS      arch/x86/boot/compressed/idt_handlers_64.o
  CC      arch/x86/boot/compressed/pgtable_64.o
  CC      arch/x86/boot/compressed/misc.o
  GZIP    arch/x86/boot/compressed/vmlinux.bin.gz
  MKPIGGY arch/x86/boot/compressed/piggy.S
  AS      arch/x86/boot/compressed/piggy.o
  LD      arch/x86/boot/compressed/vmlinux
  ZOFFSET arch/x86/boot/zoffset.h
  OBJCOPY arch/x86/boot/vmlinux.bin
  AS      arch/x86/boot/header.o
  LD      arch/x86/boot/setup.elf
  OBJCOPY arch/x86/boot/setup.bin
  BUILD   arch/x86/boot/bzImage
Kernel: arch/x86/boot/bzImage is ready  (#40)
make[4]: Leaving directory '/home/benni/git/kernel-test/build/rand500config-x86_64'
make[3]: Leaving directory '/home/benni/git/linux'
