make[4]: Entering directory '/mnt/git-volume/linux-stable-rc'
make[5]: Entering directory '/mnt/git-volume/kernel-test-stable-rc/build/rand500config-arm64'
#
# configuration written to .config
#
Using .config as base
Merging /mnt/git-volume/linux-stable-rc/kernel/configs/tiny.config
Value of CONFIG_CC_OPTIMIZE_FOR_SIZE is redefined by fragment /mnt/git-volume/linux-stable-rc/kernel/configs/tiny.config:
Previous value: # CONFIG_CC_OPTIMIZE_FOR_SIZE is not set
New value: CONFIG_CC_OPTIMIZE_FOR_SIZE=y

Value of CONFIG_SLUB_TINY is redefined by fragment /mnt/git-volume/linux-stable-rc/kernel/configs/tiny.config:
Previous value: # CONFIG_SLUB_TINY is not set
New value: CONFIG_SLUB_TINY=y

#
# merged configuration written to .config (needs make)
#
#
# configuration written to .config
#
make[5]: Leaving directory '/mnt/git-volume/kernel-test-stable-rc/build/rand500config-arm64'
make[4]: Leaving directory '/mnt/git-volume/linux-stable-rc'
make[4]: Entering directory '/mnt/git-volume/linux-stable-rc'
make[5]: Entering directory '/tmp/tmp.Tq61VVB8Oi'
  UPD     /tmp/tmp.Tq61VVB8Oi/Makefile
  HOSTCC  scripts/basic/fixdep
  HOSTCC  scripts/kconfig/conf.o
  HOSTCC  scripts/kconfig/confdata.o
  HOSTCC  scripts/kconfig/expr.o
  LEX     scripts/kconfig/lexer.lex.c
  YACC    scripts/kconfig/parser.tab.[ch]
  HOSTCC  scripts/kconfig/lexer.lex.o
  HOSTCC  scripts/kconfig/menu.o
  HOSTCC  scripts/kconfig/parser.tab.o
  HOSTCC  scripts/kconfig/preprocess.o
  HOSTCC  scripts/kconfig/symbol.o
  HOSTCC  scripts/kconfig/util.o
  HOSTLD  scripts/kconfig/conf
KCONFIG_SEED=0xCAE29FCC
#
# configuration written to .config
#
make[5]: Leaving directory '/tmp/tmp.Tq61VVB8Oi'
make[4]: Leaving directory '/mnt/git-volume/linux-stable-rc'
make[4]: Entering directory '/mnt/git-volume/linux-stable-rc'
make[5]: Entering directory '/tmp/tmp.Tq61VVB8Oi'
.config:5452:warning: override: reassigning to symbol PRINTK
.config:5456:warning: override: reassigning to symbol TTY
.config:5459:warning: override: reassigning to symbol BLK_DEV_INITRD
.config:5463:warning: override: reassigning to symbol BINFMT_ELF
.config:5464:warning: override: reassigning to symbol BINFMT_SCRIPT
.config:5470:warning: override: reassigning to symbol KERNEL_GZIP
.config:5481:warning: override: reassigning to symbol KERNEL_ZSTD
.config:5484:warning: override: reassigning to symbol MODULES
.config:5487:warning: override: reassigning to symbol DRM
.config:5488:warning: override: reassigning to symbol SOUND
.config:5489:warning: override: reassigning to symbol STAGING
.config:5490:warning: override: reassigning to symbol INFINIBAND
.config:5491:warning: override: reassigning to symbol MEDIA_SUPPORT
.config:5497:warning: override: reassigning to symbol KCOV
.config:5500:warning: override: reassigning to symbol KCSAN
.config:5501:warning: override: reassigning to symbol KFENCE
.config:5502:warning: override: reassigning to symbol UBSAN
.config:5509:warning: override: reassigning to symbol RCU_TORTURE_TEST
.config:5510:warning: override: reassigning to symbol RCU_SCALE_TEST
.config:5511:warning: override: reassigning to symbol LOCK_TORTURE_TEST
.config:5521:warning: override: reassigning to symbol DEBUG_PREEMPT
.config:5522:warning: override: reassigning to symbol DEBUG_ATOMIC_SLEEP
.config:5529:warning: override: reassigning to symbol KUNIT
.config:5537:warning: override: reassigning to symbol OF_UNITTEST
#
# configuration written to .config
#
make[5]: Leaving directory '/tmp/tmp.Tq61VVB8Oi'
make[4]: Leaving directory '/mnt/git-volume/linux-stable-rc'
make[4]: Entering directory '/mnt/git-volume/linux-stable-rc'
make[5]: Entering directory '/mnt/git-volume/kernel-test-stable-rc/build/rand500config-arm64'
.config:1541:warning: override: reassigning to symbol ARCH_WANT_DEFAULT_TOPDOWN_MMAP_LAYOUT
.config:1544:warning: override: reassigning to symbol SPI
.config:1551:warning: override: reassigning to symbol HAVE_ARM_SMCCC_DISCOVERY
.config:1553:warning: override: reassigning to symbol HAVE_EXTRA_IPI_TRACEPOINTS
.config:1561:warning: override: reassigning to symbol SLUB_TINY
.config:1564:warning: override: reassigning to symbol SSB
.config:1565:warning: override: reassigning to symbol BCMA_POSSIBLE
.config:1566:warning: override: reassigning to symbol VIRT_CPU_ACCOUNTING_GEN
.config:1575:warning: override: reassigning to symbol HAVE_SOFTIRQ_ON_OWN_STACK
.config:1585:warning: override: reassigning to symbol GENERIC_CLOCKEVENTS
.config:1587:warning: override: reassigning to symbol GENERIC_CSUM
.config:1588:warning: override: reassigning to symbol ARCH_SPRD
.config:1590:warning: override: reassigning to symbol RELAY
.config:1592:warning: override: reassigning to symbol SERIO
.config:1594:warning: override: reassigning to symbol FSI
.config:1597:warning: override: reassigning to symbol CC_HAS_AUTO_VAR_INIT_PATTERN
.config:1612:warning: override: reassigning to symbol ARM_PSCI_FW
.config:1613:warning: override: reassigning to symbol ARCH_ROCKCHIP
.config:1618:warning: override: reassigning to symbol STM
.config:1619:warning: override: reassigning to symbol ARCH_SUPPORTS_SCHED_SMT
.config:1621:warning: override: reassigning to symbol ARCH_WANT_HUGE_PMD_SHARE
.config:1630:warning: override: reassigning to symbol ARM64_ERRATUM_4118414
.config:1643:warning: override: reassigning to symbol REMOTEPROC
.config:1645:warning: override: reassigning to symbol HAVE_PERF_USER_STACK_DUMP
.config:1649:warning: override: reassigning to symbol ARCH_EXYNOS
.config:1655:warning: override: reassigning to symbol USB_OHCI_LITTLE_ENDIAN
.config:1657:warning: override: reassigning to symbol HOTPLUG_CPU
.config:1659:warning: override: reassigning to symbol HAVE_MOVE_PUD
.config:1662:warning: override: reassigning to symbol MFD_ATMEL_FLEXCOM
.config:1664:warning: override: reassigning to symbol TRACING_SUPPORT
.config:1665:warning: override: reassigning to symbol PHY_CAN_TRANSCEIVER
.config:1668:warning: override: reassigning to symbol CC_HAS_NO_PROFILE_FN_ATTR
.config:1670:warning: override: reassigning to symbol ARM64_SVE
.config:1675:warning: override: reassigning to symbol NLS
.config:1682:warning: override: reassigning to symbol ARCH_THUNDER2
.config:1684:warning: override: reassigning to symbol ARCH_STM32
.config:1697:warning: override: reassigning to symbol ARCH_MMP
.config:1700:warning: override: reassigning to symbol ARCH_SUPPORTS_MSEAL_SYSTEM_MAPPINGS
.config:1703:warning: override: reassigning to symbol HAVE_FUNCTION_GRAPH_TRACER
.config:1704:warning: override: reassigning to symbol ARCH_HAS_GIGANTIC_PAGE
.config:1706:warning: override: reassigning to symbol EVENTFD
.config:1707:warning: override: reassigning to symbol ARCH_SUPPORTS_KEXEC_IMAGE_VERIFY_SIG
.config:1710:warning: override: reassigning to symbol NOTIFIER_ERROR_INJECTION
.config:1712:warning: override: reassigning to symbol QUOTA
.config:1714:warning: override: reassigning to symbol W1
.config:1721:warning: override: reassigning to symbol DEBUG_MAPLE_TREE
.config:1722:warning: override: reassigning to symbol FUSE_FS
.config:1746:warning: override: reassigning to symbol ARM64_4K_PAGES
.config:1747:warning: override: reassigning to symbol SECRETMEM
.config:1751:warning: override: reassigning to symbol INOTIFY_USER
.config:1752:warning: override: reassigning to symbol ROCKCHIP_ERRATUM_3588001
.config:1754:warning: override: reassigning to symbol OVERLAY_FS
.config:1758:warning: override: reassigning to symbol SURFACE_PLATFORMS
.config:1759:warning: override: reassigning to symbol HAVE_ARCH_KCSAN
.config:1761:warning: override: reassigning to symbol FW_LOADER
.config:1762:warning: override: reassigning to symbol GENERIC_CLOCKEVENTS_BROADCAST
.config:1763:warning: override: reassigning to symbol FPGA
.config:1765:warning: override: reassigning to symbol ARCH_BCM
.config:1769:warning: override: reassigning to symbol ARM64_TLB_RANGE
.config:1773:warning: override: reassigning to symbol ARCH_SEATTLE
.config:1775:warning: override: reassigning to symbol ARCH_WANTS_EXECMEM_LATE
.config:1783:warning: override: reassigning to symbol HAVE_KCSAN_COMPILER
.config:1793:warning: override: reassigning to symbol ARCH_SUPPORTS_CRASH_DUMP
.config:1798:warning: override: reassigning to symbol HAVE_CMPXCHG_LOCAL
.config:1799:warning: override: reassigning to symbol BINFMT_ELF
.config:1804:warning: override: reassigning to symbol CPU_IDLE
.config:1812:warning: override: reassigning to symbol ARCH_REALTEK
.config:1814:warning: override: reassigning to symbol ARM64_PLATFORM_DEVICES
.config:1818:warning: override: reassigning to symbol HAVE_ARCH_JUMP_LABEL
.config:1822:warning: override: reassigning to symbol ARCH_BINFMT_ELF_STATE
.config:1823:warning: override: reassigning to symbol HAVE_ARCH_PREL32_RELOCATIONS
.config:1825:warning: override: reassigning to symbol GENERIC_EARLY_IOREMAP
.config:1827:warning: override: reassigning to symbol COUNTER
.config:1834:warning: override: reassigning to symbol MITIGATE_SPECTRE_BRANCH_HISTORY
.config:1836:warning: override: reassigning to symbol HAVE_GUP_FAST
.config:1837:warning: override: reassigning to symbol ARCH_LG1K
.config:1839:warning: override: reassigning to symbol MTD
.config:1842:warning: override: reassigning to symbol ARM64_GCS
.config:1843:warning: override: reassigning to symbol CONFIGFS_FS
.config:1844:warning: override: reassigning to symbol CPUMASK_OFFSTACK
.config:1845:warning: override: reassigning to symbol ARCH_HAS_UBSAN
.config:1850:warning: override: reassigning to symbol CC_NO_STRINGOP_OVERFLOW
.config:1852:warning: override: reassigning to symbol GENERIC_IDLE_POLL_SETUP
.config:1853:warning: override: reassigning to symbol HAVE_ARCH_KASAN_VMALLOC
.config:1854:warning: override: reassigning to symbol INPUT
.config:1864:warning: override: reassigning to symbol OPEN_DICE
.config:1867:warning: override: reassigning to symbol IRQ_MSI_IOMMU
.config:1877:warning: override: reassigning to symbol ARCH_SUPPORTS_KEXEC_HANDOVER
.config:1881:warning: override: reassigning to symbol ARM64_ERRATUM_2441007
.config:1891:warning: override: reassigning to symbol VFIO
.config:1896:warning: override: reassigning to symbol CROSS_MEMORY_ATTACH
.config:1901:warning: override: reassigning to symbol IRQ_WORK
.config:1902:warning: override: reassigning to symbol DEVTMPFS
.config:1911:warning: override: reassigning to symbol IPMI_HANDLER
.config:1919:warning: override: reassigning to symbol POWER_RESET_GPIO
.config:1920:warning: override: reassigning to symbol RCU_TRACE
.config:1921:warning: override: reassigning to symbol HAVE_ARCH_HUGE_VMALLOC
.config:1926:warning: override: reassigning to symbol ARM64_E0PD
.config:1932:warning: override: reassigning to symbol ARM64_ERRATUM_843419
.config:1933:warning: override: reassigning to symbol ARCH_SPARSEMEM_ENABLE
.config:1935:warning: override: reassigning to symbol ARCH_ENABLE_SPLIT_PMD_PTLOCK
.config:1938:warning: override: reassigning to symbol ARCH_HAS_DEBUG_VM_PGTABLE
.config:1939:warning: override: reassigning to symbol AS_HAS_CFI_NEGATE_RA_STATE
.config:1946:warning: override: reassigning to symbol ARM64_ERRATUM_3117295
.config:1953:warning: override: reassigning to symbol BINFMT_MISC
.config:1958:warning: override: reassigning to symbol EXPERT
.config:1972:warning: override: reassigning to symbol ACCESSIBILITY
.config:1974:warning: override: reassigning to symbol MFD_MT6397
.config:1981:warning: override: reassigning to symbol SCF_TORTURE_TEST
.config:1990:warning: override: reassigning to symbol HAS_IOMEM
.config:1992:warning: override: reassigning to symbol SPARSEMEM_VMEMMAP
.config:1993:warning: override: reassigning to symbol CC_CAN_LINK
.config:1998:warning: override: reassigning to symbol VDSO_GETRANDOM
.config:2001:warning: override: reassigning to symbol ARCH_HAS_FORCE_DMA_UNENCRYPTED
.config:2007:warning: override: reassigning to symbol PT_RECLAIM
.config:2009:warning: override: reassigning to symbol HAVE_ASM_MODVERSIONS
.config:2012:warning: override: reassigning to symbol ARCH_SOPHGO
.config:2013:warning: override: reassigning to symbol PREEMPT_COUNT
.config:2014:warning: override: reassigning to symbol RCU_STALL_COMMON
.config:2020:warning: override: reassigning to symbol ARCH_ZYNQMP
.config:2025:warning: override: reassigning to symbol ARCH_SUPPORTS_INT128
.config:2032:warning: override: reassigning to symbol MEMSTICK
.config:2033:warning: override: reassigning to symbol ARCH_SUSPEND_POSSIBLE
.config:2038:warning: override: reassigning to symbol DAX
.config:2051:warning: override: reassigning to symbol PRINTK
.config:2055:warning: override: reassigning to symbol TTY
.config:2058:warning: override: reassigning to symbol BLK_DEV_INITRD
.config:2062:warning: override: reassigning to symbol BINFMT_ELF
.config:2063:warning: override: reassigning to symbol BINFMT_SCRIPT
.config:2077:warning: override: reassigning to symbol ARM64_4K_PAGES
#
# configuration written to .config
#
make[5]: Leaving directory '/mnt/git-volume/kernel-test-stable-rc/build/rand500config-arm64'
make[4]: Leaving directory '/mnt/git-volume/linux-stable-rc'
make[4]: Entering directory '/mnt/git-volume/linux-stable-rc'
make[5]: Entering directory '/mnt/git-volume/kernel-test-stable-rc/build/rand500config-arm64'
  SYNC    include/config/auto.conf.cmd
  HOSTCC  scripts/dtc/dtc.o
  HOSTCC  scripts/dtc/flattree.o
  HOSTCC  scripts/dtc/data.o
  HOSTCC  scripts/dtc/fstree.o
  HOSTCC  scripts/dtc/livetree.o
  HOSTCC  scripts/dtc/treesource.o
  HOSTCC  scripts/dtc/srcpos.o
  HOSTCC  scripts/dtc/checks.o
  HOSTCC  scripts/dtc/util.o
  HOSTCC  scripts/dtc/dtc-lexer.lex.o
  HOSTCC  scripts/dtc/dtc-parser.tab.o
  HOSTCC  scripts/dtc/libfdt/fdt.o
  HOSTCC  scripts/dtc/libfdt/fdt_ro.o
  HOSTCC  scripts/dtc/libfdt/fdt_wip.o
  HOSTCC  scripts/dtc/libfdt/fdt_sw.o
  HOSTCC  scripts/dtc/libfdt/fdt_rw.o
  HOSTCC  scripts/dtc/libfdt/fdt_strerror.o
  HOSTCC  scripts/dtc/libfdt/fdt_empty_tree.o
  HOSTCC  scripts/dtc/libfdt/fdt_addresses.o
  HOSTCC  scripts/dtc/libfdt/fdt_overlay.o
  HOSTCC  scripts/dtc/fdtoverlay.o
  HOSTLD  scripts/dtc/dtc
  HOSTLD  scripts/dtc/fdtoverlay
  HOSTCC  scripts/sorttable.o
  HOSTCC  scripts/elf-parse.o
  HOSTLD  scripts/sorttable
  CC      scripts/mod/empty.o
  HOSTCC  scripts/mod/mk_elfconfig
  CC      scripts/mod/devicetable-offsets.s
  MKELF   scripts/mod/elfconfig.h
  HOSTCC  scripts/mod/modpost.o
  HOSTCC  scripts/mod/file2alias.o
  HOSTCC  scripts/mod/sumversion.o
  HOSTCC  scripts/mod/symsearch.o
  HOSTLD  scripts/mod/modpost
  CC      kernel/bounds.s
  UPD     include/generated/bounds.h
  CC      arch/arm64/kernel/asm-offsets.s
  UPD     include/generated/asm-offsets.h
  CC      kernel/sched/rq-offsets.s
  UPD     include/generated/rq-offsets.h
  CALL    /mnt/git-volume/linux-stable-rc/scripts/checksyscalls.sh 
  LDS     arch/arm64/kernel/vdso/vdso.lds
  CC      arch/arm64/kernel/vdso/vgettimeofday.o
  AS      arch/arm64/kernel/vdso/note.o
  AS      arch/arm64/kernel/vdso/sigreturn.o
  CC      arch/arm64/kernel/vdso/vgetrandom.o
  AS      arch/arm64/kernel/vdso/vgetrandom-chacha.o
  LD      arch/arm64/kernel/vdso/vdso.so.dbg
  VDSOSYM include/generated/vdso-offsets.h
  OBJCOPY arch/arm64/kernel/vdso/vdso.so
  HOSTCC  usr/gen_init_cpio
  CC      init/main.o
  CC      arch/arm64/kernel/debug-monitors.o
  GEN     usr/initramfs_data.cpio
  CC      kernel/fork.o
  COPY    usr/initramfs_inc_data
  AS      usr/initramfs_data.o
  AR      usr/built-in.a
  CC      mm/filemap.o
  AS      arch/arm64/kernel/entry.o
  CC      arch/arm64/kernel/irq.o
  UPD     init/utsversion-tmp.h
  CC      init/do_mounts.o
  CC      kernel/exec_domain.o
  CC      arch/arm64/kernel/fpsimd.o
  CC      mm/mempool.o
  CC      init/do_mounts_initrd.o
  CC      kernel/panic.o
  CC      arch/arm64/kernel/entry-common.o
  CC      mm/oom_kill.o
  CC      init/initramfs.o
  CC      kernel/cpu.o
  AS      arch/arm64/kernel/entry-fpsimd.o
  CC      arch/arm64/kernel/process.o
  CC      mm/fadvise.o
  CC      init/calibrate.o
  CC      init/init_task.o
  CC      kernel/exit.o
  CC      mm/maccess.o
  CC      arch/arm64/kernel/ptrace.o
  CC      init/version.o
  CC      mm/page-writeback.o
  AR      init/built-in.a
  CC      arch/arm64/kernel/setup.o
  CC      fs/open.o
  CC      kernel/softirq.o
  CC      arch/arm64/kernel/signal.o
  CC      mm/folio-compat.o
  CC      fs/read_write.o
  CC      kernel/resource.o
  CC      mm/readahead.o
  CC      arch/arm64/kernel/sys.o
  CC      kernel/sysctl.o
  CC      fs/file_table.o
  CC      mm/swap.o
  CC      arch/arm64/kernel/stacktrace.o
  CC      kernel/capability.o
  CC      fs/super.o
  CC      mm/truncate.o
  CC      kernel/ptrace.o
  CC      arch/arm64/kernel/time.o
  CC      fs/char_dev.o
  CC      arch/arm64/kernel/traps.o
  CC      mm/vmscan.o
  CC      kernel/user.o
  CC      fs/stat.o
  CC      arch/arm64/kernel/io.o
  CC      kernel/signal.o
  CC      arch/arm64/kernel/vdso.o
  CC      mm/shrinker.o
  CC      fs/exec.o
  AS      arch/arm64/kernel/hyp-stub.o
  CC      arch/arm64/kernel/psci.o
  CC      mm/shmem.o
  CC      kernel/sys.o
  CC      fs/pipe.o
  CC      arch/arm64/kernel/cpu_ops.o
  CC      mm/util.o
  CC      kernel/umh.o
  CC      arch/arm64/kernel/return_address.o
  CC      fs/namei.o
  CC      mm/mmzone.o
  CC      arch/arm64/kernel/cpuinfo.o
  CC      kernel/workqueue.o
  CC      mm/vmstat.o
  CC      arch/arm64/kernel/cpu_errata.o
  CC      mm/backing-dev.o
  CC      arch/arm64/kernel/cpufeature.o
  CC      fs/fcntl.o
  CC      kernel/pid.o
  CC      mm/mm_init.o
  CC      fs/ioctl.o
  CC      arch/arm64/kernel/alternative.o
  CC      kernel/task_work.o
  CC      mm/percpu.o
  CC      fs/readdir.o
  CC      arch/arm64/kernel/cacheinfo.o
  CC      kernel/extable.o
  CC      fs/select.o
  CC      arch/arm64/kernel/smp.o
  CC      mm/slab_common.o
  CC      kernel/params.o
  CC      kernel/kthread.o
  CC      fs/dcache.o
  CC      mm/compaction.o
  CC      arch/arm64/kernel/smp_spin_table.o
  CC      arch/arm64/kernel/topology.o
  CC      mm/show_mem.o
  CC      kernel/sys_ni.o
  CC      kernel/nsproxy.o
  CC      fs/inode.o
  AS      arch/arm64/kernel/smccc-call.o
  CC      arch/arm64/kernel/syscall.o
  CC      mm/interval_tree.o
  CC      kernel/nstree.o
  CC      arch/arm64/kernel/proton-pack.o
  CC      fs/attr.o
  CC      mm/list_lru.o
  CC      kernel/nscommon.o
  CC      arch/arm64/kernel/idle.o
  CC      fs/bad_inode.o
  CC      mm/workingset.o
  CC      arch/arm64/kernel/patching.o
  CC      kernel/notifier.o
  CC      fs/file.o
  CC      mm/debug.o
  CC      kernel/ksysfs.o
  CC      arch/arm64/kernel/pi/idreg-override.o
  CC      fs/filesystems.o
  CC      kernel/cred.o
  CC      mm/gup.o
  HOSTCC  arch/arm64/kernel/pi/relacheck
  CC      arch/arm64/kernel/pi/map_kernel.o
  CC      fs/namespace.o
  CC      kernel/reboot.o
  CC      arch/arm64/kernel/pi/map_range.o
  CC      mm/mmap_lock.o
  CC      arch/arm64/kernel/pi/lib-fdt.o
  CC      arch/arm64/kernel/pi/lib-fdt_ro.o
  OBJCOPY arch/arm64/kernel/pi/idreg-override.pi.o
  OBJCOPY arch/arm64/kernel/pi/map_kernel.pi.o
  OBJCOPY arch/arm64/kernel/pi/map_range.pi.o
  OBJCOPY arch/arm64/kernel/pi/lib-fdt.pi.o
  OBJCOPY arch/arm64/kernel/pi/lib-fdt_ro.pi.o
  AR      arch/arm64/kernel/pi/built-in.a
  CC      arch/arm64/kernel/rsi.o
  CC      kernel/async.o
  CC      mm/vma_init.o
  CC      kernel/range.o
  CC      kernel/smpboot.o
  CC      arch/arm64/kernel/jump_label.o
  AS      arch/arm64/kernel/sleep.o
  CC      arch/arm64/kernel/suspend.o
  CC      fs/seq_file.o
  CC      mm/highmem.o
  CC      kernel/ucount.o
  AS      arch/arm64/kernel/vdso-wrap.o
  AS      arch/arm64/kernel/head.o
  CC      fs/xattr.o
  LDS     arch/arm64/kernel/vmlinux.lds
  AR      arch/arm64/kernel/built-in.a
  CC      kernel/regset.o
  CC      arch/arm64/mm/dma-mapping.o
  CC      mm/memory.o
  CC      kernel/ksyms_common.o
  CC      arch/arm64/mm/extable.o
  CC      arch/arm64/mm/fault.o
  CC      kernel/sched/core.o
  CC      fs/libfs.o
  CC      arch/arm64/mm/init.o
  CC      mm/mincore.o
  CC      fs/fs-writeback.o
  AS      arch/arm64/mm/cache.o
  CC      kernel/sched/fair.o
  CC      mm/mlock.o
  CC      arch/arm64/mm/copypage.o
  CC      fs/pnode.o
  CC      arch/arm64/mm/flush.o
  CC      fs/splice.o
  CC      mm/mmap.o
  CC      arch/arm64/mm/ioremap.o
  CC      fs/sync.o
  CC      kernel/sched/build_policy.o
  CC      mm/mmu_gather.o
  CC      arch/arm64/mm/mmap.o
  CC      fs/utimes.o
  CC      mm/mprotect.o
  CC      arch/arm64/mm/pgd.o
  CC      fs/d_path.o
  CC      arch/arm64/mm/mem_encrypt.o
  CC      mm/mremap.o
  CC      fs/stack.o
  CC      arch/arm64/mm/mmu.o
  CC      kernel/sched/build_utility.o
  CC      fs/fs_struct.o
  CC      mm/msync.o
  CC      fs/statfs.o
  CC      arch/arm64/mm/context.o
  CC      mm/page_vma_mapped.o
  AS      arch/arm64/mm/proc.o
  CC      fs/fs_pin.o
  AR      kernel/sched/built-in.a
  CC      arch/arm64/mm/pageattr.o
  CC      kernel/locking/mutex.o
  CC      mm/pagewalk.o
  CC      fs/nsfs.o
  CC      arch/arm64/mm/fixmap.o
  CC      kernel/locking/semaphore.o
  CC      mm/pgtable-generic.o
  CC      fs/fs_dirent.o
  CC      arch/arm64/mm/gcs.o
  CC      kernel/locking/rwsem.o
  CC      fs/fs_context.o
  CC      mm/rmap.o
  CC      kernel/locking/percpu-rwsem.o
  AR      arch/arm64/mm/built-in.a
  AR      arch/arm64/built-in.a
  CC      security/commoncap.o
  CC      fs/fs_parser.o
  CC      kernel/locking/spinlock.o
  CC      fs/fsopen.o
  CC      kernel/locking/osq_lock.o
  CC      security/min_addr.o
  CC      mm/vmalloc.o
  CC      kernel/locking/qspinlock.o
  AR      security/built-in.a
  AS      arch/arm64/lib/clear_page.o
  AS      arch/arm64/lib/clear_user.o
  CC      fs/init.o
  AS      arch/arm64/lib/copy_from_user.o
  AS      arch/arm64/lib/copy_page.o
  CC      kernel/locking/qrwlock.o
  AS      arch/arm64/lib/copy_to_user.o
  CC      arch/arm64/lib/csum.o
  CC      arch/arm64/lib/delay.o
  AR      kernel/locking/built-in.a
  CC      fs/kernel_read_file.o
  CC      kernel/power/qos.o
  CC      arch/arm64/lib/insn.o
  CC      mm/vma.o
  AS      arch/arm64/lib/memchr.o
  CC      fs/mnt_idmapping.o
  AS      arch/arm64/lib/memcmp.o
  CC      kernel/power/main.o
  AS      arch/arm64/lib/memcpy.o
  AS      arch/arm64/lib/memset.o
  AS      arch/arm64/lib/strchr.o
  AS      arch/arm64/lib/strcmp.o
  AS      arch/arm64/lib/strlen.o
  AS      arch/arm64/lib/strncmp.o
  AS      arch/arm64/lib/strnlen.o
  AS      arch/arm64/lib/strrchr.o
  CC      fs/remap_range.o
  AS      arch/arm64/lib/tishift.o
  AR      arch/arm64/lib/lib.a
  AR      kernel/power/built-in.a
  CC      kernel/printk/printk.o
  CC      mm/vma_exec.o
  CC      lib/argv_split.o
  CC      lib/buildid.o
  CC      fs/pidfs.o
  CC      mm/process_vm_access.o
  CC      lib/cmdline.o
  CC      lib/cpumask.o
  CC      kernel/printk/printk_safe.o
  CC      mm/mseal.o
  CC      fs/file_attr.o
  CC      lib/ctype.o
  CC      lib/dec_and_lock.o
  CC      kernel/printk/nbcon.o
  CC      lib/decompress.o
  CC      lib/decompress_bunzip2.o
  CC      mm/page_alloc.o
  CC      fs/fserror.o
  CC      kernel/printk/printk_ringbuffer.o
  CC      lib/decompress_inflate.o
  AR      kernel/printk/built-in.a
  CC      fs/nullfs.o
  CC      kernel/irq/irqdesc.o
  CC      lib/decompress_unlz4.o
  CC      fs/notify/fsnotify.o
  CC      kernel/irq/handle.o
  CC      lib/decompress_unlzma.o
  CC      mm/page_frag_cache.o
  CC      kernel/irq/manage.o
  CC      lib/decompress_unlzo.o
  CC      fs/notify/notification.o
  CC      mm/init-mm.o
  CC      lib/decompress_unxz.o
  CC      fs/notify/group.o
  CC      mm/memblock.o
  CC      kernel/irq/spurious.o
  CC      lib/decompress_unzstd.o
  CC      fs/notify/mark.o
  CC      lib/dump_stack.o
  CC      kernel/irq/resend.o
  CC      mm/slub.o
  CC      fs/notify/fdinfo.o
  CC      lib/earlycpio.o
  CC      kernel/irq/chip.o
  CC      lib/extable.o
  CC      lib/fdt.o
  CC      lib/fdt_addresses.o
  CC      lib/fdt_empty_tree.o
  CC      fs/notify/inotify/inotify_fsnotify.o
  CC      lib/fdt_ro.o
  CC      lib/fdt_rw.o
  CC      lib/fdt_strerror.o
  CC      lib/fdt_sw.o
  CC      lib/fdt_wip.o
  CC      lib/flex_proportions.o
  CC      kernel/irq/dummychip.o
  CC      lib/idr.o
  CC      fs/notify/inotify/inotify_user.o
  CC      mm/dmapool.o
  CC      kernel/irq/devres.o
  CC      lib/iomem_copy.o
  CC      mm/sparse.o
  CC      lib/irq_regs.o
  AR      fs/notify/inotify/built-in.a
  AR      fs/notify/built-in.a
  CC      fs/anon_inodes.o
  CC      kernel/irq/kexec.o
  CC      lib/is_single_threaded.o
  CC      mm/sparse-vmemmap.o
  CC      kernel/irq/generic-chip.o
  CC      lib/klist.o
  CC      fs/eventfd.o
  CC      lib/kobject.o
  CC      kernel/irq/autoprobe.o
  CC      mm/early_ioremap.o
  CC      lib/kobject_uevent.o
  CC      fs/binfmt_misc.o
  CC      kernel/irq/irqdomain.o
  CC      mm/secretmem.o
  CC      fs/binfmt_script.o
  CC      lib/logic_pio.o
  CC      mm/ioremap.o
  CC      kernel/irq/msi.o
  CC      fs/binfmt_elf.o
  CC      lib/maple_tree.o
  AR      mm/built-in.a
  CC      drivers/irqchip/irqchip.o
  CC      kernel/irq/ipi.o
  CC      fs/backing-file.o
  CC      drivers/irqchip/irq-gic.o
  CC      kernel/irq/affinity.o
  CC      fs/posix_acl.o
  CC      lib/memcat_p.o
  CC      kernel/irq/cpuhotplug.o
  CC      drivers/irqchip/irq-gic-common.o
  CC      lib/nmi_backtrace.o
  CC      drivers/irqchip/irq-msi-lib.o
  AR      kernel/irq/built-in.a
  CC      kernel/rcu/update.o
  CC      fs/iomap/trace.o
  CC      lib/objpool.o
  CC      drivers/irqchip/irq-gic-v3.o
  CC      kernel/rcu/sync.o
  CC      fs/iomap/iter.o
  CC      lib/plist.o
  CC      lib/radix-tree.o
  CC      kernel/rcu/srcutree.o
  CC      drivers/irqchip/irq-gic-v3-mbi.o
  CC      fs/iomap/buffered-io.o
  CC      lib/ratelimit.o
  CC      kernel/rcu/tree.o
  CC      lib/rbtree.o
  CC      drivers/irqchip/irq-gic-its-msi-parent.o
  CC      lib/seq_buf.o
  CC      lib/siphash.o
  CC      drivers/irqchip/irq-gic-v3-its.o
  AR      fs/iomap/built-in.a
  CC      fs/quota/dquot.o
  CC      lib/string.o
  CC      kernel/rcu/rcu_segcblist.o
  CC      lib/sys_info.o
  CC      fs/quota/quota.o
  AR      kernel/rcu/built-in.a
  CC      kernel/dma/mapping.o
  CC      lib/timerqueue.o
  CC      lib/vsprintf.o
  CC      drivers/irqchip/irq-gic-v4.o
  CC      kernel/dma/direct.o
  CC      fs/quota/kqid.o
  CC      drivers/irqchip/irq-gic-v5.o
  AR      fs/quota/built-in.a
  CC      fs/configfs/inode.o
  CC      kernel/dma/coherent.o
  CC      lib/win_minmax.o
  CC      fs/configfs/file.o
  CC      drivers/irqchip/irq-gic-v5-irs.o
  CC      lib/xarray.o
  CC      kernel/dma/swiotlb.o
  CC      fs/configfs/dir.o
  CC      lib/lockref.o
  CC      drivers/irqchip/irq-gic-v5-its.o
  CC      kernel/dma/pool.o
  CC      lib/bcd.o
  CC      lib/sort.o
  CC      fs/configfs/symlink.o
  CC      lib/parser.o
  CC      kernel/dma/remap.o
  CC      lib/debug_locks.o
  CC      fs/configfs/mount.o
  CC      drivers/irqchip/irq-gic-v5-iwb.o
  CC      lib/random32.o
  AR      kernel/dma/built-in.a
  CC      kernel/entry/common.o
  CC      lib/bust_spinlocks.o
  CC      fs/configfs/item.o
  CC      drivers/irqchip/irq-stm32mp-exti.o
  CC      lib/kasprintf.o
  AR      kernel/entry/built-in.a
  AR      fs/configfs/built-in.a
  CC      fs/devpts/inode.o
  CC      kernel/time/time.o
  CC      lib/bitmap.o
  CC      drivers/irqchip/irq-mmp.o
  AR      fs/devpts/built-in.a
  CC      fs/ramfs/inode.o
  CC      lib/scatterlist.o
  CC      kernel/time/timer.o
  AR      drivers/irqchip/built-in.a
  CC      drivers/bus/stm32_firewall.o
  CC      fs/ramfs/file-mmu.o
  CC      drivers/bus/stm32_rifsc.o
  CC      lib/list_sort.o
  CC      lib/uuid.o
  CC      kernel/time/hrtimer.o
  CC      lib/iov_iter.o
  AR      fs/ramfs/built-in.a
  CC      fs/exportfs/expfs.o
  CC      drivers/bus/stm32_etzpc.o
  AR      fs/exportfs/built-in.a
  CC      fs/nls/nls_base.o
  CC      kernel/time/sleep_timeout.o
  CC      drivers/bus/simple-pm-bus.o
  CC      lib/clz_ctz.o
  CC      lib/bsearch.o
  CC      fs/nls/nls_cp775.o
  CC      kernel/time/timekeeping.o
  CC      drivers/bus/moxtet.o
  CC      fs/nls/nls_cp860.o
  CC      lib/find_bit.o
  CC      lib/llist.o
  CC      lib/lwq.o
  AR      drivers/bus/built-in.a
  CC      drivers/phy/phy-core.o
  CC      fs/nls/nls_cp865.o
  CC      kernel/time/ntp.o
  CC      lib/memweight.o
  CC      lib/kfifo.o
  CC      fs/nls/nls_ascii.o
  CC      kernel/time/clocksource.o
  CC      drivers/phy/phy-can-transceiver.o
  CC      fs/nls/nls_utf8.o
  CC      lib/percpu-refcount.o
  CC      fs/nls/mac-inuit.o
  CC      kernel/time/jiffies.o
  AR      drivers/phy/cadence/built-in.a
  CC      drivers/phy/mscc/phy-ocelot-serdes.o
  AR      fs/nls/built-in.a
  CC      fs/fuse/trace.o
  CC      lib/rhashtable.o
  CC      kernel/time/timer_list.o
  AR      drivers/phy/mscc/built-in.a
  CC      drivers/phy/rockchip/phy-rockchip-snps-pcie3.o
  CC      fs/fuse/dev.o
  CC      lib/base64.o
  CC      kernel/time/timeconv.o
  CC      lib/once.o
  CC      kernel/time/timecounter.o
  CC      kernel/time/alarmtimer.o
  CC      lib/refcount.o
  AR      drivers/phy/rockchip/built-in.a
  CC      drivers/phy/samsung/phy-exynos-dp-video.o
  CC      lib/rcuref.o
  CC      fs/fuse/dir.o
  CC      kernel/time/posix-stubs.o
  CC      lib/usercopy.o
  CC      lib/errseq.o
  CC      drivers/phy/samsung/phy-exynos-mipi-video.o
  CC      lib/bucket_locks.o
  CC      kernel/time/clockevents.o
  CC      fs/fuse/file.o
  AR      drivers/phy/samsung/built-in.a
  CC      drivers/phy/st/phy-stm32-combophy.o
  CC      lib/generic-radix-tree.o
  CC      kernel/time/tick-common.o
  AR      drivers/phy/st/built-in.a
  AR      drivers/phy/built-in.a
  CC      lib/bitmap-str.o
  CC      drivers/pinctrl/core.o
  CC      kernel/time/tick-broadcast.o
  CC      fs/fuse/inode.o
  CC      lib/string_helpers.o
  CC      kernel/time/sched_clock.o
  CC      drivers/pinctrl/pinctrl-utils.o
  CC      lib/hexdump.o
  CC      kernel/time/vsyscall.o
  CC      drivers/pinctrl/pinmux.o
  CC      fs/fuse/control.o
  CC      lib/kstrtox.o
  CC      kernel/time/timekeeping_debug.o
  CC      lib/math/div64.o
  CC      lib/math/gcd.o
  CC      drivers/pinctrl/pinconf.o
  CC      lib/math/lcm.o
  CC      fs/fuse/xattr.o
  CC      lib/math/int_log.o
  CC      lib/math/int_pow.o
  CC      lib/math/int_sqrt.o
  CC      lib/math/reciprocal_div.o
  AR      kernel/time/built-in.a
  CC      kernel/smp.o
  CC      lib/math/rational.o
  CC      drivers/pinctrl/pinconf-generic.o
  CC      fs/fuse/acl.o
  AR      lib/math/built-in.a
  CC      lib/crc/crc4.o
  CC      drivers/pinctrl/devicetree.o
  CC      kernel/stop_machine.o
  HOSTCC  lib/crc/gen_crc32table
  CC      lib/crc/crc8.o
  CC      fs/fuse/readdir.o
  CC      drivers/pinctrl/pinctrl-rockchip.o
  CC      lib/crc/crc16.o
  CC      kernel/relay.o
  GEN     lib/crc/crc32table.h
  CC      lib/crc/crc32-main.o
  CC      fs/fuse/ioctl.o
  CC      kernel/trace/trace_clock.o
  AR      lib/crc/built-in.a
  CC      lib/crypto/blake2s.o
  CC      drivers/pinctrl/pinctrl-single.o
  CC      fs/fuse/iomode.o
  AR      kernel/trace/built-in.a
  CC      kernel/irq_work.o
  CC      lib/crypto/chacha-block-generic.o
  AR      lib/crypto/built-in.a
  CC      lib/vdso/datastore.o
  AR      drivers/pinctrl/mvebu/built-in.a
  CC      fs/fuse/passthrough.o
  CC      drivers/pinctrl/realtek/pinctrl-rtd.o
  CC      kernel/cpu_pm.o
  AR      lib/vdso/built-in.a
  CC      lib/iomap_copy.o
  CC      kernel/jump_label.o
  CC      drivers/pinctrl/realtek/pinctrl-rtd1619b.o
  CC      fs/fuse/backing.o
  CC      lib/devres.o
  CC      kernel/context_tracking.o
  CC      drivers/pinctrl/realtek/pinctrl-rtd1319d.o
  CC      lib/cache_maint.o
  AR      fs/fuse/built-in.a
  CC      fs/overlayfs/super.o
  CC      drivers/pinctrl/realtek/pinctrl-rtd1315e.o
  CC      kernel/torture.o
  CC      lib/hweight.o
  CC      lib/interval_tree.o
  CC      drivers/pinctrl/realtek/pinctrl-rtd1625.o
  CC      lib/bitrev.o
  CC      lib/linear_ranges.o
  CC      fs/overlayfs/namei.o
  CC      kernel/iomem.o
  AR      drivers/pinctrl/realtek/built-in.a
  CC      lib/xxhash.o
  CC      drivers/pinctrl/samsung/pinctrl-samsung.o
  CC      kernel/scftorture.o
  CC      fs/overlayfs/util.o
  CC      lib/genalloc.o
  CC      drivers/pinctrl/samsung/pinctrl-exynos.o
  AR      kernel/built-in.a
  CC      drivers/pinctrl/samsung/pinctrl-exynos-arm64.o
  CC      lib/zlib_inflate/inffast.o
  CC      fs/overlayfs/inode.o
  CC      lib/zlib_inflate/inflate.o
  CC      lib/zlib_inflate/infutil.o
  AR      drivers/pinctrl/samsung/built-in.a
  CC      drivers/pinctrl/sophgo/pinctrl-sophgo-common.o
  CC      lib/zlib_inflate/inftrees.o
  CC      lib/zlib_inflate/inflate_syms.o
  CC      drivers/pinctrl/sophgo/pinctrl-cv18xx.o
  CC      fs/overlayfs/file.o
  AR      lib/zlib_inflate/built-in.a
  CC      drivers/pinctrl/sophgo/pinctrl-sg2002.o
  CC      lib/lzo/lzo1x_decompress_safe.o
  CC      lib/lz4/lz4_decompress.o
  AR      lib/lzo/built-in.a
  CC      lib/zstd/zstd_decompress_module.o
  AR      drivers/pinctrl/sophgo/built-in.a
  CC      drivers/pinctrl/stm32/pinctrl-stm32.o
  CC      fs/overlayfs/dir.o
  CC      lib/zstd/decompress/huf_decompress.o
  CC      lib/zstd/decompress/zstd_ddict.o
  CC      lib/zstd/decompress/zstd_decompress.o
  CC      lib/zstd/decompress/zstd_decompress_block.o
  AR      lib/lz4/built-in.a
  CC      drivers/pinctrl/stm32/pinctrl-stm32mp257.o
  CC      lib/zstd/zstd_common_module.o
  CC      drivers/pinctrl/stm32/pinctrl-stm32-hdp.o
  CC      fs/overlayfs/readdir.o
  CC      lib/zstd/common/debug.o
  CC      lib/zstd/common/entropy_common.o
  CC      lib/zstd/common/error_private.o
  CC      lib/zstd/common/fse_decompress.o
  CC      lib/xz/xz_dec_syms.o
  CC      lib/zstd/common/zstd_common.o
  AR      lib/zstd/built-in.a
  CC      lib/percpu_counter.o
  AR      drivers/pinctrl/stm32/built-in.a
  CC      drivers/pinctrl/pinctrl-tps6594.o
  CC      lib/xz/xz_dec_stream.o
  CC      lib/syscall.o
  CC      drivers/pinctrl/pinctrl-zynqmp.o
  CC      fs/overlayfs/copy_up.o
  CC      lib/xz/xz_dec_lzma2.o
  CC      lib/dynamic_debug.o
  AR      drivers/pinctrl/built-in.a
  CC      drivers/gpio/gpiolib.o
  CC      lib/xz/xz_dec_bcj.o
  CC      fs/overlayfs/export.o
  AR      lib/xz/built-in.a
  CC      drivers/gpio/gpiolib-devres.o
  CC      lib/checksum.o
  CC      fs/overlayfs/params.o
  CC      drivers/gpio/gpiolib-legacy.o
  CC      lib/glob.o
  CC      drivers/gpio/gpiolib-of.o
  CC      lib/strncpy_from_user.o
  CC      drivers/gpio/gpiolib-cdev.o
  CC      fs/overlayfs/xattrs.o
  CC      drivers/gpio/gpiolib-swnode.o
  CC      lib/strnlen_user.o
  AR      fs/overlayfs/built-in.a
  CC      fs/debugfs/inode.o
  CC      drivers/gpio/gpio-regmap.o
  CC      drivers/gpio/gpio-mmio.o
  CC      lib/group_cpus.o
  CC      fs/debugfs/file.o
  CC      drivers/gpio/gpio-aggregator.o
  CC      drivers/gpio/gpio-amd-fch.o
  CC      lib/devmem_is_allowed.o
  CC      drivers/gpio/gpio-grgpio.o
  CC      lib/notifier-error-inject.o
  AR      fs/debugfs/built-in.a
  CC      drivers/gpio/gpio-mpfs.o
  AR      fs/built-in.a
  CC      drivers/gpio/gpio-rockchip.o
  AR      lib/lib.a
  AR      lib/built-in.a
  CC      drivers/pci/of.o
  CC      drivers/gpio/gpio-dwapb.o
  CC      drivers/gpio/gpio-hlwd.o
  CC      drivers/gpio/gpio-pisosr.o
  AR      drivers/pci/controller/dwc/built-in.a
  AR      drivers/pci/controller/built-in.a
  AR      drivers/pci/built-in.a
  CC      drivers/video/console/dummycon.o
  CC      drivers/gpio/gpio-rtd.o
  CC      drivers/gpio/gpio-zynq.o
  CC      drivers/gpio/gpio-zynqmp-modepin.o
  AR      drivers/video/console/built-in.a
  AR      drivers/video/built-in.a
  CC      drivers/char/ipmi/ipmi_msghandler.o
  CC      drivers/amba/bus.o
  AR      drivers/gpio/built-in.a
  CC      drivers/clk/clk-devres.o
  CC      drivers/soc/pxa/mfp.o
  CC      drivers/clk/clk-bulk.o
  CC      drivers/soc/pxa/ssp.o
  AR      drivers/amba/built-in.a
  CC      drivers/pmdomain/arm/scmi_perf_domain.o
  CC      drivers/clk/clkdev.o
  AR      drivers/char/ipmi/built-in.a
  CC      drivers/clk/clk.o
  AR      drivers/soc/pxa/built-in.a
  CC      drivers/soc/rockchip/grf.o
  CC      drivers/pmdomain/arm/scmi_pm_domain.o
  CC      drivers/clk/clk-divider.o
  CC      drivers/soc/rockchip/io-domain.o
  CC      drivers/pmdomain/arm/scpi_pm_domain.o
  CC      drivers/clk/clk-fixed-factor.o
  CC      drivers/clk/clk-fixed-rate.o
  AR      drivers/pmdomain/arm/built-in.a
  CC      drivers/pmdomain/marvell/pxa1908-power-controller.o
  AR      drivers/soc/rockchip/built-in.a
  CC      drivers/soc/samsung/exynos-chipid.o
  CC      drivers/clk/clk-gate.o
  CC      drivers/clk/clk-multiplier.o
  AR      drivers/pmdomain/marvell/built-in.a
  CC      drivers/soc/samsung/exynos-asv.o
  CC      drivers/pmdomain/rockchip/pm-domains.o
  CC      drivers/clk/clk-mux.o
  CC      drivers/clk/clk-composite.o
  CC      drivers/soc/samsung/exynos-usi.o
  CC      drivers/clk/clk-fractional-divider.o
  CC      drivers/clk/clk-gpio.o
  AR      drivers/pmdomain/rockchip/built-in.a
  CC      drivers/pmdomain/samsung/exynos-pm-domains.o
  CC      drivers/soc/samsung/exynos-pmu.o
  CC      drivers/soc/samsung/gs101-pmu.o
  AR      drivers/pmdomain/samsung/built-in.a
  AR      drivers/pmdomain/sunxi/built-in.a
  CC      drivers/pmdomain/xilinx/zynqmp-pm-domains.o
  CC      drivers/clk/clk-conf.o
  CC      drivers/clk/clk-scmi.o
  AR      drivers/soc/samsung/built-in.a
  CC      drivers/soc/xilinx/zynqmp_power.o
  AR      drivers/pmdomain/xilinx/built-in.a
  CC      drivers/pmdomain/core.o
  CC      drivers/clk/mmp/clk-apbc.o
  CC      drivers/soc/xilinx/xlnx_event_manager.o
  CC      drivers/clk/mmp/clk-apmu.o
  CC      drivers/clk/mmp/clk-frac.o
  AR      drivers/soc/xilinx/built-in.a
  AR      drivers/soc/built-in.a
  CC      drivers/virtio/virtio.o
  CC      drivers/pmdomain/governor.o
  CC      drivers/clk/mmp/clk-mix.o
  CC      drivers/regulator/core.o
  AR      drivers/pmdomain/built-in.a
  CC      drivers/reset/core.o
  CC      drivers/clk/mmp/clk-gate.o
  CC      drivers/virtio/virtio_ring.o
  CC      drivers/clk/mmp/clk.o
  CC      drivers/reset/reset-scmi.o
  CC      drivers/regulator/dummy.o
  CC      drivers/clk/mmp/reset.o
  CC      drivers/reset/reset-simple.o
  CC      drivers/virtio/virtio_anchor.o
  CC      drivers/clk/mmp/clk-pxa1908-apbc.o
  CC      drivers/regulator/fixed-helper.o
  CC      drivers/reset/reset-zynqmp.o
  AR      drivers/virtio/built-in.a
  CC      drivers/clk/mmp/clk-pxa1908-apbcp.o
  CC      drivers/clk/mmp/clk-pxa1908-mpmu.o
  AR      drivers/reset/built-in.a
  CC      drivers/clk/mmp/clk-pxa1908-apmu.o
  CC      drivers/clk/rockchip/clk.o
  CC      drivers/regulator/helpers.o
  CC      drivers/clk/mmp/clk-of-pxa1928.o
  CC      drivers/clk/rockchip/clk-pll.o
  CC      drivers/clk/rockchip/clk-cpu.o
  CC      drivers/regulator/devres.o
  AR      drivers/clk/mmp/built-in.a
  CC      drivers/clk/samsung/clk.o
  CC      drivers/clk/rockchip/clk-gate-grf.o
  CC      drivers/clk/rockchip/clk-half-divider.o
  CC      drivers/clk/samsung/clk-pll.o
  CC      drivers/clk/rockchip/clk-inverter.o
  CC      drivers/regulator/irq_helpers.o
  CC      drivers/regulator/of_regulator.o
  CC      drivers/clk/rockchip/clk-mmc-phase.o
  CC      drivers/clk/samsung/clk-cpu.o
  CC      drivers/clk/rockchip/clk-muxgrf.o
  CC      drivers/regulator/scmi-regulator.o
  CC      drivers/clk/rockchip/clk-ddr.o
  CC      drivers/clk/samsung/clk-artpec8.o
  CC      drivers/clk/rockchip/gate-link.o
  CC      drivers/clk/rockchip/softrst.o
  CC      drivers/regulator/gpio-regulator.o
  CC      drivers/clk/samsung/clk-artpec9.o
  CC      drivers/clk/rockchip/clk-px30.o
  CC      drivers/clk/rockchip/clk-rv1126b.o
  CC      drivers/clk/rockchip/rst-rv1126b.o
  CC      drivers/clk/samsung/clk-exynos5433.o
  CC      drivers/clk/rockchip/clk-rk3308.o
  CC      drivers/regulator/tps6594-regulator.o
  CC      drivers/clk/rockchip/clk-rk3328.o
  CC      drivers/clk/rockchip/clk-rk3368.o
  CC      drivers/clk/samsung/clk-exynos-audss.o
  AR      drivers/regulator/built-in.a
  CC      drivers/tty/tty_io.o
  CC      drivers/clk/rockchip/clk-rk3399.o
  CC      drivers/clk/samsung/clk-exynos-clkout.o
  CC      drivers/clk/samsung/clk-exynos-arm64.o
  CC      drivers/clk/rockchip/clk-rk3528.o
  CC      drivers/clk/rockchip/rst-rk3528.o
  CC      drivers/clk/samsung/clk-exynos2200.o
  CC      drivers/tty/n_tty.o
  CC      drivers/clk/rockchip/clk-rk3562.o
  CC      drivers/clk/rockchip/rst-rk3562.o
  CC      drivers/clk/samsung/clk-exynos7.o
  CC      drivers/clk/rockchip/clk-rk3568.o
  CC      drivers/clk/rockchip/clk-rk3576.o
  CC      drivers/clk/samsung/clk-exynos7870.o
  CC      drivers/tty/tty_ioctl.o
  CC      drivers/clk/rockchip/rst-rk3576.o
  CC      drivers/clk/samsung/clk-exynos7885.o
  CC      drivers/clk/rockchip/clk-rk3588.o
  CC      drivers/tty/tty_ldisc.o
  CC      drivers/clk/rockchip/rst-rk3588.o
  CC      drivers/clk/samsung/clk-exynos850.o
  CC      drivers/clk/samsung/clk-exynos8895.o
  AR      drivers/clk/rockchip/built-in.a
  CC      drivers/tty/tty_buffer.o
  CC      drivers/clk/sprd/common.o
  CC      drivers/clk/sprd/gate.o
  CC      drivers/clk/samsung/clk-exynos990.o
  CC      drivers/tty/tty_port.o
  CC      drivers/clk/samsung/clk-exynosautov9.o
  CC      drivers/clk/sprd/mux.o
  CC      drivers/clk/sprd/div.o
  CC      drivers/clk/sprd/composite.o
  CC      drivers/clk/samsung/clk-exynosautov920.o
  CC      drivers/tty/tty_mutex.o
  CC      drivers/clk/sprd/pll.o
  CC      drivers/char/mem.o
  CC      drivers/clk/samsung/clk-gs101.o
  CC      drivers/tty/tty_ldsem.o
  CC      drivers/clk/sprd/sc9860-clk.o
  CC      drivers/char/random.o
  CC      drivers/tty/tty_baudrate.o
  AR      drivers/clk/samsung/built-in.a
  CC      drivers/clk/stm32/clk-stm32mp21.o
  CC      drivers/clk/sprd/sc9863a-clk.o
  CC      drivers/tty/tty_jobctrl.o
  CC      drivers/clk/stm32/clk-stm32-core.o
  CC      drivers/clk/sprd/ums512-clk.o
  CC      drivers/char/misc.o
  CC      drivers/tty/n_null.o
  AR      drivers/char/built-in.a
  CC      drivers/iommu/iommu.o
  AR      drivers/clk/sprd/built-in.a
  CC      drivers/clk/stm32/reset-stm32.o
  AR      drivers/clk/xilinx/built-in.a
  CC      drivers/tty/pty.o
  CC      drivers/tty/vt/vt_ioctl.o
  CC      drivers/clk/stm32/clk-stm32mp25.o
  CC      drivers/clk/zynqmp/pll.o
  CC      drivers/tty/vt/vc_screen.o
  CC      drivers/iommu/iommu-traces.o
  CC      drivers/clk/zynqmp/clk-gate-zynqmp.o
  CC      drivers/iommu/iommu-sysfs.o
  AR      drivers/clk/stm32/built-in.a
  CC      drivers/tty/vt/selection.o
  CC      drivers/tty/vt/keyboard.o
  CC      drivers/clk/zynqmp/divider.o
  AR      drivers/iommu/built-in.a
  CC      drivers/clk/zynqmp/clk-mux-zynqmp.o
  CC      drivers/clk/zynqmp/clkc.o
  CC      drivers/tty/vt/vt.o
  CC      drivers/tty/vt/defkeymap.o
  CC      drivers/tty/vt/consolemap.o
  HOSTCC  drivers/tty/vt/conmakehash
  CC      drivers/tty/vt/ucs.o
  CONMK   drivers/tty/vt/consolemap_deftbl.c
  CC      drivers/tty/vt/consolemap_deftbl.o
  AR      drivers/clk/zynqmp/built-in.a
  AR      drivers/clk/built-in.a
  AR      drivers/gpu/built-in.a
  CC      drivers/misc/open-dice.o
  CC      drivers/base/component.o
  CC      drivers/misc/tps6594-esm.o
  CC      drivers/misc/tps6594-pfsm.o
  AR      drivers/tty/vt/built-in.a
  CC      drivers/base/core.o
  CC      drivers/tty/serial/serial_core.o
  CC      drivers/tty/serial/serial_base_bus.o
  AR      drivers/misc/built-in.a
  CC      drivers/mfd/mfd-core.o
  CC      drivers/tty/serial/serial_ctrl.o
  CC      drivers/mfd/mt6397-core.o
  CC      drivers/tty/serial/serial_port.o
  CC      drivers/tty/serial/earlycon.o
  CC      drivers/base/bus.o
  CC      drivers/mfd/mt6397-irq.o
  CC      drivers/mfd/mt6358-irq.o
  CC      drivers/tty/serial/amba-pl011.o
  CC      drivers/base/dd.o
  CC      drivers/mfd/syscon.o
  CC      drivers/mfd/tps6594-core.o
  CC      drivers/mfd/tps6594-spi.o
  CC      drivers/base/syscore.o
  AR      drivers/tty/serial/built-in.a
  AR      drivers/tty/built-in.a
  CC      drivers/dax/super.o
  CC      drivers/mfd/motorola-cpcap.o
  CC      drivers/mfd/atmel-flexcom.o
  CC      drivers/base/driver.o
  CC      drivers/base/class.o
  CC      drivers/dax/bus.o
  AR      drivers/mfd/built-in.a
  CC      drivers/mtd/parsers/ofpart_core.o
  CC      drivers/mtd/chips/chipreg.o
  CC      drivers/base/platform.o
  AR      drivers/dax/built-in.a
  AR      drivers/mtd/parsers/built-in.a
  CC      drivers/mtd/lpddr/qinfo_probe.o
  CC      drivers/spi/spi.o
  AR      drivers/mtd/chips/built-in.a
  AR      drivers/mtd/maps/built-in.a
  CC      drivers/mtd/devices/mtdram.o
  CC      drivers/base/cpu.o
  CC      drivers/mtd/lpddr/lpddr_cmds.o
  CC      drivers/mtd/devices/mtd_dataflash.o
  CC      drivers/base/firmware.o
  AR      drivers/mtd/lpddr/built-in.a
  AR      drivers/mtd/nand/onenand/built-in.a
  CC      drivers/mtd/devices/mchp23k256.o
  AR      drivers/mtd/nand/raw/ingenic/built-in.a
  AR      drivers/mtd/nand/raw/built-in.a
  CC      drivers/mtd/nand/spi/core.o
  CC      drivers/spi/spi-mem.o
  CC      drivers/base/init.o
  AR      drivers/mtd/devices/built-in.a
  AR      drivers/mtd/tests/built-in.a
  CC      drivers/mtd/mtdcore.o
  CC      drivers/spi/spi-pl022.o
  CC      drivers/base/map.o
  CC      drivers/mtd/nand/spi/otp.o
  CC      drivers/base/devres.o
  CC      drivers/mtd/nand/spi/alliancememory.o
  CC      drivers/base/attribute_container.o
  CC      drivers/spi/spi-bitbang.o
  CC      drivers/mtd/nand/spi/ato.o
  CC      drivers/base/transport_class.o
  CC      drivers/spi/spi-gpio.o
  CC      drivers/mtd/nand/spi/dosilicon.o
  CC      drivers/base/topology.o
  CC      drivers/base/container.o
  CC      drivers/spi/spi-pxa2xx.o
  CC      drivers/mtd/nand/spi/esmt.o
  CC      drivers/base/property.o
  CC      drivers/base/cacheinfo.o
  CC      drivers/mtd/nand/spi/fmsh.o
  CC      drivers/spi/spi-pxa2xx-dma.o
  CC      drivers/mtd/nand/spi/foresee.o
  CC      drivers/base/swnode.o
  CC      drivers/spi/spi-pxa2xx-platform.o
  CC      drivers/spi/spi-sifive.o
  CC      drivers/mtd/nand/spi/gigadevice.o
  CC      drivers/base/faux.o
  CC      drivers/base/auxiliary.o
  AR      drivers/spi/built-in.a
  AR      drivers/vfio/platform/reset/built-in.a
  CC      drivers/vfio/platform/vfio_platform_common.o
  CC      drivers/vfio/vfio_main.o
  CC      drivers/mtd/nand/spi/macronix.o
  CC      drivers/base/power/sysfs.o
  CC      drivers/vfio/platform/vfio_platform_irq.o
  CC      drivers/base/power/generic_ops.o
  CC      drivers/mtd/nand/spi/micron.o
  CC      drivers/vfio/group.o
  CC      drivers/base/power/common.o
  CC      drivers/vfio/platform/vfio_platform.o
  CC      drivers/mtd/nand/spi/paragon.o
  CC      drivers/vfio/container.o
  CC      drivers/base/power/qos.o
  AR      drivers/vfio/platform/built-in.a
  CC      drivers/base/power/runtime.o
  CC      drivers/mtd/nand/spi/skyhigh.o
  CC      drivers/vfio/virqfd.o
  CC      drivers/vfio/vfio_iommu_type1.o
  CC      drivers/base/power/wakeirq.o
  CC      drivers/mtd/nand/spi/toshiba.o
  CC      drivers/mtd/nand/spi/winbond.o
  CC      drivers/base/power/clock_ops.o
  CC      drivers/mtd/nand/spi/xtx.o
  CC      drivers/base/firmware_loader/main.o
  AR      drivers/vfio/built-in.a
  AR      drivers/base/power/built-in.a
  CC      drivers/input/serio/serio.o
  CC      drivers/base/regmap/regmap.o
  AR      drivers/mtd/nand/spi/built-in.a
  CC      drivers/mtd/nand/core.o
  CC      drivers/base/firmware_loader/builtin/main.o
  CC      drivers/mtd/nand/bbt.o
  CC      drivers/input/serio/serport.o
  AR      drivers/base/firmware_loader/builtin/built-in.a
  AR      drivers/base/firmware_loader/built-in.a
  CC      drivers/base/soc.o
  CC      drivers/mtd/nand/ecc.o
  CC      drivers/base/regmap/regcache.o
  CC      drivers/base/pinctrl.o
  CC      drivers/input/serio/ambakmi.o
  AR      drivers/mtd/nand/built-in.a
  CC      drivers/mtd/mtdsuper.o
  CC      drivers/base/platform-msi.o
  CC      drivers/base/regmap/regcache-rbtree.o
  CC      drivers/input/serio/libps2.o
  CC      drivers/base/arch_topology.o
  CC      drivers/mtd/mtdconcat.o
  CC      drivers/base/regmap/regcache-flat.o
  AR      drivers/input/serio/built-in.a
  CC      drivers/input/input.o
  CC      drivers/base/regmap/regcache-maple.o
  CC      drivers/input/input-compat.o
  CC      drivers/mtd/mtdpart.o
  CC      drivers/input/input-mt.o
  CC      drivers/input/input-poller.o
  CC      drivers/base/regmap/regmap-debugfs.o
  CC      drivers/mtd/mtdchar.o
  CC      drivers/input/ff-core.o
  CC      drivers/input/touchscreen.o
  CC      drivers/base/regmap/regmap-spi.o
  CC      drivers/input/touch-overlay.o
  CC      drivers/input/vivaldi-fmap.o
  AR      drivers/mtd/built-in.a
  AR      drivers/media/rc/keymaps/built-in.a
  AR      drivers/media/rc/built-in.a
  CC      drivers/base/regmap/regmap-mmio.o
  CC      drivers/w1/w1.o
  CC      drivers/input/keyboard/atkbd.o
  AR      drivers/media/built-in.a
  CC      drivers/w1/w1_int.o
  CC      drivers/base/regmap/regmap-irq.o
  AR      drivers/input/keyboard/built-in.a
  CC      drivers/input/mouse/psmouse-base.o
  CC      drivers/power/reset/gpio-poweroff.o
  CC      drivers/w1/w1_family.o
  AR      drivers/base/regmap/built-in.a
  CC      drivers/base/devtmpfs.o
  AR      drivers/power/reset/built-in.a
  CC      drivers/power/supply/power_supply_core.o
  CC      drivers/w1/w1_netlink.o
  CC      drivers/input/mouse/synaptics.o
  AR      drivers/base/built-in.a
  CC      drivers/w1/w1_io.o
  CC      drivers/power/supply/lt3651-charger.o
  AR      drivers/w1/masters/built-in.a
  CC      drivers/w1/slaves/w1_ds2438.o
  CC      drivers/input/mouse/focaltech.o
  CC      drivers/w1/slaves/w1_ds28e04.o
  AR      drivers/power/supply/built-in.a
  AR      drivers/power/built-in.a
  AR      drivers/accessibility/braille/built-in.a
  AR      drivers/accessibility/built-in.a
  CC      drivers/cpuidle/cpuidle.o
  CC      drivers/cpuidle/driver.o
  AR      drivers/w1/slaves/built-in.a
  AR      drivers/w1/built-in.a
  CC      drivers/input/mouse/alps.o
  CC      drivers/memstick/core/memstick.o
  CC      drivers/input/mouse/byd.o
  CC      drivers/cpuidle/governor.o
  AR      drivers/memstick/core/built-in.a
  AR      drivers/memstick/host/built-in.a
  AR      drivers/memstick/built-in.a
  CC      drivers/firmware/arm_scmi/transports/smc.o
  CC      drivers/cpuidle/sysfs.o
  CC      drivers/firmware/arm_scmi/transports/mailbox.o
  CC      drivers/input/mouse/logips2pp.o
  CC      drivers/input/mouse/trackpoint.o
  CC      drivers/cpuidle/governors/ladder.o
  AR      drivers/firmware/arm_scmi/transports/built-in.a
  CC      drivers/input/mouse/cypress_ps2.o
  CC      drivers/firmware/arm_scmi/bus.o
  AR      drivers/cpuidle/governors/built-in.a
  AR      drivers/cpuidle/built-in.a
  CC      drivers/clocksource/timer-of.o
  CC      drivers/clocksource/timer-probe.o
  CC      drivers/firmware/arm_scmi/driver.o
  AR      drivers/input/mouse/built-in.a
  AR      drivers/input/built-in.a
  CC      drivers/hid/hid-core.o
  CC      drivers/clocksource/mmio.o
  CC      drivers/clocksource/timer-rockchip.o
  CC      drivers/clocksource/exynos_mct.o
  CC      drivers/clocksource/timer-sprd.o
  CC      drivers/firmware/arm_scmi/notify.o
  CC      drivers/clocksource/arm_arch_timer.o
  CC      drivers/clocksource/arm_arch_timer_mmio.o
  CC      drivers/hid/hid-input.o
  CC      drivers/firmware/arm_scmi/quirks.o
  CC      drivers/clocksource/dummy_timer.o
  CC      drivers/firmware/arm_scmi/base.o
  CC      drivers/firmware/arm_scmi/clock.o
  AR      drivers/clocksource/built-in.a
  CC      drivers/hid/hid-quirks.o
  CC      drivers/of/base.o
  CC      drivers/firmware/arm_scmi/perf.o
  CC      drivers/firmware/arm_scmi/power.o
  CC      drivers/hid/hid-debug.o
  CC      drivers/of/cpu.o
  CC      drivers/firmware/arm_scmi/reset.o
  CC      drivers/firmware/arm_scmi/sensors.o
  CC      drivers/of/device.o
  CC      drivers/firmware/arm_scmi/system.o
  CC      drivers/firmware/arm_scmi/voltage.o
  CC      drivers/hid/hid-generic.o
  CC      drivers/firmware/arm_scmi/powercap.o
  CC      drivers/of/module.o
  CC      drivers/firmware/arm_scmi/pinctrl.o
  CC      drivers/of/platform.o
  AR      drivers/hid/built-in.a
  CC      drivers/ssb/main.o
  CC      drivers/firmware/arm_scmi/shmem.o
  CC      drivers/ssb/scan.o
  AR      drivers/firmware/arm_scmi/built-in.a
  CC      drivers/of/property.o
  CC      drivers/firmware/psci/psci.o
  CC      drivers/ssb/driver_chipcommon.o
  CC      drivers/of/kobj.o
  CC      drivers/of/dynamic.o
  CC      drivers/of/fdt.o
  AR      drivers/firmware/psci/built-in.a
  CC      drivers/ssb/driver_chipcommon_pmu.o
  CC      drivers/firmware/smccc/smccc.o
  DTC     drivers/of/empty_root.dtb
  CC      drivers/of/fdt_address.o
  CC      drivers/firmware/smccc/kvm_guest.o
  CC      drivers/ssb/driver_gpio.o
  CC      drivers/of/address.o
  CC      drivers/of/irq.o
  AR      drivers/firmware/smccc/built-in.a
  CC      drivers/firmware/xilinx/zynqmp.o
  AR      drivers/ssb/built-in.a
  AR      drivers/platform/built-in.a
  CC      drivers/mailbox/mailbox.o
  CC      drivers/of/of_reserved_mem.o
  WRAP    drivers/of/empty_root.dtb.S
  CC      drivers/mailbox/arm_mhu.o
  CC      drivers/firmware/xilinx/zynqmp-ufs.o
  CC      drivers/mailbox/arm_mhu_db.o
  AS      drivers/of/empty_root.dtb.o
  AR      drivers/of/built-in.a
  CC      drivers/mailbox/arm_mhuv2.o
  CC      drivers/firmware/xilinx/zynqmp-crypto.o
  CC      drivers/mailbox/arm_mhuv3.o
  AR      drivers/firmware/xilinx/built-in.a
  CC      drivers/firmware/arm_scpi.o
  CC      drivers/mailbox/zynqmp-ipi-mailbox.o
  CC      drivers/remoteproc/remoteproc_core.o
  CC      drivers/remoteproc/remoteproc_coredump.o
  AR      drivers/firmware/built-in.a
  AR      drivers/mailbox/built-in.a
  CC      drivers/rpmsg/rpmsg_core.o
  CC      drivers/rpmsg/qcom_glink_native.o
  CC      drivers/remoteproc/remoteproc_debugfs.o
  CC      drivers/remoteproc/remoteproc_sysfs.o
  CC      drivers/rpmsg/qcom_glink_ssr.o
  CC      drivers/rpmsg/qcom_glink_rpm.o
  CC      drivers/remoteproc/remoteproc_virtio.o
  CC      drivers/remoteproc/remoteproc_elf_loader.o
  CC      drivers/remoteproc/stm32_rproc.o
  CC      drivers/hwtracing/stm/core.o
  AR      drivers/rpmsg/built-in.a
  CC      drivers/fpga/fpga-mgr.o
  CC      drivers/fpga/lattice-sysconfig.o
  AR      drivers/remoteproc/built-in.a
  CC      drivers/fsi/fsi-core.o
  CC      drivers/fpga/lattice-sysconfig-spi.o
  CC      drivers/hwtracing/stm/policy.o
  CC      drivers/hwtracing/stm/p_basic.o
  CC      drivers/fsi/fsi-master-aspeed.o
  AR      drivers/fpga/built-in.a
  CC      drivers/hwtracing/stm/p_sys-t.o
  CC      drivers/mux/core.o
  CC      drivers/counter/counter-core.o
  CC      drivers/fsi/fsi-sbefifo.o
  CC      drivers/counter/counter-sysfs.o
  AR      drivers/hwtracing/stm/built-in.a
  CC      drivers/counter/counter-chrdev.o
  AR      drivers/mux/built-in.a
  CC      drivers/counter/interrupt-cnt.o
  CC      drivers/fsi/fsi-occ.o
  AR      drivers/counter/built-in.a
  AR      drivers/fsi/built-in.a
  AR      drivers/built-in.a
  AR      built-in.a
  AR      vmlinux.a
  LD      vmlinux.o
  MODPOST vmlinux.symvers
  CC      .vmlinux.export.o
  UPD     include/generated/utsversion.h
  CC      init/version-timestamp.o
  LD      vmlinux.unstripped
  NM      System.map
  SORTTAB vmlinux.unstripped
  OBJCOPY vmlinux
  GEN     modules.builtin.modinfo
  GEN     modules.builtin
  OBJCOPY arch/arm64/boot/Image
make[5]: Leaving directory '/mnt/git-volume/kernel-test-stable-rc/build/rand500config-arm64'
make[4]: Leaving directory '/mnt/git-volume/linux-stable-rc'
