make[4]: Entering directory '/mnt/git-volume/linux-mainline'
make[5]: Entering directory '/mnt/git-volume/kernel-test-mainline/build/rand500config-x86_64'
#
# configuration written to .config
#
Using .config as base
Merging /mnt/git-volume/linux-mainline/kernel/configs/tiny.config
Value of CONFIG_KERNEL_XZ is redefined by fragment /mnt/git-volume/linux-mainline/kernel/configs/tiny.config:
Previous value: # CONFIG_KERNEL_XZ is not set
New value: CONFIG_KERNEL_XZ=y

Value of CONFIG_CC_OPTIMIZE_FOR_SIZE is redefined by fragment /mnt/git-volume/linux-mainline/kernel/configs/tiny.config:
Previous value: # CONFIG_CC_OPTIMIZE_FOR_SIZE is not set
New value: CONFIG_CC_OPTIMIZE_FOR_SIZE=y

Value of CONFIG_SLUB_TINY is redefined by fragment /mnt/git-volume/linux-mainline/kernel/configs/tiny.config:
Previous value: # CONFIG_SLUB_TINY is not set
New value: CONFIG_SLUB_TINY=y

Merging /mnt/git-volume/linux-mainline/arch/x86/configs/tiny.config
Value of CONFIG_UNWINDER_GUESS is redefined by fragment /mnt/git-volume/linux-mainline/arch/x86/configs/tiny.config:
Previous value: # CONFIG_UNWINDER_GUESS is not set
New value: CONFIG_UNWINDER_GUESS=y

#
# merged configuration written to .config (needs make)
#
#
# configuration written to .config
#
make[5]: Leaving directory '/mnt/git-volume/kernel-test-mainline/build/rand500config-x86_64'
make[4]: Leaving directory '/mnt/git-volume/linux-mainline'
make[4]: Entering directory '/mnt/git-volume/linux-mainline'
make[5]: Entering directory '/tmp/tmp.mln8YqOjXq'
  UPD     /tmp/tmp.mln8YqOjXq/Makefile
  HOSTCC  scripts/basic/fixdep
  HOSTCC  scripts/kconfig/conf.o
  HOSTCC  scripts/kconfig/confdata.o
  HOSTCC  scripts/kconfig/expr.o
  LEX     scripts/kconfig/lexer.lex.c
  YACC    scripts/kconfig/parser.tab.[ch]
  HOSTCC  scripts/kconfig/lexer.lex.o
  HOSTCC  scripts/kconfig/menu.o
  HOSTCC  scripts/kconfig/parser.tab.o
  HOSTCC  scripts/kconfig/preprocess.o
  HOSTCC  scripts/kconfig/symbol.o
  HOSTCC  scripts/kconfig/util.o
  HOSTLD  scripts/kconfig/conf
KCONFIG_SEED=0xF9EEE96C
#
# configuration written to .config
#
make[5]: Leaving directory '/tmp/tmp.mln8YqOjXq'
make[4]: Leaving directory '/mnt/git-volume/linux-mainline'
make[4]: Entering directory '/mnt/git-volume/linux-mainline'
make[5]: Entering directory '/tmp/tmp.mln8YqOjXq'
.config:5526:warning: override: reassigning to symbol PRINTK
.config:5530:warning: override: reassigning to symbol TTY
.config:5533:warning: override: reassigning to symbol BLK_DEV_INITRD
.config:5534:warning: override: reassigning to symbol RD_GZIP
.config:5537:warning: override: reassigning to symbol BINFMT_ELF
.config:5538:warning: override: reassigning to symbol BINFMT_SCRIPT
.config:5541:warning: override: reassigning to symbol TMPFS
.config:5544:warning: override: reassigning to symbol KERNEL_GZIP
.config:5550:warning: override: reassigning to symbol KERNEL_BZIP2
.config:5551:warning: override: reassigning to symbol KERNEL_LZMA
.config:5552:warning: override: reassigning to symbol KERNEL_XZ
.config:5553:warning: override: reassigning to symbol KERNEL_LZO
.config:5554:warning: override: reassigning to symbol KERNEL_LZ4
.config:5555:warning: override: reassigning to symbol KERNEL_ZSTD
.config:5558:warning: override: reassigning to symbol MODULES
.config:5561:warning: override: reassigning to symbol DRM
.config:5562:warning: override: reassigning to symbol SOUND
.config:5563:warning: override: reassigning to symbol STAGING
.config:5565:warning: override: reassigning to symbol MEDIA_SUPPORT
.config:5571:warning: override: reassigning to symbol KCOV
.config:5574:warning: override: reassigning to symbol KCSAN
.config:5575:warning: override: reassigning to symbol KFENCE
.config:5576:warning: override: reassigning to symbol UBSAN
.config:5583:warning: override: reassigning to symbol RCU_TORTURE_TEST
.config:5584:warning: override: reassigning to symbol RCU_SCALE_TEST
.config:5585:warning: override: reassigning to symbol LOCK_TORTURE_TEST
.config:5595:warning: override: reassigning to symbol DEBUG_PREEMPT
.config:5596:warning: override: reassigning to symbol DEBUG_ATOMIC_SLEEP
.config:5603:warning: override: reassigning to symbol KUNIT
#
# configuration written to .config
#
make[5]: Leaving directory '/tmp/tmp.mln8YqOjXq'
make[4]: Leaving directory '/mnt/git-volume/linux-mainline'
make[4]: Entering directory '/mnt/git-volume/linux-mainline'
make[5]: Entering directory '/mnt/git-volume/kernel-test-mainline/build/rand500config-x86_64'
.config:1444:warning: override: reassigning to symbol ARCH_SUPPORTS_KEXEC_JUMP
.config:1448:warning: override: reassigning to symbol HAS_SEPARATE_PREEMPT_RESCHED_BITS
.config:1449:warning: override: reassigning to symbol X86_REQUIRED_FEATURE_SYSFAST32
.config:1450:warning: override: reassigning to symbol SYNC_FILE
.config:1451:warning: override: reassigning to symbol X86_DISABLED_FEATURE_PKU
.config:1453:warning: override: reassigning to symbol HAVE_DMA_CONTIGUOUS
.config:1455:warning: override: reassigning to symbol HAVE_REGS_AND_STACK_ACCESS_API
.config:1459:warning: override: reassigning to symbol NTSYNC
.config:1461:warning: override: reassigning to symbol HAVE_EFFICIENT_UNALIGNED_ACCESS
.config:1464:warning: override: reassigning to symbol HAVE_GCC_PLUGINS
.config:1468:warning: override: reassigning to symbol DMADEVICES
.config:1470:warning: override: reassigning to symbol DMAPOOL_TEST
.config:1474:warning: override: reassigning to symbol XILINX_SDFEC
.config:1475:warning: override: reassigning to symbol DMA_NEED_SYNC
.config:1477:warning: override: reassigning to symbol SOFTIRQ_ON_OWN_STACK
.config:1483:warning: override: reassigning to symbol WW_MUTEX_SELFTEST
.config:1484:warning: override: reassigning to symbol CC_NO_STRINGOP_OVERFLOW
.config:1485:warning: override: reassigning to symbol THERMAL
.config:1491:warning: override: reassigning to symbol HAVE_KLP_BUILD
.config:1500:warning: override: reassigning to symbol DEVPORT
.config:1503:warning: override: reassigning to symbol ZONE_DMA32
.config:1508:warning: override: reassigning to symbol FANOTIFY
.config:1510:warning: override: reassigning to symbol ARCH_HAS_MEMBARRIER_SYNC_CORE
.config:1511:warning: override: reassigning to symbol HAVE_NMI
.config:1512:warning: override: reassigning to symbol HAVE_ARCH_TRANSPARENT_HUGEPAGE_PUD
.config:1518:warning: override: reassigning to symbol ARCH_WANT_HUGE_PMD_SHARE
.config:1525:warning: override: reassigning to symbol DYNAMIC_SIGFRAME
.config:1526:warning: override: reassigning to symbol STACKTRACE_SUPPORT
.config:1528:warning: override: reassigning to symbol X86_DISABLED_FEATURE_ENQCMD
.config:1533:warning: override: reassigning to symbol X86_VMX_FEATURE_NAMES
.config:1534:warning: override: reassigning to symbol HAVE_KERNEL_LZMA
.config:1535:warning: override: reassigning to symbol PACKING
.config:1541:warning: override: reassigning to symbol ARCH_HAS_CPU_RELAX
.config:1547:warning: override: reassigning to symbol I2C
.config:1548:warning: override: reassigning to symbol HAVE_POSIX_CPU_TIMERS_TASK_WORK
.config:1549:warning: override: reassigning to symbol QCOM_PAS
.config:1551:warning: override: reassigning to symbol ARCH_WANT_OPTIMIZE_DAX_VMEMMAP
.config:1552:warning: override: reassigning to symbol ARCH_SUPPORTS_KEXEC_HANDOVER
.config:1565:warning: override: reassigning to symbol SUSPEND
.config:1566:warning: override: reassigning to symbol X86_CMOV
.config:1567:warning: override: reassigning to symbol ARCH_HAS_UACCESS_FLUSHCACHE
.config:1569:warning: override: reassigning to symbol CC_HAS_ENTRY_PADDING
.config:1572:warning: override: reassigning to symbol X86_64
.config:1573:warning: override: reassigning to symbol PM
.config:1574:warning: override: reassigning to symbol HAVE_ARCH_VMAP_STACK
.config:1575:warning: override: reassigning to symbol ARCH_HAS_NONLEAF_PMD_YOUNG
.config:1588:warning: override: reassigning to symbol ARCH_SUPPORTS_KMAP_LOCAL_FORCE_MAP
.config:1601:warning: override: reassigning to symbol HAVE_DEBUG_KMEMLEAK
.config:1605:warning: override: reassigning to symbol X86_BUS_LOCK_DETECT
.config:1614:warning: override: reassigning to symbol MAGIC_SYSRQ
.config:1616:warning: override: reassigning to symbol HAVE_KCSAN_COMPILER
.config:1618:warning: override: reassigning to symbol HAVE_IRQ_TIME_ACCOUNTING
.config:1624:warning: override: reassigning to symbol ARCH_SUPPORTS_CRASH_HOTPLUG
.config:1625:warning: override: reassigning to symbol DEBUG_RODATA_TEST
.config:1628:warning: override: reassigning to symbol HAVE_VIRT_CPU_ACCOUNTING_GEN
.config:1630:warning: override: reassigning to symbol HAVE_ARCH_AUDITSYSCALL
.config:1633:warning: override: reassigning to symbol ARCH_HAS_DEVMEM_IS_ALLOWED
.config:1635:warning: override: reassigning to symbol HAVE_ARCH_KASAN_VMALLOC
.config:1637:warning: override: reassigning to symbol BASE_SMALL
.config:1639:warning: override: reassigning to symbol CC_HAS_RETURN_THUNK
.config:1642:warning: override: reassigning to symbol SLAB_MERGE_DEFAULT
.config:1643:warning: override: reassigning to symbol HWMON
.config:1646:warning: override: reassigning to symbol IRQ_FORCED_THREADING
.config:1647:warning: override: reassigning to symbol MFD_MT6397
.config:1650:warning: override: reassigning to symbol PWM
.config:1656:warning: override: reassigning to symbol DEVMEM
.config:1670:warning: override: reassigning to symbol GENERIC_CLOCKEVENTS_COUPLED
.config:1675:warning: override: reassigning to symbol X86_REQUIRED_FEATURE_PAE
.config:1676:warning: override: reassigning to symbol NEED_PER_CPU_KM
.config:1677:warning: override: reassigning to symbol HSI
.config:1678:warning: override: reassigning to symbol MCB
.config:1685:warning: override: reassigning to symbol STRIP_ASM_SYMS
.config:1690:warning: override: reassigning to symbol WQ_CPU_INTENSIVE_REPORT
.config:1697:warning: override: reassigning to symbol PCI
.config:1704:warning: override: reassigning to symbol HAVE_ARCH_PREL32_RELOCATIONS
.config:1707:warning: override: reassigning to symbol HAVE_PREEMPT_DYNAMIC
.config:1717:warning: override: reassigning to symbol LD_ORPHAN_WARN
.config:1721:warning: override: reassigning to symbol HAVE_KERNEL_LZO
.config:1722:warning: override: reassigning to symbol HAVE_STATIC_CALL
.config:1727:warning: override: reassigning to symbol PAGE_SIZE_4KB
.config:1730:warning: override: reassigning to symbol EXPERT
.config:1738:warning: override: reassigning to symbol SPMI
.config:1750:warning: override: reassigning to symbol MODULES_USE_ELF_RELA
.config:1753:warning: override: reassigning to symbol HW_RANDOM
.config:1755:warning: override: reassigning to symbol MFD_MADERA
.config:1756:warning: override: reassigning to symbol ARCH_MIGHT_HAVE_PC_PARPORT
.config:1761:warning: override: reassigning to symbol HARDIRQS_SW_RESEND
.config:1769:warning: override: reassigning to symbol PTP_1588_CLOCK_OPTIONAL
.config:1780:warning: override: reassigning to symbol FPGA
.config:1784:warning: override: reassigning to symbol X86_DISABLED_FEATURE_CENTAUR_MCR
.config:1785:warning: override: reassigning to symbol TTY
.config:1791:warning: override: reassigning to symbol WATCH_QUEUE
.config:1797:warning: override: reassigning to symbol FW_DEVLINK_SYNC_STATE_TIMEOUT
.config:1799:warning: override: reassigning to symbol MMU
.config:1800:warning: override: reassigning to symbol ARCH_HAS_NON_OVERLAPPING_ADDRESS_SPACE
.config:1804:warning: override: reassigning to symbol PSI
.config:1805:warning: override: reassigning to symbol CMA
.config:1810:warning: override: reassigning to symbol ARCH_WANT_HUGETLB_VMEMMAP_PREINIT
.config:1812:warning: override: reassigning to symbol SYSFS
.config:1814:warning: override: reassigning to symbol X86_REQUIRED_FEATURE_PSE
.config:1818:warning: override: reassigning to symbol DEBUG_STACK_USAGE
.config:1821:warning: override: reassigning to symbol KALLSYMS
.config:1824:warning: override: reassigning to symbol BLK_DEV_INITRD
.config:1825:warning: override: reassigning to symbol VIRT_CPU_ACCOUNTING_GEN
.config:1830:warning: override: reassigning to symbol PREVENT_FIRMWARE_BUILD
.config:1831:warning: override: reassigning to symbol USERFAULTFD
.config:1833:warning: override: reassigning to symbol ARCH_HAS_SET_MEMORY
.config:1838:warning: override: reassigning to symbol MMU_GATHER_RCU_TABLE_FREE
.config:1842:warning: override: reassigning to symbol LOCK_MM_AND_FIND_VMA
.config:1848:warning: override: reassigning to symbol HAVE_KERNEL_BZIP2
.config:1850:warning: override: reassigning to symbol CC_OPTIMIZE_FOR_SIZE
.config:1854:warning: override: reassigning to symbol ARCH_WANT_BATCHED_UNMAP_TLB_FLUSH
.config:1855:warning: override: reassigning to symbol GENERIC_PHY
.config:1858:warning: override: reassigning to symbol GENERIC_IRQ_SHOW
.config:1863:warning: override: reassigning to symbol DEBUG_WX
.config:1864:warning: override: reassigning to symbol HARDLOCKUP_CHECK_TIMESTAMP
.config:1870:warning: override: reassigning to symbol DCACHE_WORD_ACCESS
.config:1873:warning: override: reassigning to symbol MHI_BUS
.config:1874:warning: override: reassigning to symbol HAS_DMA
.config:1879:warning: override: reassigning to symbol CLKEVT_I8253
.config:1885:warning: override: reassigning to symbol SLUB_TINY
.config:1890:warning: override: reassigning to symbol DEBUG_INFO_NONE
.config:1894:warning: override: reassigning to symbol SCHED_PROXY_EXEC
.config:1895:warning: override: reassigning to symbol HAVE_FUNCTION_TRACER
.config:1896:warning: override: reassigning to symbol HAVE_ARCH_SECCOMP_FILTER
.config:1898:warning: override: reassigning to symbol HAVE_ARCH_JUMP_LABEL_RELATIVE
.config:1903:warning: override: reassigning to symbol STATIC_USERMODEHELPER
.config:1904:warning: override: reassigning to symbol X86_REQUIRED_FEATURE_MSR
.config:1908:warning: override: reassigning to symbol DEBUG_OBJECTS
.config:1913:warning: override: reassigning to symbol HAVE_NOINSTR_VALIDATION
.config:1914:warning: override: reassigning to symbol EXPORTFS_BLOCK_OPS
.config:1919:warning: override: reassigning to symbol FIRMWARE_EDID
.config:1922:warning: override: reassigning to symbol X86_IO_APIC
.config:1927:warning: override: reassigning to symbol SGETMASK_SYSCALL
.config:1933:warning: override: reassigning to symbol ARCH_HAS_DEBUG_WX
.config:1950:warning: override: reassigning to symbol PRINTK
.config:1954:warning: override: reassigning to symbol TTY
.config:1957:warning: override: reassigning to symbol BLK_DEV_INITRD
.config:1961:warning: override: reassigning to symbol BINFMT_ELF
.config:1962:warning: override: reassigning to symbol BINFMT_SCRIPT
.config:1968:warning: override: reassigning to symbol KERNEL_GZIP
#
# configuration written to .config
#
make[5]: Leaving directory '/mnt/git-volume/kernel-test-mainline/build/rand500config-x86_64'
make[4]: Leaving directory '/mnt/git-volume/linux-mainline'
make[4]: Entering directory '/mnt/git-volume/linux-mainline'
make[5]: Entering directory '/mnt/git-volume/kernel-test-mainline/build/rand500config-x86_64'
  SYNC    include/config/auto.conf.cmd
  UPD     arch/x86/include/generated/asm/cpufeaturemasks.h
  DESCEND objtool
  UPD     include/config/kernel.release
  UPD     include/generated/utsrelease.h
  CC      scripts/mod/empty.o
  CC      scripts/mod/devicetable-offsets.s
  MKELF   scripts/mod/elfconfig.h
  HOSTCC  scripts/mod/modpost.o
  HOSTCC  scripts/mod/sumversion.o
  HOSTCC  scripts/mod/symsearch.o
  UPD     scripts/mod/devicetable-offsets.h
  HOSTCC  scripts/mod/file2alias.o
  HOSTLD  scripts/mod/modpost
  CC      kernel/bounds.s
  UPD     include/generated/bounds.h
  CC      arch/x86/kernel/asm-offsets.s
  UPD     include/generated/asm-offsets.h
  CC      kernel/sched/rq-offsets.s
  UPD     include/generated/rq-offsets.h
  CALL    /mnt/git-volume/linux-mainline/scripts/checksyscalls.sh 
  GEN     usr/initramfs_data.cpio
  AS      arch/x86/boot/startup/la57toggle.o
  COPY    usr/initramfs_inc_data
  AS      usr/initramfs_data.o
  CC      init/main.o
  CC      arch/x86/boot/startup/gdt_idt.o
  AR      usr/built-in.a
  CC      kernel/fork.o
  CC      arch/x86/boot/startup/map_kernel.o
  CC      mm/filemap.o
  AR      arch/x86/boot/startup/lib.a
  OBJCOPY arch/x86/boot/startup/gdt_idt.pi.o
  OBJCOPY arch/x86/boot/startup/map_kernel.pi.o
  AR      arch/x86/boot/startup/built-in.a
  AS      arch/x86/entry/entry.o
  AS      arch/x86/entry/entry_64.o
  CC      arch/x86/entry/syscall_64.o
  UPD     init/utsversion-tmp.h
  CC      init/do_mounts.o
  CC      kernel/exec_domain.o
  CC      arch/x86/entry/common.o
  CC      mm/mempool.o
  CC      init/do_mounts_initrd.o
  CC      kernel/exec_state.o
  CC      arch/x86/entry/vdso/vma.o
  CC      kernel/panic.o
  CC      mm/oom_kill.o
  CC      init/initramfs.o
  CC      arch/x86/entry/vdso/extable.o
  CC      kernel/cpu.o
  CC      mm/fadvise.o
  CC      init/calibrate.o
  CC      init/init_task.o
  LDS     arch/x86/entry/vdso/vdso64/vdso64.lds
  CC      arch/x86/entry/vdso/vdso64/vclock_gettime.o
  CC      kernel/exit.o
  CC      arch/x86/entry/vdso/vdso64/vgetcpu.o
  CC      arch/x86/entry/vdso/vdso64/vgetrandom.o
  AS      arch/x86/entry/vdso/vdso64/vgetrandom-chacha.o
  CC      mm/maccess.o
  VDSO    arch/x86/entry/vdso/vdso64/vdso64.so.dbg
  OBJCOPY arch/x86/entry/vdso/vdso64/vdso64.so
  VDSO2C  arch/x86/entry/vdso/vdso64/vdso64-image.c
  CC      arch/x86/entry/vdso/vdso64/vdso64-image.o
  CC      init/version.o
  AR      arch/x86/entry/vdso/vdso64/built-in.a
  AR      arch/x86/entry/vdso/built-in.a
  AS      arch/x86/entry/thunk.o
  AR      arch/x86/entry/built-in.a
  CC      arch/x86/events/core.o
  AR      init/built-in.a
  CC      mm/page-writeback.o
  CC      fs/open.o
  CC      kernel/softirq.o
  CC      arch/x86/events/probe.o
  CC      mm/folio-compat.o
  CC      kernel/resource.o
  CC      fs/read_write.o
  CC      arch/x86/events/utils.o
  CC      mm/readahead.o
  CC      kernel/sysctl.o
  CC      arch/x86/events/rapl.o
  CC      fs/file_table.o
  CC      mm/folio.o
  CC      kernel/capability.o
  CC      arch/x86/events/amd/core.o
  CC      fs/super.o
  CC      kernel/ptrace.o
  CC      mm/truncate.o
  CC      arch/x86/events/amd/lbr.o
  CC      fs/char_dev.o
  CC      kernel/user.o
  CC      mm/vmscan.o
  CC      arch/x86/events/amd/ibs.o
  CC      fs/stat.o
  CC      kernel/signal.o
  CC      fs/exec.o
  AR      arch/x86/events/amd/built-in.a
  CC      arch/x86/events/msr.o
  CC      mm/shrinker.o
  CC      kernel/sys.o
  CC      arch/x86/events/intel/core.o
  CC      mm/shmem.o
  CC      fs/pipe.o
  CC      mm/util.o
  CC      kernel/umh.o
  CC      fs/namei.o
  CC      mm/mmzone.o
  CC      kernel/workqueue.o
  CC      mm/vmstat.o
  CC      arch/x86/events/intel/bts.o
  CC      mm/backing-dev.o
  CC      fs/fcntl.o
  CC      kernel/pid.o
  CC      arch/x86/events/intel/ds.o
  CC      mm/mm_init.o
  CC      fs/ioctl.o
  CC      kernel/task_work.o
  CC      fs/readdir.o
  CC      mm/percpu.o
  CC      arch/x86/events/intel/knc.o
  CC      kernel/extable.o
  CC      fs/select.o
  CC      arch/x86/events/intel/lbr.o
  CC      mm/slab_common.o
  CC      kernel/params.o
  CC      mm/compaction.o
  CC      arch/x86/events/intel/p4.o
  CC      fs/dcache.o
  CC      kernel/kthread.o
  CC      mm/show_mem.o
  CC      arch/x86/events/intel/p6.o
  CC      kernel/sys_ni.o
  CC      kernel/nsproxy.o
  CC      fs/inode.o
  CC      arch/x86/events/intel/pt.o
  CC      mm/interval_tree.o
  CC      kernel/nstree.o
  CC      mm/list_lru.o
  CC      arch/x86/events/intel/uncore.o
  CC      fs/attr.o
  CC      kernel/nscommon.o
  CC      mm/workingset.o
  CC      fs/bad_inode.o
  CC      kernel/notifier.o
  CC      arch/x86/events/intel/uncore_nhmex.o
  CC      mm/debug.o
  CC      fs/file.o
  CC      kernel/ksysfs.o
  CC      mm/gup.o
  CC      kernel/cred.o
  CC      arch/x86/events/intel/uncore_snb.o
  CC      fs/filesystems.o
  CC      kernel/reboot.o
  CC      arch/x86/events/intel/uncore_snbep.o
  CC      fs/namespace.o
  CC      mm/mmap_lock.o
  CC      kernel/async.o
  CC      mm/vma_init.o
  CC      kernel/range.o
  CC      kernel/smpboot.o
  CC      arch/x86/events/intel/uncore_discovery.o
  CC      kernel/ucount.o
  CC      mm/highmem.o
  CC      kernel/regset.o
  CC      arch/x86/events/intel/cstate.o
  CC      fs/seq_file.o
  CC      mm/memory.o
  CC      kernel/ksyms_common.o
  AR      arch/x86/events/intel/built-in.a
  CC      arch/x86/events/zhaoxin/core.o
  CC      fs/xattr.o
  CC      kernel/sched/core.o
  AR      arch/x86/events/zhaoxin/built-in.a
  AR      arch/x86/events/built-in.a
  CC      arch/x86/realmode/init.o
  CC      fs/libfs.o
  AS      arch/x86/realmode/rm/header.o
  AS      arch/x86/realmode/rm/trampoline_64.o
  AS      arch/x86/realmode/rm/reboot.o
  PASYMS  arch/x86/realmode/rm/pasyms.h
  LDS     arch/x86/realmode/rm/realmode.lds
  LD      arch/x86/realmode/rm/realmode.elf
  RELOCS  arch/x86/realmode/rm/realmode.relocs
  OBJCOPY arch/x86/realmode/rm/realmode.bin
  AS      arch/x86/realmode/rmpiggy.o
  AR      arch/x86/realmode/built-in.a
  CC      mm/mincore.o
  AS      arch/x86/kernel/head_64.o
  CC      arch/x86/kernel/head64.o
  CC      kernel/sched/fair.o
  CC      fs/fs-writeback.o
  CC      mm/mlock.o
  CC      arch/x86/kernel/ebda.o
  CC      arch/x86/kernel/platform-quirks.o
  CC      fs/pnode.o
  CC      arch/x86/kernel/process_64.o
  CC      mm/mmap.o
  CC      kernel/sched/build_policy.o
  CC      fs/splice.o
  CC      arch/x86/kernel/signal.o
  CC      mm/mmu_gather.o
  CC      fs/sync.o
  CC      arch/x86/kernel/signal_64.o
  CC      mm/mprotect.o
  CC      fs/utimes.o
  CC      arch/x86/kernel/traps.o
  CC      kernel/sched/build_utility.o
  CC      mm/mremap.o
  CC      fs/d_path.o
  CC      arch/x86/kernel/idt.o
  CC      fs/stack.o
  CC      mm/msync.o
  CC      fs/fs_struct.o
  CC      arch/x86/kernel/irq.o
  AR      kernel/sched/built-in.a
  CC      kernel/locking/mutex.o
  CC      mm/page_vma_mapped.o
  CC      fs/statfs.o
  CC      arch/x86/kernel/irq_64.o
  CC      kernel/locking/semaphore.o
  CC      mm/pagewalk.o
  CC      arch/x86/kernel/dumpstack_64.o
  CC      fs/fs_pin.o
  CC      kernel/locking/rwsem.o
  CC      mm/pgtable-generic.o
  CC      fs/nsfs.o
  CC      arch/x86/kernel/time.o
  CC      kernel/locking/percpu-rwsem.o
  CC      mm/rmap.o
  CC      arch/x86/kernel/ioport.o
  CC      kernel/locking/rtmutex_api.o
  CC      fs/fs_dirent.o
  CC      fs/fs_context.o
  CC      arch/x86/kernel/dumpstack.o
  CC      kernel/locking/test-ww_mutex.o
  CC      mm/vmalloc.o
  CC      arch/x86/kernel/nmi.o
  CC      fs/fs_parser.o
  AR      kernel/locking/built-in.a
  CC      kernel/power/qos.o
  CC      fs/fsopen.o
  CC      arch/x86/kernel/setup.o
  CC      kernel/power/main.o
  CC      mm/vma.o
  CC      fs/init.o
  CC      kernel/power/process.o
  CC      arch/x86/kernel/x86_init.o
  CC      fs/kernel_read_file.o
  CC      mm/vma_exec.o
  CC      kernel/power/poweroff.o
  CC      arch/x86/kernel/i8259.o
  CC      kernel/power/console.o
  CC      fs/mnt_idmapping.o
  CC      arch/x86/kernel/irqinit.o
  CC      mm/mseal.o
  CC      kernel/power/suspend.o
  CC      fs/remap_range.o
  CC      mm/page_alloc.o
  CC      arch/x86/kernel/irq_work.o
  AR      kernel/power/built-in.a
  CC      kernel/printk/printk.o
  CC      fs/pidfs.o
  CC      arch/x86/kernel/probe_roms.o
  CC      fs/file_attr.o
  CC      kernel/printk/printk_safe.o
  CC      arch/x86/kernel/sys_x86_64.o
  CC      mm/page_frag_cache.o
  CC      fs/fserror.o
  CC      kernel/printk/nbcon.o
  CC      mm/init-mm.o
  CC      arch/x86/kernel/ksysfs.o
  CC      fs/nullfs.o
  CC      kernel/printk/printk_ringbuffer.o
  CC      mm/memblock.o
  CC      arch/x86/kernel/bootflag.o
  CC      fs/failfs.o
  AR      kernel/printk/built-in.a
  CC      kernel/irq/irqdesc.o
  CC      arch/x86/kernel/e820.o
  CC      fs/notify/fsnotify.o
  CC      mm/slub.o
  CC      kernel/irq/handle.o
  CC      arch/x86/kernel/pci-dma.o
  CC      kernel/irq/manage.o
  CC      fs/notify/notification.o
  CC      arch/x86/kernel/quirks.o
  CC      fs/notify/group.o
  CC      mm/dmapool.o
  CC      kernel/irq/spurious.o
  CC      arch/x86/kernel/kdebugfs.o
  CC      fs/notify/mark.o
  CC      mm/sparse.o
  CC      kernel/irq/resend.o
  CC      arch/x86/kernel/alternative.o
  CC      fs/notify/fdinfo.o
  CC      kernel/irq/chip.o
  CC      mm/sparse-vmemmap.o
  CC      fs/notify/fanotify/fanotify.o
  CC      arch/x86/kernel/i8253.o
  CC      kernel/irq/dummychip.o
  CC      mm/migrate.o
  CC      fs/notify/fanotify/fanotify_user.o
  CC      kernel/irq/devres.o
  CC      arch/x86/kernel/hw_breakpoint.o
  CC      kernel/irq/kexec.o
  CC      arch/x86/kernel/tsc.o
  CC      mm/dmapool_test.o
  AR      fs/notify/fanotify/built-in.a
  AR      fs/notify/built-in.a
  CC      fs/anon_inodes.o
  CC      kernel/irq/autoprobe.o
  CC      mm/rodata_test.o
  CC      kernel/irq/irqdomain.o
  CC      fs/binfmt_script.o
  CC      arch/x86/kernel/tsc_msr.o
  CC      mm/page_isolation.o
  CC      arch/x86/kernel/io_delay.o
  CC      fs/binfmt_elf.o
  CC      kernel/irq/matrix.o
  CC      arch/x86/kernel/rtc.o
  CC      mm/early_ioremap.o
  CC      kernel/irq/pm.o
  CC      arch/x86/kernel/resource.o
  CC      fs/kernfs/mount.o
  AS      arch/x86/kernel/irqflags.o
  CC      arch/x86/kernel/static_call.o
  CC      mm/cma.o
  AR      kernel/irq/built-in.a
  CC      kernel/rcu/update.o
  CC      arch/x86/kernel/process.o
  CC      fs/kernfs/inode.o
  CC      mm/userfaultfd.o
  CC      kernel/rcu/sync.o
  CC      kernel/rcu/srcutiny.o
  CC      fs/kernfs/dir.o
  CC      arch/x86/kernel/fpu/init.o
  CC      arch/x86/kernel/fpu/bugs.o
  CC      kernel/rcu/tiny.o
  CC      arch/x86/kernel/fpu/core.o
  CC      fs/kernfs/file.o
  AR      kernel/rcu/built-in.a
  CC      kernel/dma/mapping.o
  CC      mm/ptdump.o
  CC      arch/x86/kernel/fpu/regset.o
  CC      fs/kernfs/symlink.o
  CC      kernel/dma/direct.o
  AR      mm/built-in.a
  CC      arch/x86/kernel/fpu/signal.o
  CC      security/commoncap.o
  AR      fs/kernfs/built-in.a
  CC      fs/sysfs/file.o
  CC      arch/x86/kernel/fpu/xstate.o
  CC      kernel/dma/contiguous.o
  CC      security/min_addr.o
  CC      fs/sysfs/dir.o
  CC      kernel/dma/swiotlb.o
  AR      security/built-in.a
  CC      kernel/dma/remap.o
  AR      arch/x86/kernel/fpu/built-in.a
  CC      arch/x86/kernel/ptrace.o
  CC      fs/sysfs/symlink.o
  AR      kernel/dma/built-in.a
  CC      kernel/entry/common.o
  CC      lib/argv_split.o
  CC      fs/sysfs/mount.o
  CC      arch/x86/kernel/step.o
  CC      lib/buildid.o
  CC      kernel/entry/syscall-common.o
  CC      arch/x86/kernel/stacktrace.o
  CC      fs/sysfs/group.o
  CC      lib/cmdline.o
  CC      lib/ctype.o
  CC      lib/dec_and_lock.o
  CC      lib/decompress.o
  CC      lib/decompress_bunzip2.o
  AR      kernel/entry/built-in.a
  CC      kernel/unwind/user.o
  CC      arch/x86/kernel/cpu/cacheinfo.o
  AR      fs/sysfs/built-in.a
  CC      fs/devpts/inode.o
  CC      kernel/unwind/deferred.o
  CC      lib/decompress_inflate.o
  CC      arch/x86/kernel/cpu/scattered.o
  AR      fs/devpts/built-in.a
  CC      fs/ramfs/inode.o
  CC      lib/decompress_unlz4.o
  AR      kernel/unwind/built-in.a
  CC      kernel/freezer.o
  CC      arch/x86/kernel/cpu/topology_common.o
  CC      lib/decompress_unlzma.o
  CC      arch/x86/kernel/cpu/topology_ext.o
  CC      fs/ramfs/file-mmu.o
  CC      kernel/time/time.o
  CC      arch/x86/kernel/cpu/topology_amd.o
  CC      lib/decompress_unlzo.o
  AR      fs/ramfs/built-in.a
  CC      fs/exportfs/expfs.o
  CC      arch/x86/kernel/cpu/cpuid_parser.o
  CC      arch/x86/kernel/cpu/common.o
  CC      lib/decompress_unxz.o
  CC      kernel/time/timer.o
  AR      fs/exportfs/built-in.a
  AR      fs/built-in.a
  AS      arch/x86/lib/bhi.o
  AS      arch/x86/lib/clear_page_64.o
  CC      arch/x86/lib/cmdline.o
  CC      lib/decompress_unzstd.o
  AS      arch/x86/lib/cmpxchg16b_emu.o
  CC      arch/x86/lib/copy_mc.o
  CC      kernel/time/hrtimer.o
  AS      arch/x86/lib/copy_mc_64.o
  CC      lib/dump_stack.o
  AS      arch/x86/lib/copy_page_64.o
  AS      arch/x86/lib/copy_user_64.o
  AS      arch/x86/lib/copy_user_uncached_64.o
  CC      arch/x86/lib/cpu.o
  CC      arch/x86/kernel/cpu/rdrand.o
  CC      arch/x86/kernel/cpu/match.o
  CC      lib/earlycpio.o
  AS      arch/x86/lib/csum-copy_64.o
  CC      lib/extable.o
  CC      arch/x86/lib/csum-partial_64.o
  CC      arch/x86/lib/csum-wrappers_64.o
  CC      arch/x86/kernel/cpu/bugs.o
  CC      arch/x86/lib/delay.o
  CC      kernel/time/sleep_timeout.o
  CC      lib/flex_proportions.o
  AS      arch/x86/lib/getuser.o
  CC      arch/x86/lib/inat.o
  CC      lib/idr.o
  CC      arch/x86/lib/insn-eval.o
  CC      kernel/time/timekeeping.o
  CC      lib/iomem_copy.o
  CC      lib/irq_regs.o
  CC      arch/x86/kernel/cpu/aperfmperf.o
  CC      arch/x86/lib/insn.o
  CC      lib/is_single_threaded.o
  AS      arch/x86/lib/memcpy_64.o
  AS      arch/x86/lib/memmove_64.o
  AS      arch/x86/lib/memset_64.o
  CC      arch/x86/lib/misc.o
  CC      arch/x86/lib/pc-conf-reg.o
  CC      arch/x86/kernel/cpu/cpuid-deps.o
  AS      arch/x86/lib/putuser.o
  CC      arch/x86/lib/usercopy.o
  CC      lib/klist.o
  CC      kernel/time/ntp.o
  CC      lib/kobject.o
  CC      arch/x86/kernel/cpu/cpuid_0x2_table.o
  CC      arch/x86/lib/usercopy_64.o
  CC      arch/x86/kernel/cpu/umwait.o
  CC      kernel/time/clocksource.o
  CC      lib/kobject_uevent.o
  CC      arch/x86/lib/msr.o
  AS      arch/x86/lib/msr-reg.o
  CC      arch/x86/kernel/cpu/capflags.o
  CC      arch/x86/lib/msr-reg-export.o
  CC      arch/x86/kernel/cpu/powerflags.o
  CC      kernel/time/jiffies.o
  CC      arch/x86/kernel/cpu/topology.o
  AS      arch/x86/lib/hweight.o
  CC      arch/x86/lib/iomem.o
  CC      lib/logic_pio.o
  CC      kernel/time/timer_list.o
  CC      arch/x86/kernel/cpu/feat_ctl.o
  AR      arch/x86/lib/lib.a
  AR      arch/x86/lib/built-in.a
  CC      drivers/irqchip/irq-madera.o
  CC      lib/maple_tree.o
  CC      arch/x86/kernel/cpu/intel.o
  CC      kernel/time/timeconv.o
  AR      drivers/irqchip/built-in.a
  CC      drivers/bus/mhi/host/init.o
  CC      arch/x86/kernel/cpu/tsx.o
  CC      kernel/time/timecounter.o
  CC      kernel/time/alarmtimer.o
  CC      arch/x86/kernel/cpu/intel_epb.o
  CC      kernel/time/posix-stubs.o
  CC      lib/memcat_p.o
  CC      arch/x86/kernel/cpu/amd.o
  CC      drivers/bus/mhi/host/main.o
  CC      lib/nmi_backtrace.o
  CC      kernel/time/clockevents.o
  CC      arch/x86/kernel/cpu/hygon.o
  CC      lib/objpool.o
  CC      kernel/time/tick-common.o
  CC      drivers/bus/mhi/host/pm.o
  CC      arch/x86/kernel/cpu/centaur.o
  CC      lib/plist.o
  CC      lib/radix-tree.o
  CC      arch/x86/kernel/cpu/zhaoxin.o
  CC      kernel/time/tick-broadcast.o
  CC      arch/x86/kernel/cpu/microcode/core.o
  CC      lib/ratelimit.o
  CC      lib/rbtree.o
  CC      drivers/bus/mhi/host/boot.o
  CC      kernel/time/vsyscall.o
  CC      lib/seq_buf.o
  CC      arch/x86/kernel/cpu/microcode/intel.o
  AR      kernel/time/built-in.a
  CC      kernel/up.o
  CC      kernel/kallsyms.o
  AR      drivers/bus/mhi/host/built-in.a
  AR      drivers/bus/mhi/built-in.a
  AR      drivers/bus/built-in.a
  CC      lib/siphash.o
  CC      drivers/phy/phy-core.o
  CC      arch/x86/kernel/cpu/microcode/amd.o
  CC      lib/string.o
  CC      lib/sys_info.o
  AR      drivers/phy/broadcom/built-in.a
  AR      drivers/phy/marvell/built-in.a
  CC      kernel/irq_work.o
  AR      drivers/phy/built-in.a
  CC      drivers/pinctrl/core.o
  CC      lib/timerqueue.o
  AR      arch/x86/kernel/cpu/microcode/built-in.a
  CC      arch/x86/kernel/cpu/perfctr-watchdog.o
  CC      lib/vsprintf.o
  CC      kernel/static_call.o
  CC      drivers/pinctrl/pinctrl-utils.o
  CC      arch/x86/kernel/cpu/bus_lock.o
  CC      kernel/static_call_inline.o
  CC      drivers/pinctrl/pinmux.o
  CC      kernel/events/core.o
  CC      arch/x86/kernel/cpu/amd_cache_disable.o
  CC      drivers/pinctrl/pinconf.o
  CC      lib/win_minmax.o
  CC      lib/xarray.o
  AR      arch/x86/kernel/cpu/built-in.a
  CC      arch/x86/kernel/reboot.o
  CC      drivers/pinctrl/pinconf-generic.o
  CC      lib/lockref.o
  CC      lib/bcd.o
  CC      lib/sort.o
  CC      arch/x86/kernel/early-quirks.o
  CC      drivers/pinctrl/cirrus/pinctrl-madera-core.o
  CC      lib/parser.o
  CC      lib/debug_locks.o
  CC      lib/random32.o
  AR      drivers/pinctrl/cirrus/built-in.a
  CC      arch/x86/kernel/tsc_sync.o
  AR      drivers/pinctrl/built-in.a
  CC      drivers/pwm/core.o
  CC      lib/bust_spinlocks.o
  CC      arch/x86/kernel/mpparse.o
  CC      kernel/events/ring_buffer.o
  CC      lib/kasprintf.o
  AR      drivers/pwm/built-in.a
  CC      drivers/leds/led-core.o
  CC      lib/bitmap.o
  CC      arch/x86/kernel/apic/apic.o
  CC      drivers/leds/led-class.o
  CC      lib/scatterlist.o
  CC      kernel/events/callchain.o
  CC      drivers/leds/leds-aw200xx.o
  CC      arch/x86/kernel/apic/apic_common.o
  CC      lib/list_sort.o
  CC      lib/uuid.o
  CC      kernel/events/hw_breakpoint.o
  CC      lib/iov_iter.o
  CC      drivers/leds/leds-bd2802.o
  CC      arch/x86/kernel/apic/apic_noop.o
  CC      arch/x86/kernel/apic/ipi.o
  AR      kernel/events/built-in.a
  CC      kernel/context_tracking.o
  CC      drivers/leds/leds-is31fl319x.o
  CC      arch/x86/kernel/apic/vector.o
  CC      lib/clz_ctz.o
  CC      lib/bsearch.o
  CC      kernel/iomem.o
  CC      drivers/leds/leds-ltc3220.o
  CC      lib/find_bit.o
  CC      lib/llist.o
  CC      lib/lwq.o
  CC      arch/x86/kernel/apic/init.o
  CC      kernel/watch_queue.o
  CC      lib/memweight.o
  CC      lib/kfifo.o
  CC      arch/x86/kernel/apic/hw_nmi.o
  CC      drivers/leds/leds-pwm.o
  CC      lib/percpu-refcount.o
  AR      drivers/leds/built-in.a
  CC      arch/x86/kernel/apic/io_apic.o
  CC      drivers/pci/access.o
  UPD     kernel/kheaders-srclist
  UPD     kernel/kheaders-objlist
  UPD     kernel/kheaders.md5
  GEN     kernel/kheaders_data.tar.xz
  CC      lib/rhashtable.o
  CC      drivers/pci/bus.o
  CC      arch/x86/kernel/apic/apic_flat_64.o
  CC      lib/base64.o
  CC      lib/once.o
  CC      drivers/pci/probe.o
  CC      arch/x86/kernel/apic/probe_64.o
  CC      lib/refcount.o
  CC      lib/rcuref.o
  AR      arch/x86/kernel/apic/built-in.a
  CC      arch/x86/kernel/trace_clock.o
  CC      lib/usercopy.o
  CC      arch/x86/kernel/hpet.o
  CC      lib/errseq.o
  CC      lib/bucket_locks.o
  CC      drivers/pci/host-bridge.o
  CC      arch/x86/kernel/amd_nb.o
  CC      lib/generic-radix-tree.o
  CC      drivers/pci/remove.o
  CC      lib/bitmap-str.o
  CC      arch/x86/kernel/amd_node.o
  CC      drivers/pci/pci.o
  CC      lib/string_helpers.o
  CC      arch/x86/kernel/perf_regs.o
  CC      lib/hexdump.o
  CC      lib/kstrtox.o
  CC      arch/x86/kernel/unwind_guess.o
  CC      lib/math/div64.o
  CC      lib/math/gcd.o
  CC      lib/math/lcm.o
  CC      lib/math/int_log.o
  CC      arch/x86/kernel/vsmp_64.o
  CC      lib/math/int_pow.o
  CC      lib/math/int_sqrt.o
  CC      lib/math/reciprocal_div.o
  CC      lib/math/rational.o
  LDS     arch/x86/kernel/vmlinux.lds
  CC      drivers/pci/pci-driver.o
  AR      arch/x86/kernel/built-in.a
  AR      lib/math/built-in.a
  CC      lib/crc/crc32-main.o
  CC      arch/x86/mm/init.o
  AR      lib/crc/built-in.a
  CC      lib/crypto/memneq.o
  CC      arch/x86/mm/init_64.o
  CC      lib/crypto/utils.o
  CC      drivers/pci/search.o
  CC      lib/crypto/blake2s.o
  CC      drivers/pci/rebar.o
  AS      lib/crypto/x86/blake2s-core.o
  CC      lib/crypto/chacha-block-generic.o
  CC      lib/crypto/sha256.o
  CC      arch/x86/mm/fault.o
  CC      drivers/pci/rom.o
  AS      lib/crypto/x86/sha256-ssse3-asm.o
  AS      lib/crypto/x86/sha256-avx-asm.o
  AS      lib/crypto/x86/sha256-avx2-asm.o
  AS      lib/crypto/x86/sha256-ni-asm.o
  AR      lib/crypto/built-in.a
  CC      lib/vdso/datastore.o
  CC      arch/x86/mm/ioremap.o
  CC      drivers/pci/setup-res.o
  AR      lib/vdso/built-in.a
  CC      lib/iomap.o
  CC      drivers/pci/irq.o
  CC      arch/x86/mm/extable.o
  CC      lib/iomap_copy.o
  CC      lib/devres.o
  CC      lib/debugobjects.o
  CC      drivers/pci/vpd.o
  CC      arch/x86/mm/mmap.o
  CC      lib/bitrev.o
  CC      arch/x86/mm/pgtable.o
  CC      drivers/pci/setup-bus.o
  CC      lib/packing.o
  CC      arch/x86/mm/physaddr.o
  CC      lib/xxhash.o
  CC      drivers/pci/vc.o
  CC      lib/zlib_inflate/inffast.o
  CC      lib/zlib_inflate/inflate.o
  CC      arch/x86/mm/tlb.o
  CC      lib/zlib_inflate/infutil.o
  CC      lib/zlib_inflate/inftrees.o
  CC      lib/zlib_inflate/inflate_syms.o
  CC      drivers/pci/mmap.o
  AR      lib/zlib_inflate/built-in.a
  CC      lib/lzo/lzo1x_decompress_safe.o
  CC      arch/x86/mm/cpu_entry_area.o
  CC      drivers/pci/devres.o
  AR      lib/lzo/built-in.a
  CC      lib/lz4/lz4_decompress.o
  CC      arch/x86/mm/maccess.o
  CC      arch/x86/mm/pgprot.o
  CC      drivers/pci/msi/pcidev_msi.o
  AR      lib/lz4/built-in.a
  CC      lib/zstd/zstd_decompress_module.o
  CC      lib/zstd/decompress/huf_decompress.o
  CC      lib/zstd/decompress/zstd_ddict.o
  CC      arch/x86/mm/pat/set_memory.o
  CC      lib/zstd/decompress/zstd_decompress.o
  AR      drivers/pci/msi/built-in.a
  CC      lib/zstd/decompress/zstd_decompress_block.o
  CC      drivers/pci/pcie/portdrv.o
  CC      lib/zstd/zstd_common_module.o
  CC      lib/zstd/common/debug.o
  CC      lib/zstd/common/entropy_common.o
  CC      lib/zstd/common/error_private.o
  CC      lib/zstd/common/fse_decompress.o
  CC      lib/zstd/common/zstd_common.o
  AR      lib/zstd/built-in.a
  CC      lib/xz/xz_dec_syms.o
  CC      drivers/pci/pcie/rcec.o
  CC      lib/xz/xz_dec_stream.o
  CC      arch/x86/mm/pat/memtype.o
  CC      drivers/pci/pcie/bwctrl.o
  CC      lib/xz/xz_dec_lzma2.o
  AR      arch/x86/mm/pat/built-in.a
  CC      arch/x86/mm/dump_pagetables.o
  CC      lib/xz/xz_dec_bcj.o
  CC      drivers/pci/pcie/aspm.o
  AR      lib/xz/built-in.a
  CC      lib/syscall.o
  AR      arch/x86/mm/built-in.a
  CC      arch/x86/virt/svm/cmdline.o
  AR      arch/x86/virt/svm/built-in.a
  AR      arch/x86/virt/built-in.a
  AR      arch/x86/built-in.a
  CC      drivers/pci/pcie/pme.o
  CC      lib/strncpy_from_user.o
  CC      lib/strnlen_user.o
  AR      drivers/pci/pcie/built-in.a
  CC      drivers/pci/iomap.o
  CC      lib/group_cpus.o
  CC      drivers/pci/quirks.o
  AR      lib/lib.a
  CC      drivers/pci/hotplug/pci_hotplug_core.o
  AR      lib/built-in.a
  CC      arch/x86/pci/i386.o
  CC      drivers/pci/hotplug/pciehp_core.o
  CC      arch/x86/pci/init.o
  CC      drivers/pci/hotplug/pciehp_ctrl.o
  CC      drivers/pci/hotplug/pciehp_pci.o
  CC      arch/x86/pci/direct.o
  CC      drivers/pci/hotplug/pciehp_hpc.o
  CC      drivers/pci/hotplug/shpchp_core.o
  CC      arch/x86/pci/fixup.o
  CC      drivers/pci/hotplug/shpchp_ctrl.o
  CC      drivers/pci/hotplug/shpchp_pci.o
  CC      arch/x86/pci/legacy.o
  CC      drivers/pci/hotplug/shpchp_sysfs.o
  CC      drivers/pci/hotplug/shpchp_hpc.o
  CC      arch/x86/pci/irq.o
  CC      arch/x86/pci/common.o
  AR      drivers/pci/hotplug/built-in.a
  CC      drivers/pci/vgaarb.o
  CC      arch/x86/pci/early.o
  CC      arch/x86/pci/bus_numa.o
  CC      drivers/pci/pci-sysfs.o
  CC      arch/x86/pci/amd_bus.o
  CC      drivers/pci/slot.o
  AR      arch/x86/pci/built-in.a
  CC      arch/x86/power/cpu.o
  CC      drivers/video/screen_info_generic.o
  AR      drivers/pci/built-in.a
  CC      drivers/video/screen_info_pci.o
  CC      drivers/dma/dw/core.o
  AR      arch/x86/power/built-in.a
  CC      drivers/dma/hsu/hsu.o
  CC      drivers/video/console/dummycon.o
  CC      drivers/dma/dw/dw.o
  AR      drivers/dma/hsu/built-in.a
  AR      drivers/dma/idxd/built-in.a
  AR      drivers/dma/amd/built-in.a
  AR      drivers/dma/loongson/built-in.a
  AR      drivers/dma/mediatek/built-in.a
  AR      drivers/dma/qcom/built-in.a
  AR      drivers/dma/stm32/built-in.a
  AR      drivers/dma/ti/built-in.a
  CC      drivers/dma/xilinx/xilinx_dma.o
  CC      drivers/video/console/vgacon.o
  CC      drivers/dma/dw/idma32.o
  CC      drivers/dma/xilinx/xdma.o
  AR      drivers/video/console/built-in.a
  AR      drivers/video/fbdev/core/built-in.a
  AR      drivers/video/fbdev/built-in.a
  AR      drivers/video/built-in.a
  AR      drivers/dma/dw/built-in.a
  CC      drivers/dma/dmaengine.o
  CC      drivers/virtio/virtio.o
  AR      drivers/dma/xilinx/built-in.a
  CC      drivers/tty/tty_io.o
  CC      drivers/virtio/virtio_ring.o
  CC      drivers/dma/virt-dma.o
  CC      drivers/dma/idma64.o
  CC      drivers/tty/n_tty.o
  CC      drivers/virtio/virtio_anchor.o
  AR      drivers/dma/built-in.a
  CC      drivers/char/mem.o
  AR      drivers/virtio/built-in.a
  AR      drivers/iommu/built-in.a
  AR      drivers/gpu/built-in.a
  CC      drivers/base/component.o
  CC      drivers/tty/tty_ioctl.o
  CC      drivers/char/random.o
  CC      drivers/base/core.o
  CC      drivers/tty/tty_ldisc.o
  CC      drivers/char/misc.o
  CC      drivers/tty/tty_buffer.o
  CC      drivers/char/hw_random/core.o
  CC      drivers/tty/tty_port.o
  CC      kernel/kheaders.o
  CC      drivers/base/bus.o
  AR      kernel/built-in.a
  CC      drivers/char/hw_random/intel-rng.o
  CC      drivers/char/hw_random/amd-rng.o
  CC      drivers/base/dd.o
  CC      drivers/tty/tty_mutex.o
  CC      drivers/char/hw_random/ba431-rng.o
  CC      drivers/char/hw_random/via-rng.o
  CC      drivers/tty/tty_ldsem.o
  CC      drivers/char/hw_random/virtio-rng.o
  CC      drivers/base/syscore.o
  CC      drivers/char/xillybus/xillybus_class.o
  CC      drivers/tty/tty_baudrate.o
  AR      drivers/char/hw_random/built-in.a
  CC      drivers/char/xillybus/xillybus_core.o
  CC      drivers/tty/tty_jobctrl.o
  CC      drivers/base/driver.o
  CC      drivers/tty/n_null.o
  CC      drivers/base/class.o
  CC      drivers/tty/pty.o
  AR      drivers/char/xillybus/built-in.a
  AR      drivers/char/built-in.a
  CC      drivers/misc/eeprom/eeprom_93cx6.o
  CC      drivers/misc/cb710/core.o
  CC      drivers/base/platform.o
  AR      drivers/misc/eeprom/built-in.a
  CC      drivers/tty/sysrq.o
  CC      drivers/misc/mei/init.o
  CC      drivers/misc/cb710/sgbuf2.o
  CC      drivers/misc/mei/hbm.o
  CC      drivers/base/cpu.o
  CC      drivers/tty/vt/vt_ioctl.o
  AR      drivers/misc/cb710/built-in.a
  CC      drivers/misc/vmw_vmci/vmci_context.o
  CC      drivers/base/firmware.o
  CC      drivers/misc/mei/interrupt.o
  CC      drivers/base/init.o
  CC      drivers/misc/vmw_vmci/vmci_datagram.o
  CC      drivers/tty/vt/vc_screen.o
  CC      drivers/base/map.o
  CC      drivers/misc/vmw_vmci/vmci_doorbell.o
  CC      drivers/misc/mei/client.o
  CC      drivers/base/devres.o
  CC      drivers/tty/vt/selection.o
  CC      drivers/misc/vmw_vmci/vmci_driver.o
  CC      drivers/misc/vmw_vmci/vmci_event.o
  CC      drivers/base/attribute_container.o
  CC      drivers/misc/mei/main.o
  CC      drivers/tty/vt/keyboard.o
  CC      drivers/misc/vmw_vmci/vmci_guest.o
  CC      drivers/base/transport_class.o
  CC      drivers/misc/mei/dma-ring.o
  CC      drivers/base/topology.o
  CC      drivers/misc/vmw_vmci/vmci_handle_array.o
  CC      drivers/tty/vt/vt.o
  CC      drivers/misc/vmw_vmci/vmci_host.o
  CC      drivers/misc/mei/bus.o
  CC      drivers/base/container.o
  CC      drivers/base/property.o
  CC      drivers/misc/vmw_vmci/vmci_queue_pair.o
  CC      drivers/misc/mei/bus-fixup.o
  CC      drivers/tty/vt/defkeymap.o
  CC      drivers/tty/vt/consolemap.o
  CC      drivers/base/cacheinfo.o
  CC      drivers/misc/mei/pci-me.o
  CC      drivers/misc/vmw_vmci/vmci_resource.o
  CC      drivers/base/swnode.o
  CC      drivers/misc/vmw_vmci/vmci_route.o
  CC      drivers/tty/vt/consolemap_deftbl.o
  CC      drivers/tty/vt/ucs.o
  CC      drivers/misc/mei/hw-me.o
  AR      drivers/tty/vt/built-in.a
  CC      drivers/tty/serial/serial_core.o
  AR      drivers/misc/vmw_vmci/built-in.a
  CC      drivers/misc/xilinx_sdfec.o
  CC      drivers/base/faux.o
  CC      drivers/misc/ntsync.o
  AR      drivers/misc/mei/built-in.a
  CC      drivers/misc/ics932s401.o
  CC      drivers/base/power/sysfs.o
  CC      drivers/tty/serial/serial_base_bus.o
  CC      drivers/base/power/generic_ops.o
  CC      drivers/base/power/common.o
  AR      drivers/misc/built-in.a
  CC      drivers/mfd/madera-core.o
  CC      drivers/base/power/qos.o
  CC      drivers/tty/serial/serial_ctrl.o
  CC      drivers/base/power/runtime.o
  CC      drivers/mfd/mfd-core.o
  CC      drivers/tty/serial/serial_port.o
  CC      drivers/base/power/wakeirq.o
  CC      drivers/base/power/main.o
  CC      drivers/mfd/mt6397-core.o
  CC      drivers/tty/serial/earlycon.o
  CC      drivers/base/power/wakeup.o
  CC      drivers/mfd/mt6397-irq.o
  CC      drivers/tty/serial/8250/8250_core.o
  CC      drivers/base/power/wakeup_stats.o
  CC      drivers/tty/serial/8250/8250_platform.o
  AR      drivers/base/power/built-in.a
  CC      drivers/mfd/mt6358-irq.o
  CC      drivers/base/firmware_loader/main.o
  CC      drivers/tty/serial/8250/8250_port.o
  CC      drivers/mfd/smpro-core.o
  CC      drivers/tty/serial/8250/8250_dwlib.o
  CC      drivers/base/firmware_loader/builtin/main.o
  AR      drivers/base/firmware_loader/builtin/built-in.a
  AR      drivers/base/firmware_loader/built-in.a
  CC      drivers/mfd/88pm860x-core.o
  CC      drivers/tty/serial/8250/8250_pcilib.o
  CC      drivers/base/regmap/regmap.o
  CC      drivers/tty/serial/8250/8250_early.o
  CC      drivers/tty/serial/8250/8250_exar.o
  CC      drivers/tty/serial/8250/8250_lpss.o
  CC      drivers/mfd/88pm860x-i2c.o
  CC      drivers/base/regmap/regcache.o
  CC      drivers/tty/serial/8250/8250_mid.o
  CC      drivers/mfd/arizona-core.o
  CC      drivers/base/regmap/regcache-rbtree.o
  CC      drivers/base/regmap/regcache-flat.o
  CC      drivers/tty/serial/8250/8250_pci.o
  CC      drivers/base/regmap/regcache-maple.o
  CC      drivers/base/regmap/regmap-i2c.o
  CC      drivers/mfd/arizona-irq.o
  CC      drivers/base/regmap/regmap-mmio.o
  CC      drivers/base/regmap/regmap-irq.o
  CC      drivers/mfd/wm5110-tables.o
  CC      drivers/tty/serial/8250/8250_pericom.o
  CC      drivers/tty/serial/8250/8250_dma.o
  AR      drivers/base/regmap/built-in.a
  CC      drivers/base/pinctrl.o
  CC      drivers/mfd/wm8997-tables.o
  CC      drivers/tty/serial/8250/8250_mxpcie.o
  AR      drivers/base/built-in.a
  CC      drivers/dma-buf/dma-buf.o
  CC      drivers/spmi/spmi.o
  CC      drivers/mfd/wm8998-tables.o
  AR      drivers/tty/serial/8250/built-in.a
  AR      drivers/tty/serial/built-in.a
  AR      drivers/tty/built-in.a
  CC      drivers/hsi/hsi_core.o
  CC      drivers/spmi/spmi-devres.o
  CC      drivers/dma-buf/dma-fence.o
  AR      drivers/spmi/built-in.a
  CC      drivers/hsi/hsi_boardinfo.o
  CC      drivers/mfd/arizona-i2c.o
  CC      drivers/mfd/wm831x-core.o
  AR      drivers/hsi/built-in.a
  AR      drivers/usb/built-in.a
  CC      drivers/dma-buf/dma-fence-array.o
  CC      drivers/input/serio/serio.o
  CC      drivers/mfd/wm831x-irq.o
  CC      drivers/input/serio/i8042.o
  CC      drivers/dma-buf/dma-fence-chain.o
  CC      drivers/input/serio/serport.o
  CC      drivers/mfd/wm831x-otp.o
  CC      drivers/input/serio/libps2.o
  CC      drivers/dma-buf/dma-fence-unwrap.o
  CC      drivers/dma-buf/dma-resv.o
  CC      drivers/dma-buf/dma-buf-mapping.o
  AR      drivers/input/serio/built-in.a
  CC      drivers/mfd/wm831x-auxadc.o
  CC      drivers/input/input.o
  CC      drivers/dma-buf/sync_file.o
  CC      drivers/mfd/wm831x-i2c.o
  CC      drivers/mfd/da9062-core.o
  AR      drivers/dma-buf/built-in.a
  CC      drivers/rtc/lib.o
  CC      drivers/input/input-compat.o
  CC      drivers/mfd/max14577.o
  CC      drivers/mfd/max77541.o
  CC      drivers/rtc/rtc-mc146818-lib.o
  CC      drivers/input/input-mt.o
  CC      drivers/mfd/max8997.o
  CC      drivers/mfd/max8997-irq.o
  AR      drivers/rtc/built-in.a
  CC      drivers/i2c/i2c-boardinfo.o
  CC      drivers/input/input-poller.o
  CC      drivers/mfd/si476x-cmd.o
  CC      drivers/mfd/si476x-prop.o
  CC      drivers/i2c/i2c-core-base.o
  CC      drivers/input/ff-core.o
  CC      drivers/mfd/si476x-i2c.o
  CC      drivers/input/touchscreen.o
  CC      drivers/input/touch-overlay.o
  CC      drivers/i2c/i2c-core-smbus.o
  CC      drivers/input/vivaldi-fmap.o
  AR      drivers/mfd/built-in.a
  AR      drivers/power/built-in.a
  CC      drivers/hwmon/hwmon.o
  CC      drivers/input/input-leds.o
  CC      drivers/thermal/thermal_core.o
  CC      drivers/i2c/busses/i2c-virtio.o
  CC      drivers/input/keyboard/atkbd.o
  CC      drivers/hwmon/hwmon-vid.o
  CC      drivers/i2c/busses/i2c-ccgx-ucsi.o
  CC      drivers/hwmon/f71882fg.o
  CC      drivers/thermal/thermal_sysfs.o
  AR      drivers/input/keyboard/built-in.a
  CC      drivers/input/mouse/psmouse-base.o
  CC      drivers/thermal/thermal_trip.o
  CC      drivers/i2c/busses/i2c-i801.o
  CC      drivers/hwmon/nct6775-core.o
  CC      drivers/thermal/thermal_helpers.o
  CC      drivers/input/mouse/synaptics.o
  CC      drivers/thermal/thermal_thresholds.o
  CC      drivers/i2c/busses/i2c-ismt.o
  CC      drivers/thermal/gov_step_wise.o
  CC      drivers/hwmon/adm1031.o
  CC      drivers/input/mouse/focaltech.o
  CC      drivers/i2c/busses/i2c-nvidia-gpu.o
  CC      drivers/thermal/intel/therm_throt.o
  CC      drivers/input/mouse/alps.o
  CC      drivers/hwmon/adt7x10.o
  CC      drivers/i2c/busses/i2c-sis630.o
  AR      drivers/thermal/intel/built-in.a
  CC      drivers/thermal/thermal_hwmon.o
  CC      drivers/hwmon/adt7410.o
  CC      drivers/input/mouse/byd.o
  CC      drivers/thermal/gov_user_space.o
  CC      drivers/i2c/busses/i2c-mchp-pci1xxxx.o
  CC      drivers/hwmon/applesmc.o
  AR      drivers/thermal/built-in.a
  CC      drivers/firmware/qcom/qcom_pas.o
  CC      drivers/input/mouse/logips2pp.o
  AR      drivers/firmware/qcom/built-in.a
  AR      drivers/firmware/built-in.a
  AR      drivers/i2c/busses/built-in.a
  CC      drivers/i2c/i2c-smbus.o
  CC      drivers/clocksource/i8253.o
  CC      drivers/hwmon/emc1812.o
  CC      drivers/input/mouse/trackpoint.o
  AR      drivers/clocksource/built-in.a
  CC      drivers/hid/hid-core.o
  AR      drivers/i2c/built-in.a
  CC      drivers/platform/x86/p2sb.o
  CC      drivers/hwmon/it87.o
  CC      drivers/input/mouse/cypress_ps2.o
  AR      drivers/platform/x86/built-in.a
  AR      drivers/platform/built-in.a
  CC      drivers/mcb/mcb-core.o
  CC      drivers/input/mouse/psmouse-smbus.o
  CC      drivers/hid/hid-input.o
  CC      drivers/mcb/mcb-parse.o
  CC      drivers/hwmon/lm83.o
  AR      drivers/input/mouse/built-in.a
  CC      drivers/input/rmi4/rmi_bus.o
  AR      drivers/mcb/built-in.a
  CC      drivers/thunderbolt/nhi.o
  CC      drivers/hwmon/ltc4245.o
  CC      drivers/hid/hid-quirks.o
  CC      drivers/input/rmi4/rmi_driver.o
  CC      drivers/thunderbolt/ctl.o
  CC      drivers/hwmon/ltc4282.o
  CC      drivers/hid/hid-generic.o
  CC      drivers/input/rmi4/rmi_f01.o
  CC      drivers/thunderbolt/tb.o
  CC      drivers/input/rmi4/rmi_f34.o
  AR      drivers/hid/built-in.a
  CC      drivers/hwmon/max16065.o
  CC      drivers/nvmem/core.o
  CC      drivers/input/rmi4/rmi_f34v7.o
  AR      drivers/nvmem/built-in.a
  CC      drivers/fpga/fpga-mgr.o
  CC      drivers/hwmon/max31790.o
  CC      drivers/thunderbolt/switch.o
  CC      drivers/input/rmi4/rmi_f3a.o
  AR      drivers/fpga/built-in.a
  CC      drivers/thunderbolt/cap.o
  CC      drivers/hwmon/mc34vr500.o
  AR      drivers/input/rmi4/built-in.a
  AR      drivers/input/built-in.a
  CC      drivers/hwmon/mcp3021.o
  CC      drivers/thunderbolt/pci.o
  CC      drivers/thunderbolt/path.o
  CC      drivers/hwmon/nct6775-i2c.o
  CC      drivers/hwmon/powr1220.o
  CC      drivers/thunderbolt/tunnel.o
  CC      drivers/thunderbolt/eeprom.o
  CC      drivers/hwmon/shtc1.o
  CC      drivers/hwmon/spd5118.o
  CC      drivers/thunderbolt/domain.o
  CC      drivers/hwmon/tmp102.o
  CC      drivers/thunderbolt/dma_port.o
  CC      drivers/hwmon/tmp103.o
  CC      drivers/thunderbolt/icm.o
  CC      drivers/thunderbolt/property.o
  CC      drivers/thunderbolt/xdomain.o
  AR      drivers/hwmon/built-in.a
  CC      drivers/thunderbolt/lc.o
  CC      drivers/thunderbolt/tmu.o
  CC      drivers/thunderbolt/usb4.o
  CC      drivers/thunderbolt/usb4_port.o
  CC      drivers/thunderbolt/nvm.o
  CC      drivers/thunderbolt/retimer.o
  CC      drivers/thunderbolt/quirks.o
  CC      drivers/thunderbolt/clx.o
  AR      drivers/thunderbolt/built-in.a
  AR      drivers/built-in.a
  AR      built-in.a
  AR      built-in-fixup.a
  COPY    vmlinux.a
  LD      vmlinux.o
  MODPOST vmlinux.symvers
  CC      .vmlinux.export.o
  UPD     include/generated/utsversion.h
  CC      init/version-timestamp.o
  KSYMS   .tmp_vmlinux0.kallsyms.S
  AS      .tmp_vmlinux0.kallsyms.o
  LD      .tmp_vmlinux1
  NM      .tmp_vmlinux1.syms
  KSYMS   .tmp_vmlinux1.kallsyms.S
  AS      .tmp_vmlinux1.kallsyms.o
  LD      .tmp_vmlinux2
  NM      .tmp_vmlinux2.syms
  KSYMS   .tmp_vmlinux2.kallsyms.S
  AS      .tmp_vmlinux2.kallsyms.o
  LD      vmlinux.unstripped
  NM      System.map
  SORTTAB vmlinux.unstripped
  OBJCOPY vmlinux
  GEN     modules.builtin.modinfo
  GEN     modules.builtin
  CC      arch/x86/boot/a20.o
  CC      arch/x86/boot/cmdline.o
  CC      arch/x86/boot/cpu.o
  CC      arch/x86/boot/cpuflags.o
  CC      arch/x86/boot/cpucheck.o
  CC      arch/x86/boot/early_serial_console.o
  CC      arch/x86/boot/edd.o
  CC      arch/x86/boot/main.o
  CC      arch/x86/boot/memory.o
  CC      arch/x86/boot/pm.o
  LDS     arch/x86/boot/compressed/vmlinux.lds
  AS      arch/x86/boot/pmjump.o
  CC      arch/x86/boot/printf.o
  AS      arch/x86/boot/compressed/head_64.o
  VOFFSET arch/x86/boot/compressed/../voffset.h
  CC      arch/x86/boot/regs.o
  CC      arch/x86/boot/compressed/string.o
  CC      arch/x86/boot/compressed/cmdline.o
  CC      arch/x86/boot/compressed/error.o
  CC      arch/x86/boot/string.o
  CC      arch/x86/boot/tty.o
  CC      arch/x86/boot/video.o
  CC      arch/x86/boot/video-mode.o
  CC      arch/x86/boot/version.o
  CC      arch/x86/boot/video-vga.o
  CC      arch/x86/boot/video-vesa.o
  CC      arch/x86/boot/video-bios.o
  OBJCOPY arch/x86/boot/compressed/vmlinux.bin
  CC      arch/x86/boot/compressed/cpuflags.o
  CC      arch/x86/boot/compressed/ident_map_64.o
  CC      arch/x86/boot/compressed/idt_64.o
  AS      arch/x86/boot/compressed/idt_handlers_64.o
  CC      arch/x86/boot/compressed/pgtable_64.o
  CC      arch/x86/boot/compressed/misc.o
  GZIP    arch/x86/boot/compressed/vmlinux.bin.gz
  MKPIGGY arch/x86/boot/compressed/piggy.S
  AS      arch/x86/boot/compressed/piggy.o
  LD      arch/x86/boot/compressed/vmlinux
  ZOFFSET arch/x86/boot/zoffset.h
  OBJCOPY arch/x86/boot/vmlinux.bin
  AS      arch/x86/boot/header.o
  LD      arch/x86/boot/setup.elf
  OBJCOPY arch/x86/boot/setup.bin
  BUILD   arch/x86/boot/bzImage
Kernel: arch/x86/boot/bzImage is ready  (#32)
make[5]: Leaving directory '/mnt/git-volume/kernel-test-mainline/build/rand500config-x86_64'
make[4]: Leaving directory '/mnt/git-volume/linux-mainline'
