make[4]: Entering directory '/mnt/git-volume/linux-mainline'
make[5]: Entering directory '/mnt/git-volume/kernel-test-mainline/build/rand500nsconfig-arm64'
#
# configuration written to .config
#
Using .config as base
Merging /mnt/git-volume/linux-mainline/kernel/configs/tiny.config
Value of CONFIG_CC_OPTIMIZE_FOR_SIZE is redefined by fragment /mnt/git-volume/linux-mainline/kernel/configs/tiny.config:
Previous value: # CONFIG_CC_OPTIMIZE_FOR_SIZE is not set
New value: CONFIG_CC_OPTIMIZE_FOR_SIZE=y

Value of CONFIG_SLUB_TINY is redefined by fragment /mnt/git-volume/linux-mainline/kernel/configs/tiny.config:
Previous value: # CONFIG_SLUB_TINY is not set
New value: CONFIG_SLUB_TINY=y

#
# merged configuration written to .config (needs make)
#
#
# configuration written to .config
#
make[5]: Leaving directory '/mnt/git-volume/kernel-test-mainline/build/rand500nsconfig-arm64'
make[4]: Leaving directory '/mnt/git-volume/linux-mainline'
make[4]: Entering directory '/mnt/git-volume/linux-mainline'
make[5]: Entering directory '/tmp/tmp.1Zf5jAlHA0'
  UPD     /tmp/tmp.1Zf5jAlHA0/Makefile
  HOSTCC  scripts/basic/fixdep
  HOSTCC  scripts/kconfig/conf.o
  HOSTCC  scripts/kconfig/confdata.o
  HOSTCC  scripts/kconfig/expr.o
  LEX     scripts/kconfig/lexer.lex.c
  YACC    scripts/kconfig/parser.tab.[ch]
  HOSTCC  scripts/kconfig/lexer.lex.o
  HOSTCC  scripts/kconfig/menu.o
  HOSTCC  scripts/kconfig/parser.tab.o
  HOSTCC  scripts/kconfig/preprocess.o
  HOSTCC  scripts/kconfig/symbol.o
  HOSTCC  scripts/kconfig/util.o
  HOSTLD  scripts/kconfig/conf
KCONFIG_SEED=0xBB12E663
#
# configuration written to .config
#
make[5]: Leaving directory '/tmp/tmp.1Zf5jAlHA0'
make[4]: Leaving directory '/mnt/git-volume/linux-mainline'
make[4]: Entering directory '/mnt/git-volume/linux-mainline'
make[5]: Entering directory '/tmp/tmp.1Zf5jAlHA0'
.config:9615:warning: override: reassigning to symbol PRINTK
.config:9619:warning: override: reassigning to symbol TTY
.config:9622:warning: override: reassigning to symbol BLK_DEV_INITRD
.config:9626:warning: override: reassigning to symbol BINFMT_ELF
.config:9627:warning: override: reassigning to symbol BINFMT_SCRIPT
.config:9630:warning: override: reassigning to symbol TMPFS
.config:9647:warning: override: reassigning to symbol MODULES
.config:9650:warning: override: reassigning to symbol DRM
.config:9651:warning: override: reassigning to symbol SOUND
.config:9652:warning: override: reassigning to symbol STAGING
.config:9654:warning: override: reassigning to symbol MEDIA_SUPPORT
.config:9660:warning: override: reassigning to symbol KCOV
.config:9661:warning: override: reassigning to symbol KASAN
.config:9663:warning: override: reassigning to symbol KCSAN
.config:9664:warning: override: reassigning to symbol KFENCE
.config:9665:warning: override: reassigning to symbol UBSAN
.config:9672:warning: override: reassigning to symbol RCU_TORTURE_TEST
.config:9673:warning: override: reassigning to symbol RCU_SCALE_TEST
.config:9674:warning: override: reassigning to symbol LOCK_TORTURE_TEST
.config:9684:warning: override: reassigning to symbol DEBUG_PREEMPT
.config:9685:warning: override: reassigning to symbol DEBUG_ATOMIC_SLEEP
.config:9692:warning: override: reassigning to symbol KUNIT
.config:9700:warning: override: reassigning to symbol OF_UNITTEST
#
# configuration written to .config
#
make[5]: Leaving directory '/tmp/tmp.1Zf5jAlHA0'
make[4]: Leaving directory '/mnt/git-volume/linux-mainline'
make[4]: Entering directory '/mnt/git-volume/linux-mainline'
make[5]: Entering directory '/mnt/git-volume/kernel-test-mainline/build/rand500nsconfig-arm64'
.config:1574:warning: override: reassigning to symbol ARM_GIC
.config:1575:warning: override: reassigning to symbol IPACK_BUS
.config:1577:warning: override: reassigning to symbol PAGE_TABLE_CHECK
.config:1578:warning: override: reassigning to symbol EDAC_SUPPORT
.config:1592:warning: override: reassigning to symbol ARCH_HAS_LAZY_MMU_MODE
.config:1596:warning: override: reassigning to symbol ARCH_DMA_ADDR_T_64BIT
.config:1600:warning: override: reassigning to symbol PAGE_REPORTING
.config:1607:warning: override: reassigning to symbol ARCH_HAS_DEBUG_VM_PGTABLE
.config:1608:warning: override: reassigning to symbol MEMFD_CREATE
.config:1613:warning: override: reassigning to symbol GENERIC_STRNLEN_USER
.config:1634:warning: override: reassigning to symbol ARCH_SUPPORTS_NUMA_BALANCING
.config:1635:warning: override: reassigning to symbol ARCH_SUPPORTS_KEXEC_SIG
.config:1640:warning: override: reassigning to symbol TEE
.config:1642:warning: override: reassigning to symbol IRQ_POLL
.config:1645:warning: override: reassigning to symbol ARCH_SUPPORTS_HUGETLBFS
.config:1655:warning: override: reassigning to symbol LOCK_MM_AND_FIND_VMA
.config:1665:warning: override: reassigning to symbol ARM64_ERRATUM_2067961
.config:1670:warning: override: reassigning to symbol FANOTIFY
.config:1675:warning: override: reassigning to symbol HAVE_FUNCTION_GRAPH_FREGS
.config:1680:warning: override: reassigning to symbol HAVE_ARCH_VMAP_STACK
.config:1690:warning: override: reassigning to symbol OF
.config:1695:warning: override: reassigning to symbol KEXEC_HANDOVER
.config:1701:warning: override: reassigning to symbol MFD_MT6397
.config:1703:warning: override: reassigning to symbol GENERIC_IRQ_EFFECTIVE_AFF_MASK
.config:1722:warning: override: reassigning to symbol ARCH_HAS_HW_PTE_YOUNG
.config:1752:warning: override: reassigning to symbol HAVE_PREEMPT_DYNAMIC
.config:1769:warning: override: reassigning to symbol NTSYNC
.config:1771:warning: override: reassigning to symbol BUG_ON_DATA_CORRUPTION
.config:1774:warning: override: reassigning to symbol MODULES_USE_ELF_RELA
.config:1781:warning: override: reassigning to symbol HAVE_CMPXCHG_DOUBLE
.config:1786:warning: override: reassigning to symbol LCD_CLASS_DEVICE
.config:1794:warning: override: reassigning to symbol HAVE_ARCH_TRANSPARENT_HUGEPAGE
.config:1797:warning: override: reassigning to symbol ARCH_HAS_GIGANTIC_PAGE
.config:1809:warning: override: reassigning to symbol HAVE_FUNCTION_ERROR_INJECTION
.config:1816:warning: override: reassigning to symbol ARCH_AIROHA
.config:1818:warning: override: reassigning to symbol VALIDATE_FS_PARSER
.config:1827:warning: override: reassigning to symbol FWCTL
.config:1831:warning: override: reassigning to symbol POWER_RESET_SYSCON
.config:1837:warning: override: reassigning to symbol ARM_FFA_TRANSPORT
.config:1847:warning: override: reassigning to symbol RESET_CONTROLLER
.config:1856:warning: override: reassigning to symbol BLK_DEV_INITRD
.config:1860:warning: override: reassigning to symbol HWMON
.config:1864:warning: override: reassigning to symbol HAVE_ARCH_KFENCE
.config:1872:warning: override: reassigning to symbol ARM64_ERRATUM_843419
.config:1873:warning: override: reassigning to symbol IOMMU_SUPPORT
.config:1875:warning: override: reassigning to symbol DMA_RESTRICTED_POOL
.config:1885:warning: override: reassigning to symbol COMPACTION
.config:1892:warning: override: reassigning to symbol KEYS
.config:1894:warning: override: reassigning to symbol HAVE_ARCH_THREAD_STRUCT_WHITELIST
.config:1899:warning: override: reassigning to symbol ARCH_XGENE
.config:1902:warning: override: reassigning to symbol SYNC_FILE
.config:1913:warning: override: reassigning to symbol ARM64_PA_BITS_52
.config:1919:warning: override: reassigning to symbol CPUMASK_OFFSTACK
.config:1925:warning: override: reassigning to symbol GOLDFISH
.config:1952:warning: override: reassigning to symbol HUGETLBFS
.config:1953:warning: override: reassigning to symbol COMMON_CLK_XLNX_CLKWZRD
.config:1967:warning: override: reassigning to symbol ARCH_HAS_FORCE_DMA_UNENCRYPTED
.config:1974:warning: override: reassigning to symbol DEBUG_FS
.config:1994:warning: override: reassigning to symbol ARCH_STM32
.config:1996:warning: override: reassigning to symbol TRACE_IRQFLAGS_NMI_SUPPORT
.config:2021:warning: override: reassigning to symbol OF_RESERVED_MEM
.config:2025:warning: override: reassigning to symbol COREDUMP
.config:2031:warning: override: reassigning to symbol SERIAL_DEV_BUS
.config:2032:warning: override: reassigning to symbol CORDIC
.config:2037:warning: override: reassigning to symbol GENERIC_CLOCKEVENTS
.config:2042:warning: override: reassigning to symbol GENERIC_CPU_CACHE_MAINTENANCE
.config:2060:warning: override: reassigning to symbol PRINTK
.config:2064:warning: override: reassigning to symbol TTY
.config:2067:warning: override: reassigning to symbol BLK_DEV_INITRD
.config:2071:warning: override: reassigning to symbol BINFMT_ELF
.config:2072:warning: override: reassigning to symbol BINFMT_SCRIPT
.config:2097:warning: override: reassigning to symbol CGROUPS
.config:2101:warning: override: reassigning to symbol PROC_FS
.config:2102:warning: override: reassigning to symbol NET
.config:2104:warning: override: reassigning to symbol TMPFS
.config:2105:warning: override: reassigning to symbol SYSVIPC
.config:2106:warning: override: reassigning to symbol FUTEX
.config:2114:warning: override: reassigning to symbol ARM64_4K_PAGES
#
# configuration written to .config
#
make[5]: Leaving directory '/mnt/git-volume/kernel-test-mainline/build/rand500nsconfig-arm64'
make[4]: Leaving directory '/mnt/git-volume/linux-mainline'
make[4]: Entering directory '/mnt/git-volume/linux-mainline'
make[5]: Entering directory '/mnt/git-volume/kernel-test-mainline/build/rand500nsconfig-arm64'
  SYNC    include/config/auto.conf.cmd
  HOSTCC  scripts/dtc/dtc.o
  UPD     include/config/kernel.release
  HOSTCC  scripts/dtc/flattree.o
  HOSTCC  scripts/dtc/fstree.o
  UPD     include/generated/utsrelease.h
  HOSTCC  scripts/dtc/data.o
  HOSTCC  scripts/dtc/livetree.o
  HOSTCC  scripts/dtc/treesource.o
  HOSTCC  scripts/dtc/srcpos.o
  HOSTCC  scripts/dtc/checks.o
  HOSTCC  scripts/dtc/util.o
  HOSTCC  scripts/dtc/dtc-lexer.lex.o
  HOSTCC  scripts/dtc/dtc-parser.tab.o
  HOSTCC  scripts/dtc/libfdt/fdt.o
  HOSTCC  scripts/dtc/libfdt/fdt_ro.o
  HOSTCC  scripts/dtc/libfdt/fdt_wip.o
  HOSTCC  scripts/dtc/libfdt/fdt_sw.o
  HOSTCC  scripts/dtc/libfdt/fdt_rw.o
  HOSTCC  scripts/dtc/libfdt/fdt_strerror.o
  HOSTCC  scripts/dtc/libfdt/fdt_empty_tree.o
  HOSTCC  scripts/dtc/libfdt/fdt_addresses.o
  HOSTCC  scripts/dtc/libfdt/fdt_overlay.o
  HOSTCC  scripts/dtc/fdtoverlay.o
  HOSTLD  scripts/dtc/dtc
  HOSTLD  scripts/dtc/fdtoverlay
  HOSTCC  scripts/sorttable.o
  HOSTCC  scripts/elf-parse.o
  HOSTLD  scripts/sorttable
  CC      scripts/mod/empty.o
  HOSTCC  scripts/mod/mk_elfconfig
  CC      scripts/mod/devicetable-offsets.s
  UPD     scripts/mod/devicetable-offsets.h
  MKELF   scripts/mod/elfconfig.h
  HOSTCC  scripts/mod/modpost.o
  HOSTCC  scripts/mod/file2alias.o
  HOSTCC  scripts/mod/sumversion.o
  HOSTCC  scripts/mod/symsearch.o
  HOSTLD  scripts/mod/modpost
  CC      kernel/bounds.s
  CC      arch/arm64/kernel/asm-offsets.s
  UPD     include/generated/asm-offsets.h
  CC      kernel/sched/rq-offsets.s
  UPD     include/generated/rq-offsets.h
  CALL    /mnt/git-volume/linux-mainline/scripts/checksyscalls.sh 
  LDS     arch/arm64/kernel/vdso/vdso.lds
  CC      arch/arm64/kernel/vdso/vgettimeofday.o
  AS      arch/arm64/kernel/vdso/note.o
  AS      arch/arm64/kernel/vdso/sigreturn.o
  CC      arch/arm64/kernel/vdso/vgetrandom.o
  AS      arch/arm64/kernel/vdso/vgetrandom-chacha.o
  LD      arch/arm64/kernel/vdso/vdso.so.dbg
  VDSOSYM include/generated/vdso-offsets.h
  OBJCOPY arch/arm64/kernel/vdso/vdso.so
  HOSTCC  usr/gen_init_cpio
  CC      init/main.o
  CC      arch/arm64/kernel/debug-monitors.o
  CC      kernel/fork.o
  GEN     usr/initramfs_data.cpio
  COPY    usr/initramfs_inc_data
  AS      usr/initramfs_data.o
  AR      usr/built-in.a
  CC      kernel/exec_domain.o
  AS      arch/arm64/kernel/entry.o
  CC      kernel/exec_state.o
  CC      arch/arm64/kernel/irq.o
  UPD     init/utsversion-tmp.h
  CC      init/do_mounts.o
  CC      kernel/panic.o
  CC      kernel/cpu.o
  CC      arch/arm64/kernel/fpsimd.o
  CC      init/do_mounts_initrd.o
  CC      kernel/exit.o
  CC      arch/arm64/kernel/entry-common.o
  CC      init/initramfs.o
  CC      arch/arm64/kernel/process.o
  CC      arch/arm64/kernel/ptrace.o
  CC      kernel/softirq.o
  CC      init/calibrate.o
  CC      init/init_task.o
  CC      arch/arm64/kernel/setup.o
  CC      arch/arm64/kernel/signal.o
  CC      kernel/resource.o
  CC      init/version.o
  CC      arch/arm64/kernel/sys.o
  CC      arch/arm64/kernel/stacktrace.o
  AR      init/built-in.a
  CC      kernel/sysctl.o
  CC      mm/filemap.o
  CC      arch/arm64/kernel/time.o
  CC      arch/arm64/kernel/traps.o
  CC      arch/arm64/kernel/io.o
  CC      kernel/capability.o
  CC      arch/arm64/kernel/vdso.o
  CC      kernel/ptrace.o
  CC      mm/mempool.o
  AS      arch/arm64/kernel/hyp-stub.o
  CC      arch/arm64/kernel/psci.o
  CC      arch/arm64/kernel/cpu_ops.o
  CC      arch/arm64/kernel/return_address.o
  CC      mm/oom_kill.o
  CC      arch/arm64/kernel/cpuinfo.o
  CC      kernel/user.o
  CC      arch/arm64/kernel/cpu_errata.o
  CC      arch/arm64/kernel/cpufeature.o
  CC      kernel/signal.o
  CC      mm/fadvise.o
  CC      arch/arm64/kernel/alternative.o
  CC      mm/maccess.o
  CC      arch/arm64/kernel/cacheinfo.o
  CC      arch/arm64/kernel/smp.o
  CC      kernel/sys.o
  CC      arch/arm64/kernel/smp_spin_table.o
  CC      mm/page-writeback.o
  CC      arch/arm64/kernel/topology.o
  CC      kernel/umh.o
  AS      arch/arm64/kernel/smccc-call.o
  CC      arch/arm64/kernel/syscall.o
  CC      mm/folio-compat.o
  CC      mm/readahead.o
  CC      kernel/workqueue.o
  CC      arch/arm64/kernel/proton-pack.o
  CC      arch/arm64/kernel/idle.o
  CC      mm/folio.o
  CC      arch/arm64/kernel/patching.o
  CC      arch/arm64/kernel/pi/idreg-override.o
  CC      arch/arm64/kernel/rsi.o
  CC      mm/truncate.o
  HOSTCC  arch/arm64/kernel/pi/relacheck
  CC      arch/arm64/kernel/pi/map_kernel.o
  CC      kernel/pid.o
  CC      arch/arm64/kernel/jump_label.o
  CC      arch/arm64/kernel/pi/map_range.o
  CC      arch/arm64/kernel/elfcore.o
  CC      mm/vmscan.o
  CC      arch/arm64/kernel/pi/lib-fdt.o
  CC      kernel/task_work.o
  CC      arch/arm64/kernel/pi/lib-fdt_ro.o
  OBJCOPY arch/arm64/kernel/pi/idreg-override.pi.o
  OBJCOPY arch/arm64/kernel/pi/map_kernel.pi.o
  OBJCOPY arch/arm64/kernel/pi/map_range.pi.o
  OBJCOPY arch/arm64/kernel/pi/lib-fdt.pi.o
  OBJCOPY arch/arm64/kernel/pi/lib-fdt_ro.pi.o
  CC      arch/arm64/kernel/machine_kexec.o
  AR      arch/arm64/kernel/pi/built-in.a
  CC      mm/shrinker.o
  CC      kernel/extable.o
  AS      arch/arm64/kernel/relocate_kernel.o
  AS      arch/arm64/kernel/cpu-reset.o
  CC      arch/arm64/kernel/machine_kexec_file.o
  CC      arch/arm64/kernel/kexec_image.o
  CC      mm/shmem.o
  CC      arch/arm64/kernel/crash_dump.o
  CC      kernel/params.o
  CC      arch/arm64/kernel/vmcore_info.o
  CC      mm/util.o
  AS      arch/arm64/kernel/vdso-wrap.o
  AS      arch/arm64/kernel/head.o
  LDS     arch/arm64/kernel/vmlinux.lds
  AR      arch/arm64/kernel/built-in.a
  CC      arch/arm64/mm/dma-mapping.o
  CC      fs/open.o
  CC      kernel/kthread.o
  CC      mm/mmzone.o
  CC      arch/arm64/mm/extable.o
  CC      mm/vmstat.o
  CC      arch/arm64/mm/fault.o
  CC      kernel/sys_ni.o
  CC      fs/read_write.o
  CC      kernel/nsproxy.o
  CC      mm/backing-dev.o
  CC      arch/arm64/mm/init.o
  CC      fs/file_table.o
  CC      kernel/nstree.o
  CC      mm/mm_init.o
  AS      arch/arm64/mm/cache.o
  CC      arch/arm64/mm/copypage.o
  CC      fs/super.o
  CC      kernel/nscommon.o
  CC      arch/arm64/mm/flush.o
  CC      mm/percpu.o
  CC      kernel/notifier.o
  CC      arch/arm64/mm/ioremap.o
  CC      fs/char_dev.o
  CC      arch/arm64/mm/mmap.o
  CC      kernel/ksysfs.o
  CC      fs/stat.o
  CC      mm/slab_common.o
  CC      arch/arm64/mm/pgd.o
  CC      kernel/cred.o
  CC      fs/exec.o
  CC      arch/arm64/mm/mem_encrypt.o
  CC      mm/compaction.o
  CC      kernel/reboot.o
  CC      arch/arm64/mm/mmu.o
  CC      fs/pipe.o
  CC      kernel/async.o
  CC      mm/show_mem.o
  CC      kernel/range.o
  CC      arch/arm64/mm/context.o
  CC      kernel/smpboot.o
  CC      fs/namei.o
  CC      kernel/ucount.o
  CC      mm/interval_tree.o
  AS      arch/arm64/mm/proc.o
  CC      arch/arm64/mm/pageattr.o
  CC      kernel/regset.o
  CC      arch/arm64/mm/fixmap.o
  CC      mm/list_lru.o
  CC      kernel/ksyms_common.o
  CC      fs/fcntl.o
  CC      kernel/sched/core.o
  CC      arch/arm64/mm/trans_pgd.o
  CC      mm/workingset.o
  CC      fs/ioctl.o
  AS      arch/arm64/mm/trans_pgd-asm.o
  CC      arch/arm64/mm/hugetlbpage.o
  CC      mm/debug.o
  CC      fs/readdir.o
  CC      kernel/sched/fair.o
  AR      arch/arm64/mm/built-in.a
  AR      arch/arm64/built-in.a
  CC      kernel/sched/build_policy.o
  CC      mm/gup.o
  CC      fs/select.o
  CC      mm/mmap_lock.o
  CC      fs/dcache.o
  CC      kernel/sched/build_utility.o
  CC      fs/inode.o
  CC      mm/vma_init.o
  CC      fs/attr.o
  CC      mm/highmem.o
  CC      fs/bad_inode.o
  AR      kernel/sched/built-in.a
  CC      kernel/locking/mutex.o
  CC      fs/file.o
  CC      fs/filesystems.o
  CC      mm/memory.o
  CC      kernel/locking/semaphore.o
  CC      fs/namespace.o
  CC      fs/seq_file.o
  CC      kernel/locking/rwsem.o
  CC      fs/xattr.o
  CC      kernel/locking/percpu-rwsem.o
  CC      mm/mincore.o
  CC      kernel/locking/spinlock.o
  CC      fs/libfs.o
  CC      fs/fs-writeback.o
  CC      mm/mlock.o
  CC      kernel/locking/osq_lock.o
  CC      kernel/locking/qspinlock.o
  CC      fs/pnode.o
  CC      mm/mmap.o
  CC      fs/splice.o
  CC      kernel/locking/rtmutex_api.o
  CC      kernel/power/qos.o
  CC      kernel/locking/qrwlock.o
  CC      mm/mmu_gather.o
  CC      fs/sync.o
  AR      kernel/power/built-in.a
  CC      kernel/printk/printk.o
  AR      kernel/locking/built-in.a
  CC      kernel/irq/irqdesc.o
  CC      mm/mprotect.o
  CC      fs/utimes.o
  CC      kernel/irq/handle.o
  CC      kernel/printk/printk_safe.o
  CC      mm/mremap.o
  CC      fs/d_path.o
  CC      kernel/irq/manage.o
  CC      kernel/printk/nbcon.o
  CC      fs/stack.o
  CC      mm/msync.o
  CC      kernel/printk/printk_ringbuffer.o
  CC      kernel/irq/spurious.o
  CC      fs/fs_struct.o
  CC      kernel/printk/sysctl.o
  CC      mm/page_vma_mapped.o
  CC      kernel/irq/resend.o
  CC      fs/statfs.o
  AR      kernel/printk/built-in.a
  CC      kernel/rcu/update.o
  CC      kernel/irq/chip.o
  CC      mm/pagewalk.o
  CC      kernel/rcu/sync.o
  CC      fs/fs_pin.o
  CC      kernel/rcu/srcutree.o
  CC      kernel/irq/dummychip.o
  CC      mm/pgtable-generic.o
  CC      fs/nsfs.o
  CC      kernel/irq/devres.o
  CC      kernel/rcu/tree.o
  CC      mm/rmap.o
  CC      fs/fs_dirent.o
  CC      kernel/irq/kexec.o
  CC      fs/fs_context.o
  CC      kernel/irq/generic-chip.o
  CC      mm/vmalloc.o
  CC      fs/fs_parser.o
  CC      kernel/rcu/rcu_segcblist.o
  CC      kernel/irq/autoprobe.o
  CC      fs/fsopen.o
  AR      kernel/rcu/built-in.a
  CC      kernel/irq/irqdomain.o
  CC      kernel/irq/proc.o
  CC      fs/init.o
  CC      kernel/irq/msi.o
  CC      fs/kernel_read_file.o
  CC      mm/vma.o
  CC      fs/mnt_idmapping.o
  CC      fs/remap_range.o
  CC      kernel/irq/ipi.o
  CC      fs/pidfs.o
  CC      kernel/irq/affinity.o
  CC      mm/vma_exec.o
  CC      fs/file_attr.o
  AR      kernel/irq/built-in.a
  CC      kernel/liveupdate/kexec_handover.o
  CC      mm/mseal.o
  CC      mm/page_alloc.o
  CC      fs/fserror.o
  CC      kernel/liveupdate/kexec_handover_debugfs.o
  CC      mm/page_frag_cache.o
  CC      fs/nullfs.o
  CC      kernel/liveupdate/kho_block.o
  CC      mm/init-mm.o
  CC      fs/failfs.o
  CC      mm/memblock.o
  CC      kernel/liveupdate/luo_core.o
  CC      mm/slub.o
  CC      fs/proc_namespace.o
  CC      kernel/liveupdate/luo_file.o
  CC      mm/dmapool.o
  CC      kernel/liveupdate/luo_flb.o
  CC      fs/notify/fsnotify.o
  CC      mm/sparse.o
  CC      mm/sparse-vmemmap.o
  CC      kernel/liveupdate/luo_session.o
  CC      fs/notify/notification.o
  CC      mm/migrate.o
  CC      mm/page_isolation.o
  AR      kernel/liveupdate/built-in.a
  CC      fs/notify/group.o
  CC      kernel/dma/mapping.o
  CC      mm/early_ioremap.o
  CC      fs/notify/mark.o
  CC      mm/cma.o
  CC      kernel/dma/direct.o
  CC      mm/memfd.o
  CC      fs/notify/fdinfo.o
  CC      kernel/dma/ops_helpers.o
  CC      mm/page_reporting.o
  CC      fs/notify/fanotify/fanotify.o
  CC      mm/ioremap.o
  CC      kernel/dma/coherent.o
  CC      mm/hugetlb.o
  CC      mm/hugetlb_sysfs.o
  CC      fs/notify/fanotify/fanotify_user.o
  CC      kernel/dma/swiotlb.o
  CC      mm/hugetlb_sysctl.o
  CC      kernel/dma/pool.o
  AR      fs/notify/fanotify/built-in.a
  AR      fs/notify/built-in.a
  CC      fs/anon_inodes.o
  CC      mm/hugetlb_cma.o
  CC      mm/page_ext.o
  CC      kernel/dma/remap.o
  CC      fs/binfmt_script.o
  CC      mm/page_table_check.o
  CC      fs/binfmt_elf.o
  AR      kernel/dma/built-in.a
  CC      kernel/entry/common.o
  CC      fs/coredump.o
  AR      mm/built-in.a
  CC      ipc/util.o
  AR      kernel/entry/built-in.a
  CC      kernel/time/time.o
  CC      fs/drop_caches.o
  CC      fs/sysctls.o
  CC      ipc/msgutil.o
  CC      kernel/time/timer.o
  CC      fs/proc/task_mmu.o
  CC      fs/kernfs/mount.o
  CC      ipc/msg.o
  CC      kernel/time/hrtimer.o
  CC      fs/kernfs/inode.o
  CC      fs/proc/inode.o
  CC      ipc/sem.o
  CC      fs/kernfs/dir.o
  CC      kernel/time/sleep_timeout.o
  CC      fs/proc/root.o
  CC      kernel/time/timekeeping.o
  CC      ipc/shm.o
  CC      fs/proc/base.o
  CC      fs/kernfs/file.o
  CC      kernel/time/ntp.o
  CC      ipc/syscall.o
  CC      fs/kernfs/symlink.o
  CC      fs/proc/generic.o
  CC      kernel/time/clocksource.o
  CC      ipc/ipc_sysctl.o
  AR      fs/kernfs/built-in.a
  CC      fs/devpts/inode.o
  AR      ipc/built-in.a
  CC      kernel/time/jiffies.o
  CC      security/keys/gc.o
  CC      fs/proc/array.o
  CC      kernel/time/timer_list.o
  AR      fs/devpts/built-in.a
  CC      fs/ramfs/inode.o
  CC      security/keys/key.o
  CC      fs/proc/fd.o
  CC      kernel/time/timeconv.o
  CC      fs/ramfs/file-mmu.o
  CC      kernel/time/timecounter.o
  CC      kernel/time/alarmtimer.o
  CC      security/keys/keyring.o
  CC      fs/proc/proc_tty.o
  AR      fs/ramfs/built-in.a
  CC      security/keys/keyctl.o
  CC      kernel/time/posix-stubs.o
  CC      fs/proc/cmdline.o
  CC      kernel/time/clockevents.o
  CC      fs/proc/consoles.o
  CC      kernel/time/tick-common.o
  CC      security/keys/permission.o
  CC      kernel/time/tick-broadcast.o
  CC      fs/proc/cpuinfo.o
  CC      security/keys/process_keys.o
  CC      kernel/time/sched_clock.o
  CC      fs/proc/devices.o
  CC      kernel/time/vsyscall.o
  CC      kernel/time/timekeeping_debug.o
  CC      fs/proc/loadavg.o
  CC      fs/proc/meminfo.o
  CC      security/keys/request_key.o
  AR      kernel/time/built-in.a
  CC      kernel/futex/core.o
  CC      fs/proc/stat.o
  CC      fs/proc/uptime.o
  CC      security/keys/request_key_auth.o
  CC      fs/proc/util.o
  CC      kernel/futex/syscalls.o
  CC      fs/proc/version.o
  CC      security/keys/user_defined.o
  CC      fs/proc/softirqs.o
  CC      fs/proc/namespaces.o
  CC      security/keys/proc.o
  CC      kernel/futex/pi.o
  CC      fs/proc/self.o
  CC      fs/proc/thread_self.o
  CC      security/keys/sysctl.o
  CC      kernel/futex/requeue.o
  CC      fs/proc/proc_sysctl.o
  AS      arch/arm64/lib/clear_page.o
  AR      security/keys/built-in.a
  CC      security/commoncap.o
  AS      arch/arm64/lib/clear_user.o
  AS      arch/arm64/lib/copy_from_user.o
  AS      arch/arm64/lib/copy_page.o
  AS      arch/arm64/lib/copy_to_user.o
  CC      kernel/futex/waitwake.o
  CC      arch/arm64/lib/csum.o
  CC      arch/arm64/lib/delay.o
  CC      fs/proc/proc_net.o
  AR      kernel/futex/built-in.a
  CC      kernel/smp.o
  CC      security/min_addr.o
  CC      arch/arm64/lib/insn.o
  AS      arch/arm64/lib/memchr.o
  AS      arch/arm64/lib/memcmp.o
  AS      arch/arm64/lib/memcpy.o
  AS      arch/arm64/lib/memset.o
  CC      kernel/vmcore_info.o
  AS      arch/arm64/lib/strchr.o
  CC      fs/proc/vmcore.o
  AS      arch/arm64/lib/strcmp.o
  AS      arch/arm64/lib/strlen.o
  AS      arch/arm64/lib/strncmp.o
  CC      security/device_cgroup.o
  AS      arch/arm64/lib/strnlen.o
  AS      arch/arm64/lib/strrchr.o
  AS      arch/arm64/lib/tishift.o
  AR      arch/arm64/lib/lib.a
  CC      lib/argv_split.o
  CC      kernel/elfcorehdr.o
  CC      fs/proc/kmsg.o
  CC      lib/buildid.o
  AR      security/built-in.a
  CC      drivers/irqchip/irqchip.o
  CC      kernel/crash_reserve.o
  CC      fs/proc/page.o
  CC      lib/cmdline.o
  CC      drivers/irqchip/irq-gic.o
  CC      lib/cpumask.o
  AR      fs/proc/built-in.a
  CC      fs/hugetlbfs/inode.o
  CC      kernel/kexec_core.o
  CC      lib/ctype.o
  CC      lib/dec_and_lock.o
  CC      drivers/irqchip/irq-gic-common.o
  CC      lib/decompress.o
  CC      lib/decompress_bunzip2.o
  CC      drivers/irqchip/irq-msi-lib.o
  AR      fs/hugetlbfs/built-in.a
  CC      fs/exportfs/expfs.o
  CC      kernel/crash_core.o
  CC      lib/decompress_inflate.o
  CC      drivers/irqchip/irq-gic-v3.o
  AR      fs/exportfs/built-in.a
  CC      fs/debugfs/inode.o
  CC      kernel/kexec_file.o
  CC      lib/decompress_unlz4.o
  CC      lib/decompress_unlzma.o
  CC      drivers/irqchip/irq-gic-v3-mbi.o
  CC      kernel/cgroup/cgroup.o
  CC      fs/debugfs/file.o
  CC      lib/decompress_unlzo.o
  CC      drivers/irqchip/irq-gic-its-msi-parent.o
  CC      lib/decompress_unxz.o
  AR      fs/debugfs/built-in.a
  AR      fs/built-in.a
  CC      net/devres.o
  CC      drivers/irqchip/irq-gic-v3-its.o
  CC      lib/decompress_unzstd.o
  CC      net/socket.o
  CC      kernel/cgroup/rstat.o
  CC      lib/dump_stack.o
  CC      lib/earlycpio.o
  CC      kernel/cgroup/namespace.o
  CC      lib/extable.o
  CC      drivers/irqchip/irq-gic-v4.o
  CC      lib/fdt.o
  CC      lib/fdt_addresses.o
  CC      lib/fdt_empty_tree.o
  CC      lib/fdt_ro.o
  CC      lib/fdt_rw.o
  CC      lib/fdt_strerror.o
  CC      lib/fdt_sw.o
  CC      lib/fdt_wip.o
  CC      lib/flex_proportions.o
  CC      kernel/cgroup/cgroup-v1.o
  CC      net/core/sock.o
  CC      drivers/irqchip/irq-gic-v5.o
  CC      lib/idr.o
  CC      lib/iomem_copy.o
  CC      kernel/cgroup/freezer.o
  CC      drivers/irqchip/irq-gic-v5-irs.o
  CC      lib/irq_regs.o
  CC      lib/is_single_threaded.o
  CC      kernel/cgroup/rdma.o
  CC      lib/klist.o
  CC      net/core/skbuff.o
  CC      drivers/irqchip/irq-gic-v5-its.o
  CC      lib/kobject.o
  AR      kernel/cgroup/built-in.a
  CC      kernel/stop_machine.o
  CC      lib/kobject_uevent.o
  CC      drivers/irqchip/irq-gic-v5-iwb.o
  CC      kernel/utsname_sysctl.o
  CC      kernel/irq_work.o
  CC      drivers/irqchip/irq-stm32mp-exti.o
  CC      lib/logic_pio.o
  CC      kernel/bpf/core.o
  AR      drivers/irqchip/built-in.a
  CC      drivers/bus/stm32_firewall.o
  CC      lib/maple_tree.o
  CC      net/core/datagram.o
  CC      drivers/bus/stm32_rifsc.o
  AR      kernel/bpf/built-in.a
  CC      kernel/padata.o
  CC      drivers/bus/stm32_etzpc.o
  CC      lib/memcat_p.o
  CC      net/core/stream.o
  CC      lib/nmi_backtrace.o
  CC      drivers/bus/simple-pm-bus.o
  CC      kernel/jump_label.o
  AR      drivers/bus/built-in.a
  AR      drivers/phy/built-in.a
  CC      drivers/pinctrl/core.o
  CC      lib/objpool.o
  CC      kernel/context_tracking.o
  CC      net/core/scm.o
  CC      lib/plist.o
  CC      lib/radix-tree.o
  CC      kernel/iomem.o
  CC      drivers/pinctrl/pinctrl-utils.o
  CC      lib/ratelimit.o
  AR      kernel/built-in.a
  CC      drivers/pinctrl/pinmux.o
  CC      drivers/pinctrl/pinconf.o
  CC      net/core/gen_stats.o
  CC      lib/rbtree.o
  CC      drivers/pinctrl/pinconf-generic.o
  CC      lib/seq_buf.o
  CC      drivers/pinctrl/devicetree.o
  CC      net/core/gen_estimator.o
  CC      lib/siphash.o
  CC      lib/string.o
  AR      drivers/pinctrl/qcom/built-in.a
  CC      drivers/pinctrl/stm32/pinctrl-stm32.o
  CC      lib/sys_info.o
  CC      drivers/pinctrl/stm32/pinctrl-stm32mp257.o
  CC      net/core/net_namespace.o
  CC      drivers/pinctrl/stm32/pinctrl-stm32-hdp.o
  CC      net/core/secure_seq.o
  CC      lib/timerqueue.o
  CC      lib/vsprintf.o
  AR      drivers/pinctrl/stm32/built-in.a
  AR      drivers/pinctrl/built-in.a
  CC      drivers/gpio/gpiolib.o
  CC      net/core/flow_dissector.o
  CC      net/core/sysctl_net_core.o
  CC      drivers/gpio/gpiolib-devres.o
  CC      lib/win_minmax.o
  CC      net/core/dev.o
  CC      net/core/dev_api.o
  CC      lib/xarray.o
  CC      drivers/gpio/gpiolib-legacy.o
  CC      drivers/gpio/gpiolib-of.o
  CC      net/core/dev_addr_lists.o
  CC      lib/lockref.o
  CC      lib/bcd.o
  CC      lib/sort.o
  CC      drivers/gpio/gpiolib-cdev.o
  CC      lib/parser.o
  CC      net/core/dst.o
  CC      lib/debug_locks.o
  CC      lib/random32.o
  CC      drivers/gpio/gpiolib-swnode.o
  CC      lib/bust_spinlocks.o
  CC      drivers/gpio/gpio-mmio.o
  CC      net/core/netevent.o
  CC      net/core/neighbour.o
  CC      lib/kasprintf.o
  CC      lib/bitmap.o
  CC      drivers/gpio/gpio-by-pinctrl.o
  CC      net/core/rtnetlink.o
  CC      drivers/gpio/gpio-en7523.o
  CC      lib/scatterlist.o
  CC      drivers/gpio/gpio-line-mux.o
  CC      net/core/utils.o
  CC      lib/list_sort.o
  CC      lib/uuid.o
  CC      lib/iov_iter.o
  AR      drivers/gpio/built-in.a
  AR      drivers/leds/built-in.a
  CC      drivers/pci/of.o
  CC      net/core/link_watch.o
  CC      net/core/filter.o
  AR      drivers/pci/built-in.a
  CC      drivers/video/console/dummycon.o
  CC      lib/clz_ctz.o
  CC      lib/bsearch.o
  AR      drivers/video/console/built-in.a
  CC      drivers/video/backlight/lcd.o
  CC      net/core/sock_diag.o
  CC      lib/find_bit.o
  AR      drivers/video/backlight/built-in.a
  AR      drivers/video/built-in.a
  AR      drivers/char/ipmi/built-in.a
  CC      drivers/amba/bus.o
  CC      lib/llist.o
  CC      lib/lwq.o
  CC      lib/memweight.o
  CC      lib/kfifo.o
  CC      net/core/dev_ioctl.o
  AR      drivers/amba/built-in.a
  CC      drivers/clk/clk-devres.o
  CC      lib/percpu-refcount.o
  CC      drivers/clk/clk-bulk.o
  CC      net/core/tso.o
  CC      lib/rhashtable.o
  CC      drivers/clk/clkdev.o
  CC      net/core/sock_reuseport.o
  CC      lib/base64.o
  CC      drivers/clk/clk.o
  CC      net/core/fib_notifier.o
  CC      lib/once.o
  CC      lib/refcount.o
  CC      net/core/xdp.o
  CC      lib/rcuref.o
  CC      net/core/flow_offload.o
  CC      lib/usercopy.o
  CC      drivers/clk/clk-divider.o
  CC      lib/errseq.o
  CC      lib/bucket_locks.o
  CC      drivers/clk/clk-fixed-factor.o
  CC      net/core/gro.o
  CC      net/core/netdev-genl.o
  CC      lib/generic-radix-tree.o
  CC      drivers/clk/clk-fixed-rate.o
  CC      lib/bitmap-str.o
  CC      drivers/clk/clk-gate.o
  CC      net/core/netdev-genl-gen.o
  CC      lib/string_helpers.o
  CC      net/core/netdev_work.o
  CC      drivers/clk/clk-multiplier.o
  CC      net/core/gso.o
  CC      lib/hexdump.o
  CC      drivers/clk/clk-mux.o
  CC      lib/kstrtox.o
  CC      net/core/net-sysfs.o
  CC      lib/math/div64.o
  CC      drivers/clk/clk-composite.o
  CC      lib/math/gcd.o
  CC      lib/math/lcm.o
  CC      lib/math/int_log.o
  CC      lib/math/int_pow.o
  CC      lib/math/int_sqrt.o
  CC      lib/math/reciprocal_div.o
  CC      drivers/clk/clk-fractional-divider.o
  CC      drivers/clk/clk-gpio.o
  CC      lib/math/rational.o
  CC      net/core/hotdata.o
  CC      lib/math/cordic.o
  CC      drivers/clk/clk-conf.o
  CC      drivers/clk/clk-en7523.o
  AR      lib/math/built-in.a
  CC      lib/crc/crc-itu-t.o
  CC      net/core/netdev_config.o
  HOSTCC  lib/crc/gen_crc32table
  GEN     lib/crc/crc32table.h
  CC      lib/crc/crc32-main.o
  CC      drivers/clk/clk-scmi.o
  CC      drivers/clk/clk-scmi-oem.o
  AR      lib/crc/built-in.a
  CC      lib/crypto/blake2s.o
  CC      net/core/netdev_rx_queue.o
  CC      lib/crypto/chacha-block-generic.o
  CC      lib/crypto/sha1.o
  CC      drivers/clk/stm32/clk-stm32mp21.o
  AS      lib/crypto/arm64/sha1-ce-core.o
  CC      lib/crypto/sha256.o
  AS      lib/crypto/arm64/sha256-ce.o
  AS      lib/crypto/arm64/sha256-core.o
  CC      drivers/clk/stm32/clk-stm32-core.o
  CC      drivers/clk/stm32/reset-stm32.o
  CC      net/core/netdev_queues.o
  AR      lib/crypto/built-in.a
  CC      lib/vdso/datastore.o
  CC      drivers/clk/stm32/clk-stm32mp25.o
  CC      lib/iomap_copy.o
  AR      lib/vdso/built-in.a
  CC      lib/devres.o
  CC      lib/cache_maint.o
  CC      net/core/net-procfs.o
  AR      drivers/clk/stm32/built-in.a
  CC      drivers/clk/xilinx/clk-xlnx-clock-wizard.o
  CC      lib/hweight.o
  CC      lib/assoc_array.o
  CC      lib/list_debug.o
  CC      lib/linear_ranges.o
  CC      lib/xxhash.o
  AR      drivers/clk/xilinx/built-in.a
  AR      drivers/clk/built-in.a
  CC      net/core/dst_cache.o
  AR      drivers/soc/nuvoton/built-in.a
  AR      drivers/soc/qcom/built-in.a
  AR      drivers/soc/built-in.a
  CC      drivers/regulator/core.o
  CC      lib/genalloc.o
  CC      lib/zlib_inflate/inffast.o
  CC      lib/zlib_inflate/inflate.o
  CC      lib/lzo/lzo1x_decompress_safe.o
  CC      lib/zlib_inflate/infutil.o
  CC      net/core/gro_cells.o
  CC      lib/zlib_inflate/inftrees.o
  AR      lib/lzo/built-in.a
  CC      lib/lz4/lz4_decompress.o
  CC      lib/zlib_inflate/inflate_syms.o
  CC      drivers/regulator/dummy.o
  CC      net/core/of_net.o
  AR      lib/zlib_inflate/built-in.a
  CC      lib/zstd/zstd_decompress_module.o
  CC      drivers/regulator/fixed-helper.o
  CC      lib/zstd/decompress/huf_decompress.o
  AR      lib/lz4/built-in.a
  CC      lib/xz/xz_dec_syms.o
  AR      net/core/built-in.a
  CC      net/ethernet/eth.o
  CC      lib/xz/xz_dec_stream.o
  CC      drivers/regulator/helpers.o
  CC      lib/zstd/decompress/zstd_ddict.o
  CC      lib/zstd/decompress/zstd_decompress.o
  CC      lib/xz/xz_dec_lzma2.o
  CC      lib/zstd/decompress/zstd_decompress_block.o
  AR      net/ethernet/built-in.a
  AR      net/802/built-in.a
  CC      net/sched/sch_generic.o
  CC      drivers/regulator/devres.o
  CC      lib/xz/xz_dec_bcj.o
  CC      lib/zstd/zstd_common_module.o
  AR      lib/xz/built-in.a
  CC      net/sched/sch_mq.o
  CC      drivers/regulator/irq_helpers.o
  CC      lib/zstd/common/debug.o
  CC      lib/zstd/common/entropy_common.o
  CC      lib/zstd/common/error_private.o
  CC      lib/zstd/common/fse_decompress.o
  CC      net/sched/sch_frag.o
  CC      lib/zstd/common/zstd_common.o
  AR      lib/zstd/built-in.a
  CC      lib/percpu_counter.o
  CC      lib/syscall.o
  CC      drivers/regulator/of_regulator.o
  CC      lib/nlattr.o
  CC      lib/checksum.o
  AR      net/sched/built-in.a
  CC      lib/dim/dim.o
  CC      net/netlink/af_netlink.o
  CC      drivers/regulator/scmi-regulator.o
  CC      lib/dim/net_dim.o
  CC      net/netlink/genetlink.o
  CC      drivers/regulator/mt6357-regulator.o
  CC      lib/dim/rdma_dim.o
  CC      drivers/reset/core.o
  AR      drivers/regulator/built-in.a
  CC      drivers/tty/tty_io.o
  CC      net/netlink/policy.o
  AR      lib/dim/built-in.a
  CC      lib/strncpy_from_user.o
  CC      lib/strnlen_user.o
  AR      net/netlink/built-in.a
  CC      drivers/reset/reset-scmi.o
  CC      net/ethtool/ioctl.o
  CC      drivers/tty/n_tty.o
  CC      lib/net_utils.o
  CC      drivers/reset/reset-simple.o
  AR      drivers/reset/built-in.a
  CC      drivers/char/mem.o
  CC      lib/group_cpus.o
  CC      drivers/tty/tty_ioctl.o
  CC      lib/devmem_is_allowed.o
  CC      net/ethtool/common.o
  CC      drivers/char/random.o
  CC      drivers/tty/tty_ldisc.o
  CC      lib/irq_poll.o
  CC      drivers/tty/tty_buffer.o
  CC      net/ethtool/netlink.o
  CC      drivers/char/misc.o
  AR      lib/lib.a
  AR      lib/built-in.a
  CC      net/ethtool/bitset.o
  CC      drivers/tty/tty_port.o
  AR      drivers/char/built-in.a
  CC      drivers/iommu/iommu.o
  CC      drivers/tty/tty_mutex.o
  CC      net/ethtool/strset.o
  CC      net/ethtool/linkinfo.o
  CC      drivers/tty/tty_ldsem.o
  CC      drivers/iommu/iommu-pages.o
  CC      net/ethtool/linkmodes.o
  CC      net/ethtool/rss.o
  CC      drivers/tty/tty_baudrate.o
  CC      drivers/iommu/iommu-traces.o
  CC      drivers/tty/tty_jobctrl.o
  CC      drivers/iommu/iommu-sysfs.o
  CC      net/ethtool/linkstate.o
  CC      net/ethtool/debug.o
  CC      drivers/tty/n_null.o
  CC      drivers/iommu/dma-iommu.o
  CC      drivers/tty/pty.o
  CC      net/ethtool/wol.o
  CC      net/ethtool/features.o
  CC      drivers/tty/vt/vt_ioctl.o
  CC      drivers/iommu/iova.o
  CC      drivers/tty/vt/vc_screen.o
  CC      net/ethtool/privflags.o
  CC      drivers/iommu/of_iommu.o
  CC      net/ethtool/rings.o
  CC      drivers/tty/vt/selection.o
  CC      net/ethtool/channels.o
  AR      drivers/iommu/built-in.a
  CC      net/ethtool/coalesce.o
  CC      drivers/tty/vt/keyboard.o
  CC      drivers/tty/vt/vt.o
  CC      net/ethtool/pause.o
  CC      net/ethtool/eee.o
  CC      drivers/tty/vt/defkeymap.o
  CC      drivers/tty/vt/consolemap.o
  CC      net/ethtool/tsinfo.o
  HOSTCC  drivers/tty/vt/conmakehash
  CC      drivers/tty/serial/serial_core.o
  CC      net/ethtool/cabletest.o
  CC      drivers/tty/vt/ucs.o
  CONMK   drivers/tty/vt/consolemap_deftbl.c
  CC      drivers/tty/vt/consolemap_deftbl.o
  AR      drivers/tty/vt/built-in.a
  CC      drivers/tty/serdev/core.o
  CC      net/ethtool/tunnels.o
  CC      drivers/tty/serdev/serdev-ttyport.o
  CC      net/ethtool/fec.o
  CC      drivers/tty/serial/serial_base_bus.o
  AR      drivers/tty/serdev/built-in.a
  CC      drivers/tty/serial/serial_ctrl.o
  CC      drivers/tty/serial/serial_port.o
  CC      net/ethtool/eeprom.o
  CC      net/ethtool/stats.o
  CC      drivers/tty/serial/earlycon.o
  CC      drivers/tty/serial/altera_uart.o
  CC      net/ethtool/phc_vclocks.o
  CC      drivers/tty/serial/amba-pl011.o
  CC      net/ethtool/mm.o
  CC      drivers/tty/serial/fsl_lpuart.o
  CC      net/ethtool/module.o
  CC      net/ethtool/cmis_fw_update.o
  CC      net/ethtool/cmis_cdb.o
  AR      drivers/tty/serial/built-in.a
  AR      drivers/tty/built-in.a
  CC      drivers/base/component.o
  CC      net/ethtool/pse-pd.o
  CC      drivers/base/core.o
  CC      net/ethtool/plca.o
  CC      net/ethtool/phy.o
  CC      net/ethtool/tsconfig.o
  CC      net/ethtool/mse.o
  CC      drivers/base/bus.o
  CC      drivers/base/dd.o
  CC      drivers/base/syscore.o
  CC      drivers/base/driver.o
  AR      net/ethtool/built-in.a
  CC      drivers/base/class.o
  CC      net/ipv4/route.o
  CC      drivers/base/platform.o
  CC      drivers/base/cpu.o
  CC      drivers/base/firmware.o
  CC      net/ipv4/inetpeer.o
  CC      drivers/base/init.o
  CC      drivers/base/map.o
  CC      drivers/base/devres.o
  CC      drivers/base/attribute_container.o
  CC      net/ipv4/protocol.o
  CC      net/ipv4/ip_input.o
  CC      drivers/base/transport_class.o
  CC      drivers/base/topology.o
  CC      net/ipv4/ip_fragment.o
  CC      drivers/base/container.o
  CC      drivers/base/property.o
  CC      net/ipv4/ip_forward.o
  CC      drivers/base/cacheinfo.o
  CC      net/ipv4/ip_options.o
  CC      drivers/base/swnode.o
  CC      drivers/base/faux.o
  CC      net/ipv4/ip_output.o
  CC      drivers/base/power/clock_ops.o
  CC      drivers/base/firmware_loader/builtin/main.o
  CC      net/ipv4/ip_sockglue.o
  AR      drivers/base/power/built-in.a
  CC      drivers/base/regmap/regmap.o
  AR      drivers/base/firmware_loader/builtin/built-in.a
  AR      drivers/base/firmware_loader/built-in.a
  CC      drivers/base/pinctrl.o
  CC      drivers/base/regmap/regcache.o
  CC      net/ipv4/inet_hashtables.o
  CC      net/ipv4/inet_timewait_sock.o
  CC      net/ipv4/inet_connection_sock.o
  CC      drivers/base/regmap/regcache-rbtree.o
  CC      drivers/base/regmap/regcache-flat.o
  CC      net/ipv4/tcp.o
  CC      net/ipv4/tcp_input.o
  CC      drivers/base/regmap/regcache-maple.o
  CC      net/ipv4/tcp_output.o
  CC      drivers/base/regmap/regmap-debugfs.o
  CC      drivers/base/regmap/regmap-mmio.o
  CC      net/ipv4/tcp_timer.o
  AR      drivers/base/regmap/built-in.a
  CC      drivers/base/platform-msi.o
  CC      net/ipv4/tcp_ipv4.o
  CC      net/ipv4/tcp_minisocks.o
  CC      drivers/base/arch_topology.o
  CC      net/ipv4/tcp_cong.o
  AR      drivers/base/built-in.a
  CC      drivers/misc/ntsync.o
  CC      net/ipv4/tcp_metrics.o
  CC      net/ipv4/tcp_fastopen.o
  AR      drivers/misc/built-in.a
  CC      drivers/mfd/mfd-core.o
  CC      net/ipv4/tcp_recovery.o
  CC      net/ipv4/tcp_ulp.o
  CC      drivers/mfd/mt6397-core.o
  CC      net/ipv4/tcp_offload.o
  CC      net/ipv4/tcp_plb.o
  CC      drivers/mfd/mt6397-irq.o
  CC      net/ipv4/datagram.o
  CC      net/ipv4/raw.o
  CC      drivers/dma-buf/dma-buf.o
  CC      drivers/mfd/mt6358-irq.o
  CC      drivers/mfd/syscon.o
  CC      drivers/dma-buf/dma-fence.o
  CC      drivers/dma-buf/dma-fence-array.o
  CC      net/ipv4/udp.o
  CC      drivers/mfd/rave-sp.o
  CC      drivers/dma-buf/dma-fence-chain.o
  CC      drivers/dma-buf/dma-fence-unwrap.o
  CC      drivers/dma-buf/dma-resv.o
  CC      drivers/dma-buf/dma-buf-mapping.o
  AR      drivers/mfd/built-in.a
  CC      drivers/net/loopback.o
  CC      drivers/dma-buf/sync_file.o
  CC      drivers/dma-buf/udmabuf.o
  CC      net/ipv4/udp_offload.o
  AR      drivers/net/built-in.a
  CC      drivers/input/serio/serio.o
  CC      net/ipv6/af_inet6.o
  AR      drivers/dma-buf/built-in.a
  CC      drivers/input/input.o
  CC      drivers/input/serio/serport.o
  CC      net/ipv4/arp.o
  CC      drivers/input/serio/libps2.o
  CC      drivers/input/input-compat.o
  CC      net/ipv6/anycast.o
  CC      drivers/input/input-mt.o
  CC      drivers/input/serio/serio_raw.o
  CC      drivers/input/input-poller.o
  CC      net/ipv4/icmp.o
  AR      drivers/input/serio/built-in.a
  CC      net/ipv6/ip6_output.o
  CC      drivers/input/ff-core.o
  CC      drivers/power/reset/syscon-reboot.o
  CC      drivers/input/touchscreen.o
  AR      drivers/power/reset/built-in.a
  CC      drivers/power/supply/power_supply_core.o
  CC      net/ipv4/devinet.o
  CC      drivers/input/touch-overlay.o
  CC      net/ipv6/ip6_input.o
  CC      drivers/input/ff-memless.o
  CC      drivers/power/supply/power_supply_hwmon.o
  AR      drivers/power/supply/built-in.a
  AR      drivers/power/built-in.a
  CC      drivers/hwmon/hwmon.o
  CC      drivers/input/vivaldi-fmap.o
  CC      net/ipv4/af_inet.o
  CC      drivers/input/keyboard/atkbd.o
  CC      net/ipv6/addrconf.o
  CC      drivers/hwmon/hwmon-vid.o
  CC      drivers/hwmon/asus_rog_ryujin.o
  CC      drivers/input/keyboard/gpio_keys_polled.o
  CC      net/ipv4/igmp.o
  AR      drivers/input/keyboard/built-in.a
  CC      drivers/input/mouse/psmouse-base.o
  CC      drivers/hwmon/it87.o
  CC      drivers/input/mouse/synaptics.o
  CC      net/ipv4/fib_frontend.o
  CC      net/ipv6/addrlabel.o
  AR      drivers/hwmon/built-in.a
  CC      drivers/firmware/arm_ffa/bus.o
  CC      drivers/firmware/arm_ffa/driver.o
  CC      drivers/input/mouse/focaltech.o
  CC      net/ipv6/route.o
  CC      drivers/input/mouse/alps.o
  CC      net/ipv4/fib_semantics.o
  CC      drivers/input/mouse/byd.o
  CC      drivers/firmware/arm_ffa/smccc.o
  CC      net/ipv4/fib_trie.o
  CC      drivers/input/mouse/logips2pp.o
  AR      drivers/firmware/arm_ffa/built-in.a
  CC      drivers/firmware/arm_scmi/transports/smc.o
  CC      net/ipv6/ip6_fib.o
  CC      drivers/input/mouse/trackpoint.o
  AR      drivers/firmware/arm_scmi/transports/built-in.a
  CC      drivers/firmware/arm_scmi/bus.o
  CC      drivers/input/mouse/cypress_ps2.o
  CC      net/ipv4/fib_notifier.o
  CC      net/ipv6/ipv6_sockglue.o
  CC      drivers/firmware/arm_scmi/driver.o
  AR      drivers/input/mouse/built-in.a
  AR      drivers/input/built-in.a
  CC      drivers/fwctl/main.o
  CC      net/ipv4/inet_fragment.o
  AR      drivers/fwctl/built-in.a
  CC      drivers/clocksource/timer-of.o
  CC      drivers/firmware/arm_scmi/notify.o
  CC      net/ipv6/ndisc.o
  CC      drivers/clocksource/timer-probe.o
  CC      net/ipv4/ping.o
  CC      drivers/firmware/arm_scmi/quirks.o
  CC      drivers/clocksource/arm_arch_timer.o
  CC      drivers/firmware/arm_scmi/base.o
  CC      net/ipv6/udp.o
  CC      drivers/clocksource/arm_arch_timer_mmio.o
  CC      net/ipv4/ip_tunnel_core.o
  CC      drivers/firmware/arm_scmi/clock.o
  CC      drivers/clocksource/dummy_timer.o
  CC      drivers/firmware/arm_scmi/perf.o
  AR      drivers/clocksource/built-in.a
  CC      drivers/hid/hid-core.o
  CC      net/ipv4/gre_offload.o
  CC      net/ipv6/raw.o
  CC      drivers/firmware/arm_scmi/power.o
  CC      drivers/firmware/arm_scmi/reset.o
  CC      drivers/hid/hid-input.o
  CC      net/ipv4/metrics.o
  CC      drivers/firmware/arm_scmi/sensors.o
  CC      net/ipv6/icmp.o
  CC      drivers/firmware/arm_scmi/system.o
  CC      net/ipv4/netlink.o
  CC      drivers/hid/hid-quirks.o
  CC      drivers/firmware/arm_scmi/voltage.o
  CC      net/ipv6/mcast.o
  CC      drivers/hid/hid-debug.o
  CC      net/ipv4/nexthop.o
  CC      drivers/firmware/arm_scmi/powercap.o
  CC      drivers/firmware/arm_scmi/pinctrl.o
  CC      drivers/hid/hid-generic.o
  CC      net/ipv6/reassembly.o
  CC      drivers/firmware/arm_scmi/shmem.o
  CC      drivers/hid/hid-pl.o
  CC      net/ipv4/udp_tunnel_stub.o
  AR      drivers/firmware/arm_scmi/built-in.a
  AR      drivers/firmware/efi/built-in.a
  CC      drivers/firmware/psci/psci.o
  CC      drivers/hid/hid-axff.o
  CC      net/ipv6/tcp_ipv6.o
  CC      net/ipv4/ip_tunnel.o
  AR      drivers/firmware/psci/built-in.a
  AR      drivers/firmware/qcom/built-in.a
  CC      drivers/firmware/smccc/smccc.o
  CC      drivers/hid/hid-gyration.o
  CC      drivers/firmware/smccc/kvm_guest.o
  CC      drivers/hid/hid-macally.o
  CC      net/ipv6/ping.o
  AR      drivers/firmware/smccc/built-in.a
  AR      drivers/firmware/built-in.a
  CC      drivers/of/base.o
  CC      net/ipv4/sysctl_net_ipv4.o
  CC      drivers/hid/hid-mf.o
  CC      drivers/of/cpu.o
  CC      net/ipv6/exthdrs.o
  CC      net/ipv4/proc.o
  CC      drivers/of/device.o
  CC      drivers/hid/hid-udraw-ps3.o
  CC      drivers/of/module.o
  CC      net/ipv6/datagram.o
  AR      drivers/hid/built-in.a
  AR      drivers/platform/built-in.a
  CC      net/ipv6/ip6_flowlabel.o
  CC      drivers/of/platform.o
  CC      net/ipv4/tunnel4.o
  CC      drivers/of/property.o
  AR      drivers/ipack/devices/built-in.a
  AR      drivers/ipack/carriers/built-in.a
  CC      drivers/ipack/ipack.o
  CC      net/ipv6/inet6_connection_sock.o
  CC      net/ipv4/inet_diag.o
  AR      drivers/ipack/built-in.a
  CC      net/ipv4/tcp_diag.o
  CC      drivers/of/kobj.o
  CC      drivers/of/dynamic.o
  CC      net/ipv6/udp_offload.o
  CC      net/ipv4/tcp_cubic.o
  CC      drivers/of/fdt.o
  DTC     drivers/of/empty_root.dtb
  CC      drivers/of/fdt_address.o
  CC      net/ipv6/seg6.o
  CC      drivers/of/address.o
  CC      drivers/of/irq.o
  AR      net/ipv4/built-in.a
  CC      net/sysctl_net.o
  CC      drivers/of/of_reserved_mem.o
  CC      drivers/of/kexec.o
  CC      net/ipv6/fib6_notifier.o
  CC      net/ipv6/rpl.o
  CC      net/ipv6/ioam6.o
  WRAP    drivers/of/empty_root.dtb.S
  AS      drivers/of/empty_root.dtb.o
  AR      drivers/of/built-in.a
  AR      drivers/hwtracing/intel_th/built-in.a
  CC      drivers/tee/tee_core.o
  CC      net/ipv6/sysctl_net_ipv6.o
  CC      net/ipv6/proc.o
  CC      drivers/tee/tee_heap.o
  CC      net/ipv6/sit.o
  CC      net/ipv6/addrconf_core.o
  CC      drivers/tee/tee_shm.o
  CC      net/ipv6/exthdrs_core.o
  CC      drivers/tee/tee_shm_pool.o
  CC      net/ipv6/ip6_checksum.o
  CC      net/ipv6/ip6_icmp.o
  AR      drivers/tee/built-in.a
  CC      drivers/mux/core.o
  CC      net/ipv6/output_core.o
  CC      net/ipv6/protocol.o
  AR      drivers/mux/built-in.a
  AR      drivers/built-in.a
  CC      net/ipv6/ip6_offload.o
  CC      net/ipv6/exthdrs_offload.o
  CC      net/ipv6/inet6_hashtables.o
  CC      net/ipv6/mcast_snoop.o
  CC      net/ipv6/ndisc_snoop.o
  AR      net/ipv6/built-in.a
  AR      net/built-in.a
  AR      built-in.a
  AR      built-in-fixup.a
  COPY    vmlinux.a
  LD      vmlinux.o
  MODPOST vmlinux.symvers
  CC      .vmlinux.export.o
  UPD     include/generated/utsversion.h
  CC      init/version-timestamp.o
  LD      vmlinux.unstripped
  NM      System.map
  SORTTAB vmlinux.unstripped
  OBJCOPY vmlinux
  GEN     modules.builtin.modinfo
  GEN     modules.builtin
  OBJCOPY arch/arm64/boot/Image
make[5]: Leaving directory '/mnt/git-volume/kernel-test-mainline/build/rand500nsconfig-arm64'
make[4]: Leaving directory '/mnt/git-volume/linux-mainline'
