make[4]: Entering directory '/mnt/git-volume/linux-stable-rc'
make[5]: Entering directory '/mnt/git-volume/kernel-test-stable-rc/build/rand500config-arm64'
#
# configuration written to .config
#
Using .config as base
Merging /mnt/git-volume/linux-stable-rc/kernel/configs/tiny.config
Value of CONFIG_CC_OPTIMIZE_FOR_SIZE is redefined by fragment /mnt/git-volume/linux-stable-rc/kernel/configs/tiny.config:
Previous value: # CONFIG_CC_OPTIMIZE_FOR_SIZE is not set
New value: CONFIG_CC_OPTIMIZE_FOR_SIZE=y

Value of CONFIG_SLUB_TINY is redefined by fragment /mnt/git-volume/linux-stable-rc/kernel/configs/tiny.config:
Previous value: # CONFIG_SLUB_TINY is not set
New value: CONFIG_SLUB_TINY=y

#
# merged configuration written to .config (needs make)
#
#
# configuration written to .config
#
make[5]: Leaving directory '/mnt/git-volume/kernel-test-stable-rc/build/rand500config-arm64'
make[4]: Leaving directory '/mnt/git-volume/linux-stable-rc'
make[4]: Entering directory '/mnt/git-volume/linux-stable-rc'
make[5]: Entering directory '/tmp/tmp.XFnOQNjs3p'
  UPD     /tmp/tmp.XFnOQNjs3p/Makefile
  HOSTCC  scripts/basic/fixdep
  HOSTCC  scripts/kconfig/conf.o
  HOSTCC  scripts/kconfig/confdata.o
  HOSTCC  scripts/kconfig/expr.o
  LEX     scripts/kconfig/lexer.lex.c
  YACC    scripts/kconfig/parser.tab.[ch]
  HOSTCC  scripts/kconfig/lexer.lex.o
  HOSTCC  scripts/kconfig/menu.o
  HOSTCC  scripts/kconfig/parser.tab.o
  HOSTCC  scripts/kconfig/preprocess.o
  HOSTCC  scripts/kconfig/symbol.o
  HOSTCC  scripts/kconfig/util.o
  HOSTLD  scripts/kconfig/conf
KCONFIG_SEED=0xE2490A30
#
# configuration written to .config
#
make[5]: Leaving directory '/tmp/tmp.XFnOQNjs3p'
make[4]: Leaving directory '/mnt/git-volume/linux-stable-rc'
make[4]: Entering directory '/mnt/git-volume/linux-stable-rc'
make[5]: Entering directory '/tmp/tmp.XFnOQNjs3p'
.config:7063:warning: override: reassigning to symbol PRINTK
.config:7067:warning: override: reassigning to symbol TTY
.config:7070:warning: override: reassigning to symbol BLK_DEV_INITRD
.config:7074:warning: override: reassigning to symbol BINFMT_ELF
.config:7075:warning: override: reassigning to symbol BINFMT_SCRIPT
.config:7078:warning: override: reassigning to symbol TMPFS
.config:7095:warning: override: reassigning to symbol MODULES
.config:7098:warning: override: reassigning to symbol DRM
.config:7099:warning: override: reassigning to symbol SOUND
.config:7100:warning: override: reassigning to symbol STAGING
.config:7102:warning: override: reassigning to symbol MEDIA_SUPPORT
.config:7108:warning: override: reassigning to symbol KCOV
.config:7109:warning: override: reassigning to symbol KASAN
.config:7112:warning: override: reassigning to symbol KFENCE
.config:7113:warning: override: reassigning to symbol UBSAN
.config:7120:warning: override: reassigning to symbol RCU_TORTURE_TEST
.config:7121:warning: override: reassigning to symbol RCU_SCALE_TEST
.config:7122:warning: override: reassigning to symbol LOCK_TORTURE_TEST
.config:7132:warning: override: reassigning to symbol DEBUG_PREEMPT
.config:7133:warning: override: reassigning to symbol DEBUG_ATOMIC_SLEEP
.config:7140:warning: override: reassigning to symbol KUNIT
.config:7148:warning: override: reassigning to symbol OF_UNITTEST
#
# configuration written to .config
#
make[5]: Leaving directory '/tmp/tmp.XFnOQNjs3p'
make[4]: Leaving directory '/mnt/git-volume/linux-stable-rc'
make[4]: Entering directory '/mnt/git-volume/linux-stable-rc'
make[5]: Entering directory '/mnt/git-volume/kernel-test-stable-rc/build/rand500config-arm64'
.config:1544:warning: override: reassigning to symbol ARM_GIC
.config:1549:warning: override: reassigning to symbol GENERIC_HWEIGHT
.config:1553:warning: override: reassigning to symbol GENERIC_PHY
.config:1556:warning: override: reassigning to symbol CRYPTO
.config:1557:warning: override: reassigning to symbol SLUB
.config:1558:warning: override: reassigning to symbol THREAD_INFO_IN_TASK
.config:1565:warning: override: reassigning to symbol LD_IS_BFD
.config:1567:warning: override: reassigning to symbol NLS
.config:1575:warning: override: reassigning to symbol KSM
.config:1577:warning: override: reassigning to symbol ARCH_SUPPORTS_PER_VMA_LOCK
.config:1579:warning: override: reassigning to symbol ARCH_STACKWALK
.config:1581:warning: override: reassigning to symbol BATTERY_SAMSUNG_SDI
.config:1587:warning: override: reassigning to symbol GENERIC_IRQ_ENTRY
.config:1588:warning: override: reassigning to symbol HAVE_ARM_SMCCC_DISCOVERY
.config:1590:warning: override: reassigning to symbol ARCH_SUPPORTS_SCHED_SMT
.config:1593:warning: override: reassigning to symbol TRACE_IRQFLAGS_SUPPORT
.config:1611:warning: override: reassigning to symbol PAGE_SIZE_LESS_THAN_256KB
.config:1613:warning: override: reassigning to symbol IRQ_MSI_IOMMU
.config:1618:warning: override: reassigning to symbol FB
.config:1619:warning: override: reassigning to symbol PT_RECLAIM
.config:1633:warning: override: reassigning to symbol SECCOMP
.config:1636:warning: override: reassigning to symbol ARCH_SUPPORTS_PAGE_TABLE_CHECK
.config:1637:warning: override: reassigning to symbol IRQ_MSI_LIB
.config:1643:warning: override: reassigning to symbol MFD_ATMEL_FLEXCOM
.config:1649:warning: override: reassigning to symbol XILINX_VCU
.config:1653:warning: override: reassigning to symbol ARCH_HAS_NON_OVERLAPPING_ADDRESS_SPACE
.config:1657:warning: override: reassigning to symbol DEBUG_KMEMLEAK
.config:1660:warning: override: reassigning to symbol CC_NO_STRINGOP_OVERFLOW
.config:1663:warning: override: reassigning to symbol ARCH_HAS_FORCE_DMA_UNENCRYPTED
.config:1668:warning: override: reassigning to symbol ARM64_ERRATUM_2077057
.config:1669:warning: override: reassigning to symbol PROFILING
.config:1672:warning: override: reassigning to symbol ARCH_TEGRA
.config:1674:warning: override: reassigning to symbol FILE_LOCKING
.config:1680:warning: override: reassigning to symbol AMPERE_ERRATUM_AC04_CPU_23
.config:1683:warning: override: reassigning to symbol GENERIC_CSUM
.config:1685:warning: override: reassigning to symbol CONTEXT_TRACKING_IDLE
.config:1691:warning: override: reassigning to symbol BACKLIGHT_CLASS_DEVICE
.config:1708:warning: override: reassigning to symbol POWER_SEQUENCING
.config:1709:warning: override: reassigning to symbol EXTCON
.config:1710:warning: override: reassigning to symbol INPUT
.config:1711:warning: override: reassigning to symbol BCMA_POSSIBLE
.config:1717:warning: override: reassigning to symbol HARDENED_USERCOPY
.config:1720:warning: override: reassigning to symbol GENERIC_IRQ_EFFECTIVE_AFF_MASK
.config:1724:warning: override: reassigning to symbol DEBUG_FORCE_WEAK_PER_CPU
.config:1728:warning: override: reassigning to symbol HAVE_PREEMPT_DYNAMIC
.config:1730:warning: override: reassigning to symbol ARCH_VEXPRESS
.config:1731:warning: override: reassigning to symbol EPOLL
.config:1739:warning: override: reassigning to symbol RELAY
.config:1740:warning: override: reassigning to symbol HAVE_FUNCTION_GRAPH_TRACER
.config:1745:warning: override: reassigning to symbol ARCH_KEEP_MEMBLOCK
.config:1750:warning: override: reassigning to symbol HWSPINLOCK
.config:1759:warning: override: reassigning to symbol AUXDISPLAY
.config:1762:warning: override: reassigning to symbol OF_EARLY_FLATTREE
.config:1764:warning: override: reassigning to symbol BPF_SYSCALL
.config:1765:warning: override: reassigning to symbol HAVE_RUST
.config:1767:warning: override: reassigning to symbol ARCH_MEDIATEK
.config:1768:warning: override: reassigning to symbol UNICODE
.config:1775:warning: override: reassigning to symbol PID_IN_CONTEXTIDR
.config:1783:warning: override: reassigning to symbol COMPACTION
.config:1784:warning: override: reassigning to symbol ARCH_HAS_KEEPINITRD
.config:1790:warning: override: reassigning to symbol RCU_REF_SCALE_TEST
.config:1800:warning: override: reassigning to symbol ARM64_ERRATUM_2054223
.config:1803:warning: override: reassigning to symbol HAVE_ARCH_SECCOMP_FILTER
.config:1806:warning: override: reassigning to symbol BUILDTIME_TABLE_SORT
.config:1816:warning: override: reassigning to symbol HAVE_GCC_PLUGINS
.config:1817:warning: override: reassigning to symbol ARM64_PLATFORM_DEVICES
.config:1818:warning: override: reassigning to symbol ARCH_HAS_SYSCALL_WRAPPER
.config:1821:warning: override: reassigning to symbol I3C
.config:1823:warning: override: reassigning to symbol ARM_GIC_V3
.config:1824:warning: override: reassigning to symbol RSEQ
.config:1825:warning: override: reassigning to symbol HAVE_SAMPLE_FTRACE_DIRECT_MULTI
.config:1827:warning: override: reassigning to symbol ARCH_DMA_ADDR_T_64BIT
.config:1829:warning: override: reassigning to symbol GPIOLIB
.config:1842:warning: override: reassigning to symbol GCC10_NO_ARRAY_BOUNDS
.config:1847:warning: override: reassigning to symbol ARCH_DEFAULT_KEXEC_IMAGE_VERIFY_SIG
.config:1854:warning: override: reassigning to symbol ARCH_ENABLE_MEMORY_HOTPLUG
.config:1861:warning: override: reassigning to symbol DMA_DIRECT_REMAP
.config:1863:warning: override: reassigning to symbol HAVE_C_RECORDMCOUNT
.config:1869:warning: override: reassigning to symbol HAVE_EXTRA_IPI_TRACEPOINTS
.config:1872:warning: override: reassigning to symbol BINFMT_MISC
.config:1877:warning: override: reassigning to symbol RUNTIME_TESTING_MENU
.config:1881:warning: override: reassigning to symbol CORESIGHT
.config:1882:warning: override: reassigning to symbol GENERIC_IRQ_SHOW
.config:1884:warning: override: reassigning to symbol ARCH_ENABLE_SPLIT_PMD_PTLOCK
.config:1892:warning: override: reassigning to symbol STRIP_ASM_SYMS
.config:1894:warning: override: reassigning to symbol MMU
.config:1896:warning: override: reassigning to symbol AIO
.config:1902:warning: override: reassigning to symbol CHROME_PLATFORMS
.config:1907:warning: override: reassigning to symbol HAVE_ARCH_RANDOMIZE_KSTACK_OFFSET
.config:1908:warning: override: reassigning to symbol GENERIC_IRQ_IPI
.config:1912:warning: override: reassigning to symbol CC_HAS_ZERO_CALL_USED_REGS
.config:1914:warning: override: reassigning to symbol HAVE_CLK
.config:1923:warning: override: reassigning to symbol ARCH_HAS_GCOV_PROFILE_ALL
.config:1926:warning: override: reassigning to symbol RCU_CPU_STALL_CPUTIME
.config:1928:warning: override: reassigning to symbol TIMER_PROBE
.config:1929:warning: override: reassigning to symbol RANDOMIZE_BASE
.config:1931:warning: override: reassigning to symbol ARCH_HAS_TICK_BROADCAST
.config:1932:warning: override: reassigning to symbol LWQ_TEST
.config:1942:warning: override: reassigning to symbol HAVE_HARDLOCKUP_DETECTOR_BUDDY
.config:1946:warning: override: reassigning to symbol MFD_SM501
.config:1954:warning: override: reassigning to symbol FAULT_INJECTION
.config:1956:warning: override: reassigning to symbol ARCH_RENESAS
.config:1969:warning: override: reassigning to symbol BINFMT_SCRIPT
.config:1971:warning: override: reassigning to symbol GENERIC_MSI_IRQ
.config:1975:warning: override: reassigning to symbol HAVE_GUP_FAST
.config:1977:warning: override: reassigning to symbol ARCH_WANT_FRAME_POINTERS
.config:1981:warning: override: reassigning to symbol ARCH_HAS_BATCHED_DMA_SYNC
.config:1984:warning: override: reassigning to symbol LITEX_SOC_CONTROLLER
.config:1992:warning: override: reassigning to symbol ARM64_ERRATUM_3117295
.config:1996:warning: override: reassigning to symbol COMPAT_32BIT_TIME
.config:1997:warning: override: reassigning to symbol DEBUG_SECTION_MISMATCH
.config:2010:warning: override: reassigning to symbol HAVE_ARCH_JUMP_LABEL
.config:2017:warning: override: reassigning to symbol SAMPLES
.config:2018:warning: override: reassigning to symbol RANDSTRUCT_NONE
.config:2024:warning: override: reassigning to symbol ARCH_DEFAULT_CRASH_DUMP
.config:2029:warning: override: reassigning to symbol HAVE_ARCH_TRANSPARENT_HUGEPAGE
.config:2032:warning: override: reassigning to symbol CC_IS_GCC
.config:2034:warning: override: reassigning to symbol ARCH_HAS_CC_PLATFORM
.config:2036:warning: override: reassigning to symbol ARCH_SUPPORTS_MEMORY_FAILURE
.config:2038:warning: override: reassigning to symbol W1
.config:2041:warning: override: reassigning to symbol ARCH_WANTS_NO_INSTR
.config:2054:warning: override: reassigning to symbol PRINTK
.config:2058:warning: override: reassigning to symbol TTY
.config:2061:warning: override: reassigning to symbol BLK_DEV_INITRD
.config:2065:warning: override: reassigning to symbol BINFMT_ELF
.config:2066:warning: override: reassigning to symbol BINFMT_SCRIPT
.config:2069:warning: override: reassigning to symbol TMPFS
.config:2080:warning: override: reassigning to symbol ARM64_4K_PAGES
#
# configuration written to .config
#
make[5]: Leaving directory '/mnt/git-volume/kernel-test-stable-rc/build/rand500config-arm64'
make[4]: Leaving directory '/mnt/git-volume/linux-stable-rc'
make[4]: Entering directory '/mnt/git-volume/linux-stable-rc'
make[5]: Entering directory '/mnt/git-volume/kernel-test-stable-rc/build/rand500config-arm64'
  SYNC    include/config/auto.conf.cmd
  UPD     include/generated/uapi/linux/version.h
  UPD     include/config/kernel.release
  UPD     include/generated/utsrelease.h
  CC      scripts/mod/empty.o
  CC      scripts/mod/devicetable-offsets.s
  MKELF   scripts/mod/elfconfig.h
  HOSTCC  scripts/mod/modpost.o
  HOSTCC  scripts/mod/sumversion.o
  HOSTCC  scripts/mod/symsearch.o
  HOSTCC  scripts/mod/file2alias.o
  HOSTLD  scripts/mod/modpost
  CC      kernel/bounds.s
  UPD     include/generated/bounds.h
  CC      arch/arm64/kernel/asm-offsets.s
  UPD     include/generated/asm-offsets.h
  CC      kernel/sched/rq-offsets.s
  UPD     include/generated/rq-offsets.h
  CALL    /mnt/git-volume/linux-stable-rc/scripts/checksyscalls.sh 
  CC      arch/arm64/kernel/vdso/vgettimeofday.o
  AS      arch/arm64/kernel/vdso/note.o
  AS      arch/arm64/kernel/vdso/sigreturn.o
  CC      arch/arm64/kernel/vdso/vgetrandom.o
  AS      arch/arm64/kernel/vdso/vgetrandom-chacha.o
  LD      arch/arm64/kernel/vdso/vdso.so.dbg
  VDSOSYM include/generated/vdso-offsets.h
  OBJCOPY arch/arm64/kernel/vdso/vdso.so
  GEN     usr/initramfs_data.cpio
  COPY    usr/initramfs_inc_data
  AS      usr/initramfs_data.o
  CC      init/main.o
  AR      usr/built-in.a
  CC      arch/arm64/kernel/debug-monitors.o
  CC      kernel/fork.o
  CC      mm/filemap.o
  AS      arch/arm64/kernel/entry.o
  UPD     init/utsversion-tmp.h
  CC      init/do_mounts.o
  CC      arch/arm64/kernel/irq.o
  CC      arch/arm64/kernel/fpsimd.o
  CC      kernel/exec_domain.o
  CC      mm/mempool.o
  CC      init/do_mounts_initrd.o
  CC      arch/arm64/kernel/entry-common.o
  CC      kernel/exec_state.o
  CC      mm/oom_kill.o
  CC      init/initramfs.o
  CC      kernel/panic.o
  CC      arch/arm64/kernel/process.o
  CC      init/calibrate.o
  CC      mm/fadvise.o
  CC      init/init_task.o
  CC      kernel/cpu.o
  CC      mm/maccess.o
  CC      arch/arm64/kernel/ptrace.o
  CC      init/version.o
  CC      kernel/exit.o
  CC      mm/page-writeback.o
  AR      init/built-in.a
  CC      kernel/softirq.o
  CC      arch/arm64/kernel/setup.o
  CC      kernel/resource.o
  CC      kernel/sysctl.o
  CC      arch/arm64/kernel/signal.o
  CC      mm/folio-compat.o
  CC      kernel/capability.o
  CC      kernel/ptrace.o
  CC      arch/arm64/kernel/sys.o
  CC      mm/readahead.o
  CC      mm/swap.o
  CC      arch/arm64/kernel/stacktrace.o
  CC      kernel/user.o
  CC      arch/arm64/kernel/time.o
  CC      mm/truncate.o
  CC      kernel/signal.o
  CC      arch/arm64/kernel/traps.o
  CC      arch/arm64/kernel/io.o
  CC      mm/vmscan.o
  CC      arch/arm64/kernel/vdso.o
  AS      arch/arm64/kernel/hyp-stub.o
  CC      arch/arm64/kernel/psci.o
  CC      arch/arm64/kernel/cpu_ops.o
  CC      arch/arm64/kernel/return_address.o
  CC      kernel/sys.o
  CC      mm/shrinker.o
  CC      arch/arm64/kernel/cpuinfo.o
  CC      arch/arm64/kernel/cpu_errata.o
  CC      kernel/umh.o
  CC      kernel/workqueue.o
  CC      arch/arm64/kernel/cpufeature.o
  CC      mm/shmem.o
  CC      kernel/pid.o
  CC      mm/util.o
  CC      arch/arm64/kernel/alternative.o
  CC      kernel/task_work.o
  CC      kernel/extable.o
  CC      mm/mmzone.o
  CC      arch/arm64/kernel/cacheinfo.o
  CC      kernel/params.o
  CC      mm/vmstat.o
  CC      kernel/kthread.o
  CC      arch/arm64/kernel/smp.o
  CC      kernel/sys_ni.o
  CC      mm/backing-dev.o
  CC      mm/mm_init.o
  CC      kernel/nsproxy.o
  CC      arch/arm64/kernel/smp_spin_table.o
  CC      mm/percpu.o
  CC      mm/slab_common.o
  CC      kernel/nstree.o
  CC      arch/arm64/kernel/topology.o
  AS      arch/arm64/kernel/smccc-call.o
  CC      arch/arm64/kernel/syscall.o
  CC      mm/compaction.o
  CC      kernel/nscommon.o
  CC      arch/arm64/kernel/proton-pack.o
  CC      arch/arm64/kernel/idle.o
  CC      kernel/notifier.o
  CC      mm/show_mem.o
  CC      arch/arm64/kernel/patching.o
  CC      arch/arm64/kernel/pi/idreg-override.o
  CC      kernel/ksysfs.o
  CC      arch/arm64/kernel/rsi.o
  CC      mm/interval_tree.o
  CC      arch/arm64/kernel/pi/map_kernel.o
  CC      kernel/cred.o
  CC      arch/arm64/kernel/pi/map_range.o
  CC      mm/list_lru.o
  CC      mm/workingset.o
  CC      arch/arm64/kernel/pi/lib-fdt.o
  CC      kernel/reboot.o
  CC      arch/arm64/kernel/pi/lib-fdt_ro.o
  CC      arch/arm64/kernel/pi/relocate.o
  CC      arch/arm64/kernel/pi/kaslr_early.o
  OBJCOPY arch/arm64/kernel/pi/idreg-override.pi.o
  OBJCOPY arch/arm64/kernel/pi/map_kernel.pi.o
  OBJCOPY arch/arm64/kernel/pi/map_range.pi.o
  OBJCOPY arch/arm64/kernel/pi/lib-fdt.pi.o
  OBJCOPY arch/arm64/kernel/pi/lib-fdt_ro.pi.o
  OBJCOPY arch/arm64/kernel/pi/kaslr_early.pi.o
  CC      mm/debug.o
  CC      mm/gup.o
  OBJCOPY arch/arm64/kernel/pi/relocate.pi.o
  AR      arch/arm64/kernel/pi/built-in.a
  CC      arch/arm64/kernel/jump_label.o
  CC      kernel/async.o
  CC      arch/arm64/kernel/perf_regs.o
  CC      mm/mmap_lock.o
  CC      kernel/range.o
  CC      kernel/smpboot.o
  CC      arch/arm64/kernel/perf_callchain.o
  CC      mm/vma_init.o
  CC      mm/highmem.o
  CC      kernel/ucount.o
  CC      arch/arm64/kernel/hw_breakpoint.o
  CC      kernel/regset.o
  CC      kernel/ksyms_common.o
  CC      mm/memory.o
  CC      kernel/sched/core.o
  CC      arch/arm64/kernel/kaslr.o
  AS      arch/arm64/kernel/vdso-wrap.o
  AS      arch/arm64/kernel/head.o
  LDS     arch/arm64/kernel/vmlinux.lds
  CC      arch/arm64/mm/dma-mapping.o
  AR      arch/arm64/kernel/built-in.a
  CC      kernel/locking/mutex.o
  CC      arch/arm64/mm/extable.o
  CC      kernel/locking/semaphore.o
  CC      arch/arm64/mm/fault.o
  CC      mm/mincore.o
  CC      kernel/sched/fair.o
  CC      kernel/locking/rwsem.o
  CC      mm/mlock.o
  CC      arch/arm64/mm/init.o
  CC      kernel/locking/percpu-rwsem.o
  CC      kernel/locking/spinlock.o
  CC      mm/mmap.o
  AS      arch/arm64/mm/cache.o
  CC      kernel/sched/build_policy.o
  CC      arch/arm64/mm/copypage.o
  CC      kernel/locking/osq_lock.o
  CC      kernel/locking/qspinlock.o
  CC      arch/arm64/mm/flush.o
  CC      mm/mmu_gather.o
  CC      kernel/locking/rtmutex_api.o
  CC      arch/arm64/mm/ioremap.o
  CC      mm/mprotect.o
  CC      kernel/locking/qrwlock.o
  CC      kernel/sched/build_utility.o
  CC      arch/arm64/mm/mmap.o
  AR      kernel/locking/built-in.a
  CC      kernel/power/qos.o
  CC      arch/arm64/mm/pgd.o
  CC      mm/mremap.o
  CC      kernel/power/main.o
  CC      arch/arm64/mm/mem_encrypt.o
  AR      kernel/sched/built-in.a
  CC      mm/msync.o
  CC      mm/page_vma_mapped.o
  CC      arch/arm64/mm/mmu.o
  AR      kernel/power/built-in.a
  CC      kernel/printk/printk.o
  CC      arch/arm64/mm/context.o
  CC      mm/pagewalk.o
  CC      mm/pgtable-generic.o
  AS      arch/arm64/mm/proc.o
  CC      mm/rmap.o
  CC      mm/vmalloc.o
  CC      kernel/printk/printk_safe.o
  CC      arch/arm64/mm/pageattr.o
  CC      kernel/printk/nbcon.o
  CC      arch/arm64/mm/fixmap.o
  CC      kernel/printk/printk_ringbuffer.o
  CC      mm/vma.o
  CC      mm/vma_exec.o
  AR      arch/arm64/mm/built-in.a
  CC      arch/arm64/crypto/aes-glue-neon.o
  AR      kernel/printk/built-in.a
  CC      kernel/irq/irqdesc.o
  CC      mm/mseal.o
  AS      arch/arm64/crypto/aes-neonbs-core.o
  CC      kernel/irq/handle.o
  CC      arch/arm64/crypto/aes-neonbs-glue.o
  CC      mm/page_alloc.o
  CC      kernel/irq/manage.o
  CC      mm/page_frag_cache.o
  AR      arch/arm64/crypto/built-in.a
  AR      arch/arm64/built-in.a
  CC      fs/open.o
  CC      mm/init-mm.o
  CC      kernel/irq/spurious.o
  CC      mm/memblock.o
  CC      fs/read_write.o
  CC      mm/slub.o
  CC      kernel/irq/resend.o
  CC      kernel/irq/chip.o
  CC      mm/dmapool.o
  CC      fs/file_table.o
  CC      mm/sparse.o
  CC      mm/sparse-vmemmap.o
  CC      kernel/irq/dummychip.o
  CC      fs/super.o
  CC      mm/migrate.o
  CC      kernel/irq/devres.o
  CC      mm/kmemleak.o
  CC      fs/char_dev.o
  CC      kernel/irq/kexec.o
  CC      fs/stat.o
  CC      mm/early_ioremap.o
  CC      kernel/irq/generic-chip.o
  CC      mm/usercopy.o
  CC      fs/exec.o
  CC      fs/pipe.o
  CC      kernel/irq/autoprobe.o
  CC      mm/ioremap.o
  CC      kernel/irq/irqdomain.o
  CC      mm/ksm.o
  CC      fs/namei.o
  CC      fs/fcntl.o
  CC      kernel/irq/msi.o
  AR      mm/built-in.a
  CC      security/commoncap.o
  CC      security/min_addr.o
  CC      kernel/irq/ipi.o
  CC      fs/ioctl.o
  CC      fs/readdir.o
  AR      security/built-in.a
  CC      kernel/irq/affinity.o
  CC      crypto/api.o
  CC      fs/select.o
  CC      fs/dcache.o
  AR      kernel/irq/built-in.a
  CC      kernel/rcu/update.o
  CC      crypto/cipher.o
  CC      crypto/algapi.o
  CC      kernel/rcu/sync.o
  CC      kernel/rcu/srcutree.o
  AS      arch/arm64/lib/clear_page.o
  CC      fs/inode.o
  AS      arch/arm64/lib/clear_user.o
  AS      arch/arm64/lib/copy_from_user.o
  AS      arch/arm64/lib/copy_page.o
  AS      arch/arm64/lib/copy_to_user.o
  CC      kernel/rcu/refscale.o
  CC      arch/arm64/lib/csum.o
  CC      crypto/scatterwalk.o
  CC      arch/arm64/lib/delay.o
  CC      fs/attr.o
  CC      crypto/aead.o
  CC      kernel/rcu/tree.o
  CC      arch/arm64/lib/insn.o
  CC      fs/bad_inode.o
  AS      arch/arm64/lib/memchr.o
  AS      arch/arm64/lib/memcmp.o
  AS      arch/arm64/lib/memcpy.o
  CC      crypto/lskcipher.o
  AS      arch/arm64/lib/memset.o
  CC      fs/file.o
  AS      arch/arm64/lib/strchr.o
  AS      arch/arm64/lib/strcmp.o
  AS      arch/arm64/lib/strlen.o
  AS      arch/arm64/lib/strncmp.o
  AS      arch/arm64/lib/strnlen.o
  AS      arch/arm64/lib/strrchr.o
  AS      arch/arm64/lib/tishift.o
  CC      crypto/skcipher.o
  AR      arch/arm64/lib/lib.a
  CC      kernel/rcu/rcu_segcblist.o
  CC      fs/filesystems.o
  CC      lib/argv_split.o
  CC      lib/buildid.o
  AR      kernel/rcu/built-in.a
  CC      kernel/dma/mapping.o
  CC      crypto/ahash.o
  CC      fs/namespace.o
  CC      lib/clz_tab.o
  CC      kernel/dma/direct.o
  CC      lib/cmdline.o
  CC      lib/cpumask.o
  CC      crypto/shash.o
  CC      lib/ctype.o
  CC      lib/dec_and_lock.o
  CC      kernel/dma/coherent.o
  CC      lib/decompress.o
  CC      lib/decompress_bunzip2.o
  CC      crypto/akcipher.o
  CC      lib/decompress_inflate.o
  CC      kernel/dma/swiotlb.o
  CC      fs/seq_file.o
  CC      lib/decompress_unlz4.o
  CC      crypto/sig.o
  CC      kernel/dma/pool.o
  CC      fs/xattr.o
  CC      lib/decompress_unlzma.o
  CC      crypto/rsapubkey.asn1.o
  CC      crypto/rsaprivkey.asn1.o
  CC      crypto/rsa.o
  CC      kernel/dma/remap.o
  CC      lib/decompress_unlzo.o
  AR      kernel/dma/built-in.a
  CC      lib/decompress_unxz.o
  CC      fs/libfs.o
  CC      kernel/entry/common.o
  CC      crypto/rsa_helper.o
  CC      crypto/rsa-pkcs1pad.o
  CC      lib/decompress_unzstd.o
  AR      kernel/entry/built-in.a
  CC      kernel/profile.o
  CC      crypto/rsassa-pkcs1.o
  CC      fs/fs-writeback.o
  CC      lib/dump_stack.o
  CC      kernel/stacktrace.o
  CC      crypto/acompress.o
  CC      lib/earlycpio.o
  CC      lib/extable.o
  CC      fs/pnode.o
  CC      lib/fdt.o
  CC      lib/fdt_addresses.o
  CC      kernel/time/time.o
  CC      lib/fdt_empty_tree.o
  CC      fs/splice.o
  CC      lib/fdt_ro.o
  CC      crypto/scompress.o
  CC      lib/fdt_rw.o
  CC      lib/fdt_strerror.o
  CC      lib/fdt_sw.o
  CC      kernel/time/timer.o
  CC      lib/fdt_wip.o
  CC      lib/flex_proportions.o
  CC      crypto/algboss.o
  CC      fs/sync.o
  CC      lib/idr.o
  CC      kernel/time/hrtimer.o
  CC      lib/iomem_copy.o
  CC      crypto/testmgr.o
  CC      fs/utimes.o
  CC      lib/irq_regs.o
  CC      lib/is_single_threaded.o
  CC      crypto/wp512.o
  CC      kernel/time/sleep_timeout.o
  CC      lib/klist.o
  CC      fs/d_path.o
  CC      lib/kobject.o
  CC      crypto/ecb.o
  CC      kernel/time/timekeeping.o
  CC      fs/stack.o
  CC      lib/kobject_uevent.o
  CC      crypto/ctr.o
  CC      crypto/aegis128-core.o
  CC      kernel/time/ntp.o
  CC      fs/fs_struct.o
  CC      lib/logic_pio.o
  CC      kernel/time/clocksource.o
  CC      crypto/aegis128-neon.o
  CC      fs/statfs.o
  CC      crypto/aegis128-neon-inner.o
  CC      lib/maple_tree.o
  CC      kernel/time/jiffies.o
  CC      crypto/cast_common.o
  CC      fs/fs_pin.o
  CC      kernel/time/timer_list.o
  CC      crypto/lz4hc.o
  CC      fs/nsfs.o
  CC      kernel/time/timeconv.o
  CC      lib/memcat_p.o
  CC      kernel/time/timecounter.o
  CC      crypto/rng.o
  CC      lib/nmi_backtrace.o
  CC      kernel/time/alarmtimer.o
  CC      fs/fs_dirent.o
  CC      fs/fs_context.o
  CC      kernel/time/posix-stubs.o
  CC      crypto/bpf_crypto_skcipher.o
  CC      lib/objpool.o
  CC      crypto/ccm.o
  CC      lib/plist.o
  CC      fs/fs_parser.o
  CC      lib/radix-tree.o
  CC      kernel/time/clockevents.o
  CC      crypto/cryptd.o
  CC      kernel/time/tick-common.o
  CC      lib/ratelimit.o
  CC      fs/fsopen.o
  CC      lib/rbtree.o
  CC      crypto/cast5_generic.o
  CC      lib/seq_buf.o
  CC      kernel/time/tick-broadcast.o
  CC      fs/init.o
  CC      crypto/lz4.o
  CC      lib/siphash.o
  CC      kernel/time/sched_clock.o
  CC      lib/string.o
  CC      fs/kernel_read_file.o
  CC      crypto/jitterentropy.o
  CC      crypto/jitterentropy-kcapi.o
  CC      kernel/time/vsyscall.o
  CC      lib/sys_info.o
  AR      crypto/built-in.a
  CC      drivers/irqchip/irqchip.o
  CC      fs/mnt_idmapping.o
  CC      kernel/time/timekeeping_debug.o
  CC      lib/timerqueue.o
  CC      fs/remap_range.o
  CC      drivers/irqchip/irq-gic.o
  CC      lib/vsprintf.o
  AR      kernel/time/built-in.a
  CC      kernel/smp.o
  CC      drivers/irqchip/irq-gic-common.o
  CC      fs/pidfs.o
  CC      kernel/kallsyms.o
  CC      drivers/irqchip/irq-msi-lib.o
  CC      lib/win_minmax.o
  CC      fs/file_attr.o
  CC      drivers/irqchip/irq-gic-v3.o
  CC      lib/xarray.o
  CC      kernel/stop_machine.o
  CC      fs/fserror.o
  CC      lib/lockref.o
  CC      drivers/irqchip/irq-gic-v3-mbi.o
  CC      lib/bcd.o
  CC      kernel/seccomp.o
  CC      lib/sort.o
  CC      fs/nullfs.o
  CC      lib/parser.o
  CC      drivers/irqchip/irq-gic-its-msi-parent.o
  CC      kernel/relay.o
  CC      lib/debug_locks.o
  CC      lib/random32.o
  CC      fs/anon_inodes.o
  CC      lib/bust_spinlocks.o
  CC      drivers/irqchip/irq-gic-v3-its.o
  CC      kernel/irq_work.o
  CC      fs/aio.o
  CC      lib/kasprintf.o
  CC      kernel/bpf/core.o
  CC      lib/bitmap.o
  CC      drivers/irqchip/irq-gic-v4.o
  CC      fs/locks.o
  CC      lib/scatterlist.o
  CC      kernel/bpf/syscall.o
  CC      drivers/irqchip/irq-gic-v5.o
  CC      lib/list_sort.o
  CC      lib/uuid.o
  CC      lib/iov_iter.o
  CC      fs/binfmt_misc.o
  CC      drivers/irqchip/irq-gic-v5-irs.o
  CC      fs/binfmt_script.o
  CC      lib/clz_ctz.o
  CC      kernel/bpf/verifier.o
  CC      lib/bsearch.o
  CC      drivers/irqchip/irq-gic-v5-its.o
  CC      fs/binfmt_elf.o
  CC      lib/find_bit.o
  CC      lib/llist.o
  CC      lib/lwq.o
  CC      fs/configfs/inode.o
  CC      drivers/irqchip/irq-gic-v5-iwb.o
  CC      lib/memweight.o
  CC      lib/kfifo.o
  CC      drivers/irqchip/irq-renesas-irqc.o
  CC      fs/configfs/file.o
  CC      lib/percpu-refcount.o
  CC      drivers/irqchip/irq-renesas-rzg2l.o
  CC      fs/configfs/dir.o
  CC      lib/rhashtable.o
  CC      drivers/irqchip/irq-renesas-rzt2h.o
  CC      fs/configfs/symlink.o
  CC      kernel/bpf/inode.o
  CC      lib/base64.o
  CC      fs/configfs/mount.o
  CC      lib/once.o
  CC      drivers/irqchip/irq-renesas-rzv2h.o
  CC      lib/refcount.o
  CC      lib/rcuref.o
  CC      kernel/bpf/helpers.o
  CC      fs/configfs/item.o
  CC      drivers/irqchip/irq-tegra.o
  CC      lib/usercopy.o
  AR      fs/configfs/built-in.a
  CC      fs/devpts/inode.o
  CC      drivers/irqchip/irq-gic-pm.o
  CC      lib/errseq.o
  CC      lib/bucket_locks.o
  CC      lib/generic-radix-tree.o
  CC      drivers/irqchip/irq-mtk-sysirq.o
  AR      fs/devpts/built-in.a
  CC      fs/ramfs/inode.o
  CC      kernel/bpf/tnum.o
  CC      kernel/bpf/cnum.o
  CC      lib/bitmap-str.o
  CC      kernel/bpf/log.o
  CC      drivers/irqchip/irq-mtk-cirq.o
  CC      fs/ramfs/file-mmu.o
  CC      lib/string_helpers.o
  CC      drivers/irqchip/irq-mst-intc.o
  CC      lib/hexdump.o
  CC      kernel/bpf/token.o
  AR      fs/ramfs/built-in.a
  CC      fs/nls/nls_base.o
  CC      lib/kstrtox.o
  AR      drivers/irqchip/built-in.a
  CC      drivers/bus/arm-cci.o
  CC      lib/math/div64.o
  CC      fs/nls/nls_utf8.o
  CC      lib/math/gcd.o
  CC      kernel/bpf/liveness.o
  CC      lib/math/lcm.o
  CC      fs/nls/nls_cp1255.o
  CC      lib/math/int_log.o
  CC      drivers/bus/simple-pm-bus.o
  CC      lib/math/int_pow.o
  CC      lib/math/int_sqrt.o
  CC      lib/math/reciprocal_div.o
  CC      fs/nls/nls_koi8-r.o
  CC      lib/math/rational.o
  AR      drivers/bus/built-in.a
  CC      drivers/phy/phy-core.o
  AR      lib/math/built-in.a
  CC      fs/nls/mac-gaelic.o
  CC      lib/crc/crc16.o
  CC      kernel/bpf/const_fold.o
  CC      lib/crc/crc32-main.o
  AR      fs/nls/built-in.a
  CC      fs/unicode/utf8-norm.o
  CC      drivers/phy/mediatek/phy-mtk-pcie.o
  AR      lib/crc/built-in.a
  CC      lib/crypto/memneq.o
  CC      fs/unicode/utf8-core.o
  CC      kernel/bpf/bpf_iter.o
  CC      lib/crypto/utils.o
  AR      drivers/phy/mediatek/built-in.a
  COPY    fs/unicode/utf8data.c
  CC      fs/unicode/utf8data.o
  AR      drivers/phy/built-in.a
  CC      drivers/pinctrl/core.o
  CC      lib/crypto/aes.o
  AR      fs/unicode/built-in.a
  CC      fs/debugfs/inode.o
  CC      kernel/bpf/map_iter.o
  AS      lib/crypto/arm64/aes-cipher-core.o
  CC      drivers/pinctrl/pinctrl-utils.o
  AS      lib/crypto/arm64/aes-ce-core.o
  AS      lib/crypto/arm64/aes-ce.o
  AS      lib/crypto/arm64/aes-neon.o
  CC      lib/crypto/blake2s.o
  CC      fs/debugfs/file.o
  CC      drivers/pinctrl/pinmux.o
  CC      kernel/bpf/task_iter.o
  CC      lib/crypto/chacha-block-generic.o
  CC      lib/crypto/sha256.o
  CC      drivers/pinctrl/pinconf.o
  AR      fs/debugfs/built-in.a
  CC      fs/eventpoll.o
  CC      kernel/bpf/prog_iter.o
  AS      lib/crypto/arm64/sha256-ce.o
  CC      drivers/pinctrl/pinconf-generic.o
  CC      lib/crypto/sha3.o
  CC      drivers/pinctrl/devicetree.o
  AS      lib/crypto/arm64/sha3-ce-core.o
  CC      kernel/bpf/link_iter.o
  CC      lib/crypto/mpi/generic_mpih-lshift.o
  AR      fs/built-in.a
  CC      drivers/pinctrl/mediatek/mtk-eint.o
  CC      drivers/pinctrl/renesas/core.o
  CC      lib/crypto/mpi/generic_mpih-mul1.o
  CC      kernel/bpf/hashtab.o
  CC      drivers/pinctrl/mediatek/pinctrl-mtk-common.o
  CC      lib/crypto/mpi/generic_mpih-mul2.o
  CC      drivers/pinctrl/renesas/pinctrl.o
  CC      lib/crypto/mpi/generic_mpih-mul3.o
  CC      drivers/pinctrl/mediatek/pinctrl-mtk-common-v2.o
  CC      drivers/pinctrl/renesas/pfc-r8a7796.o
  CC      drivers/pinctrl/renesas/pfc-r8a77965.o
  CC      kernel/bpf/arraymap.o
  CC      lib/crypto/mpi/generic_mpih-rshift.o
  CC      drivers/pinctrl/mediatek/pinctrl-moore.o
  CC      drivers/pinctrl/renesas/pfc-r8a77990.o
  CC      drivers/pinctrl/renesas/pfc-r8a77951.o
  CC      lib/crypto/mpi/generic_mpih-sub1.o
  CC      drivers/pinctrl/mediatek/pinctrl-paris.o
  CC      drivers/pinctrl/renesas/pfc-r8a77970.o
  CC      kernel/bpf/percpu_freelist.o
  CC      lib/crypto/mpi/generic_mpih-add1.o
  CC      kernel/bpf/bpf_lru_list.o
  CC      drivers/pinctrl/renesas/pfc-r8a77980.o
  CC      drivers/pinctrl/mediatek/pinctrl-mt6795.o
  CC      lib/crypto/mpi/mpicoder.o
  CC      kernel/bpf/lpm_trie.o
  CC      drivers/pinctrl/renesas/pfc-r8a77995.o
  CC      drivers/pinctrl/mediatek/pinctrl-mt6878.o
  CC      lib/crypto/mpi/mpi-add.o
  CC      drivers/pinctrl/renesas/pfc-r8a779a0.o
  CC      kernel/bpf/map_in_map.o
  CC      lib/crypto/mpi/mpi-bit.o
  CC      drivers/pinctrl/renesas/pfc-r8a779f0.o
  CC      drivers/pinctrl/mediatek/pinctrl-mt7988.o
  CC      drivers/pinctrl/renesas/pfc-r8a779g0.o
  CC      lib/crypto/mpi/mpi-cmp.o
  CC      kernel/bpf/bloom_filter.o
  CC      drivers/pinctrl/mediatek/pinctrl-mt8167.o
  CC      drivers/pinctrl/renesas/pfc-r8a779h0.o
  CC      lib/crypto/mpi/mpi-sub-ui.o
  CC      drivers/pinctrl/mediatek/pinctrl-mt8188.o
  CC      kernel/bpf/local_storage.o
  CC      drivers/pinctrl/renesas/pinctrl-rzg2l.o
  CC      lib/crypto/mpi/mpi-div.o
  CC      drivers/pinctrl/mediatek/pinctrl-mt2712.o
  CC      lib/crypto/mpi/mpi-mod.o
  CC      kernel/bpf/queue_stack_maps.o
  CC      drivers/pinctrl/mediatek/pinctrl-mt6765.o
  CC      lib/crypto/mpi/mpi-mul.o
  CC      kernel/bpf/ringbuf.o
  CC      drivers/pinctrl/mediatek/pinctrl-mt6779.o
  CC      lib/crypto/mpi/mpih-cmp.o
  CC      drivers/pinctrl/mediatek/pinctrl-mt6797.o
  CC      kernel/bpf/bpf_insn_array.o
  CC      lib/crypto/mpi/mpih-div.o
  CC      drivers/pinctrl/mediatek/pinctrl-mt6893.o
  CC      kernel/bpf/bpf_local_storage.o
  CC      lib/crypto/mpi/mpih-mul.o
  CC      drivers/pinctrl/mediatek/pinctrl-mt7622.o
  CC      lib/crypto/mpi/mpi-pow.o
  CC      drivers/pinctrl/mediatek/pinctrl-mt7981.o
  CC      kernel/bpf/bpf_task_storage.o
  CC      lib/crypto/mpi/mpiutil.o
  CC      drivers/pinctrl/renesas/pinctrl-rzt2h.o
  CC      drivers/pinctrl/mediatek/pinctrl-mt7986.o
  AR      lib/crypto/mpi/built-in.a
  AR      lib/crypto/built-in.a
  CC      lib/vdso/datastore.o
  CC      kernel/bpf/fixups.o
  CC      drivers/pinctrl/renesas/pinctrl-rzv2m.o
  CC      drivers/pinctrl/mediatek/pinctrl-mt8173.o
  AR      lib/vdso/built-in.a
  CC      lib/iomap_copy.o
  CC      drivers/pinctrl/mediatek/pinctrl-mt8183.o
  AR      drivers/pinctrl/renesas/built-in.a
  CC      drivers/pinctrl/mediatek/pinctrl-mt8186.o
  CC      lib/devres.o
  CC      kernel/bpf/cfg.o
  CC      kernel/bpf/states.o
  CC      drivers/pinctrl/mediatek/pinctrl-mt8189.o
  CC      lib/cache_maint.o
  CC      lib/hweight.o
  CC      drivers/pinctrl/mediatek/pinctrl-mt8192.o
  CC      lib/xxhash.o
  CC      kernel/bpf/backtrack.o
  CC      drivers/pinctrl/tegra/pinctrl-tegra.o
  CC      lib/genalloc.o
  CC      drivers/pinctrl/mediatek/pinctrl-mt8195.o
  CC      drivers/pinctrl/tegra/pinctrl-tegra124.o
  CC      kernel/bpf/check_btf.o
  CC      drivers/pinctrl/mediatek/pinctrl-mt8196.o
  CC      lib/zlib_inflate/inffast.o
  CC      lib/zlib_inflate/inflate.o
  CC      drivers/pinctrl/tegra/pinctrl-tegra210.o
  CC      lib/zlib_inflate/infutil.o
  CC      kernel/bpf/disasm.o
  CC      lib/zlib_inflate/inftrees.o
  CC      drivers/pinctrl/tegra/pinctrl-tegra186.o
  CC      drivers/pinctrl/mediatek/pinctrl-mt8365.o
  CC      lib/zlib_inflate/inflate_syms.o
  AR      lib/zlib_inflate/built-in.a
  CC      lib/lzo/lzo1x_decompress_safe.o
  CC      kernel/bpf/mprog.o
  CC      drivers/pinctrl/tegra/pinctrl-tegra194.o
  CC      drivers/pinctrl/mediatek/pinctrl-mt8516.o
  AR      lib/lzo/built-in.a
  CC      lib/lz4/lz4hc_compress.o
  CC      drivers/pinctrl/tegra/pinctrl-tegra234.o
  AR      drivers/pinctrl/mediatek/built-in.a
  CC      kernel/bpf/btf.o
  CC      lib/zstd/zstd_decompress_module.o
  CC      lib/zstd/decompress/huf_decompress.o
  CC      drivers/pinctrl/tegra/pinctrl-tegra238.o
  CC      lib/lz4/lz4_decompress.o
  CC      drivers/pinctrl/tegra/pinctrl-tegra264.o
  CC      lib/zstd/decompress/zstd_ddict.o
  CC      lib/zstd/decompress/zstd_decompress.o
  CC      drivers/pinctrl/tegra/pinctrl-tegra-xusb.o
  CC      lib/lz4/lz4_compress.o
  CC      lib/zstd/decompress/zstd_decompress_block.o
  CC      kernel/bpf/memalloc.o
  CC      lib/zstd/zstd_common_module.o
  AR      drivers/pinctrl/tegra/built-in.a
  AR      drivers/pinctrl/built-in.a
  CC      drivers/gpio/gpiolib.o
  AR      lib/lz4/built-in.a
  CC      lib/xz/xz_dec_syms.o
  CC      lib/zstd/common/debug.o
  CC      lib/zstd/common/entropy_common.o
  CC      lib/zstd/common/error_private.o
  CC      lib/zstd/common/fse_decompress.o
  CC      lib/xz/xz_dec_stream.o
  CC      kernel/bpf/rqspinlock.o
  CC      lib/zstd/common/zstd_common.o
  AR      lib/zstd/built-in.a
  CC      lib/percpu_counter.o
  CC      lib/xz/xz_dec_lzma2.o
  CC      lib/syscall.o
  CC      drivers/gpio/gpiolib-devres.o
  CC      kernel/bpf/stream.o
  CC      lib/xz/xz_dec_bcj.o
  CC      kernel/bpf/arena.o
  AR      lib/xz/built-in.a
  CC      lib/checksum.o
  CC      drivers/gpio/gpiolib-legacy.o
  CC      lib/glob.o
  CC      lib/strncpy_from_user.o
  CC      drivers/gpio/gpiolib-of.o
  CC      kernel/bpf/range_tree.o
  CC      kernel/bpf/stackmap.o
  CC      lib/strnlen_user.o
  CC      drivers/gpio/gpiolib-cdev.o
  CC      lib/stackdepot.o
  CC      lib/asn1_decoder.o
  CC      kernel/bpf/crypto.o
  CC      lib/group_cpus.o
  CC      drivers/gpio/gpiolib-swnode.o
  CC      drivers/gpio/gpio-mmio.o
  CC      lib/devmem_is_allowed.o
  CC      kernel/bpf/relo_core.o
  CC      drivers/gpio/gpio-cadence.o
  CC      drivers/gpio/gpio-gw-pld.o
  CC      lib/test_free_pages.o
  CC      drivers/gpio/gpio-rcar.o
  CC      drivers/gpio/gpio-tegra186.o
  CC      kernel/bpf/btf_iter.o
  CC      lib/fault-inject.o
  CC      drivers/gpio/gpio-tegra.o
  CC      kernel/bpf/btf_relocate.o
  CC      kernel/bpf/kmem_cache_iter.o
  AR      lib/lib.a
  AR      lib/built-in.a
  CC      kernel/events/core.o
  AR      drivers/gpio/built-in.a
  CC      drivers/pci/of.o
  CC      kernel/events/ring_buffer.o
  AR      kernel/bpf/built-in.a
  CC      kernel/jump_label.o
  AR      drivers/pci/built-in.a
  CC      drivers/video/console/dummycon.o
  CC      kernel/context_tracking.o
  CC      kernel/events/callchain.o
  AR      drivers/video/console/built-in.a
  CC      drivers/video/backlight/backlight.o
  CC      kernel/torture.o
  CC      kernel/events/hw_breakpoint.o
  CC      drivers/video/backlight/gpio_backlight.o
  CC      kernel/iomem.o
  AR      drivers/video/backlight/built-in.a
  CC      drivers/video/fbdev/core/fb_notify.o
  CC      drivers/video/fbdev/core/fb_info.o
  AR      kernel/events/built-in.a
  CC      kernel/rseq.o
  CC      drivers/video/fbdev/core/fbmem.o
  CC      drivers/video/fbdev/core/fbcmap.o
  CC      drivers/video/fbdev/core/modedb.o
  AR      kernel/built-in.a
  CC      drivers/video/fbdev/core/fbcvt.o
  CC      drivers/video/fbdev/core/fb_cmdline.o
  CC      drivers/video/fbdev/core/fb_backlight.o
  CC      drivers/video/fbdev/core/fbmon.o
  CC      drivers/video/fbdev/core/fb_chrdev.o
  CC      drivers/video/fbdev/core/fb_procfs.o
  CC      drivers/video/fbdev/core/fbsysfs.o
  CC      drivers/video/cmdline.o
  CC      drivers/video/nomodeset.o
  CC      drivers/amba/bus.o
  AR      drivers/video/fbdev/core/built-in.a
  AR      drivers/video/fbdev/built-in.a
  CC      drivers/amba/tegra-ahb.o
  AR      drivers/video/built-in.a
  CC      drivers/clk/clk-devres.o
  CC      drivers/soc/litex/litex_soc_ctrl.o
  AR      drivers/amba/built-in.a
  CC      drivers/pmdomain/mediatek/mtk-mfg-pmdomain.o
  CC      drivers/reset/core.o
  CC      drivers/clk/clk-bulk.o
  AR      drivers/soc/litex/built-in.a
  CC      drivers/soc/mediatek/mtk-infracfg.o
  CC      drivers/clk/clkdev.o
  CC      drivers/soc/mediatek/mtk-mmsys.o
  CC      drivers/pmdomain/mediatek/mtk-scpsys.o
  CC      drivers/reset/reset-tps380x.o
  CC      drivers/clk/clk.o
  CC      drivers/soc/mediatek/mtk-mutex.o
  AR      drivers/reset/built-in.a
  CC      drivers/pmdomain/mediatek/mtk-pm-domains.o
  CC      drivers/tty/tty_io.o
  AR      drivers/soc/mediatek/built-in.a
  CC      drivers/soc/renesas/renesas-soc.o
  CC      drivers/clk/clk-divider.o
  AR      drivers/pmdomain/mediatek/built-in.a
  CC      drivers/soc/renesas/r9a08g045-sysc.o
  CC      drivers/pmdomain/renesas/r8a774a1-sysc.o
  CC      drivers/pmdomain/renesas/r8a774b1-sysc.o
  CC      drivers/tty/n_tty.o
  CC      drivers/pmdomain/renesas/r8a774c0-sysc.o
  CC      drivers/clk/clk-fixed-factor.o
  CC      drivers/soc/renesas/r9a08g046-sysc.o
  CC      drivers/pmdomain/renesas/r8a774e1-sysc.o
  CC      drivers/clk/clk-fixed-rate.o
  CC      drivers/pmdomain/renesas/r8a7795-sysc.o
  CC      drivers/soc/renesas/r9a09g047-sys.o
  CC      drivers/tty/tty_ioctl.o
  CC      drivers/pmdomain/renesas/r8a77960-sysc.o
  CC      drivers/clk/clk-gate.o
  CC      drivers/pmdomain/renesas/r8a77961-sysc.o
  CC      drivers/soc/renesas/r9a09g056-sys.o
  CC      drivers/pmdomain/renesas/r8a77965-sysc.o
  CC      drivers/pmdomain/renesas/r8a77970-sysc.o
  CC      drivers/tty/tty_ldisc.o
  CC      drivers/pmdomain/renesas/r8a77980-sysc.o
  CC      drivers/pmdomain/renesas/r8a77990-sysc.o
  CC      drivers/clk/clk-multiplier.o
  CC      drivers/soc/renesas/r9a09g057-sys.o
  CC      drivers/clk/clk-mux.o
  CC      drivers/pmdomain/renesas/r8a77995-sysc.o
  CC      drivers/tty/tty_buffer.o
  CC      drivers/soc/renesas/pwc-rzv2m.o
  CC      drivers/pmdomain/renesas/r8a779a0-sysc.o
  CC      drivers/pmdomain/renesas/r8a779f0-sysc.o
  CC      drivers/pmdomain/renesas/r8a779g0-sysc.o
  CC      drivers/pmdomain/renesas/r8a779h0-sysc.o
  CC      drivers/tty/tty_port.o
  CC      drivers/clk/clk-composite.o
  CC      drivers/soc/renesas/rcar-rst.o
  CC      drivers/pmdomain/renesas/rcar-sysc.o
  CC      drivers/clk/clk-fractional-divider.o
  CC      drivers/soc/renesas/rz-sysc.o
  CC      drivers/pmdomain/renesas/rcar-gen4-sysc.o
  CC      drivers/tty/tty_mutex.o
  CC      drivers/clk/clk-gpio.o
  CC      drivers/soc/renesas/rcar-mfis.o
  CC      drivers/tty/tty_ldsem.o
  AR      drivers/pmdomain/renesas/built-in.a
  CC      drivers/pmdomain/core.o
  AR      drivers/soc/renesas/built-in.a
  CC      drivers/tty/tty_baudrate.o
  CC      drivers/soc/tegra/fuse/fuse-tegra.o
  CC      drivers/clk/clk-conf.o
  CC      drivers/tty/tty_jobctrl.o
  CC      drivers/clk/clk-cdce925.o
  CC      drivers/pmdomain/governor.o
  CC      drivers/soc/tegra/fuse/fuse-tegra30.o
  CC      drivers/tty/n_null.o
  AR      drivers/pmdomain/built-in.a
  CC      drivers/tty/pty.o
  CC      drivers/tty/vt/vt_ioctl.o
  CC      drivers/soc/tegra/fuse/tegra-apbmisc.o
  CC      drivers/clk/mediatek/clk-mtk.o
  CC      drivers/clk/mediatek/clk-pll.o
  CC      drivers/soc/tegra/fuse/speedo-tegra124.o
  CC      drivers/clk/mediatek/clk-gate.o
  CC      drivers/tty/vt/vc_screen.o
  CC      drivers/soc/tegra/fuse/speedo-tegra210.o
  CC      drivers/clk/mediatek/clk-apmixed.o
  CC      drivers/clk/mediatek/clk-cpumux.o
  CC      drivers/tty/vt/selection.o
  CC      drivers/clk/mediatek/reset.o
  AR      drivers/soc/tegra/fuse/built-in.a
  CC      drivers/soc/tegra/cbb/tegra-cbb.o
  CC      drivers/soc/tegra/common.o
  CC      drivers/tty/vt/keyboard.o
  CC      drivers/clk/mediatek/clk-mux.o
  CC      drivers/tty/serial/serial_core.o
  CC      drivers/soc/tegra/cbb/tegra194-cbb.o
  CC      drivers/clk/mediatek/clk-fhctl.o
  CC      drivers/tty/vt/vt.o
  CC      drivers/soc/tegra/cbb/tegra234-cbb.o
  CC      drivers/clk/mediatek/clk-pllfh.o
  CC      drivers/tty/serial/serial_base_bus.o
  AR      drivers/soc/tegra/cbb/built-in.a
  CC      drivers/soc/tegra/flowctrl.o
  CC      drivers/clk/mediatek/clk-mt6765.o
  CC      drivers/tty/serial/serial_ctrl.o
  CC      drivers/tty/vt/defkeymap.o
  CC      drivers/soc/tegra/pmc.o
  CC      drivers/tty/vt/consolemap.o
  CC      drivers/clk/mediatek/clk-mt6779.o
  CC      drivers/tty/serial/serial_port.o
  CC      drivers/clk/mediatek/clk-mt6795-apmixedsys.o
  CC      drivers/tty/serial/earlycon.o
  CC      drivers/tty/vt/consolemap_deftbl.o
  CC      drivers/tty/vt/ucs.o
  CC      drivers/soc/tegra/ari-tegra186.o
  AR      drivers/tty/vt/built-in.a
  CC      drivers/tty/serial/amba-pl011.o
  CC      drivers/clk/mediatek/clk-mt6795-infracfg.o
  AR      drivers/soc/tegra/built-in.a
  AR      drivers/soc/built-in.a
  CC      drivers/tty/serial/xilinx_uartps.o
  CC      drivers/char/mem.o
  CC      drivers/clk/mediatek/clk-mt6795-pericfg.o
  CC      drivers/tty/serial/tegra-utc.o
  CC      drivers/char/random.o
  CC      drivers/char/misc.o
  CC      drivers/clk/mediatek/clk-mt6795-topckgen.o
  AR      drivers/tty/serial/built-in.a
  AR      drivers/tty/built-in.a
  AR      drivers/iommu/built-in.a
  CC      drivers/clk/mediatek/clk-mt6795-mfg.o
  CC      drivers/clk/mediatek/clk-mt6795-mm.o
  CC      drivers/clk/mediatek/clk-mt6795-vdecsys.o
  AR      drivers/char/built-in.a
  CC      drivers/clk/mediatek/clk-mt6795-vencsys.o
  CC      drivers/clk/mediatek/clk-mt6797.o
  CC      drivers/clk/mediatek/clk-mt6797-venc.o
  AR      drivers/gpu/built-in.a
  CC      drivers/base/component.o
  CC      drivers/clk/mediatek/clk-mt2712-apmixedsys.o
  CC      drivers/clk/mediatek/clk-mt2712.o
  CC      drivers/clk/mediatek/clk-mt7622-apmixedsys.o
  CC      drivers/base/core.o
  CC      drivers/clk/mediatek/clk-mt7622.o
  CC      drivers/clk/mediatek/clk-mt7622-infracfg.o
  CC      drivers/base/bus.o
  CC      drivers/clk/mediatek/clk-mt7981-apmixed.o
  CC      drivers/clk/mediatek/clk-mt7981-topckgen.o
  CC      drivers/clk/mediatek/clk-mt7981-infracfg.o
  CC      drivers/base/dd.o
  CC      drivers/base/syscore.o
  CC      drivers/clk/mediatek/clk-mt7981-eth.o
  CC      drivers/clk/mediatek/clk-mt7986-apmixed.o
  CC      drivers/base/driver.o
  CC      drivers/clk/mediatek/clk-mt7986-topckgen.o
  CC      drivers/base/class.o
  CC      drivers/clk/mediatek/clk-mt7986-infracfg.o
  CC      drivers/base/platform.o
  CC      drivers/clk/mediatek/clk-mt7986-eth.o
  CC      drivers/clk/mediatek/clk-mt7988-apmixed.o
  CC      drivers/base/cpu.o
  CC      drivers/base/firmware.o
  CC      drivers/clk/mediatek/clk-mt7988-topckgen.o
  CC      drivers/clk/mediatek/clk-mt7988-infracfg.o
  CC      drivers/base/init.o
  CC      drivers/base/map.o
  CC      drivers/clk/mediatek/clk-mt7988-eth.o
  CC      drivers/clk/mediatek/clk-mt7988-xfipll.o
  CC      drivers/base/devres.o
  CC      drivers/base/attribute_container.o
  CC      drivers/clk/mediatek/clk-mt8167-apmixedsys.o
  CC      drivers/clk/mediatek/clk-mt8167.o
  CC      drivers/base/transport_class.o
  CC      drivers/base/topology.o
  CC      drivers/clk/mediatek/clk-mt8167-aud.o
  CC      drivers/clk/mediatek/clk-mt8167-img.o
  CC      drivers/base/container.o
  CC      drivers/base/property.o
  CC      drivers/clk/mediatek/clk-mt8167-mfgcfg.o
  CC      drivers/clk/mediatek/clk-mt8167-mm.o
  CC      drivers/base/cacheinfo.o
  CC      drivers/clk/mediatek/clk-mt8167-vdec.o
  CC      drivers/clk/mediatek/clk-mt8173-apmixedsys.o
  CC      drivers/base/swnode.o
  CC      drivers/base/faux.o
  CC      drivers/clk/mediatek/clk-mt8173-infracfg.o
  CC      drivers/clk/mediatek/clk-mt8173-pericfg.o
  CC      drivers/base/power/sysfs.o
  CC      drivers/base/firmware_loader/builtin/main.o
  CC      drivers/clk/mediatek/clk-mt8173-topckgen.o
  CC      drivers/clk/mediatek/clk-mt8173-img.o
  AR      drivers/base/firmware_loader/builtin/built-in.a
  AR      drivers/base/firmware_loader/built-in.a
  CC      drivers/base/regmap/regmap.o
  CC      drivers/base/power/generic_ops.o
  CC      drivers/base/regmap/regcache.o
  CC      drivers/clk/mediatek/clk-mt8173-mm.o
  CC      drivers/base/power/common.o
  CC      drivers/clk/mediatek/clk-mt8173-vdecsys.o
  CC      drivers/base/regmap/regcache-rbtree.o
  CC      drivers/base/regmap/regcache-flat.o
  CC      drivers/base/power/qos.o
  CC      drivers/clk/mediatek/clk-mt8173-vencsys.o
  CC      drivers/base/regmap/regcache-maple.o
  CC      drivers/base/power/runtime.o
  CC      drivers/clk/mediatek/clk-mt8183-apmixedsys.o
  CC      drivers/base/regmap/regmap-debugfs.o
  CC      drivers/clk/mediatek/clk-mt8183.o
  CC      drivers/base/power/wakeirq.o
  CC      drivers/clk/mediatek/clk-mt8183-audio.o
  CC      drivers/base/regmap/regmap-i2c.o
  CC      drivers/clk/mediatek/clk-mt8183-cam.o
  CC      drivers/base/power/clock_ops.o
  CC      drivers/base/regmap/regmap-mmio.o
  CC      drivers/clk/mediatek/clk-mt8183-img.o
  CC      drivers/base/regmap/regmap-irq.o
  AR      drivers/base/power/built-in.a
  CC      drivers/base/soc.o
  CC      drivers/base/pinctrl.o
  CC      drivers/clk/mediatek/clk-mt8183-ipu0.o
  CC      drivers/base/platform-msi.o
  CC      drivers/clk/mediatek/clk-mt8183-ipu1.o
  CC      drivers/base/regmap/regmap-w1.o
  CC      drivers/clk/mediatek/clk-mt8183-ipu_adl.o
  CC      drivers/base/arch_topology.o
  CC      drivers/clk/mediatek/clk-mt8183-ipu_conn.o
  AR      drivers/base/regmap/built-in.a
  CC      drivers/clk/mediatek/clk-mt8183-mfgcfg.o
  CC      drivers/clk/mediatek/clk-mt8183-mm.o
  CC      drivers/clk/mediatek/clk-mt8183-vdec.o
  CC      drivers/clk/mediatek/clk-mt8183-venc.o
  AR      drivers/base/built-in.a
  CC      drivers/clk/mediatek/clk-mt8186-apmixedsys.o
  CC      drivers/mfd/sm501.o
  CC      drivers/clk/mediatek/clk-mt8186-topckgen.o
  CC      drivers/clk/mediatek/clk-mt8186-infra_ao.o
  CC      drivers/clk/mediatek/clk-mt8186-cam.o
  CC      drivers/clk/mediatek/clk-mt8186-img.o
  CC      drivers/mfd/tps65218.o
  CC      drivers/clk/mediatek/clk-mt8186-imp_iic_wrap.o
  CC      drivers/clk/mediatek/clk-mt8186-ipe.o
  CC      drivers/clk/mediatek/clk-mt8186-mcu.o
  CC      drivers/clk/mediatek/clk-mt8186-mdp.o
  CC      drivers/mfd/mfd-core.o
  CC      drivers/clk/mediatek/clk-mt8186-mfg.o
  CC      drivers/clk/mediatek/clk-mt8186-mm.o
  CC      drivers/clk/mediatek/clk-mt8186-vdec.o
  CC      drivers/clk/mediatek/clk-mt8186-venc.o
  CC      drivers/mfd/max77650.o
  CC      drivers/clk/mediatek/clk-mt8186-wpe.o
  CC      drivers/clk/mediatek/clk-mt8188-apmixedsys.o
  CC      drivers/clk/mediatek/clk-mt8188-topckgen.o
  CC      drivers/clk/mediatek/clk-mt8188-peri_ao.o
  CC      drivers/mfd/atmel-flexcom.o
  CC      drivers/clk/mediatek/clk-mt8188-infra_ao.o
  CC      drivers/clk/mediatek/clk-mt8188-adsp_audio26m.o
  CC      drivers/clk/mediatek/clk-mt8188-cam.o
  CC      drivers/mfd/syscon.o
  CC      drivers/clk/mediatek/clk-mt8188-ccu.o
  CC      drivers/mfd/88pm860x-core.o
  CC      drivers/mfd/88pm860x-i2c.o
  CC      drivers/mfd/stmpe.o
  CC      drivers/clk/mediatek/clk-mt8188-img.o
  CC      drivers/mfd/stmpe-i2c.o
  CC      drivers/mfd/wm8350-core.o
  CC      drivers/clk/mediatek/clk-mt8188-imp_iic_wrap.o
  CC      drivers/mfd/wm8350-regmap.o
  CC      drivers/clk/mediatek/clk-mt8188-ipe.o
  CC      drivers/clk/mediatek/clk-mt8188-mfg.o
  CC      drivers/mfd/wm8350-gpio.o
  CC      drivers/mfd/wm8350-irq.o
  CC      drivers/clk/mediatek/clk-mt8188-vdec.o
  CC      drivers/mfd/wm8350-i2c.o
  CC      drivers/clk/mediatek/clk-mt8188-vdo0.o
  CC      drivers/mfd/da9063-core.o
  CC      drivers/clk/mediatek/clk-mt8188-vdo1.o
  CC      drivers/mfd/da9063-irq.o
  CC      drivers/clk/mediatek/clk-mt8188-venc.o
  CC      drivers/mfd/da9063-i2c.o
  CC      drivers/clk/mediatek/clk-mt8188-vpp0.o
  CC      drivers/mfd/max77686.o
  CC      drivers/clk/mediatek/clk-mt8188-vpp1.o
  CC      drivers/mfd/palmas.o
  CC      drivers/clk/mediatek/clk-mt8188-wpe.o
  CC      drivers/clk/mediatek/clk-mt8192-apmixedsys.o
  CC      drivers/mfd/ntxec.o
  CC      drivers/clk/mediatek/clk-mt8192.o
  CC      drivers/clk/mediatek/clk-mt8192-aud.o
  CC      drivers/clk/renesas/r8a774a1-cpg-mssr.o
  CC      drivers/clk/renesas/r8a774b1-cpg-mssr.o
  CC      drivers/clk/mediatek/clk-mt8192-cam.o
  AR      drivers/mfd/built-in.a
  CC      drivers/clk/mediatek/clk-mt8192-img.o
  CC      drivers/clk/renesas/r8a774c0-cpg-mssr.o
  CC      drivers/clk/renesas/r8a774e1-cpg-mssr.o
  CC      drivers/auxdisplay/img-ascii-lcd.o
  CC      drivers/clk/mediatek/clk-mt8192-imp_iic_wrap.o
  CC      drivers/clk/renesas/r8a7795-cpg-mssr.o
  CC      drivers/clk/renesas/r8a7796-cpg-mssr.o
  CC      drivers/auxdisplay/line-display.o
  CC      drivers/clk/renesas/r8a77965-cpg-mssr.o
  CC      drivers/clk/renesas/r8a77970-cpg-mssr.o
  CC      drivers/clk/mediatek/clk-mt8192-ipe.o
  AR      drivers/auxdisplay/built-in.a
  CC      drivers/input/serio/serio.o
  CC      drivers/clk/renesas/r8a77980-cpg-mssr.o
  CC      drivers/clk/mediatek/clk-mt8192-mdp.o
  CC      drivers/clk/renesas/r8a77990-cpg-mssr.o
  CC      drivers/input/serio/serport.o
  CC      drivers/input/input.o
  CC      drivers/clk/renesas/r8a77995-cpg-mssr.o
  CC      drivers/clk/mediatek/clk-mt8192-mfg.o
  CC      drivers/clk/renesas/r8a779a0-cpg-mssr.o
  CC      drivers/input/serio/libps2.o
  CC      drivers/input/input-compat.o
  CC      drivers/clk/mediatek/clk-mt8192-mm.o
  CC      drivers/clk/renesas/r8a779f0-cpg-mssr.o
  CC      drivers/input/input-mt.o
  AR      drivers/input/serio/built-in.a
  CC      drivers/clk/renesas/r8a779g0-cpg-mssr.o
  CC      drivers/clk/mediatek/clk-mt8192-msdc.o
  CC      drivers/clk/mediatek/clk-mt8192-scp_adsp.o
  CC      drivers/input/input-poller.o
  CC      drivers/clk/renesas/r8a779h0-cpg-mssr.o
  CC      drivers/clk/renesas/r9a07g043-cpg.o
  CC      drivers/clk/mediatek/clk-mt8192-vdec.o
  CC      drivers/input/ff-core.o
  CC      drivers/clk/renesas/r9a07g044-cpg.o
  CC      drivers/clk/renesas/r9a08g045-cpg.o
  CC      drivers/clk/renesas/r9a08g046-cpg.o
  CC      drivers/input/touchscreen.o
  CC      drivers/clk/mediatek/clk-mt8192-venc.o
  CC      drivers/clk/renesas/r9a09g011-cpg.o
  CC      drivers/input/touch-overlay.o
  CC      drivers/clk/renesas/r9a09g047-cpg.o
  CC      drivers/clk/mediatek/clk-mt8195-apmixedsys.o
  CC      drivers/clk/renesas/r9a09g056-cpg.o
  CC      drivers/input/sparse-keymap.o
  CC      drivers/clk/mediatek/clk-mt8195-topckgen.o
  CC      drivers/input/vivaldi-fmap.o
  CC      drivers/clk/mediatek/clk-mt8195-peri_ao.o
  CC      drivers/i2c/i2c-boardinfo.o
  CC      drivers/input/mousedev.o
  CC      drivers/clk/renesas/r9a09g057-cpg.o
  CC      drivers/clk/mediatek/clk-mt8195-infra_ao.o
  CC      drivers/input/keyboard/atkbd.o
  CC      drivers/i2c/i2c-core-base.o
  CC      drivers/clk/mediatek/clk-mt8195-apusys_pll.o
  AR      drivers/input/keyboard/built-in.a
  CC      drivers/input/mouse/psmouse-base.o
  CC      drivers/clk/renesas/r9a09g077-cpg.o
  CC      drivers/clk/mediatek/clk-mt8195-cam.o
  CC      drivers/i2c/i2c-core-smbus.o
  CC      drivers/clk/mediatek/clk-mt8195-ccu.o
  CC      drivers/clk/renesas/rcar-cpg-lib.o
  CC      drivers/input/mouse/synaptics.o
  CC      drivers/i2c/i2c-core-slave.o
  CC      drivers/clk/mediatek/clk-mt8195-img.o
  CC      drivers/clk/renesas/rcar-gen3-cpg.o
  CC      drivers/clk/renesas/rcar-gen4-cpg.o
  CC      drivers/i2c/i2c-core-of.o
  CC      drivers/clk/mediatek/clk-mt8195-imp_iic_wrap.o
  CC      drivers/input/mouse/focaltech.o
  CC      drivers/clk/renesas/rzg2l-cpg.o
  CC      drivers/clk/mediatek/clk-mt8195-ipe.o
  CC      drivers/i2c/i2c-core-of-prober.o
  CC      drivers/input/mouse/alps.o
  CC      drivers/clk/mediatek/clk-mt8195-mfg.o
  CC      drivers/i2c/i2c-mux.o
  CC      drivers/clk/renesas/rzv2h-cpg.o
  CC      drivers/input/mouse/byd.o
  CC      drivers/clk/mediatek/clk-mt8195-scp_adsp.o
  CC      drivers/i2c/busses/i2c-tegra.o
  CC      drivers/clk/mediatek/clk-mt8195-vdec.o
  CC      drivers/input/mouse/logips2pp.o
  CC      drivers/clk/renesas/renesas-cpg-mssr.o
  CC      drivers/clk/mediatek/clk-mt8195-vdo0.o
  CC      drivers/input/mouse/trackpoint.o
  AR      drivers/i2c/busses/built-in.a
  AR      drivers/i2c/built-in.a
  CC      drivers/clk/renesas/clk-div6.o
  CC      drivers/i3c/master/dw-i3c-master.o
  CC      drivers/clk/mediatek/clk-mt8195-vdo1.o
  CC      drivers/input/mouse/cypress_ps2.o
  AR      drivers/clk/renesas/built-in.a
  CC      drivers/clk/tegra/clk.o
  CC      drivers/clk/mediatek/clk-mt8195-venc.o
  CC      drivers/input/mouse/psmouse-smbus.o
  AR      drivers/i3c/master/built-in.a
  CC      drivers/i3c/device.o
  CC      drivers/clk/tegra/clk-audio-sync.o
  CC      drivers/clk/mediatek/clk-mt8195-vpp0.o
  CC      drivers/clk/tegra/clk-device.o
  CC      drivers/i3c/master.o
  AR      drivers/input/mouse/built-in.a
  AR      drivers/input/built-in.a
  CC      drivers/clk/mediatek/clk-mt8195-vpp1.o
  CC      drivers/clk/tegra/clk-dfll.o
  CC      drivers/clk/mediatek/clk-mt8195-wpe.o
  CC      drivers/clk/tegra/clk-divider.o
  AR      drivers/i3c/built-in.a
  CC      drivers/clk/tegra/clk-periph.o
  CC      drivers/w1/w1.o
  CC      drivers/clk/mediatek/clk-mt8196-apmixedsys.o
  CC      drivers/clk/tegra/clk-periph-fixed.o
  CC      drivers/clk/tegra/clk-periph-gate.o
  CC      drivers/clk/mediatek/clk-mt8196-topckgen.o
  CC      drivers/clk/mediatek/clk-mt8196-topckgen2.o
  CC      drivers/clk/tegra/clk-pll.o
  CC      drivers/clk/mediatek/clk-mt8196-vlpckgen.o
  CC      drivers/w1/w1_int.o
  CC      drivers/clk/mediatek/clk-mt8196-peri_ao.o
  CC      drivers/clk/tegra/clk-pll-out.o
  CC      drivers/clk/mediatek/clk-mt8196-imp_iic_wrap.o
  CC      drivers/clk/mediatek/clk-mt8196-mcu.o
  CC      drivers/w1/w1_family.o
  CC      drivers/clk/tegra/clk-sdmmc-mux.o
  CC      drivers/clk/mediatek/clk-mt8196-mdpsys.o
  CC      drivers/clk/mediatek/clk-mt8196-mfg.o
  CC      drivers/w1/w1_netlink.o
  CC      drivers/clk/tegra/clk-super.o
  CC      drivers/clk/tegra/clk-tegra-audio.o
  CC      drivers/clk/xilinx/xlnx_vcu.o
  CC      drivers/clk/mediatek/clk-mt8196-disp0.o
  CC      drivers/w1/w1_io.o
  CC      drivers/clk/tegra/clk-tegra-periph.o
  CC      drivers/clk/mediatek/clk-mt8196-disp1.o
  AR      drivers/clk/xilinx/built-in.a
  CC      drivers/clk/clk-cs2000-cp.o
  CC      drivers/w1/slaves/w1_therm.o
  CC      drivers/clk/tegra/clk-tegra-fixed.o
  CC      drivers/clk/mediatek/clk-mt8196-vdisp_ao.o
  CC      drivers/clk/tegra/clk-tegra-super-cclk.o
  CC      drivers/w1/slaves/w1_ds250x.o
  CC      drivers/clk/tegra/clk-tegra-super-gen4.o
  CC      drivers/clk/mediatek/clk-mt8196-ovl0.o
  AR      drivers/w1/slaves/built-in.a
  AR      drivers/w1/built-in.a
  CC      drivers/clk/tegra/clk-tegra124-dfll-fcpu.o
  AR      drivers/power/reset/built-in.a
  CC      drivers/power/sequencing/core.o
  CC      drivers/clk/tegra/clk-tegra124.o
  CC      drivers/clk/mediatek/clk-mt8196-ovl1.o
  AR      drivers/power/sequencing/built-in.a
  CC      drivers/clk/tegra/cvb.o
  CC      drivers/clk/tegra/clk-tegra210.o
  CC      drivers/power/supply/power_supply_core.o
  CC      drivers/power/supply/bq25890_charger.o
  CC      drivers/clk/mediatek/clk-mt8196-pextp.o
  CC      drivers/clk/tegra/clk-tegra210-emc.o
  CC      drivers/clk/tegra/clk-utils.o
  CC      drivers/clk/mediatek/clk-mt8196-ufs_ao.o
  CC      drivers/power/supply/adc-battery-helper.o
  CC      drivers/power/supply/samsung-sdi-battery.o
  AR      drivers/clk/tegra/built-in.a
  CC      drivers/power/supply/max1721x_battery.o
  CC      drivers/clk/mediatek/clk-mt8196-vdec.o
  CC      drivers/clk/mediatek/clk-mt8196-venc.o
  CC      drivers/power/supply/ug3105_battery.o
  CC      drivers/clk/mediatek/clk-mt8365-apmixedsys.o
  CC      drivers/clk/mediatek/clk-mt8365.o
  CC      drivers/clk/mediatek/clk-mt8365-apu.o
  CC      drivers/clk/mediatek/clk-mt8365-cam.o
  CC      drivers/clk/mediatek/clk-mt8365-mfg.o
  AR      drivers/power/supply/built-in.a
  AR      drivers/power/built-in.a
  CC      drivers/opp/core.o
  CC      drivers/clk/mediatek/clk-mt8365-mm.o
  CC      drivers/clk/mediatek/clk-mt8365-vdec.o
  CC      drivers/clk/mediatek/clk-mt8365-venc.o
  CC      drivers/clk/mediatek/clk-mt8516-apmixedsys.o
  CC      drivers/clk/mediatek/clk-mt8516.o
  CC      drivers/opp/cpu.o
  CC      drivers/opp/of.o
  CC      drivers/opp/debugfs.o
  AR      drivers/clk/mediatek/built-in.a
  AR      drivers/clk/built-in.a
  CC      drivers/firmware/psci/psci.o
  CC      drivers/clocksource/timer-of.o
  CC      drivers/clocksource/timer-probe.o
  AR      drivers/opp/built-in.a
  CC      drivers/hid/hid-core.o
  CC      drivers/clocksource/sh_cmt.o
  AR      drivers/firmware/psci/built-in.a
  CC      drivers/firmware/smccc/smccc.o
  CC      drivers/clocksource/sh_tmu.o
  CC      drivers/firmware/smccc/kvm_guest.o
  CC      drivers/clocksource/mmio.o
  CC      drivers/clocksource/arm_arch_timer.o
  CC      drivers/hid/hid-input.o
  AR      drivers/firmware/smccc/built-in.a
  CC      drivers/clocksource/arm_arch_timer_mmio.o
  AR      drivers/firmware/built-in.a
  CC      drivers/of/base.o
  CC      drivers/clocksource/dummy_timer.o
  CC      drivers/clocksource/timer-tegra.o
  CC      drivers/of/cpu.o
  CC      drivers/clocksource/timer-mediatek.o
  CC      drivers/hid/hid-quirks.o
  CC      drivers/clocksource/timer-mediatek-cpux.o
  CC      drivers/of/device.o
  CC      drivers/of/module.o
  AR      drivers/clocksource/built-in.a
  CC      drivers/platform/chrome/chromeos_of_hw_prober.o
  CC      drivers/hid/hid-debug.o
  CC      drivers/of/platform.o
  CC      drivers/of/property.o
  AR      drivers/platform/chrome/built-in.a
  AR      drivers/platform/built-in.a
  CC      drivers/mailbox/mailbox.o
  CC      drivers/hid/hid-generic.o
  CC      drivers/of/kobj.o
  CC      drivers/mailbox/arm_mhuv3.o
  CC      drivers/of/dynamic.o
  CC      drivers/of/fdt.o
  AR      drivers/hid/built-in.a
  CC      drivers/hwspinlock/hwspinlock_core.o
  CC      drivers/extcon/extcon.o
  CC      drivers/mailbox/mtk-cmdq-mailbox.o
  AR      drivers/hwspinlock/built-in.a
  CC      drivers/extcon/devres.o
  CC      drivers/of/fdt_address.o
  CC      drivers/of/address.o
  AR      drivers/extcon/built-in.a
  CC      drivers/of/irq.o
  CC      drivers/perf/arm-cci.o
  CC      drivers/mailbox/mtk-gpueb-mailbox.o
  CC      drivers/of/of_reserved_mem.o
  CC      drivers/perf/arm_pmu.o
  AR      drivers/mailbox/built-in.a
  CC      drivers/perf/arm_pmu_platform.o
  CC      drivers/hwtracing/coresight/coresight-core.o
  AR      drivers/of/built-in.a
  CC      drivers/hwtracing/coresight/coresight-etm-perf.o
  CC      drivers/perf/arm_pmuv3.o
  CC      drivers/perf/arm_brbe.o
  CC      drivers/hwtracing/coresight/coresight-platform.o
  CC      drivers/hwtracing/coresight/coresight-sysfs.o
  CC      drivers/hwtracing/coresight/coresight-syscfg.o
  AR      drivers/perf/built-in.a
  CC      drivers/hwtracing/coresight/coresight-config.o
  CC      drivers/hwtracing/coresight/coresight-cfg-preload.o
  CC      drivers/hwtracing/coresight/coresight-cfg-afdo.o
  CC      drivers/hwtracing/coresight/coresight-cfg-pstop.o
  CC      drivers/hwtracing/coresight/coresight-syscfg-configfs.o
  CC      drivers/hwtracing/coresight/coresight-trace-id.o
  AR      drivers/hwtracing/coresight/built-in.a
  AR      drivers/built-in.a
  AR      built-in.a
  AR      built-in-fixup.a
  COPY    vmlinux.a
  LD      vmlinux.o
  MODPOST vmlinux.symvers
  CC      .vmlinux.export.o
  UPD     include/generated/utsversion.h
  CC      init/version-timestamp.o
  KSYMS   .tmp_vmlinux0.kallsyms.S
  AS      .tmp_vmlinux0.kallsyms.o
  LD      .tmp_vmlinux1
  NM      .tmp_vmlinux1.syms
  KSYMS   .tmp_vmlinux1.kallsyms.S
  AS      .tmp_vmlinux1.kallsyms.o
  LD      .tmp_vmlinux2
  NM      .tmp_vmlinux2.syms
  KSYMS   .tmp_vmlinux2.kallsyms.S
  AS      .tmp_vmlinux2.kallsyms.o
  LD      vmlinux.unstripped
  NM      System.map
  SORTTAB vmlinux.unstripped
  OBJCOPY vmlinux
  GEN     modules.builtin.modinfo
  GEN     modules.builtin
  OBJCOPY arch/arm64/boot/Image
make[5]: Leaving directory '/mnt/git-volume/kernel-test-stable-rc/build/rand500config-arm64'
make[4]: Leaving directory '/mnt/git-volume/linux-stable-rc'
