make[2]: Entering directory '/home/benni/git/linux'
make[3]: Entering directory '/home/benni/git/kernel-test/build/randdefconfig-i386'
*** Default configuration is based on 'i386_defconfig'
#
# configuration written to .config
#
make[3]: Leaving directory '/home/benni/git/kernel-test/build/randdefconfig-i386'
make[2]: Leaving directory '/home/benni/git/linux'
make[2]: Entering directory '/home/benni/git/linux'
make[3]: Entering directory '/home/benni/git/kernel-test/build/randdefconfig-i386'
.config:5274:warning: override: reassigning to symbol CRYPTO_LZO
.config:5275:warning: override: reassigning to symbol DRM_BUDDY
.config:5276:warning: override: reassigning to symbol SCSI
.config:5277:warning: override: reassigning to symbol SSB_POSSIBLE
.config:5278:warning: override: reassigning to symbol POSIX_CPU_TIMERS_TASK_WORK
.config:5279:warning: override: reassigning to symbol INPUT_JOYSTICK
.config:5280:warning: override: reassigning to symbol HAVE_ARCH_KGDB
.config:5281:warning: override: reassigning to symbol RANDOMIZE_KSTACK_OFFSET
.config:5282:warning: override: reassigning to symbol NETFILTER_XT_TARGET_TCPMSS
.config:5283:warning: override: reassigning to symbol NET_VENDOR_QLOGIC
.config:5284:warning: override: reassigning to symbol HAVE_KERNEL_LZO
.config:5285:warning: override: reassigning to symbol EARLY_PRINTK_DBGP
.config:5286:warning: override: reassigning to symbol I2C_SMBUS
.config:5287:warning: override: reassigning to symbol MIGRATION
.config:5288:warning: override: reassigning to symbol HAVE_OPTPROBES
.config:5289:warning: override: reassigning to symbol MII
.config:5290:warning: override: reassigning to symbol HAVE_ARCH_KFENCE
.config:5291:warning: override: reassigning to symbol SCSI_COMMON
.config:5292:warning: override: reassigning to symbol MD_BITMAP_FILE
.config:5293:warning: override: reassigning to symbol HAVE_FUTEX_ROBUST_UNLOCK
.config:5294:warning: override: reassigning to symbol DRM_GEM_SHMEM_HELPER
.config:5295:warning: override: reassigning to symbol INPUT_VIVALDIFMAP
.config:5296:warning: override: reassigning to symbol HAVE_ARCH_THREAD_STRUCT_WHITELIST
.config:5297:warning: override: reassigning to symbol SPLIT_PTE_PTLOCKS
.config:5298:warning: override: reassigning to symbol USB_ARCH_HAS_HCD
.config:5299:warning: override: reassigning to symbol CPU_SUP_INTEL
.config:5300:warning: override: reassigning to symbol FONT_AUTOSELECT
.config:5301:warning: override: reassigning to symbol MITIGATION_SSB
.config:5302:warning: override: reassigning to symbol PREVENT_FIRMWARE_BUILD
.config:5303:warning: override: reassigning to symbol EXT4_FS_POSIX_ACL
.config:5304:warning: override: reassigning to symbol HID_SONY
.config:5305:warning: override: reassigning to symbol ACPI
.config:5306:warning: override: reassigning to symbol NET_VENDOR_OKI
.config:5307:warning: override: reassigning to symbol CRC_CCITT
.config:5308:warning: override: reassigning to symbol SERIAL_8250_DWLIB
.config:5309:warning: override: reassigning to symbol RD_GZIP
.config:5310:warning: override: reassigning to symbol CGROUP_DEVICE
.config:5311:warning: override: reassigning to symbol ELFCORE
.config:5312:warning: override: reassigning to symbol TMPFS_XATTR
.config:5313:warning: override: reassigning to symbol HAVE_KCSAN_COMPILER
.config:5314:warning: override: reassigning to symbol ARCH_HAS_DEBUG_VIRTUAL
.config:5315:warning: override: reassigning to symbol PHY_PACKAGE
.config:5316:warning: override: reassigning to symbol OLD_SIGSUSPEND3
.config:5317:warning: override: reassigning to symbol E1000E
.config:5318:warning: override: reassigning to symbol SYSCTL
.config:5319:warning: override: reassigning to symbol SCSI_DMA
.config:5320:warning: override: reassigning to symbol HAVE_GENERIC_TIF_BITS
.config:5321:warning: override: reassigning to symbol NET_VENDOR_AGERE
.config:5322:warning: override: reassigning to symbol SCHED_MM_CID
.config:5323:warning: override: reassigning to symbol INPUT
.config:5324:warning: override: reassigning to symbol NET_VENDOR_MICROSEMI
.config:5325:warning: override: reassigning to symbol CRYPTO_SHA256
.config:5326:warning: override: reassigning to symbol NET_POLL_CONTROLLER
.config:5327:warning: override: reassigning to symbol X86_BUS_LOCK_DETECT
.config:5328:warning: override: reassigning to symbol CFG80211_DEFAULT_PS
.config:5329:warning: override: reassigning to symbol RANDOMIZE_BASE
.config:5330:warning: override: reassigning to symbol FORCEDETH
.config:5331:warning: override: reassigning to symbol NET_SCHED
.config:5332:warning: override: reassigning to symbol HAVE_EFFICIENT_UNALIGNED_ACCESS
.config:5333:warning: override: reassigning to symbol CC_OPTIMIZE_FOR_PERFORMANCE
.config:5334:warning: override: reassigning to symbol APERTURE_HELPERS
.config:5335:warning: override: reassigning to symbol IOMMU_IOVA
.config:5336:warning: override: reassigning to symbol AS_HAS_NON_CONST_ULEB128
.config:5337:warning: override: reassigning to symbol NF_CONNTRACK
.config:5338:warning: override: reassigning to symbol ARCH_FLATMEM_ENABLE
.config:5339:warning: override: reassigning to symbol SGETMASK_SYSCALL
.config:5340:warning: override: reassigning to symbol UNINLINE_SPIN_UNLOCK
.config:5341:warning: override: reassigning to symbol NET_VENDOR_CADENCE
.config:5342:warning: override: reassigning to symbol NET_VENDOR_SIS
.config:5343:warning: override: reassigning to symbol CRYPTO_CBC
.config:5344:warning: override: reassigning to symbol CRYPTO_LIB_GF128HASH
.config:5345:warning: override: reassigning to symbol SATA_AHCI
.config:5346:warning: override: reassigning to symbol ARCH_SELECT_MEMORY_MODEL
.config:5347:warning: override: reassigning to symbol ARCH_MAY_HAVE_PC_FDC
.config:5348:warning: override: reassigning to symbol CRYPTO_LIB_AES_ARCH
.config:5349:warning: override: reassigning to symbol NET_VENDOR_ALIBABA
.config:5350:warning: override: reassigning to symbol TRACING
.config:5351:warning: override: reassigning to symbol NET_VENDOR_CAVIUM
.config:5352:warning: override: reassigning to symbol ARCH_HAS_SYSCALL_WRAPPER
.config:5353:warning: override: reassigning to symbol IOSF_MBI
.config:5354:warning: override: reassigning to symbol GENERIC_CLOCKEVENTS_MIN_ADJUST
.config:5355:warning: override: reassigning to symbol WLAN_VENDOR_ATH
.config:5356:warning: override: reassigning to symbol ARCH_HAS_PARANOID_L1D_FLUSH
.config:5357:warning: override: reassigning to symbol STACKTRACE_SUPPORT
.config:5358:warning: override: reassigning to symbol INPUT_MISC
.config:5359:warning: override: reassigning to symbol ARCH_HAS_PTE_SPECIAL
.config:5360:warning: override: reassigning to symbol ARCH_HAVE_NMI_SAFE_CMPXCHG
.config:5361:warning: override: reassigning to symbol CC_CAN_LINK
.config:5362:warning: override: reassigning to symbol HZ_1000
.config:5363:warning: override: reassigning to symbol CPU_IDLE_GOV_MENU
.config:5364:warning: override: reassigning to symbol ROOT_NFS
.config:5365:warning: override: reassigning to symbol CRC32
.config:5366:warning: override: reassigning to symbol BLK_PM
.config:5367:warning: override: reassigning to symbol HID_SUNPLUS
.config:5368:warning: override: reassigning to symbol NETFILTER_SKIP_EGRESS
.config:5369:warning: override: reassigning to symbol PROFILING
.config:5370:warning: override: reassigning to symbol BQL
.config:5371:warning: override: reassigning to symbol LZO_DECOMPRESS
.config:5372:warning: override: reassigning to symbol USB_SUPPORT
.config:5373:warning: override: reassigning to symbol INET
.config:5374:warning: override: reassigning to symbol BLK_DEV_DM_BUILTIN
.config:5375:warning: override: reassigning to symbol WLAN_VENDOR_RALINK
.config:5376:warning: override: reassigning to symbol CRYPTO_CCM
.config:5377:warning: override: reassigning to symbol DRM_DISPLAY_HELPER
.config:5378:warning: override: reassigning to symbol KALLSYMS_ALL
.config:5379:warning: override: reassigning to symbol PROC_MEM_FORCE_PTRACE
.config:5380:warning: override: reassigning to symbol ATA_PIIX
.config:5381:warning: override: reassigning to symbol EFIVAR_FS
.config:5382:warning: override: reassigning to symbol CRYPTO_AEAD2
.config:5383:warning: override: reassigning to symbol CGROUP_PERF
.config:5384:warning: override: reassigning to symbol XPS
.config:5385:warning: override: reassigning to symbol HAVE_IRQ_TIME_ACCOUNTING
.config:5386:warning: override: reassigning to symbol OPENSSL_SUPPORTS_ML_DSA
.config:5387:warning: override: reassigning to symbol CRYPTO_CMAC
.config:5388:warning: override: reassigning to symbol NET_VENDOR_DLINK
.config:5389:warning: override: reassigning to symbol PAGE_SIZE_LESS_THAN_256KB
.config:5390:warning: override: reassigning to symbol HAVE_PERF_EVENTS
.config:5391:warning: override: reassigning to symbol CC_HAS_ENTRY_PADDING
.config:5392:warning: override: reassigning to symbol ARCH_HAS_FORTIFY_SOURCE
.config:5393:warning: override: reassigning to symbol CPU_FREQ_GOV_PERFORMANCE
.config:5394:warning: override: reassigning to symbol QUEUED_RWLOCKS
.config:5395:warning: override: reassigning to symbol MODIFY_LDT_SYSCALL
.config:5396:warning: override: reassigning to symbol DECOMPRESS_LZMA
.config:5397:warning: override: reassigning to symbol CC_HAS_NAMED_AS
.config:5398:warning: override: reassigning to symbol HAVE_ARCH_TRACEHOOK
.config:5399:warning: override: reassigning to symbol NO_HZ_COMMON
.config:5400:warning: override: reassigning to symbol AMD_NODE
.config:5401:warning: override: reassigning to symbol MITIGATION_L1TF
.config:5402:warning: override: reassigning to symbol P2SB
.config:5403:warning: override: reassigning to symbol MICROCODE_INITRD32
.config:5404:warning: override: reassigning to symbol DEVMEM
.config:5405:warning: override: reassigning to symbol SYSCTL_EXCEPTION_TRACE
.config:5406:warning: override: reassigning to symbol ARCH_HAVE_EXTRA_ELF_NOTES
.config:5407:warning: override: reassigning to symbol STRICT_DEVMEM
.config:5408:warning: override: reassigning to symbol HAVE_MIXED_BREAKPOINTS_REGS
.config:5409:warning: override: reassigning to symbol SERIAL_8250_SHARE_IRQ
.config:5410:warning: override: reassigning to symbol VIRTUALIZATION
.config:5411:warning: override: reassigning to symbol IP_NF_IPTABLES
.config:5412:warning: override: reassigning to symbol SLAB_MERGE_DEFAULT
.config:5413:warning: override: reassigning to symbol ARCH_HAS_UBSAN
.config:5414:warning: override: reassigning to symbol X86_DISABLED_FEATURE_FRED
.config:5415:warning: override: reassigning to symbol WATCHDOG_HANDLE_BOOT_ENABLED
.config:5416:warning: override: reassigning to symbol RTL_CARDS
.config:5417:warning: override: reassigning to symbol QUOTA_NETLINK_INTERFACE
.config:5418:warning: override: reassigning to symbol DRM
.config:5419:warning: override: reassigning to symbol RCU_NEED_SEGCBLIST
.config:5420:warning: override: reassigning to symbol DRM_PANEL_ORIENTATION_QUIRKS
.config:5421:warning: override: reassigning to symbol RFKILL_LEDS
.config:5422:warning: override: reassigning to symbol GCC_NO_STRINGOP_OVERFLOW
.config:5423:warning: override: reassigning to symbol YENTA_ENE_TUNE
.config:5424:warning: override: reassigning to symbol PROC_SYSCTL
.config:5425:warning: override: reassigning to symbol X86_DISABLED_FEATURE_XENPV
.config:5426:warning: override: reassigning to symbol PCPU_DEV_REFCNT
.config:5427:warning: override: reassigning to symbol HAVE_ARCH_KSTACK_ERASE
.config:5428:warning: override: reassigning to symbol TCP_CONG_ADVANCED
.config:5429:warning: override: reassigning to symbol WLAN_VENDOR_INTEL
.config:5430:warning: override: reassigning to symbol ARCH_CONFIGURES_CPU_MITIGATIONS
.config:5431:warning: override: reassigning to symbol SND_VERBOSE_PROCFS
.config:5432:warning: override: reassigning to symbol PRINTK_TIME
.config:5433:warning: override: reassigning to symbol ARCH_SUPPORTS_KEXEC_PURGATORY
.config:5434:warning: override: reassigning to symbol HAVE_USER_RETURN_NOTIFIER
.config:5435:warning: override: reassigning to symbol USB_EHCI_TT_NEWSCHED
.config:5436:warning: override: reassigning to symbol HAVE_PERF_REGS
.config:5437:warning: override: reassigning to symbol HAVE_KERNEL_LZMA
.config:5438:warning: override: reassigning to symbol CPU_SUP_HYGON
.config:5439:warning: override: reassigning to symbol ARCH_SUPPORTS_DEBUG_PAGEALLOC
.config:5440:warning: override: reassigning to symbol XZ_DEC_X86
.config:5441:warning: override: reassigning to symbol CRYPTO_AUTHENC
.config:5442:warning: override: reassigning to symbol ARCH_SUPPORTS_RT
.config:5443:warning: override: reassigning to symbol AIO
.config:5444:warning: override: reassigning to symbol TIME_NS
.config:5445:warning: override: reassigning to symbol PNP_DEBUG_MESSAGES
.config:5446:warning: override: reassigning to symbol CPU_RMAP
.config:5447:warning: override: reassigning to symbol X86_DISABLED_FEATURE_RETHUNK
.config:5448:warning: override: reassigning to symbol INOTIFY_USER
.config:5449:warning: override: reassigning to symbol HAVE_FTRACE_GRAPH_FUNC
.config:5450:warning: override: reassigning to symbol BCMA_POSSIBLE
.config:5451:warning: override: reassigning to symbol NET_VENDOR_FUNGIBLE
.config:5452:warning: override: reassigning to symbol HAVE_DYNAMIC_FTRACE_WITH_DIRECT_CALLS
.config:5453:warning: override: reassigning to symbol INET6_ESP
.config:5454:warning: override: reassigning to symbol FIRMWARE_TABLE
.config:5455:warning: override: reassigning to symbol CRC16
.config:5456:warning: override: reassigning to symbol SECURITY_SELINUX_AVC_STATS
.config:5457:warning: override: reassigning to symbol AUDIT
.config:5458:warning: override: reassigning to symbol CLKEVT_I8253
.config:5459:warning: override: reassigning to symbol THERMAL_NETLINK
.config:5460:warning: override: reassigning to symbol MOUSE_PS2_TRACKPOINT
.config:5461:warning: override: reassigning to symbol DEBUG_INFO_NONE
.config:5462:warning: override: reassigning to symbol NETFILTER
.config:5463:warning: override: reassigning to symbol ARCH_USE_BUILTIN_BSWAP
.config:5464:warning: override: reassigning to symbol GENERIC_PENDING_IRQ
.config:5465:warning: override: reassigning to symbol HAVE_DEBUG_KMEMLEAK
.config:5466:warning: override: reassigning to symbol IOMMU_DEFAULT_DMA_LAZY
.config:5467:warning: override: reassigning to symbol SUNRPC
.config:5468:warning: override: reassigning to symbol PHYLIB
.config:5469:warning: override: reassigning to symbol USB_HID
.config:5470:warning: override: reassigning to symbol X86_EXTENDED_PLATFORM
.config:5471:warning: override: reassigning to symbol THERMAL_HWMON
.config:5472:warning: override: reassigning to symbol I2C_HELPER_AUTO
.config:5473:warning: override: reassigning to symbol HOTPLUG_CPU
.config:5474:warning: override: reassigning to symbol SCHED_HRTICK
.config:5475:warning: override: reassigning to symbol QUOTA_TREE
.config:5476:warning: override: reassigning to symbol NET_VENDOR_NATSEMI
.config:5477:warning: override: reassigning to symbol XZ_DEC_POWERPC
.config:5478:warning: override: reassigning to symbol HAVE_C_RECORDMCOUNT
.config:5479:warning: override: reassigning to symbol NETFS_SUPPORT
.config:5480:warning: override: reassigning to symbol X86_DISABLED_FEATURE_PCID
.config:5481:warning: override: reassigning to symbol BNX2
.config:5482:warning: override: reassigning to symbol CGROUPS
.config:5483:warning: override: reassigning to symbol USER_STACKTRACE_SUPPORT
.config:5484:warning: override: reassigning to symbol EFI_ESRT
.config:5485:warning: override: reassigning to symbol KVM_GUEST
.config:5486:warning: override: reassigning to symbol AS_IS_GNU
.config:5487:warning: override: reassigning to symbol NF_DEFRAG_IPV6
.config:5488:warning: override: reassigning to symbol USB_PRINTER
.config:5489:warning: override: reassigning to symbol MAC80211_LEDS
.config:5490:warning: override: reassigning to symbol SERIAL_8250_EXTENDED
.config:5491:warning: override: reassigning to symbol DMA_SHARED_BUFFER
.config:5492:warning: override: reassigning to symbol INSTRUCTION_DECODER
.config:5493:warning: override: reassigning to symbol NET_VENDOR_WIZNET
.config:5494:warning: override: reassigning to symbol AMD_NB
.config:5495:warning: override: reassigning to symbol ACPI_PROCESSOR_CSTATE
.config:5496:warning: override: reassigning to symbol ARCH_SUPPORTS_LTO_CLANG
.config:5497:warning: override: reassigning to symbol ARCH_SUSPEND_POSSIBLE
.config:5498:warning: override: reassigning to symbol SND_HDA_HWDEP
.config:5499:warning: override: reassigning to symbol NET_VENDOR_QUALCOMM
.config:5500:warning: override: reassigning to symbol NET_9P_FD
.config:5501:warning: override: reassigning to symbol VIRTIO_MENU
.config:5502:warning: override: reassigning to symbol EXT4_USE_FOR_EXT2
.config:5503:warning: override: reassigning to symbol ACPI_DOCK
.config:5504:warning: override: reassigning to symbol HAVE_SOFTIRQ_ON_OWN_STACK
.config:5505:warning: override: reassigning to symbol MMU_GATHER_MERGE_VMAS
.config:5506:warning: override: reassigning to symbol MAC80211_RC_DEFAULT_MINSTREL
.config:5507:warning: override: reassigning to symbol VIRTIO_PCI_LIB_LEGACY
.config:5508:warning: override: reassigning to symbol NO_HZ
.config:5509:warning: override: reassigning to symbol WERROR
.config:5510:warning: override: reassigning to symbol DST_CACHE
.config:5511:warning: override: reassigning to symbol NETWORK_FILESYSTEMS
.config:5512:warning: override: reassigning to symbol SYSVIPC_SYSCTL
.config:5513:warning: override: reassigning to symbol HAVE_NMI
.config:5514:warning: override: reassigning to symbol STANDALONE
.config:5515:warning: override: reassigning to symbol CGROUP_FREEZER
.config:5516:warning: override: reassigning to symbol MISC_FILESYSTEMS
.config:5517:warning: override: reassigning to symbol UNIX98_PTYS
.config:5518:warning: override: reassigning to symbol OPTPROBES
.config:5519:warning: override: reassigning to symbol I2C_ALGOBIT
.config:5520:warning: override: reassigning to symbol X86_DISABLED_FEATURE_TDX_GUEST
.config:5521:warning: override: reassigning to symbol GCC10_NO_ARRAY_BOUNDS
.config:5522:warning: override: reassigning to symbol MSDOS_PARTITION
.config:5523:warning: override: reassigning to symbol MQ_IOSCHED_DEADLINE
.config:5524:warning: override: reassigning to symbol CRYPTO_ALGAPI
.config:5525:warning: override: reassigning to symbol TCP_CONG_CUBIC
.config:5526:warning: override: reassigning to symbol SND_DRIVERS
.config:5527:warning: override: reassigning to symbol MITIGATION_TAA
.config:5528:warning: override: reassigning to symbol ARCH_HAS_NMI_SAFE_THIS_CPU_OPS
.config:5529:warning: override: reassigning to symbol HAVE_EBPF_JIT
.config:5530:warning: override: reassigning to symbol TCP_MD5SIG
.config:5531:warning: override: reassigning to symbol CRYPTO_ECB
.config:5532:warning: override: reassigning to symbol NEED_TASKS_RCU
.config:5533:warning: override: reassigning to symbol ACPI_PROCESSOR
.config:5534:warning: override: reassigning to symbol ACPI_SYSTEM_POWER_STATES_SUPPORT
.config:5535:warning: override: reassigning to symbol M686
.config:5536:warning: override: reassigning to symbol EDAC_ATOMIC_SCRUB
.config:5537:warning: override: reassigning to symbol HAVE_SYSCALL_TRACEPOINTS
.config:5538:warning: override: reassigning to symbol ARCH_SUPPORTS_KEXEC_BZIMAGE_VERIFY_SIG
.config:5539:warning: override: reassigning to symbol CRYPTO_MANAGER2
.config:5540:warning: override: reassigning to symbol CC_HAS_SLS
.config:5541:warning: override: reassigning to symbol PREEMPT_RCU
.config:5542:warning: override: reassigning to symbol INTEL_GTT
.config:5543:warning: override: reassigning to symbol NET_VENDOR_RENESAS
.config:5544:warning: override: reassigning to symbol ACPI_PLATFORM_PROFILE
.config:5545:warning: override: reassigning to symbol ARCH_USE_CMPXCHG_LOCKREF
.config:5546:warning: override: reassigning to symbol BLOCK_HOLDER_DEPRECATED
.config:5547:warning: override: reassigning to symbol HAVE_FUNCTION_GRAPH_TRACER
.config:5548:warning: override: reassigning to symbol CGROUP_NET_PRIO
.config:5549:warning: override: reassigning to symbol NET_VENDOR_SEEQ
.config:5550:warning: override: reassigning to symbol NF_LOG_IPV6
.config:5551:warning: override: reassigning to symbol ARCH_WANT_LD_ORPHAN_WARN
.config:5552:warning: override: reassigning to symbol WLAN_VENDOR_ZYDAS
.config:5553:warning: override: reassigning to symbol RTC_I2C_AND_SPI
.config:5554:warning: override: reassigning to symbol IO_URING_ZCRX
.config:5555:warning: override: reassigning to symbol FAIR_GROUP_SCHED
.config:5556:warning: override: reassigning to symbol RING_BUFFER
.config:5557:warning: override: reassigning to symbol CRYPTO_LIB_MD5
.config:5558:warning: override: reassigning to symbol HVC_DRIVER
.config:5559:warning: override: reassigning to symbol CC_HAS_AUTO_VAR_INIT_ZERO_BARE
.config:5560:warning: override: reassigning to symbol HAVE_PERF_USER_STACK_DUMP
.config:5561:warning: override: reassigning to symbol ARCH_CPUIDLE_HALTPOLL
.config:5562:warning: override: reassigning to symbol ARCH_CORRECT_STACKTRACE_ON_KRETPROBE
.config:5563:warning: override: reassigning to symbol GENERIC_ALLOCATOR
.config:5564:warning: override: reassigning to symbol I2C_BOARDINFO
.config:5565:warning: override: reassigning to symbol ARCH_HIBERNATION_HEADER
.config:5566:warning: override: reassigning to symbol HAVE_REGS_AND_STACK_ACCESS_API
.config:5567:warning: override: reassigning to symbol LOCKD
.config:5568:warning: override: reassigning to symbol KRETPROBE_ON_RETHOOK
.config:5569:warning: override: reassigning to symbol DMADEVICES
.config:5570:warning: override: reassigning to symbol CPU_FREQ_GOV_SCHEDUTIL
.config:5571:warning: override: reassigning to symbol DRM_PANEL
.config:5572:warning: override: reassigning to symbol NFS_DISABLE_UDP_SUPPORT
.config:5573:warning: override: reassigning to symbol MMU
.config:5587:warning: override: reassigning to symbol DRM
.config:5588:warning: override: reassigning to symbol SOUND
.config:5589:warning: override: reassigning to symbol STAGING
.config:5590:warning: override: reassigning to symbol INFINIBAND
.config:5591:warning: override: reassigning to symbol MEDIA_SUPPORT
.config:5594:warning: override: reassigning to symbol PRINTK
.config:5597:warning: override: reassigning to symbol TTY
.config:5598:warning: override: reassigning to symbol SERIAL_8250
.config:5599:warning: override: reassigning to symbol SERIAL_8250_CONSOLE
.config:5602:warning: override: reassigning to symbol BLK_DEV_INITRD
.config:5603:warning: override: reassigning to symbol RD_GZIP
.config:5604:warning: override: reassigning to symbol BINFMT_ELF
.config:5605:warning: override: reassigning to symbol BINFMT_SCRIPT
.config:5606:warning: override: reassigning to symbol TMPFS
#
# configuration written to .config
#
make[3]: Leaving directory '/home/benni/git/kernel-test/build/randdefconfig-i386'
make[2]: Leaving directory '/home/benni/git/linux'
make[2]: Entering directory '/home/benni/git/linux'
make[3]: Entering directory '/home/benni/git/kernel-test/build/randdefconfig-i386'
  SYNC    include/config/auto.conf
  HOSTCC  arch/x86/tools/relocs_32.o
  HOSTCC  arch/x86/tools/relocs_64.o
  HOSTCC  arch/x86/tools/relocs_common.o
  HOSTCC  arch/x86/tools/vdso2c
  UPD     arch/x86/include/generated/asm/cpufeaturemasks.h
  HOSTCC  scripts/kallsyms
  HOSTCC  scripts/sorttable.o
  HOSTCC  scripts/elf-parse.o
  HOSTCC  scripts/asn1_compiler
  HOSTCC  scripts/tracepoint-update.o
  HOSTLD  arch/x86/tools/relocs
  HOSTLD  scripts/sorttable
  HOSTLD  scripts/tracepoint-update
  CC      scripts/mod/empty.o
  HOSTCC  scripts/mod/mk_elfconfig
  CC      scripts/mod/devicetable-offsets.s
  MKELF   scripts/mod/elfconfig.h
  HOSTCC  scripts/mod/modpost.o
  HOSTCC  scripts/mod/sumversion.o
  HOSTCC  scripts/mod/symsearch.o
  HOSTCC  scripts/mod/file2alias.o
  HOSTLD  scripts/mod/modpost
  CC      kernel/bounds.s
  UPD     include/generated/timeconst.h
  UPD     include/generated/bounds.h
  CC      arch/x86/kernel/asm-offsets.s
  UPD     include/generated/asm-offsets.h
  CC      kernel/sched/rq-offsets.s
  UPD     include/generated/rq-offsets.h
  CALL    /home/benni/git/linux/scripts/checksyscalls.sh 
  HOSTCC  usr/gen_init_cpio
  CC      certs/system_keyring.o
  AS      arch/x86/entry/entry.o
  CC      arch/x86/realmode/init.o
  CC      arch/x86/events/core.o
  CC      init/main.o
  CC      ipc/util.o
  AS      arch/x86/lib/atomic64_cx8_32.o
  CC      security/keys/gc.o
  AS      arch/x86/entry/entry_32.o
  AS      arch/x86/lib/checksum_32.o
  CC      block/bdev.o
  CC      arch/x86/entry/syscall_32.o
  CC      io_uring/io_uring.o
  CC      arch/x86/lib/cmdline.o
  CC      mm/filemap.o
  CC      lib/argv_split.o
  CC      crypto/api.o
  CC      fs/open.o
  CC      kernel/fork.o
  AS      arch/x86/lib/cmpxchg8b_emu.o
  GEN     usr/initramfs_data.cpio
  COPY    usr/initramfs_inc_data
  AS      usr/initramfs_data.o
  CC      arch/x86/lib/cpu.o
  AR      usr/built-in.a
  CC      lib/bug.o
  HOSTCC  certs/extract-cert
  CC      io_uring/opdef.o
  AS      arch/x86/realmode/rm/header.o
  CERT    certs/x509_certificate_list
  CERT    certs/signing_key.x509
  AS      certs/system_certificates.o
  AS      arch/x86/realmode/rm/trampoline_32.o
  CC      arch/x86/lib/delay.o
  AR      certs/built-in.a
  AS      arch/x86/realmode/rm/stack.o
  CC      kernel/exec_domain.o
  AS      arch/x86/realmode/rm/reboot.o
  PASYMS  arch/x86/realmode/rm/pasyms.h
  LDS     arch/x86/realmode/rm/realmode.lds
  LD      arch/x86/realmode/rm/realmode.elf
  RELOCS  arch/x86/realmode/rm/realmode.relocs
  OBJCOPY arch/x86/realmode/rm/realmode.bin
  AS      arch/x86/realmode/rmpiggy.o
  CC      security/keys/key.o
  CC      crypto/cipher.o
  AR      arch/x86/realmode/built-in.a
  CC      lib/buildid.o
  CC      drivers/leds/led-core.o
  AS      arch/x86/lib/getuser.o
  CC      ipc/msgutil.o
  CC      arch/x86/lib/inat.o
  CC      arch/x86/lib/insn-eval.o
  CC      block/fops.o
  CC      arch/x86/entry/common.o
  UPD     init/utsversion-tmp.h
  CC      init/do_mounts.o
  CC      drivers/pci/access.o
  CC      fs/read_write.o
  CC      drivers/video/screen_info_generic.o
  CC      crypto/algapi.o
  CC      drivers/leds/led-class.o
  CC      drivers/video/screen_info_pci.o
  CC      arch/x86/events/probe.o
  CC      lib/clz_tab.o
  CC      lib/cmdline.o
  CC      ipc/msg.o
  CC      lib/cpumask.o
  CC      security/keys/keyring.o
  CC      arch/x86/events/utils.o
  CC      arch/x86/lib/insn.o
  CC      arch/x86/entry/vdso/vma.o
  CC      drivers/leds/led-triggers.o
  CC      drivers/pci/bus.o
  CC      arch/x86/lib/memcpy_32.o
  CC      block/bio.o
  AS      arch/x86/lib/memmove_32.o
  CC      kernel/exec_state.o
  CC      arch/x86/lib/misc.o
  CC      arch/x86/lib/pc-conf-reg.o
  CC      drivers/video/console/dummycon.o
  CC      lib/ctype.o
  CC      init/do_mounts_initrd.o
  CC      mm/mempool.o
  CC      lib/dec_and_lock.o
  AS      arch/x86/lib/putuser.o
  CC      crypto/scatterwalk.o
  AS      arch/x86/lib/retpoline.o
  CC      arch/x86/lib/string_32.o
  CC      lib/decompress.o
  CC      arch/x86/events/rapl.o
  CC      arch/x86/lib/strstr_32.o
  AR      drivers/leds/built-in.a
  CC      arch/x86/entry/vdso/extable.o
  CC      fs/file_table.o
  CC      lib/decompress_bunzip2.o
  CC      drivers/video/backlight/backlight.o
  CC      kernel/panic.o
  CC      arch/x86/lib/usercopy.o
  CC      ipc/sem.o
  CC      io_uring/kbuf.o
  CC      drivers/pci/probe.o
  CC      security/keys/keyctl.o
  CC      drivers/video/console/vgacon.o
  CC      init/initramfs.o
  CC      arch/x86/lib/usercopy_32.o
  CC      mm/oom_kill.o
  CC      crypto/proc.o
  AR      drivers/video/backlight/built-in.a
  CC      init/calibrate.o
  CC      lib/decompress_inflate.o
  CC      arch/x86/lib/msr-smp.o
  CC      arch/x86/entry/vdso/vdso32-setup.o
  CC      io_uring/rsrc.o
  CC      kernel/cpu.o
  CC      block/elevator.o
  CC      fs/super.o
  CC      arch/x86/events/amd/core.o
  CC      arch/x86/lib/cache-smp.o
  CC      crypto/aead.o
  CC      lib/decompress_unlz4.o
  CC      crypto/geniv.o
  AR      drivers/video/console/built-in.a
  LDS     arch/x86/entry/vdso/vdso32/vdso32.lds
  AS      arch/x86/entry/vdso/vdso32/note.o
  CC      arch/x86/lib/msr.o
  AR      drivers/video/built-in.a
  CC      init/init_task.o
  CC      ipc/shm.o
  CC      arch/x86/entry/vdso/vdso32/vclock_gettime.o
  CC      security/keys/permission.o
  CC      drivers/pci/host-bridge.o
  CC      lib/decompress_unlzma.o
  CC      arch/x86/entry/vdso/vdso32/vgetcpu.o
  CC      mm/fadvise.o
  AS      arch/x86/kernel/head_32.o
  CC      arch/x86/kernel/head32.o
  AS      arch/x86/entry/vdso/vdso32/system_call.o
  CC      init/version.o
  CC      block/blk-core.o
  CC      drivers/pci/remove.o
  AS      arch/x86/entry/vdso/vdso32/sigreturn.o
  CC      arch/x86/events/amd/lbr.o
  CC      arch/x86/entry/vdso/vdso32/vfutex.o
  CC      crypto/lskcipher.o
  CC      security/keys/process_keys.o
  CC      arch/x86/kernel/ebda.o
  VDSO    arch/x86/entry/vdso/vdso32/vdso32.so.dbg
  CC      fs/char_dev.o
  OBJCOPY arch/x86/entry/vdso/vdso32/vdso32.so
  VDSO2C  arch/x86/entry/vdso/vdso32/vdso32-image.c
  CC      arch/x86/entry/vdso/vdso32/vdso32-image.o
  AS      arch/x86/lib/msr-reg.o
  CC      arch/x86/lib/msr-reg-export.o
  CC      io_uring/notif.o
  CC      lib/decompress_unlzo.o
  AR      arch/x86/entry/vdso/vdso32/built-in.a
  AS      arch/x86/lib/hweight.o
  CC      arch/x86/lib/iomem.o
  AR      arch/x86/entry/vdso/built-in.a
  AS      arch/x86/entry/thunk.o
  CC      ipc/syscall.o
  AR      init/built-in.a
  AR      arch/x86/entry/built-in.a
  CC      mm/maccess.o
  CC      kernel/exit.o
  CC      crypto/skcipher.o
  CC      lib/decompress_unxz.o
  CC      arch/x86/kernel/platform-quirks.o
  CC      drivers/pci/pci.o
  CC      net/devres.o
  CC      arch/x86/events/amd/ibs.o
  CC      fs/stat.o
  CC      arch/x86/lib/atomic64_32.o
  CC      arch/x86/pci/i386.o
  AR      arch/x86/lib/lib.a
  CC      arch/x86/power/cpu.o
  AR      arch/x86/lib/built-in.a
  CC      security/commoncap.o
  CC      security/keys/request_key.o
  CC      lib/decompress_unzstd.o
  CC      arch/x86/kernel/process_32.o
  CC      ipc/ipc_sysctl.o
  CC      mm/page-writeback.o
  CC      io_uring/tctx.o
  CC      net/socket.o
  CC      crypto/seqiv.o
  CC      arch/x86/pci/init.o
  CC      lib/dump_stack.o
  CC      ipc/mqueue.o
  CC      arch/x86/power/hibernate_32.o
  CC      security/keys/request_key_auth.o
  CC      block/blk-sysfs.o
  CC      fs/exec.o
  CC      arch/x86/kernel/signal.o
  CC      kernel/softirq.o
  CC      io_uring/filetable.o
  CC      block/blk-flush.o
  CC      arch/x86/events/amd/uncore.o
  CC      crypto/echainiv.o
  CC      arch/x86/pci/pcbios.o
  CC      lib/earlycpio.o
  CC      lib/extable.o
  CC      security/keys/user_defined.o
  AS      arch/x86/power/hibernate_asm_32.o
  CC      arch/x86/power/hibernate.o
  CC      drivers/pci/pci-driver.o
  CC      mm/folio-compat.o
  CC      arch/x86/kernel/signal_32.o
  CC      crypto/ahash.o
  CC      lib/flex_proportions.o
  CC      mm/readahead.o
  CC      io_uring/rw.o
  CC      block/blk-settings.o
  CC      arch/x86/pci/direct.o
  CC      security/keys/proc.o
  CC      kernel/resource.o
  CC      ipc/namespace.o
  CC      lib/idr.o
  AR      arch/x86/power/built-in.a
  AR      arch/x86/events/amd/built-in.a
  CC      arch/x86/events/msr.o
  CC      security/keys/sysctl.o
  CC      net/core/sock.o
  CC      fs/pipe.o
  CC      arch/x86/mm/init.o
  CC      crypto/shash.o
  CC      arch/x86/kernel/traps.o
  CC      arch/x86/pci/fixup.o
  CC      lib/iomem_copy.o
  CC      ipc/mq_sysctl.o
  CC      drivers/pci/search.o
  CC      lib/irq_regs.o
  CC      block/blk-ioc.o
  CC      security/lsm_syscalls.o
  CC      security/keys/keyctl_pkey.o
  CC      mm/swap.o
  CC      lib/is_single_threaded.o
  CC      arch/x86/events/intel/core.o
  CC      io_uring/poll.o
  AR      ipc/built-in.a
  CC      kernel/sysctl.o
  CC      kernel/capability.o
  CC      arch/x86/mm/init_32.o
  CC      lib/klist.o
  CC      arch/x86/pci/legacy.o
  CC      crypto/akcipher.o
  CC      drivers/pci/rebar.o
  CC      fs/namei.o
  AR      security/keys/built-in.a
  CC      block/blk-map.o
  CC      lib/kobject.o
  CC      security/min_addr.o
  CC      arch/x86/kernel/idt.o
  CC      net/core/skbuff.o
  CC      net/ethernet/eth.o
  CC      arch/x86/pci/irq.o
  CC      kernel/ptrace.o
  CC      drivers/pci/rom.o
  CC      lib/kobject_uevent.o
  CC      arch/x86/mm/fault.o
  CC      crypto/sig.o
  CC      mm/truncate.o
  CC      security/security.o
  CC      block/blk-merge.o
  CC      arch/x86/kernel/irq.o
  CC      io_uring/tw.o
  CC      drivers/pci/setup-res.o
  CC      kernel/user.o
  CC      arch/x86/pci/common.o
  ASN.1   crypto/rsapubkey.asn1.[ch]
  ASN.1   crypto/rsaprivkey.asn1.[ch]
  CC      crypto/rsa.o
  CC      lib/logic_pio.o
  CC      arch/x86/events/zhaoxin/core.o
  CC      mm/vmscan.o
  AR      net/ethernet/built-in.a
  CC      arch/x86/events/intel/bts.o
  CC      arch/x86/mm/ioremap.o
  CC      kernel/signal.o
  CC      io_uring/wait.o
  CC      block/blk-timeout.o
  CC      drivers/pci/irq.o
  CC      crypto/rsa_helper.o
  CC      lib/maple_tree.o
  CC      arch/x86/pci/early.o
  CC      fs/fcntl.o
  CC      arch/x86/kernel/irq_32.o
  AR      arch/x86/events/zhaoxin/built-in.a
  CC      security/lsm_notifier.o
  CC      crypto/rsa-pkcs1pad.o
  CC      arch/x86/mm/extable.o
  CC      fs/ioctl.o
  CC      kernel/sys.o
  CC      block/blk-lib.o
  CC      drivers/pci/vpd.o
  CC      arch/x86/pci/bus_numa.o
  CC      arch/x86/events/intel/ds.o
  CC      arch/x86/kernel/dumpstack_32.o
  CC      crypto/rsassa-pkcs1.o
  CC      security/lsm_init.o
  CC      crypto/acompress.o
  CC      io_uring/eventfd.o
  CC      block/blk-mq.o
  CC      fs/readdir.o
  CC      arch/x86/mm/mmap.o
  CC      net/core/datagram.o
  CC      arch/x86/pci/amd_bus.o
  CC      drivers/pci/setup-bus.o
  CC      arch/x86/kernel/time.o
  CC      lib/memcat_p.o
  CC      drivers/pci/vc.o
  CC      io_uring/uring_cmd.o
  CC      security/integrity/iint.o
  CC      arch/x86/mm/pgtable.o
  CC      arch/x86/kernel/ioport.o
  CC      arch/x86/kernel/dumpstack.o
  CC      kernel/umh.o
  CC      crypto/scompress.o
  AR      arch/x86/pci/built-in.a
  CC      mm/shrinker.o
  CC      drivers/pci/mmap.o
  CC      lib/nmi_backtrace.o
  CC      fs/select.o
  CC      net/core/stream.o
  CC      arch/x86/events/intel/knc.o
  AR      security/integrity/built-in.a
  AR      security/built-in.a
  CC      net/core/scm.o
  CC      arch/x86/mm/physaddr.o
  CC      arch/x86/events/intel/lbr.o
  AR      arch/x86/platform/efi/built-in.a
  AR      arch/x86/platform/intel/built-in.a
  CC      arch/x86/kernel/nmi.o
  AR      arch/x86/platform/built-in.a
  CC      drivers/pci/devres.o
  CC      io_uring/openclose.o
  CC      lib/objpool.o
  CC      drivers/pci/msi/pcidev_msi.o
  CC      kernel/workqueue.o
  CC      drivers/pci/pcie/portdrv.o
  CC      crypto/algboss.o
  CC      mm/shmem.o
  CC      arch/x86/mm/tlb.o
  CC      lib/plist.o
  CC      drivers/pci/msi/api.o
  CC      lib/radix-tree.o
  CC      mm/util.o
  CC      mm/mmzone.o
  CC      block/blk-mq-tag.o
  CC      drivers/pci/pcie/rcec.o
  CC      net/core/gen_stats.o
  CC      io_uring/sqpoll.o
  CC      fs/dcache.o
  CC      mm/vmstat.o
  CC      arch/x86/kernel/ldt.o
  CC      arch/x86/events/intel/p4.o
  CC      crypto/testmgr.o
  CC      drivers/pci/pcie/bwctrl.o
  CC      drivers/pci/msi/msi.o
  CC      lib/ratelimit.o
  CC      arch/x86/mm/cpu_entry_area.o
  CC      kernel/pid.o
  CC      lib/rbtree.o
  CC      crypto/cmac.o
  CC      arch/x86/events/intel/p6.o
  CC      block/blk-mq-dma.o
  CC      arch/x86/kernel/setup.o
  CC      drivers/pci/pcie/aspm.o
  CC      net/core/gen_estimator.o
  CC      drivers/pci/pcie/pme.o
  CC      lib/seq_buf.o
  CC      arch/x86/mm/maccess.o
  CC      drivers/pci/msi/irqdomain.o
  CC      net/core/net_namespace.o
  CC      mm/backing-dev.o
  CC      crypto/hmac.o
  CC      io_uring/xattr.o
  CC      arch/x86/mm/pgprot.o
  CC      arch/x86/events/intel/pt.o
  CC      fs/inode.o
  CC      block/blk-stat.o
  CC      lib/siphash.o
  CC      io_uring/nop.o
  CC      net/core/secure_seq.o
  CC      kernel/task_work.o
  CC      arch/x86/kernel/x86_init.o
  CC      io_uring/fs.o
  AR      drivers/pci/msi/built-in.a
  AR      drivers/pci/pcie/built-in.a
  CC      net/sched/sch_generic.o
  CC      lib/string.o
  CC      drivers/pci/proc.o
  CC      arch/x86/mm/pat/set_memory.o
  CC      crypto/sha1.o
  CC      lib/sys_info.o
  CC      mm/mm_init.o
  CC      io_uring/splice.o
  CC      net/sched/sch_mq.o
  CC      block/blk-mq-sysfs.o
  CC      net/core/flow_dissector.o
  CC      fs/attr.o
  CC      kernel/extable.o
  CC      arch/x86/kernel/i8259.o
  CC      arch/x86/events/intel/uncore.o
  CC      crypto/sha256.o
  CC      arch/x86/mm/pgtable_32.o
  CC      lib/timerqueue.o
  CC      drivers/pci/pci-sysfs.o
  CC      io_uring/sync.o
  CC      block/blk-mq-cpumap.o
  CC      lib/vsprintf.o
  CC      arch/x86/mm/pat/memtype.o
  CC      arch/x86/kernel/irqinit.o
  CC      mm/percpu.o
  CC      io_uring/msg_ring.o
  CC      fs/bad_inode.o
  CC      arch/x86/mm/pat/memtype_interval.o
  CC      crypto/sha512.o
  CC      kernel/params.o
  CC      net/netlink/af_netlink.o
  AR      net/sched/built-in.a
  CC      block/blk-mq-sched.o
  CC      fs/file.o
  CC      drivers/pci/slot.o
  CC      mm/slab_common.o
  CC      arch/x86/mm/iomap_32.o
  CC      net/core/sysctl_net_core.o
  AR      arch/x86/mm/pat/built-in.a
  CC      lib/win_minmax.o
  CC      arch/x86/events/intel/uncore_nhmex.o
  CC      arch/x86/kernel/jump_label.o
  CC      crypto/ecb.o
  CC      arch/x86/events/intel/uncore_snb.o
  CC      io_uring/advise.o
  CC      kernel/kthread.o
  CC      net/netlink/genetlink.o
  CC      arch/x86/mm/hugetlbpage.o
  CC      crypto/cbc.o
  CC      drivers/pci/iomap.o
  CC      arch/x86/kernel/irq_work.o
  CC      block/ioctl.o
  CC      io_uring/statx.o
  CC      crypto/cts.o
  CC      lib/xarray.o
  CC      io_uring/timeout.o
  CC      arch/x86/events/intel/uncore_snbep.o
  CC      net/core/dev.o
  CC      io_uring/cancel.o
  AR      arch/x86/mm/built-in.a
  CC      drivers/pci/quirks.o
  CC      drivers/pci/hotplug/pci_hotplug_core.o
  CC      fs/filesystems.o
  CC      kernel/sys_ni.o
  CC      net/ethtool/ioctl.o
  CC      arch/x86/kernel/probe_roms.o
  CC      crypto/ctr.o
  CC      net/netlink/policy.o
  CC      block/genhd.o
  CC      mm/compaction.o
  CC      net/core/dev_api.o
  CC      kernel/nsproxy.o
  CC      lib/lockref.o
  CC      lib/bcd.o
  CC      fs/namespace.o
  CC      kernel/nstree.o
  CC      io_uring/waitid.o
  AR      drivers/pci/hotplug/built-in.a
  CC      net/core/dev_addr_lists.o
  CC      lib/sort.o
  CC      crypto/gcm.o
  CC      arch/x86/kernel/sys_ia32.o
  CC      lib/parser.o
  AR      net/netlink/built-in.a
  CC      net/unix/af_unix.o
  CC      block/ioprio.o
  CC      net/ethtool/common.o
  CC      net/unix/garbage.o
  CC      drivers/pci/pci-label.o
  CC      arch/x86/events/intel/uncore_discovery.o
  CC      io_uring/register.o
  CC      lib/debug_locks.o
  CC      kernel/nscommon.o
  CC      arch/x86/kernel/ksysfs.o
  CC      crypto/ccm.o
  CC      lib/random32.o
  CC      lib/bust_spinlocks.o
  CC      block/badblocks.o
  CC      net/core/dst.o
  CC      drivers/pci/vgaarb.o
  CC      mm/show_mem.o
  CC      kernel/notifier.o
  CC      arch/x86/kernel/bootflag.o
  CC      arch/x86/events/intel/cstate.o
  CC      arch/x86/kernel/e820.o
  CC      crypto/aes.o
  CC      net/ethtool/netlink.o
  CC      kernel/ksysfs.o
  CC      lib/kasprintf.o
  CC      block/partitions/core.o
  CC      fs/seq_file.o
  CC      io_uring/truncate.o
  CC      mm/interval_tree.o
  CC      lib/bitmap.o
  CC      lib/scatterlist.o
  CC      net/unix/sysctl_net_unix.o
  CC      crypto/camellia_generic.o
  CC      block/partitions/msdos.o
  CC      kernel/cred.o
  CC      drivers/pci/setup-cardbus.o
  CC      net/ethtool/bitset.o
  AR      arch/x86/events/intel/built-in.a
  AR      arch/x86/events/built-in.a
  CC      net/core/netevent.o
  CC      arch/x86/kernel/pci-dma.o
  CC      arch/x86/kernel/quirks.o
  CC      block/partitions/efi.o
  CC      fs/xattr.o
  CC      mm/list_lru.o
  CC      io_uring/memmap.o
  CC      fs/libfs.o
  CC      lib/list_sort.o
  CC      drivers/pci/trace.o
  CC      lib/uuid.o
  CC      fs/fs-writeback.o
  AR      net/unix/built-in.a
  CC      crypto/authenc.o
  CC      fs/pnode.o
  CC      kernel/reboot.o
  CC      kernel/async.o
  CC      lib/iov_iter.o
  CC      net/ethtool/strset.o
  CC      arch/x86/kernel/kdebugfs.o
  CC      arch/x86/kernel/alternative.o
  CC      net/core/neighbour.o
  CC      mm/workingset.o
  AR      block/partitions/built-in.a
  CC      block/blk-rq-qos.o
  CC      io_uring/alloc_cache.o
  CC      fs/splice.o
  CC      crypto/authencesn.o
  AR      drivers/pci/built-in.a
  CC      io_uring/query.o
  CC      io_uring/loop.o
  CC      net/ethtool/linkinfo.o
  CC      drivers/virtio/virtio.o
  CC      kernel/range.o
  CC      block/disk-events.o
  CC      drivers/virtio/virtio_ring.o
  CC      kernel/smpboot.o
  CC      lib/clz_ctz.o
  CC      kernel/ucount.o
  CC      mm/debug.o
  CC      arch/x86/kernel/i8253.o
  CC      block/blk-ia-ranges.o
  CC      lib/bsearch.o
  CC      crypto/krb5enc.o
  CC      net/ipv6/addrconf_core.o
  CC      kernel/regset.o
  CC      net/core/rtnetlink.o
  CC      drivers/tty/tty_io.o
  CC      io_uring/io-wq.o
  CC      net/ethtool/linkmodes.o
  CC      net/core/utils.o
  CC      arch/x86/kernel/hw_breakpoint.o
  CC      drivers/tty/n_tty.o
  CC      fs/sync.o
  CC      mm/gup.o
  CC      block/early-lookup.o
  CC      kernel/ksyms_common.o
  CC      lib/find_bit.o
  CC      lib/llist.o
  CC      drivers/virtio/virtio_anchor.o
  CC      drivers/char/mem.o
  CC      crypto/lzo.o
  CC      lib/lwq.o
  CC      arch/x86/kernel/tsc.o
  CC      net/ipv6/exthdrs_core.o
  CC      net/ethtool/rss.o
  CC      block/bsg.o
  CC      lib/memweight.o
  CC      kernel/groups.o
  CC      drivers/iommu/iommu.o
  CC      fs/utimes.o
  CC      lib/kfifo.o
  AR      drivers/virtio/built-in.a
  CC      io_uring/futex.o
  CC      io_uring/epoll.o
  CC      drivers/iommu/iommu-pages.o
  CC      drivers/tty/tty_ioctl.o
  CC      crypto/lzo-rle.o
  CC      drivers/char/random.o
  CC      arch/x86/kernel/tsc_msr.o
  CC      mm/mmap_lock.o
  CC      block/kyber-iosched.o
  CC      kernel/sched/core.o
  CC      drivers/tty/tty_ldisc.o
  CC      net/ipv6/ip6_checksum.o
  CC      lib/percpu-refcount.o
  CC      fs/d_path.o
  CC      crypto/lz4.o
  CC      drivers/char/misc.o
  CC      io_uring/napi.o
  CC      crypto/asymmetric_keys/asymmetric_type.o
  CC      arch/x86/kernel/io_delay.o
  CC      net/ethtool/linkstate.o
  CC      arch/x86/kernel/rtc.o
  CC      mm/vma_init.o
  CC      drivers/tty/tty_buffer.o
  CC      crypto/asymmetric_keys/restrict.o
  CC      mm/highmem.o
  CC      drivers/char/virtio_console.o
  CC      fs/stack.o
  CC      drivers/iommu/iommu-traces.o
  CC      drivers/char/nvram.o
  CC      lib/rhashtable.o
  CC      net/ipv6/ip6_icmp.o
  CC      net/core/link_watch.o
  CC      block/blk-mq-debugfs.o
  CC      io_uring/net.o
  CC      net/ethtool/debug.o
  CC      crypto/asymmetric_keys/signature.o
  CC      fs/fs_struct.o
  CC      arch/x86/kernel/resource.o
  AS      arch/x86/kernel/irqflags.o
  CC      lib/base64.o
  CC      mm/memory.o
  CC      drivers/iommu/iommu-sysfs.o
  CC      block/blk-pm.o
  CC      arch/x86/virt/svm/cmdline.o
  CC      net/core/filter.o
  CC      net/core/sock_diag.o
  CC      net/ethtool/wol.o
  CC      drivers/tty/tty_port.o
  CC      arch/x86/kernel/static_call.o
  AR      arch/x86/virt/svm/built-in.a
  CC      block/holder.o
  CC      drivers/iommu/dma-iommu.o
  CC      io_uring/cmd_net.o
  CC      lib/once.o
  CC      crypto/asymmetric_keys/public_key.o
  AR      net/ipv6/built-in.a
  CC      fs/statfs.o
  CC      kernel/sched/fair.o
  CC      drivers/char/hw_random/core.o
  AR      arch/x86/virt/built-in.a
  CC      kernel/sched/build_policy.o
  CC      net/core/dev_ioctl.o
  CC      arch/x86/kernel/process.o
  ASN.1   crypto/asymmetric_keys/x509.asn1.[ch]
  ASN.1   crypto/asymmetric_keys/x509_akid.asn1.[ch]
  AR      block/built-in.a
  CC      drivers/tty/tty_mutex.o
  CC      lib/refcount.o
  CC      mm/mincore.o
  CC      io_uring/fdinfo.o
  CC      lib/rcuref.o
  CC      fs/fs_pin.o
  CC      crypto/asymmetric_keys/x509_loader.o
  CC      crypto/asymmetric_keys/x509_public_key.o
  CC      drivers/iommu/iova.o
  ASN.1   crypto/asymmetric_keys/pkcs7.asn1.[ch]
  CC      drivers/char/hw_random/intel-rng.o
  CC      net/ethtool/features.o
  CC      net/packet/af_packet.o
  CC      net/ethtool/privflags.o
  CC      lib/usercopy.o
  CC      crypto/krb5/krb5_kdf.o
  CC      drivers/tty/tty_ldsem.o
  CC      fs/nsfs.o
  CC      lib/errseq.o
  CC      crypto/asymmetric_keys/pkcs7_trust.o
  CC      drivers/char/hw_random/amd-rng.o
  CC      arch/x86/kernel/fpu/init.o
  CC      lib/bucket_locks.o
  CC      io_uring/bpf_filter.o
  AR      drivers/iommu/built-in.a
  CC      lib/generic-radix-tree.o
  CC      crypto/krb5/krb5_api.o
  CC      crypto/asymmetric_keys/pkcs7_verify.o
  CC      mm/mlock.o
  CC      arch/x86/kernel/fpu/bugs.o
  CC      drivers/tty/tty_baudrate.o
  CC      mm/mmap.o
  CC      kernel/locking/mutex.o
  CC      net/ethtool/rings.o
  CC      arch/x86/kernel/fpu/core.o
  CC      kernel/locking/semaphore.o
  CC      lib/bitmap-str.o
  CC      drivers/char/hw_random/geode-rng.o
  CC      fs/fs_dirent.o
  CC      crypto/asymmetric_keys/x509.asn1.o
  CC      crypto/krb5/rfc3961_simplified.o
  CC      crypto/asymmetric_keys/x509_akid.asn1.o
  CC      kernel/sched/build_utility.o
  CC      crypto/asymmetric_keys/x509_cert_parser.o
  CC      fs/fs_context.o
  CC      drivers/tty/tty_jobctrl.o
  AR      io_uring/built-in.a
  CC      mm/mmu_gather.o
  CC      net/core/tso.o
  CC      lib/string_helpers.o
  CC      drivers/char/agp/backend.o
  CC      drivers/char/hw_random/via-rng.o
  CC      arch/x86/kernel/ptrace.o
  CC      crypto/asymmetric_keys/pkcs7.asn1.o
  CC      net/ethtool/channels.o
  CC      crypto/asymmetric_keys/pkcs7_parser.o
  CC      arch/x86/kernel/fpu/regset.o
  AR      net/packet/built-in.a
  CC      kernel/locking/rwsem.o
  CC      drivers/tty/n_null.o
  AR      drivers/char/hw_random/built-in.a
  CC      crypto/rsapubkey.asn1.o
  CC      fs/fs_parser.o
  CC      drivers/connector/cn_queue.o
  CC      fs/fsopen.o
  CC      crypto/krb5/rfc3962_aes.o
  CC      mm/mprotect.o
  CC      lib/hexdump.o
  CC      drivers/char/agp/generic.o
  AR      crypto/asymmetric_keys/built-in.a
  CC      drivers/char/agp/isoch.o
  CC      crypto/rsaprivkey.asn1.o
  CC      lib/kstrtox.o
  CC      net/core/sock_reuseport.o
  CC      kernel/power/qos.o
  CC      drivers/tty/pty.o
  CC      arch/x86/kernel/fpu/signal.o
  CC      arch/x86/kernel/tls.o
  CC      crypto/krb5/rfc6803_camellia.o
  CC      net/ethtool/coalesce.o
  CC      kernel/locking/percpu-rwsem.o
  CC      net/ethtool/pause.o
  CC      fs/init.o
  CC      lib/math/div64.o
  CC      lib/math/gcd.o
  CC      drivers/connector/connector.o
  CC      net/ethtool/eee.o
  CC      drivers/char/agp/amd64-agp.o
  CC      lib/math/lcm.o
  CC      crypto/krb5/rfc8009_aes2.o
  CC      lib/math/int_log.o
  CC      lib/math/int_pow.o
  CC      kernel/locking/spinlock.o
  CC      drivers/tty/sysrq.o
  CC      arch/x86/kernel/fpu/xstate.o
  CC      lib/math/int_sqrt.o
  CC      mm/mremap.o
  CC      kernel/power/main.o
  CC      lib/math/reciprocal_div.o
  CC      mm/msync.o
  CC      net/core/fib_notifier.o
  CC      lib/math/rational.o
  CC      drivers/char/agp/intel-agp.o
  CC      fs/kernel_read_file.o
  CC      kernel/locking/osq_lock.o
  AR      crypto/krb5/built-in.a
  AR      crypto/built-in.a
  CC      net/ethtool/tsinfo.o
  CC      drivers/tty/vt/vt_ioctl.o
  CC      drivers/connector/cn_proc.o
  CC      drivers/tty/vt/vc_screen.o
  CC      kernel/locking/qspinlock.o
  AR      lib/math/built-in.a
  CC      kernel/locking/rtmutex_api.o
  CC      lib/crc/crc16.o
  HOSTCC  lib/crc/gen_crc32table
  AS      lib/crc/x86/crc32-pclmul.o
  AR      arch/x86/kernel/fpu/built-in.a
  CC      arch/x86/kernel/step.o
  CC      kernel/power/console.o
  CC      arch/x86/kernel/i8237.o
  CC      kernel/locking/qrwlock.o
  GEN     lib/crc/crc32table.h
  CC      lib/crc/crc32-main.o
  CC      drivers/char/agp/intel-gtt.o
  CC      mm/page_vma_mapped.o
  CC      fs/mnt_idmapping.o
  AR      kernel/sched/built-in.a
  CC      net/core/xdp.o
  CC      drivers/base/component.o
  CC      drivers/block/loop.o
  CC      net/core/flow_offload.o
  CC      lib/crypto/hash_info.o
  CC      drivers/tty/vt/selection.o
  CC      kernel/power/process.o
  CC      net/ethtool/cabletest.o
  AR      lib/crc/built-in.a
  AR      drivers/connector/built-in.a
  AR      kernel/locking/built-in.a
  CC      lib/crypto/memneq.o
  CC      arch/x86/kernel/stacktrace.o
  CC      drivers/base/core.o
  CC      fs/remap_range.o
  CC      net/wireless/core.o
  CC      kernel/printk/printk.o
  CC      mm/pagewalk.o
  AR      drivers/char/agp/built-in.a
  CC      drivers/tty/hvc/hvc_console.o
  CC      kernel/printk/printk_safe.o
  CC      lib/crypto/utils.o
  AR      drivers/char/built-in.a
  CC      arch/x86/kernel/cpu/cacheinfo.o
  CC      net/core/gro.o
  CC      drivers/tty/vt/keyboard.o
  CC      lib/crypto/aes.o
  CC      arch/x86/kernel/cpu/scattered.o
  CC      kernel/power/suspend.o
  CC      drivers/block/virtio_blk.o
  CC      net/rfkill/core.o
  CC      net/ethtool/tunnels.o
  CC      fs/pidfs.o
  CC      mm/pgtable-generic.o
  AR      drivers/tty/hvc/built-in.a
  CC      net/9p/mod.o
  CC      net/mac80211/main.o
  CC      kernel/power/hibernate.o
  AS      lib/crypto/x86/aes-aesni.o
  CC      lib/crypto/arc4.o
  CC      arch/x86/kernel/cpu/topology_common.o
  CC      net/9p/client.o
  CC      drivers/tty/vt/vt.o
  CC      mm/rmap.o
  CC      lib/crypto/blake2s.o
  CC      net/ethtool/fec.o
  CC      kernel/printk/nbcon.o
  CC      net/rfkill/input.o
  CC      arch/x86/kernel/cpu/topology_ext.o
  AR      drivers/block/built-in.a
  CC      drivers/base/bus.o
  CC      drivers/tty/serial/serial_core.o
  CC      net/core/netdev-genl.o
  CC      fs/file_attr.o
  CC      drivers/base/dd.o
  CC      arch/x86/kernel/cpu/topology_amd.o
  CC      lib/crypto/chacha-block-generic.o
  CC      kernel/power/snapshot.o
  AR      net/rfkill/built-in.a
  CC      net/sysctl_net.o
  CC      lib/crypto/gf128hash.o
  CC      kernel/printk/printk_ringbuffer.o
  CC      net/wireless/sysfs.o
  CC      lib/crypto/sha1.o
  CC      net/ethtool/eeprom.o
  CC      arch/x86/kernel/cpu/cpuid_parser.o
  AR      arch/x86/kernel/acpi/built-in.a
  CC      kernel/irq/irqdesc.o
  CC      arch/x86/kernel/cpu/common.o
  CC      drivers/base/syscore.o
  CC      fs/fserror.o
  CC      net/9p/error.o
  CC      kernel/printk/sysctl.o
  CC      lib/crypto/sha256.o
  CC      mm/vmalloc.o
  CC      kernel/irq/handle.o
  CC      net/mac80211/status.o
  CC      drivers/tty/vt/defkeymap.o
  CC      net/core/netdev-genl-gen.o
  CC      net/9p/protocol.o
  CC      kernel/power/swap.o
  CC      drivers/tty/serial/serial_base_bus.o
  CC      drivers/tty/vt/consolemap.o
  AR      kernel/printk/built-in.a
  CC      lib/crypto/sha512.o
  CC      fs/nullfs.o
  CC      kernel/power/user.o
  CC      drivers/misc/eeprom/eeprom_93cx6.o
  CC      net/ethtool/stats.o
  CC      kernel/irq/manage.o
  CC      drivers/base/driver.o
  CC      net/9p/trans_common.o
  AR      drivers/misc/eeprom/built-in.a
  AR      drivers/misc/built-in.a
  CC      net/core/netdev_work.o
  CC      drivers/tty/serial/serial_ctrl.o
  CC      lib/crypto/mpi/generic_mpih-lshift.o
  CC      drivers/base/class.o
  CC      fs/buffer.o
  CC      lib/crypto/mpi/generic_mpih-mul1.o
  HOSTCC  drivers/tty/vt/conmakehash
  CC      net/ethtool/phc_vclocks.o
  CC      arch/x86/kernel/cpu/rdrand.o
  CC      drivers/tty/vt/ucs.o
  CC      net/wireless/radiotap.o
  CC      kernel/power/poweroff.o
  CC      arch/x86/kernel/cpu/match.o
  CONMK   drivers/tty/vt/consolemap_deftbl.c
  CC      drivers/tty/vt/consolemap_deftbl.o
  CC      net/9p/trans_virtio.o
  AR      drivers/tty/vt/built-in.a
  CC      arch/x86/kernel/reboot.o
  CC      lib/crypto/mpi/generic_mpih-mul2.o
  CC      drivers/tty/serial/serial_port.o
  CC      net/ethtool/mm.o
  CC      kernel/rcu/update.o
  AR      kernel/power/built-in.a
  CC      drivers/base/platform.o
  CC      kernel/irq/spurious.o
  CC      drivers/base/cpu.o
  CC      net/core/gso.o
  CC      arch/x86/kernel/cpu/bugs.o
  CC      lib/crypto/mpi/generic_mpih-mul3.o
  CC      net/mac80211/driver-ops.o
  CC      mm/vma.o
  CC      drivers/tty/serial/earlycon.o
  CC      net/wireless/util.o
  CC      kernel/rcu/sync.o
  CC      drivers/tty/serial/8250/8250_core.o
  CC      drivers/tty/serial/8250/8250_platform.o
  CC      kernel/irq/resend.o
  CC      drivers/base/firmware.o
  CC      net/core/net-sysfs.o
  AR      net/9p/built-in.a
  CC      net/ethtool/module.o
  CC      lib/crypto/mpi/generic_mpih-rshift.o
  CC      drivers/tty/serial/8250/8250_port.o
  CC      fs/mpage.o
  CC      arch/x86/kernel/cpu/aperfmperf.o
  CC      drivers/base/init.o
  CC      arch/x86/kernel/cpu/cpuid-deps.o
  CC      kernel/irq/chip.o
  CC      fs/proc_namespace.o
  CC      fs/direct-io.o
  CC      lib/crypto/mpi/generic_mpih-sub1.o
  CC      kernel/rcu/srcutree.o
  CC      lib/crypto/mpi/generic_mpih-add1.o
  CC      drivers/base/map.o
  CC      lib/crypto/mpi/mpicoder.o
  CC      arch/x86/kernel/cpu/cpuid_0x2_table.o
  CC      mm/vma_exec.o
  CC      fs/notify/fsnotify.o
  CC      net/ethtool/cmis_fw_update.o
  CC      mm/process_vm_access.o
  CC      net/ethtool/cmis_cdb.o
  CC      kernel/irq/dummychip.o
  CC      mm/page_alloc.o
  CC      drivers/tty/serial/8250/8250_dwlib.o
  CC      arch/x86/kernel/cpu/umwait.o
  CC      fs/notify/notification.o
  CC      drivers/base/devres.o
  CC      net/core/hotdata.o
  CC      lib/crypto/mpi/mpi-add.o
  CC      net/mac80211/sta_info.o
  CC      kernel/rcu/tree.o
  CC      net/dns_resolver/dns_key.o
  CC      kernel/irq/devres.o
  CC      net/wireless/reg.o
  CC      net/dns_resolver/dns_query.o
  CC      arch/x86/kernel/cpu/capflags.o
  CC      drivers/tty/serial/8250/8250_pcilib.o
  CC      arch/x86/kernel/cpu/powerflags.o
  CC      drivers/base/attribute_container.o
  CC      fs/notify/group.o
  CC      arch/x86/kernel/cpu/topology.o
  CC      net/ethtool/pse-pd.o
  CC      lib/crypto/mpi/mpi-bit.o
  CC      net/wireless/scan.o
  CC      net/core/netdev_config.o
  CC      kernel/irq/kexec.o
  CC      fs/eventpoll.o
  CC      net/mac80211/wep.o
  CC      drivers/base/transport_class.o
  AR      net/dns_resolver/built-in.a
  CC      kernel/rcu/rcu_segcblist.o
  CC      arch/x86/kernel/cpu/proc.o
  CC      drivers/tty/serial/8250/8250_early.o
  CC      lib/crypto/mpi/mpi-cmp.o
  CC      fs/notify/mark.o
  CC      kernel/irq/autoprobe.o
  CC      drivers/base/topology.o
  CC      net/core/netdev_rx_queue.o
  CC      lib/vdso/datastore.o
  CC      net/ethtool/plca.o
  CC      arch/x86/kernel/cpu/feat_ctl.o
  CC      drivers/tty/serial/8250/8250_exar.o
  CC      lib/crypto/mpi/mpi-sub-ui.o
  CC      kernel/irq/irqdomain.o
  CC      drivers/base/container.o
  CC      mm/page_frag_cache.o
  CC      net/wireless/nl80211.o
  CC      arch/x86/kernel/cpu/intel.o
  CC      fs/notify/fdinfo.o
  AR      lib/vdso/built-in.a
  CC      arch/x86/kernel/cpu/tsx.o
  CC      arch/x86/kernel/cpu/intel_epb.o
  CC      drivers/base/property.o
  CC      lib/crypto/mpi/mpi-div.o
  CC      net/core/netdev_queues.o
  CC      net/ethtool/phy.o
  CC      drivers/tty/serial/8250/8250_lpss.o
  CC      fs/notify/dnotify/dnotify.o
  CC      drivers/base/cacheinfo.o
  AR      kernel/rcu/built-in.a
  CC      arch/x86/kernel/msr.o
  CC      mm/init-mm.o
  CC      mm/memblock.o
  CC      arch/x86/kernel/cpu/amd.o
  CC      kernel/irq/proc.o
  CC      lib/crypto/mpi/mpi-mod.o
  CC      arch/x86/kernel/cpu/amd_cache_disable.o
  CC      net/mac80211/aead_api.o
  CC      arch/x86/kernel/cpu/hygon.o
  CC      drivers/base/swnode.o
  CC      net/ethtool/tsconfig.o
  CC      drivers/tty/serial/8250/8250_mid.o
  CC      drivers/tty/serial/8250/8250_pci.o
  CC      lib/crypto/mpi/mpi-mul.o
  AR      fs/notify/dnotify/built-in.a
  CC      drivers/base/faux.o
  AR      fs/notify/inotify/built-in.a
  AR      fs/notify/built-in.a
  CC      fs/anon_inodes.o
  CC      kernel/irq/migration.o
  CC      net/core/page_pool.o
  CC      net/mac80211/wpa.o
  CC      mm/slub.o
  CC      net/core/page_pool_user.o
  CC      arch/x86/kernel/cpuid.o
  CC      arch/x86/kernel/cpu/cyrix.o
  CC      arch/x86/kernel/cpu/centaur.o
  CC      arch/x86/kernel/cpu/transmeta.o
  CC      lib/crypto/mpi/mpih-cmp.o
  CC      drivers/base/devtmpfs.o
  CC      drivers/base/power/sysfs.o
  CC      kernel/irq/cpuhotplug.o
  CC      fs/signalfd.o
  CC      lib/crypto/mpi/mpih-div.o
  CC      kernel/irq/pm.o
  CC      net/ethtool/mse.o
  CC      lib/iomap.o
  CC      lib/iomap_copy.o
  CC      arch/x86/kernel/cpu/zhaoxin.o
  CC      drivers/tty/serial/8250/8250_pericom.o
  CC      drivers/base/power/generic_ops.o
  CC      arch/x86/kernel/cpu/vortex.o
  CC      net/mac80211/scan.o
  CC      net/wireless/mlme.o
  CC      kernel/irq/msi.o
  CC      net/core/net-procfs.o
  CC      lib/crypto/mpi/mpih-mul.o
  CC      fs/timerfd.o
  CC      lib/devres.o
  CC      arch/x86/kernel/early-quirks.o
  CC      mm/madvise.o
  CC      arch/x86/kernel/cpu/mce/core.o
  CC      drivers/base/power/common.o
  CC      arch/x86/kernel/cpu/mtrr/mtrr.o
  AR      drivers/tty/serial/8250/built-in.a
  AR      drivers/tty/serial/built-in.a
  AR      net/ethtool/built-in.a
  AR      drivers/tty/built-in.a
  CC      net/wireless/ibss.o
  CC      drivers/dma-buf/dma-buf.o
  CC      arch/x86/kernel/cpu/mtrr/if.o
  CC      drivers/base/power/qos.o
  CC      lib/crypto/mpi/mpi-pow.o
  CC      net/core/netpoll.o
  CC      kernel/irq/affinity.o
  CC      net/mac80211/offchannel.o
  CC      fs/eventfd.o
  CC      arch/x86/kernel/cpu/mtrr/generic.o
  CC      net/wireless/sme.o
  CC      kernel/irq/matrix.o
  CC      lib/crypto/mpi/mpiutil.o
  CC      arch/x86/kernel/cpu/mtrr/cleanup.o
  CC      mm/page_io.o
  CC      arch/x86/kernel/cpu/mce/severity.o
  CC      drivers/base/power/runtime.o
  CC      drivers/dma-buf/dma-fence.o
  CC      fs/aio.o
  CC      net/core/net-traces.o
  CC      net/mac80211/ht.o
  AR      lib/crypto/mpi/built-in.a
  AR      lib/crypto/built-in.a
  CC      lib/check_signature.o
  CC      arch/x86/kernel/cpu/mtrr/amd.o
  CC      kernel/dma/mapping.o
  CC      lib/assoc_array.o
  CC      drivers/base/firmware_loader/main.o
  CC      drivers/base/firmware_loader/builtin/main.o
  CC      arch/x86/kernel/cpu/mce/genpool.o
  CC      mm/swap_state.o
  AR      kernel/irq/built-in.a
  CC      net/wireless/chan.o
  CC      drivers/base/power/wakeirq.o
  AR      drivers/base/firmware_loader/builtin/built-in.a
  CC      arch/x86/kernel/smp.o
  CC      arch/x86/kernel/cpu/mtrr/cyrix.o
  CC      drivers/dma-buf/dma-fence-array.o
  CC      fs/locks.o
  CC      lib/bitrev.o
  CC      arch/x86/kernel/cpu/mce/intel.o
  CC      drivers/base/power/main.o
  CC      arch/x86/kernel/smpboot.o
  AR      drivers/base/firmware_loader/built-in.a
  CC      arch/x86/kernel/cpu/mce/amd.o
  CC      drivers/dma-buf/dma-fence-chain.o
  CC      arch/x86/kernel/cpu/mtrr/centaur.o
  CC      lib/xxhash.o
  CC      net/core/ptp_classifier.o
  CC      mm/swapfile.o
  CC      net/mac80211/agg-tx.o
  CC      kernel/dma/direct.o
  CC      drivers/dma-buf/dma-fence-unwrap.o
  CC      fs/binfmt_misc.o
  CC      arch/x86/kernel/cpu/mtrr/legacy.o
  CC      lib/genalloc.o
  CC      drivers/base/power/wakeup.o
  AR      arch/x86/kernel/cpu/mtrr/built-in.a
  CC      drivers/base/power/wakeup_stats.o
  CC      net/wireless/ethtool.o
  CC      drivers/base/power/trace.o
  CC      drivers/dma-buf/dma-resv.o
  CC      kernel/dma/ops_helpers.o
  CC      arch/x86/kernel/cpu/mce/threshold.o
  CC      lib/zlib_inflate/inffast.o
  CC      lib/zlib_inflate/inflate.o
  CC      net/mac80211/agg-rx.o
  CC      drivers/macintosh/mac_hid.o
  CC      fs/binfmt_script.o
  CC      drivers/base/module.o
  CC      drivers/base/platform-msi.o
  CC      lib/zlib_inflate/infutil.o
  CC      drivers/dma-buf/dma-buf-mapping.o
  CC      kernel/dma/remap.o
  AR      drivers/base/power/built-in.a
  CC      arch/x86/kernel/cpu/microcode/core.o
  CC      net/core/failover.o
  CC      arch/x86/kernel/cpu/microcode/intel.o
  CC      lib/zlib_inflate/inftrees.o
  CC      net/wireless/mesh.o
  AR      drivers/macintosh/built-in.a
  CC      fs/binfmt_elf.o
  CC      lib/lzo/lzo1x_compress.o
  CC      mm/dmapool.o
  CC      drivers/base/trace.o
  CC      lib/zlib_inflate/inflate_syms.o
  CC      drivers/scsi/scsi.o
  AR      arch/x86/kernel/cpu/mce/built-in.a
  CC      arch/x86/kernel/tsc_sync.o
  CC      net/mac80211/vht.o
  AR      kernel/dma/built-in.a
  CC      drivers/dma-buf/sync_file.o
  CC      kernel/entry/common.o
  CC      lib/lzo/lzo1x_compress_safe.o
  AR      lib/zlib_inflate/built-in.a
  CC      lib/lz4/lz4_compress.o
  CC      fs/mbcache.o
  CC      arch/x86/kernel/cpu/microcode/amd.o
  CC      mm/hugetlb.o
  CC      lib/zstd/zstd_decompress_module.o
  CC      net/core/devmem.o
  CC      lib/xz/xz_dec_syms.o
  AR      drivers/base/built-in.a
  CC      lib/xz/xz_dec_stream.o
  CC      lib/lzo/lzo1x_decompress_safe.o
  AR      drivers/dma-buf/built-in.a
  CC      arch/x86/kernel/setup_percpu.o
  CC      lib/zstd/decompress/huf_decompress.o
  CC      lib/zstd/decompress/zstd_ddict.o
  CC      fs/posix_acl.o
  CC      kernel/entry/syscall-common.o
  CC      lib/xz/xz_dec_lzma2.o
  CC      mm/hugetlb_sysfs.o
  CC      drivers/scsi/hosts.o
  CC      net/wireless/ap.o
  AR      lib/lzo/built-in.a
  CC      arch/x86/kernel/cpu/perfctr-watchdog.o
  CC      lib/percpu_counter.o
  AR      arch/x86/kernel/cpu/microcode/built-in.a
  CC      arch/x86/kernel/mpparse.o
  CC      fs/coredump.o
  CC      lib/xz/xz_dec_bcj.o
  CC      lib/lz4/lz4_decompress.o
  CC      drivers/ata/libata-core.o
  CC      drivers/net/mii.o
  CC      kernel/entry/syscall_user_dispatch.o
  CC      net/mac80211/he.o
  CC      arch/x86/kernel/cpu/vmware.o
  CC      drivers/scsi/scsi_ioctl.o
  AR      net/core/built-in.a
  CC      fs/drop_caches.o
  CC      drivers/scsi/scsicam.o
  CC      lib/zstd/decompress/zstd_decompress.o
  AR      lib/xz/built-in.a
  CC      arch/x86/kernel/apic/apic.o
  CC      lib/zstd/decompress/zstd_decompress_block.o
  CC      drivers/firewire/init_ohci1394_dma.o
  CC      drivers/ata/libata-scsi.o
  CC      arch/x86/kernel/trace_clock.o
  AR      kernel/entry/built-in.a
  CC      drivers/scsi/scsi_error.o
  CC      arch/x86/kernel/cpu/hypervisor.o
  CC      kernel/module/main.o
  CC      mm/hugetlb_sysctl.o
  CC      mm/migrate.o
  CC      drivers/net/loopback.o
  CC      fs/sysctls.o
  AR      lib/lz4/built-in.a
  CC      net/mac80211/s1g.o
  AR      drivers/firewire/built-in.a
  CC      arch/x86/kernel/cpu/mshyperv.o
  CC      kernel/module/strict_rwx.o
  CC      net/wireless/trace.o
  CC      kernel/freezer.o
  CC      fs/fhandle.o
  CC      drivers/net/netconsole.o
  CC      arch/x86/kernel/apic/apic_common.o
  CC      drivers/scsi/scsi_lib.o
  CC      net/mac80211/ibss.o
  CC      arch/x86/kernel/trace.o
  CC      net/wireless/ocb.o
  CC      drivers/cdrom/cdrom.o
  CC      arch/x86/kernel/cpu/debugfs.o
  CC      mm/early_ioremap.o
  CC      fs/iomap/trace.o
  CC      arch/x86/kernel/apic/apic_noop.o
  CC      fs/quota/dquot.o
  CC      fs/iomap/iter.o
  CC      kernel/module/kmod.o
  AR      arch/x86/kernel/cpu/built-in.a
  CC      mm/secretmem.o
  CC      arch/x86/kernel/apic/ipi.o
  CC      lib/zstd/zstd_common_module.o
  CC      drivers/net/phy/stubs.o
  CC      drivers/ata/libata-eh.o
  CC      mm/memfd.o
  CC      drivers/net/phy/mdio_bus.o
  CC      lib/zstd/common/debug.o
  CC      lib/syscall.o
  CC      lib/zstd/common/entropy_common.o
  CC      arch/x86/kernel/apic/vector.o
  CC      fs/iomap/buffered-io.o
  CC      kernel/module/tree_lookup.o
  AR      drivers/cdrom/built-in.a
  CC      drivers/scsi/constants.o
  CC      arch/x86/kernel/rethook.o
  CC      lib/zstd/common/error_private.o
  CC      lib/zstd/common/fse_decompress.o
  CC      kernel/stacktrace.o
  CC      arch/x86/kernel/vmcore_info_32.o
  CC      mm/execmem.o
  CC      arch/x86/kernel/machine_kexec_32.o
  CC      fs/proc/task_mmu.o
  CC      drivers/net/phy/phy.o
  CC      lib/zstd/common/zstd_common.o
  CC      fs/quota/quota_v2.o
  CC      kernel/module/kallsyms.o
  CC      kernel/module/procfs.o
  CC      net/mac80211/iface.o
  AR      lib/zstd/built-in.a
  CC      drivers/scsi/scsi_lib_dma.o
  CC      lib/errname.o
  CC      lib/nlattr.o
  CC      fs/iomap/direct-io.o
  CC      fs/quota/quota_tree.o
  AR      mm/built-in.a
  CC      fs/kernfs/mount.o
  CC      fs/iomap/ioend.o
  CC      kernel/time/time.o
  CC      drivers/ata/libata-transport.o
  CC      arch/x86/kernel/apic/init.o
  CC      kernel/module/sysfs.o
  CC      drivers/scsi/scsi_scan.o
  CC      arch/x86/kernel/apic/hw_nmi.o
  CC      drivers/net/phy/phy-c45.o
  CC      fs/quota/quota.o
  CC      kernel/time/timer.o
  CC      fs/quota/kqid.o
  CC      lib/cpu_rmap.o
  CC      drivers/net/phy/phy-core.o
  CC      fs/proc/inode.o
  CC      fs/kernfs/inode.o
  AR      kernel/module/built-in.a
  CC      drivers/net/phy/phy_device.o
  CC      arch/x86/kernel/apic/io_apic.o
  CC      fs/iomap/fiemap.o
  CC      drivers/net/phy/linkmode.o
  CC      drivers/ata/libata-trace.o
  CC      lib/glob.o
  CC      kernel/futex/core.o
  CC      drivers/scsi/scsi_sysfs.o
  CC      fs/proc/root.o
  CC      lib/dim/dim.o
  CC      fs/iomap/seek.o
  CC      kernel/futex/syscalls.o
  CC      fs/kernfs/dir.o
  AR      fs/quota/built-in.a
  CC      fs/kernfs/file.o
  CC      net/wireless/michael-mic.o
  AS      arch/x86/kernel/relocate_kernel_32.o
  CC      arch/x86/kernel/kprobes/core.o
  CC      net/mac80211/link.o
  CC      drivers/ata/libata-sata.o
  CC      lib/dim/net_dim.o
  CC      fs/iomap/bio.o
  CC      arch/x86/kernel/kprobes/opt.o
  CC      kernel/time/hrtimer.o
  CC      fs/proc/base.o
  CC      drivers/scsi/scsi_devinfo.o
  CC      arch/x86/kernel/apic/msi.o
  CC      drivers/net/phy/phy_link_topology.o
  CC      kernel/futex/pi.o
  CC      kernel/dma.o
  CC      fs/sysfs/file.o
  CC      fs/kernfs/symlink.o
  CC      fs/sysfs/dir.o
  CC      lib/dim/rdma_dim.o
  CC      drivers/ata/libata-sff.o
  CC      fs/iomap/swapfile.o
  AR      arch/x86/kernel/kprobes/built-in.a
  CC      lib/strncpy_from_user.o
  CC      fs/sysfs/symlink.o
  CC      arch/x86/kernel/apic/probe_32.o
  CC      kernel/futex/requeue.o
  AR      lib/dim/built-in.a
  CC      drivers/net/phy/phy_caps.o
  CC      drivers/scsi/scsi_sysctl.o
  AR      drivers/net/mdio/built-in.a
  CC      net/mac80211/rate.o
  CC      drivers/scsi/scsi_proc.o
  CC      drivers/scsi/scsi_debugfs.o
  AR      fs/kernfs/built-in.a
  CC      drivers/ata/libata-pmp.o
  CC      kernel/time/sleep_timeout.o
  AR      arch/x86/kernel/apic/built-in.a
  CC      arch/x86/kernel/module.o
  CC      lib/strnlen_user.o
  AR      fs/iomap/built-in.a
  CC      fs/proc/generic.o
  CC      kernel/smp.o
  CC      fs/sysfs/mount.o
  CC      fs/sysfs/group.o
  CC      kernel/futex/waitwake.o
  CC      drivers/pcmcia/cs.o
  CC      kernel/time/timekeeping.o
  AR      drivers/usb/built-in.a
  CC      drivers/pcmcia/socket_sysfs.o
  CC      drivers/scsi/scsi_trace.o
  CC      drivers/net/phy/mdio_bus_provider.o
  CC      lib/net_utils.o
  CC      arch/x86/kernel/doublefault_32.o
  CC      kernel/time/ntp.o
  CC      drivers/ata/libata-pata-timings.o
  CC      lib/sg_pool.o
  CC      fs/proc/array.o
  AR      kernel/futex/built-in.a
  CC      lib/stackdepot.o
  AR      fs/sysfs/built-in.a
  CC      net/mac80211/tkip.o
  CC      lib/asn1_decoder.o
  CC      drivers/pcmcia/cardbus.o
  CC      drivers/scsi/scsi_logging.o
  CC      arch/x86/kernel/early_printk.o
  CC      kernel/time/clocksource.o
  CC      drivers/net/phy/phy_port.o
  CC      fs/proc/fd.o
  CC      drivers/net/virtio_net.o
  CC      drivers/input/serio/serio.o
  CC      net/wireless/pmsr.o
  CC      drivers/ata/pata_amd.o
  CC      net/mac80211/aes_cmac.o
  CC      fs/devpts/inode.o
  CC      drivers/pcmcia/ds.o
  CC      drivers/scsi/scsi_pm.o
  CC      lib/oid_registry.o
  CC      fs/proc/proc_tty.o
  CC      arch/x86/kernel/amd_nb.o
  CC      kernel/time/jiffies.o
  CC      lib/sbitmap.o
  CC      kernel/uid16.o
  CC      drivers/input/serio/i8042.o
  CC      drivers/net/phy/mdio_device.o
  AR      drivers/net/ethernet/amazon/built-in.a
  CC      drivers/scsi/scsi_bsg.o
  CC      drivers/net/ethernet/broadcom/tg3.o
  CC      kernel/time/timer_list.o
  CC      drivers/ata/pata_oldpiix.o
  AR      fs/devpts/built-in.a
  CC      fs/proc/cmdline.o
  CC      fs/proc/consoles.o
  CC      drivers/ata/pata_sch.o
  CC      arch/x86/kernel/amd_node.o
  CC      drivers/pcmcia/pcmcia_resource.o
  CC      lib/group_cpus.o
  CC      net/mac80211/aes_gmac.o
  CC      drivers/scsi/scsi_common.o
  CC      drivers/pcmcia/cistpl.o
  CC      net/mac80211/fils_aead.o
  CC      kernel/time/timeconv.o
  CC      kernel/time/timecounter.o
  CC      fs/proc/cpuinfo.o
  CC      drivers/net/phy/mdio_devres.o
  CC      drivers/pcmcia/pcmcia_cis.o
  CC      arch/x86/kernel/paravirt.o
  CC      drivers/input/serio/serport.o
  CC      drivers/ata/pata_mpiix.o
  AR      lib/lib.a
  AR      lib/built-in.a
  CC      drivers/scsi/scsi_transport_spi.o
  CC      drivers/ata/ata_generic.o
  CC      kernel/time/alarmtimer.o
  CC      drivers/scsi/virtio_scsi.o
  CC      fs/proc/devices.o
  CC      net/wireless/shipped-certs.o
  CC      drivers/scsi/sd.o
  CC      drivers/input/serio/libps2.o
  CC      arch/x86/kernel/paravirt-spinlocks.o
  CC      drivers/net/phy/phy_package.o
  CC      kernel/kallsyms.o
  CC      drivers/pcmcia/rsrc_mgr.o
  CC      net/mac80211/cfg.o
  AR      drivers/net/wireless/built-in.a
  AR      drivers/ata/built-in.a
  CC      arch/x86/kernel/pcspeaker.o
  CC      arch/x86/kernel/check.o
  CC      drivers/input/input.o
  CC      fs/proc/loadavg.o
  CC      kernel/time/posix-timers.o
  AR      drivers/input/serio/built-in.a
  CC      arch/x86/kernel/uprobes.o
  CC      arch/x86/kernel/perf_regs.o
  CC      fs/proc/meminfo.o
  CC      drivers/pcmcia/rsrc_nonstatic.o
  CC      kernel/acct.o
  AR      net/wireless/built-in.a
  CC      drivers/input/input-compat.o
  CC      kernel/time/posix-cpu-timers.o
  CC      drivers/net/net_failover.o
  CC      drivers/net/phy/realtek/realtek_main.o
  CC      fs/netfs/buffered_read.o
  CC      drivers/rtc/lib.o
  CC      drivers/i2c/i2c-boardinfo.o
  CC      drivers/i2c/i2c-core-base.o
  CC      fs/proc/stat.o
  CC      drivers/pcmcia/yenta_socket.o
  CC      arch/x86/kernel/itmt.o
  CC      fs/netfs/buffered_write.o
  CC      fs/ext4/balloc.o
  CC      drivers/scsi/sr.o
  CC      drivers/input/input-mt.o
  CC      kernel/time/posix-clock.o
  CC      drivers/rtc/class.o
  CC      fs/proc/uptime.o
  CC      drivers/rtc/interface.o
  CC      net/mac80211/ethtool.o
  CC      net/mac80211/rx.o
  CC      arch/x86/kernel/umip.o
  AR      drivers/net/phy/realtek/built-in.a
  AR      drivers/net/phy/built-in.a
  CC      fs/netfs/direct_read.o
  CC      drivers/input/input-poller.o
  CC      fs/ext4/bitmap.o
  CC      kernel/time/itimer.o
  CC      fs/proc/util.o
  CC      drivers/scsi/sr_ioctl.o
  CC      fs/ext4/block_validity.o
  AR      drivers/pcmcia/built-in.a
  CC      net/mac80211/spectmgmt.o
  CC      drivers/i2c/i2c-core-smbus.o
  CC      arch/x86/kernel/unwind_frame.o
  CC      fs/proc/version.o
  CC      drivers/input/ff-core.o
  CC      drivers/i2c/i2c-smbus.o
  CC      fs/netfs/direct_write.o
  CC      drivers/rtc/nvmem.o
  CC      net/mac80211/tx.o
  CC      drivers/scsi/sr_vendor.o
  CC      fs/ext4/dir.o
  CC      kernel/time/clockevents.o
  CC      kernel/time/tick-common.o
  CC      fs/proc/softirqs.o
  CC      drivers/input/touchscreen.o
  LDS     arch/x86/kernel/vmlinux.lds
  AR      arch/x86/kernel/built-in.a
  CC      fs/jbd2/transaction.o
  CC      drivers/rtc/dev.o
  AR      arch/x86/built-in.a
  CC      fs/ramfs/inode.o
  CC      fs/hugetlbfs/inode.o
  CC      fs/fat/cache.o
  CC      drivers/i2c/busses/i2c-i801.o
  AR      drivers/net/ethernet/broadcom/built-in.a
  CC      drivers/scsi/sg.o
  CC      drivers/net/ethernet/intel/e100.o
  CC      fs/ramfs/file-mmu.o
  CC      fs/netfs/iterator.o
  CC      fs/proc/namespaces.o
  CC      drivers/input/touch-overlay.o
  CC      fs/ext4/ext4_jbd2.o
  CC      drivers/rtc/proc.o
  CC      kernel/time/tick-broadcast.o
  CC      fs/fat/dir.o
  CC      fs/proc/self.o
  AR      fs/ramfs/built-in.a
  CC      drivers/input/ff-memless.o
  CC      kernel/vmcore_info.o
  AR      drivers/i2c/busses/built-in.a
  CC      fs/netfs/locking.o
  CC      drivers/rtc/sysfs.o
  CC      drivers/input/sparse-keymap.o
  AR      drivers/i2c/built-in.a
  CC      fs/jbd2/commit.o
  CC      kernel/time/tick-broadcast-hrtimer.o
  CC      kernel/elfcorehdr.o
  AR      fs/hugetlbfs/built-in.a
  CC      drivers/input/vivaldi-fmap.o
  CC      fs/proc/thread_self.o
  AR      drivers/scsi/built-in.a
  CC      fs/netfs/main.o
  CC      drivers/rtc/rtc-mc146818-lib.o
  CC      kernel/time/tick-oneshot.o
  CC      fs/jbd2/recovery.o
  CC      fs/ext4/extents.o
  CC      kernel/time/tick-sched.o
  CC      fs/netfs/misc.o
  CC      drivers/input/input-leds.o
  CC      drivers/net/ethernet/intel/e1000/e1000_main.o
  CC      fs/fat/fatent.o
  CC      net/mac80211/key.o
  CC      drivers/net/ethernet/intel/e1000/e1000_hw.o
  CC      fs/proc/proc_sysctl.o
  CC      drivers/net/ethernet/intel/e1000/e1000_ethtool.o
  CC      drivers/net/ethernet/intel/e1000/e1000_param.o
  CC      drivers/rtc/rtc-cmos.o
  CC      kernel/kexec_core.o
  CC      drivers/input/evdev.o
  CC      fs/jbd2/checkpoint.o
  CC      kernel/time/timer_migration.o
  CC      fs/ext4/extents_status.o
  CC      fs/fat/file.o
  AR      drivers/rtc/built-in.a
  CC      kernel/kexec.o
  CC      fs/netfs/objects.o
  CC      fs/ext4/file.o
  CC      fs/proc/proc_net.o
  CC      fs/ext4/fsmap.o
  CC      drivers/input/keyboard/atkbd.o
  CC      fs/jbd2/revoke.o
  CC      fs/fat/inode.o
  CC      fs/jbd2/journal.o
  CC      kernel/utsname.o
  CC      drivers/net/ethernet/marvell/sky2.o
  CC      net/mac80211/util.o
  CC      fs/netfs/read_collect.o
  CC      fs/proc/kcore.o
  CC      fs/ext4/fsync.o
  CC      net/mac80211/parse.o
  AR      drivers/net/ethernet/intel/e1000/built-in.a
  CC      kernel/time/vsyscall.o
  AR      drivers/net/ethernet/intel/built-in.a
  AR      drivers/input/keyboard/built-in.a
  CC      fs/netfs/read_pgpriv2.o
  CC      fs/netfs/read_retry.o
  CC      drivers/input/mouse/psmouse-base.o
  AR      drivers/net/ethernet/marvell/octeon_ep/built-in.a
  CC      fs/isofs/namei.o
  CC      fs/exportfs/expfs.o
  CC      fs/isofs/inode.o
  CC      kernel/time/timekeeping_debug.o
  CC      drivers/input/mouse/synaptics.o
  CC      fs/fat/misc.o
  CC      fs/proc/kmsg.o
  AR      fs/exportfs/built-in.a
  CC      fs/netfs/read_single.o
  CC      drivers/input/mouse/focaltech.o
  CC      fs/nls/nls_base.o
  CC      drivers/input/mouse/alps.o
  CC      net/mac80211/wme.o
  CC      fs/isofs/dir.o
  CC      fs/ext4/hash.o
  AR      kernel/time/built-in.a
  CC      kernel/pid_namespace.o
  CC      fs/proc/page.o
  CC      fs/nls/nls_cp437.o
  CC      fs/nls/nls_ascii.o
  CC      fs/fat/nfs.o
  AR      fs/jbd2/built-in.a
  CC      fs/ext4/ialloc.o
  AR      drivers/net/ethernet/meta/built-in.a
  CC      fs/isofs/util.o
  CC      fs/netfs/rolling_buffer.o
  CC      fs/fat/namei_vfat.o
  CC      net/mac80211/chan.o
  CC      fs/nls/nls_iso8859-1.o
  CC      kernel/stop_machine.o
  AR      drivers/net/ethernet/marvell/octeon_ep_vf/built-in.a
  AR      drivers/net/ethernet/marvell/octeontx2/built-in.a
  AR      drivers/net/ethernet/marvell/prestera/built-in.a
  AR      fs/proc/built-in.a
  AR      drivers/net/ethernet/marvell/built-in.a
  CC      drivers/input/mouse/byd.o
  CC      fs/fat/namei_msdos.o
  AR      drivers/net/ethernet/micrel/built-in.a
  AR      drivers/net/ethernet/microchip/built-in.a
  CC      net/mac80211/ap.o
  AR      drivers/net/ethernet/nvidia/built-in.a
  CC      drivers/net/ethernet/realtek/8139too.o
  CC      drivers/net/ethernet/realtek/r8169_main.o
  CC      fs/isofs/rock.o
  CC      drivers/net/ethernet/realtek/r8169_firmware.o
  CC      fs/nls/nls_utf8.o
  CC      fs/isofs/export.o
  CC      drivers/input/mouse/logips2pp.o
  CC      fs/netfs/write_collect.o
  CC      fs/netfs/write_issue.o
  AR      fs/nls/built-in.a
  CC      fs/netfs/write_retry.o
  CC      kernel/kprobes.o
  CC      drivers/pps/pps.o
  AR      drivers/net/ethernet/rdc/built-in.a
  CC      drivers/pps/kapi.o
  AR      fs/fat/built-in.a
  CC      net/mac80211/trace.o
  CC      kernel/seccomp.o
  CC      drivers/input/mouse/lifebook.o
  CC      fs/ext4/indirect.o
  CC      fs/isofs/joliet.o
  CC      drivers/net/ethernet/realtek/r8169_phy_config.o
  CC      drivers/pps/sysfs.o
  CC      drivers/ptp/ptp_clock.o
  CC      drivers/ptp/ptp_chardev.o
  CC      drivers/input/mouse/trackpoint.o
  CC      kernel/relay.o
  CC      fs/ext4/inline.o
  CC      fs/isofs/compress.o
  AR      fs/netfs/built-in.a
  CC      kernel/utsname_sysctl.o
  AR      drivers/pps/built-in.a
  CC      drivers/input/mouse/cypress_ps2.o
  CC      drivers/input/mouse/psmouse-smbus.o
  CC      fs/ext4/inode.o
  CC      drivers/ptp/ptp_sysfs.o
  CC      fs/autofs/init.o
  AR      drivers/net/ethernet/samsung/built-in.a
  CC      fs/autofs/inode.o
  AR      fs/isofs/built-in.a
  CC      fs/autofs/root.o
  CC      drivers/power/supply/power_supply_core.o
  CC      kernel/delayacct.o
  CC      drivers/hwmon/hwmon.o
  CC      drivers/thermal/thermal_core.o
  CC      drivers/thermal/thermal_sysfs.o
  CC      kernel/taskstats.o
  AR      drivers/net/ethernet/realtek/built-in.a
  AR      drivers/net/ethernet/smsc/built-in.a
  CC      kernel/tsacct.o
  AR      drivers/net/ethernet/sun/built-in.a
  AR      drivers/net/ethernet/vertexcom/built-in.a
  AR      drivers/net/ethernet/xircom/built-in.a
  AR      drivers/input/mouse/built-in.a
  AR      drivers/net/ethernet/built-in.a
  AR      drivers/input/built-in.a
  AR      drivers/net/built-in.a
  CC      kernel/tracepoint.o
  CC      net/mac80211/mlme.o
  CC      fs/autofs/symlink.o
  CC      drivers/ptp/ptp_vclock.o
  CC      drivers/md/md.o
  CC      drivers/power/supply/power_supply_sysfs.o
  CC      drivers/cpufreq/cpufreq.o
  CC      drivers/md/md-bitmap.o
  CC      fs/ext4/ioctl.o
  CC      fs/autofs/waitq.o
  CC      drivers/thermal/thermal_trip.o
  CC      fs/autofs/expire.o
  CC      drivers/power/supply/power_supply_leds.o
  CC      net/mac80211/tdls.o
  AR      drivers/hwmon/built-in.a
  CC      kernel/irq_work.o
  CC      kernel/trace/trace_clock.o
  AR      drivers/ptp/built-in.a
  CC      kernel/bpf/core.o
  CC      kernel/trace/ring_buffer.o
  CC      drivers/thermal/thermal_helpers.o
  CC      kernel/trace/trace.o
  CC      drivers/power/supply/power_supply_hwmon.o
  CC      drivers/thermal/thermal_thresholds.o
  CC      fs/ext4/mballoc.o
  CC      kernel/static_call.o
  CC      fs/autofs/dev-ioctl.o
  AR      drivers/power/supply/built-in.a
  CC      drivers/cpufreq/freq_table.o
  AR      drivers/power/built-in.a
  CC      kernel/padata.o
  CC      kernel/events/core.o
  CC      drivers/thermal/thermal_netlink.o
  CC      drivers/cpufreq/cpufreq_performance.o
  CC      drivers/thermal/gov_step_wise.o
  CC      kernel/events/ring_buffer.o
  CC      drivers/md/md-autodetect.o
  AR      fs/autofs/built-in.a
  CC      drivers/cpufreq/cpufreq_userspace.o
  CC      drivers/cpuidle/cpuidle.o
  CC      drivers/cpuidle/driver.o
  CC      kernel/events/callchain.o
  CC      drivers/cpufreq/cpufreq_ondemand.o
  CC      drivers/thermal/intel/intel_tcc.o
  CC      drivers/thermal/intel/therm_throt.o
  CC      kernel/events/hw_breakpoint.o
  AR      kernel/bpf/built-in.a
  CC      drivers/cpuidle/governor.o
  CC      fs/ext4/migrate.o
  CC      fs/debugfs/inode.o
  CC      fs/debugfs/file.o
  CC      drivers/cpufreq/cpufreq_governor.o
  CC      net/mac80211/ocb.o
  CC      kernel/trace/trace_output.o
  CC      kernel/jump_label.o
  CC      drivers/cpuidle/sysfs.o
  CC      drivers/cpuidle/governors/menu.o
  AR      drivers/thermal/intel/built-in.a
  CC      drivers/cpufreq/cpufreq_governor_attr_set.o
  CC      fs/ext4/mmp.o
  CC      drivers/md/dm.o
  AR      drivers/thermal/built-in.a
  CC      kernel/events/uprobes.o
  CC      drivers/cpufreq/intel_pstate.o
  CC      net/mac80211/airtime.o
  CC      net/mac80211/eht.o
  AR      fs/debugfs/built-in.a
  CC      kernel/context_tracking.o
  CC      fs/tracefs/inode.o
  AR      drivers/cpuidle/governors/built-in.a
  CC      drivers/cpuidle/poll_state.o
  CC      fs/tracefs/event_inode.o
  CC      drivers/firmware/dmi_scan.o
  CC      net/mac80211/uhr.o
  AR      drivers/cpuidle/built-in.a
  CC      fs/ext4/move_extent.o
  CC      kernel/trace/trace_seq.o
  CC      kernel/iomem.o
  CC      net/mac80211/nan.o
  CC      drivers/md/dm-table.o
  CC      drivers/clocksource/i8253.o
  CC      fs/ext4/namei.o
  CC      kernel/trace/trace_stat.o
  CC      net/mac80211/pm.o
  AR      fs/tracefs/built-in.a
  CC      drivers/firmware/dmi-id.o
  CC      net/mac80211/rc80211_minstrel_ht.o
  CC      drivers/md/dm-target.o
  AR      drivers/clocksource/built-in.a
  CC      drivers/hid/hid-core.o
  AR      drivers/cpufreq/built-in.a
  CC      drivers/firmware/memmap.o
  CC      kernel/trace/trace_printk.o
  CC      fs/ext4/page-io.o
  AR      kernel/events/built-in.a
  CC      kernel/rseq.o
  CC      kernel/trace/trace_pid.o
  CC      kernel/trace/pid_list.o
  CC      drivers/hid/hid-input.o
  CC      drivers/hid/hid-quirks.o
  AR      drivers/firmware/efi/built-in.a
  CC      drivers/hid/hid-debug.o
  AR      drivers/firmware/built-in.a
  CC      drivers/md/dm-linear.o
  CC      kernel/trace/trace_sched_switch.o
  CC      drivers/hid/hidraw.o
  CC      drivers/md/dm-stripe.o
  CC      drivers/hid/hid-generic.o
  CC      net/mac80211/wbrf.o
  CC      drivers/hid/hid-gyration.o
  CC      fs/ext4/readpage.o
  CC      drivers/platform/x86/p2sb.o
  CC      kernel/trace/trace_nop.o
  CC      fs/ext4/resize.o
  CC      drivers/hid/hid-pl.o
  CC      drivers/md/dm-ioctl.o
  CC      kernel/trace/blktrace.o
  CC      drivers/hid/hid-petalynx.o
  CC      drivers/hid/hid-topseed.o
  CC      fs/ext4/super.o
  CC      drivers/nvmem/core.o
  CC      kernel/trace/trace_events.o
  AR      drivers/platform/x86/built-in.a
  AR      drivers/platform/built-in.a
  CC      kernel/trace/trace_export.o
  CC      drivers/md/dm-io.o
  CC      fs/ext4/symlink.o
  CC      drivers/md/dm-kcopyd.o
  CC      kernel/trace/trace_event_perf.o
  CC      fs/ext4/sysfs.o
  AR      net/mac80211/built-in.a
  CC      kernel/trace/trace_events_filter.o
  AR      net/built-in.a
  CC      drivers/md/dm-sysfs.o
  AR      drivers/hid/built-in.a
  CC      kernel/trace/trace_events_trigger.o
  CC      drivers/md/dm-stats.o
  AR      drivers/nvmem/built-in.a
  CC      fs/ext4/xattr.o
  CC      kernel/trace/trace_eprobe.o
  CC      kernel/trace/trace_kprobe.o
  CC      drivers/md/dm-rq.o
  CC      fs/ext4/xattr_hurd.o
  CC      kernel/trace/error_report-traces.o
  CC      drivers/md/dm-io-rewind.o
  CC      kernel/trace/power-traces.o
  CC      fs/ext4/xattr_trusted.o
  CC      drivers/md/dm-builtin.o
  CC      fs/ext4/xattr_user.o
  CC      kernel/trace/rpm-traces.o
  CC      fs/ext4/fast_commit.o
  CC      kernel/trace/trace_dynevent.o
  CC      drivers/md/dm-raid1.o
  CC      fs/ext4/orphan.o
  CC      kernel/trace/trace_probe.o
  CC      fs/ext4/xattr_security.o
  CC      drivers/md/dm-log.o
  CC      kernel/trace/trace_uprobe.o
  CC      kernel/trace/rethook.o
  CC      drivers/md/dm-region-hash.o
  CC      drivers/md/dm-zero.o
  AR      drivers/md/built-in.a
  AR      drivers/built-in.a
  AR      kernel/trace/built-in.a
  AR      kernel/built-in.a
  AR      fs/ext4/built-in.a
  AR      fs/built-in.a
  AR      built-in.a
  AR      built-in-fixup.a
  COPY    vmlinux.a
  LD      vmlinux.o
  MODPOST vmlinux.symvers
  CC      .vmlinux.export.o
  UPD     include/generated/utsversion.h
  CC      init/version-timestamp.o
  KSYMS   .tmp_vmlinux0.kallsyms.S
  AS      .tmp_vmlinux0.kallsyms.o
  LD      .tmp_vmlinux1
  NM      .tmp_vmlinux1.syms
  KSYMS   .tmp_vmlinux1.kallsyms.S
  AS      .tmp_vmlinux1.kallsyms.o
  LD      .tmp_vmlinux2
  NM      .tmp_vmlinux2.syms
  KSYMS   .tmp_vmlinux2.kallsyms.S
  AS      .tmp_vmlinux2.kallsyms.o
  LD      vmlinux.unstripped
  NM      System.map
  SORTTAB vmlinux.unstripped
  OBJCOPY vmlinux
  GEN     modules.builtin.modinfo
  GEN     modules.builtin
  CC      arch/x86/boot/a20.o
  AS      arch/x86/boot/bioscall.o
  CC      arch/x86/boot/cmdline.o
  AS      arch/x86/boot/copy.o
  HOSTCC  arch/x86/boot/mkcpustr
  CC      arch/x86/boot/cpuflags.o
  CC      arch/x86/boot/cpucheck.o
  CC      arch/x86/boot/early_serial_console.o
  CC      arch/x86/boot/edd.o
  CC      arch/x86/boot/main.o
  CC      arch/x86/boot/memory.o
  AS      arch/x86/boot/pmjump.o
  CC      arch/x86/boot/pm.o
  CC      arch/x86/boot/printf.o
  CC      arch/x86/boot/regs.o
  CC      arch/x86/boot/string.o
  CC      arch/x86/boot/tty.o
  CC      arch/x86/boot/video.o
  CC      arch/x86/boot/video-mode.o
  LDS     arch/x86/boot/compressed/vmlinux.lds
  AS      arch/x86/boot/compressed/kernel_info.o
  CC      arch/x86/boot/version.o
  AS      arch/x86/boot/compressed/head_32.o
  CC      arch/x86/boot/video-vga.o
  CC      arch/x86/boot/video-vesa.o
  CC      arch/x86/boot/video-bios.o
  CPUSTR  arch/x86/boot/cpustr.h
  VOFFSET arch/x86/boot/compressed/../voffset.h
  CC      arch/x86/boot/cpu.o
  CC      arch/x86/boot/compressed/string.o
  CC      arch/x86/boot/compressed/cmdline.o
  CC      arch/x86/boot/compressed/error.o
  OBJCOPY arch/x86/boot/compressed/vmlinux.bin
  RELOCS  arch/x86/boot/compressed/vmlinux.relocs
  HOSTCC  arch/x86/boot/compressed/mkpiggy
  CC      arch/x86/boot/compressed/cpuflags.o
  CC      arch/x86/boot/compressed/early_serial_console.o
  GZIP    arch/x86/boot/compressed/vmlinux.bin.gz
  CC      arch/x86/boot/compressed/misc.o
  MKPIGGY arch/x86/boot/compressed/piggy.S
  AS      arch/x86/boot/compressed/piggy.o
  LD      arch/x86/boot/compressed/vmlinux
  ZOFFSET arch/x86/boot/zoffset.h
  OBJCOPY arch/x86/boot/vmlinux.bin
  AS      arch/x86/boot/header.o
  LD      arch/x86/boot/setup.elf
  OBJCOPY arch/x86/boot/setup.bin
  BUILD   arch/x86/boot/bzImage
Kernel: arch/x86/boot/bzImage is ready  (#7)
make[3]: Leaving directory '/home/benni/git/kernel-test/build/randdefconfig-i386'
make[2]: Leaving directory '/home/benni/git/linux'
