make[4]: Entering directory '/mnt/git-volume/linux-stable-rc'
make[5]: Entering directory '/mnt/git-volume/kernel-test-stable-rc/build/rand500config-arm64'
#
# configuration written to .config
#
Using .config as base
Merging /mnt/git-volume/linux-stable-rc/kernel/configs/tiny.config
Value of CONFIG_CC_OPTIMIZE_FOR_SIZE is redefined by fragment /mnt/git-volume/linux-stable-rc/kernel/configs/tiny.config:
Previous value: # CONFIG_CC_OPTIMIZE_FOR_SIZE is not set
New value: CONFIG_CC_OPTIMIZE_FOR_SIZE=y

Value of CONFIG_SLUB_TINY is redefined by fragment /mnt/git-volume/linux-stable-rc/kernel/configs/tiny.config:
Previous value: # CONFIG_SLUB_TINY is not set
New value: CONFIG_SLUB_TINY=y

#
# merged configuration written to .config (needs make)
#
#
# configuration written to .config
#
make[5]: Leaving directory '/mnt/git-volume/kernel-test-stable-rc/build/rand500config-arm64'
make[4]: Leaving directory '/mnt/git-volume/linux-stable-rc'
make[4]: Entering directory '/mnt/git-volume/linux-stable-rc'
make[5]: Entering directory '/tmp/tmp.DnWGILwMT2'
  UPD     /tmp/tmp.DnWGILwMT2/Makefile
  HOSTCC  scripts/basic/fixdep
  HOSTCC  scripts/kconfig/conf.o
  HOSTCC  scripts/kconfig/confdata.o
  HOSTCC  scripts/kconfig/expr.o
  LEX     scripts/kconfig/lexer.lex.c
  YACC    scripts/kconfig/parser.tab.[ch]
  HOSTCC  scripts/kconfig/lexer.lex.o
  HOSTCC  scripts/kconfig/menu.o
  HOSTCC  scripts/kconfig/parser.tab.o
  HOSTCC  scripts/kconfig/preprocess.o
  HOSTCC  scripts/kconfig/symbol.o
  HOSTCC  scripts/kconfig/util.o
  HOSTLD  scripts/kconfig/conf
KCONFIG_SEED=0x1A4DDCD6
#
# configuration written to .config
#
make[5]: Leaving directory '/tmp/tmp.DnWGILwMT2'
make[4]: Leaving directory '/mnt/git-volume/linux-stable-rc'
make[4]: Entering directory '/mnt/git-volume/linux-stable-rc'
make[5]: Entering directory '/tmp/tmp.DnWGILwMT2'
.config:6954:warning: override: reassigning to symbol PRINTK
.config:6958:warning: override: reassigning to symbol TTY
.config:6961:warning: override: reassigning to symbol BLK_DEV_INITRD
.config:6962:warning: override: reassigning to symbol RD_GZIP
.config:6965:warning: override: reassigning to symbol BINFMT_ELF
.config:6966:warning: override: reassigning to symbol BINFMT_SCRIPT
.config:6969:warning: override: reassigning to symbol TMPFS
.config:6986:warning: override: reassigning to symbol MODULES
.config:6989:warning: override: reassigning to symbol DRM
.config:6990:warning: override: reassigning to symbol SOUND
.config:6991:warning: override: reassigning to symbol STAGING
.config:6993:warning: override: reassigning to symbol MEDIA_SUPPORT
.config:6999:warning: override: reassigning to symbol KCOV
.config:7002:warning: override: reassigning to symbol KCSAN
.config:7003:warning: override: reassigning to symbol KFENCE
.config:7004:warning: override: reassigning to symbol UBSAN
.config:7009:warning: override: reassigning to symbol RCU_TORTURE_TEST
.config:7010:warning: override: reassigning to symbol LOCK_TORTURE_TEST
.config:7017:warning: override: reassigning to symbol KUNIT
#
# configuration written to .config
#
make[5]: Leaving directory '/tmp/tmp.DnWGILwMT2'
make[4]: Leaving directory '/mnt/git-volume/linux-stable-rc'
make[4]: Entering directory '/mnt/git-volume/linux-stable-rc'
make[5]: Entering directory '/mnt/git-volume/kernel-test-stable-rc/build/rand500config-arm64'
.config:1549:warning: override: reassigning to symbol SYSVIPC
.config:1563:warning: override: reassigning to symbol VIRT_CPU_ACCOUNTING_GEN
.config:1565:warning: override: reassigning to symbol ARCH_DEFAULT_KEXEC_IMAGE_VERIFY_SIG
.config:1575:warning: override: reassigning to symbol DMA_DECLARE_COHERENT
.config:1579:warning: override: reassigning to symbol HZ_300
.config:1581:warning: override: reassigning to symbol TIMER_PROBE
.config:1587:warning: override: reassigning to symbol ARCH_HAS_FAST_MULTIPLIER
.config:1590:warning: override: reassigning to symbol ARCH_HAS_GCOV_PROFILE_ALL
.config:1619:warning: override: reassigning to symbol MFD_MT6397
.config:1624:warning: override: reassigning to symbol HAVE_PERF_USER_STACK_DUMP
.config:1626:warning: override: reassigning to symbol ARCH_STACKWALK
.config:1628:warning: override: reassigning to symbol ARCH_BINFMT_ELF_STATE
.config:1636:warning: override: reassigning to symbol BATTERY_DS2780
.config:1653:warning: override: reassigning to symbol HAVE_DYNAMIC_FTRACE
.config:1654:warning: override: reassigning to symbol FW_LOADER
.config:1685:warning: override: reassigning to symbol SPARSEMEM
.config:1686:warning: override: reassigning to symbol POWER_RESET
.config:1689:warning: override: reassigning to symbol ARCH_HAS_NMI_SAFE_THIS_CPU_OPS
.config:1690:warning: override: reassigning to symbol COMPAT_BRK
.config:1692:warning: override: reassigning to symbol KERNEL_MODE_NEON
.config:1696:warning: override: reassigning to symbol RUSTC_SUPPORTS_ARM64
.config:1703:warning: override: reassigning to symbol SECCOMP
.config:1706:warning: override: reassigning to symbol ARCH_HAS_FORCE_DMA_UNENCRYPTED
.config:1717:warning: override: reassigning to symbol ARCH_HAS_CACHE_LINE_SIZE
.config:1718:warning: override: reassigning to symbol CMA
.config:1724:warning: override: reassigning to symbol CAVIUM_ERRATUM_22375
.config:1725:warning: override: reassigning to symbol FTRACE
.config:1728:warning: override: reassigning to symbol ARCH_VISCONTI
.config:1731:warning: override: reassigning to symbol OF_IRQ
.config:1733:warning: override: reassigning to symbol TREE_SRCU
.config:1737:warning: override: reassigning to symbol CC_HAS_ASM_INLINE
.config:1738:warning: override: reassigning to symbol ARCH_MA35
.config:1740:warning: override: reassigning to symbol ARCH_MVEBU
.config:1741:warning: override: reassigning to symbol CRYPTO
.config:1749:warning: override: reassigning to symbol HAVE_BUILDTIME_MCOUNT_SORT
.config:1751:warning: override: reassigning to symbol DEBUG_VM_PGTABLE
.config:1753:warning: override: reassigning to symbol ARCH_HAS_MEMBARRIER_SYNC_CORE
.config:1758:warning: override: reassigning to symbol HYPERV
.config:1759:warning: override: reassigning to symbol ARCH_SUPPORTS_KEXEC_HANDOVER
.config:1768:warning: override: reassigning to symbol RELAY
.config:1771:warning: override: reassigning to symbol ARCH_HAS_FORTIFY_SOURCE
.config:1773:warning: override: reassigning to symbol CC_HAS_WORKING_NOSANITIZE_ADDRESS
.config:1785:warning: override: reassigning to symbol PREEMPTION
.config:1789:warning: override: reassigning to symbol HAVE_ARCH_TRACEHOOK
.config:1798:warning: override: reassigning to symbol NO_HZ
.config:1800:warning: override: reassigning to symbol XILINX_SDFEC
.config:1807:warning: override: reassigning to symbol GPIB
.config:1814:warning: override: reassigning to symbol ARM64_SVE
.config:1817:warning: override: reassigning to symbol PHY_CAN_TRANSCEIVER
.config:1838:warning: override: reassigning to symbol CHARGER_MAX8903
.config:1847:warning: override: reassigning to symbol GENERIC_CLOCKEVENTS_BROADCAST
.config:1848:warning: override: reassigning to symbol TRACE_IRQFLAGS_SUPPORT
.config:1853:warning: override: reassigning to symbol ARCH_HAS_DEBUG_WX
.config:1857:warning: override: reassigning to symbol ARCH_SUNXI
.config:1874:warning: override: reassigning to symbol DEBUG_LIST
.config:1879:warning: override: reassigning to symbol ARCH_USE_QUEUED_SPINLOCKS
.config:1884:warning: override: reassigning to symbol GENERIC_CPU_CACHE_MAINTENANCE
.config:1889:warning: override: reassigning to symbol HARDLOCKUP_DETECTOR
.config:1897:warning: override: reassigning to symbol ARCH_ROCKCHIP
.config:1912:warning: override: reassigning to symbol GENERIC_IOREMAP
.config:1915:warning: override: reassigning to symbol DEBUG_FORCE_FUNCTION_ALIGN_64B
.config:1916:warning: override: reassigning to symbol CPU_LITTLE_ENDIAN
.config:1919:warning: override: reassigning to symbol LIBFDT
.config:1924:warning: override: reassigning to symbol ARM64_AMU_EXTN
.config:1925:warning: override: reassigning to symbol WATCHDOG
.config:1927:warning: override: reassigning to symbol PINCTRL
.config:1934:warning: override: reassigning to symbol STACKPROTECTOR
.config:1936:warning: override: reassigning to symbol ARCH_HAS_ELF_RANDOMIZE
.config:1955:warning: override: reassigning to symbol ARCH_HAS_STRICT_KERNEL_RWX
.config:1975:warning: override: reassigning to symbol CPUMASK_OFFSTACK
.config:1983:warning: override: reassigning to symbol WQ_CPU_INTENSIVE_REPORT
.config:1984:warning: override: reassigning to symbol RANDOM32_SELFTEST
.config:1987:warning: override: reassigning to symbol DEFERRED_STRUCT_PAGE_INIT
.config:1993:warning: override: reassigning to symbol AUXDISPLAY
.config:1997:warning: override: reassigning to symbol MFD_SM501
.config:1998:warning: override: reassigning to symbol SCHED_SMT
.config:2000:warning: override: reassigning to symbol PSI
.config:2007:warning: override: reassigning to symbol ARCH_SUPPORTS_MSEAL_SYSTEM_MAPPINGS
.config:2010:warning: override: reassigning to symbol PAGE_MAPCOUNT
.config:2017:warning: override: reassigning to symbol MMC
.config:2020:warning: override: reassigning to symbol BINFMT_ELF
.config:2024:warning: override: reassigning to symbol W1
.config:2032:warning: override: reassigning to symbol ADVISE_SYSCALLS
.config:2033:warning: override: reassigning to symbol AS_IS_GNU
.config:2035:warning: override: reassigning to symbol ARCH_BLAIZE
.config:2050:warning: override: reassigning to symbol PRINTK
.config:2054:warning: override: reassigning to symbol TTY
.config:2057:warning: override: reassigning to symbol BLK_DEV_INITRD
.config:2061:warning: override: reassigning to symbol BINFMT_ELF
.config:2062:warning: override: reassigning to symbol BINFMT_SCRIPT
#
# configuration written to .config
#
make[5]: Leaving directory '/mnt/git-volume/kernel-test-stable-rc/build/rand500config-arm64'
make[4]: Leaving directory '/mnt/git-volume/linux-stable-rc'
make[4]: Entering directory '/mnt/git-volume/linux-stable-rc'
make[5]: Entering directory '/mnt/git-volume/kernel-test-stable-rc/build/rand500config-arm64'
  SYNC    include/config/auto.conf.cmd
  UPD     include/generated/uapi/linux/version.h
  UPD     include/config/kernel.release
  UPD     include/generated/utsrelease.h
  HOSTCC  scripts/sorttable.o
  HOSTCC  scripts/asn1_compiler
  HOSTLD  scripts/sorttable
  CC      scripts/mod/empty.o
  CC      scripts/mod/devicetable-offsets.s
  MKELF   scripts/mod/elfconfig.h
  HOSTCC  scripts/mod/modpost.o
  HOSTCC  scripts/mod/sumversion.o
  HOSTCC  scripts/mod/symsearch.o
  HOSTCC  scripts/mod/file2alias.o
  HOSTLD  scripts/mod/modpost
  CC      kernel/bounds.s
  UPD     include/generated/timeconst.h
  CC      arch/arm64/kernel/asm-offsets.s
  UPD     include/generated/asm-offsets.h
  CC      kernel/sched/rq-offsets.s
  UPD     include/generated/rq-offsets.h
  CALL    /mnt/git-volume/linux-stable-rc/scripts/checksyscalls.sh 
  LDS     arch/arm64/kernel/vdso/vdso.lds
  CC      arch/arm64/kernel/vdso/vgettimeofday.o
  AS      arch/arm64/kernel/vdso/note.o
  AS      arch/arm64/kernel/vdso/sigreturn.o
  CC      arch/arm64/kernel/vdso/vgetrandom.o
  AS      arch/arm64/kernel/vdso/vgetrandom-chacha.o
  LD      arch/arm64/kernel/vdso/vdso.so.dbg
  VDSOSYM include/generated/vdso-offsets.h
  OBJCOPY arch/arm64/kernel/vdso/vdso.so
  GEN     usr/initramfs_data.cpio
  COPY    usr/initramfs_inc_data
  AS      usr/initramfs_data.o
  CC      init/main.o
  AR      usr/built-in.a
  CC      arch/arm64/kernel/debug-monitors.o
  CC      kernel/fork.o
  CC      mm/filemap.o
  AS      arch/arm64/kernel/entry.o
  CC      arch/arm64/kernel/irq.o
  UPD     init/utsversion-tmp.h
  CC      init/do_mounts.o
  CC      arch/arm64/kernel/fpsimd.o
  CC      kernel/exec_domain.o
  CC      mm/mempool.o
  CC      init/do_mounts_initrd.o
  CC      kernel/panic.o
  CC      arch/arm64/kernel/entry-common.o
  CC      mm/oom_kill.o
  CC      init/initramfs.o
  CC      kernel/cpu.o
  AS      arch/arm64/kernel/entry-fpsimd.o
  CC      arch/arm64/kernel/process.o
  CC      init/calibrate.o
  CC      mm/fadvise.o
  CC      init/init_task.o
  CC      kernel/exit.o
  CC      arch/arm64/kernel/ptrace.o
  CC      mm/maccess.o
  CC      init/version.o
  AR      init/built-in.a
  CC      mm/page-writeback.o
  CC      arch/arm64/kernel/setup.o
  CC      kernel/softirq.o
  CC      fs/open.o
  CC      arch/arm64/kernel/signal.o
  CC      kernel/resource.o
  CC      mm/folio-compat.o
  CC      fs/read_write.o
  CC      arch/arm64/kernel/sys.o
  CC      mm/readahead.o
  CC      kernel/sysctl.o
  CC      fs/file_table.o
  CC      arch/arm64/kernel/stacktrace.o
  CC      mm/swap.o
  CC      kernel/capability.o
  CC      fs/super.o
  CC      arch/arm64/kernel/time.o
  CC      kernel/ptrace.o
  CC      mm/truncate.o
  CC      fs/char_dev.o
  CC      arch/arm64/kernel/traps.o
  CC      kernel/user.o
  CC      mm/vmscan.o
  CC      fs/stat.o
  CC      arch/arm64/kernel/io.o
  CC      kernel/signal.o
  CC      arch/arm64/kernel/vdso.o
  CC      fs/exec.o
  AS      arch/arm64/kernel/hyp-stub.o
  CC      arch/arm64/kernel/psci.o
  CC      mm/shrinker.o
  CC      kernel/sys.o
  CC      arch/arm64/kernel/cpu_ops.o
  CC      fs/pipe.o
  CC      mm/shmem.o
  CC      arch/arm64/kernel/return_address.o
  CC      kernel/umh.o
  CC      fs/namei.o
  CC      arch/arm64/kernel/cpuinfo.o
  CC      mm/util.o
  CC      kernel/workqueue.o
  CC      arch/arm64/kernel/cpu_errata.o
  CC      mm/mmzone.o
  CC      arch/arm64/kernel/cpufeature.o
  CC      fs/fcntl.o
  CC      mm/vmstat.o
  CC      fs/ioctl.o
  CC      kernel/pid.o
  CC      arch/arm64/kernel/alternative.o
  CC      mm/backing-dev.o
  CC      fs/readdir.o
  CC      arch/arm64/kernel/cacheinfo.o
  CC      kernel/task_work.o
  CC      mm/mm_init.o
  CC      arch/arm64/kernel/smp.o
  CC      fs/select.o
  CC      kernel/extable.o
  CC      mm/percpu.o
  CC      kernel/params.o
  CC      arch/arm64/kernel/smp_spin_table.o
  CC      fs/dcache.o
  CC      arch/arm64/kernel/topology.o
  CC      kernel/kthread.o
  CC      mm/slab_common.o
  AS      arch/arm64/kernel/smccc-call.o
  CC      arch/arm64/kernel/syscall.o
  CC      fs/inode.o
  CC      kernel/sys_ni.o
  CC      arch/arm64/kernel/proton-pack.o
  CC      kernel/nsproxy.o
  CC      mm/compaction.o
  CC      fs/attr.o
  CC      arch/arm64/kernel/idle.o
  CC      kernel/nstree.o
  CC      mm/show_mem.o
  CC      arch/arm64/kernel/patching.o
  CC      fs/bad_inode.o
  CC      kernel/nscommon.o
  CC      fs/file.o
  CC      mm/interval_tree.o
  CC      arch/arm64/kernel/pi/idreg-override.o
  CC      kernel/notifier.o
  CC      mm/list_lru.o
  CC      arch/arm64/kernel/pi/map_kernel.o
  CC      fs/filesystems.o
  CC      kernel/ksysfs.o
  CC      arch/arm64/kernel/pi/map_range.o
  CC      mm/workingset.o
  CC      fs/namespace.o
  CC      kernel/cred.o
  CC      arch/arm64/kernel/pi/lib-fdt.o
  CC      arch/arm64/kernel/pi/lib-fdt_ro.o
  CC      mm/debug.o
  OBJCOPY arch/arm64/kernel/pi/idreg-override.pi.o
  OBJCOPY arch/arm64/kernel/pi/map_kernel.pi.o
  OBJCOPY arch/arm64/kernel/pi/map_range.pi.o
  OBJCOPY arch/arm64/kernel/pi/lib-fdt.pi.o
  OBJCOPY arch/arm64/kernel/pi/lib-fdt_ro.pi.o
  AR      arch/arm64/kernel/pi/built-in.a
  CC      arch/arm64/kernel/rsi.o
  CC      kernel/reboot.o
  CC      arch/arm64/kernel/jump_label.o
  CC      mm/gup.o
  CC      arch/arm64/kernel/paravirt.o
  CC      kernel/async.o
  CC      fs/seq_file.o
  AS      arch/arm64/kernel/vdso-wrap.o
  AS      arch/arm64/kernel/head.o
  CC      kernel/range.o
  CC      arch/arm64/kernel/ftrace.o
  CC      kernel/smpboot.o
  CC      fs/xattr.o
  CC      mm/mmap_lock.o
  CC      kernel/ucount.o
  AS      arch/arm64/kernel/entry-ftrace.o
  LDS     arch/arm64/kernel/vmlinux.lds
  AR      arch/arm64/kernel/built-in.a
  CC      arch/arm64/mm/dma-mapping.o
  CC      kernel/regset.o
  CC      mm/vma_init.o
  CC      fs/libfs.o
  CC      arch/arm64/mm/extable.o
  CC      kernel/ksyms_common.o
  CC      arch/arm64/mm/fault.o
  CC      mm/highmem.o
  CC      kernel/sched/core.o
  CC      fs/fs-writeback.o
  CC      arch/arm64/mm/init.o
  CC      mm/memory.o
  AS      arch/arm64/mm/cache.o
  CC      arch/arm64/mm/copypage.o
  CC      fs/pnode.o
  CC      arch/arm64/mm/flush.o
  CC      fs/splice.o
  CC      kernel/sched/fair.o
  CC      mm/mincore.o
  CC      arch/arm64/mm/ioremap.o
  CC      fs/sync.o
  CC      arch/arm64/mm/mmap.o
  CC      mm/mlock.o
  CC      arch/arm64/mm/pgd.o
  CC      fs/utimes.o
  CC      kernel/sched/build_policy.o
  CC      mm/mmap.o
  CC      arch/arm64/mm/mem_encrypt.o
  CC      fs/d_path.o
  CC      arch/arm64/mm/mmu.o
  CC      mm/mmu_gather.o
  CC      fs/stack.o
  CC      fs/fs_struct.o
  CC      arch/arm64/mm/context.o
  CC      kernel/sched/build_utility.o
  CC      mm/mprotect.o
  CC      fs/statfs.o
  AS      arch/arm64/mm/proc.o
  CC      arch/arm64/mm/pageattr.o
  CC      mm/mremap.o
  CC      fs/fs_pin.o
  CC      arch/arm64/mm/fixmap.o
  CC      fs/nsfs.o
  AR      kernel/sched/built-in.a
  CC      kernel/locking/mutex.o
  AR      arch/arm64/mm/built-in.a
  CC      arch/arm64/hyperv/hv_core.o
  CC      mm/msync.o
  CC      fs/fs_dirent.o
  CC      arch/arm64/hyperv/mshyperv.o
  CC      kernel/locking/semaphore.o
  CC      fs/fs_context.o
  CC      mm/page_vma_mapped.o
  AR      arch/arm64/hyperv/built-in.a
  CC      arch/arm64/crypto/sm4-ce-glue.o
  CC      kernel/locking/rwsem.o
  CC      fs/fs_parser.o
  CC      mm/pagewalk.o
  AS      arch/arm64/crypto/sm4-ce-core.o
  CC      arch/arm64/crypto/sm4-ce-gcm-glue.o
  CC      kernel/locking/percpu-rwsem.o
  CC      fs/fsopen.o
  CC      mm/pgtable-generic.o
  AS      arch/arm64/crypto/sm4-ce-gcm-core.o
  CC      arch/arm64/crypto/aes-glue-ce.o
  CC      kernel/locking/spinlock.o
  CC      fs/init.o
  CC      kernel/locking/osq_lock.o
  CC      mm/rmap.o
  AR      arch/arm64/crypto/built-in.a
  AR      arch/arm64/built-in.a
  CC      ipc/util.o
  CC      kernel/locking/qspinlock.o
  CC      fs/kernel_read_file.o
  CC      kernel/locking/qrwlock.o
  CC      ipc/msgutil.o
  CC      mm/vmalloc.o
  CC      fs/mnt_idmapping.o
  AR      kernel/locking/built-in.a
  CC      kernel/power/qos.o
  CC      ipc/msg.o
  CC      fs/remap_range.o
  CC      kernel/power/main.o
  CC      ipc/sem.o
  CC      fs/pidfs.o
  AR      kernel/power/built-in.a
  CC      mm/vma.o
  CC      kernel/printk/printk.o
  CC      ipc/shm.o
  CC      fs/file_attr.o
  CC      mm/vma_exec.o
  CC      kernel/printk/printk_safe.o
  CC      fs/fserror.o
  CC      ipc/syscall.o
  CC      kernel/printk/nbcon.o
  CC      fs/nullfs.o
  CC      mm/mseal.o
  AR      ipc/built-in.a
  CC      security/commoncap.o
  CC      kernel/printk/printk_ringbuffer.o
  AR      fs/notify/inotify/built-in.a
  AR      fs/notify/built-in.a
  CC      fs/anon_inodes.o
  CC      mm/page_alloc.o
  AR      kernel/printk/built-in.a
  CC      kernel/irq/irqdesc.o
  CC      security/min_addr.o
  CC      fs/binfmt_script.o
  AR      security/built-in.a
  CC      kernel/irq/handle.o
  CC      fs/binfmt_elf.o
  CC      crypto/api.o
  CC      kernel/irq/manage.o
  CC      mm/page_frag_cache.o
  CC      crypto/cipher.o
  CC      fs/kernfs/mount.o
  CC      crypto/algapi.o
  CC      mm/init-mm.o
  CC      kernel/irq/spurious.o
  CC      fs/kernfs/inode.o
  CC      kernel/irq/resend.o
  CC      mm/memblock.o
  CC      crypto/scatterwalk.o
  CC      fs/kernfs/dir.o
  CC      kernel/irq/chip.o
  CC      crypto/aead.o
  CC      mm/slub.o
  CC      fs/kernfs/file.o
  CC      kernel/irq/dummychip.o
  CC      crypto/lskcipher.o
  CC      kernel/irq/devres.o
  CC      fs/kernfs/symlink.o
  CC      mm/madvise.o
  CC      crypto/skcipher.o
  CC      kernel/irq/kexec.o
  AR      fs/kernfs/built-in.a
  CC      fs/devpts/inode.o
  CC      kernel/irq/generic-chip.o
  CC      crypto/ahash.o
  CC      mm/dmapool.o
  AR      fs/devpts/built-in.a
  CC      fs/ramfs/inode.o
  CC      kernel/irq/autoprobe.o
  CC      mm/sparse.o
  CC      crypto/shash.o
  CC      fs/ramfs/file-mmu.o
  CC      kernel/irq/irqdomain.o
  CC      mm/sparse-vmemmap.o
  CC      crypto/kpp.o
  AR      fs/ramfs/built-in.a
  CC      fs/tracefs/inode.o
  CC      kernel/irq/msi.o
  CC      mm/migrate.o
  CC      crypto/algboss.o
  CC      fs/tracefs/event_inode.o
  CC      kernel/irq/ipi.o
  CC      crypto/testmgr.o
  CC      mm/debug_vm_pgtable.o
  AR      fs/tracefs/built-in.a
  AR      fs/built-in.a
  CC      kernel/irq/affinity.o
  AS      arch/arm64/lib/clear_page.o
  AS      arch/arm64/lib/clear_user.o
  AS      arch/arm64/lib/copy_from_user.o
  AS      arch/arm64/lib/copy_page.o
  AS      arch/arm64/lib/copy_to_user.o
  CC      arch/arm64/lib/csum.o
  CC      crypto/streebog_generic.o
  AR      kernel/irq/built-in.a
  CC      kernel/rcu/update.o
  CC      arch/arm64/lib/delay.o
  CC      mm/page_isolation.o
  CC      crypto/ecb.o
  CC      arch/arm64/lib/insn.o
  AS      arch/arm64/lib/memchr.o
  AS      arch/arm64/lib/memcmp.o
  CC      crypto/sm4.o
  AS      arch/arm64/lib/memcpy.o
  AS      arch/arm64/lib/memset.o
  AS      arch/arm64/lib/strchr.o
  CC      kernel/rcu/sync.o
  CC      mm/early_ioremap.o
  AS      arch/arm64/lib/strcmp.o
  AS      arch/arm64/lib/strlen.o
  AS      arch/arm64/lib/strncmp.o
  AS      arch/arm64/lib/strnlen.o
  CC      kernel/rcu/srcutree.o
  AS      arch/arm64/lib/strrchr.o
  AS      arch/arm64/lib/tishift.o
  CC      crypto/ecc.o
  AR      arch/arm64/lib/lib.a
  CC      lib/argv_split.o
  CC      mm/cma.o
  CC      lib/buildid.o
  CC      kernel/rcu/tree.o
  CC      crypto/ecdh.o
  CC      lib/cmdline.o
  CC      mm/ioremap.o
  CC      crypto/ecdh_helper.o
  CC      lib/cpumask.o
  CC      crypto/sig.o
  CC      mm/debug_page_ref.o
  CC      lib/ctype.o
  CC      lib/dec_and_lock.o
  CC      lib/decompress.o
  CC      lib/decompress_bunzip2.o
  CC      kernel/rcu/rcu_segcblist.o
  CC      crypto/mldsa.o
  AR      mm/built-in.a
  CC      drivers/irqchip/irqchip.o
  CC      crypto/acompress.o
  CC      lib/decompress_inflate.o
  AR      kernel/rcu/built-in.a
  AR      kernel/liveupdate/built-in.a
  CC      kernel/dma/mapping.o
  CC      drivers/irqchip/irq-gic.o
  CC      lib/decompress_unlz4.o
  CC      crypto/scompress.o
  CC      lib/decompress_unlzma.o
  CC      drivers/irqchip/irq-gic-common.o
  CC      kernel/dma/direct.o
  CC      lib/decompress_unlzo.o
  CC      crypto/md4.o
  CC      drivers/irqchip/irq-msi-lib.o
  CC      kernel/dma/coherent.o
  CC      lib/decompress_unxz.o
  CC      drivers/irqchip/irq-gic-v3.o
  CC      crypto/cts.o
  CC      lib/decompress_unzstd.o
  CC      kernel/dma/swiotlb.o
  CC      crypto/lrw.o
  CC      lib/dump_stack.o
  CC      drivers/irqchip/irq-gic-v3-mbi.o
  CC      crypto/lz4hc.o
  CC      kernel/dma/pool.o
  CC      lib/earlycpio.o
  CC      lib/extable.o
  CC      drivers/irqchip/irq-gic-its-msi-parent.o
  ASN.1   crypto/ecrdsa_params.asn1.[ch]
  ASN.1   crypto/ecrdsa_pub_key.asn1.[ch]
  CC      crypto/ecrdsa_params.asn1.o
  CC      crypto/ecrdsa_pub_key.asn1.o
  CC      kernel/dma/remap.o
  CC      crypto/ecrdsa.o
  CC      lib/fdt.o
  CC      lib/fdt_addresses.o
  CC      lib/fdt_empty_tree.o
  CC      lib/fdt_ro.o
  CC      drivers/irqchip/irq-gic-v3-its.o
  CC      lib/fdt_rw.o
  AR      crypto/built-in.a
  CC      drivers/bus/simple-pm-bus.o
  CC      lib/fdt_strerror.o
  AR      kernel/dma/built-in.a
  CC      kernel/entry/common.o
  CC      lib/fdt_sw.o
  CC      lib/fdt_wip.o
  CC      lib/flex_proportions.o
  CC      drivers/bus/sun50i-de2.o
  CC      lib/idr.o
  AR      kernel/entry/built-in.a
  CC      kernel/stacktrace.o
  CC      drivers/bus/sunxi-rsb.o
  CC      lib/iomem_copy.o
  CC      kernel/time/time.o
  CC      lib/irq_regs.o
  CC      drivers/irqchip/irq-gic-v4.o
  AR      drivers/bus/built-in.a
  CC      drivers/phy/phy-core.o
  CC      lib/is_single_threaded.o
  CC      drivers/irqchip/irq-gic-v5.o
  CC      lib/klist.o
  CC      kernel/time/timer.o
  AR      drivers/phy/cadence/built-in.a
  CC      drivers/phy/marvell/phy-mvebu-a3700-comphy.o
  CC      lib/kobject.o
  CC      lib/kobject_uevent.o
  CC      drivers/irqchip/irq-gic-v5-irs.o
  CC      kernel/time/hrtimer.o
  CC      drivers/phy/marvell/phy-mvebu-a3700-utmi.o
  CC      lib/logic_pio.o
  CC      drivers/irqchip/irq-gic-v5-its.o
  AR      drivers/phy/marvell/built-in.a
  CC      drivers/phy/mscc/phy-ocelot-serdes.o
  CC      kernel/time/sleep_timeout.o
  CC      lib/maple_tree.o
  CC      kernel/time/timekeeping.o
  AR      drivers/phy/mscc/built-in.a
  CC      drivers/phy/rockchip/phy-rockchip-dp.o
  CC      drivers/irqchip/irq-gic-v5-iwb.o
  AR      drivers/phy/rockchip/built-in.a
  CC      kernel/time/ntp.o
  CC      drivers/phy/phy-can-transceiver.o
  CC      drivers/irqchip/irq-sun6i-r.o
  CC      lib/memcat_p.o
  CC      lib/nmi_backtrace.o
  CC      drivers/irqchip/irq-sunxi-nmi.o
  CC      kernel/time/clocksource.o
  AR      drivers/phy/built-in.a
  CC      drivers/pinctrl/core.o
  CC      lib/objpool.o
  CC      drivers/irqchip/irq-mvebu-gicp.o
  CC      kernel/time/jiffies.o
  CC      drivers/pinctrl/pinctrl-utils.o
  CC      lib/plist.o
  CC      lib/radix-tree.o
  CC      kernel/time/timer_list.o
  CC      drivers/irqchip/irq-mvebu-icu.o
  CC      drivers/pinctrl/pinmux.o
  CC      kernel/time/timeconv.o
  CC      lib/ratelimit.o
  CC      drivers/irqchip/irq-mvebu-odmi.o
  CC      drivers/pinctrl/pinconf.o
  CC      lib/rbtree.o
  CC      kernel/time/timecounter.o
  CC      kernel/time/alarmtimer.o
  CC      lib/seq_buf.o
  CC      drivers/pinctrl/pinconf-generic.o
  CC      drivers/irqchip/irq-mvebu-pic.o
  CC      lib/siphash.o
  CC      drivers/pinctrl/devicetree.o
  CC      kernel/time/posix-stubs.o
  CC      drivers/irqchip/irq-mvebu-sei.o
  CC      lib/string.o
  CC      drivers/pinctrl/pinctrl-rockchip.o
  CC      lib/sys_info.o
  AR      drivers/irqchip/built-in.a
  CC      kernel/time/clockevents.o
  CC      drivers/gpio/gpiolib.o
  CC      lib/timerqueue.o
  CC      kernel/time/tick-common.o
  CC      lib/vsprintf.o
  CC      drivers/pinctrl/mvebu/pinctrl-mvebu.o
  CC      kernel/time/tick-broadcast.o
  CC      drivers/pinctrl/mvebu/pinctrl-armada-ap806.o
  CC      drivers/gpio/gpiolib-devres.o
  CC      drivers/pinctrl/mvebu/pinctrl-armada-cp110.o
  CC      kernel/time/sched_clock.o
  CC      lib/win_minmax.o
  CC      drivers/gpio/gpiolib-legacy.o
  CC      drivers/pinctrl/mvebu/pinctrl-armada-37xx.o
  CC      lib/xarray.o
  CC      kernel/time/vsyscall.o
  CC      drivers/gpio/gpiolib-of.o
  AR      kernel/time/built-in.a
  CC      kernel/smp.o
  CC      lib/lockref.o
  CC      drivers/pinctrl/mvebu/pinctrl-ac5.o
  CC      drivers/gpio/gpiolib-cdev.o
  CC      lib/bcd.o
  CC      lib/sort.o
  CC      lib/parser.o
  AR      drivers/pinctrl/mvebu/built-in.a
  CC      drivers/pinctrl/sunxi/pinctrl-sunxi.o
  CC      kernel/kallsyms.o
  CC      lib/debug_locks.o
  CC      drivers/gpio/gpiolib-swnode.o
  CC      lib/random32.o
  CC      lib/bust_spinlocks.o
  CC      drivers/gpio/gpio-mmio.o
  CC      kernel/stop_machine.o
  CC      drivers/pinctrl/sunxi/pinctrl-sunxi-dt.o
  CC      lib/kasprintf.o
  CC      drivers/gpio/gpio-blzp1600.o
  CC      drivers/pinctrl/sunxi/pinctrl-sun50i-a64.o
  CC      kernel/watchdog.o
  CC      lib/bitmap.o
  CC      drivers/pinctrl/sunxi/pinctrl-sun50i-a64-r.o
  CC      drivers/gpio/gpio-rockchip.o
  CC      kernel/watchdog_buddy.o
  CC      lib/scatterlist.o
  CC      drivers/pinctrl/sunxi/pinctrl-sun50i-a100.o
  CC      drivers/gpio/gpio-line-mux.o
  CC      kernel/tracepoint.o
  CC      drivers/pinctrl/sunxi/pinctrl-sun50i-a100-r.o
  CC      drivers/gpio/gpio-mvebu.o
  CC      lib/list_sort.o
  CC      kernel/trace/trace_clock.o
  CC      lib/uuid.o
  CC      lib/iov_iter.o
  CC      drivers/pinctrl/sunxi/pinctrl-sun8i-h3-r.o
  CC      kernel/trace/ring_buffer.o
  AR      drivers/gpio/built-in.a
  AR      drivers/leds/built-in.a
  CC      drivers/pci/of.o
  CC      drivers/pinctrl/sunxi/pinctrl-sun50i-h5.o
  CC      drivers/pinctrl/sunxi/pinctrl-sun50i-h6.o
  CC      drivers/pci/trace.o
  CC      lib/clz_ctz.o
  CC      lib/bsearch.o
  CC      drivers/pinctrl/sunxi/pinctrl-sun50i-h6-r.o
  CC      lib/find_bit.o
  AR      drivers/pci/built-in.a
  CC      drivers/video/console/dummycon.o
  CC      lib/llist.o
  CC      drivers/pinctrl/sunxi/pinctrl-sun50i-h616.o
  CC      lib/lwq.o
  CC      kernel/trace/trace.o
  CC      lib/memweight.o
  CC      lib/kfifo.o
  AR      drivers/video/console/built-in.a
  AR      drivers/video/built-in.a
  AR      drivers/char/ipmi/built-in.a
  CC      drivers/amba/bus.o
  CC      drivers/pinctrl/sunxi/pinctrl-sun50i-h616-r.o
  CC      drivers/pinctrl/sunxi/pinctrl-sun55i-a523.o
  CC      lib/percpu-refcount.o
  AR      drivers/amba/built-in.a
  CC      drivers/clk/clk-devres.o
  CC      drivers/pinctrl/sunxi/pinctrl-sun55i-a523-r.o
  CC      lib/rhashtable.o
  CC      drivers/clk/clk-bulk.o
  AR      drivers/pinctrl/sunxi/built-in.a
  CC      drivers/pinctrl/visconti/pinctrl-common.o
  CC      kernel/trace/trace_output.o
  CC      drivers/clk/clkdev.o
  CC      lib/base64.o
  CC      drivers/pinctrl/visconti/pinctrl-tmpv7700.o
  CC      lib/once.o
  CC      drivers/clk/clk.o
  AR      drivers/pinctrl/visconti/built-in.a
  AR      drivers/pinctrl/built-in.a
  CC      lib/refcount.o
  AR      drivers/soc/renesas/built-in.a
  CC      drivers/soc/rockchip/grf.o
  CC      kernel/trace/trace_seq.o
  CC      lib/rcuref.o
  CC      lib/usercopy.o
  CC      kernel/trace/trace_stat.o
  AR      drivers/soc/rockchip/built-in.a
  CC      drivers/soc/sunxi/sunxi_mbus.o
  CC      lib/errseq.o
  CC      lib/bucket_locks.o
  CC      drivers/soc/sunxi/sunxi_sram.o
  CC      drivers/clk/clk-divider.o
  CC      kernel/trace/trace_printk.o
  CC      lib/generic-radix-tree.o
  AR      drivers/soc/sunxi/built-in.a
  AR      drivers/soc/built-in.a
  AR      drivers/pmdomain/renesas/built-in.a
  CC      drivers/pmdomain/rockchip/pm-domains.o
  CC      lib/bitmap-str.o
  CC      drivers/clk/clk-fixed-factor.o
  CC      kernel/trace/trace_pid.o
  CC      lib/string_helpers.o
  CC      drivers/clk/clk-fixed-rate.o
  AR      drivers/pmdomain/rockchip/built-in.a
  CC      drivers/pmdomain/sunxi/sun20i-ppu.o
  CC      kernel/trace/pid_list.o
  CC      drivers/clk/clk-gate.o
  CC      lib/hexdump.o
  CC      lib/kstrtox.o
  CC      drivers/pmdomain/sunxi/sun55i-pck600.o
  CC      drivers/clk/clk-multiplier.o
  CC      kernel/trace/trace_sched_switch.o
  CC      lib/math/div64.o
  CC      lib/math/gcd.o
  AR      drivers/pmdomain/sunxi/built-in.a
  CC      drivers/pmdomain/core.o
  CC      lib/math/lcm.o
  CC      drivers/clk/clk-mux.o
  CC      lib/math/int_log.o
  CC      lib/math/int_pow.o
  CC      lib/math/int_sqrt.o
  CC      lib/math/reciprocal_div.o
  CC      kernel/trace/trace_nop.o
  CC      lib/math/rational.o
  CC      drivers/clk/clk-composite.o
  CC      drivers/pmdomain/governor.o
  AR      lib/math/built-in.a
  CC      lib/crc/crc32-main.o
  CC      kernel/trace/trace_events.o
  CC      drivers/clk/clk-fractional-divider.o
  AR      drivers/pmdomain/built-in.a
  CC      drivers/regulator/core.o
  AR      lib/crc/built-in.a
  CC      lib/crypto/memneq.o
  CC      drivers/clk/clk-gpio.o
  CC      lib/crypto/utils.o
  CC      lib/crypto/aes.o
  CC      drivers/clk/clk-conf.o
  CC      kernel/trace/trace_export.o
  AS      lib/crypto/arm64/aes-cipher-core.o
  AS      lib/crypto/arm64/aes-ce-core.o
  AS      lib/crypto/arm64/aes-ce.o
  CC      drivers/clk/mvebu/armada_ap_cp_helper.o
  CC      drivers/regulator/dummy.o
  AS      lib/crypto/arm64/aes-neon.o
  CC      lib/crypto/blake2s.o
  CC      kernel/trace/trace_events_filter.o
  CC      drivers/clk/mvebu/armada-37xx-xtal.o
  CC      lib/crypto/chacha-block-generic.o
  CC      drivers/regulator/fixed-helper.o
  CC      lib/crypto/sha256.o
  CC      drivers/clk/mvebu/armada-37xx-tbg.o
  AS      lib/crypto/arm64/sha256-ce.o
  CC      kernel/trace/trace_events_trigger.o
  AS      lib/crypto/arm64/sha256-core.o
  CC      drivers/regulator/helpers.o
  CC      lib/crypto/sha3.o
  CC      drivers/clk/mvebu/armada-37xx-periph.o
  AS      lib/crypto/arm64/sha3-ce-core.o
  CC      lib/crypto/gf128mul.o
  CC      drivers/regulator/devres.o
  CC      kernel/trace/error_report-traces.o
  CC      drivers/clk/mvebu/ap806-system-controller.o
  CC      lib/crypto/mldsa.o
  CC      drivers/clk/mvebu/cp110-system-controller.o
  CC      drivers/regulator/irq_helpers.o
  CC      kernel/trace/power-traces.o
  AR      lib/crypto/built-in.a
  CC      lib/vdso/datastore.o
  AR      drivers/clk/mvebu/built-in.a
  CC      drivers/clk/nuvoton/clk-ma35d1.o
  AR      lib/vdso/built-in.a
  CC      lib/iomap_copy.o
  CC      drivers/regulator/of_regulator.o
  CC      kernel/trace/ftrace.o
  CC      lib/devres.o
  CC      drivers/clk/nuvoton/clk-ma35d1-divider.o
  CC      drivers/regulator/userspace-consumer.o
  CC      lib/cache_maint.o
  CC      drivers/clk/nuvoton/clk-ma35d1-pll.o
  CC      lib/hweight.o
  CC      drivers/regulator/mt6323-regulator.o
  CC      lib/list_debug.o
  AR      drivers/clk/nuvoton/built-in.a
  AR      drivers/clk/renesas/built-in.a
  CC      drivers/clk/rockchip/clk.o
  CC      lib/bitrev.o
  CC      lib/linear_ranges.o
  CC      kernel/trace/trace_snapshot.o
  CC      drivers/regulator/mt6358-regulator.o
  CC      lib/xxhash.o
  CC      drivers/clk/rockchip/clk-pll.o
  CC      lib/genalloc.o
  CC      kernel/trace/trace_functions.o
  CC      drivers/regulator/sun20i-regulator.o
  CC      drivers/clk/rockchip/clk-cpu.o
  CC      lib/zlib_inflate/inffast.o
  CC      drivers/clk/rockchip/clk-gate-grf.o
  CC      lib/zlib_inflate/inflate.o
  AR      drivers/regulator/built-in.a
  CC      drivers/reset/core.o
  CC      kernel/trace/trace_hwlat.o
  CC      lib/zlib_inflate/infutil.o
  CC      drivers/clk/rockchip/clk-half-divider.o
  CC      lib/zlib_inflate/inftrees.o
  CC      lib/zlib_inflate/inflate_syms.o
  CC      drivers/reset/reset-simple.o
  CC      drivers/clk/rockchip/clk-inverter.o
  CC      kernel/trace/trace_stack.o
  AR      lib/zlib_inflate/built-in.a
  CC      lib/lzo/lzo1x_decompress_safe.o
  CC      drivers/reset/reset-ma35d1.o
  CC      drivers/clk/rockchip/clk-mmc-phase.o
  AR      lib/lzo/built-in.a
  CC      lib/lz4/lz4_decompress.o
  CC      kernel/trace/trace_functions_graph.o
  CC      drivers/clk/rockchip/clk-muxgrf.o
  CC      drivers/reset/reset-sunxi.o
  CC      drivers/clk/rockchip/clk-ddr.o
  AR      drivers/reset/built-in.a
  CC      drivers/clk/rockchip/gate-link.o
  CC      lib/lz4/lz4hc_compress.o
  CC      kernel/trace/fgraph.o
  CC      drivers/clk/rockchip/clk-px30.o
  AR      lib/lz4/built-in.a
  CC      drivers/clk/rockchip/clk-rv1126b.o
  CC      lib/zstd/zstd_decompress_module.o
  CC      drivers/clk/rockchip/rst-rv1126b.o
  CC      lib/zstd/decompress/huf_decompress.o
  CC      drivers/clk/rockchip/clk-rk3308.o
  CC      kernel/trace/trace_syscalls.o
  CC      drivers/clk/rockchip/clk-rk3328.o
  CC      lib/xz/xz_dec_syms.o
  CC      lib/zstd/decompress/zstd_ddict.o
  CC      lib/zstd/decompress/zstd_decompress.o
  CC      drivers/clk/rockchip/clk-rk3368.o
  CC      lib/xz/xz_dec_stream.o
  CC      lib/zstd/decompress/zstd_decompress_block.o
  CC      kernel/trace/trace_eprobe.o
  CC      drivers/clk/rockchip/clk-rk3399.o
  CC      lib/xz/xz_dec_lzma2.o
  CC      lib/zstd/zstd_common_module.o
  CC      lib/xz/xz_dec_bcj.o
  CC      drivers/clk/rockchip/clk-rk3528.o
  CC      kernel/trace/rpm-traces.o
  CC      lib/zstd/common/debug.o
  CC      lib/zstd/common/entropy_common.o
  CC      lib/zstd/common/error_private.o
  CC      lib/zstd/common/fse_decompress.o
  AR      lib/xz/built-in.a
  CC      lib/percpu_counter.o
  CC      lib/zstd/common/zstd_common.o
  AR      lib/zstd/built-in.a
  CC      lib/syscall.o
  CC      drivers/clk/rockchip/rst-rk3528.o
  CC      kernel/trace/trace_dynevent.o
  CC      lib/checksum.o
  CC      drivers/clk/rockchip/clk-rk3562.o
  CC      lib/glob.o
  CC      lib/strncpy_from_user.o
  CC      lib/strnlen_user.o
  CC      kernel/trace/trace_probe.o
  CC      drivers/clk/rockchip/rst-rk3562.o
  AR      drivers/clk/socfpga/built-in.a
  AR      drivers/clk/sunxi/built-in.a
  CC      drivers/clk/sunxi-ng/ccu_common.o
  CC      lib/group_cpus.o
  CC      drivers/clk/rockchip/clk-rk3568.o
  CC      drivers/clk/sunxi-ng/ccu_mmc_timing.o
  AR      kernel/trace/built-in.a
  CC      lib/devmem_is_allowed.o
  CC      kernel/irq_work.o
  CC      drivers/clk/rockchip/clk-rk3576.o
  CC      drivers/clk/sunxi-ng/ccu_reset.o
  CC      lib/asn1_decoder.o
  CC      kernel/padata.o
  CC      drivers/clk/sunxi-ng/ccu_div.o
  CC      drivers/clk/rockchip/rst-rk3576.o
  GEN     lib/oid_registry_data.c
  CC      drivers/clk/sunxi-ng/ccu_frac.o
  CC      kernel/jump_label.o
  CC      drivers/clk/rockchip/clk-rk3588.o
  CC      drivers/clk/sunxi-ng/ccu_gate.o
  CC      kernel/context_tracking.o
  CC      drivers/clk/rockchip/rst-rk3588.o
  CC      drivers/clk/sunxi-ng/ccu_mux.o
  CC      drivers/clk/sunxi-ng/ccu_mult.o
  CC      drivers/clk/rockchip/softrst.o
  CC      kernel/iomem.o
  CC      drivers/clk/sunxi-ng/ccu_phase.o
  AR      drivers/clk/rockchip/built-in.a
  CC      drivers/clk/sunxi-ng/ccu_sdm.o
  AR      lib/lib.a
  CC      lib/oid_registry.o
  CC      kernel/seccomp.o
  CC      drivers/clk/sunxi-ng/ccu_nk.o
  CC      drivers/clk/sunxi-ng/ccu_nkm.o
  AR      lib/built-in.a
  CC      drivers/clk/sunxi-ng/ccu_nkmp.o
  CC      drivers/clk/sunxi-ng/ccu_nm.o
  CC      kernel/relay.o
  CC      drivers/clk/sunxi-ng/ccu_mp.o
  CC      drivers/clk/sunxi-ng/ccu-sun50i-a64.o
  CC      drivers/clk/sunxi-ng/ccu-sun50i-a100.o
  CC      drivers/clk/sunxi-ng/ccu-sun50i-a100-r.o
  CC      drivers/clk/sunxi-ng/ccu-sun50i-h6.o
  AR      kernel/built-in.a
  CC      drivers/clk/sunxi-ng/ccu-sun50i-h6-r.o
  CC      drivers/tty/tty_io.o
  CC      drivers/clk/sunxi-ng/ccu-sun50i-h616.o
  CC      drivers/clk/sunxi-ng/ccu-sun55i-a523.o
  CC      drivers/clk/sunxi-ng/ccu-sun55i-a523-mcu.o
  CC      drivers/clk/sunxi-ng/ccu-sun55i-a523-r.o
  CC      drivers/clk/sunxi-ng/ccu-sun6i-rtc.o
  CC      drivers/clk/sunxi-ng/ccu-sun8i-h3.o
  CC      drivers/clk/sunxi-ng/ccu-sun8i-de2.o
  CC      drivers/tty/n_tty.o
  CC      drivers/clk/sunxi-ng/ccu-sun8i-r.o
  CC      drivers/tty/tty_ioctl.o
  CC      drivers/tty/tty_ldisc.o
  AR      drivers/clk/sunxi-ng/built-in.a
  CC      drivers/clk/visconti/clkc.o
  CC      drivers/tty/tty_buffer.o
  CC      drivers/tty/tty_port.o
  CC      drivers/tty/tty_mutex.o
  CC      drivers/clk/visconti/pll.o
  CC      drivers/tty/tty_ldsem.o
  CC      drivers/tty/tty_baudrate.o
  CC      drivers/tty/tty_jobctrl.o
  CC      drivers/clk/visconti/reset.o
  CC      drivers/tty/n_null.o
  CC      drivers/tty/pty.o
  CC      drivers/tty/vt/vt_ioctl.o
  CC      drivers/clk/visconti/pll-tmpv770x.o
  CC      drivers/tty/vt/vc_screen.o
  CC      drivers/clk/visconti/clkc-tmpv770x.o
  CC      drivers/tty/serial/serial_core.o
  CC      drivers/tty/vt/selection.o
  CC      drivers/tty/vt/keyboard.o
  AR      drivers/clk/visconti/built-in.a
  AR      drivers/clk/built-in.a
  CC      drivers/tty/vt/vt.o
  CC      drivers/tty/vt/defkeymap.o
  CC      drivers/tty/vt/consolemap.o
  CC      drivers/tty/vt/consolemap_deftbl.o
  CC      drivers/tty/serial/serial_base_bus.o
  CC      drivers/tty/serial/serial_ctrl.o
  CC      drivers/tty/serial/serial_port.o
  CC      drivers/tty/vt/ucs.o
  CC      drivers/tty/serial/earlycon.o
  CC      drivers/tty/serial/amba-pl011.o
  AR      drivers/tty/vt/built-in.a
  CC      drivers/tty/serial/arc_uart.o
  CC      drivers/tty/serial/xilinx_uartps.o
  CC      drivers/char/mem.o
  CC      drivers/char/random.o
  CC      drivers/char/misc.o
  AR      drivers/tty/serial/built-in.a
  AR      drivers/tty/built-in.a
  CC      drivers/base/component.o
  CC      drivers/base/core.o
  CC      drivers/misc/xilinx_sdfec.o
  AR      drivers/char/built-in.a
  CC      drivers/mfd/sm501.o
  CC      drivers/base/bus.o
  AR      drivers/misc/built-in.a
  AR      drivers/scsi/built-in.a
  CC      drivers/auxdisplay/charlcd.o
  CC      drivers/mfd/mfd-core.o
  CC      drivers/auxdisplay/hd44780_common.o
  CC      drivers/base/dd.o
  CC      drivers/auxdisplay/hd44780.o
  CC      drivers/mfd/syscon.o
  CC      drivers/mfd/ac100.o
  AR      drivers/auxdisplay/built-in.a
  CC      drivers/input/serio/serio.o
  CC      drivers/mfd/mt6397-core.o
  CC      drivers/base/syscore.o
  CC      drivers/mfd/mt6397-irq.o
  CC      drivers/mfd/mt6358-irq.o
  CC      drivers/input/serio/serport.o
  CC      drivers/base/driver.o
  CC      drivers/base/class.o
  AR      drivers/mfd/built-in.a
  CC      drivers/input/input.o
  CC      drivers/input/serio/libps2.o
  CC      drivers/input/serio/ps2mult.o
  CC      drivers/base/platform.o
  CC      drivers/base/cpu.o
  CC      drivers/input/serio/arc_ps2.o
  CC      drivers/input/input-compat.o
  CC      drivers/base/firmware.o
  CC      drivers/input/serio/hyperv-keyboard.o
  CC      drivers/base/init.o
  CC      drivers/input/input-mt.o
  CC      drivers/base/map.o
  CC      drivers/base/devres.o
  CC      drivers/input/input-poller.o
  CC      drivers/input/serio/userio.o
  CC      drivers/base/attribute_container.o
  CC      drivers/input/ff-core.o
  CC      drivers/base/transport_class.o
  AR      drivers/input/serio/built-in.a
  CC      drivers/input/touchscreen.o
  CC      drivers/w1/w1.o
  CC      drivers/input/touch-overlay.o
  CC      drivers/base/topology.o
  CC      drivers/input/matrix-keymap.o
  CC      drivers/input/vivaldi-fmap.o
  CC      drivers/base/container.o
  CC      drivers/input/keyboard/atkbd.o
  CC      drivers/input/mouse/psmouse-base.o
  CC      drivers/w1/w1_int.o
  CC      drivers/base/property.o
  AR      drivers/input/keyboard/built-in.a
  CC      drivers/input/mouse/synaptics.o
  CC      drivers/input/mouse/focaltech.o
  CC      drivers/w1/w1_family.o
  CC      drivers/base/cacheinfo.o
  CC      drivers/w1/w1_netlink.o
  CC      drivers/input/mouse/alps.o
  CC      drivers/input/mouse/byd.o
  CC      drivers/base/swnode.o
  CC      drivers/input/mouse/logips2pp.o
  CC      drivers/w1/w1_io.o
  CC      drivers/input/mouse/trackpoint.o
  CC      drivers/base/faux.o
  CC      drivers/input/mouse/cypress_ps2.o
  CC      drivers/w1/masters/sgi_w1.o
  CC      drivers/base/power/sysfs.o
  CC      drivers/base/power/generic_ops.o
  AR      drivers/input/mouse/built-in.a
  AR      drivers/input/built-in.a
  CC      drivers/power/reset/mt6323-poweroff.o
  AR      drivers/w1/masters/built-in.a
  CC      drivers/w1/slaves/w1_ds2780.o
  CC      drivers/base/power/common.o
  CC      drivers/base/power/qos.o
  AR      drivers/w1/slaves/built-in.a
  AR      drivers/w1/built-in.a
  CC      drivers/watchdog/watchdog_core.o
  AR      drivers/power/reset/built-in.a
  CC      drivers/power/supply/power_supply_core.o
  CC      drivers/watchdog/watchdog_dev.o
  CC      drivers/base/power/runtime.o
  CC      drivers/watchdog/sbsa_gwdt.o
  CC      drivers/watchdog/gpio_wdt.o
  CC      drivers/power/supply/ds2780_battery.o
  CC      drivers/base/power/wakeirq.o
  CC      drivers/base/firmware_loader/main.o
  CC      drivers/power/supply/max8903_charger.o
  AR      drivers/watchdog/built-in.a
  CC      drivers/mmc/core/core.o
  CC      drivers/base/power/clock_ops.o
  AR      drivers/power/supply/built-in.a
  AR      drivers/power/built-in.a
  CC      drivers/mmc/host/mtk-sd.o
  CC      drivers/base/firmware_loader/builtin/main.o
  AR      drivers/base/firmware_loader/builtin/built-in.a
  AR      drivers/base/firmware_loader/built-in.a
  CC      drivers/base/regmap/regmap.o
  AR      drivers/base/power/built-in.a
  CC      drivers/base/pinctrl.o
  CC      drivers/mmc/core/bus.o
  CC      drivers/base/platform-msi.o
  CC      drivers/mmc/host/cqhci-core.o
  CC      drivers/mmc/core/host.o
  CC      drivers/base/arch_topology.o
  CC      drivers/base/regmap/regcache.o
  CC      drivers/mmc/core/mmc.o
  CC      drivers/mmc/host/mmc_hsq.o
  CC      drivers/base/trace.o
  CC      drivers/base/regmap/regcache-rbtree.o
  AR      drivers/mmc/host/built-in.a
  CC      drivers/base/regmap/regcache-flat.o
  CC      drivers/mmc/core/mmc_ops.o
  CC      drivers/base/regmap/regcache-maple.o
  CC      drivers/base/regmap/regmap-mmio.o
  CC      drivers/mmc/core/sd.o
  CC      drivers/mmc/core/sd_ops.o
  CC      drivers/mmc/core/sdio.o
  AR      drivers/base/regmap/built-in.a
  AR      drivers/base/built-in.a
  CC      drivers/firmware/psci/psci.o
  CC      drivers/mmc/core/sdio_ops.o
  CC      drivers/mmc/core/sdio_bus.o
  CC      drivers/mmc/core/sdio_cis.o
  AR      drivers/firmware/psci/built-in.a
  CC      drivers/firmware/smccc/smccc.o
  CC      drivers/mmc/core/sdio_io.o
  CC      drivers/mmc/core/sdio_irq.o
  CC      drivers/mmc/core/sd_uhs2.o
  CC      drivers/firmware/smccc/kvm_guest.o
  CC      drivers/mmc/core/slot-gpio.o
  AR      drivers/firmware/smccc/built-in.a
  AR      drivers/firmware/built-in.a
  CC      drivers/mmc/core/regulator.o
  CC      drivers/mmc/core/pwrseq.o
  AR      drivers/crypto/allwinner/built-in.a
  CC      drivers/clocksource/timer-of.o
  AR      drivers/crypto/built-in.a
  CC      drivers/mmc/core/pwrseq_simple.o
  CC      drivers/hid/hid-core.o
  CC      drivers/mmc/core/pwrseq_emmc.o
  CC      drivers/clocksource/timer-probe.o
  CC      drivers/clocksource/mmio.o
  CC      drivers/clocksource/timer-rockchip.o
  AR      drivers/mmc/core/built-in.a
  AR      drivers/mmc/built-in.a
  CC      drivers/of/base.o
  CC      drivers/clocksource/arm_arch_timer.o
  CC      drivers/hid/hid-input.o
  CC      drivers/clocksource/arm_arch_timer_mmio.o
  CC      drivers/of/cpu.o
  CC      drivers/clocksource/dummy_timer.o
  CC      drivers/clocksource/timer-sun4i.o
  CC      drivers/of/device.o
  CC      drivers/hid/hid-quirks.o
  CC      drivers/hid/hid-generic.o
  AR      drivers/clocksource/built-in.a
  AR      drivers/gpib/built-in.a
  AR      drivers/platform/built-in.a
  CC      drivers/hv/vmbus_drv.o
  CC      drivers/of/module.o
  CC      drivers/hv/hv.o
  AR      drivers/hid/built-in.a
  CC      drivers/mux/core.o
  CC      drivers/of/platform.o
  CC      drivers/hv/connection.o
  AR      drivers/mux/built-in.a
  AR      drivers/resctrl/built-in.a
  CC      drivers/hv/channel.o
  CC      drivers/hv/channel_mgmt.o
  CC      drivers/of/property.o
  CC      drivers/hv/ring_buffer.o
  CC      drivers/hv/hv_trace.o
  CC      drivers/hv/hv_common.o
  CC      drivers/of/fdt.o
  AS      drivers/of/empty_root.dtb.o
  CC      drivers/of/fdt_address.o
  CC      drivers/of/address.o
  CC      drivers/of/irq.o
  AR      drivers/hv/built-in.a
  CC      drivers/of/of_reserved_mem.o
  AR      drivers/of/built-in.a
  AR      drivers/built-in.a
  AR      built-in.a
  AR      vmlinux.a
  LD      vmlinux.o
  MODPOST vmlinux.symvers
  CC      .vmlinux.export.o
  UPD     include/generated/utsversion.h
  CC      init/version-timestamp.o
  KSYMS   .tmp_vmlinux0.kallsyms.S
  AS      .tmp_vmlinux0.kallsyms.o
  LD      .tmp_vmlinux1
  NM      .tmp_vmlinux1.syms
  KSYMS   .tmp_vmlinux1.kallsyms.S
  AS      .tmp_vmlinux1.kallsyms.o
  LD      .tmp_vmlinux2
  NM      .tmp_vmlinux2.syms
  KSYMS   .tmp_vmlinux2.kallsyms.S
  AS      .tmp_vmlinux2.kallsyms.o
  LD      vmlinux.unstripped
  NM      System.map
  SORTTAB vmlinux.unstripped
  OBJCOPY vmlinux
  GEN     modules.builtin.modinfo
  GEN     modules.builtin
  OBJCOPY arch/arm64/boot/Image
make[5]: Leaving directory '/mnt/git-volume/kernel-test-stable-rc/build/rand500config-arm64'
make[4]: Leaving directory '/mnt/git-volume/linux-stable-rc'
